Retrieving the matrix from '../data/bcsstk27.mtx'...
Real Matrix (Strong Scaling): Rows=1224 | Cols=1224 | NNZ=28675 | Procs=4
Matrix distributed and converted to CSR
Ghost columns identified: 5395 total ghost values needed
Local vector initialized (size=306 per process)
[RESULT] 0,4,0,0.000050306,0.000025749,7317,5395,14634
[RESULT] 0,4,1,0.000043154,0.000019073,7317,5395,14634
[RESULT] 0,4,2,0.000045061,0.000021219,7317,5395,14634
[RESULT] 0,4,3,0.000043869,0.000020027,7317,5395,14634
[RESULT] 0,4,4,0.000044346,0.000020504,7317,5395,14634
[RESULT] 0,4,5,0.000044346,0.000020504,7317,5395,14634
[RESULT] 1,4,0,0.000049353,0.000025988,7016,5098,14032
[RESULT] 1,4,1,0.000042439,0.000019789,7016,5098,14032
[RESULT] 1,4,2,0.000043154,0.000020027,7016,5098,14032
[RESULT] 1,4,3,0.000042915,0.000020266,7016,5098,14032
[RESULT] 1,4,4,0.000042677,0.000020027,7016,5098,14032
[RESULT] 2,4,0,0.000049591,0.000023127,7307,5390,14614
[RESULT] 2,4,1,0.000040531,0.000016451,7307,5390,14614
[RESULT] 2,4,2,0.000039816,0.000015974,7307,5390,14614
[RESULT] 2,4,3,0.000040293,0.000016451,7307,5390,14614
[RESULT] 2,4,4,0.000040054,0.000016451,7307,5390,14614
[RESULT] 2,4,5,0.000040293,0.000016689,7307,5390,14614
[RESULT] 2,4,6,0.000040293,0.000016689,7307,5390,14614
[RESULT] 3,4,0,0.000047684,0.000022888,7035,5115,14070
[RESULT] 3,4,1,0.000039577,0.000016928,7035,5115,14070
[RESULT] 3,4,2,0.000041008,0.000018597,7035,5115,14070
[RESULT] 3,4,3,0.000041008,0.000018358,7035,5115,14070
[RESULT] 3,4,4,0.000040531,0.000017881,7035,5115,14070
[RESULT] 3,4,5,0.000041008,0.000018597,7035,5115,14070
[RESULT] 3,4,6,0.000041485,0.000018835,7035,5115,14070
[RESULT] 3,4,7,0.000041008,0.000018358,7035,5115,14070
[RESULT] 3,4,8,0.000041246,0.000018597,7035,5115,14070
[RESULT] 3,4,9,0.000041008,0.000018358,7035,5115,14070
[RESULT] 0,4,6,0.000044823,0.000020981,7317,5395,14634
[RESULT] 0,4,7,0.000044107,0.000020266,7317,5395,14634
[RESULT] 0,4,8,0.000044107,0.000020027,7317,5395,14634
[RESULT] 0,4,9,0.000043869,0.000020266,7317,5395,14634

Benchmark Summary
Processes: 4
Iterations: 10
Matrix NNZ: 28675
Total execution time: 0.014 seconds
[RESULT] 1,4,5,0.000043392,0.000020742,7016,5098,14032
[RESULT] 1,4,6,0.000043869,0.000021219,7016,5098,14032
[RESULT] 1,4,7,0.000042915,0.000020027,7016,5098,14032
[RESULT] 1,4,8,0.000042915,0.000020504,7016,5098,14032
[RESULT] 1,4,9,0.000043392,0.000020742,7016,5098,14032
[RESULT] 2,4,7,0.000039816,0.000016212,7307,5390,14614
[RESULT] 2,4,8,0.000040293,0.000016451,7307,5390,14614
[RESULT] 2,4,9,0.000040293,0.000016451,7307,5390,14614
