Retrieving the matrix from '../data/tmt_sym.mtx'...
Real Matrix (Strong Scaling): Rows=726713 | Cols=726713 | NNZ=2903837 | Procs=2
Matrix distributed and converted to CSR
Ghost columns identified: 725992 total ghost values needed
Local vector initialized (size=363357 per process)
[RESULT] 1,2,0,0.015520573,0.003778696,1451661,725736,2903322
[RESULT] 1,2,1,0.015479565,0.003790140,1451661,725736,2903322
[RESULT] 1,2,2,0.015440941,0.003784180,1451661,725736,2903322
[RESULT] 1,2,3,0.015468121,0.003772736,1451661,725736,2903322
[RESULT] 1,2,4,0.015407324,0.003757238,1451661,725736,2903322
[RESULT] 1,2,5,0.015333176,0.003736496,1451661,725736,2903322
[RESULT] 1,2,6,0.015395641,0.003761053,1451661,725736,2903322
[RESULT] 1,2,7,0.015401363,0.003738165,1451661,725736,2903322
[RESULT] 1,2,8,0.015394449,0.003754616,1451661,725736,2903322
[RESULT] 1,2,9,0.015364647,0.003731012,1451661,725736,2903322
[RESULT] 0,2,0,0.015604496,0.003787518,1452176,725992,2904352
[RESULT] 0,2,1,0.015583038,0.003797531,1452176,725992,2904352
[RESULT] 0,2,2,0.015553474,0.003791571,1452176,725992,2904352
[RESULT] 0,2,3,0.015521765,0.003780127,1452176,725992,2904352
[RESULT] 0,2,4,0.015523434,0.003764153,1452176,725992,2904352
[RESULT] 0,2,5,0.015506506,0.003743410,1452176,725992,2904352
[RESULT] 0,2,6,0.015485048,0.003767967,1452176,725992,2904352
[RESULT] 0,2,7,0.015468597,0.003744602,1452176,725992,2904352
[RESULT] 0,2,8,0.015516520,0.003761530,1452176,725992,2904352
[RESULT] 0,2,9,0.015485048,0.003737926,1452176,725992,2904352

Benchmark Summary
Processes: 2
Iterations: 10
Matrix NNZ: 2903837
Total execution time: 1.685 seconds
