Retrieving the matrix from '../data/bcsstk27.mtx'...
Real Matrix (Strong Scaling): Rows=1224 | Cols=1224 | NNZ=28675 | Procs=128
Matrix distributed and converted to CSR
Ghost columns identified: 205 total ghost values needed
Local vector initialized (size=10 per process)
[RESULT] 104,128,0,0.381019592,0.381011724,216,207,432
[RESULT] 104,128,1,0.382998705,0.382991076,216,207,432
[RESULT] 104,128,2,0.384017229,0.384009838,216,207,432
[RESULT] 104,128,3,0.256006956,0.256000996,216,207,432
[RESULT] 104,128,4,0.259011030,0.259004354,216,207,432
[RESULT] 104,128,5,0.384022236,0.384014845,216,207,432
[RESULT] 104,128,6,0.259035110,0.259028196,216,207,432
[RESULT] 104,128,7,0.384027004,0.384019852,216,207,432
[RESULT] 104,128,8,0.256022692,0.256016731,216,207,432
[RESULT] 104,128,9,0.258328676,0.258322239,216,207,432
[RESULT] 105,128,0,0.496035814,0.496027708,225,216,450
[RESULT] 105,128,1,0.472018003,0.472011328,225,216,450
[RESULT] 105,128,2,0.390013218,0.390006781,225,216,450
[RESULT] 105,128,3,0.512025833,0.512019396,225,216,450
[RESULT] 105,128,4,0.385021210,0.385013580,225,216,450
[RESULT] 105,128,5,0.259016514,0.259010077,225,216,450
[RESULT] 105,128,6,0.262106419,0.262100458,225,216,450
[RESULT] 105,128,7,0.256023884,0.256016731,225,216,450
[RESULT] 105,128,8,0.253831148,0.253823519,225,216,450
[RESULT] 105,128,9,0.126057386,0.126045942,225,216,450
[RESULT] 83,128,0,0.128107309,0.128103018,205,196,410
[RESULT] 83,128,1,0.128098965,0.128095150,205,196,410
[RESULT] 83,128,2,0.128088474,0.128084660,205,196,410
[RESULT] 83,128,3,0.256025553,0.256021976,205,196,410
[RESULT] 83,128,4,0.256021976,0.256018639,205,196,410
[RESULT] 83,128,5,0.256019831,0.256016254,205,196,410
[RESULT] 83,128,6,0.384015799,0.384012699,205,196,410
[RESULT] 83,128,7,0.384015799,0.384012938,205,196,410
[RESULT] 83,128,8,0.255030870,0.255027056,205,196,410
[RESULT] 83,128,9,0.256030798,0.256027222,205,196,410
[RESULT] 100,128,0,0.385035276,0.385028124,228,219,456
[RESULT] 100,128,1,0.384032488,0.384025812,228,219,456
[RESULT] 100,128,2,0.384115934,0.384104967,228,219,456
[RESULT] 100,128,3,0.257097960,0.257091522,228,219,456
[RESULT] 100,128,4,0.127103090,0.127095699,228,219,456
[RESULT] 100,128,5,0.256102324,0.256095648,228,219,456
[RESULT] 100,128,6,0.255022764,0.255016088,228,219,456
[RESULT] 100,128,7,0.384031057,0.384024143,228,219,456
[RESULT] 100,128,8,0.256026030,0.256018877,228,219,456
[RESULT] 100,128,9,0.258326054,0.258317471,228,219,456
[RESULT] 89,128,0,0.259058237,0.259048462,219,210,438
[RESULT] 89,128,1,0.123028994,0.123020649,219,210,438
[RESULT] 89,128,2,0.130028248,0.130023003,219,210,438
[RESULT] 89,128,3,0.384014368,0.384009361,219,210,438
[RESULT] 89,128,4,0.289013147,0.289008617,219,210,438
[RESULT] 89,128,5,0.257014275,0.257009268,219,210,438
[RESULT] 89,128,6,0.262018681,0.262013912,219,210,438
[RESULT] 89,128,7,0.384014845,0.384010792,219,210,438
[RESULT] 89,128,8,0.254102707,0.254097939,219,210,438
[RESULT] 89,128,9,0.134147644,0.134140491,219,210,438
[RESULT] 116,128,0,0.257025480,0.257019520,218,209,436
[RESULT] 116,128,1,0.256022692,0.256016731,218,209,436
[RESULT] 116,128,2,0.256024599,0.256018639,218,209,436
[RESULT] 116,128,3,0.131496191,0.131490469,218,209,436
[RESULT] 116,128,4,0.255012035,0.255006313,218,209,436
[RESULT] 116,128,5,0.256027460,0.256021976,218,209,436
[RESULT] 116,128,6,0.255014896,0.255009174,218,209,436
[RESULT] 116,128,7,0.256032467,0.256026268,218,209,436
[RESULT] 116,128,8,0.128037453,0.128031492,218,209,436
[RESULT] 116,128,9,0.256035566,0.256028414,218,209,436
[RESULT] 111,128,0,0.256024361,0.256020308,211,202,422
[RESULT] 111,128,1,0.256009340,0.256006241,211,202,422
[RESULT] 111,128,2,0.256026745,0.256023884,211,202,422
[RESULT] 111,128,3,0.256017685,0.256014347,211,202,422
[RESULT] 111,128,4,0.129464626,0.129461765,211,202,422
[RESULT] 111,128,5,0.128031492,0.128028154,211,202,422
[RESULT] 111,128,6,0.256016970,0.256013870,211,202,422
[RESULT] 111,128,7,0.128036499,0.128032923,211,202,422
[RESULT] 111,128,8,0.256016016,0.256013155,211,202,422
[RESULT] 111,128,9,0.128026485,0.128022671,211,202,422
[RESULT] 85,128,0,0.263041019,0.263034582,201,192,402
[RESULT] 85,128,1,0.131028414,0.131022930,201,192,402
[RESULT] 85,128,2,0.130030870,0.130023479,201,192,402
[RESULT] 85,128,3,0.384020329,0.384014845,201,192,402
[RESULT] 85,128,4,0.261029243,0.261024237,201,192,402
[RESULT] 85,128,5,0.256026268,0.256020069,201,192,402
[RESULT] 85,128,6,0.254011869,0.254006863,201,192,402
[RESULT] 85,128,7,0.256029367,0.256024599,201,192,402
[RESULT] 85,128,8,0.258023739,0.258018255,201,192,402
[RESULT] 85,128,9,0.261050940,0.261044979,201,192,402
[RESULT] 94,128,0,0.128067970,0.128057718,214,205,428
[RESULT] 94,128,1,0.128061056,0.128049850,214,205,428
[RESULT] 94,128,2,0.128172636,0.128163338,214,205,428
[RESULT] 94,128,3,0.256012440,0.256003857,214,205,428
[RESULT] 94,128,4,0.256049156,0.256039143,214,205,428
[RESULT] 94,128,5,0.256049633,0.256041765,214,205,428
[RESULT] 94,128,6,0.128183126,0.128173113,214,205,428
[RESULT] 94,128,7,0.384961367,0.384955168,214,205,428
[RESULT] 94,128,8,0.260178089,0.260170221,214,205,428
[RESULT] 94,128,9,0.384034634,0.384025097,214,205,428
[RESULT] 110,128,0,0.256040573,0.256034374,210,201,420
[RESULT] 110,128,1,0.256044865,0.256038904,210,201,420
[RESULT] 110,128,2,0.256040335,0.256033659,210,201,420
[RESULT] 110,128,3,0.256170750,0.256165266,210,201,420
[RESULT] 110,128,4,0.256158113,0.256152868,210,201,420
[RESULT] 110,128,5,0.256047964,0.256042004,210,201,420
[RESULT] 110,128,6,0.256041527,0.256035328,210,201,420
[RESULT] 110,128,7,0.384059191,0.384052992,210,201,420
[RESULT] 110,128,8,0.384010792,0.384004831,210,201,420
[RESULT] 110,128,9,0.384058237,0.384052515,210,201,420
[RESULT] 87,128,0,0.128107786,0.128103018,207,198,414
[RESULT] 87,128,1,0.132106781,0.132103443,207,198,414
[RESULT] 87,128,2,0.128103018,0.128099442,207,198,414
[RESULT] 87,128,3,0.256026745,0.256023407,207,198,414
[RESULT] 87,128,4,0.256021976,0.256018877,207,198,414
[RESULT] 87,128,5,0.256017447,0.256014347,207,198,414
[RESULT] 87,128,6,0.256035328,0.256032228,207,198,414
[RESULT] 87,128,7,0.256029844,0.256026506,207,198,414
[RESULT] 87,128,8,0.252038240,0.252034426,207,198,414
[RESULT] 87,128,9,0.256031275,0.256028175,207,198,414
[RESULT] 1,128,0,0.632328033,0.632323027,211,201,422
[RESULT] 1,128,1,0.521904469,0.521898746,211,201,422
[RESULT] 1,128,2,0.634989977,0.634985209,211,201,422
[RESULT] 1,128,3,0.636993408,0.636988401,211,201,422
[RESULT] 1,128,4,0.651988745,0.651984453,211,201,422
[RESULT] 1,128,5,0.510195017,0.510189295,211,201,422
[RESULT] 1,128,6,0.505012274,0.505006075,211,201,422
[RESULT] 1,128,7,0.511996031,0.511990547,211,201,422
[RESULT] 1,128,8,0.516048908,0.516042709,211,201,422
[RESULT] 1,128,9,0.395139217,0.395132303,211,201,422
[RESULT] 102,128,0,0.256047249,0.256038189,212,203,424
[RESULT] 102,128,1,0.256053209,0.256043911,212,203,424
[RESULT] 102,128,2,0.256052017,0.256042242,212,203,424
[RESULT] 102,128,3,0.256061554,0.256051779,212,203,424
[RESULT] 102,128,4,0.256055593,0.256047010,212,203,424
[RESULT] 102,128,5,0.256047487,0.256039143,212,203,424
[RESULT] 102,128,6,0.256048918,0.256040573,212,203,424
[RESULT] 102,128,7,0.388058186,0.388050079,212,203,424
[RESULT] 102,128,8,0.511050463,0.511041403,212,203,424
[RESULT] 102,128,9,0.384067774,0.384060383,212,203,424
[RESULT] 91,128,0,0.128041267,0.128037214,215,206,430
[RESULT] 91,128,1,0.128040791,0.128037453,215,206,430
[RESULT] 91,128,2,0.128038168,0.128035069,215,206,430
[RESULT] 91,128,3,0.256021261,0.256017923,215,206,430
[RESULT] 91,128,4,0.256013155,0.256010771,215,206,430
[RESULT] 91,128,5,0.256016970,0.256013870,215,206,430
[RESULT] 91,128,6,0.256035089,0.256031990,215,206,430
[RESULT] 91,128,7,0.256029129,0.256025791,215,206,430
[RESULT] 91,128,8,0.252010345,0.252007246,215,206,430
[RESULT] 91,128,9,0.256035805,0.256032228,215,206,430
[RESULT] 98,128,0,0.384044886,0.384037256,230,221,460
[RESULT] 98,128,1,0.384036064,0.384029388,230,221,460
[RESULT] 98,128,2,0.384010077,0.384002686,230,221,460
[RESULT] 98,128,3,0.384045601,0.384038210,230,221,460
[RESULT] 98,128,4,0.384038210,0.384032249,230,221,460
[RESULT] 98,128,5,0.384040356,0.384032488,230,221,460
[RESULT] 98,128,6,0.384033680,0.384027958,230,221,460
[RESULT] 98,128,7,0.508166313,0.508160114,230,221,460
[RESULT] 98,128,8,0.511034012,0.511027098,230,221,460
[RESULT] 98,128,9,0.512070894,0.512064219,230,221,460
[RESULT] 96,128,0,0.385102987,0.385093451,218,209,436
[RESULT] 96,128,1,0.384070873,0.384064913,218,209,436
[RESULT] 96,128,2,0.384102106,0.384096622,218,209,436
[RESULT] 96,128,3,0.257093906,0.257088423,218,209,436
[RESULT] 96,128,4,0.255020618,0.255014420,218,209,436
[RESULT] 96,128,5,0.384033442,0.384027481,218,209,436
[RESULT] 96,128,6,0.383014917,0.383008242,218,209,436
[RESULT] 96,128,7,0.388031483,0.388026476,218,209,436
[RESULT] 96,128,8,0.380016804,0.380010366,218,209,436
[RESULT] 96,128,9,0.384036779,0.384030104,218,209,436
[RESULT] 4,128,0,0.513035536,0.513029575,235,225,470
[RESULT] 4,128,1,0.512026310,0.512020588,235,225,470
[RESULT] 4,128,2,0.512037516,0.512032747,235,225,470
[RESULT] 4,128,3,0.509020567,0.509016514,235,225,470
[RESULT] 4,128,4,0.511012316,0.511007309,235,225,470
[RESULT] 4,128,5,0.513036013,0.513031483,235,225,470
[RESULT] 4,128,6,0.512031794,0.512027264,235,225,470
[RESULT] 4,128,7,0.510033369,0.510027885,235,225,470
[RESULT] 4,128,8,0.516031981,0.516027212,235,225,470
[RESULT] 4,128,9,0.512160540,0.512148857,235,225,470
[RESULT] 108,128,0,0.257042408,0.257020950,226,217,452
[RESULT] 108,128,1,0.256026268,0.256020784,226,217,452
[RESULT] 108,128,2,0.255031586,0.255025387,226,217,452
[RESULT] 108,128,3,0.128038645,0.128031731,226,217,452
[RESULT] 108,128,4,0.127032280,0.127026081,226,217,452
[RESULT] 108,128,5,0.256029844,0.256023407,226,217,452
[RESULT] 108,128,6,0.255023479,0.255017042,226,217,452
[RESULT] 108,128,7,0.256037474,0.256031036,226,217,452
[RESULT] 108,128,8,0.256021500,0.256015301,226,217,452
[RESULT] 108,128,9,0.256014347,0.256008625,226,217,452
[RESULT] 109,128,0,0.347043037,0.347037315,201,192,402
[RESULT] 109,128,1,0.342020035,0.342015982,201,192,402
[RESULT] 109,128,2,0.264019966,0.264014959,201,192,402
[RESULT] 109,128,3,0.384020090,0.384015322,201,192,402
[RESULT] 109,128,4,0.389017344,0.389012098,201,192,402
[RESULT] 109,128,5,0.129874706,0.129869938,201,192,402
[RESULT] 109,128,6,0.262026548,0.262021542,201,192,402
[RESULT] 109,128,7,0.256019354,0.256013393,201,192,402
[RESULT] 109,128,8,0.257054090,0.257048130,201,192,402
[RESULT] 109,128,9,0.130041838,0.130034447,201,192,402
[RESULT] 95,128,0,0.128111362,0.128107548,209,200,418
[RESULT] 95,128,1,0.128108978,0.128105640,209,200,418
[RESULT] 95,128,2,0.128106356,0.128102779,209,200,418
[RESULT] 95,128,3,0.256012917,0.256009817,209,200,418
[RESULT] 95,128,4,0.260013342,0.260010481,209,200,418
[RESULT] 95,128,5,0.256017208,0.256013870,209,200,418
[RESULT] 95,128,6,0.252104759,0.252101660,209,200,418
[RESULT] 95,128,7,0.256031990,0.256029129,209,200,418
[RESULT] 95,128,8,0.256097078,0.256094217,209,200,418
[RESULT] 95,128,9,0.256036758,0.256032944,209,200,418
[RESULT] 93,128,0,0.267052412,0.267046452,205,196,410
[RESULT] 93,128,1,0.131025791,0.131019831,205,196,410
[RESULT] 93,128,2,0.130020380,0.130014658,205,196,410
[RESULT] 93,128,3,0.256006479,0.256000996,205,196,410
[RESULT] 93,128,4,0.255540371,0.255022526,205,196,410
[RESULT] 93,128,5,0.251023531,0.251017809,205,196,410
[RESULT] 93,128,6,0.127033234,0.127025843,205,196,410
[RESULT] 93,128,7,0.256032228,0.256026983,205,196,410
[RESULT] 93,128,8,0.258038044,0.258032799,205,196,410
[RESULT] 93,128,9,0.130060673,0.130053520,205,196,410
[RESULT] 115,128,0,0.384018660,0.384014606,209,200,418
[RESULT] 115,128,1,0.384017944,0.384014845,209,200,418
[RESULT] 115,128,2,0.384017229,0.384014368,209,200,418
[RESULT] 115,128,3,0.256028652,0.256025791,209,200,418
[RESULT] 115,128,4,0.252029419,0.252026558,209,200,418
[RESULT] 115,128,5,0.256019115,0.256016731,209,200,418
[RESULT] 115,128,6,0.388014317,0.388011694,209,200,418
[RESULT] 115,128,7,0.256016493,0.256013632,209,200,418
[RESULT] 115,128,8,0.256023645,0.256021023,209,200,418
[RESULT] 115,128,9,0.256037474,0.256033897,209,200,418
[RESULT] 84,128,0,0.257036924,0.257028103,214,205,428
[RESULT] 84,128,1,0.256029367,0.256021261,214,205,428
[RESULT] 84,128,2,0.256027699,0.256018400,214,205,428
[RESULT] 84,128,3,0.128009796,0.128003597,214,205,428
[RESULT] 84,128,4,0.127012491,0.127006292,214,205,428
[RESULT] 84,128,5,0.128033638,0.128026485,214,205,428
[RESULT] 84,128,6,0.127031326,0.127024174,214,205,428
[RESULT] 84,128,7,0.256023169,0.256016970,214,205,428
[RESULT] 84,128,8,0.128010988,0.128004313,214,205,428
[RESULT] 84,128,9,0.256043196,0.256037235,214,205,428
[RESULT] 82,128,0,0.384012938,0.384005547,218,209,436
[RESULT] 82,128,1,0.384007454,0.384001017,218,209,436
[RESULT] 82,128,2,0.384014368,0.384008884,218,209,436
[RESULT] 82,128,3,0.384039402,0.384032488,218,209,436
[RESULT] 82,128,4,0.384037018,0.384030581,218,209,436
[RESULT] 82,128,5,0.384008169,0.384001493,218,209,436
[RESULT] 82,128,6,0.384008646,0.384002686,218,209,436
[RESULT] 82,128,7,0.512053728,0.512046576,218,209,436
[RESULT] 82,128,8,0.383035183,0.383028746,218,209,436
[RESULT] 82,128,9,0.512008190,0.512002230,218,209,436
[RESULT] 75,128,0,0.384016991,0.384013891,201,192,402
[RESULT] 75,128,1,0.384014368,0.384011984,201,192,402
[RESULT] 75,128,2,0.384014130,0.384011745,201,192,402
[RESULT] 75,128,3,0.384016991,0.384014368,201,192,402
[RESULT] 75,128,4,0.384014130,0.384011745,201,192,402
[RESULT] 75,128,5,0.384023666,0.384021044,201,192,402
[RESULT] 75,128,6,0.512016535,0.512013912,201,192,402
[RESULT] 75,128,7,0.384027958,0.384025335,201,192,402
[RESULT] 75,128,8,0.384022713,0.384020329,201,192,402
[RESULT] 75,128,9,0.385021925,0.385018826,201,192,402
[RESULT] 117,128,0,0.263011456,0.263004541,205,196,410
[RESULT] 117,128,1,0.255022526,0.255016565,205,196,410
[RESULT] 117,128,2,0.252022505,0.252016783,205,196,410
[RESULT] 117,128,3,0.384021759,0.384016752,205,196,410
[RESULT] 117,128,4,0.381021738,0.381016254,205,196,410
[RESULT] 117,128,5,0.129029036,0.129023790,205,196,410
[RESULT] 117,128,6,0.252924442,0.252918482,205,196,410
[RESULT] 117,128,7,0.128011465,0.128006697,205,196,410
[RESULT] 117,128,8,0.129076719,0.129071474,205,196,410
[RESULT] 117,128,9,0.000200748,0.000195265,205,196,410
[RESULT] 5,128,0,0.640166044,0.640156269,223,213,446
[RESULT] 5,128,1,0.524023056,0.524016142,223,213,446
[RESULT] 5,128,2,0.512143135,0.512133598,223,213,446
[RESULT] 5,128,3,0.641019583,0.641014576,223,213,446
[RESULT] 5,128,4,0.655013561,0.655006886,223,213,446
[RESULT] 5,128,5,0.501036167,0.501030207,223,213,446
[RESULT] 5,128,6,0.379523277,0.379517317,223,213,446
[RESULT] 5,128,7,0.256036520,0.256030560,223,213,446
[RESULT] 5,128,8,0.516075611,0.516066790,223,213,446
[RESULT] 5,128,9,0.395080328,0.395072222,223,213,446
[RESULT] 86,128,0,0.256044626,0.256038666,210,201,420
[RESULT] 86,128,1,0.256020069,0.256012201,210,201,420
[RESULT] 86,128,2,0.256049156,0.256041288,210,201,420
[RESULT] 86,128,3,0.384032488,0.384026051,210,201,420
[RESULT] 86,128,4,0.384041548,0.384035110,210,201,420
[RESULT] 86,128,5,0.256147861,0.256141424,210,201,420
[RESULT] 86,128,6,0.256046534,0.256040573,210,201,420
[RESULT] 86,128,7,0.512040377,0.512033939,210,201,420
[RESULT] 86,128,8,0.383016586,0.383009195,210,201,420
[RESULT] 86,128,9,0.512014389,0.512007713,210,201,420
[RESULT] 119,128,0,0.384014368,0.384011507,201,192,402
[RESULT] 119,128,1,0.384015560,0.384013176,201,192,402
[RESULT] 119,128,2,0.384011269,0.384008884,201,192,402
[RESULT] 119,128,3,0.256026745,0.256024599,201,192,402
[RESULT] 119,128,4,0.256022215,0.256020069,201,192,402
[RESULT] 119,128,5,0.256009340,0.256007195,201,192,402
[RESULT] 119,128,6,0.256034613,0.256031990,201,192,402
[RESULT] 119,128,7,0.256016731,0.256014109,201,192,402
[RESULT] 119,128,8,0.260024548,0.260022163,201,192,402
[RESULT] 119,128,9,0.256045341,0.256042480,201,192,402
[RESULT] 112,128,0,0.385013342,0.385008574,220,211,440
[RESULT] 112,128,1,0.384019613,0.384013176,220,211,440
[RESULT] 112,128,2,0.384026766,0.384022236,220,211,440
[RESULT] 112,128,3,0.252023935,0.252018452,220,211,440
[RESULT] 112,128,4,0.255033970,0.255028486,220,211,440
[RESULT] 112,128,5,0.384018660,0.384014606,220,211,440
[RESULT] 112,128,6,0.383017063,0.383013010,220,211,440
[RESULT] 112,128,7,0.384020805,0.384016991,220,211,440
[RESULT] 112,128,8,0.256022215,0.256017685,220,211,440
[RESULT] 112,128,9,0.384040594,0.384035110,220,211,440
[RESULT] 126,128,0,0.256036758,0.256027699,224,215,448
[RESULT] 126,128,1,0.256038666,0.256030321,224,215,448
[RESULT] 126,128,2,0.256049633,0.256040812,224,215,448
[RESULT] 126,128,3,0.256067038,0.256059170,224,215,448
[RESULT] 126,128,4,0.256069660,0.256061554,224,215,448
[RESULT] 126,128,5,0.252050638,0.252040386,224,215,448
[RESULT] 126,128,6,0.256044388,0.256035328,224,215,448
[RESULT] 126,128,7,0.383062363,0.383054495,224,215,448
[RESULT] 126,128,8,0.384046555,0.384037495,224,215,448
[RESULT] 126,128,9,0.384096622,0.384088039,224,215,448
[RESULT] 107,128,0,0.384019136,0.384016037,217,208,434
[RESULT] 107,128,1,0.384016275,0.384013653,217,208,434
[RESULT] 107,128,2,0.384021759,0.384019136,217,208,434
[RESULT] 107,128,3,0.256008863,0.256005526,217,208,434
[RESULT] 107,128,4,0.256020784,0.256017923,217,208,434
[RESULT] 107,128,5,0.256018162,0.256015539,217,208,434
[RESULT] 107,128,6,0.384016991,0.384013891,217,208,434
[RESULT] 107,128,7,0.256023407,0.256020308,217,208,434
[RESULT] 107,128,8,0.260020018,0.260017157,217,208,434
[RESULT] 107,128,9,0.256047964,0.256044626,217,208,434
[RESULT] 120,128,0,0.257019758,0.257014036,210,201,420
[RESULT] 120,128,1,0.256015778,0.256009817,210,201,420
[RESULT] 120,128,2,0.256015301,0.256010532,210,201,420
[RESULT] 120,128,3,0.132032633,0.132027149,210,201,420
[RESULT] 120,128,4,0.255026102,0.255020380,210,201,420
[RESULT] 120,128,5,0.384003878,0.383999109,210,201,420
[RESULT] 120,128,6,0.255049467,0.255043507,210,201,420
[RESULT] 120,128,7,0.384027243,0.384022236,210,201,420
[RESULT] 120,128,8,0.256023884,0.256019831,210,201,420
[RESULT] 120,128,9,0.384049177,0.384043217,210,201,420
[RESULT] 77,128,0,0.259018421,0.259009123,211,202,422
[RESULT] 77,128,1,0.270027637,0.270020485,211,202,422
[RESULT] 77,128,2,0.400020123,0.400013208,211,202,422
[RESULT] 77,128,3,0.256028891,0.256019115,211,202,422
[RESULT] 77,128,4,0.265030384,0.265022993,211,202,422
[RESULT] 77,128,5,0.400014400,0.400008202,211,202,422
[RESULT] 77,128,6,0.380019665,0.380013704,211,202,422
[RESULT] 77,128,7,0.256033182,0.256025791,211,202,422
[RESULT] 77,128,8,0.258028746,0.258020878,211,202,422
[RESULT] 77,128,9,0.261065006,0.261056662,211,202,422
[RESULT] 3,128,0,0.512008667,0.512005329,225,215,450
[RESULT] 3,128,1,0.512003422,0.512000799,225,215,450
[RESULT] 3,128,2,0.512011766,0.512008667,225,215,450
[RESULT] 3,128,3,0.512016535,0.512013674,225,215,450
[RESULT] 3,128,4,0.512014151,0.512011290,225,215,450
[RESULT] 3,128,5,0.512009859,0.512006998,225,215,450
[RESULT] 3,128,6,0.639010906,0.639007568,225,215,450
[RESULT] 3,128,7,0.511993408,0.511990309,225,215,450
[RESULT] 3,128,8,0.643998623,0.643994570,225,215,450
[RESULT] 3,128,9,0.512027740,0.512024164,225,215,450
[RESULT] 88,128,0,0.253022194,0.253014565,216,207,432
[RESULT] 88,128,1,0.256025076,0.256019354,216,207,432
[RESULT] 88,128,2,0.256025314,0.256018162,216,207,432
[RESULT] 88,128,3,0.128029585,0.128023386,216,207,432
[RESULT] 88,128,4,0.128031969,0.128025770,216,207,432
[RESULT] 88,128,5,0.128092527,0.128087044,216,207,432
[RESULT] 88,128,6,0.127030611,0.127024412,216,207,432
[RESULT] 88,128,7,0.256028414,0.256022453,216,207,432
[RESULT] 88,128,8,0.128009796,0.128004313,216,207,432
[RESULT] 88,128,9,0.256044149,0.256038427,216,207,432
[RESULT] 121,128,0,0.391032457,0.391028404,207,198,414
[RESULT] 121,128,1,0.386555195,0.386550426,207,198,414
[RESULT] 121,128,2,0.264019012,0.264014959,207,198,414
[RESULT] 121,128,3,0.384018898,0.384014368,207,198,414
[RESULT] 121,128,4,0.381021261,0.381017447,207,198,414
[RESULT] 121,128,5,0.259003878,0.259000063,207,198,414
[RESULT] 121,128,6,0.262026787,0.262022972,207,198,414
[RESULT] 121,128,7,0.127990723,0.127986431,207,198,414
[RESULT] 121,128,8,0.258029699,0.258024931,207,198,414
[RESULT] 121,128,9,0.119539976,0.119534254,207,198,414
[RESULT] 123,128,0,0.384012222,0.384009600,219,210,438
[RESULT] 123,128,1,0.384020805,0.384018660,219,210,438
[RESULT] 123,128,2,0.384022236,0.384019613,219,210,438
[RESULT] 123,128,3,0.256025553,0.256023407,219,210,438
[RESULT] 123,128,4,0.256023645,0.256021261,219,210,438
[RESULT] 123,128,5,0.256015778,0.256013393,219,210,438
[RESULT] 123,128,6,0.256030083,0.256027699,219,210,438
[RESULT] 123,128,7,0.256019354,0.256016970,219,210,438
[RESULT] 123,128,8,0.256029606,0.256026983,219,210,438
[RESULT] 123,128,9,0.256052017,0.256049395,219,210,438
[RESULT] 80,128,0,0.385017633,0.385012865,226,217,452
[RESULT] 80,128,1,0.384017229,0.384012461,226,217,452
[RESULT] 80,128,2,0.288022995,0.288017750,226,217,452
[RESULT] 80,128,3,0.128109455,0.128100634,226,217,452
[RESULT] 80,128,4,0.128109932,0.128103018,226,217,452
[RESULT] 80,128,5,0.259253740,0.259248972,226,217,452
[RESULT] 80,128,6,0.255036831,0.255015135,226,217,452
[RESULT] 80,128,7,0.384025335,0.384019852,226,217,452
[RESULT] 80,128,8,0.256020308,0.256015301,226,217,452
[RESULT] 80,128,9,0.384044886,0.384040117,226,217,452
[RESULT] 101,128,0,0.393894911,0.393887281,203,194,406
[RESULT] 101,128,1,0.407024860,0.407018185,203,194,406
[RESULT] 101,128,2,0.394023657,0.394017458,203,194,406
[RESULT] 101,128,3,0.384022951,0.384015799,203,194,406
[RESULT] 101,128,4,0.401478529,0.401471615,203,194,406
[RESULT] 101,128,5,0.259020329,0.259014130,203,194,406
[RESULT] 101,128,6,0.258104324,0.258098841,203,194,406
[RESULT] 101,128,7,0.256023884,0.256016970,203,194,406
[RESULT] 101,128,8,0.262037754,0.262030363,203,194,406
[RESULT] 101,128,9,0.134048462,0.134039164,203,194,406
[RESULT] 7,128,0,0.512017965,0.512015104,209,199,418
[RESULT] 7,128,1,0.512020826,0.512017965,209,199,418
[RESULT] 7,128,2,0.512022018,0.512019157,209,199,418
[RESULT] 7,128,3,0.512025118,0.512022257,209,199,418
[RESULT] 7,128,4,0.512025833,0.512022972,209,199,418
[RESULT] 7,128,5,0.512020588,0.512017250,209,199,418
[RESULT] 7,128,6,0.639021158,0.639018059,209,199,418
[RESULT] 7,128,7,0.512022257,0.512019157,209,199,418
[RESULT] 7,128,8,0.640025139,0.640021563,209,199,418
[RESULT] 7,128,9,0.512058496,0.512055635,209,199,418
[RESULT] 127,128,0,0.384018898,0.384015799,205,196,410
[RESULT] 127,128,1,0.384014606,0.384012222,205,196,410
[RESULT] 127,128,2,0.384016275,0.384013414,205,196,410
[RESULT] 127,128,3,0.256029606,0.256026983,205,196,410
[RESULT] 127,128,4,0.256025791,0.256023407,205,196,410
[RESULT] 127,128,5,0.256018162,0.256015778,205,196,410
[RESULT] 127,128,6,0.256095171,0.256092310,205,196,410
[RESULT] 127,128,7,0.256017447,0.256014824,205,196,410
[RESULT] 127,128,8,0.256225348,0.256222486,205,196,410
[RESULT] 127,128,9,0.256060839,0.256057501,205,196,410
[RESULT] 125,128,0,0.382031679,0.382025242,215,206,430
[RESULT] 125,128,1,0.379019022,0.379014969,215,206,430
[RESULT] 125,128,2,0.264016151,0.264011621,215,206,430
[RESULT] 125,128,3,0.384025574,0.384019375,215,206,430
[RESULT] 125,128,4,0.386016846,0.386010647,215,206,430
[RESULT] 125,128,5,0.126012564,0.126008272,215,206,430
[RESULT] 125,128,6,0.257022858,0.257017612,215,206,430
[RESULT] 125,128,7,0.128023148,0.128019094,215,206,430
[RESULT] 125,128,8,0.254121780,0.254116297,215,206,430
[RESULT] 125,128,9,0.128058672,0.128052235,215,206,430
[RESULT] 2,128,0,0.516023636,0.516016006,221,211,442
[RESULT] 2,128,1,0.508013010,0.508003950,221,211,442
[RESULT] 2,128,2,0.511028290,0.511018991,221,211,442
[RESULT] 2,128,3,0.511000633,0.510992527,221,211,442
[RESULT] 2,128,4,0.635931253,0.635922194,221,211,442
[RESULT] 2,128,5,0.512034655,0.512025356,221,211,442
[RESULT] 2,128,6,0.384030819,0.384022236,221,211,442
[RESULT] 2,128,7,0.638991117,0.638983727,221,211,442
[RESULT] 2,128,8,0.511139393,0.511131763,221,211,442
[RESULT] 2,128,9,0.640013933,0.640003681,221,211,442
[RESULT] 103,128,0,0.384015560,0.384012222,207,198,414
[RESULT] 103,128,1,0.384014606,0.384011507,207,198,414
[RESULT] 103,128,2,0.384018898,0.384016037,207,198,414
[RESULT] 103,128,3,0.256017208,0.256014109,207,198,414
[RESULT] 103,128,4,0.256016970,0.256013870,207,198,414
[RESULT] 103,128,5,0.256016970,0.256013870,207,198,414
[RESULT] 103,128,6,0.256026030,0.256023169,207,198,414
[RESULT] 103,128,7,0.256023169,0.256019831,207,198,414
[RESULT] 103,128,8,0.256021500,0.256018639,207,198,414
[RESULT] 103,128,9,0.256053686,0.256050587,207,198,414
[RESULT] 9,128,0,0.513041019,0.513032198,212,202,424
[RESULT] 9,128,1,0.512024641,0.512016773,212,202,424
[RESULT] 9,128,2,0.528031826,0.528025389,212,202,424
[RESULT] 9,128,3,0.517026424,0.517019033,212,202,424
[RESULT] 9,128,4,0.505280018,0.505273104,212,202,424
[RESULT] 9,128,5,0.501028776,0.501022339,212,202,424
[RESULT] 9,128,6,0.384030104,0.384022951,212,202,424
[RESULT] 9,128,7,0.256036043,0.256028891,212,202,424
[RESULT] 9,128,8,0.382043362,0.382036448,212,202,424
[RESULT] 9,128,9,0.381072998,0.381065130,212,202,424
[RESULT] 106,128,0,0.384041071,0.384032726,234,225,468
[RESULT] 106,128,1,0.384053707,0.384045124,234,225,468
[RESULT] 106,128,2,0.384050131,0.384042025,234,225,468
[RESULT] 106,128,3,0.384055138,0.384045839,234,225,468
[RESULT] 106,128,4,0.384037018,0.384028196,234,225,468
[RESULT] 106,128,5,0.384048939,0.384039402,234,225,468
[RESULT] 106,128,6,0.256057262,0.256048918,234,225,468
[RESULT] 106,128,7,0.511058807,0.511050224,234,225,468
[RESULT] 106,128,8,0.383052111,0.383043289,234,225,468
[RESULT] 106,128,9,0.512090921,0.512082815,234,225,468
[RESULT] 11,128,0,0.384027004,0.384022713,229,219,458
[RESULT] 11,128,1,0.384030342,0.384026527,229,219,458
[RESULT] 11,128,2,0.512017250,0.512014627,229,219,458
[RESULT] 11,128,3,0.512015820,0.512012959,229,219,458
[RESULT] 11,128,4,0.512026310,0.512023449,229,219,458
[RESULT] 11,128,5,0.384425879,0.384422541,229,219,458
[RESULT] 11,128,6,0.513393641,0.513390779,229,219,458
[RESULT] 11,128,7,0.386396408,0.386393070,229,219,458
[RESULT] 11,128,8,0.515387774,0.515385151,229,219,458
[RESULT] 11,128,9,0.512050629,0.512047052,229,219,458
[RESULT] 12,128,0,0.385034561,0.385027170,239,229,478
[RESULT] 12,128,1,0.384034157,0.384027004,239,229,478
[RESULT] 12,128,2,0.516054153,0.516046524,239,229,478
[RESULT] 12,128,3,0.385026217,0.385019064,239,229,478
[RESULT] 12,128,4,0.387033701,0.387027502,239,229,478
[RESULT] 12,128,5,0.513025045,0.513016939,239,229,478
[RESULT] 12,128,6,0.510020018,0.510013103,239,229,478
[RESULT] 12,128,7,0.516023636,0.516015291,239,229,478
[RESULT] 12,128,8,0.512025356,0.512017012,239,229,478
[RESULT] 12,128,9,0.512056828,0.512048244,239,229,478
[RESULT] 97,128,0,0.517045975,0.517040253,221,212,442
[RESULT] 97,128,1,0.528017282,0.528012037,221,212,442
[RESULT] 97,128,2,0.493340254,0.493334770,221,212,442
[RESULT] 97,128,3,0.517014980,0.517009020,221,212,442
[RESULT] 97,128,4,0.380092621,0.380084991,221,212,442
[RESULT] 97,128,5,0.258094549,0.258089542,221,212,442
[RESULT] 97,128,6,0.384018183,0.384012222,221,212,442
[RESULT] 97,128,7,0.256027937,0.256023169,221,212,442
[RESULT] 97,128,8,0.258094311,0.258089781,221,212,442
[RESULT] 97,128,9,0.248659134,0.248651743,221,212,442
[RESULT] 6,128,0,0.512046814,0.512038708,233,223,466
[RESULT] 6,128,1,0.512043476,0.512035131,233,223,466
[RESULT] 6,128,2,0.511049032,0.511039734,233,223,466
[RESULT] 6,128,3,0.511053562,0.511044741,233,223,466
[RESULT] 6,128,4,0.512057066,0.512046814,233,223,466
[RESULT] 6,128,5,0.385816097,0.385806322,233,223,466
[RESULT] 6,128,6,0.256184101,0.256177187,233,223,466
[RESULT] 6,128,7,0.384972095,0.384963989,233,223,466
[RESULT] 6,128,8,0.511173248,0.511165619,233,223,466
[RESULT] 6,128,9,0.640109777,0.640100241,233,223,466
[RESULT] 15,128,0,0.384029388,0.384026289,206,196,412
[RESULT] 15,128,1,0.384028196,0.384025812,206,196,412
[RESULT] 15,128,2,0.512014389,0.512012243,206,196,412
[RESULT] 15,128,3,0.512020111,0.512017727,206,196,412
[RESULT] 15,128,4,0.512021303,0.512018919,206,196,412
[RESULT] 15,128,5,0.509015560,0.509013176,206,196,412
[RESULT] 15,128,6,0.512026548,0.512024164,206,196,412
[RESULT] 15,128,7,0.384102583,0.384100199,206,196,412
[RESULT] 15,128,8,0.512027264,0.512025118,206,196,412
[RESULT] 15,128,9,0.512053967,0.512051344,206,196,412
[RESULT] 21,128,0,0.311057329,0.311049461,222,212,444
[RESULT] 21,128,1,0.508022547,0.508015633,222,212,444
[RESULT] 21,128,2,0.394029856,0.394023418,222,212,444
[RESULT] 21,128,3,0.644732952,0.644723654,222,212,444
[RESULT] 21,128,4,0.631024361,0.631017685,222,212,444
[RESULT] 21,128,5,0.384033918,0.384027481,222,212,444
[RESULT] 21,128,6,0.388025761,0.388019800,222,212,444
[RESULT] 21,128,7,0.256039619,0.256032467,222,212,444
[RESULT] 21,128,8,0.266034126,0.266011477,222,212,444
[RESULT] 21,128,9,0.256001711,0.252542019,222,212,444
[RESULT] 118,128,0,0.256006241,0.255997181,214,205,428
[RESULT] 118,128,1,0.256047249,0.256037712,214,205,428
[RESULT] 118,128,2,0.256057978,0.256047726,214,205,428
[RESULT] 118,128,3,0.256041050,0.256031036,214,205,428
[RESULT] 118,128,4,0.256047726,0.256037712,214,205,428
[RESULT] 118,128,5,0.128067255,0.128057957,214,205,428
[RESULT] 118,128,6,0.128045321,0.128036499,214,205,428
[RESULT] 118,128,7,0.383011818,0.383003950,214,205,428
[RESULT] 118,128,8,0.256055117,0.256045818,214,205,428
[RESULT] 118,128,9,0.384099960,0.384090900,214,205,428
[RESULT] 16,128,0,0.385031462,0.385025263,216,206,432
[RESULT] 16,128,1,0.384035349,0.384029388,216,206,432
[RESULT] 16,128,2,0.512015343,0.512009621,216,206,432
[RESULT] 16,128,3,0.385022163,0.385016441,216,206,432
[RESULT] 16,128,4,0.387027502,0.387021065,216,206,432
[RESULT] 16,128,5,0.513017416,0.513011932,216,206,432
[RESULT] 16,128,6,0.412028790,0.412022352,216,206,432
[RESULT] 16,128,7,0.384093046,0.384085894,216,206,432
[RESULT] 16,128,8,0.384031057,0.384025574,216,206,432
[RESULT] 16,128,9,0.512042284,0.512036562,216,206,432
[RESULT] 10,128,0,0.384057283,0.384048939,222,212,444
[RESULT] 10,128,1,0.384068489,0.384054899,222,212,444
[RESULT] 10,128,2,0.511047125,0.511038065,222,212,444
[RESULT] 10,128,3,0.515059948,0.515050888,222,212,444
[RESULT] 10,128,4,0.512020350,0.512012959,222,212,444
[RESULT] 10,128,5,0.384087086,0.384079695,222,212,444
[RESULT] 10,128,6,0.256072760,0.256064892,222,212,444
[RESULT] 10,128,7,0.384075403,0.384068251,222,212,444
[RESULT] 10,128,8,0.511071920,0.511063576,222,212,444
[RESULT] 10,128,9,0.640098333,0.640089750,222,212,444
[RESULT] 92,128,0,0.253020048,0.253013849,224,215,448
[RESULT] 92,128,1,0.256028891,0.256023169,224,215,448
[RESULT] 92,128,2,0.256026983,0.256020546,224,215,448
[RESULT] 92,128,3,0.128037691,0.128031492,224,215,448
[RESULT] 92,128,4,0.127048254,0.127042770,224,215,448
[RESULT] 92,128,5,0.128043652,0.128036976,224,215,448
[RESULT] 92,128,6,0.131024599,0.131018400,224,215,448
[RESULT] 92,128,7,0.256029367,0.256022215,224,215,448
[RESULT] 92,128,8,0.128009081,0.128002644,224,215,448
[RESULT] 92,128,9,0.256070614,0.256063223,224,215,448
[RESULT] 70,128,0,0.384045601,0.384040356,233,223,466
[RESULT] 70,128,1,0.384043694,0.384038448,233,223,466
[RESULT] 70,128,2,0.391048908,0.391043901,233,223,466
[RESULT] 70,128,3,0.512042522,0.512037516,233,223,466
[RESULT] 70,128,4,0.384053230,0.384048223,233,223,466
[RESULT] 70,128,5,0.512008905,0.512003183,233,223,466
[RESULT] 70,128,6,0.384033918,0.384027243,233,223,466
[RESULT] 70,128,7,0.643037081,0.643031120,233,223,466
[RESULT] 70,128,8,0.355172157,0.355165243,233,223,466
[RESULT] 70,128,9,0.512068272,0.512062311,233,223,466
[RESULT] 99,128,0,0.384019613,0.384016275,219,210,438
[RESULT] 99,128,1,0.384023666,0.384020567,219,210,438
[RESULT] 99,128,2,0.384015799,0.384012938,219,210,438
[RESULT] 99,128,3,0.384016514,0.384013414,219,210,438
[RESULT] 99,128,4,0.260081530,0.260077715,219,210,438
[RESULT] 99,128,5,0.256095171,0.256092072,219,210,438
[RESULT] 99,128,6,0.384040356,0.384037256,219,210,438
[RESULT] 99,128,7,0.384027004,0.384024143,219,210,438
[RESULT] 99,128,8,0.384027719,0.384024382,219,210,438
[RESULT] 99,128,9,0.384063244,0.384059906,219,210,438
[RESULT] 124,128,0,0.128026247,0.128016710,228,219,456
[RESULT] 124,128,1,0.128029108,0.128022432,228,219,456
[RESULT] 124,128,2,0.128033161,0.128025770,228,219,456
[RESULT] 124,128,3,0.128025293,0.128018379,228,219,456
[RESULT] 124,128,4,0.259022474,0.259015799,228,219,456
[RESULT] 124,128,5,0.256034374,0.256026983,228,219,456
[RESULT] 124,128,6,0.259044886,0.259036779,228,219,456
[RESULT] 124,128,7,0.384020567,0.384013414,228,219,456
[RESULT] 124,128,8,0.256028891,0.256022692,228,219,456
[RESULT] 124,128,9,0.384053469,0.384045839,228,219,456
[RESULT] 114,128,0,0.384035826,0.384027719,226,217,452
[RESULT] 114,128,1,0.384029865,0.384020567,226,217,452
[RESULT] 114,128,2,0.384035826,0.384027243,226,217,452
[RESULT] 114,128,3,0.384066582,0.384057522,226,217,452
[RESULT] 114,128,4,0.384049654,0.384040356,226,217,452
[RESULT] 114,128,5,0.256067991,0.256059647,226,217,452
[RESULT] 114,128,6,0.256039381,0.256030560,226,217,452
[RESULT] 114,128,7,0.384057999,0.384050608,226,217,452
[RESULT] 114,128,8,0.387047529,0.387038946,226,217,452
[RESULT] 114,128,9,0.512102127,0.512093306,226,217,452
[RESULT] 19,128,0,0.384041071,0.384037256,225,215,450
[RESULT] 19,128,1,0.384032249,0.384029388,225,215,450
[RESULT] 19,128,2,0.384030342,0.384026289,225,215,450
[RESULT] 19,128,3,0.512025595,0.512022495,225,215,450
[RESULT] 19,128,4,0.508020878,0.508018017,225,215,450
[RESULT] 19,128,5,0.509013653,0.509010553,225,215,450
[RESULT] 19,128,6,0.516022921,0.516020298,225,215,450
[RESULT] 19,128,7,0.508011580,0.508008957,225,215,450
[RESULT] 19,128,8,0.512037516,0.512034416,225,215,450
[RESULT] 19,128,9,0.512066841,0.512063265,225,215,450
[RESULT] 76,128,0,0.257026911,0.257021666,210,201,420
[RESULT] 76,128,1,0.256027937,0.256023884,210,201,420
[RESULT] 76,128,2,0.348020077,0.348015785,210,201,420
[RESULT] 76,128,3,0.128008604,0.128004551,210,201,420
[RESULT] 76,128,4,0.127013922,0.127009869,210,201,420
[RESULT] 76,128,5,0.256021738,0.256017685,210,201,420
[RESULT] 76,128,6,0.255022764,0.255018473,210,201,420
[RESULT] 76,128,7,0.384031296,0.384027243,210,201,420
[RESULT] 76,128,8,0.128033400,0.128025770,210,201,420
[RESULT] 76,128,9,0.384051561,0.384045601,210,201,420
[RESULT] 17,128,0,0.385048628,0.385041475,217,207,434
[RESULT] 17,128,1,0.572020531,0.572014570,217,207,434
[RESULT] 17,128,2,0.488018274,0.488012552,217,207,434
[RESULT] 17,128,3,0.645019531,0.645012140,217,207,434
[RESULT] 17,128,4,0.586020470,0.586014032,217,207,434
[RESULT] 17,128,5,0.389095783,0.389089346,217,207,434
[RESULT] 17,128,6,0.381031752,0.381025314,217,207,434
[RESULT] 17,128,7,0.256096363,0.256088972,217,207,434
[RESULT] 17,128,8,0.391025543,0.391019583,217,207,434
[RESULT] 17,128,9,0.379056931,0.379050016,217,207,434
[RESULT] 14,128,0,0.384059906,0.384051561,230,220,460
[RESULT] 14,128,1,0.388040066,0.388031006,230,220,460
[RESULT] 14,128,2,0.475043297,0.475034952,230,220,460
[RESULT] 14,128,3,0.515050888,0.515041828,230,220,460
[RESULT] 14,128,4,0.512046576,0.512036800,230,220,460
[RESULT] 14,128,5,0.384177208,0.384170294,230,220,460
[RESULT] 14,128,6,0.256057739,0.256049633,230,220,460
[RESULT] 14,128,7,0.384058475,0.384050846,230,220,460
[RESULT] 14,128,8,0.515065432,0.515056849,230,220,460
[RESULT] 14,128,9,0.640077829,0.640068769,230,220,460
[RESULT] 113,128,0,0.383036137,0.383031130,217,208,434
[RESULT] 113,128,1,0.394018888,0.394012690,217,208,434
[RESULT] 113,128,2,0.383942842,0.383920431,217,208,434
[RESULT] 113,128,3,0.512010098,0.512004614,217,208,434
[RESULT] 113,128,4,0.524019718,0.524013758,217,208,434
[RESULT] 113,128,5,0.258026123,0.258022070,217,208,434
[RESULT] 113,128,6,0.395996094,0.395991564,217,208,434
[RESULT] 113,128,7,0.256006479,0.256000996,217,208,434
[RESULT] 113,128,8,0.258024693,0.258019209,217,208,434
[RESULT] 113,128,9,0.164013386,0.164006233,217,208,434
[RESULT] 22,128,0,0.384052753,0.384043455,232,222,464
[RESULT] 22,128,1,0.380030632,0.380022287,232,222,464
[RESULT] 22,128,2,0.387056828,0.387048006,232,222,464
[RESULT] 22,128,3,0.516052961,0.516042709,232,222,464
[RESULT] 22,128,4,0.512055397,0.512045860,232,222,464
[RESULT] 22,128,5,0.384054184,0.384044409,232,222,464
[RESULT] 22,128,6,0.256066799,0.256058216,232,222,464
[RESULT] 22,128,7,0.511015654,0.511006117,232,222,464
[RESULT] 22,128,8,0.387063265,0.387055874,232,222,464
[RESULT] 22,128,9,0.512237787,0.512230396,232,222,464
[RESULT] 68,128,0,0.509006739,0.508997917,236,226,472
[RESULT] 68,128,1,0.511024475,0.511016846,236,226,472
[RESULT] 68,128,2,0.512024403,0.512017965,236,226,472
[RESULT] 68,128,3,0.513024807,0.513018370,236,226,472
[RESULT] 68,128,4,0.387024403,0.387018681,236,226,472
[RESULT] 68,128,5,0.533026695,0.533019781,236,226,472
[RESULT] 68,128,6,0.383030891,0.383024931,236,226,472
[RESULT] 68,128,7,0.516031504,0.516025782,236,226,472
[RESULT] 68,128,8,0.256036043,0.256029844,236,226,472
[RESULT] 68,128,9,0.508036852,0.508030891,236,226,472
[RESULT] 67,128,0,0.388031721,0.388028145,226,216,452
[RESULT] 67,128,1,0.384031773,0.384028435,226,216,452
[RESULT] 67,128,2,0.384032249,0.384029150,226,216,452
[RESULT] 67,128,3,0.508022308,0.508018732,226,216,452
[RESULT] 67,128,4,0.380035162,0.380032063,226,216,452
[RESULT] 67,128,5,0.509012461,0.509009361,226,216,452
[RESULT] 67,128,6,0.512016296,0.512013435,226,216,452
[RESULT] 67,128,7,0.516025782,0.516022444,226,216,452
[RESULT] 67,128,8,0.383043766,0.383040905,226,216,452
[RESULT] 67,128,9,0.512062311,0.512058735,226,216,452
[RESULT] 90,128,0,0.256048441,0.256039381,228,219,456
[RESULT] 90,128,1,0.256044388,0.256035328,228,219,456
[RESULT] 90,128,2,0.252044201,0.252035379,228,219,456
[RESULT] 90,128,3,0.256065130,0.256056070,228,219,456
[RESULT] 90,128,4,0.256055832,0.256047010,228,219,456
[RESULT] 90,128,5,0.256052971,0.256044388,228,219,456
[RESULT] 90,128,6,0.256048679,0.256041527,228,219,456
[RESULT] 90,128,7,0.507042885,0.507034779,228,219,456
[RESULT] 90,128,8,0.259059191,0.259050369,228,219,456
[RESULT] 90,128,9,0.512108564,0.512097836,228,219,456
[RESULT] 78,128,0,0.256036520,0.256031036,220,211,440
[RESULT] 78,128,1,0.256040096,0.256034136,220,211,440
[RESULT] 78,128,2,0.256032944,0.256026506,220,211,440
[RESULT] 78,128,3,0.256052017,0.256044626,220,211,440
[RESULT] 78,128,4,0.256046772,0.256040573,220,211,440
[RESULT] 78,128,5,0.384032249,0.384026289,220,211,440
[RESULT] 78,128,6,0.256047249,0.256041288,220,211,440
[RESULT] 78,128,7,0.515048265,0.515042067,220,211,440
[RESULT] 78,128,8,0.259047985,0.259043217,220,211,440
[RESULT] 78,128,9,0.512100458,0.512093067,220,211,440
[RESULT] 25,128,0,0.380038977,0.380034208,202,192,404
[RESULT] 25,128,1,0.508028030,0.508022785,202,192,404
[RESULT] 25,128,2,0.390025139,0.390020609,202,192,404
[RESULT] 25,128,3,0.512023687,0.512019396,202,192,404
[RESULT] 25,128,4,0.507284641,0.507280111,202,192,404
[RESULT] 25,128,5,0.384033203,0.384028912,202,192,404
[RESULT] 25,128,6,0.392026901,0.392022610,202,192,404
[RESULT] 25,128,7,0.256025791,0.256021738,202,192,404
[RESULT] 25,128,8,0.382030487,0.382026196,202,192,404
[RESULT] 25,128,9,0.387160063,0.387155294,202,192,404
[RESULT] 18,128,0,0.384058952,0.384050369,227,217,454
[RESULT] 18,128,1,0.388062239,0.388054132,227,217,454
[RESULT] 18,128,2,0.391066790,0.391058683,227,217,454
[RESULT] 18,128,3,0.512052536,0.512044430,227,217,454
[RESULT] 18,128,4,0.512033463,0.512025118,227,217,454
[RESULT] 18,128,5,0.384073019,0.384064674,227,217,454
[RESULT] 18,128,6,0.384057283,0.384047747,227,217,454
[RESULT] 18,128,7,0.508161545,0.508153915,227,217,454
[RESULT] 18,128,8,0.515054941,0.515045881,227,217,454
[RESULT] 18,128,9,0.640107393,0.640097857,227,217,454
[RESULT] 81,128,0,0.393032074,0.393025160,209,200,418
[RESULT] 81,128,1,0.394013166,0.394008160,209,200,418
[RESULT] 81,128,2,0.266021729,0.266016245,209,200,418
[RESULT] 81,128,3,0.414028168,0.414022684,209,200,418
[RESULT] 81,128,4,0.396022320,0.396017075,209,200,418
[RESULT] 81,128,5,0.258021593,0.258013725,209,200,418
[RESULT] 81,128,6,0.461020231,0.461015463,209,200,418
[RESULT] 81,128,7,0.384018183,0.384013653,209,200,418
[RESULT] 81,128,8,0.263035297,0.263025761,209,200,418
[RESULT] 81,128,9,0.387070894,0.387064695,209,200,418
[RESULT] 46,128,0,0.256049633,0.256041288,249,239,498
[RESULT] 46,128,1,0.256055593,0.256046772,249,239,498
[RESULT] 46,128,2,0.256060600,0.256051064,249,239,498
[RESULT] 46,128,3,0.384057045,0.384047985,249,239,498
[RESULT] 46,128,4,0.384042263,0.384034634,249,239,498
[RESULT] 46,128,5,0.384009600,0.383999348,249,239,498
[RESULT] 46,128,6,0.256046295,0.256038189,249,239,498
[RESULT] 46,128,7,0.511052132,0.511043310,249,239,498
[RESULT] 46,128,8,0.384023905,0.384016275,249,239,498
[RESULT] 46,128,9,0.512118340,0.512109756,249,239,498
[RESULT] 0,128,0,0.513012648,0.513005495,215,205,430
[RESULT] 0,128,1,0.512011766,0.512004375,215,205,430
[RESULT] 0,128,2,0.512011528,0.512003660,215,205,430
[RESULT] 0,128,3,0.509009361,0.509003639,215,205,430
[RESULT] 0,128,4,0.511003971,0.510998964,215,205,430
[RESULT] 0,128,5,0.512994766,0.512988329,215,205,430
[RESULT] 0,128,6,0.512011051,0.512005091,215,205,430
[RESULT] 0,128,7,0.642010927,0.642003775,215,205,430
[RESULT] 0,128,8,0.512021065,0.512015104,215,205,430
[RESULT] 0,128,9,0.640072107,0.640064955,215,205,430

Benchmark Summary
Processes: 128
Iterations: 10
Matrix NNZ: 28675
Total execution time: 17.417 seconds
[RESULT] 8,128,0,0.513031483,0.513026714,216,206,432
[RESULT] 8,128,1,0.512028694,0.512025118,216,206,432
[RESULT] 8,128,2,0.512029648,0.512025833,216,206,432
[RESULT] 8,128,3,0.381036282,0.381032228,216,206,432
[RESULT] 8,128,4,0.511012793,0.511008263,216,206,432
[RESULT] 8,128,5,0.513028860,0.513024807,216,206,432
[RESULT] 8,128,6,0.512027740,0.512023926,216,206,432
[RESULT] 8,128,7,0.514028072,0.514023066,216,206,432
[RESULT] 8,128,8,0.512030363,0.512026787,216,206,432
[RESULT] 8,128,9,0.640064478,0.640059233,216,206,432
[RESULT] 47,128,0,0.256022930,0.256019115,233,223,466
[RESULT] 47,128,1,0.256021500,0.256018400,233,223,466
[RESULT] 47,128,2,0.256022453,0.256019354,233,223,466
[RESULT] 47,128,3,0.384016514,0.384013414,233,223,466
[RESULT] 47,128,4,0.256034851,0.256031513,233,223,466
[RESULT] 47,128,5,0.256121874,0.256118774,233,223,466
[RESULT] 47,128,6,0.384015322,0.384012461,233,223,466
[RESULT] 47,128,7,0.384005070,0.384001732,233,223,466
[RESULT] 47,128,8,0.253927231,0.253923893,233,223,466
[RESULT] 47,128,9,0.384071827,0.384068012,233,223,466
[RESULT] 20,128,0,0.385022640,0.385016680,235,225,470
[RESULT] 20,128,1,0.384021044,0.384015560,235,225,470
[RESULT] 20,128,2,0.384025097,0.384017944,235,225,470
[RESULT] 20,128,3,0.384019375,0.384014368,235,225,470
[RESULT] 20,128,4,0.383020639,0.383014917,235,225,470
[RESULT] 20,128,5,0.384027958,0.384021759,235,225,470
[RESULT] 20,128,6,0.383023262,0.383017778,235,225,470
[RESULT] 20,128,7,0.384024858,0.384019136,235,225,470
[RESULT] 20,128,8,0.384027481,0.384021997,235,225,470
[RESULT] 20,128,9,0.512063503,0.512056589,235,225,470
[RESULT] 13,128,0,0.387025833,0.387018681,223,213,446
[RESULT] 13,128,1,0.382021427,0.382015705,223,213,446
[RESULT] 13,128,2,0.398029327,0.398022890,223,213,446
[RESULT] 13,128,3,0.384032488,0.384026527,223,213,446
[RESULT] 13,128,4,0.508025169,0.508019447,223,213,446
[RESULT] 13,128,5,0.387025118,0.387019873,223,213,446
[RESULT] 13,128,6,0.396019697,0.396013975,223,213,446
[RESULT] 13,128,7,0.128035784,0.128027201,223,213,446
[RESULT] 13,128,8,0.284955263,0.284948349,223,213,446
[RESULT] 13,128,9,0.391103029,0.391095400,223,213,446
[RESULT] 72,128,0,0.385032415,0.385016203,234,225,468
[RESULT] 72,128,1,0.384017944,0.384011745,234,225,468
[RESULT] 72,128,2,0.384022474,0.384016514,234,225,468
[RESULT] 72,128,3,0.384005547,0.383999109,234,225,468
[RESULT] 72,128,4,0.259024620,0.259017706,234,225,468
[RESULT] 72,128,5,0.384016991,0.384011030,234,225,468
[RESULT] 72,128,6,0.255032539,0.255026340,234,225,468
[RESULT] 72,128,7,0.384124994,0.384118557,234,225,468
[RESULT] 72,128,8,0.256010056,0.256003141,234,225,468
[RESULT] 72,128,9,0.512054443,0.512047768,234,225,468
[RESULT] 73,128,0,0.501010418,0.501003265,217,208,434
[RESULT] 73,128,1,0.496007442,0.496001720,217,208,434
[RESULT] 73,128,2,0.419507742,0.419501066,217,208,434
[RESULT] 73,128,3,0.512006760,0.512001038,217,208,434
[RESULT] 73,128,4,0.400023937,0.400017023,217,208,434
[RESULT] 73,128,5,0.503529549,0.503522873,217,208,434
[RESULT] 73,128,6,0.401015997,0.401010036,217,208,434
[RESULT] 73,128,7,0.384019852,0.384013176,217,208,434
[RESULT] 73,128,8,0.258030891,0.258023977,217,208,434
[RESULT] 73,128,9,0.391075134,0.391068459,217,208,434
[RESULT] 71,128,0,0.384016037,0.384012699,243,233,486
[RESULT] 71,128,1,0.384016991,0.384014130,243,233,486
[RESULT] 71,128,2,0.384017944,0.384015083,243,233,486
[RESULT] 71,128,3,0.512003183,0.512000084,243,233,486
[RESULT] 71,128,4,0.384015799,0.384012938,243,233,486
[RESULT] 71,128,5,0.384018183,0.384014845,243,233,486
[RESULT] 71,128,6,0.384038687,0.384035826,243,233,486
[RESULT] 71,128,7,0.384032726,0.384029627,243,233,486
[RESULT] 71,128,8,0.348022223,0.348019361,243,233,486
[RESULT] 71,128,9,0.512055159,0.512051821,243,233,486
[RESULT] 69,128,0,0.404036522,0.404029846,223,213,446
[RESULT] 69,128,1,0.394019842,0.394013882,223,213,446
[RESULT] 69,128,2,0.387549162,0.387274981,223,213,446
[RESULT] 69,128,3,0.641013384,0.641005993,223,213,446
[RESULT] 69,128,4,0.508029461,0.508023262,223,213,446
[RESULT] 69,128,5,0.388023138,0.388017654,223,213,446
[RESULT] 69,128,6,0.270040989,0.270035744,223,213,446
[RESULT] 69,128,7,0.384007931,0.384002924,223,213,446
[RESULT] 69,128,8,0.258028030,0.258020639,223,213,446
[RESULT] 69,128,9,0.388064861,0.388056755,223,213,446
[RESULT] 79,128,0,0.256016493,0.256012917,217,208,434
[RESULT] 79,128,1,0.256015539,0.256012678,217,208,434
[RESULT] 79,128,2,0.256017208,0.256014347,217,208,434
[RESULT] 79,128,3,0.256016970,0.256013632,217,208,434
[RESULT] 79,128,4,0.256019115,0.256016016,217,208,434
[RESULT] 79,128,5,0.256023407,0.256020308,217,208,434
[RESULT] 79,128,6,0.384015322,0.384012699,217,208,434
[RESULT] 79,128,7,0.256038427,0.256035089,217,208,434
[RESULT] 79,128,8,0.256026506,0.256024122,217,208,434
[RESULT] 79,128,9,0.384057760,0.384053946,217,208,434
[RESULT] 26,128,0,0.384011507,0.384003639,212,202,424
[RESULT] 26,128,1,0.384013653,0.384006500,212,202,424
[RESULT] 26,128,2,0.384052515,0.384043932,212,202,424
[RESULT] 26,128,3,0.512013197,0.512005091,212,202,424
[RESULT] 26,128,4,0.512017488,0.512008905,212,202,424
[RESULT] 26,128,5,0.384057522,0.384050131,212,202,424
[RESULT] 26,128,6,0.384058475,0.384050846,212,202,424
[RESULT] 26,128,7,0.512185812,0.512177944,212,202,424
[RESULT] 26,128,8,0.511045456,0.511037588,212,202,424
[RESULT] 26,128,9,0.640189409,0.640181303,212,202,424
[RESULT] 36,128,0,0.513025999,0.513019323,235,225,470
[RESULT] 36,128,1,0.512018442,0.512012243,235,225,470
[RESULT] 36,128,2,0.508023024,0.508016825,235,225,470
[RESULT] 36,128,3,0.509024382,0.509018421,235,225,470
[RESULT] 36,128,4,0.383032322,0.383025169,235,225,470
[RESULT] 36,128,5,0.513035059,0.513028383,235,225,470
[RESULT] 36,128,6,0.512020350,0.512014389,235,225,470
[RESULT] 36,128,7,0.514140606,0.514133930,235,225,470
[RESULT] 36,128,8,0.512021542,0.512015820,235,225,470
[RESULT] 36,128,9,0.640079498,0.640072346,235,225,470
[RESULT] 122,128,0,0.256048441,0.256042004,216,207,432
[RESULT] 122,128,1,0.260046959,0.260039568,216,207,432
[RESULT] 122,128,2,0.256038427,0.256031275,216,207,432
[RESULT] 122,128,3,0.256154537,0.256147623,216,207,432
[RESULT] 122,128,4,0.260160446,0.260154009,216,207,432
[RESULT] 122,128,5,0.256040573,0.256032467,216,207,432
[RESULT] 122,128,6,0.128164291,0.128156185,216,207,432
[RESULT] 122,128,7,0.384044886,0.384036779,216,207,432
[RESULT] 122,128,8,0.384040594,0.384032488,216,207,432
[RESULT] 122,128,9,0.512085199,0.512077808,216,207,432
[RESULT] 45,128,0,0.387026072,0.387019396,239,229,478
[RESULT] 45,128,1,0.402019739,0.402013779,239,229,478
[RESULT] 45,128,2,0.386030436,0.386025190,239,229,478
[RESULT] 45,128,3,0.512025595,0.512020826,239,229,478
[RESULT] 45,128,4,0.402914524,0.402910471,239,229,478
[RESULT] 45,128,5,0.255031586,0.255025864,239,229,478
[RESULT] 45,128,6,0.258125305,0.258119822,239,229,478
[RESULT] 45,128,7,0.256029129,0.256024122,239,229,478
[RESULT] 45,128,8,0.375468254,0.375462055,239,229,478
[RESULT] 45,128,9,0.388066053,0.388059139,239,229,478
[RESULT] 48,128,0,0.513022900,0.513016462,243,233,486
[RESULT] 48,128,1,0.512027979,0.512020588,243,233,486
[RESULT] 48,128,2,0.512025118,0.512018442,243,233,486
[RESULT] 48,128,3,0.509029627,0.509022951,243,233,486
[RESULT] 48,128,4,0.383036137,0.383030176,243,233,486
[RESULT] 48,128,5,0.513023615,0.513017654,243,233,486
[RESULT] 48,128,6,0.512014866,0.512008905,243,233,486
[RESULT] 48,128,7,0.512050390,0.512045145,243,233,486
[RESULT] 48,128,8,0.384033918,0.384028673,243,233,486
[RESULT] 48,128,9,0.638117313,0.638110638,243,233,486
[RESULT] 44,128,0,0.381022453,0.381016731,229,219,458
[RESULT] 44,128,1,0.383026838,0.383021593,229,219,458
[RESULT] 44,128,2,0.384025097,0.384018660,229,219,458
[RESULT] 44,128,3,0.384022713,0.384017706,229,219,458
[RESULT] 44,128,4,0.259030104,0.259025097,229,219,458
[RESULT] 44,128,5,0.384023190,0.384017467,229,219,458
[RESULT] 44,128,6,0.259033442,0.259028435,229,219,458
[RESULT] 44,128,7,0.512032747,0.512028456,229,219,458
[RESULT] 44,128,8,0.384041071,0.384035826,229,219,458
[RESULT] 44,128,9,0.510065317,0.510059118,229,219,458
[RESULT] 74,128,0,0.384013176,0.384004116,226,217,452
[RESULT] 74,128,1,0.384016991,0.384008408,226,217,452
[RESULT] 74,128,2,0.384019375,0.384011030,226,217,452
[RESULT] 74,128,3,0.384012938,0.384005308,226,217,452
[RESULT] 74,128,4,0.384014845,0.384006977,226,217,452
[RESULT] 74,128,5,0.384038448,0.384030819,226,217,452
[RESULT] 74,128,6,0.384040117,0.384032249,226,217,452
[RESULT] 74,128,7,0.512068987,0.512061119,226,217,452
[RESULT] 74,128,8,0.383058071,0.383050442,226,217,452
[RESULT] 74,128,9,0.640018940,0.640009165,226,217,452
[RESULT] 59,128,0,0.256022930,0.256018639,238,228,476
[RESULT] 59,128,1,0.252025127,0.252021551,238,228,476
[RESULT] 59,128,2,0.256021500,0.256018162,238,228,476
[RESULT] 59,128,3,0.384021044,0.384018183,238,228,476
[RESULT] 59,128,4,0.256031990,0.256028891,238,228,476
[RESULT] 59,128,5,0.385015965,0.385012865,238,228,476
[RESULT] 59,128,6,0.384024620,0.384021759,238,228,476
[RESULT] 59,128,7,0.384020805,0.384017706,238,228,476
[RESULT] 59,128,8,0.296019316,0.296016216,238,228,476
[RESULT] 59,128,9,0.512073994,0.512070417,238,228,476
[RESULT] 37,128,0,0.517035723,0.517026186,245,235,490
[RESULT] 37,128,1,0.524021864,0.524013758,245,235,490
[RESULT] 37,128,2,0.524023056,0.524015665,245,235,490
[RESULT] 37,128,3,0.641021252,0.641014099,245,235,490
[RESULT] 37,128,4,0.508028984,0.508022308,245,235,490
[RESULT] 37,128,5,0.388031960,0.388024092,245,235,490
[RESULT] 37,128,6,0.394210339,0.394204617,245,235,490
[RESULT] 37,128,7,0.384141445,0.384135723,245,235,490
[RESULT] 37,128,8,0.524054289,0.524046421,245,235,490
[RESULT] 37,128,9,0.522080183,0.522072077,245,235,490
[RESULT] 42,128,0,0.384052992,0.384045362,217,207,434
[RESULT] 42,128,1,0.380050421,0.380043030,217,207,434
[RESULT] 42,128,2,0.384052515,0.384044409,217,207,434
[RESULT] 42,128,3,0.512046576,0.512039185,217,207,434
[RESULT] 42,128,4,0.384065628,0.384057760,217,207,434
[RESULT] 42,128,5,0.384061813,0.384053707,217,207,434
[RESULT] 42,128,6,0.256081104,0.256072760,217,207,434
[RESULT] 42,128,7,0.511067629,0.511060715,217,207,434
[RESULT] 42,128,8,0.383075237,0.383066177,217,207,434
[RESULT] 42,128,9,0.640123606,0.640115261,217,207,434
[RESULT] 38,128,0,0.384052277,0.384042263,255,245,510
[RESULT] 38,128,1,0.388045311,0.388036728,255,245,510
[RESULT] 38,128,2,0.384045839,0.384037495,255,245,510
[RESULT] 38,128,3,0.512051821,0.512043238,255,245,510
[RESULT] 38,128,4,0.384063482,0.384054422,255,245,510
[RESULT] 38,128,5,0.384064198,0.384055376,255,245,510
[RESULT] 38,128,6,0.384014606,0.384006977,255,245,510
[RESULT] 38,128,7,0.511061907,0.511054039,255,245,510
[RESULT] 38,128,8,0.511050940,0.511042118,255,245,510
[RESULT] 38,128,9,0.640106440,0.640097618,255,245,510
[RESULT] 64,128,0,0.513025761,0.513019323,253,243,506
[RESULT] 64,128,1,0.512023926,0.512017727,253,243,506
[RESULT] 64,128,2,0.516017199,0.516010046,253,243,506
[RESULT] 64,128,3,0.513021231,0.513014793,253,243,506
[RESULT] 64,128,4,0.387022018,0.387015343,253,243,506
[RESULT] 64,128,5,0.513026476,0.513020039,253,243,506
[RESULT] 64,128,6,0.383029699,0.383023500,253,243,506
[RESULT] 64,128,7,0.512036085,0.512029171,253,243,506
[RESULT] 64,128,8,0.384024620,0.384018660,253,243,506
[RESULT] 64,128,9,0.638057232,0.638048887,253,243,506
[RESULT] 54,128,0,0.384046316,0.384037733,244,234,488
[RESULT] 54,128,1,0.384049416,0.384039879,244,234,488
[RESULT] 54,128,2,0.384048223,0.384040833,244,234,488
[RESULT] 54,128,3,0.511996031,0.511987686,244,234,488
[RESULT] 54,128,4,0.384053946,0.384046316,244,234,488
[RESULT] 54,128,5,0.384052515,0.384044409,244,234,488
[RESULT] 54,128,6,0.384005070,0.383996487,244,234,488
[RESULT] 54,128,7,0.511051178,0.511043310,244,234,488
[RESULT] 54,128,8,0.256043196,0.256034851,244,234,488
[RESULT] 54,128,9,0.512118101,0.512109756,244,234,488
[RESULT] 29,128,0,0.255197525,0.255191326,237,227,474
[RESULT] 29,128,1,0.383120537,0.383113384,237,227,474
[RESULT] 29,128,2,0.387008190,0.387001038,237,227,474
[RESULT] 29,128,3,0.384124994,0.384117603,237,227,474
[RESULT] 29,128,4,0.522837400,0.522829056,237,227,474
[RESULT] 29,128,5,0.271035671,0.271028996,237,227,474
[RESULT] 29,128,6,0.257039547,0.257032871,237,227,474
[RESULT] 29,128,7,0.128129721,0.128118515,237,227,474
[RESULT] 29,128,8,0.390069723,0.390061378,237,227,474
[RESULT] 29,128,9,0.389024019,0.389015198,237,227,474
[RESULT] 40,128,0,0.509020805,0.509014368,249,239,498
[RESULT] 40,128,1,0.511017799,0.511012077,249,239,498
[RESULT] 40,128,2,0.512031078,0.512024164,249,239,498
[RESULT] 40,128,3,0.513026476,0.513018370,249,239,498
[RESULT] 40,128,4,0.383021832,0.383015156,249,239,498
[RESULT] 40,128,5,0.512027979,0.512021542,249,239,498
[RESULT] 40,128,6,0.355028629,0.355022430,249,239,498
[RESULT] 40,128,7,0.512043953,0.512038469,249,239,498
[RESULT] 40,128,8,0.384028673,0.384022951,249,239,498
[RESULT] 40,128,9,0.638056993,0.638050079,249,239,498
[RESULT] 62,128,0,0.256031275,0.256025076,239,229,478
[RESULT] 62,128,1,0.255998135,0.255990744,239,229,478
[RESULT] 62,128,2,0.256033421,0.256026268,239,229,478
[RESULT] 62,128,3,0.384038925,0.384032726,239,229,478
[RESULT] 62,128,4,0.256035566,0.256028652,239,229,478
[RESULT] 62,128,5,0.256032944,0.256026030,239,229,478
[RESULT] 62,128,6,0.128048182,0.128041267,239,229,478
[RESULT] 62,128,7,0.383051157,0.383044243,239,229,478
[RESULT] 62,128,8,0.128036737,0.128029585,239,229,478
[RESULT] 62,128,9,0.384083986,0.384077549,239,229,478
[RESULT] 24,128,0,0.385033369,0.385026693,230,220,460
[RESULT] 24,128,1,0.384045362,0.384038210,230,220,460
[RESULT] 24,128,2,0.516029596,0.516022921,230,220,460
[RESULT] 24,128,3,0.385031223,0.385023594,230,220,460
[RESULT] 24,128,4,0.387033463,0.387027264,230,220,460
[RESULT] 24,128,5,0.513031006,0.513025284,230,220,460
[RESULT] 24,128,6,0.392503738,0.392497778,230,220,460
[RESULT] 24,128,7,0.380027771,0.380021811,230,220,460
[RESULT] 24,128,8,0.384035349,0.384029388,230,220,460
[RESULT] 24,128,9,0.509075403,0.509066820,230,220,460
[RESULT] 33,128,0,0.529054165,0.529046774,207,197,414
[RESULT] 33,128,1,0.508029222,0.508022547,207,197,414
[RESULT] 33,128,2,0.516030312,0.516024590,207,197,414
[RESULT] 33,128,3,0.645025015,0.645018101,207,197,414
[RESULT] 33,128,4,0.652019024,0.652011633,207,197,414
[RESULT] 33,128,5,0.527024746,0.527018070,207,197,414
[RESULT] 33,128,6,0.505027533,0.505022526,207,197,414
[RESULT] 33,128,7,0.512023687,0.512017965,207,197,414
[RESULT] 33,128,8,0.520066023,0.520059109,207,197,414
[RESULT] 33,128,9,0.574039936,0.574032545,207,197,414
[RESULT] 23,128,0,0.256028414,0.256025791,220,210,440
[RESULT] 23,128,1,0.256036520,0.256034136,220,210,440
[RESULT] 23,128,2,0.384011745,0.384009361,220,210,440
[RESULT] 23,128,3,0.384028196,0.384025812,220,210,440
[RESULT] 23,128,4,0.384027243,0.384024858,220,210,440
[RESULT] 23,128,5,0.381021261,0.381018877,220,210,440
[RESULT] 23,128,6,0.384034634,0.384032011,220,210,440
[RESULT] 23,128,7,0.384019852,0.384017467,220,210,440
[RESULT] 23,128,8,0.384042978,0.384040833,220,210,440
[RESULT] 23,128,9,0.510062695,0.510058641,220,210,440
[RESULT] 55,128,0,0.384015799,0.384012461,248,238,496
[RESULT] 55,128,1,0.384015560,0.384012699,248,238,496
[RESULT] 55,128,2,0.384011984,0.384009123,248,238,496
[RESULT] 55,128,3,0.512018442,0.512015104,248,238,496
[RESULT] 55,128,4,0.384017706,0.384015083,248,238,496
[RESULT] 55,128,5,0.384018660,0.384015799,248,238,496
[RESULT] 55,128,6,0.384029865,0.384027243,248,238,496
[RESULT] 55,128,7,0.384025812,0.384022951,248,238,496
[RESULT] 55,128,8,0.384021997,0.384019136,248,238,496
[RESULT] 55,128,9,0.510062218,0.510058641,248,238,496
[RESULT] 65,128,0,0.513053179,0.513047934,243,233,486
[RESULT] 65,128,1,0.524018049,0.524012804,243,233,486
[RESULT] 65,128,2,0.436117411,0.436111689,243,233,486
[RESULT] 65,128,3,0.641020298,0.641015053,243,233,486
[RESULT] 65,128,4,0.508025646,0.508020401,243,233,486
[RESULT] 65,128,5,0.485014439,0.485009670,243,233,486
[RESULT] 65,128,6,0.327022314,0.327016830,243,233,486
[RESULT] 65,128,7,0.384030104,0.384024858,243,233,486
[RESULT] 65,128,8,0.392035723,0.392030001,243,233,486
[RESULT] 65,128,9,0.508071423,0.508064747,243,233,486
[RESULT] 41,128,0,0.521047115,0.521042109,225,215,450
[RESULT] 41,128,1,0.516010523,0.516005754,225,215,450
[RESULT] 41,128,2,0.503026247,0.503021479,225,215,450
[RESULT] 41,128,3,0.581026793,0.581022501,225,215,450
[RESULT] 41,128,4,0.588015795,0.588010788,225,215,450
[RESULT] 41,128,5,0.392026186,0.392021418,225,215,450
[RESULT] 41,128,6,0.376026392,0.376021862,225,215,450
[RESULT] 41,128,7,0.384031057,0.384026766,225,215,450
[RESULT] 41,128,8,0.392040014,0.392035723,225,215,450
[RESULT] 41,128,9,0.554065943,0.554061174,225,215,450
[RESULT] 28,128,0,0.409031153,0.409024477,233,223,466
[RESULT] 28,128,1,0.384030104,0.384023666,233,223,466
[RESULT] 28,128,2,0.387287855,0.387280941,233,223,466
[RESULT] 28,128,3,0.385030031,0.385022879,233,223,466
[RESULT] 28,128,4,0.383035898,0.383029461,233,223,466
[RESULT] 28,128,5,0.512022495,0.512016058,233,223,466
[RESULT] 28,128,6,0.383041620,0.383036375,233,223,466
[RESULT] 28,128,7,0.384026051,0.384019136,233,223,466
[RESULT] 28,128,8,0.256040335,0.256033897,233,223,466
[RESULT] 28,128,9,0.507063389,0.507055998,233,223,466
[RESULT] 39,128,0,0.384006977,0.384003162,239,229,478
[RESULT] 39,128,1,0.384014606,0.384010792,239,229,478
[RESULT] 39,128,2,0.384003639,0.384000540,239,229,478
[RESULT] 39,128,3,0.512005329,0.512001753,239,229,478
[RESULT] 39,128,4,0.384026766,0.384023666,239,229,478
[RESULT] 39,128,5,0.385019302,0.385015965,239,229,478
[RESULT] 39,128,6,0.384024620,0.384021282,239,229,478
[RESULT] 39,128,7,0.384023190,0.384020329,239,229,478
[RESULT] 39,128,8,0.384021521,0.384018898,239,229,478
[RESULT] 39,128,9,0.510056734,0.510052919,239,229,478
[RESULT] 61,128,0,0.387039185,0.387032986,229,219,458
[RESULT] 61,128,1,0.398026228,0.398021221,229,219,458
[RESULT] 61,128,2,0.394025803,0.394020319,229,219,458
[RESULT] 61,128,3,0.512020350,0.512015343,229,219,458
[RESULT] 61,128,4,0.381016016,0.381011248,229,219,458
[RESULT] 61,128,5,0.267020226,0.267014742,229,219,458
[RESULT] 61,128,6,0.258012772,0.258008003,229,219,458
[RESULT] 61,128,7,0.256021023,0.256015301,229,219,458
[RESULT] 61,128,8,0.129029036,0.129023314,229,219,458
[RESULT] 61,128,9,0.432057858,0.432051420,229,219,458
[RESULT] 66,128,0,0.384064436,0.384054899,250,240,500
[RESULT] 66,128,1,0.384056807,0.384048223,250,240,500
[RESULT] 66,128,2,0.387059212,0.387050390,250,240,500
[RESULT] 66,128,3,0.512028217,0.512019157,250,240,500
[RESULT] 66,128,4,0.384071112,0.384060144,250,240,500
[RESULT] 66,128,5,0.512050390,0.512040138,250,240,500
[RESULT] 66,128,6,0.384065151,0.384054899,250,240,500
[RESULT] 66,128,7,0.639048576,0.639039516,250,240,500
[RESULT] 66,128,8,0.387077808,0.387069225,250,240,500
[RESULT] 66,128,9,0.767006636,0.766997337,250,240,500
[RESULT] 60,128,0,0.257035255,0.257028341,233,223,466
[RESULT] 60,128,1,0.256031036,0.256023407,233,223,466
[RESULT] 60,128,2,0.256216764,0.256210566,233,223,466
[RESULT] 60,128,3,0.384024620,0.384017944,233,223,466
[RESULT] 60,128,4,0.255027533,0.255019903,233,223,466
[RESULT] 60,128,5,0.384026289,0.384017706,233,223,466
[RESULT] 60,128,6,0.255027056,0.255020142,233,223,466
[RESULT] 60,128,7,0.384034157,0.384026527,233,223,466
[RESULT] 60,128,8,0.256031513,0.256024837,233,223,466
[RESULT] 60,128,9,0.515057564,0.515048742,233,223,466
[RESULT] 31,128,0,0.252099276,0.252094984,237,227,474
[RESULT] 31,128,1,0.256102324,0.256098509,237,227,474
[RESULT] 31,128,2,0.256114006,0.256110191,237,227,474
[RESULT] 31,128,3,0.388107538,0.388104439,237,227,474
[RESULT] 31,128,4,0.384016514,0.384012938,237,227,474
[RESULT] 31,128,5,0.389015913,0.389012575,237,227,474
[RESULT] 31,128,6,0.384032011,0.384028912,237,227,474
[RESULT] 31,128,7,0.380017996,0.380015135,237,227,474
[RESULT] 31,128,8,0.380024672,0.380021811,237,227,474
[RESULT] 31,128,9,0.510067225,0.510063410,237,227,474
[RESULT] 63,128,0,0.128022671,0.128018379,243,233,486
[RESULT] 63,128,1,0.128023624,0.128020525,243,233,486
[RESULT] 63,128,2,0.128022194,0.128018856,243,233,486
[RESULT] 63,128,3,0.256026745,0.256022930,243,233,486
[RESULT] 63,128,4,0.128036261,0.128032684,243,233,486
[RESULT] 63,128,5,0.257015467,0.257012129,243,233,486
[RESULT] 63,128,6,0.256017447,0.256014109,243,233,486
[RESULT] 63,128,7,0.256018162,0.256015062,243,233,486
[RESULT] 63,128,8,0.256018639,0.256014824,243,233,486
[RESULT] 63,128,9,0.506060600,0.506057024,243,233,486
[RESULT] 53,128,0,0.380066872,0.380061388,225,215,450
[RESULT] 53,128,1,0.382028580,0.382023811,225,215,450
[RESULT] 53,128,2,0.390026331,0.390021563,225,215,450
[RESULT] 53,128,3,0.512024403,0.512019396,225,215,450
[RESULT] 53,128,4,0.508024693,0.508020639,225,215,450
[RESULT] 53,128,5,0.259030104,0.259025574,225,215,450
[RESULT] 53,128,6,0.262032509,0.262026787,225,215,450
[RESULT] 53,128,7,0.256025791,0.256021261,225,215,450
[RESULT] 53,128,8,0.253019571,0.253015280,225,215,450
[RESULT] 53,128,9,0.385073900,0.385068178,225,215,450
[RESULT] 52,128,0,0.385031939,0.385023832,227,217,454
[RESULT] 52,128,1,0.384032249,0.384024858,227,217,454
[RESULT] 52,128,2,0.388033628,0.388025999,227,217,454
[RESULT] 52,128,3,0.385037899,0.385029554,227,217,454
[RESULT] 52,128,4,0.379023075,0.379015207,227,217,454
[RESULT] 52,128,5,0.512021303,0.512014627,227,217,454
[RESULT] 52,128,6,0.383033514,0.383025646,227,217,454
[RESULT] 52,128,7,0.512022495,0.512015820,227,217,454
[RESULT] 52,128,8,0.384016752,0.384008884,227,217,454
[RESULT] 52,128,9,0.639048100,0.639040232,227,217,454
[RESULT] 27,128,0,0.384030342,0.384027481,223,213,446
[RESULT] 27,128,1,0.384031296,0.384028912,223,213,446
[RESULT] 27,128,2,0.384042740,0.384040356,223,213,446
[RESULT] 27,128,3,0.512027264,0.512024879,223,213,446
[RESULT] 27,128,4,0.512020588,0.512017965,223,213,446
[RESULT] 27,128,5,0.387282848,0.387279987,223,213,446
[RESULT] 27,128,6,0.512040615,0.512038231,223,213,446
[RESULT] 27,128,7,0.512015581,0.512012959,223,213,446
[RESULT] 27,128,8,0.512033939,0.512031794,223,213,446
[RESULT] 27,128,9,0.638068199,0.638065338,223,213,446
[RESULT] 56,128,0,0.385030270,0.385023832,258,248,516
[RESULT] 56,128,1,0.384020329,0.384014845,258,248,516
[RESULT] 56,128,2,0.384025574,0.384019613,258,248,516
[RESULT] 56,128,3,0.385027885,0.385020971,258,248,516
[RESULT] 56,128,4,0.255033970,0.255027533,258,248,516
[RESULT] 56,128,5,0.512016773,0.512009859,258,248,516
[RESULT] 56,128,6,0.383021116,0.383015394,258,248,516
[RESULT] 56,128,7,0.512021542,0.512016058,258,248,516
[RESULT] 56,128,8,0.384023905,0.384017467,258,248,516
[RESULT] 56,128,9,0.639051676,0.639045000,258,248,516
[RESULT] 35,128,0,0.384033442,0.384030819,213,203,426
[RESULT] 35,128,1,0.384028912,0.384026527,213,203,426
[RESULT] 35,128,2,0.384036303,0.384033918,213,203,426
[RESULT] 35,128,3,0.512031078,0.512028456,213,203,426
[RESULT] 35,128,4,0.385363817,0.385361433,213,203,426
[RESULT] 35,128,5,0.513015032,0.513011932,213,203,426
[RESULT] 35,128,6,0.512017012,0.512014627,213,203,426
[RESULT] 35,128,7,0.512019634,0.512017488,213,203,426
[RESULT] 35,128,8,0.512031794,0.512029648,213,203,426
[RESULT] 35,128,9,0.638065100,0.638062000,213,203,426
[RESULT] 49,128,0,0.513054609,0.513046741,231,221,462
[RESULT] 49,128,1,0.508024216,0.508016586,231,221,462
[RESULT] 49,128,2,0.520032644,0.520025492,231,221,462
[RESULT] 49,128,3,0.645028591,0.645021915,231,221,462
[RESULT] 49,128,4,0.500957489,0.500950336,231,221,462
[RESULT] 49,128,5,0.396032333,0.396025181,231,221,462
[RESULT] 49,128,6,0.391039133,0.391033173,231,221,462
[RESULT] 49,128,7,0.384026051,0.384018898,231,221,462
[RESULT] 49,128,8,0.382007837,0.381999969,231,221,462
[RESULT] 49,128,9,0.516077280,0.516067982,231,221,462
[RESULT] 58,128,0,0.256044149,0.256037474,256,246,512
[RESULT] 58,128,1,0.256041288,0.256034613,256,246,512
[RESULT] 58,128,2,0.256054640,0.256047487,256,246,512
[RESULT] 58,128,3,0.384039640,0.384033203,256,246,512
[RESULT] 58,128,4,0.256061077,0.256054401,256,246,512
[RESULT] 58,128,5,0.384048223,0.384042025,256,246,512
[RESULT] 58,128,6,0.256045341,0.256037951,256,246,512
[RESULT] 58,128,7,0.511042833,0.511036634,256,246,512
[RESULT] 58,128,8,0.256029367,0.256022692,256,246,512
[RESULT] 58,128,9,0.509184361,0.509176254,256,246,512
[RESULT] 30,128,0,0.256051779,0.256041527,247,237,494
[RESULT] 30,128,1,0.256044388,0.256033421,247,237,494
[RESULT] 30,128,2,0.256064653,0.256055832,247,237,494
[RESULT] 30,128,3,0.384044647,0.384035110,247,237,494
[RESULT] 30,128,4,0.256067753,0.256059885,247,237,494
[RESULT] 30,128,5,0.256180286,0.256172419,247,237,494
[RESULT] 30,128,6,0.256002903,0.255994797,247,237,494
[RESULT] 30,128,7,0.511048794,0.511038780,247,237,494
[RESULT] 30,128,8,0.384043694,0.384034872,247,237,494
[RESULT] 30,128,9,0.637048721,0.637037754,247,237,494
[RESULT] 43,128,0,0.384025335,0.384021997,219,209,438
[RESULT] 43,128,1,0.384022713,0.384020329,219,209,438
[RESULT] 43,128,2,0.384023666,0.384021282,219,209,438
[RESULT] 43,128,3,0.512004375,0.512001753,219,209,438
[RESULT] 43,128,4,0.384032488,0.384030104,219,209,438
[RESULT] 43,128,5,0.384030104,0.384027719,219,209,438
[RESULT] 43,128,6,0.384047508,0.384044647,219,209,438
[RESULT] 43,128,7,0.512007952,0.512005568,219,209,438
[RESULT] 43,128,8,0.381998777,0.381992102,219,209,438
[RESULT] 43,128,9,0.642059326,0.642055988,219,209,438
[RESULT] 32,128,0,0.513022184,0.513015270,247,237,494
[RESULT] 32,128,1,0.512021303,0.512014627,247,237,494
[RESULT] 32,128,2,0.512029409,0.512022734,247,237,494
[RESULT] 32,128,3,0.509025097,0.509018898,247,237,494
[RESULT] 32,128,4,0.383040905,0.383033037,247,237,494
[RESULT] 32,128,5,0.513109207,0.513103008,247,237,494
[RESULT] 32,128,6,0.512033224,0.512025118,247,237,494
[RESULT] 32,128,7,0.638017416,0.638010979,247,237,494
[RESULT] 32,128,8,0.512019157,0.512011051,247,237,494
[RESULT] 32,128,9,0.767055511,0.767046452,247,237,494
[RESULT] 50,128,0,0.384046316,0.384039640,241,231,482
[RESULT] 50,128,1,0.384043455,0.384037018,241,231,482
[RESULT] 50,128,2,0.384043217,0.384037495,241,231,482
[RESULT] 50,128,3,0.512036324,0.512029886,241,231,482
[RESULT] 50,128,4,0.384051085,0.384044409,241,231,482
[RESULT] 50,128,5,0.384055376,0.384048462,241,231,482
[RESULT] 50,128,6,0.384034395,0.384027719,241,231,482
[RESULT] 50,128,7,0.512065172,0.512059927,241,231,482
[RESULT] 50,128,8,0.256057978,0.256051302,241,231,482
[RESULT] 50,128,9,0.637016296,0.637008905,241,231,482
[RESULT] 34,128,0,0.384031773,0.384024143,217,207,434
[RESULT] 34,128,1,0.384039402,0.384032249,217,207,434
[RESULT] 34,128,2,0.384053946,0.384046078,217,207,434
[RESULT] 34,128,3,0.512057304,0.512047291,217,207,434
[RESULT] 34,128,4,0.384068966,0.384061575,217,207,434
[RESULT] 34,128,5,0.384100199,0.384092569,217,207,434
[RESULT] 34,128,6,0.384048939,0.384042025,217,207,434
[RESULT] 34,128,7,0.643048763,0.643039465,217,207,434
[RESULT] 34,128,8,0.511051893,0.511044025,217,207,434
[RESULT] 34,128,9,0.765018702,0.765008450,217,207,434
[RESULT] 51,128,0,0.384023190,0.384019613,217,207,434
[RESULT] 51,128,1,0.384021997,0.384019375,217,207,434
[RESULT] 51,128,2,0.384022236,0.384019613,217,207,434
[RESULT] 51,128,3,0.512021303,0.512018919,217,207,434
[RESULT] 51,128,4,0.384037971,0.384035587,217,207,434
[RESULT] 51,128,5,0.384051085,0.384048462,217,207,434
[RESULT] 51,128,6,0.512021780,0.512019634,217,207,434
[RESULT] 51,128,7,0.512014389,0.512011766,217,207,434
[RESULT] 51,128,8,0.384034634,0.384032011,217,207,434
[RESULT] 51,128,9,0.642059803,0.642056465,217,207,434
[RESULT] 57,128,0,0.380047798,0.380040884,246,236,492
[RESULT] 57,128,1,0.381999254,0.381992817,246,236,492
[RESULT] 57,128,2,0.386026144,0.386020184,246,236,492
[RESULT] 57,128,3,0.514077425,0.514070272,246,236,492
[RESULT] 57,128,4,0.420017958,0.420010805,246,236,492
[RESULT] 57,128,5,0.259026766,0.259019613,246,236,492
[RESULT] 57,128,6,0.258029222,0.258022785,246,236,492
[RESULT] 57,128,7,0.256032228,0.256024122,246,236,492
[RESULT] 57,128,8,0.258023262,0.258015633,246,236,492
[RESULT] 57,128,9,0.520059347,0.520050526,246,236,492
