Retrieving the matrix from '../data/Hook_1498.mtx'...
Real Matrix (Strong Scaling): Rows=1498023 | Cols=1498023 | NNZ=31207734 | Procs=2
Matrix distributed and converted to CSR
Ghost columns identified: 7596746 total ghost values needed
Local vector initialized (size=749012 per process)
[RESULT] 1,2,0,12.163268089,12.077315569,15604598,7598405,31209196
[RESULT] 1,2,1,12.190988302,12.087330103,15604598,7598405,31209196
[RESULT] 1,2,2,12.155714750,12.078474045,15604598,7598405,31209196
[RESULT] 1,2,3,12.150993347,12.055449963,15604598,7598405,31209196
[RESULT] 1,2,4,12.158977985,12.073454618,15604598,7598405,31209196
[RESULT] 1,2,5,12.196472406,12.091449976,15604598,7598405,31209196
[RESULT] 1,2,6,12.176867485,12.091433048,15604598,7598405,31209196
[RESULT] 1,2,7,12.155753374,12.065358639,15604598,7598405,31209196
[RESULT] 1,2,8,12.178981781,12.079294682,15604598,7598405,31209196
[RESULT] 1,2,9,12.167737246,12.082347393,15604598,7598405,31209196
[RESULT] 0,2,0,12.188889027,12.103340864,15603136,7596746,31206272
[RESULT] 0,2,1,12.189011812,12.105458498,15603136,7596746,31206272
[RESULT] 0,2,2,12.192299366,12.104444504,15603136,7596746,31206272
[RESULT] 0,2,3,12.158707857,12.068758965,15603136,7596746,31206272
[RESULT] 0,2,4,12.182971954,12.099462509,15603136,7596746,31206272
[RESULT] 0,2,5,12.215039015,12.099099874,15603136,7596746,31206272
[RESULT] 0,2,6,12.200675488,12.117383480,15603136,7596746,31206272
[RESULT] 0,2,7,12.175271273,12.085668325,15603136,7596746,31206272
[RESULT] 0,2,8,12.184284925,12.105329275,15603136,7596746,31206272
[RESULT] 0,2,9,12.190313578,12.108330250,15603136,7596746,31206272

Benchmark Summary
Processes: 2
Iterations: 10
Matrix NNZ: 31207734
Total execution time: 220.366 seconds
