Retrieving the matrix from '../data/Andrews.mtx'...
Real Matrix (Strong Scaling): Rows=60000 | Cols=60000 | NNZ=410077 | Procs=2
Matrix distributed and converted to CSR
Ghost columns identified: 53459 total ghost values needed
Local vector initialized (size=30000 per process)
[RESULT] 1,2,0,0.001191616,0.000755310,207414,54185,414828
[RESULT] 1,2,1,0.000957489,0.000509977,207414,54185,414828
[RESULT] 1,2,2,0.000964642,0.000525951,207414,54185,414828
[RESULT] 1,2,3,0.000949860,0.000504017,207414,54185,414828
[RESULT] 1,2,4,0.000954390,0.000510216,207414,54185,414828
[RESULT] 1,2,5,0.000953436,0.000509501,207414,54185,414828
[RESULT] 1,2,6,0.000951529,0.000507832,207414,54185,414828
[RESULT] 1,2,7,0.000957251,0.000508547,207414,54185,414828
[RESULT] 1,2,8,0.000952005,0.000507116,207414,54185,414828
[RESULT] 1,2,9,0.000957012,0.000506163,207414,54185,414828
[RESULT] 0,2,0,0.001225710,0.000791073,202663,53459,405326
[RESULT] 0,2,1,0.001034737,0.000609875,202663,53459,405326
[RESULT] 0,2,2,0.001042366,0.000610352,202663,53459,405326
[RESULT] 0,2,3,0.001044035,0.000602484,202663,53459,405326
[RESULT] 0,2,4,0.001034498,0.000602722,202663,53459,405326
[RESULT] 0,2,5,0.001043320,0.000604868,202663,53459,405326
[RESULT] 0,2,6,0.001037359,0.000601530,202663,53459,405326
[RESULT] 0,2,7,0.001031876,0.000604868,202663,53459,405326
[RESULT] 0,2,8,0.001045704,0.000607729,202663,53459,405326
[RESULT] 0,2,9,0.001040936,0.000600100,202663,53459,405326

Benchmark Summary
Processes: 2
Iterations: 10
Matrix NNZ: 410077
Total execution time: 0.138 seconds
