Retrieving the matrix from '../data/bcsstk27.mtx'...
Real Matrix (Strong Scaling): Rows=1224 | Cols=1224 | NNZ=28675 | Procs=8
Matrix distributed and converted to CSR
Ghost columns identified: 3137 total ghost values needed
Local vector initialized (size=153 per process)
[RESULT] 0,8,0,0.000028610,0.000016212,3667,3137,7334
[RESULT] 0,8,1,0.000027657,0.000015497,3667,3137,7334
[RESULT] 0,8,2,0.000028372,0.000016451,3667,3137,7334
[RESULT] 0,8,3,0.000027657,0.000015497,3667,3137,7334
[RESULT] 0,8,4,0.000034332,0.000015259,3667,3137,7334
[RESULT] 0,8,5,0.000028372,0.000016451,3667,3137,7334
[RESULT] 0,8,6,0.000027180,0.000015259,3667,3137,7334
[RESULT] 0,8,7,0.000026703,0.000014782,3667,3137,7334
[RESULT] 0,8,8,0.000028849,0.000016928,3667,3137,7334
[RESULT] 0,8,9,0.000027657,0.000015736,3667,3137,7334

Benchmark Summary
[RESULT] 2,8,0,0.000028849,0.000015497,3641,3116,7282
[RESULT] 2,8,1,0.000029087,0.000016451,3641,3116,7282
[RESULT] 2,8,2,0.000028849,0.000016212,3641,3116,7282
[RESULT] 2,8,3,0.000028849,0.000016212,3641,3116,7282
[RESULT] 2,8,4,0.000035048,0.000015974,3641,3116,7282
[RESULT] 2,8,5,0.000029087,0.000016212,3641,3116,7282
[RESULT] 3,8,0,0.000029087,0.000016451,3500,2973,7000
[RESULT] 3,8,1,0.000029802,0.000017643,3500,2973,7000
[RESULT] 3,8,2,0.000028849,0.000016928,3500,2973,7000
[RESULT] 3,8,3,0.000027895,0.000016212,3500,2973,7000
[RESULT] 3,8,4,0.000033855,0.000017405,3500,2973,7000
[RESULT] 3,8,5,0.000029564,0.000017881,3500,2973,7000
[RESULT] 3,8,6,0.000029325,0.000017643,3500,2973,7000
[RESULT] 3,8,7,0.000028372,0.000016451,3500,2973,7000
[RESULT] 3,8,8,0.000029325,0.000017405,3500,2973,7000
[RESULT] 3,8,9,0.000027895,0.000016212,3500,2973,7000
Processes: 8
Iterations: 10
Matrix NNZ: 28675
Total execution time: 0.014 seconds
[RESULT] 1,8,0,0.000028849,0.000015974,3509,2981,7018
[RESULT] 1,8,1,0.000027895,0.000015259,3509,2981,7018
[RESULT] 1,8,2,0.000027180,0.000014782,3509,2981,7018
[RESULT] 1,8,3,0.000028849,0.000016451,3509,2981,7018
[RESULT] 1,8,4,0.000033379,0.000015497,3509,2981,7018
[RESULT] 1,8,5,0.000028610,0.000016451,3509,2981,7018
[RESULT] 1,8,6,0.000028372,0.000016212,3509,2981,7018
[RESULT] 1,8,7,0.000026703,0.000014305,3509,2981,7018
[RESULT] 1,8,8,0.000027895,0.000015736,3509,2981,7018
[RESULT] 1,8,9,0.000027657,0.000015497,3509,2981,7018
[RESULT] 2,8,6,0.000029325,0.000016451,3641,3116,7282
[RESULT] 2,8,7,0.000028849,0.000016212,3641,3116,7282
[RESULT] 2,8,8,0.000029087,0.000016451,3641,3116,7282
[RESULT] 2,8,9,0.000027895,0.000015020,3641,3116,7282
[RESULT] 4,8,0,0.000027657,0.000015259,3650,3122,7300
[RESULT] 4,8,1,0.000027180,0.000015259,3650,3122,7300
[RESULT] 4,8,2,0.000028133,0.000016451,3650,3122,7300
[RESULT] 4,8,3,0.000028133,0.000016451,3650,3122,7300
[RESULT] 4,8,4,0.000034094,0.000015736,3650,3122,7300
[RESULT] 4,8,5,0.000028372,0.000016689,3650,3122,7300
[RESULT] 4,8,6,0.000026941,0.000015259,3650,3122,7300
[RESULT] 4,8,7,0.000027418,0.000015736,3650,3122,7300
[RESULT] 4,8,8,0.000027657,0.000015974,3650,3122,7300
[RESULT] 4,8,9,0.000027895,0.000016212,3650,3122,7300
[RESULT] 5,8,0,0.000030279,0.000017166,3507,2978,7014
[RESULT] 5,8,1,0.000027657,0.000015259,3507,2978,7014
[RESULT] 5,8,2,0.000028133,0.000015497,3507,2978,7014
[RESULT] 5,8,3,0.000027180,0.000014782,3507,2978,7014
[RESULT] 5,8,4,0.000033140,0.000015259,3507,2978,7014
[RESULT] 5,8,5,0.000028849,0.000016451,3507,2978,7014
[RESULT] 5,8,6,0.000027418,0.000015259,3507,2978,7014
[RESULT] 5,8,7,0.000027180,0.000014782,3507,2978,7014
[RESULT] 5,8,8,0.000026941,0.000014782,3507,2978,7014
[RESULT] 5,8,9,0.000027180,0.000015020,3507,2978,7014
[RESULT] 6,8,0,0.000028849,0.000015974,3666,3135,7332
[RESULT] 6,8,1,0.000028610,0.000016212,3666,3135,7332
[RESULT] 6,8,2,0.000028133,0.000015497,3666,3135,7332
[RESULT] 6,8,3,0.000027895,0.000015259,3666,3135,7332
[RESULT] 6,8,4,0.000034332,0.000015736,3666,3135,7332
[RESULT] 6,8,5,0.000028133,0.000015736,3666,3135,7332
[RESULT] 6,8,6,0.000027418,0.000015020,3666,3135,7332
[RESULT] 6,8,7,0.000027418,0.000015020,3666,3135,7332
[RESULT] 6,8,8,0.000028372,0.000015736,3666,3135,7332
[RESULT] 6,8,9,0.000027895,0.000015736,3666,3135,7332
[RESULT] 7,8,0,0.000028372,0.000016451,3535,3004,7070
[RESULT] 7,8,1,0.000026703,0.000015020,3535,3004,7070
[RESULT] 7,8,2,0.000027657,0.000015974,3535,3004,7070
[RESULT] 7,8,3,0.000026941,0.000015497,3535,3004,7070
[RESULT] 7,8,4,0.000033379,0.000015497,3535,3004,7070
[RESULT] 7,8,5,0.000028133,0.000016689,3535,3004,7070
[RESULT] 7,8,6,0.000026226,0.000014782,3535,3004,7070
[RESULT] 7,8,7,0.000027418,0.000015497,3535,3004,7070
[RESULT] 7,8,8,0.000026226,0.000014782,3535,3004,7070
[RESULT] 7,8,9,0.000026703,0.000015259,3535,3004,7070
