Retrieving the matrix from '../data/Andrews.mtx'...
Real Matrix (Strong Scaling): Rows=60000 | Cols=60000 | NNZ=410077 | Procs=8
Matrix distributed and converted to CSR
Ghost columns identified: 35617 total ghost values needed
Local vector initialized (size=7500 per process)
[RESULT] 0,8,0,0.000735998,0.000276327,50623,35617,101246
[RESULT] 0,8,1,0.000597954,0.000144005,50623,35617,101246
[RESULT] 0,8,2,0.000580311,0.000137806,50623,35617,101246
[RESULT] 0,8,3,0.000589609,0.000139952,50623,35617,101246
[RESULT] 0,8,4,0.000586510,0.000137091,50623,35617,101246
[RESULT] 0,8,5,0.000586987,0.000137091,50623,35617,101246
[RESULT] 0,8,6,0.000581264,0.000136137,50623,35617,101246
[RESULT] 0,8,7,0.000590324,0.000137329,50623,35617,101246
[RESULT] 0,8,8,0.000588179,0.000137091,50623,35617,101246
[RESULT] 0,8,9,0.000580072,0.000137806,50623,35617,101246

Benchmark Summary
Processes: 8
Iterations: 10
Matrix NNZ: 410077
Total execution time: 0.130 seconds
[RESULT] 1,8,0,0.000735044,0.000270367,51802,36707,103604
[RESULT] 1,8,1,0.000613451,0.000144482,51802,36707,103604
[RESULT] 1,8,2,0.000582218,0.000133514,51802,36707,103604
[RESULT] 1,8,3,0.000599146,0.000139713,51802,36707,103604
[RESULT] 1,8,4,0.000585556,0.000134706,51802,36707,103604
[RESULT] 1,8,5,0.000591755,0.000132799,51802,36707,103604
[RESULT] 1,8,6,0.000587702,0.000134230,51802,36707,103604
[RESULT] 1,8,7,0.000590563,0.000136614,51802,36707,103604
[RESULT] 1,8,8,0.000594139,0.000134945,51802,36707,103604
[RESULT] 1,8,9,0.000587463,0.000137329,51802,36707,103604
[RESULT] 2,8,0,0.000714064,0.000265360,50656,35748,101312
[RESULT] 2,8,1,0.000587463,0.000133514,50656,35748,101312
[RESULT] 2,8,2,0.000572920,0.000133038,50656,35748,101312
[RESULT] 2,8,3,0.000574350,0.000131369,50656,35748,101312
[RESULT] 2,8,4,0.000568151,0.000131130,50656,35748,101312
[RESULT] 2,8,5,0.000576735,0.000131369,50656,35748,101312
[RESULT] 2,8,6,0.000571489,0.000130177,50656,35748,101312
[RESULT] 2,8,7,0.000574589,0.000132561,50656,35748,101312
[RESULT] 2,8,8,0.000578642,0.000130892,50656,35748,101312
[RESULT] 2,8,9,0.000569344,0.000129700,50656,35748,101312
[RESULT] 3,8,0,0.000712395,0.000255108,51507,36280,103014
[RESULT] 3,8,1,0.000599623,0.000132799,51507,36280,103014
[RESULT] 3,8,2,0.000586510,0.000134468,51507,36280,103014
[RESULT] 3,8,3,0.000590801,0.000134230,51507,36280,103014
[RESULT] 3,8,4,0.000583887,0.000133276,51507,36280,103014
[RESULT] 3,8,5,0.000590086,0.000131369,51507,36280,103014
[RESULT] 3,8,6,0.000588179,0.000130892,51507,36280,103014
[RESULT] 3,8,7,0.000587225,0.000133276,51507,36280,103014
[RESULT] 3,8,8,0.000589132,0.000130415,51507,36280,103014
[RESULT] 3,8,9,0.000582933,0.000131369,51507,36280,103014
[RESULT] 4,8,0,0.000703096,0.000264406,50521,35725,101042
[RESULT] 4,8,1,0.000591040,0.000137329,50521,35725,101042
[RESULT] 4,8,2,0.000564098,0.000128508,50521,35725,101042
[RESULT] 4,8,3,0.000571012,0.000127792,50521,35725,101042
[RESULT] 4,8,4,0.000562191,0.000126362,50521,35725,101042
[RESULT] 4,8,5,0.000568151,0.000127077,50521,35725,101042
[RESULT] 4,8,6,0.000574589,0.000123978,50521,35725,101042
[RESULT] 4,8,7,0.000566244,0.000128746,50521,35725,101042
[RESULT] 4,8,8,0.000572205,0.000128269,50521,35725,101042
[RESULT] 4,8,9,0.000563622,0.000126600,50521,35725,101042
[RESULT] 5,8,0,0.000699282,0.000261784,52386,37119,104772
[RESULT] 5,8,1,0.000581264,0.000127316,52386,37119,104772
[RESULT] 5,8,2,0.000564337,0.000125647,52386,37119,104772
[RESULT] 5,8,3,0.000562429,0.000125408,52386,37119,104772
[RESULT] 5,8,4,0.000555992,0.000124931,52386,37119,104772
[RESULT] 5,8,5,0.000571489,0.000128269,52386,37119,104772
[RESULT] 5,8,6,0.000563145,0.000125170,52386,37119,104772
[RESULT] 5,8,7,0.000557661,0.000126839,52386,37119,104772
[RESULT] 5,8,8,0.000564098,0.000126600,52386,37119,104772
[RESULT] 5,8,9,0.000557899,0.000125885,52386,37119,104772
[RESULT] 6,8,0,0.000698805,0.000250101,50863,35902,101726
[RESULT] 6,8,1,0.000572205,0.000122786,50863,35902,101726
[RESULT] 6,8,2,0.000561953,0.000119925,50863,35902,101726
[RESULT] 6,8,3,0.000566483,0.000118971,50863,35902,101726
[RESULT] 6,8,4,0.000571728,0.000118494,50863,35902,101726
[RESULT] 6,8,5,0.000569582,0.000121117,50863,35902,101726
[RESULT] 6,8,6,0.000566483,0.000120878,50863,35902,101726
[RESULT] 6,8,7,0.000570774,0.000118732,50863,35902,101726
[RESULT] 6,8,8,0.000571012,0.000117302,50863,35902,101726
[RESULT] 6,8,9,0.000570297,0.000117540,50863,35902,101726
[RESULT] 7,8,0,0.000683784,0.000249147,51719,36647,103438
[RESULT] 7,8,1,0.000576019,0.000127316,51719,36647,103438
[RESULT] 7,8,2,0.000554323,0.000122070,51719,36647,103438
[RESULT] 7,8,3,0.000562906,0.000127316,51719,36647,103438
[RESULT] 7,8,4,0.000554562,0.000126362,51719,36647,103438
[RESULT] 7,8,5,0.000565767,0.000127077,51719,36647,103438
[RESULT] 7,8,6,0.000560999,0.000128269,51719,36647,103438
[RESULT] 7,8,7,0.000553608,0.000126362,51719,36647,103438
[RESULT] 7,8,8,0.000561714,0.000127554,51719,36647,103438
[RESULT] 7,8,9,0.000555277,0.000127077,51719,36647,103438
