Retrieving the matrix from '../data/Hook_1498.mtx'...
Real Matrix (Strong Scaling): Rows=1498023 | Cols=1498023 | NNZ=31207734 | Procs=4
Matrix distributed and converted to CSR
Ghost columns identified: 5692709 total ghost values needed
Local vector initialized (size=374506 per process)
[RESULT] 3,4,0,0.103660583,0.090598583,7803735,5691972,15607470
[RESULT] 3,4,1,0.083706856,0.070639133,7803735,5691972,15607470
[RESULT] 3,4,2,0.082829714,0.069786549,7803735,5691972,15607470
[RESULT] 3,4,3,0.093639135,0.080614805,7803735,5691972,15607470
[RESULT] 3,4,4,0.101535559,0.088462353,7803735,5691972,15607470
[RESULT] 3,4,5,0.080650330,0.067528486,7803735,5691972,15607470
[RESULT] 3,4,6,0.082335472,0.069286346,7803735,5691972,15607470
[RESULT] 3,4,7,0.079815388,0.066740990,7803735,5691972,15607470
[RESULT] 3,4,8,0.081519127,0.068430424,7803735,5691972,15607470
[RESULT] 3,4,9,0.080995798,0.067820787,7803735,5691972,15607470
[RESULT] 2,4,0,0.107256413,0.093563795,7800588,5690589,15601176
[RESULT] 2,4,1,0.087035894,0.073230982,7800588,5690589,15601176
[RESULT] 2,4,2,0.087010860,0.073036194,7800588,5690589,15601176
[RESULT] 2,4,3,0.099223614,0.085337400,7800588,5690589,15601176
[RESULT] 2,4,4,0.106829405,0.093200684,7800588,5690589,15601176
[RESULT] 2,4,5,0.086004496,0.072264194,7800588,5690589,15601176
[RESULT] 2,4,6,0.087296009,0.073142052,7800588,5690589,15601176
[RESULT] 2,4,7,0.087108850,0.072833776,7800588,5690589,15601176
[RESULT] 2,4,8,0.085547209,0.071485758,7800588,5690589,15601176
[RESULT] 2,4,9,0.085449219,0.071664333,7800588,5690589,15601176
[RESULT] 1,4,0,0.106029987,0.079045057,7800863,5692751,15601726
[RESULT] 1,4,1,0.085155249,0.057765722,7800863,5692751,15601726
[RESULT] 1,4,2,0.087810755,0.059202433,7800863,5692751,15601726
[RESULT] 1,4,3,0.101786852,0.074138641,7800863,5692751,15601726
[RESULT] 1,4,4,0.110797405,0.081774235,7800863,5692751,15601726
[RESULT] 1,4,5,0.088999271,0.060328484,7800863,5692751,15601726
[RESULT] 1,4,6,0.090073824,0.061181545,7800863,5692751,15601726
[RESULT] 1,4,7,0.089994907,0.061586142,7800863,5692751,15601726
[RESULT] 1,4,8,0.089488745,0.060727119,7800863,5692751,15601726
[RESULT] 1,4,9,0.088725567,0.060908318,7800863,5692751,15601726
[RESULT] 0,4,0,0.125613689,0.097052336,7802548,5692709,15605096
[RESULT] 0,4,1,0.103182554,0.074674129,7802548,5692709,15605096
[RESULT] 0,4,2,0.101793051,0.073645592,7802548,5692709,15605096
[RESULT] 0,4,3,0.114552259,0.086291552,7802548,5692709,15605096
[RESULT] 0,4,4,0.122006416,0.093614340,7802548,5692709,15605096
[RESULT] 0,4,5,0.101693869,0.073400259,7802548,5692709,15605096
[RESULT] 0,4,6,0.101169348,0.072922707,7802548,5692709,15605096
[RESULT] 0,4,7,0.102260828,0.073860407,7802548,5692709,15605096
[RESULT] 0,4,8,0.102599621,0.073860168,7802548,5692709,15605096
[RESULT] 0,4,9,0.102240086,0.073682308,7802548,5692709,15605096

Benchmark Summary
Processes: 4
Iterations: 10
Matrix NNZ: 31207734
Total execution time: 17.995 seconds
