Retrieving the matrix from '../data/Hook_1498.mtx'...
Real Matrix (Strong Scaling): Rows=1498023 | Cols=1498023 | NNZ=31207734 | Procs=128
Matrix distributed and converted to CSR
Ghost columns identified: 229699 total ghost values needed
Local vector initialized (size=11704 per process)
[RESULT] 59,128,0,1.593943357,1.591312885,244677,231819,489354
[RESULT] 59,128,1,1.410943508,1.408267736,244677,231819,489354
[RESULT] 59,128,2,1.410943031,1.408315182,244677,231819,489354
[RESULT] 59,128,3,1.762938261,1.760293484,244677,231819,489354
[RESULT] 59,128,4,1.408495903,1.404426098,244677,231819,489354
[RESULT] 59,128,5,1.406949759,1.404327631,244677,231819,489354
[RESULT] 59,128,6,1.411239386,1.408650160,244677,231819,489354
[RESULT] 59,128,7,1.411236763,1.408680916,244677,231819,489354
[RESULT] 59,128,8,1.411236525,1.408679724,244677,231819,489354
[RESULT] 59,128,9,1.418216228,1.415663958,244677,231819,489354
[RESULT] 65,128,0,1.791733027,1.789087534,243162,230303,486324
[RESULT] 65,128,1,1.794730902,1.792077065,243162,230303,486324
[RESULT] 65,128,2,1.793281317,1.667536974,243162,230303,486324
[RESULT] 65,128,3,1.666702747,1.664110422,243162,230303,486324
[RESULT] 65,128,4,1.795738935,1.793100834,243162,230303,486324
[RESULT] 65,128,5,1.797791719,1.795085907,243162,230303,486324
[RESULT] 65,128,6,1.794755459,1.792071581,243162,230303,486324
[RESULT] 65,128,7,1.793720484,1.791061163,243162,230303,486324
[RESULT] 65,128,8,1.922706604,1.920059681,243162,230303,486324
[RESULT] 65,128,9,1.794407368,1.791768551,243162,230303,486324
[RESULT] 53,128,0,1.663751364,1.661054850,244257,231373,488514
[RESULT] 53,128,1,1.670776129,1.668069124,244257,231373,488514
[RESULT] 53,128,2,1.669759035,1.667047739,244257,231373,488514
[RESULT] 53,128,3,1.538804531,1.536097527,244257,231373,488514
[RESULT] 53,128,4,1.667782068,1.665084124,244257,231373,488514
[RESULT] 53,128,5,1.669755459,1.667084217,244257,231373,488514
[RESULT] 53,128,6,1.666760445,1.664044380,244257,231373,488514
[RESULT] 53,128,7,1.537767410,1.535111666,244257,231373,488514
[RESULT] 53,128,8,1.794741631,1.792038679,244257,231373,488514
[RESULT] 53,128,9,1.665809393,1.663109064,244257,231373,488514
[RESULT] 57,128,0,1.667791605,1.665052414,244266,231376,488532
[RESULT] 57,128,1,1.666799307,1.664057493,244266,231376,488532
[RESULT] 57,128,2,1.538760185,1.536097050,244266,231376,488532
[RESULT] 57,128,3,1.538751602,1.536073208,244266,231376,488532
[RESULT] 57,128,4,1.797682762,1.669076204,244266,231376,488532
[RESULT] 57,128,5,1.665781498,1.663025141,244266,231376,488532
[RESULT] 57,128,6,1.664818525,1.538134098,244266,231376,488532
[RESULT] 57,128,7,1.537701368,1.535080671,244266,231376,488532
[RESULT] 57,128,8,1.670804501,1.668063402,244266,231376,488532
[RESULT] 57,128,9,1.665907860,1.663126707,244266,231376,488532
[RESULT] 61,128,0,1.535694838,1.533055544,245151,232336,490302
[RESULT] 61,128,1,1.538719416,1.536065340,245151,232336,490302
[RESULT] 61,128,2,1.541678429,1.539012194,245151,232336,490302
[RESULT] 61,128,3,1.410702705,1.408094645,245151,232336,490302
[RESULT] 61,128,4,1.539716959,1.537053823,245151,232336,490302
[RESULT] 61,128,5,1.537680864,1.535062551,245151,232336,490302
[RESULT] 61,128,6,1.538733006,1.536092520,245151,232336,490302
[RESULT] 61,128,7,1.665730000,1.663064241,245151,232336,490302
[RESULT] 61,128,8,1.666721106,1.664094687,245151,232336,490302
[RESULT] 61,128,9,1.665734291,1.663068295,245151,232336,490302
[RESULT] 49,128,0,1.795799255,1.793070316,243186,230328,486372
[RESULT] 49,128,1,1.794790506,1.792049646,243186,230328,486372
[RESULT] 49,128,2,1.793752909,1.791043043,243186,230328,486372
[RESULT] 49,128,3,1.666758060,1.664063454,243186,230328,486372
[RESULT] 49,128,4,1.917664766,1.789074421,243186,230328,486372
[RESULT] 49,128,5,1.797733307,1.795041561,243186,230328,486372
[RESULT] 49,128,6,1.666728020,1.664071560,243186,230328,486372
[RESULT] 49,128,7,1.637720108,1.635065556,243186,230328,486372
[RESULT] 49,128,8,1.794727325,1.792064667,243186,230328,486372
[RESULT] 49,128,9,1.793809652,1.791100502,243186,230328,486372
[RESULT] 58,128,0,1.919862747,1.791086912,244506,231667,489012
[RESULT] 58,128,1,1.669046164,1.540108204,244506,231667,489012
[RESULT] 58,128,2,1.664970875,1.536079884,244506,231667,489012
[RESULT] 58,128,3,1.795866013,1.667094469,244506,231667,489012
[RESULT] 58,128,4,1.789907932,1.659093618,244506,231667,489012
[RESULT] 58,128,5,1.911532402,1.528080225,244506,231667,489012
[RESULT] 58,128,6,1.539989471,1.537074327,244506,231667,489012
[RESULT] 58,128,7,1.537158489,1.534080982,244506,231667,489012
[RESULT] 58,128,8,1.542157412,1.539099216,244506,231667,489012
[RESULT] 58,128,9,1.534092426,1.531084299,244506,231667,489012
[RESULT] 67,128,0,1.769796371,1.767026663,243576,230736,487152
[RESULT] 67,128,1,1.762789011,1.760022402,243576,230736,487152
[RESULT] 67,128,2,1.762805700,1.760025024,243576,230736,487152
[RESULT] 67,128,3,1.762892962,1.760109186,243576,230736,487152
[RESULT] 67,128,4,1.769811153,1.767028332,243576,230736,487152
[RESULT] 67,128,5,1.758855343,1.756073713,243576,230736,487152
[RESULT] 67,128,6,1.763187647,1.760651827,243576,230736,487152
[RESULT] 67,128,7,1.763149977,1.760587931,243576,230736,487152
[RESULT] 67,128,8,1.763232470,1.760657549,243576,230736,487152
[RESULT] 67,128,9,1.759231329,1.756673098,243576,230736,487152
[RESULT] 54,128,0,1.919709682,1.791080952,244209,231346,488418
[RESULT] 54,128,1,1.764727592,1.636069298,244209,231346,488418
[RESULT] 54,128,2,1.660785437,1.532066822,244209,231346,488418
[RESULT] 54,128,3,1.795728445,1.667101145,244209,231346,488418
[RESULT] 54,128,4,1.793644905,1.663076878,244209,231346,488418
[RESULT] 54,128,5,1.788680792,1.532123804,244209,231346,488418
[RESULT] 54,128,6,1.539932013,1.537098408,244209,231346,488418
[RESULT] 54,128,7,1.533206224,1.530108690,244209,231346,488418
[RESULT] 54,128,8,1.538151741,1.535082102,244209,231346,488418
[RESULT] 54,128,9,1.538038731,1.535083532,244209,231346,488418
[RESULT] 56,128,0,1.765098572,1.636009455,244593,231698,489186
[RESULT] 56,128,1,1.922127008,1.793092251,244593,231698,489186
[RESULT] 56,128,2,1.796140194,1.667156458,244593,231698,489186
[RESULT] 56,128,3,1.792053938,1.663128853,244593,231698,489186
[RESULT] 56,128,4,1.665105581,1.536198378,244593,231698,489186
[RESULT] 56,128,5,1.661950350,1.533122301,244593,231698,489186
[RESULT] 56,128,6,1.782027245,1.653126240,244593,231698,489186
[RESULT] 56,128,7,1.791986465,1.663114071,244593,231698,489186
[RESULT] 56,128,8,1.668998718,1.537195444,244593,231698,489186
[RESULT] 56,128,9,1.652058840,1.523134470,244593,231698,489186
[RESULT] 47,128,0,1.417789936,1.415098667,245127,232273,490254
[RESULT] 47,128,1,1.762757778,1.760049343,245127,232273,490254
[RESULT] 47,128,2,1.762806892,1.760101080,245127,232273,490254
[RESULT] 47,128,3,1.762817144,1.760123253,245127,232273,490254
[RESULT] 47,128,4,1.419332743,1.415147543,245127,232273,490254
[RESULT] 47,128,5,1.406809330,1.404092789,245127,232273,490254
[RESULT] 47,128,6,1.410817623,1.408113480,245127,232273,490254
[RESULT] 47,128,7,1.410817385,1.408109665,245127,232273,490254
[RESULT] 47,128,8,1.410803556,1.408105135,245127,232273,490254
[RESULT] 47,128,9,1.406856060,1.404135704,245127,232273,490254
[RESULT] 77,128,0,1.667619467,1.665071726,244422,231544,488844
[RESULT] 77,128,1,1.666739464,1.664086103,244422,231544,488844
[RESULT] 77,128,2,1.665732622,1.663062572,244422,231544,488844
[RESULT] 77,128,3,1.666761875,1.664066553,244422,231544,488844
[RESULT] 77,128,4,1.663702726,1.661193371,244422,231544,488844
[RESULT] 77,128,5,1.669685602,1.667079210,244422,231544,488844
[RESULT] 77,128,6,1.794682980,1.792041779,244422,231544,488844
[RESULT] 77,128,7,1.793701649,1.791039467,244422,231544,488844
[RESULT] 77,128,8,1.922712803,1.920041561,244422,231544,488844
[RESULT] 77,128,9,1.797711372,1.795055151,244422,231544,488844
[RESULT] 62,128,0,1.791586161,1.663076162,243903,231042,487806
[RESULT] 62,128,1,1.664591551,1.536092281,243903,231042,487806
[RESULT] 62,128,2,1.536661625,1.408106089,243903,231042,487806
[RESULT] 62,128,3,1.663593531,1.535024643,243903,231042,487806
[RESULT] 62,128,4,1.661616802,1.531089544,243903,231042,487806
[RESULT] 62,128,5,1.819567919,1.436121464,243903,231042,487806
[RESULT] 62,128,6,1.539933920,1.537113428,243903,231042,487806
[RESULT] 62,128,7,1.411106586,1.408119440,243903,231042,487806
[RESULT] 62,128,8,1.410126686,1.407132387,243903,231042,487806
[RESULT] 62,128,9,1.549939871,1.547108173,243903,231042,487806
[RESULT] 45,128,0,1.923738003,1.921037674,244656,231785,489312
[RESULT] 45,128,1,1.922727108,1.920044184,244656,231785,489312
[RESULT] 45,128,2,1.921708107,1.919037580,244656,231785,489312
[RESULT] 45,128,3,1.794717312,1.792037725,244656,231785,489312
[RESULT] 45,128,4,2.085585356,1.957047462,244656,231785,489312
[RESULT] 45,128,5,1.797734022,1.795060396,244656,231785,489312
[RESULT] 45,128,6,1.790693521,1.788039923,244656,231785,489312
[RESULT] 45,128,7,1.797701359,1.795036793,244656,231785,489312
[RESULT] 45,128,8,1.794734478,1.792068720,244656,231785,489312
[RESULT] 45,128,9,1.793733835,1.791084051,244656,231785,489312
[RESULT] 64,128,0,1.868518114,1.735633373,243090,230222,486180
[RESULT] 64,128,1,1.917937040,1.789129972,243090,230222,486180
[RESULT] 64,128,2,1.792009115,1.663148165,243090,230222,486180
[RESULT] 64,128,3,1.916991949,1.788177490,243090,230222,486180
[RESULT] 64,128,4,1.924809694,1.796148300,243090,230222,486180
[RESULT] 64,128,5,1.924832344,1.796131611,243090,230222,486180
[RESULT] 64,128,6,2.044904709,1.916120768,243090,230222,486180
[RESULT] 64,128,7,2.054831266,1.927095890,243090,230222,486180
[RESULT] 64,128,8,2.044852495,1.916095018,243090,230222,486180
[RESULT] 64,128,9,1.920953989,1.792149067,243090,230222,486180
[RESULT] 86,128,0,1.791730165,1.663074970,244431,231541,488862
[RESULT] 86,128,1,1.688925505,1.560106277,244431,231541,488862
[RESULT] 86,128,2,1.668756723,1.540078402,244431,231541,488862
[RESULT] 86,128,3,1.795818567,1.667134047,244431,231541,488862
[RESULT] 86,128,4,1.797765255,1.669126987,244431,231541,488862
[RESULT] 86,128,5,1.921577454,1.663120270,244431,231541,488862
[RESULT] 86,128,6,1.584617376,1.581145525,244431,231541,488862
[RESULT] 86,128,7,1.668749094,1.665155888,244431,231541,488862
[RESULT] 86,128,8,1.666646481,1.663141966,244431,231541,488862
[RESULT] 86,128,9,1.546519279,1.543152809,244431,231541,488862
[RESULT] 50,128,0,2.047683716,1.919064760,242886,230088,485772
[RESULT] 50,128,1,1.788820982,1.660099745,242886,230088,485772
[RESULT] 50,128,2,1.799697638,1.671087980,242886,230088,485772
[RESULT] 50,128,3,1.923725605,1.795070887,242886,230088,485772
[RESULT] 50,128,4,1.799862385,1.673183203,242886,230088,485772
[RESULT] 50,128,5,1.791615963,1.664096832,242886,230088,485772
[RESULT] 50,128,6,1.785759926,1.657091618,242886,230088,485772
[RESULT] 50,128,7,1.797799349,1.666084290,242886,230088,485772
[RESULT] 50,128,8,1.791841030,1.663098335,242886,230088,485772
[RESULT] 50,128,9,1.672013283,1.543135881,242886,230088,485772
[RESULT] 41,128,0,1.919877768,1.917111158,243243,230425,486486
[RESULT] 41,128,1,1.922770739,1.920047998,243243,230425,486486
[RESULT] 41,128,2,1.925765991,1.923051357,243243,230425,486486
[RESULT] 41,128,3,1.922778368,1.920049906,243243,230425,486486
[RESULT] 41,128,4,1.923795938,1.921062946,243243,230425,486486
[RESULT] 41,128,5,1.921784878,1.919053316,243243,230425,486486
[RESULT] 41,128,6,1.922753572,1.920043945,243243,230425,486486
[RESULT] 41,128,7,1.921795130,1.919037342,243243,230425,486486
[RESULT] 41,128,8,1.922779560,1.920056343,243243,230425,486486
[RESULT] 41,128,9,1.921828985,1.919054508,243243,230425,486486
[RESULT] 73,128,0,1.791779995,1.789067268,243648,230779,487296
[RESULT] 73,128,1,1.790857553,1.788074970,243648,230779,487296
[RESULT] 73,128,2,1.666753054,1.664094687,243648,230779,487296
[RESULT] 73,128,3,1.666795969,1.664103746,243648,230779,487296
[RESULT] 73,128,4,1.795809269,1.793103933,243648,230779,487296
[RESULT] 73,128,5,1.793807030,1.791094065,243648,230779,487296
[RESULT] 73,128,6,1.919780254,1.917058229,243648,230779,487296
[RESULT] 73,128,7,1.919550896,1.792775869,243648,230779,487296
[RESULT] 73,128,8,1.922778845,1.920057535,243648,230779,487296
[RESULT] 73,128,9,1.921829462,1.919049025,243648,230779,487296
[RESULT] 85,128,0,1.835723639,1.833051682,244710,231853,489420
[RESULT] 85,128,1,1.666786432,1.664045811,244710,231853,489420
[RESULT] 85,128,2,1.538814306,1.536199093,244710,231853,489420
[RESULT] 85,128,3,1.666773081,1.664072514,244710,231853,489420
[RESULT] 85,128,4,1.795735836,1.793076992,244710,231853,489420
[RESULT] 85,128,5,1.662309647,1.659662485,244710,231853,489420
[RESULT] 85,128,6,1.791756392,1.789073944,244710,231853,489420
[RESULT] 85,128,7,1.665786028,1.663124084,244710,231853,489420
[RESULT] 85,128,8,1.794754982,1.792113781,244710,231853,489420
[RESULT] 85,128,9,1.793863773,1.791122913,244710,231853,489420
[RESULT] 75,128,0,1.769798756,1.766970396,244134,231205,488268
[RESULT] 75,128,1,1.762874126,1.760029316,244134,231205,488268
[RESULT] 75,128,2,1.762867451,1.760033369,244134,231205,488268
[RESULT] 75,128,3,1.762857199,1.760030985,244134,231205,488268
[RESULT] 75,128,4,1.771334410,1.767056704,244134,231205,488268
[RESULT] 75,128,5,1.758935452,1.756115437,244134,231205,488268
[RESULT] 75,128,6,1.762974501,1.760244370,244134,231205,488268
[RESULT] 75,128,7,1.762952566,1.760282278,244134,231205,488268
[RESULT] 75,128,8,1.762963295,1.760278940,244134,231205,488268
[RESULT] 75,128,9,1.758956671,1.756187677,244134,231205,488268
[RESULT] 48,128,0,1.754605055,1.722096920,244452,231569,488904
[RESULT] 48,128,1,1.953888416,1.825145960,244452,231569,488904
[RESULT] 48,128,2,1.919882298,1.791126013,244452,231569,488904
[RESULT] 48,128,3,1.920837402,1.792129993,244452,231569,488904
[RESULT] 48,128,4,1.796720028,1.668118000,244452,231569,488904
[RESULT] 48,128,5,1.793683529,1.665113688,244452,231569,488904
[RESULT] 48,128,6,1.924757242,1.796124458,244452,231569,488904
[RESULT] 48,128,7,1.922698736,1.795101643,244452,231569,488904
[RESULT] 48,128,8,1.916754484,1.788088322,244452,231569,488904
[RESULT] 48,128,9,1.791862965,1.663166523,244452,231569,488904
[RESULT] 70,128,0,1.791154385,1.538357973,244803,231959,489606
[RESULT] 70,128,1,1.796843052,1.668085575,244803,231959,489606
[RESULT] 70,128,2,1.783764124,1.655100346,244803,231959,489606
[RESULT] 70,128,3,1.747815371,1.619100094,244803,231959,489606
[RESULT] 70,128,4,1.797900677,1.671100378,244803,231959,489606
[RESULT] 70,128,5,2.051499367,1.664082766,244803,231959,489606
[RESULT] 70,128,6,1.796239853,1.793116331,244803,231959,489606
[RESULT] 70,128,7,1.668314934,1.665117502,244803,231959,489606
[RESULT] 70,128,8,1.666210413,1.663108110,244803,231959,489606
[RESULT] 70,128,9,1.666085243,1.663101435,244803,231959,489606
[RESULT] 60,128,0,1.736814499,1.610102415,245178,232337,490356
[RESULT] 60,128,1,1.797855854,1.669131517,245178,232337,490356
[RESULT] 60,128,2,1.795755386,1.667109489,245178,232337,490356
[RESULT] 60,128,3,1.791695595,1.663105965,245178,232337,490356
[RESULT] 60,128,4,1.661585569,1.533108950,245178,232337,490356
[RESULT] 60,128,5,1.665517092,1.537014008,245178,232337,490356
[RESULT] 60,128,6,1.793669224,1.665123701,245178,232337,490356
[RESULT] 60,128,7,1.794580221,1.667123079,245178,232337,490356
[RESULT] 60,128,8,1.663664818,1.535154343,245178,232337,490356
[RESULT] 60,128,9,1.663712025,1.535145521,245178,232337,490356
[RESULT] 69,128,0,1.795787811,1.793061733,244254,231418,488508
[RESULT] 69,128,1,1.666792393,1.664074659,244254,231418,488508
[RESULT] 69,128,2,1.665774107,1.663084984,244254,231418,488508
[RESULT] 69,128,3,1.666789770,1.664073467,244254,231418,488508
[RESULT] 69,128,4,1.795820713,1.793076277,244254,231418,488508
[RESULT] 69,128,5,1.793798923,1.791043043,244254,231418,488508
[RESULT] 69,128,6,1.794775724,1.792090654,244254,231418,488508
[RESULT] 69,128,7,1.793793917,1.791096687,244254,231418,488508
[RESULT] 69,128,8,1.922765017,1.920072794,244254,231418,488508
[RESULT] 69,128,9,1.921786785,1.919065237,244254,231418,488508
[RESULT] 74,128,0,1.796112537,1.667106867,243957,231078,487914
[RESULT] 74,128,1,1.796989202,1.668115139,243957,231078,487914
[RESULT] 74,128,2,1.791962624,1.663107872,243957,231078,487914
[RESULT] 74,128,3,1.791862249,1.663093567,243957,231078,487914
[RESULT] 74,128,4,1.663919687,1.535114050,243957,231078,487914
[RESULT] 74,128,5,1.790254116,1.532115936,243957,231078,487914
[RESULT] 74,128,6,1.668152094,1.665104389,243957,231078,487914
[RESULT] 74,128,7,1.664170504,1.661087751,243957,231078,487914
[RESULT] 74,128,8,1.666119814,1.663092136,243957,231078,487914
[RESULT] 74,128,9,1.662058830,1.659090757,243957,231078,487914
[RESULT] 55,128,0,1.758777380,1.756008625,243666,230803,487332
[RESULT] 55,128,1,1.762845993,1.760074615,243666,230803,487332
[RESULT] 55,128,2,1.751787663,1.749020815,243666,230803,487332
[RESULT] 55,128,3,1.762781143,1.760025978,243666,230803,487332
[RESULT] 55,128,4,1.419250965,1.415040970,243666,230803,487332
[RESULT] 55,128,5,1.406772614,1.404004574,243666,230803,487332
[RESULT] 55,128,6,1.410789013,1.408024311,243666,230803,487332
[RESULT] 55,128,7,1.410873413,1.408092260,243666,230803,487332
[RESULT] 55,128,8,1.410792828,1.408037663,243666,230803,487332
[RESULT] 55,128,9,1.406872511,1.404124260,243666,230803,487332
[RESULT] 81,128,0,1.923738718,1.921063185,243678,230807,487356
[RESULT] 81,128,1,1.666682243,1.664152861,243678,230807,487356
[RESULT] 81,128,2,1.665680885,1.663109303,243678,230807,487356
[RESULT] 81,128,3,1.666658640,1.664067030,243678,230807,487356
[RESULT] 81,128,4,1.795711756,1.793036461,243678,230807,487356
[RESULT] 81,128,5,1.665725470,1.663150549,243678,230807,487356
[RESULT] 81,128,6,1.794737101,1.792101145,243678,230807,487356
[RESULT] 81,128,7,1.797735691,1.795085430,243678,230807,487356
[RESULT] 81,128,8,1.922731400,1.920072079,243678,230807,487356
[RESULT] 81,128,9,1.921822548,1.919065952,243678,230807,487356
[RESULT] 37,128,0,2.175735950,2.173033237,243335,230500,486670
[RESULT] 37,128,1,2.054743052,2.052043915,243335,230500,486670
[RESULT] 37,128,2,2.049726725,2.047035694,243335,230500,486670
[RESULT] 37,128,3,2.050736666,2.048043251,243335,230500,486670
[RESULT] 37,128,4,2.301656246,2.173048496,243335,230500,486670
[RESULT] 37,128,5,2.053732634,2.051039696,243335,230500,486670
[RESULT] 37,128,6,2.051732779,2.049041033,243335,230500,486670
[RESULT] 37,128,7,2.049757957,2.047042131,243335,230500,486670
[RESULT] 37,128,8,2.050726175,2.048047543,243335,230500,486670
[RESULT] 37,128,9,2.017828703,2.015082836,243335,230500,486670
[RESULT] 21,128,0,2.051693201,2.049039602,243994,231136,487988
[RESULT] 21,128,1,2.050715685,2.048048019,243994,231136,487988
[RESULT] 21,128,2,2.049719095,2.047043324,243994,231136,487988
[RESULT] 21,128,3,1.922807217,1.920156240,243994,231136,487988
[RESULT] 21,128,4,2.051695108,2.049057722,243994,231136,487988
[RESULT] 21,128,5,2.045675755,2.043041706,243994,231136,487988
[RESULT] 21,128,6,1.923705816,1.921036005,243994,231136,487988
[RESULT] 21,128,7,1.793732405,1.791068316,243994,231136,487988
[RESULT] 21,128,8,2.050693989,2.048038483,243994,231136,487988
[RESULT] 21,128,9,1.925818920,1.923083782,243994,231136,487988
[RESULT] 78,128,0,1.791519642,1.663091183,244062,231181,488124
[RESULT] 78,128,1,1.664558887,1.536175728,244062,231181,488124
[RESULT] 78,128,2,1.661517859,1.533097744,244062,231181,488124
[RESULT] 78,128,3,1.663470507,1.535094738,244062,231181,488124
[RESULT] 78,128,4,1.665484667,1.539108038,244062,231181,488124
[RESULT] 78,128,5,1.671430588,1.540071249,244062,231181,488124
[RESULT] 78,128,6,1.668482780,1.539920330,244062,231181,488124
[RESULT] 78,128,7,1.665622473,1.537093163,244062,231181,488124
[RESULT] 78,128,8,1.659694910,1.531085730,244062,231181,488124
[RESULT] 78,128,9,1.591517448,1.463090658,244062,231181,488124
[RESULT] 9,128,0,2.051743269,2.049111605,243370,230457,486740
[RESULT] 9,128,1,2.050772905,2.048109770,243370,230457,486740
[RESULT] 9,128,2,2.013742208,2.011100292,243370,230457,486740
[RESULT] 9,128,3,2.050718307,2.048054218,243370,230457,486740
[RESULT] 9,128,4,2.177754164,2.049144268,243370,230457,486740
[RESULT] 9,128,5,2.129729271,2.127074242,243370,230457,486740
[RESULT] 9,128,6,2.051797390,2.049117565,243370,230457,486740
[RESULT] 9,128,7,2.053740978,2.051092386,243370,230457,486740
[RESULT] 9,128,8,2.178712606,2.176056147,243370,230457,486740
[RESULT] 9,128,9,2.053906441,2.051168442,243370,230457,486740
[RESULT] 66,128,0,1.919639111,1.791065216,243315,230461,486630
[RESULT] 66,128,1,1.920682907,1.792065620,243315,230461,486630
[RESULT] 66,128,2,1.859677076,1.731086969,243315,230461,486630
[RESULT] 66,128,3,1.920623779,1.792066336,243315,230461,486630
[RESULT] 66,128,4,1.791678667,1.663100719,243315,230461,486630
[RESULT] 66,128,5,1.791648865,1.664103031,243315,230461,486630
[RESULT] 66,128,6,1.793745756,1.665163517,243315,230461,486630
[RESULT] 66,128,7,1.789791584,1.662099600,243315,230461,486630
[RESULT] 66,128,8,1.792843342,1.664080381,243315,230461,486630
[RESULT] 66,128,9,1.795923710,1.667096376,243315,230461,486630
[RESULT] 44,128,0,1.855719566,1.723086357,244509,231620,489018
[RESULT] 44,128,1,1.917720556,1.789077044,244509,231620,489018
[RESULT] 44,128,2,1.919684172,1.791086197,244509,231620,489018
[RESULT] 44,128,3,1.952648878,1.824113607,244509,231620,489018
[RESULT] 44,128,4,1.920621395,1.792078257,244509,231620,489018
[RESULT] 44,128,5,1.921540976,1.793076992,244509,231620,489018
[RESULT] 44,128,6,2.052611589,1.924081326,244509,231620,489018
[RESULT] 44,128,7,1.966565847,1.839081049,244509,231620,489018
[RESULT] 44,128,8,1.924597025,1.796087265,244509,231620,489018
[RESULT] 44,128,9,1.795729160,1.667120695,244509,231620,489018
[RESULT] 87,128,0,1.769829035,1.767011166,244317,231461,488634
[RESULT] 87,128,1,1.411399841,1.408837795,244317,231461,488634
[RESULT] 87,128,2,1.411450148,1.408875942,244317,231461,488634
[RESULT] 87,128,3,1.411422968,1.408890724,244317,231461,488634
[RESULT] 87,128,4,1.760353565,1.756113529,244317,231461,488634
[RESULT] 87,128,5,1.758898735,1.756088734,244317,231461,488634
[RESULT] 87,128,6,1.762814522,1.760018826,244317,231461,488634
[RESULT] 87,128,7,1.762826443,1.760024548,244317,231461,488634
[RESULT] 87,128,8,1.751915216,1.749139786,244317,231461,488634
[RESULT] 87,128,9,1.638248682,1.635597467,244317,231461,488634
[RESULT] 52,128,0,1.705463409,1.547096968,244518,231643,489036
[RESULT] 52,128,1,1.917968750,1.789103508,244518,231643,489036
[RESULT] 52,128,2,1.791960001,1.663092136,244518,231643,489036
[RESULT] 52,128,3,1.919525862,1.666717291,244518,231643,489036
[RESULT] 52,128,4,1.668843508,1.540142536,244518,231643,489036
[RESULT] 52,128,5,1.665788412,1.537129402,244518,231643,489036
[RESULT] 52,128,6,1.789888144,1.661129236,244518,231643,489036
[RESULT] 52,128,7,1.663798809,1.535077333,244518,231643,489036
[RESULT] 52,128,8,1.796816826,1.668085814,244518,231643,489036
[RESULT] 52,128,9,1.795989513,1.667099237,244518,231643,489036
[RESULT] 89,128,0,1.795775890,1.793075323,243606,230744,487212
[RESULT] 89,128,1,1.794795513,1.792079687,243606,230744,487212
[RESULT] 89,128,2,1.665897608,1.663159132,243606,230744,487212
[RESULT] 89,128,3,1.667431831,1.664777040,243606,230744,487212
[RESULT] 89,128,4,1.917820930,1.789231777,243606,230744,487212
[RESULT] 89,128,5,1.797821999,1.795159340,243606,230744,487212
[RESULT] 89,128,6,1.794813871,1.792096853,243606,230744,487212
[RESULT] 89,128,7,1.793713093,1.791057348,243606,230744,487212
[RESULT] 89,128,8,1.795100927,1.792396784,243606,230744,487212
[RESULT] 89,128,9,1.917852640,1.915074825,243606,230744,487212
[RESULT] 33,128,0,2.179715872,2.177055359,243211,230296,486422
[RESULT] 33,128,1,2.050723076,2.048048973,243211,230296,486422
[RESULT] 33,128,2,2.049728870,2.047056437,243211,230296,486422
[RESULT] 33,128,3,2.050727844,2.048048735,243211,230296,486422
[RESULT] 33,128,4,2.175706863,2.173043013,243211,230296,486422
[RESULT] 33,128,5,2.053707600,2.051050425,243211,230296,486422
[RESULT] 33,128,6,2.051727772,2.049043179,243211,230296,486422
[RESULT] 33,128,7,2.045720816,2.043045521,243211,230296,486422
[RESULT] 33,128,8,2.182719946,2.180040836,243211,230296,486422
[RESULT] 33,128,9,2.053812981,2.051059961,243211,230296,486422
[RESULT] 83,128,0,1.758815289,1.756032228,243786,230957,487572
[RESULT] 83,128,1,1.762801886,1.760019064,243786,230957,487572
[RESULT] 83,128,2,1.762784004,1.760011435,243786,230957,487572
[RESULT] 83,128,3,1.762789726,1.760021687,243786,230957,487572
[RESULT] 83,128,4,1.760186672,1.755956411,243786,230957,487572
[RESULT] 83,128,5,1.769815922,1.767021656,243786,230957,487572
[RESULT] 83,128,6,1.762882471,1.760120869,243786,230957,487572
[RESULT] 83,128,7,1.762806892,1.760031462,243786,230957,487572
[RESULT] 83,128,8,1.762903452,1.760168076,243786,230957,487572
[RESULT] 83,128,9,1.769824743,1.767042160,243786,230957,487572
[RESULT] 40,128,0,2.016084433,1.886092186,243486,230628,486972
[RESULT] 40,128,1,1.922024727,1.793110371,243486,230628,486972
[RESULT] 40,128,2,1.920009136,1.791109800,243486,230628,486972
[RESULT] 40,128,3,2.053939581,1.924090862,243486,230628,486972
[RESULT] 40,128,4,2.048825026,1.920084476,243486,230628,486972
[RESULT] 40,128,5,1.917871952,1.789100647,243486,230628,486972
[RESULT] 40,128,6,2.052900076,1.924099684,243486,230628,486972
[RESULT] 40,128,7,2.050812721,1.919085979,243486,230628,486972
[RESULT] 40,128,8,2.052824497,1.924081564,243486,230628,486972
[RESULT] 40,128,9,1.919962645,1.791123629,243486,230628,486972
[RESULT] 63,128,0,1.758771896,1.756007910,243645,230800,487290
[RESULT] 63,128,1,1.410756350,1.408011198,243645,230800,487290
[RESULT] 63,128,2,1.410833597,1.408065796,243645,230800,487290
[RESULT] 63,128,3,1.762756109,1.760017633,243645,230800,487290
[RESULT] 63,128,4,1.412147999,1.408011436,243645,230800,487290
[RESULT] 63,128,5,1.417771816,1.415021181,243645,230800,487290
[RESULT] 63,128,6,1.410830021,1.408075094,243645,230800,487290
[RESULT] 63,128,7,1.410767794,1.408032894,243645,230800,487290
[RESULT] 63,128,8,1.410824776,1.408103466,243645,230800,487290
[RESULT] 63,128,9,1.417769670,1.415033340,243645,230800,487290
[RESULT] 38,128,0,2.176189661,2.047424078,243798,230906,487596
[RESULT] 38,128,1,2.075826883,1.947078705,243798,230906,487596
[RESULT] 38,128,2,1.925130367,1.836416483,243798,230906,487596
[RESULT] 38,128,3,2.143694401,2.016078234,243798,230906,487596
[RESULT] 38,128,4,2.176754475,2.048072577,243798,230906,487596
[RESULT] 38,128,5,2.176059484,1.919084311,243798,230906,487596
[RESULT] 38,128,6,2.045287371,1.917089939,243798,230906,487596
[RESULT] 38,128,7,2.053179741,1.925084352,243798,230906,487596
[RESULT] 38,128,8,1.923276663,1.795076370,243798,230906,487596
[RESULT] 38,128,9,1.797273874,1.671107531,243798,230906,487596
[RESULT] 71,128,0,1.407831430,1.405336857,244188,231370,488376
[RESULT] 71,128,1,1.411612749,1.409085512,244188,231370,488376
[RESULT] 71,128,2,1.411638975,1.409092665,244188,231370,488376
[RESULT] 71,128,3,1.762834072,1.760008812,244188,231370,488376
[RESULT] 71,128,4,1.760333061,1.756039381,244188,231370,488376
[RESULT] 71,128,5,1.769878149,1.767014503,244188,231370,488376
[RESULT] 71,128,6,1.762876272,1.760039091,244188,231370,488376
[RESULT] 71,128,7,1.762859344,1.760029554,244188,231370,488376
[RESULT] 71,128,8,1.762834549,1.760025263,244188,231370,488376
[RESULT] 71,128,9,1.769868851,1.767033815,244188,231370,488376
[RESULT] 29,128,0,2.051688194,2.049044847,244284,231434,488568
[RESULT] 29,128,1,1.922696352,1.920059204,244284,231434,488568
[RESULT] 29,128,2,1.921666384,1.919043779,244284,231434,488568
[RESULT] 29,128,3,1.922691822,1.920057774,244284,231434,488568
[RESULT] 29,128,4,2.045707941,1.917065144,244284,231434,488568
[RESULT] 29,128,5,1.798045397,1.795401096,244284,231434,488568
[RESULT] 29,128,6,1.795684576,1.793033600,244284,231434,488568
[RESULT] 29,128,7,1.797731876,1.795059443,244284,231434,488568
[RESULT] 29,128,8,1.830667496,1.828037739,244284,231434,488568
[RESULT] 29,128,9,1.794473171,1.791722059,244284,231434,488568
[RESULT] 42,128,0,2.047742128,1.919085264,243315,230504,486630
[RESULT] 42,128,1,1.919677973,1.791067123,243315,230504,486630
[RESULT] 42,128,2,1.791716576,1.664096594,243315,230504,486630
[RESULT] 42,128,3,1.919764519,1.791074276,243315,230504,486630
[RESULT] 42,128,4,1.913804293,1.785076618,243315,230504,486630
[RESULT] 42,128,5,1.959747553,1.831074476,243315,230504,486630
[RESULT] 42,128,6,1.921956301,1.793094635,243315,230504,486630
[RESULT] 42,128,7,1.917879820,1.789086342,243315,230504,486630
[RESULT] 42,128,8,1.848888636,1.720080614,243315,230504,486630
[RESULT] 42,128,9,1.794834852,1.667083740,243315,230504,486630
[RESULT] 99,128,0,1.758914471,1.756189585,243783,230954,487566
[RESULT] 99,128,1,1.762907505,1.760184050,243783,230954,487566
[RESULT] 99,128,2,1.762882233,1.760186434,243783,230954,487566
[RESULT] 99,128,3,1.763228893,1.760645866,243783,230954,487566
[RESULT] 99,128,4,1.761602879,1.757074356,243783,230954,487566
[RESULT] 99,128,5,1.770249367,1.767663002,243783,230954,487566
[RESULT] 99,128,6,1.763230085,1.760643244,243783,230954,487566
[RESULT] 99,128,7,1.763154030,1.760568619,243783,230954,487566
[RESULT] 99,128,8,1.763207197,1.760636330,243783,230954,487566
[RESULT] 99,128,9,1.770277500,1.767686844,243783,230954,487566
[RESULT] 82,128,0,1.919668913,1.791071653,243216,230335,486432
[RESULT] 82,128,1,1.788700581,1.660079479,243216,230335,486432
[RESULT] 82,128,2,1.667669773,1.539156675,243216,230335,486432
[RESULT] 82,128,3,1.795706511,1.667128563,243216,230335,486432
[RESULT] 82,128,4,1.789648294,1.663090229,243216,230335,486432
[RESULT] 82,128,5,1.795668602,1.664099693,243216,230335,486432
[RESULT] 82,128,6,1.921840429,1.793117762,243216,230335,486432
[RESULT] 82,128,7,1.797835588,1.669128418,243216,230335,486432
[RESULT] 82,128,8,1.791743994,1.663114548,243216,230335,486432
[RESULT] 82,128,9,1.790706873,1.663110733,243216,230335,486432
[RESULT] 25,128,0,2.051740646,2.049051523,244289,231498,488578
[RESULT] 25,128,1,2.050763607,2.048052311,244289,231498,488578
[RESULT] 25,128,2,2.053733110,2.051041842,244289,231498,488578
[RESULT] 25,128,3,1.922754049,1.920053005,244289,231498,488578
[RESULT] 25,128,4,2.045786381,1.917131424,244289,231498,488578
[RESULT] 25,128,5,1.921724081,1.919035435,244289,231498,488578
[RESULT] 25,128,6,1.919757605,1.917044401,244289,231498,488578
[RESULT] 25,128,7,1.794113159,1.791413784,244289,231498,488578
[RESULT] 25,128,8,1.922731638,1.920044184,244289,231498,488578
[RESULT] 25,128,9,1.913842678,1.911072254,244289,231498,488578
[RESULT] 51,128,0,1.769857407,1.767137051,243321,230508,486642
[RESULT] 51,128,1,1.762857914,1.760124922,243321,230508,486642
[RESULT] 51,128,2,1.762849569,1.760123491,243321,230508,486642
[RESULT] 51,128,3,2.114756584,2.112020493,243321,230508,486642
[RESULT] 51,128,4,1.760242224,1.756039619,243321,230508,486642
[RESULT] 51,128,5,1.769766808,1.767016888,243321,230508,486642
[RESULT] 51,128,6,1.762703896,1.759944201,243321,230508,486642
[RESULT] 51,128,7,1.762782574,1.760016203,243321,230508,486642
[RESULT] 51,128,8,1.762786150,1.760023355,243321,230508,486642
[RESULT] 51,128,9,1.769876957,1.767115593,243321,230508,486642
[RESULT] 68,128,0,1.779723644,1.619533062,244170,231363,488340
[RESULT] 68,128,1,1.789970875,1.661111116,244170,231363,488340
[RESULT] 68,128,2,1.791938782,1.663099289,244170,231363,488340
[RESULT] 68,128,3,1.792926550,1.664127111,244170,231363,488340
[RESULT] 68,128,4,1.796771288,1.668111801,244170,231363,488340
[RESULT] 68,128,5,1.793707371,1.665045261,244170,231363,488340
[RESULT] 68,128,6,2.044869184,1.916121960,244170,231363,488340
[RESULT] 68,128,7,2.050795317,1.919120312,244170,231363,488340
[RESULT] 68,128,8,1.952868462,1.824125290,244170,231363,488340
[RESULT] 68,128,9,2.045938492,1.920133114,244170,231363,488340
[RESULT] 5,128,0,2.051736593,2.049107790,243945,231096,487890
[RESULT] 5,128,1,2.050712824,2.048085928,243945,231096,487890
[RESULT] 5,128,2,2.053706408,2.051077604,243945,231096,487890
[RESULT] 5,128,3,1.922758102,1.920120716,243945,231096,487890
[RESULT] 5,128,4,2.177729845,2.049127579,243945,231096,487890
[RESULT] 5,128,5,2.049678802,2.047070265,243945,231096,487890
[RESULT] 5,128,6,1.919706821,1.917106390,243945,231096,487890
[RESULT] 5,128,7,1.921754837,1.919110298,243945,231096,487890
[RESULT] 5,128,8,2.050747871,2.048112154,243945,231096,487890
[RESULT] 5,128,9,2.050103903,2.047357321,243945,231096,487890
[RESULT] 31,128,0,1.758831263,1.756156683,243524,230673,487048
[RESULT] 31,128,1,1.762829542,1.760158062,243524,230673,487048
[RESULT] 31,128,2,1.762837410,1.760192394,243524,230673,487048
[RESULT] 31,128,3,1.762845278,1.760157824,243524,230673,487048
[RESULT] 31,128,4,1.760354280,1.756202221,243524,230673,487048
[RESULT] 31,128,5,1.769822598,1.767148256,243524,230673,487048
[RESULT] 31,128,6,1.762849331,1.760170221,243524,230673,487048
[RESULT] 31,128,7,1.762842178,1.760168791,243524,230673,487048
[RESULT] 31,128,8,1.762812376,1.760154963,243524,230673,487048
[RESULT] 31,128,9,1.769855976,1.767208338,243524,230673,487048
[RESULT] 46,128,0,1.919465542,1.791062832,245184,232325,490368
[RESULT] 46,128,1,1.787485123,1.660071373,245184,232325,490368
[RESULT] 46,128,2,1.791459560,1.664059401,245184,232325,490368
[RESULT] 46,128,3,1.860442162,1.735074759,245184,232325,490368
[RESULT] 46,128,4,1.917460203,1.789072275,245184,232325,490368
[RESULT] 46,128,5,1.911547184,1.783073902,245184,232325,490368
[RESULT] 46,128,6,1.799110174,1.670404434,245184,232325,490368
[RESULT] 46,128,7,1.793599606,1.665083170,245184,232325,490368
[RESULT] 46,128,8,1.791634560,1.663081646,245184,232325,490368
[RESULT] 46,128,9,1.786577463,1.659081697,245184,232325,490368
[RESULT] 13,128,0,2.051640749,2.049080849,243398,230511,486796
[RESULT] 13,128,1,2.050685644,2.048082590,243398,230511,486796
[RESULT] 13,128,2,2.049640656,2.047051430,243398,230511,486796
[RESULT] 13,128,3,1.922711134,1.920094728,243398,230511,486796
[RESULT] 13,128,4,2.051645041,2.049078465,243398,230511,486796
[RESULT] 13,128,5,2.049633265,2.047067642,243398,230511,486796
[RESULT] 13,128,6,2.051655293,2.049062490,243398,230511,486796
[RESULT] 13,128,7,1.921677828,1.919086695,243398,230511,486796
[RESULT] 13,128,8,2.050656796,2.048063755,243398,230511,486796
[RESULT] 13,128,9,2.041813135,2.039123535,243398,230511,486796
[RESULT] 17,128,0,2.179647446,2.177049398,243075,230207,486150
[RESULT] 17,128,1,2.178688765,2.176053762,243075,230207,486150
[RESULT] 17,128,2,2.049666882,2.047078848,243075,230207,486150
[RESULT] 17,128,3,2.050679207,2.048071146,243075,230207,486150
[RESULT] 17,128,4,2.177627802,2.049081564,243075,230207,486150
[RESULT] 17,128,5,2.053642273,2.051063776,243075,230207,486150
[RESULT] 17,128,6,2.051691771,2.049049377,243075,230207,486150
[RESULT] 17,128,7,1.921731949,1.919087410,243075,230207,486150
[RESULT] 17,128,8,2.050649405,2.048049688,243075,230207,486150
[RESULT] 17,128,9,2.049790621,2.047081232,243075,230207,486150
[RESULT] 11,128,0,2.121852636,2.119024754,243483,230558,486966
[RESULT] 11,128,1,2.110812664,2.108034134,243483,230558,486966
[RESULT] 11,128,2,2.114835262,2.112027407,243483,230558,486966
[RESULT] 11,128,3,2.114874363,2.112057209,243483,230558,486966
[RESULT] 11,128,4,2.123988152,2.119068146,243483,230558,486966
[RESULT] 11,128,5,2.110878229,2.108051300,243483,230558,486966
[RESULT] 11,128,6,2.114866972,2.112040758,243483,230558,486966
[RESULT] 11,128,7,2.114993095,2.112275600,243483,230558,486966
[RESULT] 11,128,8,2.114962578,2.112230778,243483,230558,486966
[RESULT] 11,128,9,2.122012377,2.119294405,243483,230558,486966
[RESULT] 72,128,0,1.767570496,1.626499414,244152,231334,488304
[RESULT] 72,128,1,1.834147930,1.705147505,244152,231334,488304
[RESULT] 72,128,2,1.796167135,1.667160034,244152,231334,488304
[RESULT] 72,128,3,1.921066523,1.792159557,244152,231334,488304
[RESULT] 72,128,4,1.920944691,1.792129517,244152,231334,488304
[RESULT] 72,128,5,1.793996572,1.665154934,244152,231334,488304
[RESULT] 72,128,6,2.049047232,1.920122385,244152,231334,488304
[RESULT] 72,128,7,2.042989731,1.915094376,244152,231334,488304
[RESULT] 72,128,8,2.048964977,1.920094728,244152,231334,488304
[RESULT] 72,128,9,2.050054789,1.920094252,244152,231334,488304
[RESULT] 18,128,0,2.179687023,2.051081657,243301,230486,486602
[RESULT] 18,128,1,2.047769070,1.919094324,243301,230486,486602
[RESULT] 18,128,2,2.050693512,1.922085762,243301,230486,486602
[RESULT] 18,128,3,2.180682182,2.053066015,243301,230486,486602
[RESULT] 18,128,4,2.276686430,2.145084858,243301,230486,486602
[RESULT] 18,128,5,2.295692444,2.039083958,243301,230486,486602
[RESULT] 18,128,6,2.053210735,1.925109148,243301,230486,486602
[RESULT] 18,128,7,2.045240402,1.917105913,243301,230486,486602
[RESULT] 18,128,8,2.049198151,1.924080610,243301,230486,486602
[RESULT] 18,128,9,1.899041891,1.791946650,243301,230486,486602
[RESULT] 76,128,0,1.667917490,1.551612139,244095,231219,488190
[RESULT] 76,128,1,1.789790392,1.661127806,244095,231219,488190
[RESULT] 76,128,2,1.795760155,1.663121462,244095,231219,488190
[RESULT] 76,128,3,1.916670799,1.788124561,244095,231219,488190
[RESULT] 76,128,4,1.792610168,1.664131403,244095,231219,488190
[RESULT] 76,128,5,1.789608479,1.661128283,244095,231219,488190
[RESULT] 76,128,6,2.048660517,1.920092821,244095,231219,488190
[RESULT] 76,128,7,2.026959181,1.899097681,244095,231219,488190
[RESULT] 76,128,8,2.048649073,1.920089722,244095,231219,488190
[RESULT] 76,128,9,2.052738190,1.923094988,244095,231219,488190
[RESULT] 119,128,0,1.406923294,1.404247761,243099,230230,486198
[RESULT] 119,128,1,1.406941175,1.404275179,243099,230230,486198
[RESULT] 119,128,2,1.410920620,1.408246994,243099,230230,486198
[RESULT] 119,128,3,1.410938501,1.408277750,243099,230230,486198
[RESULT] 119,128,4,1.412493706,1.408381939,243099,230230,486198
[RESULT] 119,128,5,1.417945147,1.415303707,243099,230230,486198
[RESULT] 119,128,6,1.410949230,1.408351421,243099,230230,486198
[RESULT] 119,128,7,1.410941124,1.408275366,243099,230230,486198
[RESULT] 119,128,8,1.410948992,1.408260584,243099,230230,486198
[RESULT] 119,128,9,1.417961359,1.415317774,243099,230230,486198
[RESULT] 97,128,0,2.051738262,2.049070597,243918,231099,487836
[RESULT] 97,128,1,1.922722578,1.920063019,243918,231099,487836
[RESULT] 97,128,2,1.921741962,1.919066668,243918,231099,487836
[RESULT] 97,128,3,1.922709227,1.920060635,243918,231099,487836
[RESULT] 97,128,4,2.051703453,2.049059868,243918,231099,487836
[RESULT] 97,128,5,2.049690962,2.047048330,243918,231099,487836
[RESULT] 97,128,6,1.923731565,1.921090364,243918,231099,487836
[RESULT] 97,128,7,1.925729275,1.923091650,243918,231099,487836
[RESULT] 97,128,8,2.054731131,2.052087784,243918,231099,487836
[RESULT] 97,128,9,2.042317867,2.039544106,243918,231099,487836
[RESULT] 84,128,0,1.915930986,1.780105114,243861,231014,487722
[RESULT] 84,128,1,1.665926695,1.537171125,243861,231014,487722
[RESULT] 84,128,2,1.667936087,1.539155722,243861,231014,487722
[RESULT] 84,128,3,1.792399168,1.663743496,243861,231014,487722
[RESULT] 84,128,4,1.789098024,1.660596132,243861,231014,487722
[RESULT] 84,128,5,1.666267872,1.537737370,243861,231014,487722
[RESULT] 84,128,6,1.921797514,1.793132782,243861,231014,487722
[RESULT] 84,128,7,1.918819189,1.791117668,243861,231014,487722
[RESULT] 84,128,8,1.920815706,1.792116642,243861,231014,487722
[RESULT] 84,128,9,1.924901247,1.795094967,243861,231014,487722
[RESULT] 1,128,0,2.179599762,2.177017689,242636,229786,485272
[RESULT] 1,128,1,2.050661325,2.048081636,242636,229786,485272
[RESULT] 1,128,2,2.049643517,2.047070026,242636,229786,485272
[RESULT] 1,128,3,2.178672075,2.176021814,242636,229786,485272
[RESULT] 1,128,4,2.179606199,2.177021503,242636,229786,485272
[RESULT] 1,128,5,2.177600145,2.175015688,242636,229786,485272
[RESULT] 1,128,6,2.179693460,2.177023411,242636,229786,485272
[RESULT] 1,128,7,2.181665897,2.179013252,242636,229786,485272
[RESULT] 1,128,8,2.174635649,2.172029972,242636,229786,485272
[RESULT] 1,128,9,2.177870750,2.175111532,242636,229786,485272
[RESULT] 80,128,0,1.972079277,1.836059809,243711,230853,487422
[RESULT] 80,128,1,1.798161507,1.669126272,243711,230853,487422
[RESULT] 80,128,2,1.796188593,1.667123556,243711,230853,487422
[RESULT] 80,128,3,1.929003954,1.800109863,243711,230853,487422
[RESULT] 80,128,4,1.916939974,1.788085222,243711,230853,487422
[RESULT] 80,128,5,1.793987751,1.665143967,243711,230853,487422
[RESULT] 80,128,6,2.049025297,1.920181036,243711,230853,487422
[RESULT] 80,128,7,2.047114849,1.919153452,243711,230853,487422
[RESULT] 80,128,8,2.048982382,1.920152426,243711,230853,487422
[RESULT] 80,128,9,2.053110600,1.923093319,243711,230853,487422
[RESULT] 117,128,0,1.923721313,1.921062469,243537,230673,487074
[RESULT] 117,128,1,1.794768572,1.792132139,243537,230673,487074
[RESULT] 117,128,2,1.793781519,1.791119337,243537,230673,487074
[RESULT] 117,128,3,1.922757387,1.920040369,243537,230673,487074
[RESULT] 117,128,4,1.923690796,1.921043634,243537,230673,487074
[RESULT] 117,128,5,1.921706200,1.919054747,243537,230673,487074
[RESULT] 117,128,6,1.923725367,1.921040058,243537,230673,487074
[RESULT] 117,128,7,1.798167944,1.795449495,243537,230673,487074
[RESULT] 117,128,8,1.922725439,1.920065165,243537,230673,487074
[RESULT] 117,128,9,1.913898945,1.911100388,243537,230673,487074
[RESULT] 107,128,0,1.406950474,1.404130936,244227,231398,488454
[RESULT] 107,128,1,1.758949518,1.756158352,244227,231398,488454
[RESULT] 107,128,2,1.762961626,1.760169744,244227,231398,488454
[RESULT] 107,128,3,1.762871265,1.760175705,244227,231398,488454
[RESULT] 107,128,4,1.412533522,1.408387899,244227,231398,488454
[RESULT] 107,128,5,1.769958258,1.767280340,244227,231398,488454
[RESULT] 107,128,6,1.762973309,1.760252714,244227,231398,488454
[RESULT] 107,128,7,1.762961626,1.760241747,244227,231398,488454
[RESULT] 107,128,8,1.762963772,1.760208130,244227,231398,488454
[RESULT] 107,128,9,1.770014524,1.767263174,244227,231398,488454
[RESULT] 36,128,0,2.124190092,1.995079041,243055,230247,486110
[RESULT] 36,128,1,2.165190697,2.036090612,243055,230247,486110
[RESULT] 36,128,2,2.133020401,2.007086992,243055,230247,486110
[RESULT] 36,128,3,2.178084135,2.048086882,243055,230247,486110
[RESULT] 36,128,4,2.048959255,1.920079470,243055,230247,486110
[RESULT] 36,128,5,2.046020031,1.917081594,243055,230247,486110
[RESULT] 36,128,6,2.181044817,2.052088976,243055,230247,486110
[RESULT] 36,128,7,2.075057745,1.946083546,243055,230247,486110
[RESULT] 36,128,8,2.049062490,1.920095205,243055,230247,486110
[RESULT] 36,128,9,2.053190947,1.923113585,243055,230247,486110
[RESULT] 121,128,0,1.923747063,1.921049595,243477,230662,486954
[RESULT] 121,128,1,1.794771910,1.792096615,243477,230662,486954
[RESULT] 121,128,2,1.793843269,1.791083813,243477,230662,486954
[RESULT] 121,128,3,1.922774315,1.920037746,243477,230662,486954
[RESULT] 121,128,4,1.923719883,1.921048164,243477,230662,486954
[RESULT] 121,128,5,1.921725035,1.919048309,243477,230662,486954
[RESULT] 121,128,6,1.923777103,1.921043158,243477,230662,486954
[RESULT] 121,128,7,1.797780514,1.795085669,243477,230662,486954
[RESULT] 121,128,8,1.922737360,1.920044899,243477,230662,486954
[RESULT] 121,128,9,1.921922445,1.919099331,243477,230662,486954
[RESULT] 24,128,0,2.096863031,1.983709335,243652,230823,487304
[RESULT] 24,128,1,2.049218655,1.921110868,243652,230823,487304
[RESULT] 24,128,2,2.052170992,1.923105001,243652,230823,487304
[RESULT] 24,128,3,2.182227373,2.053100586,243652,230823,487304
[RESULT] 24,128,4,2.173098087,2.044100046,243652,230823,487304
[RESULT] 24,128,5,2.178026915,2.049088240,243652,230823,487304
[RESULT] 24,128,6,2.177115679,2.048114777,243652,230823,487304
[RESULT] 24,128,7,2.179078102,2.050107002,243652,230823,487304
[RESULT] 24,128,8,2.177076578,2.048102379,243652,230823,487304
[RESULT] 24,128,9,2.054902315,1.924760580,243652,230823,487304
[RESULT] 20,128,0,2.288193464,2.159102678,243441,230572,486882
[RESULT] 20,128,1,2.049202919,1.921113014,243441,230572,486882
[RESULT] 20,128,2,2.028108597,1.899111986,243441,230572,486882
[RESULT] 20,128,3,2.174085140,2.045100212,243441,230572,486882
[RESULT] 20,128,4,2.173082113,2.044095039,243441,230572,486882
[RESULT] 20,128,5,2.178049326,2.049090624,243441,230572,486882
[RESULT] 20,128,6,2.177130938,2.048125505,243441,230572,486882
[RESULT] 20,128,7,2.179056644,2.050099134,243441,230572,486882
[RESULT] 20,128,8,2.213082790,2.048081875,243441,230572,486882
[RESULT] 20,128,9,2.053303242,1.923170567,243441,230572,486882
[RESULT] 19,128,0,2.110845566,2.108109474,242807,229948,485614
[RESULT] 19,128,1,2.110829592,2.108123779,242807,229948,485614
[RESULT] 19,128,2,2.103893995,2.101273060,242807,229948,485614
[RESULT] 19,128,3,2.114859343,2.112179995,242807,229948,485614
[RESULT] 19,128,4,2.112408400,2.108192921,242807,229948,485614
[RESULT] 19,128,5,2.121865988,2.119199514,242807,229948,485614
[RESULT] 19,128,6,2.114871025,2.112168789,242807,229948,485614
[RESULT] 19,128,7,2.114855051,2.112141848,242807,229948,485614
[RESULT] 19,128,8,2.114862204,2.112136126,242807,229948,485614
[RESULT] 19,128,9,2.121911526,2.119191647,242807,229948,485614
[RESULT] 32,128,0,2.216052532,2.087087154,243207,230337,486414
[RESULT] 32,128,1,2.181120872,2.049097776,243207,230337,486414
[RESULT] 32,128,2,2.176064253,2.047108173,243207,230337,486414
[RESULT] 32,128,3,2.273959160,2.145099163,243207,230337,486414
[RESULT] 32,128,4,2.172997713,2.044128656,243207,230337,486414
[RESULT] 32,128,5,2.177914381,2.049086571,243207,230337,486414
[RESULT] 32,128,6,2.176959753,2.048097849,243207,230337,486414
[RESULT] 32,128,7,2.154921293,2.022094488,243207,230337,486414
[RESULT] 32,128,8,2.176967382,2.048109055,243207,230337,486414
[RESULT] 32,128,9,2.078155518,1.948105097,243207,230337,486414
[RESULT] 93,128,0,1.795743227,1.793036222,244446,231652,488892
[RESULT] 93,128,1,1.666735888,1.664103985,244446,231652,488892
[RESULT] 93,128,2,1.665694475,1.663044691,244446,231652,488892
[RESULT] 93,128,3,1.666687012,1.664080858,244446,231652,488892
[RESULT] 93,128,4,1.663892984,1.661283493,244446,231652,488892
[RESULT] 93,128,5,1.921701431,1.919069290,244446,231652,488892
[RESULT] 93,128,6,1.795678139,1.793062210,244446,231652,488892
[RESULT] 93,128,7,1.797699690,1.795069456,244446,231652,488892
[RESULT] 93,128,8,1.922708273,1.920065165,244446,231652,488892
[RESULT] 93,128,9,1.925843000,1.923143625,244446,231652,488892
[RESULT] 94,128,0,1.667847633,1.539352894,244545,231714,489090
[RESULT] 94,128,1,1.667682171,1.540080070,244545,231714,489090
[RESULT] 94,128,2,1.659065962,1.407580137,244545,231714,489090
[RESULT] 94,128,3,1.788496256,1.659087181,244545,231714,489090
[RESULT] 94,128,4,1.665700197,1.535246611,244545,231714,489090
[RESULT] 94,128,5,2.025043249,1.767113209,244545,231714,489090
[RESULT] 94,128,6,1.668571234,1.665098906,244545,231714,489090
[RESULT] 94,128,7,1.668526888,1.665102005,244545,231714,489090
[RESULT] 94,128,8,1.794527054,1.791105747,244545,231714,489090
[RESULT] 94,128,9,1.789664030,1.786105394,244545,231714,489090
[RESULT] 12,128,0,2.088111877,1.959165573,244348,231403,488696
[RESULT] 12,128,1,2.041112661,1.912157059,244348,231403,488696
[RESULT] 12,128,2,2.047991037,1.919142008,244348,231403,488696
[RESULT] 12,128,3,2.177034378,2.048105955,244348,231403,488696
[RESULT] 12,128,4,2.029515266,1.900757313,244348,231403,488696
[RESULT] 12,128,5,2.045963526,1.917162657,244348,231403,488696
[RESULT] 12,128,6,2.209049702,2.080126762,244348,231403,488696
[RESULT] 12,128,7,2.174951553,2.046112061,244348,231403,488696
[RESULT] 12,128,8,2.177899122,2.052095175,244348,231403,488696
[RESULT] 12,128,9,2.049138308,1.919168472,244348,231403,488696
[RESULT] 6,128,0,2.175811291,2.047135592,243241,230382,486482
[RESULT] 6,128,1,2.171805620,2.043119192,243241,230382,486482
[RESULT] 6,128,2,2.182802916,2.054099321,243241,230382,486482
[RESULT] 6,128,3,2.304710865,2.177079916,243241,230382,486482
[RESULT] 6,128,4,2.180803299,2.053126335,243241,230382,486482
[RESULT] 6,128,5,2.304395676,2.047127247,243241,230382,486482
[RESULT] 6,128,6,2.169167519,2.041116714,243241,230382,486482
[RESULT] 6,128,7,2.181076288,2.053112745,243241,230382,486482
[RESULT] 6,128,8,2.149127245,2.024106026,243241,230382,486482
[RESULT] 6,128,9,1.918365002,1.795183182,243241,230382,486482
[RESULT] 113,128,0,2.051715136,2.049067259,243279,230405,486558
[RESULT] 113,128,1,1.922743320,1.920099497,243279,230405,486558
[RESULT] 113,128,2,1.921739340,1.919077396,243279,230405,486558
[RESULT] 113,128,3,1.922733307,1.920090199,243279,230405,486558
[RESULT] 113,128,4,2.047660351,2.045045137,243279,230405,486558
[RESULT] 113,128,5,2.053680658,2.051034451,243279,230405,486558
[RESULT] 113,128,6,2.051697254,2.049033165,243279,230405,486558
[RESULT] 113,128,7,1.921701431,1.919066191,243279,230405,486558
[RESULT] 113,128,8,2.050693750,2.048048735,243279,230405,486558
[RESULT] 113,128,9,2.049836397,2.047070503,243279,230405,486558
[RESULT] 109,128,0,1.919707298,1.917068958,244761,231868,489522
[RESULT] 109,128,1,1.922680140,1.920046091,244761,231868,489522
[RESULT] 109,128,2,1.924178123,1.797539949,244761,231868,489522
[RESULT] 109,128,3,1.922688246,1.920042992,244761,231868,489522
[RESULT] 109,128,4,2.051702976,2.049050331,244761,231868,489522
[RESULT] 109,128,5,2.049721956,2.047048807,244761,231868,489522
[RESULT] 109,128,6,1.923670292,1.921039104,244761,231868,489522
[RESULT] 109,128,7,1.921708584,1.919058800,244761,231868,489522
[RESULT] 109,128,8,2.010688305,2.008064747,244761,231868,489522
[RESULT] 109,128,9,1.921860695,1.919120073,244761,231868,489522
[RESULT] 23,128,0,2.121804714,2.119029045,245001,232095,490002
[RESULT] 23,128,1,2.110798120,2.108028889,245001,232095,490002
[RESULT] 23,128,2,2.114870787,2.112123013,245001,232095,490002
[RESULT] 23,128,3,2.114814043,2.112030506,245001,232095,490002
[RESULT] 23,128,4,2.110807657,2.108038425,245001,232095,490002
[RESULT] 23,128,5,2.110813618,2.108034372,245001,232095,490002
[RESULT] 23,128,6,2.114871740,2.112127542,245001,232095,490002
[RESULT] 23,128,7,2.114804506,2.112028122,245001,232095,490002
[RESULT] 23,128,8,2.114802122,2.112024546,245001,232095,490002
[RESULT] 23,128,9,2.110899210,2.108112812,245001,232095,490002
[RESULT] 101,128,0,1.919735193,1.917055130,242796,229977,485592
[RESULT] 101,128,1,1.922752619,1.920063019,242796,229977,485592
[RESULT] 101,128,2,1.917721987,1.915053606,242796,229977,485592
[RESULT] 101,128,3,1.922725201,1.920069933,242796,229977,485592
[RESULT] 101,128,4,2.051720381,2.049060106,242796,229977,485592
[RESULT] 101,128,5,2.053733349,2.051058531,242796,229977,485592
[RESULT] 101,128,6,1.923757076,1.921106100,242796,229977,485592
[RESULT] 101,128,7,1.921759129,1.919086218,242796,229977,485592
[RESULT] 101,128,8,2.050759315,2.048077583,242796,229977,485592
[RESULT] 101,128,9,2.029867172,2.027109385,242796,229977,485592
[RESULT] 127,128,0,1.065774679,1.063027620,243336,230472,486672
[RESULT] 127,128,1,1.054771185,1.052029848,243336,230472,486672
[RESULT] 127,128,2,1.058838129,1.056099176,243336,230472,486672
[RESULT] 127,128,3,1.058839560,1.056104183,243336,230472,486672
[RESULT] 127,128,4,1.060159922,1.056053162,243336,230472,486672
[RESULT] 127,128,5,1.054863691,1.052126408,243336,230472,486672
[RESULT] 127,128,6,1.058873415,1.056152344,243336,230472,486672
[RESULT] 127,128,7,1.058851480,1.056104183,243336,230472,486672
[RESULT] 127,128,8,1.058852673,1.056104183,243336,230472,486672
[RESULT] 127,128,9,1.058901072,1.056155920,243336,230472,486672
[RESULT] 28,128,0,2.047846317,1.919099331,244529,231662,489058
[RESULT] 28,128,1,2.017889261,1.913111925,244529,231662,489058
[RESULT] 28,128,2,2.047813416,1.919105530,244529,231662,489058
[RESULT] 28,128,3,2.181742191,2.053107500,244529,231662,489058
[RESULT] 28,128,4,2.176710606,2.048091888,244529,231662,489058
[RESULT] 28,128,5,2.045726061,1.917098761,244529,231662,489058
[RESULT] 28,128,6,2.176764011,2.048109293,244529,231662,489058
[RESULT] 28,128,7,2.178771019,2.050104618,244529,231662,489058
[RESULT] 28,128,8,2.052726984,1.924093485,244529,231662,489058
[RESULT] 28,128,9,2.048924923,1.919192076,244529,231662,489058
[RESULT] 105,128,0,1.919756413,1.917080402,243720,230848,487440
[RESULT] 105,128,1,1.922773123,1.920042753,243720,230848,487440
[RESULT] 105,128,2,1.925740242,1.923046350,243720,230848,487440
[RESULT] 105,128,3,1.922712803,1.920050383,243720,230848,487440
[RESULT] 105,128,4,2.051730633,2.049051285,243720,230848,487440
[RESULT] 105,128,5,2.053755999,2.051050425,243720,230848,487440
[RESULT] 105,128,6,1.923738718,1.921052694,243720,230848,487440
[RESULT] 105,128,7,1.921807766,1.919065952,243720,230848,487440
[RESULT] 105,128,8,2.050758362,2.048046350,243720,230848,487440
[RESULT] 105,128,9,2.042325258,2.039493799,243720,230848,487440
[RESULT] 125,128,0,1.791675568,1.789115667,243153,230340,486306
[RESULT] 125,128,1,1.790736437,1.788125038,243153,230340,486306
[RESULT] 125,128,2,1.793642759,1.791064262,243153,230340,486306
[RESULT] 125,128,3,1.794594765,1.792051554,243153,230340,486306
[RESULT] 125,128,4,1.919605732,1.917016029,243153,230340,486306
[RESULT] 125,128,5,1.925639868,1.923039198,243153,230340,486306
[RESULT] 125,128,6,1.799670219,1.797067165,243153,230340,486306
[RESULT] 125,128,7,1.789641857,1.787042856,243153,230340,486306
[RESULT] 125,128,8,1.922638655,1.920036077,243153,230340,486306
[RESULT] 125,128,9,1.929864407,1.927146435,243153,230340,486306
[RESULT] 43,128,0,1.769829750,1.767006397,243960,231146,487920
[RESULT] 43,128,1,2.110850334,2.108022213,243960,231146,487920
[RESULT] 43,128,2,2.114871264,2.112061501,243960,231146,487920
[RESULT] 43,128,3,2.114844084,2.112011194,243960,231146,487920
[RESULT] 43,128,4,1.760248661,1.756019831,243960,231146,487920
[RESULT] 43,128,5,1.758892536,1.756059885,243960,231146,487920
[RESULT] 43,128,6,1.762839079,1.760013580,243960,231146,487920
[RESULT] 43,128,7,1.762837410,1.760004759,243960,231146,487920
[RESULT] 43,128,8,1.762830019,1.760007858,243960,231146,487920
[RESULT] 43,128,9,1.758841515,1.756011724,243960,231146,487920
[RESULT] 16,128,0,2.292085886,2.163106441,243752,230860,487504
[RESULT] 16,128,1,2.177020311,2.048099518,243752,230860,487504
[RESULT] 16,128,2,2.051891088,1.923136234,243752,230860,487504
[RESULT] 16,128,3,2.173894405,2.044118881,243752,230860,487504
[RESULT] 16,128,4,2.176862001,2.048108339,243752,230860,487504
[RESULT] 16,128,5,2.177805424,2.049088955,243752,230860,487504
[RESULT] 16,128,6,2.176891804,2.048134089,243752,230860,487504
[RESULT] 16,128,7,2.234869480,2.106067181,243752,230860,487504
[RESULT] 16,128,8,2.172848940,2.044123888,243752,230860,487504
[RESULT] 16,128,9,2.177990913,2.048116684,243752,230860,487504
[RESULT] 14,128,0,2.183520317,2.055096388,243756,230853,487512
[RESULT] 14,128,1,2.047664404,1.919116974,243756,230853,487512
[RESULT] 14,128,2,2.049543858,1.924118519,243756,230853,487512
[RESULT] 14,128,3,2.175531626,2.048076630,243756,230853,487512
[RESULT] 14,128,4,2.014692068,1.887240171,243756,230853,487512
[RESULT] 14,128,5,2.047767639,1.919133186,243756,230853,487512
[RESULT] 14,128,6,2.045634031,1.917125463,243756,230853,487512
[RESULT] 14,128,7,2.053531885,1.925108671,243756,230853,487512
[RESULT] 14,128,8,1.923730373,1.795138121,243756,230853,487512
[RESULT] 14,128,9,1.931759119,1.797149420,243756,230853,487512
[RESULT] 96,128,0,1.988188505,1.858217716,243915,231081,487830
[RESULT] 96,128,1,2.053047419,1.925117016,243915,231081,487830
[RESULT] 96,128,2,1.999951124,1.871125698,243915,231081,487830
[RESULT] 96,128,3,2.178006172,2.048125505,243915,231081,487830
[RESULT] 96,128,4,2.176876783,2.048133612,243915,231081,487830
[RESULT] 96,128,5,2.181899786,2.053118944,243915,231081,487830
[RESULT] 96,128,6,2.308924675,2.180107594,243915,231081,487830
[RESULT] 96,128,7,2.170957327,2.042142868,243915,231081,487830
[RESULT] 96,128,8,2.172959328,2.044150114,243915,231081,487830
[RESULT] 96,128,9,2.174252987,2.045184851,243915,231081,487830
[RESULT] 39,128,0,2.121826172,2.119005919,244056,231190,488112
[RESULT] 39,128,1,2.110813856,2.108019590,244056,231190,488112
[RESULT] 39,128,2,2.114818335,2.112020254,244056,231190,488112
[RESULT] 39,128,3,2.114824295,2.112022400,244056,231190,488112
[RESULT] 39,128,4,1.769841671,1.767022371,244056,231190,488112
[RESULT] 39,128,5,1.758827209,1.756021500,244056,231190,488112
[RESULT] 39,128,6,1.773826599,1.771011591,244056,231190,488112
[RESULT] 39,128,7,1.762759686,1.759932280,244056,231190,488112
[RESULT] 39,128,8,1.762838602,1.760014534,244056,231190,488112
[RESULT] 39,128,9,1.758811712,1.755995512,244056,231190,488112
[RESULT] 110,128,0,1.919636011,1.791086197,245412,232549,490824
[RESULT] 110,128,1,2.043639660,1.915063620,245412,232549,490824
[RESULT] 110,128,2,2.054609537,1.926072598,245412,232549,490824
[RESULT] 110,128,3,2.047518969,1.920060396,245412,232549,490824
[RESULT] 110,128,4,2.040793180,1.912089348,245412,232549,490824
[RESULT] 110,128,5,2.055952072,1.799113512,245412,232549,490824
[RESULT] 110,128,6,1.925257921,1.797103882,245412,232549,490824
[RESULT] 110,128,7,1.925177336,1.797091007,245412,232549,490824
[RESULT] 110,128,8,1.791172981,1.663098812,245412,232549,490824
[RESULT] 110,128,9,1.756301165,1.659081221,245412,232549,490824
[RESULT] 98,128,0,2.047706604,1.919081688,244086,231286,488172
[RESULT] 98,128,1,2.179681301,2.051090479,244086,231286,488172
[RESULT] 98,128,2,2.046711683,1.915110111,244086,231286,488172
[RESULT] 98,128,3,2.048714399,1.919080019,244086,231286,488172
[RESULT] 98,128,4,2.040816307,1.913081884,244086,231286,488172
[RESULT] 98,128,5,2.187856197,1.927113533,244086,231286,488172
[RESULT] 98,128,6,1.927353382,1.799166441,244086,231286,488172
[RESULT] 98,128,7,1.977161407,1.853090525,244086,231286,488172
[RESULT] 98,128,8,1.940284252,1.812130690,244086,231286,488172
[RESULT] 98,128,9,1.927378654,1.798146963,244086,231286,488172
[RESULT] 100,128,0,1.968203545,1.839110374,242973,230142,485946
[RESULT] 100,128,1,2.045166016,1.916110992,242973,230142,485946
[RESULT] 100,128,2,1.928101778,1.799100637,242973,230142,485946
[RESULT] 100,128,3,2.306071281,2.177128077,242973,230142,485946
[RESULT] 100,128,4,2.177034616,2.048151255,242973,230142,485946
[RESULT] 100,128,5,2.178185701,2.049147844,242973,230142,485946
[RESULT] 100,128,6,2.265135527,2.136149406,242973,230142,485946
[RESULT] 100,128,7,2.183048248,2.054121733,242973,230142,485946
[RESULT] 100,128,8,2.302111387,2.172121048,242973,230142,485946
[RESULT] 100,128,9,2.176871061,2.047756195,242973,230142,485946
[RESULT] 4,128,0,2.196089029,2.067147493,243509,230638,487018
[RESULT] 4,128,1,2.165030479,2.036144257,243509,230638,487018
[RESULT] 4,128,2,2.107961416,1.979166269,243509,230638,487018
[RESULT] 4,128,3,2.309915066,2.181135654,243509,230638,487018
[RESULT] 4,128,4,2.176908016,2.048162460,243509,230638,487018
[RESULT] 4,128,5,2.180879354,2.052142143,243509,230638,487018
[RESULT] 4,128,6,2.304962635,2.176132202,243509,230638,487018
[RESULT] 4,128,7,2.174825907,2.046118736,243509,230638,487018
[RESULT] 4,128,8,2.172864676,2.044157743,243509,230638,487018
[RESULT] 4,128,9,2.174037695,2.045152426,243509,230638,487018
[RESULT] 111,128,0,1.055174828,1.052681684,244140,231269,488280
[RESULT] 111,128,1,1.411163330,1.408678055,244140,231269,488280
[RESULT] 111,128,2,1.422248125,1.419728518,244140,231269,488280
[RESULT] 111,128,3,1.762722731,1.760018826,244140,231269,488280
[RESULT] 111,128,4,1.412229538,1.408032179,244140,231269,488280
[RESULT] 111,128,5,1.758829355,1.756099463,244140,231269,488280
[RESULT] 111,128,6,1.751837015,1.749102831,244140,231269,488280
[RESULT] 111,128,7,1.762774706,1.760026455,244140,231269,488280
[RESULT] 111,128,8,1.762758732,1.760026693,244140,231269,488280
[RESULT] 111,128,9,1.758787632,1.756038904,244140,231269,488280
[RESULT] 30,128,0,2.047450066,1.919015408,243286,230444,486572
[RESULT] 30,128,1,2.055551529,1.931066990,243286,230444,486572
[RESULT] 30,128,2,2.051409960,1.926009178,243286,230444,486572
[RESULT] 30,128,3,2.175529957,2.048067808,243286,230444,486572
[RESULT] 30,128,4,2.176496267,2.049083710,243286,230444,486572
[RESULT] 30,128,5,2.175807238,1.919114351,243286,230444,486572
[RESULT] 30,128,6,2.045123100,1.917093277,243286,230444,486572
[RESULT] 30,128,7,2.049088001,1.921081781,243286,230444,486572
[RESULT] 30,128,8,1.919097185,1.791076899,243286,230444,486572
[RESULT] 30,128,9,1.795262575,1.666152954,243286,230444,486572
[RESULT] 88,128,0,1.940161467,1.804091454,243843,230928,487686
[RESULT] 88,128,1,1.794212580,1.665115356,243843,230928,487686
[RESULT] 88,128,2,1.796155214,1.667133093,243843,230928,487686
[RESULT] 88,128,3,1.920075178,1.791141987,243843,230928,487686
[RESULT] 88,128,4,1.877045393,1.748165131,243843,230928,487686
[RESULT] 88,128,5,1.921952486,1.793070078,243843,230928,487686
[RESULT] 88,128,6,2.049092770,1.920099735,243843,230928,487686
[RESULT] 88,128,7,1.926973581,1.799215555,243843,230928,487686
[RESULT] 88,128,8,1.917095184,1.788195848,243843,230928,487686
[RESULT] 88,128,9,2.045198917,1.916131735,243843,230928,487686
[RESULT] 10,128,0,2.175830364,2.047115326,243503,230571,487006
[RESULT] 10,128,1,2.183924913,2.055106640,243503,230571,487006
[RESULT] 10,128,2,2.171838760,2.042078257,243503,230571,487006
[RESULT] 10,128,3,2.173808098,2.045124054,243503,230571,487006
[RESULT] 10,128,4,2.172846556,2.045113802,243503,230571,487006
[RESULT] 10,128,5,2.280069828,2.023158073,243503,230571,487006
[RESULT] 10,128,6,2.177396774,2.049124718,243503,230571,487006
[RESULT] 10,128,7,2.049390554,1.921149731,243503,230571,487006
[RESULT] 10,128,8,2.048319817,1.920105219,243503,230571,487006
[RESULT] 10,128,9,2.039421082,1.914126873,243503,230571,487006
[RESULT] 116,128,0,1.976185322,1.847187281,243693,230772,487386
[RESULT] 116,128,1,2.045160055,1.916164637,243693,230772,487386
[RESULT] 116,128,2,2.045048237,1.919095755,243693,230772,487386
[RESULT] 116,128,3,2.177143335,2.048099279,243693,230772,487386
[RESULT] 116,128,4,2.180919170,2.052067041,243693,230772,487386
[RESULT] 116,128,5,2.050003052,1.921162128,243693,230772,487386
[RESULT] 116,128,6,2.181069851,2.052099228,243693,230772,487386
[RESULT] 116,128,7,2.178998232,2.050088167,243693,230772,487386
[RESULT] 116,128,8,2.178054333,2.048089981,243693,230772,487386
[RESULT] 116,128,9,2.041402102,1.916219711,243693,230772,487386
[RESULT] 79,128,0,1.418358803,1.415862083,243855,230994,487710
[RESULT] 79,128,1,1.410819054,1.408201456,243855,230994,487710
[RESULT] 79,128,2,1.410830021,1.408228636,243855,230994,487710
[RESULT] 79,128,3,1.410832882,1.408210754,243855,230994,487710
[RESULT] 79,128,4,1.419419050,1.415354967,243855,230994,487710
[RESULT] 79,128,5,1.406751156,1.404114723,243855,230994,487710
[RESULT] 79,128,6,1.762657881,1.759924889,243855,230994,487710
[RESULT] 79,128,7,1.762741089,1.760015488,243855,230994,487710
[RESULT] 79,128,8,1.762733459,1.760006428,243855,230994,487710
[RESULT] 79,128,9,1.758819818,1.756076813,243855,230994,487710
[RESULT] 34,128,0,2.267611742,2.139077902,242858,229992,485716
[RESULT] 34,128,1,2.179722548,2.051058054,242858,229992,485716
[RESULT] 34,128,2,2.046641350,1.918089628,242858,229992,485716
[RESULT] 34,128,3,2.177699327,2.053082228,242858,229992,485716
[RESULT] 34,128,4,2.172668219,2.045084000,242858,229992,485716
[RESULT] 34,128,5,2.303848743,2.043107033,242858,229992,485716
[RESULT] 34,128,6,2.177308559,2.049091816,242858,229992,485716
[RESULT] 34,128,7,2.049308062,1.921096563,242858,229992,485716
[RESULT] 34,128,8,2.052222967,1.924072266,242858,229992,485716
[RESULT] 34,128,9,2.039256096,1.910113811,242858,229992,485716
[RESULT] 124,128,0,2.027843475,1.899177313,243417,230666,486834
[RESULT] 124,128,1,2.048791647,1.920107365,243417,230666,486834
[RESULT] 124,128,2,1.920379639,1.791798353,243417,230666,486834
[RESULT] 124,128,3,2.172687531,2.044103622,243417,230666,486834
[RESULT] 124,128,4,2.176676512,2.048088312,243417,230666,486834
[RESULT] 124,128,5,2.049636602,1.921095610,243417,230666,486834
[RESULT] 124,128,6,2.180691957,2.052084446,243417,230666,486834
[RESULT] 124,128,7,2.178680420,2.050087452,243417,230666,486834
[RESULT] 124,128,8,2.048738003,1.920108557,243417,230666,486834
[RESULT] 124,128,9,2.040837288,1.916109562,243417,230666,486834
[RESULT] 22,128,0,2.047756433,1.919077396,244181,231293,488362
[RESULT] 22,128,1,2.027749538,1.899075985,244181,231293,488362
[RESULT] 22,128,2,2.045742273,1.920074463,244181,231293,488362
[RESULT] 22,128,3,2.048680305,1.919072390,244181,231293,488362
[RESULT] 22,128,4,2.180754662,2.053082228,244181,231293,488362
[RESULT] 22,128,5,2.052037477,1.923102140,244181,231293,488362
[RESULT] 22,128,6,2.046020985,1.917104959,244181,231293,488362
[RESULT] 22,128,7,2.049808264,1.921084404,244181,231293,488362
[RESULT] 22,128,8,1.915909529,1.787119627,244181,231293,488362
[RESULT] 22,128,9,1.952806950,1.850962400,244181,231293,488362
[RESULT] 120,128,0,2.008213997,1.879136324,242844,230026,485688
[RESULT] 120,128,1,2.049348831,1.917136192,242844,230026,485688
[RESULT] 120,128,2,2.052083492,1.923108339,242844,230026,485688
[RESULT] 120,128,3,2.177098274,2.048088074,242844,230026,485688
[RESULT] 120,128,4,2.181042194,2.052092791,242844,230026,485688
[RESULT] 120,128,5,2.177705050,1.924725771,242844,230026,485688
[RESULT] 120,128,6,2.173063993,2.044106007,242844,230026,485688
[RESULT] 120,128,7,2.179069281,2.050095558,242844,230026,485688
[RESULT] 120,128,8,2.174082518,2.044089317,242844,230026,485688
[RESULT] 120,128,9,2.085575104,1.956090212,242844,230026,485688
[RESULT] 8,128,0,2.140299320,2.011111259,243330,230418,486660
[RESULT] 8,128,1,2.177313566,2.048171997,243330,230418,486660
[RESULT] 8,128,2,2.177195787,2.051126719,243330,230418,486660
[RESULT] 8,128,3,2.178263426,2.048171043,243330,230418,486660
[RESULT] 8,128,4,2.177113533,2.048162460,243330,230418,486660
[RESULT] 8,128,5,2.178174257,2.049168587,243330,230418,486660
[RESULT] 8,128,6,2.305179596,2.176126957,243330,230418,486660
[RESULT] 8,128,7,2.171174049,2.042183638,243330,230418,486660
[RESULT] 8,128,8,2.177217960,2.048122168,243330,230418,486660
[RESULT] 8,128,9,2.178293705,2.049128056,243330,230418,486660
[RESULT] 106,128,0,1.920712233,1.791906834,243891,231029,487782
[RESULT] 106,128,1,2.052033663,1.923099518,243891,231029,487782
[RESULT] 106,128,2,2.046912432,1.918106794,243891,231029,487782
[RESULT] 106,128,3,2.151851177,2.024074554,243891,231029,487782
[RESULT] 106,128,4,2.040968895,1.913091660,243891,231029,487782
[RESULT] 106,128,5,2.183955908,1.923121452,243891,231029,487782
[RESULT] 106,128,6,2.053332806,1.925088167,243891,231029,487782
[RESULT] 106,128,7,2.045303822,1.917083025,243891,231029,487782
[RESULT] 106,128,8,1.919353724,1.791104078,243891,231029,487782
[RESULT] 106,128,9,1.915480852,1.790127993,243891,231029,487782
[RESULT] 102,128,0,2.047561884,1.919065714,243324,230463,486648
[RESULT] 102,128,1,2.055592299,1.924081087,243324,230463,486648
[RESULT] 102,128,2,2.042554379,1.911075592,243324,230463,486648
[RESULT] 102,128,3,2.171642303,2.044082403,243324,230463,486648
[RESULT] 102,128,4,2.040653467,1.913109541,243324,230463,486648
[RESULT] 102,128,5,2.179617167,1.919168949,243324,230463,486648
[RESULT] 102,128,6,2.009217978,1.881133080,243324,230463,486648
[RESULT] 102,128,7,1.853074551,1.725130081,243324,230463,486648
[RESULT] 102,128,8,1.916083336,1.791110277,243324,230463,486648
[RESULT] 102,128,9,1.887298107,1.766178846,243324,230463,486648
[RESULT] 15,128,0,1.769710302,1.767041206,243313,230443,486626
[RESULT] 15,128,1,1.758722782,1.756037474,243313,230443,486626
[RESULT] 15,128,2,1.762726784,1.760030508,243313,230443,486626
[RESULT] 15,128,3,1.762748718,1.760043144,243313,230443,486626
[RESULT] 15,128,4,1.771299839,1.767071009,243313,230443,486626
[RESULT] 15,128,5,1.758736372,1.756031752,243313,230443,486626
[RESULT] 15,128,6,1.762741566,1.760033369,243313,230443,486626
[RESULT] 15,128,7,2.114750385,2.112032890,243313,230443,486626
[RESULT] 15,128,8,2.114727497,2.112026215,243313,230443,486626
[RESULT] 15,128,9,2.110704660,2.107987642,243313,230443,486626
[RESULT] 104,128,0,2.012246609,1.883149385,244128,231199,488256
[RESULT] 104,128,1,2.041239500,1.912107944,244128,231199,488256
[RESULT] 104,128,2,1.920159101,1.791129827,244128,231199,488256
[RESULT] 104,128,3,2.177157164,2.048106432,244128,231199,488256
[RESULT] 104,128,4,2.184999466,2.056097984,244128,231199,488256
[RESULT] 104,128,5,2.174081326,2.045100451,244128,231199,488256
[RESULT] 104,128,6,2.177166462,2.048134327,244128,231199,488256
[RESULT] 104,128,7,2.179135799,2.050118208,244128,231199,488256
[RESULT] 104,128,8,2.138176203,2.012134790,244128,231199,488256
[RESULT] 104,128,9,2.153520584,2.024197340,244128,231199,488256
[RESULT] 26,128,0,2.047874689,1.919090509,243471,230617,486942
[RESULT] 26,128,1,2.043882847,1.915091515,243471,230617,486942
[RESULT] 26,128,2,2.055816889,1.930078983,243471,230617,486942
[RESULT] 26,128,3,2.175837755,2.048081875,243471,230617,486942
[RESULT] 26,128,4,2.176810741,2.049092293,243471,230617,486942
[RESULT] 26,128,5,2.172022581,1.915108204,243471,230617,486942
[RESULT] 26,128,6,2.045389414,1.917097807,243471,230617,486942
[RESULT] 26,128,7,2.049325466,1.921082735,243471,230617,486942
[RESULT] 26,128,8,1.980342865,1.855071783,243471,230617,486942
[RESULT] 26,128,9,1.927406788,1.802097082,243471,230617,486942
[RESULT] 2,128,0,2.179241896,2.051012993,242322,229477,484644
[RESULT] 2,128,1,2.175197601,2.047042131,242322,229477,484644
[RESULT] 2,128,2,2.178201675,2.050034046,242322,229477,484644
[RESULT] 2,128,3,2.296211243,2.169037580,242322,229477,484644
[RESULT] 2,128,4,2.312185526,2.184029102,242322,229477,484644
[RESULT] 2,128,5,2.434112549,2.179056644,242322,229477,484644
[RESULT] 2,128,6,2.173823595,2.045458317,242322,229477,484644
[RESULT] 2,128,7,2.181227922,2.049030304,242322,229477,484644
[RESULT] 2,128,8,2.177226305,2.048020363,242322,229477,484644
[RESULT] 2,128,9,2.136299849,2.048002243,242322,229477,484644
[RESULT] 7,128,0,2.111289501,2.108705521,243773,230874,487546
[RESULT] 7,128,1,1.763276815,1.760720730,243773,230874,487546
[RESULT] 7,128,2,1.763279438,1.760711908,243773,230874,487546
[RESULT] 7,128,3,1.763275862,1.760696411,243773,230874,487546
[RESULT] 7,128,4,1.759775877,1.757158279,243773,230874,487546
[RESULT] 7,128,5,1.770268440,1.767699242,243773,230874,487546
[RESULT] 7,128,6,1.763294935,1.760711908,243773,230874,487546
[RESULT] 7,128,7,1.763285398,1.760699749,243773,230874,487546
[RESULT] 7,128,8,2.352832079,2.350027800,243773,230874,487546
[RESULT] 7,128,9,2.110904455,2.108087063,243773,230874,487546
[RESULT] 90,128,0,1.795903444,1.667140722,243207,230337,486414
[RESULT] 90,128,1,1.791897774,1.664086103,243207,230337,486414
[RESULT] 90,128,2,1.665067911,1.536210537,243207,230337,486414
[RESULT] 90,128,3,1.920842648,1.791098356,243207,230337,486414
[RESULT] 90,128,4,1.797878265,1.667172670,243207,230337,486414
[RESULT] 90,128,5,1.799842358,1.671172857,243207,230337,486414
[RESULT] 90,128,6,1.794038296,1.665082216,243207,230337,486414
[RESULT] 90,128,7,1.794118404,1.665153265,243207,230337,486414
[RESULT] 90,128,8,1.800067186,1.671084404,243207,230337,486414
[RESULT] 90,128,9,1.928030014,1.798113346,243207,230337,486414
[RESULT] 126,128,0,1.795660257,1.667124510,243120,230255,486240
[RESULT] 126,128,1,1.875715256,1.751124382,243120,230255,486240
[RESULT] 126,128,2,1.944636345,1.816127539,243120,230255,486240
[RESULT] 126,128,3,1.920628309,1.792096853,243120,230255,486240
[RESULT] 126,128,4,1.924750090,1.793073893,243120,230255,486240
[RESULT] 126,128,5,1.783750057,1.656081438,243120,230255,486240
[RESULT] 126,128,6,1.917783976,1.789075375,243120,230255,486240
[RESULT] 126,128,7,1.789761066,1.661077976,243120,230255,486240
[RESULT] 126,128,8,1.788779974,1.663088560,243120,230255,486240
[RESULT] 126,128,9,1.671740294,1.542112827,243120,230255,486240
[RESULT] 103,128,0,1.769844770,1.767059088,244083,231172,488166
[RESULT] 103,128,1,1.758852482,1.756012917,244083,231172,488166
[RESULT] 103,128,2,1.762828112,1.760017395,244083,231172,488166
[RESULT] 103,128,3,1.762823582,1.760021448,244083,231172,488166
[RESULT] 103,128,4,1.771287680,1.767053843,244083,231172,488166
[RESULT] 103,128,5,1.758829832,1.756030560,244083,231172,488166
[RESULT] 103,128,6,1.758837938,1.756030083,244083,231172,488166
[RESULT] 103,128,7,1.762821198,1.760027170,244083,231172,488166
[RESULT] 103,128,8,1.762825489,1.760026693,244083,231172,488166
[RESULT] 103,128,9,1.758868456,1.756047964,244083,231172,488166
[RESULT] 27,128,0,2.121844769,2.119019270,244741,231871,489482
[RESULT] 27,128,1,2.110853195,2.108025074,244741,231871,489482
[RESULT] 27,128,2,2.114838123,2.112013817,244741,231871,489482
[RESULT] 27,128,3,2.114828110,2.112020254,244741,231871,489482
[RESULT] 27,128,4,2.123379707,2.119030237,244741,231871,489482
[RESULT] 27,128,5,2.110841513,2.108018875,244741,231871,489482
[RESULT] 27,128,6,2.110826492,2.108017683,244741,231871,489482
[RESULT] 27,128,7,2.114861965,2.112027168,244741,231871,489482
[RESULT] 27,128,8,2.114842176,2.112015963,244741,231871,489482
[RESULT] 27,128,9,2.110860586,2.108017445,244741,231871,489482
[RESULT] 92,128,0,1.863916636,1.731114149,243615,230804,487230
[RESULT] 92,128,1,1.657865763,1.529165745,243615,230804,487230
[RESULT] 92,128,2,1.663865089,1.535163641,243615,230804,487230
[RESULT] 92,128,3,1.795840502,1.667233944,243615,230804,487230
[RESULT] 92,128,4,1.729800224,1.601272106,243615,230804,487230
[RESULT] 92,128,5,1.918321133,1.789668322,243615,230804,487230
[RESULT] 92,128,6,2.049772263,1.921131849,243615,230804,487230
[RESULT] 92,128,7,2.046745062,1.918124199,243615,230804,487230
[RESULT] 92,128,8,2.049765348,1.924125433,243615,230804,487230
[RESULT] 92,128,9,2.055190086,1.920145988,243615,230804,487230
[RESULT] 122,128,0,1.919914484,1.791090012,244173,231385,488346
[RESULT] 122,128,1,2.051920176,1.923077822,244173,231385,488346
[RESULT] 122,128,2,1.917665482,1.785877228,244173,231385,488346
[RESULT] 122,128,3,2.047864199,1.920063257,244173,231385,488346
[RESULT] 122,128,4,1.984924316,1.856062174,244173,231385,488346
[RESULT] 122,128,5,2.055080175,1.799094915,244173,231385,488346
[RESULT] 122,128,6,2.041906118,1.913073778,244173,231385,488346
[RESULT] 122,128,7,1.797927380,1.669087887,244173,231385,488346
[RESULT] 122,128,8,1.920993328,1.791081905,244173,231385,488346
[RESULT] 122,128,9,1.789250851,1.664172888,244173,231385,488346
[RESULT] 112,128,0,2.111694813,1.857650280,243924,231055,487848
[RESULT] 112,128,1,2.049169540,1.921155691,243924,231055,487848
[RESULT] 112,128,2,2.048052549,1.919152260,243924,231055,487848
[RESULT] 112,128,3,2.182060480,2.053149223,243924,231055,487848
[RESULT] 112,128,4,2.177024364,2.048104286,243924,231055,487848
[RESULT] 112,128,5,2.170038462,2.041104078,243924,231055,487848
[RESULT] 112,128,6,2.309058905,2.180100679,243924,231055,487848
[RESULT] 112,128,7,2.179081678,2.050117970,243924,231055,487848
[RESULT] 112,128,8,2.178015471,2.052105665,243924,231055,487848
[RESULT] 112,128,9,2.171189547,2.044156313,243924,231055,487848
[RESULT] 114,128,0,1.923724890,1.795105219,244185,231310,488370
[RESULT] 114,128,1,2.047733784,1.919111490,244185,231310,488370
[RESULT] 114,128,2,2.050710440,1.922098875,244185,231310,488370
[RESULT] 114,128,3,2.047689438,1.920064211,244185,231310,488370
[RESULT] 114,128,4,2.020733118,1.892068624,244185,231310,488370
[RESULT] 114,128,5,2.170991182,1.915104389,244185,231310,488370
[RESULT] 114,128,6,1.949815512,1.821110249,244185,231310,488370
[RESULT] 114,128,7,1.885792732,1.757088900,244185,231310,488370
[RESULT] 114,128,8,1.928820610,1.799081802,244185,231310,488370
[RESULT] 114,128,9,1.916763306,1.792089939,244185,231310,488370
[RESULT] 123,128,0,1.417853832,1.415022850,243705,230922,487410
[RESULT] 123,128,1,1.406829119,1.404025555,243705,230922,487410
[RESULT] 123,128,2,1.410828590,1.408015013,243705,230922,487410
[RESULT] 123,128,3,1.410793781,1.407985210,243705,230922,487410
[RESULT] 123,128,4,1.410831451,1.408009768,243705,230922,487410
[RESULT] 123,128,5,1.406840563,1.404021025,243705,230922,487410
[RESULT] 123,128,6,1.406761408,1.403937578,243705,230922,487410
[RESULT] 123,128,7,1.410846472,1.408018112,243705,230922,487410
[RESULT] 123,128,8,1.410857916,1.408028126,243705,230922,487410
[RESULT] 123,128,9,1.410885572,1.408026457,243705,230922,487410
[RESULT] 108,128,0,1.900058508,1.770117044,245025,232129,490050
[RESULT] 108,128,1,1.924995184,1.797134161,245025,232129,490050
[RESULT] 108,128,2,1.915909052,1.787088394,245025,232129,490050
[RESULT] 108,128,3,2.052895546,1.924109697,245025,232129,490050
[RESULT] 108,128,4,2.048866749,1.920094252,245025,232129,490050
[RESULT] 108,128,5,2.049858809,1.921097755,245025,232129,490050
[RESULT] 108,128,6,2.181865454,2.053110838,245025,232129,490050
[RESULT] 108,128,7,2.050875664,1.922111750,245025,232129,490050
[RESULT] 108,128,8,2.049868345,1.924115658,245025,232129,490050
[RESULT] 108,128,9,2.175464630,2.048190832,245025,232129,490050
[RESULT] 118,128,0,1.919787169,1.787109613,243141,230325,486282
[RESULT] 118,128,1,2.043828726,1.915118456,243141,230325,486282
[RESULT] 118,128,2,2.022801876,1.894121408,243141,230325,486282
[RESULT] 118,128,3,1.919721127,1.792082787,243141,230325,486282
[RESULT] 118,128,4,1.860785007,1.733115435,243141,230325,486282
[RESULT] 118,128,5,2.020198822,1.763160467,243141,230325,486282
[RESULT] 118,128,6,1.921249866,1.793076038,243141,230325,486282
[RESULT] 118,128,7,1.859271288,1.731073380,243141,230325,486282
[RESULT] 118,128,8,1.920234442,1.791070223,243141,230325,486282
[RESULT] 118,128,9,1.888385057,1.763095140,243141,230325,486282
[RESULT] 0,128,0,2.307826519,2.178997278,242533,229699,485066
[RESULT] 0,128,1,2.180888653,2.053050518,242533,229699,485066
[RESULT] 0,128,2,2.175774097,2.047043324,242533,229699,485066
[RESULT] 0,128,3,2.305760145,2.177019358,242533,229699,485066
[RESULT] 0,128,4,2.300723076,2.171979427,242533,229699,485066
[RESULT] 0,128,5,2.340696573,2.211999655,242533,229699,485066
[RESULT] 0,128,6,2.300754547,2.172018528,242533,229699,485066
[RESULT] 0,128,7,2.306890726,2.178017378,242533,229699,485066
[RESULT] 0,128,8,2.305744886,2.175993919,242533,229699,485066
[RESULT] 0,128,9,2.308187723,2.177031994,242533,229699,485066

Benchmark Summary
Processes: 128
Iterations: 10
Matrix NNZ: 31207734
Total execution time: 1007.091 seconds
[RESULT] 115,128,0,1.758772850,1.756013155,244233,231348,488466
[RESULT] 115,128,1,1.758785725,1.756019831,244233,231348,488466
[RESULT] 115,128,2,1.762789965,1.760022163,244233,231348,488466
[RESULT] 115,128,3,1.762792826,1.760015488,244233,231348,488466
[RESULT] 115,128,4,1.771242142,1.767020941,244233,231348,488466
[RESULT] 115,128,5,1.758723021,1.755960464,244233,231348,488466
[RESULT] 115,128,6,1.758791924,1.756011486,244233,231348,488466
[RESULT] 115,128,7,1.762785912,1.760009289,244233,231348,488466
[RESULT] 115,128,8,1.762790203,1.760021925,244233,231348,488466
[RESULT] 115,128,9,1.758819103,1.756024599,244233,231348,488466
[RESULT] 95,128,0,1.407124519,1.404619217,244149,231312,488298
[RESULT] 95,128,1,1.411140680,1.408625841,244149,231312,488298
[RESULT] 95,128,2,1.411140203,1.408636332,244149,231312,488298
[RESULT] 95,128,3,1.411149502,1.408618450,244149,231312,488298
[RESULT] 95,128,4,1.420078278,1.416042566,244149,231312,488298
[RESULT] 95,128,5,1.758747339,1.756026745,244149,231312,488298
[RESULT] 95,128,6,1.406748056,1.404012918,244149,231312,488298
[RESULT] 95,128,7,1.410747528,1.408021212,244149,231312,488298
[RESULT] 95,128,8,1.410712719,1.408020258,244149,231312,488298
[RESULT] 95,128,9,1.410770893,1.408028841,244149,231312,488298
[RESULT] 35,128,0,2.110852718,2.108119488,242826,230035,485652
[RESULT] 35,128,1,2.114869118,2.112133265,242826,230035,485652
[RESULT] 35,128,2,2.466723919,2.464013577,242826,230035,485652
[RESULT] 35,128,3,2.466741085,2.464016438,242826,230035,485652
[RESULT] 35,128,4,2.112193108,2.108021259,242826,230035,485652
[RESULT] 35,128,5,2.110734224,2.108006716,242826,230035,485652
[RESULT] 35,128,6,2.121731043,2.119016171,242826,230035,485652
[RESULT] 35,128,7,2.114761591,2.112015486,242826,230035,485652
[RESULT] 35,128,8,2.114735603,2.111993313,242826,230035,485652
[RESULT] 35,128,9,2.110771656,2.108019352,242826,230035,485652
[RESULT] 3,128,0,2.111220837,2.108692884,243466,230565,486932
[RESULT] 3,128,1,2.115193605,2.112704039,243466,230565,486932
[RESULT] 3,128,2,2.115214586,2.112708807,243466,230565,486932
[RESULT] 3,128,3,2.466708899,2.464005947,243466,230565,486932
[RESULT] 3,128,4,2.464174032,2.460006475,243466,230565,486932
[RESULT] 3,128,5,2.462731838,2.459992647,243466,230565,486932
[RESULT] 3,128,6,2.451765537,2.448996544,243466,230565,486932
[RESULT] 3,128,7,2.466730833,2.463997364,243466,230565,486932
[RESULT] 3,128,8,2.473752022,2.471001625,243466,230565,486932
[RESULT] 3,128,9,2.462762833,2.459969282,243466,230565,486932
[RESULT] 91,128,0,1.758826494,1.756011486,243738,230905,487476
[RESULT] 91,128,1,1.758844614,1.756019115,243738,230905,487476
[RESULT] 91,128,2,1.773825407,1.771016121,243738,230905,487476
[RESULT] 91,128,3,1.762907028,1.760175705,243738,230905,487476
[RESULT] 91,128,4,1.758912325,1.756118536,243738,230905,487476
[RESULT] 91,128,5,1.649199724,1.646579504,243738,230905,487476
[RESULT] 91,128,6,1.411317110,1.408681393,243738,230905,487476
[RESULT] 91,128,7,1.411245346,1.408632040,243738,230905,487476
[RESULT] 91,128,8,1.411236525,1.408633947,243738,230905,487476
[RESULT] 91,128,9,1.758846045,1.756011724,243738,230905,487476
