Retrieving the matrix from '../data/tmt_sym.mtx'...
Real Matrix (Strong Scaling): Rows=726713 | Cols=726713 | NNZ=2903837 | Procs=128
Matrix distributed and converted to CSR
Ghost columns identified: 16858 total ghost values needed
Local vector initialized (size=5678 per process)
[RESULT] 19,128,0,0.002406597,0.002194405,22650,16898,45300
[RESULT] 19,128,1,0.003037214,0.002846956,22650,16898,45300
[RESULT] 19,128,2,0.002582312,0.002403259,22650,16898,45300
[RESULT] 19,128,3,0.002287865,0.002120495,22650,16898,45300
[RESULT] 19,128,4,0.002332211,0.002165318,22650,16898,45300
[RESULT] 19,128,5,0.002863407,0.002688169,22650,16898,45300
[RESULT] 19,128,6,0.002291918,0.002124071,22650,16898,45300
[RESULT] 19,128,7,0.002313137,0.002148151,22650,16898,45300
[RESULT] 19,128,8,0.002357483,0.002189636,22650,16898,45300
[RESULT] 19,128,9,0.002218485,0.002052784,22650,16898,45300
[RESULT] 18,128,0,0.002407551,0.002255678,22672,16865,45344
[RESULT] 18,128,1,0.002997398,0.002837658,22672,16865,45344
[RESULT] 18,128,2,0.002600670,0.002455235,22672,16865,45344
[RESULT] 18,128,3,0.002340078,0.002195835,22672,16865,45344
[RESULT] 18,128,4,0.002395391,0.002251148,22672,16865,45344
[RESULT] 18,128,5,0.002950430,0.002805710,22672,16865,45344
[RESULT] 18,128,6,0.002436161,0.002292156,22672,16865,45344
[RESULT] 18,128,7,0.002613544,0.002469301,22672,16865,45344
[RESULT] 18,128,8,0.002664328,0.002519846,22672,16865,45344
[RESULT] 18,128,9,0.002433777,0.002289057,22672,16865,45344
[RESULT] 24,128,0,0.002421379,0.002215862,22721,16983,45442
[RESULT] 24,128,1,0.003037453,0.002819061,22721,16983,45442
[RESULT] 24,128,2,0.002472401,0.002289295,22721,16983,45442
[RESULT] 24,128,3,0.002497673,0.002294064,22721,16983,45442
[RESULT] 24,128,4,0.002230406,0.002038956,22721,16983,45442
[RESULT] 24,128,5,0.002373934,0.002179146,22721,16983,45442
[RESULT] 24,128,6,0.002429962,0.002232790,22721,16983,45442
[RESULT] 24,128,7,0.002305031,0.002108574,22721,16983,45442
[RESULT] 24,128,8,0.002120733,0.001926661,22721,16983,45442
[RESULT] 24,128,9,0.002564430,0.002354145,22721,16983,45442
[RESULT] 84,128,0,0.002635717,0.002484798,22663,16911,45326
[RESULT] 84,128,1,0.003036261,0.002876997,22663,16911,45326
[RESULT] 84,128,2,0.002567768,0.002424479,22663,16911,45326
[RESULT] 84,128,3,0.002606869,0.002463102,22663,16911,45326
[RESULT] 84,128,4,0.002139330,0.001996279,22663,16911,45326
[RESULT] 84,128,5,0.002614975,0.002462864,22663,16911,45326
[RESULT] 12,128,0,0.002875328,0.002717972,22651,16894,45302
[RESULT] 12,128,1,0.003047943,0.002887487,22651,16894,45302
[RESULT] 12,128,2,0.002789021,0.002643108,22651,16894,45302
[RESULT] 12,128,3,0.002818108,0.002671480,22651,16894,45302
[RESULT] 84,128,6,0.002676964,0.002532244,22663,16911,45326
[RESULT] 84,128,7,0.002734184,0.002589464,22663,16911,45326
[RESULT] 84,128,8,0.002840757,0.002689362,22663,16911,45326
[RESULT] 84,128,9,0.002605915,0.002461195,22663,16911,45326
[RESULT] 12,128,4,0.002633333,0.002488375,22651,16894,45302
[RESULT] 12,128,5,0.002938271,0.002792358,22651,16894,45302
[RESULT] 12,128,6,0.002706528,0.002560377,22651,16894,45302
[RESULT] 12,128,7,0.002813816,0.002667427,22651,16894,45302
[RESULT] 12,128,8,0.002755642,0.002601624,22651,16894,45302
[RESULT] 12,128,9,0.002619743,0.002473831,22651,16894,45302
[RESULT] 6,128,0,0.002887011,0.002732277,22669,16906,45338
[RESULT] 6,128,1,0.003062487,0.002920151,22669,16906,45338
[RESULT] 6,128,2,0.002886057,0.002743721,22669,16906,45338
[RESULT] 6,128,3,0.002784729,0.002643824,22669,16906,45338
[RESULT] 6,128,4,0.002846003,0.002704859,22669,16906,45338
[RESULT] 6,128,5,0.002947569,0.002806902,22669,16906,45338
[RESULT] 6,128,6,0.002768278,0.002627373,22669,16906,45338
[RESULT] 6,128,7,0.002925873,0.002785206,22669,16906,45338
[RESULT] 6,128,8,0.002891302,0.002750397,22669,16906,45338
[RESULT] 21,128,0,0.002360344,0.002122164,22637,16842,45274
[RESULT] 21,128,1,0.002965689,0.002755642,22637,16842,45274
[RESULT] 21,128,2,0.002454996,0.002280235,22637,16842,45274
[RESULT] 21,128,3,0.002314806,0.002149582,22637,16842,45274
[RESULT] 21,128,4,0.002261639,0.002096415,22637,16842,45274
[RESULT] 21,128,5,0.002740383,0.002574444,22637,16842,45274
[RESULT] 21,128,6,0.002253056,0.002089739,22637,16842,45274
[RESULT] 21,128,7,0.002087593,0.001926661,22637,16842,45274
[RESULT] 21,128,8,0.001979828,0.001816034,22637,16842,45274
[RESULT] 21,128,9,0.002398491,0.002231836,22637,16842,45274
[RESULT] 6,128,9,0.002657175,0.002516508,22669,16906,45338
[RESULT] 15,128,0,0.002937555,0.002555847,22707,16961,45414
[RESULT] 15,128,1,0.003105402,0.002833366,22707,16961,45414
[RESULT] 15,128,2,0.002792358,0.002466679,22707,16961,45414
[RESULT] 15,128,3,0.002710581,0.002383709,22707,16961,45414
[RESULT] 15,128,4,0.002711535,0.002392530,22707,16961,45414
[RESULT] 15,128,5,0.002905607,0.002614260,22707,16961,45414
[RESULT] 15,128,6,0.002699614,0.002422810,22707,16961,45414
[RESULT] 15,128,7,0.002753735,0.002476931,22707,16961,45414
[RESULT] 15,128,8,0.002635002,0.002309084,22707,16961,45414
[RESULT] 15,128,9,0.002437353,0.002122164,22707,16961,45414
[RESULT] 22,128,0,0.002275944,0.002116203,22722,16974,45444
[RESULT] 22,128,1,0.002908230,0.002761841,22722,16974,45444
[RESULT] 22,128,2,0.002116203,0.001971006,22722,16974,45444
[RESULT] 22,128,3,0.002459526,0.002315044,22722,16974,45444
[RESULT] 22,128,4,0.002275944,0.002131462,22722,16974,45444
[RESULT] 22,128,5,0.002225399,0.002080917,22722,16974,45444
[RESULT] 22,128,6,0.002376556,0.002232313,22722,16974,45444
[RESULT] 22,128,7,0.002266169,0.002121687,22722,16974,45444
[RESULT] 22,128,8,0.002290249,0.002145767,22722,16974,45444
[RESULT] 22,128,9,0.002346516,0.002202988,22722,16974,45444
[RESULT] 17,128,0,0.002349377,0.002193928,22774,17013,45548
[RESULT] 17,128,1,0.003003597,0.002855539,22774,17013,45548
[RESULT] 17,128,2,0.002577782,0.002434015,22774,17013,45548
[RESULT] 17,128,3,0.002375364,0.002231598,22774,17013,45548
[RESULT] 17,128,4,0.002389431,0.002245188,22774,17013,45548
[RESULT] 17,128,5,0.002840996,0.002694130,22774,17013,45548
[RESULT] 17,128,6,0.002298832,0.002155066,22774,17013,45548
[RESULT] 17,128,7,0.002441883,0.002299070,22774,17013,45548
[RESULT] 17,128,8,0.002531052,0.002387285,22774,17013,45548
[RESULT] 17,128,9,0.002406836,0.002262831,22774,17013,45548
[RESULT] 20,128,0,0.003371477,0.002589226,22697,16936,45394
[RESULT] 9,128,0,0.002986431,0.002681971,22664,16901,45328
[RESULT] 9,128,1,0.003139734,0.002879143,22664,16901,45328
[RESULT] 9,128,2,0.002979755,0.002736330,22664,16901,45328
[RESULT] 9,128,3,0.003014088,0.002785206,22664,16901,45328
[RESULT] 9,128,4,0.002853632,0.002638817,22664,16901,45328
[RESULT] 9,128,5,0.002850294,0.002629042,22664,16901,45328
[RESULT] 9,128,6,0.002875805,0.002650261,22664,16901,45328
[RESULT] 66,128,0,0.002873421,0.002696753,22659,16890,45318
[RESULT] 66,128,1,0.002611160,0.002461433,22659,16890,45318
[RESULT] 66,128,2,0.002837420,0.002689600,22659,16890,45318
[RESULT] 66,128,3,0.002880573,0.002733469,22659,16890,45318
[RESULT] 66,128,4,0.002738953,0.002593040,22659,16890,45318
[RESULT] 13,128,0,0.002805948,0.002581835,22674,16897,45348
[RESULT] 13,128,1,0.003078461,0.002861738,22674,16897,45348
[RESULT] 13,128,2,0.002721071,0.002526522,22674,16897,45348
[RESULT] 13,128,3,0.002605677,0.002423763,22674,16897,45348
[RESULT] 10,128,0,0.002876520,0.002691269,22720,16940,45440
[RESULT] 10,128,1,0.003049135,0.002886772,22720,16940,45440
[RESULT] 10,128,2,0.002888203,0.002729177,22720,16940,45440
[RESULT] 23,128,0,0.002387285,0.002208710,22719,16950,45438
[RESULT] 23,128,1,0.002979040,0.002810240,22719,16950,45438
[RESULT] 23,128,2,0.002263308,0.002102613,22719,16950,45438
[RESULT] 23,128,3,0.002379894,0.002221107,22719,16950,45438
[RESULT] 23,128,4,0.002307653,0.002148628,22719,16950,45438
[RESULT] 23,128,5,0.002292633,0.002134085,22719,16950,45438
[RESULT] 23,128,6,0.002318382,0.002158880,22719,16950,45438
[RESULT] 23,128,7,0.002292395,0.002133846,22719,16950,45438
[RESULT] 23,128,8,0.002346277,0.002177238,22719,16950,45438
[RESULT] 23,128,9,0.002442360,0.002282858,22719,16950,45438
[RESULT] 20,128,1,0.003511906,0.002790213,22697,16936,45394
[RESULT] 69,128,0,0.002920151,0.002695799,22638,16883,45276
[RESULT] 69,128,1,0.002354383,0.002151489,22638,16883,45276
[RESULT] 69,128,2,0.002692938,0.002505541,22638,16883,45276
[RESULT] 69,128,3,0.002790689,0.002615452,22638,16883,45276
[RESULT] 69,128,4,0.002632856,0.002464771,22638,16883,45276
[RESULT] 69,128,5,0.002848387,0.002673149,22638,16883,45276
[RESULT] 69,128,6,0.002814054,0.002642393,22638,16883,45276
[RESULT] 69,128,7,0.002768517,0.002601624,22638,16883,45276
[RESULT] 69,128,8,0.002644539,0.002476692,22638,16883,45276
[RESULT] 78,128,0,0.002798557,0.002636194,22565,16788,45130
[RESULT] 78,128,1,0.002449512,0.002303839,22565,16788,45130
[RESULT] 78,128,2,0.002707243,0.002561569,22565,16788,45130
[RESULT] 78,128,3,0.002605438,0.002461195,22565,16788,45130
[RESULT] 78,128,4,0.002392054,0.002248287,22565,16788,45130
[RESULT] 78,128,5,0.002700567,0.002556086,22565,16788,45130
[RESULT] 78,128,6,0.002770662,0.002625704,22565,16788,45130
[RESULT] 13,128,4,0.002698660,0.002507925,22674,16897,45348
[RESULT] 13,128,5,0.002914190,0.002719164,22674,16897,45348
[RESULT] 13,128,6,0.002660990,0.002478123,22674,16897,45348
[RESULT] 13,128,7,0.002780676,0.002597094,22674,16897,45348
[RESULT] 13,128,8,0.002753019,0.002570152,22674,16897,45348
[RESULT] 13,128,9,0.002602816,0.002424240,22674,16897,45348
[RESULT] 16,128,0,0.002796650,0.002614021,22619,16879,45238
[RESULT] 16,128,1,0.003007412,0.002848625,22619,16879,45238
[RESULT] 16,128,2,0.002608776,0.002451420,22619,16879,45238
[RESULT] 16,128,3,0.002650261,0.002498150,22619,16879,45238
[RESULT] 16,128,4,0.002606630,0.002454519,22619,16879,45238
[RESULT] 16,128,5,0.002908945,0.002754450,22619,16879,45238
[RESULT] 11,128,0,0.002896070,0.002706528,22683,16922,45366
[RESULT] 11,128,1,0.003042459,0.002874851,22683,16922,45366
[RESULT] 11,128,2,0.002925634,0.002763271,22683,16922,45366
[RESULT] 11,128,3,0.002972126,0.002812624,22683,16922,45366
[RESULT] 11,128,4,0.002723217,0.002568722,22683,16922,45366
[RESULT] 11,128,5,0.002868176,0.002710581,22683,16922,45366
[RESULT] 11,128,6,0.002830267,0.002670050,22683,16922,45366
[RESULT] 11,128,7,0.002806902,0.002644777,22683,16922,45366
[RESULT] 8,128,0,0.002906799,0.002738476,22717,16951,45434
[RESULT] 8,128,1,0.003062248,0.002900839,22717,16951,45434
[RESULT] 8,128,2,0.002751589,0.002592087,22717,16951,45434
[RESULT] 8,128,3,0.002743483,0.002583981,22717,16951,45434
[RESULT] 9,128,7,0.002820253,0.002612829,22664,16901,45328
[RESULT] 9,128,8,0.002862692,0.002638817,22664,16901,45328
[RESULT] 9,128,9,0.002601624,0.002392769,22664,16901,45328
[RESULT] 66,128,5,0.002918959,0.002772808,22659,16890,45318
[RESULT] 66,128,6,0.002876282,0.002729416,22659,16890,45318
[RESULT] 66,128,7,0.002869129,0.002722263,22659,16890,45318
[RESULT] 66,128,8,0.002900124,0.002753019,22659,16890,45318
[RESULT] 66,128,9,0.002764702,0.002619028,22659,16890,45318
[RESULT] 79,128,0,0.002708673,0.002486706,22788,17048,45576
[RESULT] 79,128,1,0.002426386,0.002224207,22788,17048,45576
[RESULT] 79,128,2,0.002681017,0.002490044,22788,17048,45576
[RESULT] 79,128,3,0.002737284,0.002556562,22788,17048,45576
[RESULT] 79,128,4,0.002746582,0.002559185,22788,17048,45576
[RESULT] 79,128,5,0.002744436,0.002566338,22788,17048,45576
[RESULT] 79,128,6,0.002698660,0.002516508,22788,17048,45576
[RESULT] 79,128,7,0.002721548,0.002540827,22788,17048,45576
[RESULT] 10,128,3,0.002910852,0.002746820,22720,16940,45440
[RESULT] 10,128,4,0.002646446,0.002492428,22720,16940,45440
[RESULT] 10,128,5,0.002903461,0.002747536,22720,16940,45440
[RESULT] 10,128,6,0.002893448,0.002737999,22720,16940,45440
[RESULT] 10,128,7,0.002813339,0.002659321,22720,16940,45440
[RESULT] 10,128,8,0.002884150,0.002730370,22720,16940,45440
[RESULT] 10,128,9,0.002605915,0.002453566,22720,16940,45440
[RESULT] 11,128,8,0.002855778,0.002695322,22683,16922,45366
[RESULT] 11,128,9,0.002607107,0.002452135,22683,16922,45366
[RESULT] 14,128,0,0.002868414,0.002616644,22696,16924,45392
[RESULT] 14,128,1,0.003103256,0.002913237,22696,16924,45392
[RESULT] 14,128,2,0.002660275,0.002493858,22696,16924,45392
[RESULT] 14,128,3,0.002653599,0.002493143,22696,16924,45392
[RESULT] 14,128,4,0.002725124,0.002566338,22696,16924,45392
[RESULT] 14,128,5,0.002884388,0.002713203,22696,16924,45392
[RESULT] 14,128,6,0.002606153,0.002448082,22696,16924,45392
[RESULT] 69,128,9,0.002615690,0.002452374,22638,16883,45276
[RESULT] 78,128,7,0.002875090,0.002729654,22565,16788,45130
[RESULT] 78,128,8,0.002887249,0.002741814,22565,16788,45130
[RESULT] 78,128,9,0.002753019,0.002608299,22565,16788,45130
[RESULT] 79,128,8,0.002862692,0.002674580,22788,17048,45576
[RESULT] 79,128,9,0.002616405,0.002444267,22788,17048,45576
[RESULT] 16,128,6,0.002646685,0.002495289,22619,16879,45238
[RESULT] 16,128,7,0.002713680,0.002561808,22619,16879,45238
[RESULT] 16,128,8,0.002741337,0.002589941,22619,16879,45238
[RESULT] 16,128,9,0.002581596,0.002429962,22619,16879,45238
[RESULT] 5,128,0,0.002785921,0.002630472,22697,16949,45394
[RESULT] 8,128,4,0.002807856,0.002643347,22717,16951,45434
[RESULT] 8,128,5,0.002917528,0.002731800,22717,16951,45434
[RESULT] 8,128,6,0.002743244,0.002578974,22717,16951,45434
[RESULT] 8,128,7,0.002725363,0.002561331,22717,16951,45434
[RESULT] 8,128,8,0.002705336,0.002541304,22717,16951,45434
[RESULT] 8,128,9,0.002644300,0.002480030,22717,16951,45434
[RESULT] 63,128,0,0.003042221,0.002806425,22780,17038,45560
[RESULT] 63,128,1,0.002443552,0.002247572,22780,17038,45560
[RESULT] 63,128,2,0.002845764,0.002666473,22780,17038,45560
[RESULT] 63,128,3,0.002804995,0.002634525,22780,17038,45560
[RESULT] 72,128,0,0.002983093,0.002672195,22685,16922,45370
[RESULT] 72,128,1,0.002512217,0.002214193,22685,16922,45370
[RESULT] 97,128,0,0.003005505,0.002758265,22711,16933,45422
[RESULT] 97,128,1,0.003000021,0.002794266,22711,16933,45422
[RESULT] 97,128,2,0.002964020,0.002764702,22711,16933,45422
[RESULT] 97,128,3,0.002962351,0.002765656,22711,16933,45422
[RESULT] 82,128,0,0.002621174,0.002470493,22741,16926,45482
[RESULT] 82,128,1,0.003030062,0.002881050,22741,16926,45482
[RESULT] 82,128,2,0.002636671,0.002490044,22741,16926,45482
[RESULT] 82,128,3,0.002690792,0.002544403,22741,16926,45482
[RESULT] 82,128,4,0.002676487,0.002529860,22741,16926,45482
[RESULT] 82,128,5,0.002658606,0.002513647,22741,16926,45482
[RESULT] 82,128,6,0.002707720,0.002561808,22741,16926,45482
[RESULT] 82,128,7,0.002671480,0.002526522,22741,16926,45482
[RESULT] 82,128,8,0.002810240,0.002664566,22741,16926,45482
[RESULT] 82,128,9,0.002622604,0.002477169,22741,16926,45482
[RESULT] 5,128,1,0.003072023,0.002923250,22697,16949,45394
[RESULT] 5,128,2,0.002814054,0.002660990,22697,16949,45394
[RESULT] 5,128,3,0.002799273,0.002655506,22697,16949,45394
[RESULT] 5,128,4,0.002833128,0.002687693,22697,16949,45394
[RESULT] 5,128,5,0.002872467,0.002728462,22697,16949,45394
[RESULT] 5,128,6,0.002706289,0.002563715,22697,16949,45394
[RESULT] 5,128,7,0.002843618,0.002698660,22697,16949,45394
[RESULT] 5,128,8,0.002802372,0.002658129,22697,16949,45394
[RESULT] 5,128,9,0.002665520,0.002522707,22697,16949,45394
[RESULT] 14,128,7,0.002710104,0.002549887,22696,16924,45392
[RESULT] 14,128,8,0.002397299,0.002237797,22696,16924,45392
[RESULT] 14,128,9,0.002656460,0.002491236,22696,16924,45392
[RESULT] 63,128,4,0.002835274,0.002666473,22780,17038,45560
[RESULT] 63,128,5,0.002853632,0.002683878,22780,17038,45560
[RESULT] 63,128,6,0.002825260,0.002655268,22780,17038,45560
[RESULT] 63,128,7,0.002770901,0.002607822,22780,17038,45560
[RESULT] 63,128,8,0.002760410,0.002596855,22780,17038,45560
[RESULT] 63,128,9,0.002738714,0.002573967,22780,17038,45560
[RESULT] 72,128,2,0.002814293,0.002530336,22685,16922,45370
[RESULT] 72,128,3,0.002924681,0.002657890,22685,16922,45370
[RESULT] 72,128,4,0.002508640,0.002280951,22685,16922,45370
[RESULT] 72,128,5,0.002950430,0.002688408,22685,16922,45370
[RESULT] 72,128,6,0.002888203,0.002650976,22685,16922,45370
[RESULT] 72,128,7,0.002947569,0.002730608,22685,16922,45370
[RESULT] 97,128,4,0.003033638,0.002846956,22711,16933,45422
[RESULT] 97,128,5,0.003010511,0.002813101,22711,16933,45422
[RESULT] 97,128,6,0.002821445,0.002637148,22711,16933,45422
[RESULT] 97,128,7,0.003049374,0.002862692,22711,16933,45422
[RESULT] 97,128,8,0.003000975,0.002816200,22711,16933,45422
[RESULT] 97,128,9,0.002768278,0.002591610,22711,16933,45422
[RESULT] 70,128,0,0.002999306,0.002789259,22636,16876,45272
[RESULT] 70,128,1,0.002383709,0.002206802,22636,16876,45272
[RESULT] 71,128,0,0.002845287,0.002681255,22697,16957,45394
[RESULT] 71,128,1,0.002432346,0.002281666,22697,16957,45394
[RESULT] 71,128,2,0.002804518,0.002649307,22697,16957,45394
[RESULT] 71,128,3,0.002870560,0.002722502,22697,16957,45394
[RESULT] 71,128,4,0.002821445,0.002675056,22697,16957,45394
[RESULT] 71,128,5,0.002789259,0.002643108,22697,16957,45394
[RESULT] 71,128,6,0.002842665,0.002695560,22697,16957,45394
[RESULT] 71,128,7,0.002788544,0.002638102,22697,16957,45394
[RESULT] 71,128,8,0.002807140,0.002660990,22697,16957,45394
[RESULT] 71,128,9,0.002709866,0.002565145,22697,16957,45394
[RESULT] 20,128,2,0.003007174,0.002427101,22697,16936,45394
[RESULT] 72,128,8,0.002949238,0.002723932,22685,16922,45370
[RESULT] 72,128,9,0.002813101,0.002521276,22685,16922,45370
[RESULT] 7,128,0,0.002889156,0.002668858,22690,16950,45380
[RESULT] 7,128,1,0.003109932,0.002898216,22690,16950,45380
[RESULT] 7,128,2,0.002745628,0.002551079,22690,16950,45380
[RESULT] 7,128,3,0.002857208,0.002673149,22690,16950,45380
[RESULT] 7,128,4,0.002741098,0.002558947,22690,16950,45380
[RESULT] 4,128,0,0.002949238,0.002767563,22674,16905,45348
[RESULT] 4,128,1,0.003146410,0.002985477,22674,16905,45348
[RESULT] 4,128,2,0.002887487,0.002732515,22674,16905,45348
[RESULT] 4,128,3,0.002918005,0.002758265,22674,16905,45348
[RESULT] 4,128,4,0.002769709,0.002619028,22674,16905,45348
[RESULT] 4,128,5,0.002930403,0.002771854,22674,16905,45348
[RESULT] 4,128,6,0.002877712,0.002727032,22674,16905,45348
[RESULT] 4,128,7,0.002942324,0.002790451,22674,16905,45348
[RESULT] 4,128,8,0.002920389,0.002770185,22674,16905,45348
[RESULT] 59,128,0,0.002863169,0.002705336,22683,16933,45366
[RESULT] 59,128,1,0.002533436,0.002376080,22683,16933,45366
[RESULT] 59,128,2,0.002872229,0.002717257,22683,16933,45366
[RESULT] 59,128,3,0.002851248,0.002702951,22683,16933,45366
[RESULT] 59,128,4,0.002672672,0.002516031,22683,16933,45366
[RESULT] 20,128,3,0.002931356,0.002465248,22697,16936,45394
[RESULT] 87,128,0,0.002932072,0.002538681,22671,16899,45342
[RESULT] 87,128,1,0.003068686,0.002794266,22671,16899,45342
[RESULT] 87,128,2,0.002830505,0.002523184,22671,16899,45342
[RESULT] 87,128,3,0.002895117,0.002605677,22671,16899,45342
[RESULT] 30,128,0,0.002868652,0.002699137,22782,17012,45564
[RESULT] 30,128,1,0.002852917,0.002707243,22782,17012,45564
[RESULT] 30,128,2,0.002702475,0.002557278,22782,17012,45564
[RESULT] 30,128,3,0.002948284,0.002804518,22782,17012,45564
[RESULT] 30,128,4,0.002595186,0.002451420,22782,17012,45564
[RESULT] 67,128,0,0.002778292,0.002557516,22683,16876,45366
[RESULT] 67,128,1,0.002353430,0.002153397,22683,16876,45366
[RESULT] 67,128,2,0.002721548,0.002521038,22683,16876,45366
[RESULT] 67,128,3,0.002630711,0.002442837,22683,16876,45366
[RESULT] 67,128,4,0.002586126,0.002399445,22683,16876,45366
[RESULT] 67,128,5,0.002833605,0.002635479,22683,16876,45366
[RESULT] 67,128,6,0.002859831,0.002657175,22683,16876,45366
[RESULT] 67,128,7,0.002720356,0.002530575,22683,16876,45366
[RESULT] 70,128,2,0.002690792,0.002529383,22636,16876,45272
[RESULT] 70,128,3,0.002727747,0.002567291,22636,16876,45272
[RESULT] 70,128,4,0.002616644,0.002453089,22636,16876,45272
[RESULT] 70,128,5,0.002939939,0.002766609,22636,16876,45272
[RESULT] 70,128,6,0.002773762,0.002612352,22636,16876,45272
[RESULT] 70,128,7,0.002956390,0.002788544,22636,16876,45272
[RESULT] 70,128,8,0.002926350,0.002759933,22636,16876,45272
[RESULT] 70,128,9,0.002788544,0.002626657,22636,16876,45272
[RESULT] 59,128,5,0.002788067,0.002639532,22683,16933,45366
[RESULT] 59,128,6,0.002825499,0.002678156,22683,16933,45366
[RESULT] 59,128,7,0.002807379,0.002655268,22683,16933,45366
[RESULT] 59,128,8,0.002789497,0.002643108,22683,16933,45366
[RESULT] 59,128,9,0.002797604,0.002651453,22683,16933,45366
[RESULT] 20,128,4,0.002641201,0.002181053,22697,16936,45394
[RESULT] 117,128,0,0.003042221,0.002742529,22718,16904,45436
[RESULT] 117,128,1,0.003148794,0.002951384,22718,16904,45436
[RESULT] 117,128,2,0.002906322,0.002727032,22718,16904,45436
[RESULT] 117,128,3,0.002934217,0.002752781,22718,16904,45436
[RESULT] 117,128,4,0.002903461,0.002734900,22718,16904,45436
[RESULT] 117,128,5,0.002912045,0.002730846,22718,16904,45436
[RESULT] 30,128,5,0.002689123,0.002544880,22782,17012,45564
[RESULT] 30,128,6,0.002417088,0.002274036,22782,17012,45564
[RESULT] 30,128,7,0.002329350,0.002186775,22782,17012,45564
[RESULT] 30,128,8,0.002478838,0.002335548,22782,17012,45564
[RESULT] 30,128,9,0.002885342,0.002741098,22782,17012,45564
[RESULT] 7,128,5,0.002943754,0.002740622,22690,16950,45380
[RESULT] 7,128,6,0.002758503,0.002575636,22690,16950,45380
[RESULT] 7,128,7,0.002834797,0.002652407,22690,16950,45380
[RESULT] 7,128,8,0.002855778,0.002667427,22690,16950,45380
[RESULT] 7,128,9,0.002807617,0.002626419,22690,16950,45380
[RESULT] 4,128,9,0.002813816,0.002664089,22674,16905,45348
[RESULT] 89,128,0,0.003013134,0.002834320,22549,16804,45098
[RESULT] 89,128,1,0.003107786,0.002950668,22549,16804,45098
[RESULT] 89,128,2,0.003032446,0.002880573,22549,16804,45098
[RESULT] 89,128,3,0.002951860,0.002799988,22549,16804,45098
[RESULT] 89,128,4,0.003104687,0.002954960,22549,16804,45098
[RESULT] 20,128,5,0.003074169,0.002674341,22697,16936,45394
[RESULT] 87,128,4,0.002992392,0.002761841,22671,16899,45342
[RESULT] 87,128,5,0.002799988,0.002515078,22671,16899,45342
[RESULT] 87,128,6,0.002702475,0.002415657,22671,16899,45342
[RESULT] 87,128,7,0.002974272,0.002750158,22671,16899,45342
[RESULT] 87,128,8,0.002959251,0.002726793,22671,16899,45342
[RESULT] 87,128,9,0.002783537,0.002508402,22671,16899,45342
[RESULT] 36,128,0,0.002875805,0.002716303,22730,16971,45460
[RESULT] 36,128,1,0.002792835,0.002649546,22730,16971,45460
[RESULT] 36,128,2,0.002673388,0.002532244,22730,16971,45460
[RESULT] 36,128,3,0.002845526,0.002703667,22730,16971,45460
[RESULT] 67,128,8,0.002663136,0.002476215,22683,16876,45366
[RESULT] 67,128,9,0.002803564,0.002611876,22683,16876,45366
[RESULT] 106,128,0,0.002995253,0.002810240,22660,16886,45320
[RESULT] 106,128,1,0.002940416,0.002773285,22660,16886,45320
[RESULT] 119,128,0,0.002962112,0.002776384,22620,16859,45240
[RESULT] 119,128,1,0.003129721,0.002965450,22620,16859,45240
[RESULT] 119,128,2,0.002920866,0.002761841,22620,16859,45240
[RESULT] 119,128,3,0.002958059,0.002800703,22620,16859,45240
[RESULT] 119,128,4,0.002912283,0.002753973,22620,16859,45240
[RESULT] 80,128,0,0.003418684,0.002605200,22637,16898,45274
[RESULT] 80,128,1,0.003616810,0.002859354,22637,16898,45274
[RESULT] 80,128,2,0.003321648,0.002686977,22637,16898,45274
[RESULT] 80,128,3,0.003153563,0.002612829,22637,16898,45274
[RESULT] 80,128,4,0.003100395,0.002594948,22637,16898,45274
[RESULT] 80,128,5,0.003076077,0.002655029,22637,16898,45274
[RESULT] 80,128,6,0.003117800,0.002680063,22637,16898,45274
[RESULT] 117,128,6,0.002687931,0.002526045,22718,16904,45436
[RESULT] 117,128,7,0.002905369,0.002733231,22718,16904,45436
[RESULT] 117,128,8,0.002845287,0.002673864,22718,16904,45436
[RESULT] 117,128,9,0.002814054,0.002649546,22718,16904,45436
[RESULT] 36,128,4,0.002357721,0.002217293,22730,16971,45460
[RESULT] 36,128,5,0.002746344,0.002605438,22730,16971,45460
[RESULT] 36,128,6,0.002778769,0.002638102,22730,16971,45460
[RESULT] 36,128,7,0.002527475,0.002386332,22730,16971,45460
[RESULT] 36,128,8,0.002677202,0.002537012,22730,16971,45460
[RESULT] 25,128,0,0.002949953,0.002710819,22693,16942,45386
[RESULT] 25,128,1,0.002965450,0.002766609,22693,16942,45386
[RESULT] 25,128,2,0.002892971,0.002696514,22693,16942,45386
[RESULT] 25,128,3,0.002941132,0.002742767,22693,16942,45386
[RESULT] 25,128,4,0.002603054,0.002425909,22693,16942,45386
[RESULT] 25,128,5,0.002543926,0.002367735,22693,16942,45386
[RESULT] 106,128,2,0.002875328,0.002712965,22660,16886,45320
[RESULT] 106,128,3,0.002979279,0.002814293,22660,16886,45320
[RESULT] 106,128,4,0.002896070,0.002734900,22660,16886,45320
[RESULT] 106,128,5,0.003034353,0.002860069,22660,16886,45320
[RESULT] 106,128,6,0.002900600,0.002727985,22660,16886,45320
[RESULT] 106,128,7,0.002974510,0.002815485,22660,16886,45320
[RESULT] 89,128,5,0.002995491,0.002846718,22549,16804,45098
[RESULT] 89,128,6,0.002848864,0.002699614,22549,16804,45098
[RESULT] 89,128,7,0.003111124,0.002963305,22549,16804,45098
[RESULT] 89,128,8,0.003050804,0.002901793,22549,16804,45098
[RESULT] 89,128,9,0.002847910,0.002698421,22549,16804,45098
[RESULT] 80,128,7,0.003024340,0.002616644,22637,16898,45274
[RESULT] 80,128,8,0.002952576,0.002657413,22637,16898,45274
[RESULT] 80,128,9,0.002735853,0.002414703,22637,16898,45274
[RESULT] 111,128,0,0.003005505,0.002721786,22713,16962,45426
[RESULT] 60,128,0,0.003048420,0.002847910,22657,16849,45314
[RESULT] 60,128,1,0.002579212,0.002401829,22657,16849,45314
[RESULT] 60,128,2,0.002900839,0.002710819,22657,16849,45314
[RESULT] 60,128,3,0.002935410,0.002748966,22657,16849,45314
[RESULT] 60,128,4,0.002649307,0.002475262,22657,16849,45314
[RESULT] 60,128,5,0.002996445,0.002806664,22657,16849,45314
[RESULT] 60,128,6,0.002948046,0.002767324,22657,16849,45314
[RESULT] 43,128,0,0.003046036,0.002782822,22705,16936,45410
[RESULT] 43,128,1,0.002772331,0.002588511,22705,16936,45410
[RESULT] 43,128,2,0.002892971,0.002704859,22705,16936,45410
[RESULT] 43,128,3,0.002854824,0.002674341,22705,16936,45410
[RESULT] 43,128,4,0.002420425,0.002242565,22705,16936,45410
[RESULT] 43,128,5,0.002874851,0.002690792,22705,16936,45410
[RESULT] 43,128,6,0.002994299,0.002794981,22705,16936,45410
[RESULT] 43,128,7,0.002495527,0.002315998,22705,16936,45410
[RESULT] 43,128,8,0.002571344,0.002401590,22705,16936,45410
[RESULT] 43,128,9,0.002827406,0.002641678,22705,16936,45410
[RESULT] 106,128,8,0.002946615,0.002786875,22660,16886,45320
[RESULT] 106,128,9,0.002846956,0.002682686,22660,16886,45320
[RESULT] 119,128,5,0.002948761,0.002791882,22620,16859,45240
[RESULT] 119,128,6,0.002719641,0.002564669,22620,16859,45240
[RESULT] 119,128,7,0.002939224,0.002779484,22620,16859,45240
[RESULT] 119,128,8,0.002862215,0.002705812,22620,16859,45240
[RESULT] 119,128,9,0.002823830,0.002669096,22620,16859,45240
[RESULT] 20,128,6,0.002763271,0.002379656,22697,16936,45394
[RESULT] 3,128,0,0.003050089,0.002701521,22606,16796,45212
[RESULT] 3,128,1,0.003184795,0.002874374,22606,16796,45212
[RESULT] 3,128,2,0.003042459,0.002793074,22606,16796,45212
[RESULT] 3,128,3,0.003034830,0.002801895,22606,16796,45212
[RESULT] 3,128,4,0.002906799,0.002680540,22606,16796,45212
[RESULT] 0,128,0,0.002929926,0.002732754,22609,16858,45218
[RESULT] 0,128,1,0.003177881,0.002992630,22609,16858,45218
[RESULT] 0,128,2,0.002948046,0.002767086,22609,16858,45218
[RESULT] 25,128,6,0.002586603,0.002406597,22693,16942,45386
[RESULT] 25,128,7,0.002514362,0.002325535,22693,16942,45386
[RESULT] 25,128,8,0.002684832,0.002502680,22693,16942,45386
[RESULT] 25,128,9,0.002833843,0.002642155,22693,16942,45386
[RESULT] 124,128,0,0.002993107,0.002818108,22706,16890,45412
[RESULT] 124,128,1,0.003107786,0.002950430,22706,16890,45412
[RESULT] 124,128,2,0.002876043,0.002725363,22706,16890,45412
[RESULT] 124,128,3,0.002913952,0.002761126,22706,16890,45412
[RESULT] 124,128,4,0.002805471,0.002658367,22706,16890,45412
[RESULT] 124,128,5,0.002983093,0.002824783,22706,16890,45412
[RESULT] 124,128,6,0.002863646,0.002717972,22706,16890,45412
[RESULT] 124,128,7,0.002930880,0.002784967,22706,16890,45412
[RESULT] 41,128,0,0.002909184,0.002752781,22714,16973,45428
[RESULT] 41,128,1,0.002752066,0.002602577,22714,16973,45428
[RESULT] 41,128,2,0.002830029,0.002675295,22714,16973,45428
[RESULT] 41,128,3,0.002852201,0.002705097,22714,16973,45428
[RESULT] 2,128,0,0.002992392,0.002657413,22698,16936,45396
[RESULT] 2,128,1,0.003385544,0.003060102,22698,16936,45396
[RESULT] 2,128,2,0.002993107,0.002711535,22698,16936,45396
[RESULT] 111,128,1,0.002818346,0.002661943,22713,16962,45426
[RESULT] 111,128,2,0.002873421,0.002722979,22713,16962,45426
[RESULT] 111,128,3,0.002830505,0.002681494,22713,16962,45426
[RESULT] 111,128,4,0.002914190,0.002765656,22713,16962,45426
[RESULT] 111,128,5,0.002899885,0.002741814,22713,16962,45426
[RESULT] 111,128,6,0.002703428,0.002555132,22713,16962,45426
[RESULT] 111,128,7,0.002894402,0.002746105,22713,16962,45426
[RESULT] 36,128,9,0.002911329,0.002771139,22730,16971,45460
[RESULT] 127,128,0,0.003055096,0.002798319,22634,16888,45268
[RESULT] 127,128,1,0.003169775,0.002957106,22634,16888,45268
[RESULT] 127,128,2,0.002890110,0.002697945,22634,16888,45268
[RESULT] 127,128,3,0.002953768,0.002758265,22634,16888,45268
[RESULT] 28,128,0,0.002874613,0.002688169,22685,16956,45370
[RESULT] 28,128,1,0.002889395,0.002720594,22685,16956,45370
[RESULT] 28,128,2,0.002773762,0.002613783,22685,16956,45370
[RESULT] 28,128,3,0.002792358,0.002626896,22685,16956,45370
[RESULT] 28,128,4,0.002563953,0.002406836,22685,16956,45370
[RESULT] 28,128,5,0.002393484,0.002239227,22685,16956,45370
[RESULT] 28,128,6,0.002332926,0.002176523,22685,16956,45370
[RESULT] 29,128,0,0.002943754,0.002785921,22647,16882,45294
[RESULT] 29,128,1,0.002870560,0.002722979,22647,16882,45294
[RESULT] 29,128,2,0.002749920,0.002602577,22647,16882,45294
[RESULT] 2,128,3,0.002903938,0.002643108,22698,16936,45396
[RESULT] 2,128,4,0.002876997,0.002625227,22698,16936,45396
[RESULT] 2,128,5,0.003002882,0.002763987,22698,16936,45396
[RESULT] 2,128,6,0.002759457,0.002530813,22698,16936,45396
[RESULT] 2,128,7,0.002935410,0.002709866,22698,16936,45396
[RESULT] 2,128,8,0.002848148,0.002654552,22698,16936,45396
[RESULT] 2,128,9,0.002832651,0.002600670,22698,16936,45396
[RESULT] 3,128,5,0.002980232,0.002737284,22606,16796,45212
[RESULT] 3,128,6,0.002902269,0.002676487,22606,16796,45212
[RESULT] 3,128,7,0.002879620,0.002652645,22606,16796,45212
[RESULT] 3,128,8,0.002882957,0.002640486,22606,16796,45212
[RESULT] 3,128,9,0.002850294,0.002592802,22606,16796,45212
[RESULT] 60,128,7,0.002781868,0.002609015,22657,16849,45314
[RESULT] 60,128,8,0.002963066,0.002776146,22657,16849,45314
[RESULT] 60,128,9,0.002919912,0.002736807,22657,16849,45314
[RESULT] 1,128,0,0.003058672,0.002799749,22766,17012,45532
[RESULT] 1,128,1,0.003149986,0.002934933,22766,17012,45532
[RESULT] 1,128,2,0.002823830,0.002636433,22766,17012,45532
[RESULT] 1,128,3,0.002852201,0.002668619,22766,17012,45532
[RESULT] 124,128,8,0.002896547,0.002750397,22706,16890,45412
[RESULT] 124,128,9,0.002874851,0.002720833,22706,16890,45412
[RESULT] 41,128,4,0.002507925,0.002361536,22714,16973,45428
[RESULT] 41,128,5,0.002822161,0.002675772,22714,16973,45428
[RESULT] 41,128,6,0.002857685,0.002710342,22714,16973,45428
[RESULT] 41,128,7,0.002561331,0.002414942,22714,16973,45428
[RESULT] 41,128,8,0.002584457,0.002438307,22714,16973,45428
[RESULT] 41,128,9,0.002869129,0.002722502,22714,16973,45428
[RESULT] 122,128,0,0.003462791,0.002743006,22749,16984,45498
[RESULT] 122,128,1,0.003540754,0.003150702,22749,16984,45498
[RESULT] 122,128,2,0.002957582,0.002708673,22749,16984,45498
[RESULT] 122,128,3,0.003045082,0.002832174,22749,16984,45498
[RESULT] 122,128,4,0.002892494,0.002702475,22749,16984,45498
[RESULT] 111,128,8,0.002832174,0.002683640,22713,16962,45426
[RESULT] 111,128,9,0.002846241,0.002690554,22713,16962,45426
[RESULT] 120,128,0,0.003036499,0.002894163,22690,16940,45380
[RESULT] 120,128,1,0.003179550,0.003041029,22690,16940,45380
[RESULT] 120,128,2,0.002938271,0.002798319,22690,16940,45380
[RESULT] 120,128,3,0.002962351,0.002823114,22690,16940,45380
[RESULT] 120,128,4,0.002895355,0.002756357,22690,16940,45380
[RESULT] 120,128,5,0.002966642,0.002826929,22690,16940,45380
[RESULT] 120,128,6,0.002908230,0.002769709,22690,16940,45380
[RESULT] 91,128,0,0.003108263,0.002845287,22642,16883,45284
[RESULT] 91,128,1,0.003016949,0.002815008,22642,16883,45284
[RESULT] 91,128,2,0.002987146,0.002793550,22642,16883,45284
[RESULT] 91,128,3,0.003022194,0.002830505,22642,16883,45284
[RESULT] 91,128,4,0.003040075,0.002856970,22642,16883,45284
[RESULT] 91,128,5,0.002995968,0.002802849,22642,16883,45284
[RESULT] 91,128,6,0.002818346,0.002640486,22642,16883,45284
[RESULT] 91,128,7,0.003060341,0.002876759,22642,16883,45284
[RESULT] 28,128,7,0.002507210,0.002344131,22685,16956,45370
[RESULT] 28,128,8,0.002446890,0.002288103,22685,16956,45370
[RESULT] 28,128,9,0.002856016,0.002684593,22685,16956,45370
[RESULT] 65,128,0,0.002990961,0.002835512,22716,16961,45432
[RESULT] 65,128,1,0.002542734,0.002391338,22716,16961,45432
[RESULT] 65,128,2,0.002830505,0.002676249,22716,16961,45432
[RESULT] 65,128,3,0.002962112,0.002816677,22716,16961,45432
[RESULT] 65,128,4,0.002723694,0.002580166,22716,16961,45432
[RESULT] 65,128,5,0.002782583,0.002638817,22716,16961,45432
[RESULT] 65,128,6,0.002854824,0.002709866,22716,16961,45432
[RESULT] 65,128,7,0.002793789,0.002640009,22716,16961,45432
[RESULT] 65,128,8,0.002817154,0.002673388,22716,16961,45432
[RESULT] 122,128,5,0.002996206,0.002785444,22749,16984,45498
[RESULT] 122,128,6,0.002737999,0.002552271,22749,16984,45498
[RESULT] 122,128,7,0.002920866,0.002723455,22749,16984,45498
[RESULT] 122,128,8,0.002849817,0.002663136,22749,16984,45498
[RESULT] 122,128,9,0.002832413,0.002625465,22749,16984,45498
[RESULT] 45,128,0,0.003092527,0.002771854,22683,16911,45366
[RESULT] 45,128,1,0.002749205,0.002512455,22683,16911,45366
[RESULT] 0,128,3,0.002902031,0.002724648,22609,16858,45218
[RESULT] 0,128,4,0.002928257,0.002742529,22609,16858,45218
[RESULT] 0,128,5,0.002984762,0.002808094,22609,16858,45218
[RESULT] 0,128,6,0.002836466,0.002658606,22609,16858,45218
[RESULT] 0,128,7,0.002963543,0.002782106,22609,16858,45218
[RESULT] 0,128,8,0.002947092,0.002772331,22609,16858,45218
[RESULT] 0,128,9,0.002946854,0.002765417,22609,16858,45218

Benchmark Summary
Processes: 128
Iterations: 10
Matrix NNZ: 2903837
Total execution time: 2.503 seconds
[RESULT] 115,128,0,0.003035307,0.002799749,22736,16975,45472
[RESULT] 115,128,1,0.003240108,0.003046989,22736,16975,45472
[RESULT] 115,128,2,0.002913713,0.002733231,22736,16975,45472
[RESULT] 115,128,3,0.002914906,0.002735138,22736,16975,45472
[RESULT] 115,128,4,0.002973318,0.002795219,22736,16975,45472
[RESULT] 115,128,5,0.002982378,0.002795219,22736,16975,45472
[RESULT] 115,128,6,0.002802610,0.002633095,22736,16975,45472
[RESULT] 115,128,7,0.002979994,0.002805471,22736,16975,45472
[RESULT] 115,128,8,0.002938986,0.002765894,22736,16975,45472
[RESULT] 115,128,9,0.002921581,0.002742529,22736,16975,45472
[RESULT] 34,128,0,0.002933741,0.002783298,22832,17080,45664
[RESULT] 34,128,1,0.002815962,0.002672672,22832,17080,45664
[RESULT] 34,128,2,0.002867222,0.002723932,22832,17080,45664
[RESULT] 34,128,3,0.002915382,0.002764463,22832,17080,45664
[RESULT] 34,128,4,0.002331734,0.002179384,22832,17080,45664
[RESULT] 34,128,5,0.002358913,0.002216816,22832,17080,45664
[RESULT] 77,128,0,0.002929688,0.002745390,22697,16925,45394
[RESULT] 77,128,1,0.002622604,0.002460003,22697,16925,45394
[RESULT] 77,128,2,0.002914906,0.002746582,22697,16925,45394
[RESULT] 77,128,3,0.002969980,0.002814054,22697,16925,45394
[RESULT] 77,128,4,0.002937555,0.002784252,22697,16925,45394
[RESULT] 77,128,5,0.002810717,0.002660513,22697,16925,45394
[RESULT] 77,128,6,0.002808571,0.002655268,22697,16925,45394
[RESULT] 68,128,0,0.003002167,0.002654552,22727,16960,45454
[RESULT] 68,128,1,0.002619505,0.002309799,22727,16960,45454
[RESULT] 68,128,2,0.002900600,0.002625465,22727,16960,45454
[RESULT] 51,128,0,0.002954006,0.002697945,22636,16883,45272
[RESULT] 51,128,1,0.002453089,0.002240181,22636,16883,45272
[RESULT] 51,128,2,0.002893925,0.002707481,22636,16883,45272
[RESULT] 51,128,3,0.002814293,0.002643108,22636,16883,45272
[RESULT] 51,128,4,0.002616644,0.002452850,22636,16883,45272
[RESULT] 51,128,5,0.002786160,0.002619743,22636,16883,45272
[RESULT] 42,128,0,0.003015041,0.002855301,22727,16943,45454
[RESULT] 42,128,1,0.002748251,0.002601147,22727,16943,45454
[RESULT] 42,128,2,0.002934933,0.002787590,22727,16943,45454
[RESULT] 42,128,3,0.002931833,0.002785683,22727,16943,45454
[RESULT] 127,128,4,0.002868414,0.002684832,22634,16888,45268
[RESULT] 127,128,5,0.002981186,0.002781391,22634,16888,45268
[RESULT] 127,128,6,0.002767563,0.002585888,22634,16888,45268
[RESULT] 127,128,7,0.002955914,0.002769470,22634,16888,45268
[RESULT] 127,128,8,0.002877235,0.002691269,22634,16888,45268
[RESULT] 127,128,9,0.002907991,0.002715111,22634,16888,45268
[RESULT] 34,128,6,0.002382278,0.002240419,22832,17080,45664
[RESULT] 34,128,7,0.002350569,0.002209187,22832,17080,45664
[RESULT] 34,128,8,0.002393484,0.002251148,22832,17080,45664
[RESULT] 34,128,9,0.002898216,0.002747297,22832,17080,45664
[RESULT] 125,128,0,0.002887249,0.002699852,22746,16994,45492
[RESULT] 125,128,1,0.003115416,0.002943754,22746,16994,45492
[RESULT] 125,128,2,0.002745152,0.002588272,22746,16994,45492
[RESULT] 125,128,3,0.002846241,0.002691507,22746,16994,45492
[RESULT] 125,128,4,0.002748251,0.002594471,22746,16994,45492
[RESULT] 125,128,5,0.002934694,0.002773285,22746,16994,45492
[RESULT] 125,128,6,0.002697706,0.002541542,22746,16994,45492
[RESULT] 125,128,7,0.002835751,0.002674341,22746,16994,45492
[RESULT] 125,128,8,0.002791405,0.002636671,22746,16994,45492
[RESULT] 125,128,9,0.002892733,0.002733707,22746,16994,45492
[RESULT] 68,128,3,0.002689600,0.002434969,22727,16960,45454
[RESULT] 68,128,4,0.002852201,0.002592564,22727,16960,45454
[RESULT] 68,128,5,0.002894640,0.002649069,22727,16960,45454
[RESULT] 68,128,6,0.002951622,0.002699852,22727,16960,45454
[RESULT] 68,128,7,0.002820730,0.002593279,22727,16960,45454
[RESULT] 68,128,8,0.002789497,0.002594233,22727,16960,45454
[RESULT] 68,128,9,0.002872467,0.002637148,22727,16960,45454
[RESULT] 93,128,0,0.002989531,0.002755404,22607,16845,45214
[RESULT] 93,128,1,0.002934933,0.002737284,22607,16845,45214
[RESULT] 93,128,2,0.002919674,0.002733231,22607,16845,45214
[RESULT] 93,128,3,0.002942085,0.002757311,22607,16845,45214
[RESULT] 93,128,4,0.002995491,0.002820015,22607,16845,45214
[RESULT] 93,128,5,0.002903700,0.002720118,22607,16845,45214
[RESULT] 93,128,6,0.002768278,0.002596617,22607,16845,45214
[RESULT] 93,128,7,0.002978802,0.002799273,22607,16845,45214
[RESULT] 93,128,8,0.002915859,0.002736330,22607,16845,45214
[RESULT] 54,128,0,0.003043652,0.002830505,22724,16968,45448
[RESULT] 54,128,1,0.002701283,0.002464533,22724,16968,45448
[RESULT] 54,128,2,0.002969265,0.002779245,22724,16968,45448
[RESULT] 54,128,3,0.002927542,0.002733707,22724,16968,45448
[RESULT] 54,128,4,0.002881050,0.002676249,22724,16968,45448
[RESULT] 54,128,5,0.002970219,0.002775669,22724,16968,45448
[RESULT] 54,128,6,0.002965450,0.002783537,22724,16968,45448
[RESULT] 54,128,7,0.002951622,0.002765656,22724,16968,45448
[RESULT] 54,128,8,0.002894402,0.002625942,22724,16968,45448
[RESULT] 54,128,9,0.002949953,0.002742767,22724,16968,45448
[RESULT] 1,128,4,0.002786398,0.002602100,22766,17012,45532
[RESULT] 1,128,5,0.002969265,0.002769709,22766,17012,45532
[RESULT] 1,128,6,0.002763987,0.002581358,22766,17012,45532
[RESULT] 1,128,7,0.002954245,0.002765894,22766,17012,45532
[RESULT] 1,128,8,0.002884150,0.002694607,22766,17012,45532
[RESULT] 1,128,9,0.002937078,0.002734661,22766,17012,45532
[RESULT] 118,128,0,0.002942801,0.002787590,22731,16967,45462
[RESULT] 118,128,1,0.003148079,0.002999544,22731,16967,45462
[RESULT] 118,128,2,0.002877712,0.002729893,22731,16967,45462
[RESULT] 118,128,3,0.002931356,0.002783775,22731,16967,45462
[RESULT] 118,128,4,0.002846956,0.002700090,22731,16967,45462
[RESULT] 29,128,3,0.002794266,0.002647400,22647,16882,45294
[RESULT] 29,128,4,0.002598524,0.002442598,22647,16882,45294
[RESULT] 29,128,5,0.002528667,0.002382994,22647,16882,45294
[RESULT] 29,128,6,0.002444506,0.002297640,22647,16882,45294
[RESULT] 29,128,7,0.002611876,0.002465010,22647,16882,45294
[RESULT] 29,128,8,0.002685785,0.002539873,22647,16882,45294
[RESULT] 29,128,9,0.002892971,0.002743483,22647,16882,45294
[RESULT] 104,128,0,0.002911329,0.002746344,22598,16861,45196
[RESULT] 104,128,1,0.002836704,0.002676487,22598,16861,45196
[RESULT] 104,128,2,0.002865791,0.002705574,22598,16861,45196
[RESULT] 104,128,3,0.002894402,0.002720594,22598,16861,45196
[RESULT] 104,128,4,0.002967834,0.002802134,22598,16861,45196
[RESULT] 104,128,5,0.003000736,0.002819777,22598,16861,45196
[RESULT] 104,128,6,0.002787113,0.002621174,22598,16861,45196
[RESULT] 104,128,7,0.002980471,0.002807140,22598,16861,45196
[RESULT] 104,128,8,0.002920389,0.002753258,22598,16861,45196
[RESULT] 45,128,2,0.002948761,0.002700567,22683,16911,45366
[RESULT] 45,128,3,0.002853870,0.002621651,22683,16911,45366
[RESULT] 45,128,4,0.002733946,0.002516031,22683,16911,45366
[RESULT] 45,128,5,0.002867937,0.002626419,22683,16911,45366
[RESULT] 45,128,6,0.002886772,0.002654552,22683,16911,45366
[RESULT] 45,128,7,0.002685785,0.002475023,22683,16911,45366
[RESULT] 45,128,8,0.002772331,0.002548218,22683,16911,45366
[RESULT] 45,128,9,0.002890110,0.002654791,22683,16911,45366
[RESULT] 120,128,7,0.002958059,0.002819061,22690,16940,45380
[RESULT] 120,128,8,0.002933025,0.002793789,22690,16940,45380
[RESULT] 120,128,9,0.002956867,0.002818108,22690,16940,45380
[RESULT] 85,128,0,0.002421379,0.002188206,22756,16964,45512
[RESULT] 85,128,1,0.003162146,0.002945423,22756,16964,45512
[RESULT] 85,128,2,0.002315044,0.002134085,22756,16964,45512
[RESULT] 85,128,3,0.002646923,0.002464533,22756,16964,45512
[RESULT] 85,128,4,0.002848387,0.002654314,22756,16964,45512
[RESULT] 85,128,5,0.002526760,0.002349377,22756,16964,45512
[RESULT] 85,128,6,0.002877474,0.002679586,22756,16964,45512
[RESULT] 85,128,7,0.002833605,0.002645254,22756,16964,45512
[RESULT] 52,128,0,0.003021955,0.002826929,22734,16961,45468
[RESULT] 52,128,1,0.002559423,0.002395391,22734,16961,45468
[RESULT] 65,128,9,0.002892256,0.002748013,22716,16961,45432
[RESULT] 74,128,0,0.003668308,0.002788782,22712,16932,45424
[RESULT] 74,128,1,0.003166199,0.002361298,22712,16932,45424
[RESULT] 74,128,2,0.003306389,0.002698898,22712,16932,45424
[RESULT] 74,128,3,0.003280163,0.002676010,22712,16932,45424
[RESULT] 51,128,6,0.002813101,0.002643108,22636,16883,45272
[RESULT] 51,128,7,0.002795935,0.002630472,22636,16883,45272
[RESULT] 51,128,8,0.002782345,0.002615213,22636,16883,45272
[RESULT] 51,128,9,0.002882481,0.002705097,22636,16883,45272
[RESULT] 42,128,4,0.002823591,0.002677917,22727,16943,45454
[RESULT] 42,128,5,0.002926111,0.002781153,22727,16943,45454
[RESULT] 42,128,6,0.002921581,0.002775908,22727,16943,45454
[RESULT] 42,128,7,0.002859354,0.002715588,22727,16943,45454
[RESULT] 42,128,8,0.002918005,0.002773046,22727,16943,45454
[RESULT] 42,128,9,0.002956390,0.002810955,22727,16943,45454
[RESULT] 91,128,8,0.003035069,0.002850533,22642,16883,45284
[RESULT] 91,128,9,0.002923965,0.002729654,22642,16883,45284
[RESULT] 64,128,0,0.002976179,0.002823591,22644,16898,45288
[RESULT] 64,128,1,0.002553940,0.002410173,22644,16898,45288
[RESULT] 64,128,2,0.002870321,0.002724648,22644,16898,45288
[RESULT] 64,128,3,0.002894402,0.002742529,22644,16898,45288
[RESULT] 64,128,4,0.002818108,0.002674580,22644,16898,45288
[RESULT] 64,128,5,0.002944231,0.002791166,22644,16898,45288
[RESULT] 64,128,6,0.002874613,0.002730608,22644,16898,45288
[RESULT] 77,128,7,0.002921820,0.002768040,22697,16925,45394
[RESULT] 77,128,8,0.002902031,0.002749681,22697,16925,45394
[RESULT] 77,128,9,0.002896547,0.002745390,22697,16925,45394
[RESULT] 104,128,9,0.002894640,0.002713919,22598,16861,45196
[RESULT] 75,128,0,0.002825975,0.002586365,22743,16978,45486
[RESULT] 75,128,1,0.002422571,0.002202988,22743,16978,45486
[RESULT] 75,128,2,0.002662659,0.002469778,22743,16978,45486
[RESULT] 75,128,3,0.002783775,0.002604723,22743,16978,45486
[RESULT] 75,128,4,0.002765417,0.002589226,22743,16978,45486
[RESULT] 75,128,5,0.002739906,0.002569199,22743,16978,45486
[RESULT] 75,128,6,0.002794504,0.002614975,22743,16978,45486
[RESULT] 75,128,7,0.002787828,0.002614021,22743,16978,45486
[RESULT] 75,128,8,0.002848387,0.002667904,22743,16978,45486
[RESULT] 75,128,9,0.002886772,0.002701759,22743,16978,45486
[RESULT] 48,128,0,0.003352404,0.002736568,22740,16973,45480
[RESULT] 48,128,1,0.002787352,0.002577782,22740,16973,45480
[RESULT] 48,128,2,0.002727747,0.002562523,22740,16973,45480
[RESULT] 48,128,3,0.002857208,0.002703667,22740,16973,45480
[RESULT] 48,128,4,0.002393007,0.002242804,22740,16973,45480
[RESULT] 48,128,5,0.002833605,0.002683878,22740,16973,45480
[RESULT] 48,128,6,0.002782583,0.002633810,22740,16973,45480
[RESULT] 48,128,7,0.002523661,0.002376795,22740,16973,45480
[RESULT] 48,128,8,0.002543688,0.002397060,22740,16973,45480
[RESULT] 48,128,9,0.002959728,0.002809286,22740,16973,45480
[RESULT] 55,128,0,0.003141880,0.002886057,22682,16918,45364
[RESULT] 55,128,1,0.002665758,0.002485991,22682,16918,45364
[RESULT] 55,128,2,0.002982616,0.002790689,22682,16918,45364
[RESULT] 55,128,3,0.003037214,0.002843142,22682,16918,45364
[RESULT] 76,128,0,0.002987862,0.002829075,22701,16949,45402
[RESULT] 76,128,1,0.002557516,0.002411604,22701,16949,45402
[RESULT] 76,128,2,0.002870560,0.002721786,22701,16949,45402
[RESULT] 76,128,3,0.002881527,0.002725363,22701,16949,45402
[RESULT] 76,128,4,0.002797127,0.002652645,22701,16949,45402
[RESULT] 76,128,5,0.002917290,0.002763748,22701,16949,45402
[RESULT] 76,128,6,0.002869129,0.002724648,22701,16949,45402
[RESULT] 76,128,7,0.002936602,0.002792120,22701,16949,45402
[RESULT] 95,128,0,0.002991438,0.002834082,22661,16908,45322
[RESULT] 95,128,1,0.002995729,0.002846956,22661,16908,45322
[RESULT] 95,128,2,0.002919912,0.002773046,22661,16908,45322
[RESULT] 95,128,3,0.002931118,0.002784491,22661,16908,45322
[RESULT] 95,128,4,0.002987623,0.002842426,22661,16908,45322
[RESULT] 95,128,5,0.002914190,0.002769947,22661,16908,45322
[RESULT] 95,128,6,0.002815247,0.002670288,22661,16908,45322
[RESULT] 95,128,7,0.003000498,0.002855062,22661,16908,45322
[RESULT] 95,128,8,0.002979755,0.002834082,22661,16908,45322
[RESULT] 95,128,9,0.002916098,0.002769947,22661,16908,45322
[RESULT] 74,128,4,0.003037691,0.002471924,22712,16932,45424
[RESULT] 74,128,5,0.003221512,0.002745867,22712,16932,45424
[RESULT] 74,128,6,0.003231049,0.002698660,22712,16932,45424
[RESULT] 74,128,7,0.003238916,0.002764702,22712,16932,45424
[RESULT] 74,128,8,0.003107786,0.002762318,22712,16932,45424
[RESULT] 74,128,9,0.002897024,0.002481699,22712,16932,45424
[RESULT] 93,128,9,0.002871037,0.002688885,22607,16845,45214
[RESULT] 90,128,0,0.002974987,0.002806187,22732,16958,45464
[RESULT] 90,128,1,0.003005028,0.002843618,22732,16958,45464
[RESULT] 90,128,2,0.002950907,0.002799988,22732,16958,45464
[RESULT] 90,128,3,0.002920866,0.002771616,22732,16958,45464
[RESULT] 90,128,4,0.003003359,0.002845049,22732,16958,45464
[RESULT] 90,128,5,0.002981424,0.002833128,22732,16958,45464
[RESULT] 90,128,6,0.002842903,0.002694607,22732,16958,45464
[RESULT] 90,128,7,0.003045321,0.002896547,22732,16958,45464
[RESULT] 90,128,8,0.002990961,0.002841234,22732,16958,45464
[RESULT] 90,128,9,0.002955437,0.002808094,22732,16958,45464
[RESULT] 85,128,8,0.002865314,0.002677441,22756,16964,45512
[RESULT] 85,128,9,0.002944708,0.002740145,22756,16964,45512
[RESULT] 94,128,0,0.003055334,0.002843142,22676,16913,45352
[RESULT] 94,128,1,0.002965927,0.002789736,22676,16913,45352
[RESULT] 94,128,2,0.002904892,0.002735138,22676,16913,45352
[RESULT] 94,128,3,0.002902746,0.002728224,22676,16913,45352
[RESULT] 94,128,4,0.002934933,0.002771139,22676,16913,45352
[RESULT] 94,128,5,0.002936125,0.002764225,22676,16913,45352
[RESULT] 94,128,6,0.002853632,0.002690315,22676,16913,45352
[RESULT] 113,128,0,0.003025293,0.002863884,22650,16914,45300
[RESULT] 113,128,1,0.003000498,0.002852678,22650,16914,45300
[RESULT] 113,128,2,0.002918243,0.002771378,22650,16914,45300
[RESULT] 113,128,3,0.002951860,0.002805233,22650,16914,45300
[RESULT] 113,128,4,0.002938032,0.002791405,22650,16914,45300
[RESULT] 113,128,5,0.002966881,0.002819538,22650,16914,45300
[RESULT] 113,128,6,0.002835989,0.002689362,22650,16914,45300
[RESULT] 113,128,7,0.002954960,0.002809048,22650,16914,45300
[RESULT] 113,128,8,0.002886057,0.002739191,22650,16914,45300
[RESULT] 113,128,9,0.002913952,0.002767086,22650,16914,45300
[RESULT] 98,128,0,0.003006697,0.002828836,22770,17025,45540
[RESULT] 98,128,1,0.002874136,0.002709389,22770,17025,45540
[RESULT] 98,128,2,0.002941608,0.002776384,22770,17025,45540
[RESULT] 99,128,0,0.003065586,0.002826929,22627,16834,45254
[RESULT] 99,128,1,0.003021479,0.002820253,22627,16834,45254
[RESULT] 99,128,2,0.002951145,0.002762794,22627,16834,45254
[RESULT] 99,128,3,0.002995729,0.002806902,22627,16834,45254
[RESULT] 99,128,4,0.002980232,0.002806187,22627,16834,45254
[RESULT] 99,128,5,0.002906561,0.002723694,22627,16834,45254
[RESULT] 99,128,6,0.002814531,0.002643347,22627,16834,45254
[RESULT] 99,128,7,0.002960205,0.002785206,22627,16834,45254
[RESULT] 99,128,8,0.002894402,0.002717495,22627,16834,45254
[RESULT] 99,128,9,0.002906084,0.002720356,22627,16834,45254
[RESULT] 114,128,0,0.003002882,0.002824545,22643,16887,45286
[RESULT] 114,128,1,0.003201723,0.003045082,22643,16887,45286
[RESULT] 114,128,2,0.002914667,0.002763033,22643,16887,45286
[RESULT] 114,128,3,0.002913713,0.002763510,22643,16887,45286
[RESULT] 114,128,4,0.002936125,0.002777815,22643,16887,45286
[RESULT] 114,128,5,0.002974510,0.002823830,22643,16887,45286
[RESULT] 114,128,6,0.002889633,0.002741098,22643,16887,45286
[RESULT] 114,128,7,0.002967358,0.002818108,22643,16887,45286
[RESULT] 114,128,8,0.002939701,0.002789736,22643,16887,45286
[RESULT] 114,128,9,0.002973080,0.002822876,22643,16887,45286
[RESULT] 121,128,0,0.003109694,0.002858877,22685,16946,45370
[RESULT] 121,128,1,0.003209591,0.003002405,22685,16946,45370
[RESULT] 121,128,2,0.002947807,0.002753258,22685,16946,45370
[RESULT] 121,128,3,0.002993107,0.002794266,22685,16946,45370
[RESULT] 121,128,4,0.002942324,0.002757072,22685,16946,45370
[RESULT] 121,128,5,0.002985001,0.002790928,22685,16946,45370
[RESULT] 121,128,6,0.002925634,0.002729177,22685,16946,45370
[RESULT] 121,128,7,0.002956629,0.002774715,22685,16946,45370
[RESULT] 121,128,8,0.002936840,0.002751827,22685,16946,45370
[RESULT] 118,128,5,0.003093958,0.002947569,22731,16967,45462
[RESULT] 118,128,6,0.002837896,0.002691746,22731,16967,45462
[RESULT] 118,128,7,0.002918959,0.002772570,22731,16967,45462
[RESULT] 118,128,8,0.002889872,0.002743006,22731,16967,45462
[RESULT] 118,128,9,0.002937317,0.002781391,22731,16967,45462
[RESULT] 47,128,0,0.003015041,0.002851963,22674,16915,45348
[RESULT] 47,128,1,0.002689838,0.002542257,22674,16915,45348
[RESULT] 47,128,2,0.002881527,0.002725840,22674,16915,45348
[RESULT] 47,128,3,0.002960682,0.002813816,22674,16915,45348
[RESULT] 47,128,4,0.002618074,0.002465963,22674,16915,45348
[RESULT] 47,128,5,0.002884388,0.002737999,22674,16915,45348
[RESULT] 47,128,6,0.002845287,0.002698421,22674,16915,45348
[RESULT] 47,128,7,0.002622604,0.002477884,22674,16915,45348
[RESULT] 47,128,8,0.002804279,0.002658606,22674,16915,45348
[RESULT] 47,128,9,0.002911329,0.002761602,22674,16915,45348
[RESULT] 98,128,3,0.003015518,0.002849102,22770,17025,45540
[RESULT] 98,128,4,0.003106594,0.002937078,22770,17025,45540
[RESULT] 98,128,5,0.003102779,0.002933264,22770,17025,45540
[RESULT] 98,128,6,0.003041506,0.002873659,22770,17025,45540
[RESULT] 98,128,7,0.003001928,0.002826691,22770,17025,45540
[RESULT] 123,128,0,0.003045559,0.002814054,22585,16836,45170
[RESULT] 123,128,1,0.003155947,0.002958059,22585,16836,45170
[RESULT] 123,128,2,0.002956390,0.002774715,22585,16836,45170
[RESULT] 123,128,3,0.002981186,0.002797842,22585,16836,45170
[RESULT] 123,128,4,0.002857208,0.002687454,22585,16836,45170
[RESULT] 123,128,5,0.002898932,0.002718925,22585,16836,45170
[RESULT] 123,128,6,0.002829075,0.002655983,22585,16836,45170
[RESULT] 123,128,7,0.002878904,0.002709627,22585,16836,45170
[RESULT] 123,128,8,0.002810717,0.002645016,22585,16836,45170
[RESULT] 123,128,9,0.002911091,0.002728701,22585,16836,45170
[RESULT] 108,128,0,0.003065825,0.002900839,22764,16999,45528
[RESULT] 108,128,1,0.002872705,0.002724171,22764,16999,45528
[RESULT] 108,128,2,0.002911806,0.002763271,22764,16999,45528
[RESULT] 108,128,3,0.002949476,0.002800703,22764,16999,45528
[RESULT] 108,128,4,0.002955675,0.002799511,22764,16999,45528
[RESULT] 108,128,5,0.002988815,0.002840757,22764,16999,45528
[RESULT] 108,128,6,0.002944469,0.002794981,22764,16999,45528
[RESULT] 108,128,7,0.003015280,0.002868414,22764,16999,45528
[RESULT] 108,128,8,0.002961159,0.002813816,22764,16999,45528
[RESULT] 108,128,9,0.002976179,0.002827406,22764,16999,45528
[RESULT] 37,128,0,0.003194332,0.002923727,22652,16892,45304
[RESULT] 37,128,1,0.002824545,0.002632141,22652,16892,45304
[RESULT] 37,128,2,0.003046036,0.002844572,22652,16892,45304
[RESULT] 37,128,3,0.003077507,0.002885103,22652,16892,45304
[RESULT] 40,128,0,0.003032684,0.002830744,22701,16966,45402
[RESULT] 40,128,1,0.002779722,0.002617598,22701,16966,45402
[RESULT] 40,128,2,0.002900600,0.002738476,22701,16966,45402
[RESULT] 40,128,3,0.002933264,0.002774715,22701,16966,45402
[RESULT] 40,128,4,0.002635002,0.002482414,22701,16966,45402
[RESULT] 53,128,0,0.003010511,0.002825737,22657,16849,45314
[RESULT] 53,128,1,0.002614737,0.002456188,22657,16849,45314
[RESULT] 53,128,2,0.002901554,0.002738476,22657,16849,45314
[RESULT] 53,128,3,0.002841949,0.002692461,22657,16849,45314
[RESULT] 53,128,4,0.002854347,0.002706051,22657,16849,45314
[RESULT] 53,128,5,0.002899647,0.002749443,22657,16849,45314
[RESULT] 53,128,6,0.002863884,0.002710581,22657,16849,45314
[RESULT] 53,128,7,0.002923727,0.002773523,22657,16849,45314
[RESULT] 53,128,8,0.002882242,0.002731562,22657,16849,45314
[RESULT] 53,128,9,0.002924919,0.002775431,22657,16849,45314
[RESULT] 44,128,0,0.003004313,0.002839327,22638,16888,45276
[RESULT] 33,128,0,0.002880335,0.002583981,22625,16851,45250
[RESULT] 33,128,1,0.002911091,0.002654314,22625,16851,45250
[RESULT] 33,128,2,0.002874613,0.002630711,22625,16851,45250
[RESULT] 33,128,3,0.002849340,0.002622604,22625,16851,45250
[RESULT] 33,128,4,0.002591133,0.002383471,22625,16851,45250
[RESULT] 33,128,5,0.002520800,0.002293825,22625,16851,45250
[RESULT] 33,128,6,0.002415895,0.002198935,22625,16851,45250
[RESULT] 33,128,7,0.002559423,0.002337694,22625,16851,45250
[RESULT] 33,128,8,0.002459288,0.002229214,22625,16851,45250
[RESULT] 33,128,9,0.002911568,0.002658367,22625,16851,45250
[RESULT] 126,128,0,0.003025055,0.002840042,22700,16942,45400
[RESULT] 126,128,1,0.003130674,0.002972126,22700,16942,45400
[RESULT] 126,128,2,0.002938986,0.002783060,22700,16942,45400
[RESULT] 126,128,3,0.002938271,0.002783775,22700,16942,45400
[RESULT] 126,128,4,0.002898455,0.002746105,22700,16942,45400
[RESULT] 126,128,5,0.002963781,0.002811670,22700,16942,45400
[RESULT] 126,128,6,0.002915859,0.002761841,22700,16942,45400
[RESULT] 126,128,7,0.002950191,0.002798796,22700,16942,45400
[RESULT] 126,128,8,0.002952337,0.002799511,22700,16942,45400
[RESULT] 126,128,9,0.002975464,0.002823114,22700,16942,45400
[RESULT] 49,128,0,0.003143311,0.002879858,22674,16936,45348
[RESULT] 49,128,1,0.002578735,0.002396822,22674,16936,45348
[RESULT] 49,128,2,0.002989531,0.002789974,22674,16936,45348
[RESULT] 49,128,3,0.003046274,0.002840996,22674,16936,45348
[RESULT] 49,128,4,0.002720118,0.002537012,22674,16936,45348
[RESULT] 49,128,5,0.002965689,0.002769470,22674,16936,45348
[RESULT] 49,128,6,0.002892733,0.002706528,22674,16936,45348
[RESULT] 49,128,7,0.002757788,0.002580881,22674,16936,45348
[RESULT] 49,128,8,0.002748251,0.002571106,22674,16936,45348
[RESULT] 49,128,9,0.002979755,0.002775908,22674,16936,45348
[RESULT] 46,128,0,0.002897501,0.002739906,22640,16862,45280
[RESULT] 46,128,1,0.002705812,0.002561092,22640,16862,45280
[RESULT] 46,128,2,0.002782822,0.002637863,22640,16862,45280
[RESULT] 46,128,3,0.002777338,0.002626419,22640,16862,45280
[RESULT] 46,128,4,0.002508879,0.002365351,22640,16862,45280
[RESULT] 46,128,5,0.002862215,0.002716541,22640,16862,45280
[RESULT] 46,128,6,0.002903700,0.002744198,22640,16862,45280
[RESULT] 46,128,7,0.002592802,0.002449512,22640,16862,45280
[RESULT] 46,128,8,0.002682209,0.002539396,22640,16862,45280
[RESULT] 46,128,9,0.002954721,0.002795935,22640,16862,45280
[RESULT] 83,128,0,0.002923012,0.002742529,22605,16857,45210
[RESULT] 83,128,1,0.003098726,0.002938032,22605,16857,45210
[RESULT] 83,128,2,0.002825260,0.002663374,22605,16857,45210
[RESULT] 83,128,3,0.002935410,0.002781630,22605,16857,45210
[RESULT] 83,128,4,0.002905607,0.002752066,22605,16857,45210
[RESULT] 83,128,5,0.002804518,0.002653599,22605,16857,45210
[RESULT] 83,128,6,0.002817631,0.002663851,22605,16857,45210
[RESULT] 83,128,7,0.002900600,0.002748251,22605,16857,45210
[RESULT] 83,128,8,0.002811432,0.002660751,22605,16857,45210
[RESULT] 83,128,9,0.002922058,0.002768755,22605,16857,45210
[RESULT] 98,128,8,0.002959490,0.002790213,22770,17025,45540
[RESULT] 98,128,9,0.002943993,0.002746105,22770,17025,45540
[RESULT] 39,128,0,0.003021240,0.002800226,22761,17001,45522
[RESULT] 39,128,1,0.002767086,0.002586842,22761,17001,45522
[RESULT] 39,128,2,0.002824545,0.002656937,22761,17001,45522
[RESULT] 39,128,3,0.002972841,0.002797604,22761,17001,45522
[RESULT] 39,128,4,0.002827883,0.002664566,22761,17001,45522
[RESULT] 39,128,5,0.002858639,0.002694845,22761,17001,45522
[RESULT] 39,128,6,0.002836704,0.002672911,22761,17001,45522
[RESULT] 39,128,7,0.002562046,0.002399683,22761,17001,45522
[RESULT] 96,128,0,0.003060341,0.002872944,22686,16952,45372
[RESULT] 96,128,1,0.002999783,0.002809048,22686,16952,45372
[RESULT] 55,128,4,0.002838135,0.002659798,22682,16918,45364
[RESULT] 55,128,5,0.002957106,0.002763987,22682,16918,45364
[RESULT] 55,128,6,0.002914190,0.002731323,22682,16918,45364
[RESULT] 55,128,7,0.002893448,0.002718210,22682,16918,45364
[RESULT] 55,128,8,0.002807617,0.002633572,22682,16918,45364
[RESULT] 55,128,9,0.002967358,0.002773762,22682,16918,45364
[RESULT] 52,128,2,0.002900839,0.002737999,22734,16961,45468
[RESULT] 52,128,3,0.002830982,0.002666235,22734,16961,45468
[RESULT] 52,128,4,0.002839804,0.002680302,22734,16961,45468
[RESULT] 52,128,5,0.002939224,0.002770424,22734,16961,45468
[RESULT] 52,128,6,0.002903700,0.002731800,22734,16961,45468
[RESULT] 52,128,7,0.002955675,0.002798080,22734,16961,45468
[RESULT] 52,128,8,0.002910137,0.002753258,22734,16961,45468
[RESULT] 52,128,9,0.002954721,0.002789021,22734,16961,45468
[RESULT] 107,128,0,0.002994537,0.002837420,22660,16891,45320
[RESULT] 107,128,1,0.002882481,0.002735853,22660,16891,45320
[RESULT] 107,128,2,0.002914667,0.002768517,22660,16891,45320
[RESULT] 107,128,3,0.002948999,0.002803564,22660,16891,45320
[RESULT] 107,128,4,0.002957582,0.002813101,22660,16891,45320
[RESULT] 107,128,5,0.002908230,0.002763748,22660,16891,45320
[RESULT] 107,128,6,0.002840757,0.002695322,22660,16891,45320
[RESULT] 107,128,7,0.002978086,0.002833128,22660,16891,45320
[RESULT] 107,128,8,0.002910137,0.002766371,22660,16891,45320
[RESULT] 107,128,9,0.002922773,0.002778530,22660,16891,45320
[RESULT] 44,128,1,0.002740383,0.002582788,22638,16888,45276
[RESULT] 44,128,2,0.002904892,0.002745628,22638,16888,45276
[RESULT] 44,128,3,0.003131628,0.002970457,22638,16888,45276
[RESULT] 44,128,4,0.002674341,0.002509832,22638,16888,45276
[RESULT] 44,128,5,0.002936602,0.002759933,22638,16888,45276
[RESULT] 44,128,6,0.002866745,0.002690554,22638,16888,45276
[RESULT] 44,128,7,0.002933741,0.002762794,22638,16888,45276
[RESULT] 44,128,8,0.002809286,0.002645254,22638,16888,45276
[RESULT] 44,128,9,0.002975941,0.002810717,22638,16888,45276
[RESULT] 81,128,0,0.003004074,0.002708197,22714,16966,45428
[RESULT] 81,128,1,0.003235817,0.002977371,22714,16966,45428
[RESULT] 81,128,2,0.002898216,0.002652884,22714,16966,45428
[RESULT] 81,128,3,0.002993107,0.002769232,22714,16966,45428
[RESULT] 81,128,4,0.002943993,0.002724409,22714,16966,45428
[RESULT] 81,128,5,0.002829552,0.002600670,22714,16966,45428
[RESULT] 81,128,6,0.002853155,0.002636671,22714,16966,45428
[RESULT] 81,128,7,0.002907753,0.002695560,22714,16966,45428
[RESULT] 81,128,8,0.002903461,0.002680540,22714,16966,45428
[RESULT] 81,128,9,0.002892494,0.002663136,22714,16966,45428
[RESULT] 102,128,0,0.003023148,0.002862453,22602,16785,45204
[RESULT] 102,128,1,0.002938509,0.002778292,22602,16785,45204
[RESULT] 102,128,2,0.002932310,0.002781391,22602,16785,45204
[RESULT] 102,128,3,0.002980471,0.002830505,22602,16785,45204
[RESULT] 102,128,4,0.002990484,0.002832890,22602,16785,45204
[RESULT] 102,128,5,0.003101826,0.002953053,22602,16785,45204
[RESULT] 102,128,6,0.002915382,0.002765894,22602,16785,45204
[RESULT] 102,128,7,0.003069878,0.002921581,22602,16785,45204
[RESULT] 102,128,8,0.002957582,0.002808332,22602,16785,45204
[RESULT] 73,128,0,0.003156900,0.002878666,22670,16911,45340
[RESULT] 73,128,1,0.002574921,0.002388954,22670,16911,45340
[RESULT] 73,128,2,0.002976179,0.002772570,22670,16911,45340
[RESULT] 73,128,3,0.003014803,0.002810717,22670,16911,45340
[RESULT] 73,128,4,0.002941608,0.002748728,22670,16911,45340
[RESULT] 73,128,5,0.002944469,0.002744913,22670,16911,45340
[RESULT] 73,128,6,0.002894402,0.002702713,22670,16911,45340
[RESULT] 73,128,7,0.002969742,0.002777815,22670,16911,45340
[RESULT] 73,128,8,0.002964735,0.002772331,22670,16911,45340
[RESULT] 58,128,0,0.003039360,0.002833843,22624,16865,45248
[RESULT] 58,128,1,0.002404928,0.002236843,22624,16865,45248
[RESULT] 58,128,2,0.002907038,0.002738476,22624,16865,45248
[RESULT] 58,128,3,0.002918720,0.002748251,22624,16865,45248
[RESULT] 58,128,4,0.002749920,0.002589226,22624,16865,45248
[RESULT] 58,128,5,0.002959728,0.002788067,22624,16865,45248
[RESULT] 58,128,6,0.002910137,0.002739429,22624,16865,45248
[RESULT] 58,128,7,0.002844810,0.002687931,22624,16865,45248
[RESULT] 58,128,8,0.002813339,0.002656460,22624,16865,45248
[RESULT] 58,128,9,0.002967834,0.002795219,22624,16865,45248
[RESULT] 101,128,0,0.003009558,0.002824545,22711,16956,45422
[RESULT] 101,128,1,0.002928495,0.002770185,22711,16956,45422
[RESULT] 101,128,2,0.002943277,0.002786636,22711,16956,45422
[RESULT] 86,128,0,0.003090143,0.002425909,22606,16853,45212
[RESULT] 86,128,1,0.003108978,0.002762794,22606,16853,45212
[RESULT] 86,128,2,0.002375364,0.002176046,22606,16853,45212
[RESULT] 86,128,3,0.002353907,0.002177954,22606,16853,45212
[RESULT] 86,128,4,0.002446651,0.002257347,22606,16853,45212
[RESULT] 86,128,5,0.002398968,0.002225876,22606,16853,45212
[RESULT] 86,128,6,0.002857685,0.002665281,22606,16853,45212
[RESULT] 86,128,7,0.002765894,0.002582788,22606,16853,45212
[RESULT] 86,128,8,0.002655506,0.002479076,22606,16853,45212
[RESULT] 86,128,9,0.002951384,0.002744436,22606,16853,45212
[RESULT] 39,128,8,0.002802610,0.002638340,22761,17001,45522
[RESULT] 39,128,9,0.002933979,0.002760649,22761,17001,45522
[RESULT] 96,128,2,0.002975464,0.002794743,22686,16952,45372
[RESULT] 96,128,3,0.003023624,0.002845049,22686,16952,45372
[RESULT] 96,128,4,0.003002405,0.002823114,22686,16952,45372
[RESULT] 96,128,5,0.002996206,0.002819777,22686,16952,45372
[RESULT] 96,128,6,0.002949715,0.002775908,22686,16952,45372
[RESULT] 96,128,7,0.003059626,0.002884626,22686,16952,45372
[RESULT] 96,128,8,0.003061056,0.002884865,22686,16952,45372
[RESULT] 96,128,9,0.002990961,0.002812147,22686,16952,45372
[RESULT] 103,128,0,0.003139019,0.002871752,22799,17049,45598
[RESULT] 103,128,1,0.002970934,0.002771854,22799,17049,45598
[RESULT] 103,128,2,0.002969027,0.002775908,22799,17049,45598
[RESULT] 103,128,3,0.003036976,0.002841234,22799,17049,45598
[RESULT] 103,128,4,0.003022671,0.002838850,22799,17049,45598
[RESULT] 103,128,5,0.003023624,0.002826452,22799,17049,45598
[RESULT] 103,128,6,0.002884150,0.002703667,22799,17049,45598
[RESULT] 103,128,7,0.003039598,0.002856731,22799,17049,45598
[RESULT] 103,128,8,0.002983332,0.002804041,22799,17049,45598
[RESULT] 103,128,9,0.002985954,0.002792835,22799,17049,45598
[RESULT] 64,128,7,0.002958536,0.002814770,22644,16898,45288
[RESULT] 64,128,8,0.002932072,0.002788544,22644,16898,45288
[RESULT] 64,128,9,0.002951145,0.002800465,22644,16898,45288
[RESULT] 101,128,3,0.002970695,0.002815962,22711,16956,45422
[RESULT] 101,128,4,0.002982855,0.002827644,22711,16956,45422
[RESULT] 101,128,5,0.002964258,0.002810717,22711,16956,45422
[RESULT] 101,128,6,0.002858162,0.002704859,22711,16956,45422
[RESULT] 101,128,7,0.003007650,0.002853632,22711,16956,45422
[RESULT] 116,128,0,0.003515244,0.002798796,22675,16915,45350
[RESULT] 116,128,1,0.003579617,0.003182411,22675,16915,45350
[RESULT] 116,128,2,0.002977610,0.002729416,22675,16915,45350
[RESULT] 116,128,3,0.002994537,0.002791882,22675,16915,45350
[RESULT] 116,128,4,0.002954006,0.002762556,22675,16915,45350
[RESULT] 116,128,5,0.002993345,0.002782583,22675,16915,45350
[RESULT] 116,128,6,0.002887011,0.002693415,22675,16915,45350
[RESULT] 116,128,7,0.002977848,0.002789736,22675,16915,45350
[RESULT] 116,128,8,0.002894878,0.002709150,22675,16915,45350
[RESULT] 116,128,9,0.002971888,0.002752066,22675,16915,45350
[RESULT] 27,128,0,0.003100872,0.002785921,22708,16947,45416
[RESULT] 27,128,1,0.002927542,0.002688408,22708,16947,45416
[RESULT] 27,128,2,0.002948761,0.002706766,22708,16947,45416
[RESULT] 27,128,3,0.002963305,0.002735376,22708,16947,45416
[RESULT] 27,128,4,0.002758980,0.002548218,22708,16947,45416
[RESULT] 27,128,5,0.002632141,0.002419472,22708,16947,45416
[RESULT] 102,128,9,0.003003836,0.002854109,22602,16785,45204
[RESULT] 109,128,0,0.003093243,0.002832174,22628,16868,45256
[RESULT] 109,128,1,0.003057003,0.002844334,22628,16868,45256
[RESULT] 109,128,2,0.002968073,0.002766848,22628,16868,45256
[RESULT] 109,128,3,0.002998590,0.002790928,22628,16868,45256
[RESULT] 109,128,4,0.002992392,0.002805471,22628,16868,45256
[RESULT] 109,128,5,0.002993345,0.002792835,22628,16868,45256
[RESULT] 109,128,6,0.002893209,0.002704144,22628,16868,45256
[RESULT] 109,128,7,0.003000259,0.002812147,22628,16868,45256
[RESULT] 109,128,8,0.002970934,0.002784729,22628,16868,45256
[RESULT] 109,128,9,0.002979279,0.002774954,22628,16868,45256
[RESULT] 76,128,8,0.002903938,0.002758265,22701,16949,45402
[RESULT] 76,128,9,0.002950907,0.002795935,22701,16949,45402
[RESULT] 101,128,8,0.002946377,0.002793074,22711,16956,45422
[RESULT] 101,128,9,0.002962351,0.002806902,22711,16956,45422
[RESULT] 50,128,0,0.003273964,0.002887011,22707,16946,45414
[RESULT] 50,128,1,0.002806664,0.002439260,22707,16946,45414
[RESULT] 50,128,2,0.003036022,0.002744675,22707,16946,45414
[RESULT] 50,128,3,0.003116369,0.002814770,22707,16946,45414
[RESULT] 50,128,4,0.003011465,0.002725601,22707,16946,45414
[RESULT] 50,128,5,0.003929138,0.002656221,22707,16946,45414
[RESULT] 50,128,6,0.003161430,0.002872705,22707,16946,45414
[RESULT] 50,128,7,0.003226757,0.002950430,22707,16946,45414
[RESULT] 50,128,8,0.002892971,0.002652168,22707,16946,45414
[RESULT] 50,128,9,0.002994776,0.002725840,22707,16946,45414
[RESULT] 105,128,0,0.003618717,0.002918482,22705,16964,45410
[RESULT] 105,128,1,0.003623724,0.002691507,22705,16964,45410
[RESULT] 105,128,2,0.003603935,0.002844572,22705,16964,45410
[RESULT] 105,128,3,0.003397942,0.002887249,22705,16964,45410
[RESULT] 105,128,4,0.002994299,0.002774000,22705,16964,45410
[RESULT] 105,128,5,0.003008604,0.002773762,22705,16964,45410
[RESULT] 121,128,9,0.002970219,0.002769947,22685,16946,45370
[RESULT] 88,128,0,0.002888441,0.002694607,22844,17107,45688
[RESULT] 88,128,1,0.003126860,0.002950191,22844,17107,45688
[RESULT] 88,128,2,0.002943516,0.002773285,22844,17107,45688
[RESULT] 88,128,3,0.002863646,0.002692699,22844,17107,45688
[RESULT] 88,128,4,0.003021002,0.002854586,22844,17107,45688
[RESULT] 88,128,5,0.003010511,0.002834558,22844,17107,45688
[RESULT] 88,128,6,0.002867460,0.002704859,22844,17107,45688
[RESULT] 88,128,7,0.003099203,0.002934694,22844,17107,45688
[RESULT] 88,128,8,0.003077030,0.002912760,22844,17107,45688
[RESULT] 88,128,9,0.002965450,0.002790928,22844,17107,45688
[RESULT] 35,128,0,0.003246784,0.002692461,22588,16801,45176
[RESULT] 35,128,1,0.003006697,0.002653599,22588,16801,45176
[RESULT] 35,128,2,0.002961397,0.002584934,22588,16801,45176
[RESULT] 56,128,0,0.003181219,0.002805471,22704,16954,45408
[RESULT] 56,128,1,0.002710819,0.002358913,22704,16954,45408
[RESULT] 56,128,2,0.003016233,0.002728462,22704,16954,45408
[RESULT] 56,128,3,0.003092527,0.002796888,22704,16954,45408
[RESULT] 56,128,4,0.002958059,0.002672434,22704,16954,45408
[RESULT] 56,128,5,0.003017187,0.002758741,22704,16954,45408
[RESULT] 56,128,6,0.002957344,0.002683163,22704,16954,45408
[RESULT] 56,128,7,0.002985954,0.002723932,22704,16954,45408
[RESULT] 56,128,8,0.002950430,0.002715588,22704,16954,45408
[RESULT] 56,128,9,0.002992630,0.002723455,22704,16954,45408
[RESULT] 27,128,6,0.002321482,0.002114534,22708,16947,45416
[RESULT] 27,128,7,0.002716541,0.002490759,22708,16947,45416
[RESULT] 27,128,8,0.002516985,0.002290964,22708,16947,45416
[RESULT] 27,128,9,0.002959728,0.002710342,22708,16947,45416
[RESULT] 37,128,4,0.002966166,0.002776861,22652,16892,45304
[RESULT] 37,128,5,0.003011465,0.002816677,22652,16892,45304
[RESULT] 37,128,6,0.002989054,0.002794743,22652,16892,45304
[RESULT] 37,128,7,0.002948284,0.002764225,22652,16892,45304
[RESULT] 37,128,8,0.002876282,0.002692461,22652,16892,45304
[RESULT] 37,128,9,0.002990484,0.002793312,22652,16892,45304
[RESULT] 94,128,7,0.003021479,0.002857208,22676,16913,45352
[RESULT] 94,128,8,0.002975702,0.002810001,22676,16913,45352
[RESULT] 94,128,9,0.002946854,0.002772570,22676,16913,45352
[RESULT] 35,128,3,0.003031731,0.002679110,22588,16801,45176
[RESULT] 35,128,4,0.002736330,0.002379894,22588,16801,45176
[RESULT] 35,128,5,0.002696037,0.002345562,22588,16801,45176
[RESULT] 35,128,6,0.002576828,0.002228498,22588,16801,45176
[RESULT] 35,128,7,0.002748728,0.002379179,22588,16801,45176
[RESULT] 35,128,8,0.002847672,0.002491713,22588,16801,45176
[RESULT] 35,128,9,0.003087282,0.002728701,22588,16801,45176
[RESULT] 92,128,0,0.003039598,0.002797604,22764,17032,45528
[RESULT] 92,128,1,0.002901316,0.002724409,22764,17032,45528
[RESULT] 92,128,2,0.002910614,0.002747297,22764,17032,45528
[RESULT] 92,128,3,0.003025532,0.002866030,22764,17032,45528
[RESULT] 92,128,4,0.002983332,0.002826691,22764,17032,45528
[RESULT] 92,128,5,0.002951622,0.002784491,22764,17032,45528
[RESULT] 92,128,6,0.002925396,0.002760887,22764,17032,45528
[RESULT] 92,128,7,0.002997875,0.002840042,22764,17032,45528
[RESULT] 92,128,8,0.002961874,0.002803087,22764,17032,45528
[RESULT] 92,128,9,0.003008127,0.002845287,22764,17032,45528
[RESULT] 105,128,6,0.002895594,0.002686501,22705,16964,45410
[RESULT] 105,128,7,0.002926350,0.002771616,22705,16964,45410
[RESULT] 105,128,8,0.002902746,0.002729177,22705,16964,45410
[RESULT] 105,128,9,0.002929688,0.002758503,22705,16964,45410
[RESULT] 73,128,9,0.002991676,0.002789021,22670,16911,45340
[RESULT] 100,128,0,0.002954960,0.002802134,22724,16977,45448
[RESULT] 100,128,1,0.002961874,0.002815008,22724,16977,45448
[RESULT] 100,128,2,0.002843618,0.002698421,22724,16977,45448
[RESULT] 100,128,3,0.002902031,0.002750635,22724,16977,45448
[RESULT] 100,128,4,0.002904892,0.002761126,22724,16977,45448
[RESULT] 100,128,5,0.002895355,0.002752066,22724,16977,45448
[RESULT] 100,128,6,0.002838850,0.002696276,22724,16977,45448
[RESULT] 100,128,7,0.002982855,0.002839565,22724,16977,45448
[RESULT] 100,128,8,0.002959251,0.002815247,22724,16977,45448
[RESULT] 100,128,9,0.002972603,0.002820730,22724,16977,45448
[RESULT] 20,128,7,0.002665281,0.002288342,22697,16936,45394
[RESULT] 57,128,0,0.003101110,0.002796412,22721,16981,45442
[RESULT] 57,128,1,0.002671957,0.002443790,22721,16981,45442
[RESULT] 57,128,2,0.002972603,0.002727032,22721,16981,45442
[RESULT] 61,128,0,0.003159285,0.002877712,22665,16901,45330
[RESULT] 61,128,1,0.002699375,0.002502680,22665,16901,45330
[RESULT] 112,128,0,0.003044128,0.002838373,22689,16917,45378
[RESULT] 112,128,1,0.002920151,0.002745152,22689,16917,45378
[RESULT] 112,128,2,0.002918243,0.002749443,22689,16917,45378
[RESULT] 112,128,3,0.002942324,0.002776623,22689,16917,45378
[RESULT] 112,128,4,0.002871037,0.002708912,22689,16917,45378
[RESULT] 112,128,5,0.003097534,0.002930880,22689,16917,45378
[RESULT] 112,128,6,0.002922535,0.002749920,22689,16917,45378
[RESULT] 112,128,7,0.002985477,0.002824545,22689,16917,45378
[RESULT] 112,128,8,0.002945662,0.002784252,22689,16917,45378
[RESULT] 112,128,9,0.002976418,0.002802372,22689,16917,45378
[RESULT] 20,128,8,0.002764702,0.002471924,22697,16936,45394
[RESULT] 57,128,3,0.003023624,0.002790689,22721,16981,45442
[RESULT] 57,128,4,0.002952576,0.002723932,22721,16981,45442
[RESULT] 57,128,5,0.002932549,0.002689838,22721,16981,45442
[RESULT] 57,128,6,0.002855301,0.002643585,22721,16981,45442
[RESULT] 57,128,7,0.002946854,0.002729893,22721,16981,45442
[RESULT] 57,128,8,0.002948999,0.002724409,22721,16981,45442
[RESULT] 61,128,2,0.002980232,0.002775192,22665,16901,45330
[RESULT] 61,128,3,0.003043175,0.002834320,22665,16901,45330
[RESULT] 61,128,4,0.002989531,0.002794027,22665,16901,45330
[RESULT] 61,128,5,0.002973080,0.002771378,22665,16901,45330
[RESULT] 61,128,6,0.002944231,0.002743483,22665,16901,45330
[RESULT] 61,128,7,0.003019571,0.002823591,22665,16901,45330
[RESULT] 40,128,5,0.002952337,0.002786875,22701,16966,45402
[RESULT] 40,128,6,0.002917767,0.002748013,22701,16966,45402
[RESULT] 40,128,7,0.002640247,0.002488613,22701,16966,45402
[RESULT] 40,128,8,0.002626181,0.002472162,22701,16966,45402
[RESULT] 40,128,9,0.002972603,0.002799749,22701,16966,45402
[RESULT] 38,128,0,0.003215551,0.003022194,22658,16847,45316
[RESULT] 38,128,1,0.002766132,0.002606153,22658,16847,45316
[RESULT] 38,128,2,0.002902985,0.002742052,22658,16847,45316
[RESULT] 38,128,3,0.003104687,0.002943039,22658,16847,45316
[RESULT] 57,128,9,0.002987623,0.002753019,22721,16981,45442
[RESULT] 61,128,8,0.003008604,0.002813816,22665,16901,45330
[RESULT] 61,128,9,0.003037214,0.002832174,22665,16901,45330
[RESULT] 38,128,4,0.002764702,0.002598763,22658,16847,45316
[RESULT] 38,128,5,0.003024817,0.002849579,22658,16847,45316
[RESULT] 38,128,6,0.002895355,0.002720356,22658,16847,45316
[RESULT] 38,128,7,0.002962589,0.002777100,22658,16847,45316
[RESULT] 38,128,8,0.002977371,0.002811909,22658,16847,45316
[RESULT] 38,128,9,0.003088713,0.002922058,22658,16847,45316
[RESULT] 31,128,0,0.003136396,0.002873421,22681,16936,45362
[RESULT] 31,128,1,0.002887726,0.002693892,22681,16936,45362
[RESULT] 31,128,2,0.002979279,0.002784014,22681,16936,45362
[RESULT] 31,128,3,0.003007174,0.002812386,22681,16936,45362
[RESULT] 32,128,0,0.003125668,0.002754927,22646,16906,45292
[RESULT] 32,128,1,0.003032923,0.002679110,22646,16906,45292
[RESULT] 32,128,2,0.003099918,0.002800941,22646,16906,45292
[RESULT] 32,128,3,0.003174067,0.002862692,22646,16906,45292
[RESULT] 32,128,4,0.003019810,0.002726793,22646,16906,45292
[RESULT] 31,128,4,0.002858162,0.002678871,22681,16936,45362
[RESULT] 31,128,5,0.002778053,0.002607822,22681,16936,45362
[RESULT] 31,128,6,0.002214432,0.002044916,22681,16936,45362
[RESULT] 31,128,7,0.002600670,0.002422810,22681,16936,45362
[RESULT] 31,128,8,0.002325773,0.002151966,22681,16936,45362
[RESULT] 31,128,9,0.003069878,0.002853870,22681,16936,45362
[RESULT] 32,128,5,0.002944469,0.002673388,22646,16906,45292
[RESULT] 32,128,6,0.002746820,0.002473593,22646,16906,45292
[RESULT] 32,128,7,0.002480030,0.002198935,22646,16906,45292
[RESULT] 32,128,8,0.002728224,0.002485037,22646,16906,45292
[RESULT] 32,128,9,0.003115892,0.002824068,22646,16906,45292
[RESULT] 26,128,0,0.003614426,0.002811432,22629,16855,45258
[RESULT] 26,128,1,0.003493309,0.002759457,22629,16855,45258
[RESULT] 26,128,2,0.003342867,0.002749443,22629,16855,45258
[RESULT] 26,128,3,0.003324509,0.002814054,22629,16855,45258
[RESULT] 26,128,4,0.002689600,0.002198935,22629,16855,45258
[RESULT] 26,128,5,0.002624512,0.002251625,22629,16855,45258
[RESULT] 26,128,6,0.002590179,0.002216101,22629,16855,45258
[RESULT] 26,128,7,0.002610445,0.002221346,22629,16855,45258
[RESULT] 26,128,8,0.002646208,0.002346277,22629,16855,45258
[RESULT] 26,128,9,0.003129005,0.002706051,22629,16855,45258
[RESULT] 62,128,0,0.002987146,0.002649784,22689,16925,45378
[RESULT] 62,128,1,0.002708673,0.002403259,22689,16925,45378
[RESULT] 62,128,2,0.002906084,0.002629042,22689,16925,45378
[RESULT] 62,128,3,0.002982616,0.002712011,22689,16925,45378
[RESULT] 62,128,4,0.002861261,0.002605200,22689,16925,45378
[RESULT] 62,128,5,0.002926350,0.002682924,22689,16925,45378
[RESULT] 62,128,6,0.003108263,0.002857447,22689,16925,45378
[RESULT] 62,128,7,0.002872705,0.002636909,22689,16925,45378
[RESULT] 62,128,8,0.002911329,0.002707720,22689,16925,45378
[RESULT] 62,128,9,0.003171444,0.002938032,22689,16925,45378
[RESULT] 20,128,9,0.002539635,0.002225161,22697,16936,45394
[RESULT] 110,128,0,0.003820658,0.003046036,22685,16905,45370
[RESULT] 110,128,1,0.003340483,0.002650023,22685,16905,45370
[RESULT] 110,128,2,0.003329277,0.002821684,22685,16905,45370
[RESULT] 110,128,3,0.003325224,0.002883673,22685,16905,45370
[RESULT] 110,128,4,0.003334045,0.002890110,22685,16905,45370
[RESULT] 110,128,5,0.003193617,0.002830982,22685,16905,45370
[RESULT] 110,128,6,0.003334761,0.002931118,22685,16905,45370
[RESULT] 110,128,7,0.003154278,0.002785683,22685,16905,45370
[RESULT] 110,128,8,0.003177881,0.002890348,22685,16905,45370
[RESULT] 110,128,9,0.003472090,0.003043413,22685,16905,45370
