Retrieving the matrix from '../data/tmt_sym.mtx'...
Real Matrix (Strong Scaling): Rows=726713 | Cols=726713 | NNZ=2903837 | Procs=4
Matrix distributed and converted to CSR
Ghost columns identified: 453905 total ghost values needed
Local vector initialized (size=181679 per process)
[RESULT] 3,4,0,0.507703543,0.504068375,725817,453313,1451634
[RESULT] 3,4,1,0.479863644,0.476024389,725817,453313,1451634
[RESULT] 3,4,2,0.535423517,0.532018185,725817,453313,1451634
[RESULT] 3,4,3,0.563064098,0.560014486,725817,453313,1451634
[RESULT] 3,4,4,0.563040495,0.560003519,725817,453313,1451634
[RESULT] 3,4,5,0.562098980,0.559015989,725817,453313,1451634
[RESULT] 3,4,6,0.563257933,0.560029268,725817,453313,1451634
[RESULT] 3,4,7,0.507418394,0.504010916,725817,453313,1451634
[RESULT] 3,4,8,0.507740974,0.504008532,725817,453313,1451634
[RESULT] 3,4,9,0.563368082,0.560024977,725817,453313,1451634
[RESULT] 1,4,0,0.480468512,0.476029873,725844,453588,1451688
[RESULT] 1,4,1,0.535490990,0.532022715,725844,453588,1451688
[RESULT] 1,4,2,0.535228491,0.532027483,725844,453588,1451688
[RESULT] 1,4,3,0.535381794,0.532013893,725844,453588,1451688
[RESULT] 1,4,4,0.563420773,0.560005665,725844,453588,1451688
[RESULT] 1,4,5,0.569651127,0.566018820,725844,453588,1451688
[RESULT] 1,4,6,0.590982914,0.588036299,725844,453588,1451688
[RESULT] 1,4,7,0.619116068,0.616058588,725844,453588,1451688
[RESULT] 1,4,8,0.563154697,0.560048819,725844,453588,1451688
[RESULT] 1,4,9,0.591054916,0.588032246,725844,453588,1451688
[RESULT] 2,4,0,0.535493612,0.532055378,726056,453802,1452112
[RESULT] 2,4,1,0.507216692,0.504035234,726056,453802,1452112
[RESULT] 2,4,2,0.562995911,0.560037851,726056,453802,1452112
[RESULT] 2,4,3,0.563057423,0.560017586,726056,453802,1452112
[RESULT] 2,4,4,0.591024399,0.588017464,726056,453802,1452112
[RESULT] 2,4,5,0.617954493,0.615033627,726056,453802,1452112
[RESULT] 2,4,6,0.535010815,0.532028675,726056,453802,1452112
[RESULT] 2,4,7,0.591458321,0.588022947,726056,453802,1452112
[RESULT] 2,4,8,0.534942150,0.532027721,726056,453802,1452112
[RESULT] 2,4,9,0.591021538,0.588045120,726056,453802,1452112
[RESULT] 0,4,0,0.507905960,0.504076242,726120,453905,1452240
[RESULT] 0,4,1,0.563502789,0.560047150,726120,453905,1452240
[RESULT] 0,4,2,0.563152075,0.560046196,726120,453905,1452240
[RESULT] 0,4,3,0.590981483,0.588023901,726120,453905,1452240
[RESULT] 0,4,4,0.615979671,0.613030672,726120,453905,1452240
[RESULT] 0,4,5,0.607936621,0.605065584,726120,453905,1452240
[RESULT] 0,4,6,0.535500765,0.532076836,726120,453905,1452240
[RESULT] 0,4,7,0.535176516,0.532023191,726120,453905,1452240
[RESULT] 0,4,8,0.535738230,0.532032251,726120,453905,1452240
[RESULT] 0,4,9,0.619026661,0.616048574,726120,453905,1452240

Benchmark Summary
Processes: 4
Iterations: 10
Matrix NNZ: 2903837
Total execution time: 23.317 seconds
