Retrieving the matrix from '../data/tmt_sym.mtx'...
Real Matrix (Strong Scaling): Rows=726713 | Cols=726713 | NNZ=2903837 | Procs=64
Matrix distributed and converted to CSR
Ghost columns identified: 33631 total ghost values needed
Local vector initialized (size=11355 per process)
[RESULT] 9,64,0,0.310601234,0.310014725,45334,33674,90668
[RESULT] 9,64,1,0.311603785,0.311025143,45334,33674,90668
[RESULT] 9,64,2,0.265357733,0.264010668,45334,33674,90668
[RESULT] 9,64,3,0.264639616,0.264037609,45334,33674,90668
[RESULT] 9,64,4,0.314629316,0.314032078,45334,33674,90668
[RESULT] 9,64,5,0.220739365,0.220096588,45334,33674,90668
[RESULT] 9,64,6,0.264591932,0.264005423,45334,33674,90668
[RESULT] 9,64,7,0.219628572,0.219054461,45334,33674,90668
[RESULT] 9,64,8,0.265624523,0.265030622,45334,33674,90668
[RESULT] 9,64,9,0.264645338,0.264055729,45334,33674,90668
[RESULT] 5,64,0,0.280631065,0.280039787,45335,33665,90670
[RESULT] 5,64,1,0.283779621,0.283174276,45335,33665,90670
[RESULT] 5,64,2,0.280563354,0.280005693,45335,33665,90670
[RESULT] 5,64,3,0.318583012,0.318034410,45335,33665,90670
[RESULT] 5,64,4,0.280550480,0.280009747,45335,33665,90670
[RESULT] 5,64,5,0.240548372,0.240007401,45335,33665,90670
[RESULT] 5,64,6,0.202741623,0.202200174,45335,33665,90670
[RESULT] 5,64,7,0.240542173,0.240006208,45335,33665,90670
[RESULT] 5,64,8,0.278629065,0.278102398,45335,33665,90670
[RESULT] 5,64,9,0.240535259,0.240019560,45335,33665,90670
[RESULT] 10,64,0,0.315620661,0.315026760,45432,33669,90864
[RESULT] 10,64,1,0.309596777,0.309019089,45432,33669,90864
[RESULT] 10,64,2,0.208625317,0.208028316,45432,33669,90864
[RESULT] 10,64,3,0.208609581,0.208018541,45432,33669,90864
[RESULT] 10,64,4,0.212598562,0.212023258,45432,33669,90864
[RESULT] 10,64,5,0.105885029,0.105296135,45432,33669,90864
[RESULT] 10,64,6,0.104860783,0.104274750,45432,33669,90864
[RESULT] 10,64,7,0.104863167,0.104278564,45432,33669,90864
[RESULT] 10,64,8,0.104871273,0.104291439,45432,33669,90864
[RESULT] 10,64,9,0.104892492,0.104304552,45432,33669,90864
[RESULT] 8,64,0,0.352340221,0.351037264,45402,33750,90804
[RESULT] 8,64,1,0.310326338,0.309037209,45402,33750,90804
[RESULT] 8,64,2,0.309314489,0.308022976,45402,33750,90804
[RESULT] 8,64,3,0.310203075,0.308012962,45402,33750,90804
[RESULT] 8,64,4,0.265312672,0.264043093,45402,33750,90804
[RESULT] 8,64,5,0.221310854,0.220038652,45402,33750,90804
[RESULT] 8,64,6,0.221245527,0.220050097,45402,33750,90804
[RESULT] 8,64,7,0.265116692,0.264035702,45402,33750,90804
[RESULT] 8,64,8,0.221126318,0.220101357,45402,33750,90804
[RESULT] 8,64,9,0.265052319,0.264059305,45402,33750,90804
[RESULT] 15,64,0,0.306606531,0.306023359,45495,33844,90990
[RESULT] 15,64,1,0.268381596,0.267791986,45495,33844,90990
[RESULT] 15,64,2,0.269357681,0.268004894,45495,33844,90990
[RESULT] 15,64,3,0.221356153,0.220748663,45495,33844,90990
[RESULT] 15,64,4,0.262616873,0.262026787,45495,33844,90990
[RESULT] 15,64,5,0.262618780,0.262030363,45495,33844,90990
[RESULT] 15,64,6,0.264609337,0.264022589,45495,33844,90990
[RESULT] 15,64,7,0.219633341,0.219046593,45495,33844,90990
[RESULT] 15,64,8,0.265622854,0.265026331,45495,33844,90990
[RESULT] 15,64,9,0.264641523,0.264048100,45495,33844,90990
[RESULT] 26,64,0,0.352404356,0.351074934,45361,33637,90722
[RESULT] 26,64,1,0.354338884,0.353026867,45361,33637,90722
[RESULT] 26,64,2,0.352416754,0.311100960,45361,33637,90722
[RESULT] 26,64,3,0.310198784,0.308015347,45361,33637,90722
[RESULT] 26,64,4,0.309300184,0.308018684,45361,33637,90722
[RESULT] 26,64,5,0.264350176,0.223059177,45361,33637,90722
[RESULT] 26,64,6,0.265260696,0.264023066,45361,33637,90722
[RESULT] 26,64,7,0.265022039,0.264024258,45361,33637,90722
[RESULT] 26,64,8,0.265013218,0.264033794,45361,33637,90722
[RESULT] 26,64,9,0.264963865,0.264022589,45361,33637,90722
[RESULT] 18,64,0,0.310378075,0.309015512,45413,33624,90826
[RESULT] 18,64,1,0.309389830,0.308024168,45413,33624,90826
[RESULT] 18,64,2,0.264367104,0.263017416,45413,33624,90826
[RESULT] 18,64,3,0.293920279,0.290998220,45413,33624,90826
[RESULT] 18,64,4,0.309376717,0.308021069,45413,33624,90826
[RESULT] 18,64,5,0.265337229,0.223971605,45413,33624,90826
[RESULT] 18,64,6,0.265375614,0.264017582,45413,33624,90826
[RESULT] 18,64,7,0.221404076,0.220028162,45413,33624,90826
[RESULT] 18,64,8,0.265406609,0.264024734,45413,33624,90826
[RESULT] 18,64,9,0.221399784,0.220026493,45413,33624,90826
[RESULT] 13,64,0,0.264628649,0.264037848,45371,33638,90742
[RESULT] 13,64,1,0.264733315,0.264061213,45371,33638,90742
[RESULT] 13,64,2,0.242736340,0.242044449,45371,33638,90742
[RESULT] 13,64,3,0.265578508,0.264019728,45371,33638,90742
[RESULT] 13,64,4,0.264694691,0.264036417,45371,33638,90742
[RESULT] 13,64,5,0.218665123,0.218064547,45371,33638,90742
[RESULT] 13,64,6,0.218697309,0.218057632,45371,33638,90742
[RESULT] 13,64,7,0.264609575,0.264023066,45371,33638,90742
[RESULT] 13,64,8,0.266613483,0.266034365,45371,33638,90742
[RESULT] 13,64,9,0.248637915,0.248029232,45371,33638,90742
[RESULT] 6,64,0,0.306396961,0.305045843,45305,33514,90610
[RESULT] 6,64,1,0.309367180,0.308022022,45305,33514,90610
[RESULT] 6,64,2,0.268385649,0.267043114,45305,33514,90610
[RESULT] 6,64,3,0.315469265,0.272484779,45305,33514,90610
[RESULT] 6,64,4,0.313373089,0.312034845,45305,33514,90610
[RESULT] 6,64,5,0.269387007,0.268030643,45305,33514,90610
[RESULT] 6,64,6,0.261401415,0.260040998,45305,33514,90610
[RESULT] 6,64,7,0.221463919,0.220095396,45305,33514,90610
[RESULT] 6,64,8,0.265405655,0.264052391,45305,33514,90610
[RESULT] 6,64,9,0.265452385,0.264075994,45305,33514,90610
[RESULT] 7,64,0,0.265744448,0.265116930,45387,33742,90774
[RESULT] 7,64,1,0.308715820,0.308049679,45387,33742,90774
[RESULT] 7,64,2,0.266630650,0.266037464,45387,33742,90774
[RESULT] 7,64,3,0.309569836,0.307991743,45387,33742,90774
[RESULT] 7,64,4,0.264641762,0.264052153,45387,33742,90774
[RESULT] 7,64,5,0.218731403,0.218083620,45387,33742,90774
[RESULT] 7,64,6,0.266027212,0.223309278,45387,33742,90774
[RESULT] 7,64,7,0.220636368,0.220045328,45387,33742,90774
[RESULT] 7,64,8,0.238621950,0.238041401,45387,33742,90774
[RESULT] 7,64,9,0.268619537,0.268037796,45387,33742,90774
[RESULT] 11,64,0,0.280616999,0.280052423,45426,33697,90852
[RESULT] 11,64,1,0.280618668,0.280059099,45426,33697,90852
[RESULT] 11,64,2,0.280547857,0.280015230,45426,33697,90852
[RESULT] 11,64,3,0.320561647,0.320019007,45426,33697,90852
[RESULT] 11,64,4,0.280588865,0.280052185,45426,33697,90852
[RESULT] 11,64,5,0.240580797,0.240039110,45426,33697,90852
[RESULT] 11,64,6,0.203439713,0.202894688,45426,33697,90852
[RESULT] 11,64,7,0.240552187,0.240040779,45426,33697,90852
[RESULT] 11,64,8,0.279543877,0.279039383,45426,33697,90852
[RESULT] 11,64,9,0.240555525,0.240042210,45426,33697,90852
[RESULT] 22,64,0,0.208585024,0.207997084,45328,33650,90656
[RESULT] 22,64,1,0.208605766,0.208007574,45328,33650,90656
[RESULT] 22,64,2,0.208604813,0.208002806,45328,33650,90656
[RESULT] 22,64,3,0.208595514,0.208003521,45328,33650,90656
[RESULT] 22,64,4,0.208587408,0.208006859,45328,33650,90656
[RESULT] 22,64,5,0.105686188,0.105105162,45328,33650,90656
[RESULT] 22,64,6,0.104892015,0.104308367,45328,33650,90656
[RESULT] 22,64,7,0.104905128,0.104315042,45328,33650,90656
[RESULT] 22,64,8,0.104889870,0.104313612,45328,33650,90656
[RESULT] 22,64,9,0.104731083,0.104140997,45328,33650,90656
[RESULT] 62,64,0,0.304230452,0.303061008,45389,33679,90778
[RESULT] 62,64,1,0.314211130,0.313025475,45389,33679,90778
[RESULT] 62,64,2,0.265275002,0.264065742,45389,33679,90778
[RESULT] 62,64,3,0.308675051,0.266598225,45389,33679,90778
[RESULT] 62,64,4,0.265239239,0.264055014,45389,33679,90778
[RESULT] 62,64,5,0.221212626,0.220021963,45389,33679,90778
[RESULT] 62,64,6,0.265173435,0.264024734,45389,33679,90778
[RESULT] 62,64,7,0.265085459,0.264019966,45389,33679,90778
[RESULT] 62,64,8,0.261057377,0.260021448,45389,33679,90778
[RESULT] 62,64,9,0.265053511,0.264029741,45389,33679,90778
[RESULT] 12,64,0,0.310247660,0.309030771,45352,33688,90704
[RESULT] 12,64,1,0.309187412,0.267953396,45352,33688,90704
[RESULT] 12,64,2,0.264235735,0.263027430,45352,33688,90704
[RESULT] 12,64,3,0.271857738,0.269011259,45352,33688,90704
[RESULT] 12,64,4,0.305241108,0.304018021,45352,33688,90704
[RESULT] 12,64,5,0.261251211,0.260021687,45352,33688,90704
[RESULT] 12,64,6,0.271246672,0.270000219,45352,33688,90704
[RESULT] 12,64,7,0.265234709,0.264022589,45352,33688,90704
[RESULT] 12,64,8,0.308244228,0.267003059,45352,33688,90704
[RESULT] 12,64,9,0.265384197,0.264138699,45352,33688,90704
[RESULT] 3,64,0,0.306656599,0.306079626,45289,33444,90578
[RESULT] 3,64,1,0.303582191,0.303011656,45289,33444,90578
[RESULT] 3,64,2,0.308591843,0.308007717,45289,33444,90578
[RESULT] 3,64,3,0.309319019,0.307976246,45289,33444,90578
[RESULT] 3,64,4,0.321616650,0.321027040,45289,33444,90578
[RESULT] 3,64,5,0.266600132,0.266015768,45289,33444,90578
[RESULT] 3,64,6,0.264617682,0.264035702,45289,33444,90578
[RESULT] 3,64,7,0.219647408,0.219070196,45289,33444,90578
[RESULT] 3,64,8,0.261640549,0.261042833,45289,33444,90578
[RESULT] 3,64,9,0.307413101,0.306818485,45289,33444,90578
[RESULT] 17,64,0,0.283514738,0.282962799,45488,33850,90976
[RESULT] 17,64,1,0.320563555,0.320035696,45488,33850,90976
[RESULT] 17,64,2,0.280559063,0.280040503,45488,33850,90976
[RESULT] 17,64,3,0.320569992,0.320045471,45488,33850,90976
[RESULT] 17,64,4,0.280552149,0.280037642,45488,33850,90976
[RESULT] 17,64,5,0.240543842,0.240018845,45488,33850,90976
[RESULT] 17,64,6,0.200544596,0.200018883,45488,33850,90976
[RESULT] 17,64,7,0.240512848,0.240019798,45488,33850,90976
[RESULT] 17,64,8,0.279510260,0.279016733,45488,33850,90976
[RESULT] 17,64,9,0.240523815,0.240019560,45488,33850,90976
[RESULT] 4,64,0,0.315609217,0.314997196,45401,33704,90802
[RESULT] 4,64,1,0.241685629,0.241062403,45401,33704,90802
[RESULT] 4,64,2,0.208667040,0.208050966,45401,33704,90802
[RESULT] 4,64,3,0.208644152,0.208041906,45401,33704,90802
[RESULT] 4,64,4,0.208628178,0.208029032,45401,33704,90802
[RESULT] 4,64,5,0.209683180,0.209073305,45401,33704,90802
[RESULT] 4,64,6,0.208651066,0.208040714,45401,33704,90802
[RESULT] 4,64,7,0.208687305,0.208073139,45401,33704,90802
[RESULT] 4,64,8,0.206640244,0.206040859,45401,33704,90802
[RESULT] 4,64,9,0.208705187,0.208091974,45401,33704,90802
[RESULT] 2,64,0,0.353396177,0.352088928,45357,33666,90714
[RESULT] 2,64,1,0.354318380,0.353019238,45357,33666,90714
[RESULT] 2,64,2,0.309361458,0.308061600,45357,33666,90714
[RESULT] 2,64,3,0.311242819,0.309070826,45357,33666,90714
[RESULT] 2,64,4,0.309301376,0.308027744,45357,33666,90714
[RESULT] 2,64,5,0.265286207,0.264017820,45357,33666,90714
[RESULT] 2,64,6,0.309236526,0.308002234,45357,33666,90714
[RESULT] 2,64,7,0.309156656,0.308007956,45357,33666,90714
[RESULT] 2,64,8,0.313111544,0.312011480,45357,33666,90714
[RESULT] 2,64,9,0.309162855,0.308057070,45357,33666,90714
[RESULT] 27,64,0,0.310638189,0.310057640,45350,33668,90700
[RESULT] 27,64,1,0.311596870,0.311024427,45350,33668,90700
[RESULT] 27,64,2,0.265374899,0.264032841,45350,33668,90700
[RESULT] 27,64,3,0.308614254,0.308026075,45350,33668,90700
[RESULT] 27,64,4,0.310636520,0.310045481,45350,33668,90700
[RESULT] 27,64,5,0.266611338,0.266032219,45350,33668,90700
[RESULT] 27,64,6,0.264625549,0.264039755,45350,33668,90700
[RESULT] 27,64,7,0.263619423,0.263037205,45350,33668,90700
[RESULT] 27,64,8,0.305622339,0.305028200,45350,33668,90700
[RESULT] 27,64,9,0.308657885,0.308058977,45350,33668,90700
[RESULT] 23,64,0,0.280562878,0.280052900,45390,33680,90780
[RESULT] 23,64,1,0.320242167,0.283748627,45390,33680,90780
[RESULT] 23,64,2,0.280491829,0.280016422,45390,33680,90780
[RESULT] 23,64,3,0.320501328,0.320017815,45390,33680,90780
[RESULT] 23,64,4,0.280498028,0.280016422,45390,33680,90780
[RESULT] 23,64,5,0.240517855,0.240019083,45390,33680,90780
[RESULT] 23,64,6,0.200541735,0.200042963,45390,33680,90780
[RESULT] 23,64,7,0.240488291,0.240038633,45390,33680,90780
[RESULT] 23,64,8,0.279493809,0.279041529,45390,33680,90780
[RESULT] 23,64,9,0.240543604,0.240061283,45390,33680,90780
[RESULT] 61,64,0,0.264663935,0.264075756,45411,33719,90822
[RESULT] 61,64,1,0.308746576,0.308059216,45411,33719,90822
[RESULT] 61,64,2,0.223106146,0.222428083,45411,33719,90822
[RESULT] 61,64,3,0.265891314,0.264333725,45411,33719,90822
[RESULT] 61,64,4,0.264650345,0.264063597,45411,33719,90822
[RESULT] 61,64,5,0.246693850,0.246043444,45411,33719,90822
[RESULT] 61,64,6,0.222655773,0.222030163,45411,33719,90822
[RESULT] 61,64,7,0.264604807,0.264021158,45411,33719,90822
[RESULT] 61,64,8,0.310602903,0.310025454,45411,33719,90822
[RESULT] 61,64,9,0.268611431,0.268034458,45411,33719,90822
[RESULT] 21,64,0,0.335385561,0.334025383,45393,33539,90786
[RESULT] 21,64,1,0.303605318,0.303026676,45393,33539,90786
[RESULT] 21,64,2,0.304616213,0.304020643,45393,33539,90786
[RESULT] 21,64,3,0.220657110,0.220057249,45393,33539,90786
[RESULT] 21,64,4,0.246635437,0.246038437,45393,33539,90786
[RESULT] 21,64,5,0.222636700,0.222030640,45393,33539,90786
[RESULT] 21,64,6,0.220615149,0.220022917,45393,33539,90786
[RESULT] 21,64,7,0.219612837,0.219028711,45393,33539,90786
[RESULT] 21,64,8,0.217631102,0.217029810,45393,33539,90786
[RESULT] 21,64,9,0.264691114,0.264082432,45393,33539,90786
[RESULT] 19,64,0,0.264792919,0.264091492,45255,33591,90510
[RESULT] 19,64,1,0.264709711,0.264049768,45255,33591,90510
[RESULT] 19,64,2,0.220646858,0.220037460,45255,33591,90510
[RESULT] 19,64,3,0.265578032,0.264118671,45255,33591,90510
[RESULT] 19,64,4,0.264722586,0.264045477,45255,33591,90510
[RESULT] 19,64,5,0.174630165,0.174037695,45255,33591,90510
[RESULT] 19,64,6,0.176485062,0.175815105,45255,33591,90510
[RESULT] 19,64,7,0.220592499,0.220015764,45255,33591,90510
[RESULT] 19,64,8,0.222606182,0.222027302,45255,33591,90510
[RESULT] 19,64,9,0.224637985,0.224053621,45255,33591,90510
[RESULT] 25,64,0,0.308720112,0.308040619,45242,33617,90484
[RESULT] 25,64,1,0.356631041,0.356039047,45242,33617,90484
[RESULT] 25,64,2,0.266653538,0.266045332,45242,33617,90484
[RESULT] 25,64,3,0.309574842,0.308083773,45242,33617,90484
[RESULT] 25,64,4,0.308657408,0.308034420,45242,33617,90484
[RESULT] 25,64,5,0.223475456,0.222799778,45242,33617,90484
[RESULT] 25,64,6,0.242637157,0.242037535,45242,33617,90484
[RESULT] 25,64,7,0.264616728,0.264024734,45242,33617,90484
[RESULT] 25,64,8,0.266602039,0.266019344,45242,33617,90484
[RESULT] 25,64,9,0.260707378,0.260108232,45242,33617,90484
[RESULT] 33,64,0,0.350589752,0.350008011,45336,33622,90672
[RESULT] 33,64,1,0.311610699,0.311025381,45336,33622,90672
[RESULT] 33,64,2,0.264615059,0.264026403,45336,33622,90672
[RESULT] 33,64,3,0.265377760,0.264030218,45336,33622,90672
[RESULT] 33,64,4,0.306609154,0.306027412,45336,33622,90672
[RESULT] 33,64,5,0.222612858,0.222028732,45336,33622,90672
[RESULT] 33,64,6,0.264614582,0.264032841,45336,33622,90672
[RESULT] 33,64,7,0.263618231,0.263030291,45336,33622,90672
[RESULT] 33,64,8,0.277578831,0.276994228,45336,33622,90672
[RESULT] 33,64,9,0.310455561,0.309831142,45336,33622,90672
[RESULT] 28,64,0,0.207843542,0.207267284,45449,33700,90898
[RESULT] 28,64,1,0.209848404,0.209278107,45449,33700,90898
[RESULT] 28,64,2,0.208873510,0.208297729,45449,33700,90898
[RESULT] 28,64,3,0.208827972,0.208265781,45449,33700,90898
[RESULT] 28,64,4,0.208800077,0.208240271,45449,33700,90898
[RESULT] 28,64,5,0.209615231,0.209051847,45449,33700,90898
[RESULT] 28,64,6,0.208847761,0.208289146,45449,33700,90898
[RESULT] 28,64,7,0.208845854,0.208281755,45449,33700,90898
[RESULT] 28,64,8,0.206842184,0.206273794,45449,33700,90898
[RESULT] 28,64,9,0.208852053,0.208276749,45449,33700,90898
[RESULT] 48,64,0,0.354396582,0.353021145,45429,33775,90858
[RESULT] 48,64,1,0.353404999,0.352020979,45429,33775,90858
[RESULT] 48,64,2,0.352343559,0.310940266,45429,33775,90858
[RESULT] 48,64,3,0.309928179,0.307011604,45429,33775,90858
[RESULT] 48,64,4,0.353386879,0.352014065,45429,33775,90858
[RESULT] 48,64,5,0.265381813,0.264015675,45429,33775,90858
[RESULT] 48,64,6,0.309416294,0.308028698,45429,33775,90858
[RESULT] 48,64,7,0.265393496,0.264026880,45429,33775,90858
[RESULT] 48,64,8,0.309401512,0.308016300,45429,33775,90858
[RESULT] 48,64,9,0.264338017,0.262927055,45429,33775,90858
[RESULT] 20,64,0,0.356304169,0.355020523,45360,33658,90720
[RESULT] 20,64,1,0.353427649,0.312140465,45360,33658,90720
[RESULT] 20,64,2,0.309311390,0.308027267,45360,33658,90720
[RESULT] 20,64,3,0.310170889,0.308014870,45360,33658,90720
[RESULT] 20,64,4,0.265313387,0.264037609,45360,33658,90720
[RESULT] 20,64,5,0.221291542,0.220023155,45360,33658,90720
[RESULT] 20,64,6,0.221247911,0.220019341,45360,33658,90720
[RESULT] 20,64,7,0.265023470,0.264017344,45360,33658,90720
[RESULT] 20,64,8,0.220984221,0.220016718,45360,33658,90720
[RESULT] 20,64,9,0.265005350,0.264034510,45360,33658,90720
[RESULT] 35,64,0,0.280485868,0.280014515,45215,33377,90430
[RESULT] 35,64,1,0.280478716,0.280014277,45215,33377,90430
[RESULT] 35,64,2,0.240467548,0.240017176,45215,33377,90430
[RESULT] 35,64,3,0.280486107,0.280018330,45215,33377,90430
[RESULT] 35,64,4,0.280258179,0.243728399,45215,33377,90430
[RESULT] 35,64,5,0.202387094,0.201918364,45215,33377,90430
[RESULT] 35,64,6,0.240477085,0.240017653,45215,33377,90430
[RESULT] 35,64,7,0.240471840,0.240018368,45215,33377,90430
[RESULT] 35,64,8,0.279486656,0.279039621,45215,33377,90430
[RESULT] 35,64,9,0.240535736,0.240051270,45215,33377,90430
[RESULT] 1,64,0,0.308594227,0.308008671,45482,33769,90964
[RESULT] 1,64,1,0.352679729,0.351977348,45482,33769,90964
[RESULT] 1,64,2,0.262662172,0.262012959,45482,33769,90964
[RESULT] 1,64,3,0.310619354,0.309012651,45482,33769,90964
[RESULT] 1,64,4,0.308711052,0.308017254,45482,33769,90964
[RESULT] 1,64,5,0.262585640,0.261988640,45482,33769,90964
[RESULT] 1,64,6,0.264349461,0.263686419,45482,33769,90964
[RESULT] 1,64,7,0.267285347,0.266697407,45482,33769,90964
[RESULT] 1,64,8,0.306567669,0.305993319,45482,33769,90964
[RESULT] 1,64,9,0.296644926,0.296060324,45482,33769,90964
[RESULT] 16,64,0,0.207877398,0.207291603,45256,33575,90512
[RESULT] 16,64,1,0.209862232,0.209283829,45256,33575,90512
[RESULT] 16,64,2,0.208872557,0.208289862,45256,33575,90512
[RESULT] 16,64,3,0.208842993,0.208268166,45256,33575,90512
[RESULT] 16,64,4,0.208827019,0.208251953,45256,33575,90512
[RESULT] 16,64,5,0.209649801,0.209065676,45256,33575,90512
[RESULT] 16,64,6,0.208660841,0.208095074,45256,33575,90512
[RESULT] 16,64,7,0.208634853,0.208057880,45256,33575,90512
[RESULT] 16,64,8,0.206665277,0.206094503,45256,33575,90512
[RESULT] 16,64,9,0.208687782,0.208071947,45256,33575,90512
[RESULT] 24,64,0,0.308336735,0.306976795,45565,33935,91130
[RESULT] 24,64,1,0.309378624,0.308025599,45565,33935,91130
[RESULT] 24,64,2,0.304392576,0.303019285,45565,33935,91130
[RESULT] 24,64,3,0.315941811,0.312994957,45565,33935,91130
[RESULT] 24,64,4,0.309359789,0.308016300,45565,33935,91130
[RESULT] 24,64,5,0.265381098,0.264021397,45565,33935,91130
[RESULT] 24,64,6,0.265357494,0.264016867,45565,33935,91130
[RESULT] 24,64,7,0.265375853,0.264026165,45565,33935,91130
[RESULT] 24,64,8,0.265374422,0.264012814,45565,33935,91130
[RESULT] 24,64,9,0.263828039,0.262440681,45565,33935,91130
[RESULT] 45,64,0,0.306604862,0.306021452,45311,33584,90622
[RESULT] 45,64,1,0.276393890,0.275032282,45311,33584,90622
[RESULT] 45,64,2,0.223370790,0.222784281,45311,33584,90622
[RESULT] 45,64,3,0.264632702,0.264046907,45311,33584,90622
[RESULT] 45,64,4,0.310466051,0.269873381,45311,33584,90622
[RESULT] 45,64,5,0.222599030,0.222022295,45311,33584,90622
[RESULT] 45,64,6,0.264598846,0.264025211,45311,33584,90622
[RESULT] 45,64,7,0.219606400,0.219033480,45311,33584,90622
[RESULT] 45,64,8,0.265609026,0.265027523,45311,33584,90622
[RESULT] 45,64,9,0.264633417,0.264046907,45311,33584,90622
[RESULT] 44,64,0,0.356216192,0.355031490,45402,33723,90804
[RESULT] 44,64,1,0.354240179,0.353030205,45402,33723,90804
[RESULT] 44,64,2,0.309240103,0.308036804,45402,33723,90804
[RESULT] 44,64,3,0.310066700,0.308016777,45402,33723,90804
[RESULT] 44,64,4,0.265218258,0.264028788,45402,33723,90804
[RESULT] 44,64,5,0.221221209,0.220023155,45402,33723,90804
[RESULT] 44,64,6,0.265197515,0.264023542,45402,33723,90804
[RESULT] 44,64,7,0.265133142,0.264022827,45402,33723,90804
[RESULT] 44,64,8,0.265010834,0.264015675,45402,33723,90804
[RESULT] 44,64,9,0.266062260,0.265036821,45402,33723,90804
[RESULT] 41,64,0,0.280604124,0.280015469,45419,33751,90838
[RESULT] 41,64,1,0.280591726,0.280019045,45419,33751,90838
[RESULT] 41,64,2,0.240560293,0.240016937,45419,33751,90838
[RESULT] 41,64,3,0.280571222,0.280023575,45419,33751,90838
[RESULT] 41,64,4,0.240575790,0.240023613,45419,33751,90838
[RESULT] 41,64,5,0.200571537,0.200020552,45419,33751,90838
[RESULT] 41,64,6,0.240544081,0.240018606,45419,33751,90838
[RESULT] 41,64,7,0.240544081,0.240018129,45419,33751,90838
[RESULT] 41,64,8,0.279544592,0.279017925,45419,33751,90838
[RESULT] 41,64,9,0.240561724,0.240025997,45419,33751,90838
[RESULT] 37,64,0,0.308639288,0.308036804,45363,33689,90726
[RESULT] 37,64,1,0.312699795,0.312048674,45363,33689,90726
[RESULT] 37,64,2,0.262770414,0.262048244,45363,33689,90726
[RESULT] 37,64,3,0.307607889,0.306033373,45363,33689,90726
[RESULT] 37,64,4,0.264704227,0.264050722,45363,33689,90726
[RESULT] 37,64,5,0.218770027,0.218045712,45363,33689,90726
[RESULT] 37,64,6,0.264657259,0.264034986,45363,33689,90726
[RESULT] 37,64,7,0.264630556,0.264027119,45363,33689,90726
[RESULT] 37,64,8,0.306624174,0.306014538,45363,33689,90726
[RESULT] 37,64,9,0.264711380,0.264101982,45363,33689,90726
[RESULT] 58,64,0,0.208582640,0.208004713,45373,33667,90746
[RESULT] 58,64,1,0.208581924,0.208002806,45373,33667,90746
[RESULT] 58,64,2,0.208582878,0.208002806,45373,33667,90746
[RESULT] 58,64,3,0.208569527,0.208003044,45373,33667,90746
[RESULT] 58,64,4,0.208564758,0.208004713,45373,33667,90746
[RESULT] 58,64,5,0.105683088,0.105124950,45373,33667,90746
[RESULT] 58,64,6,0.104678392,0.104112625,45373,33667,90746
[RESULT] 58,64,7,0.104672194,0.104110003,45373,33667,90746
[RESULT] 58,64,8,0.104674101,0.104117632,45373,33667,90746
[RESULT] 58,64,9,0.104715109,0.104140759,45373,33667,90746
[RESULT] 14,64,0,0.353333950,0.352022409,45261,33491,90522
[RESULT] 14,64,1,0.306330204,0.305034161,45261,33491,90522
[RESULT] 14,64,2,0.309319019,0.308021069,45261,33491,90522
[RESULT] 14,64,3,0.309250832,0.267062664,45261,33491,90522
[RESULT] 14,64,4,0.265285254,0.264021397,45261,33491,90522
[RESULT] 14,64,5,0.265283108,0.264007568,45261,33491,90522
[RESULT] 14,64,6,0.265228510,0.264013529,45261,33491,90522
[RESULT] 14,64,7,0.265973330,0.265166044,45261,33491,90522
[RESULT] 14,64,8,0.264800787,0.264008522,45261,33491,90522
[RESULT] 14,64,9,0.267940760,0.267172813,45261,33491,90522
[RESULT] 63,64,0,0.306606770,0.306025028,45414,33777,90828
[RESULT] 63,64,1,0.283597469,0.283027172,45414,33777,90828
[RESULT] 63,64,2,0.221421003,0.220075369,45414,33777,90828
[RESULT] 63,64,3,0.264626265,0.264040709,45414,33777,90828
[RESULT] 63,64,4,0.266657352,0.266071558,45414,33777,90828
[RESULT] 63,64,5,0.218603134,0.218023300,45414,33777,90828
[RESULT] 63,64,6,0.220619917,0.220041275,45414,33777,90828
[RESULT] 63,64,7,0.219604492,0.219022274,45414,33777,90828
[RESULT] 63,64,8,0.221628189,0.221026897,45414,33777,90828
[RESULT] 63,64,9,0.264670372,0.264074087,45414,33777,90828
[RESULT] 53,64,0,0.283249617,0.282700777,45375,33506,90750
[RESULT] 53,64,1,0.320489168,0.320018053,45375,33506,90750
[RESULT] 53,64,2,0.280487299,0.280017376,45375,33506,90750
[RESULT] 53,64,3,0.320511818,0.320028543,45375,33506,90750
[RESULT] 53,64,4,0.280487061,0.280016661,45375,33506,90750
[RESULT] 53,64,5,0.240487337,0.240006924,45375,33506,90750
[RESULT] 53,64,6,0.243255377,0.242731810,45375,33506,90750
[RESULT] 53,64,7,0.280485392,0.280015945,45375,33506,90750
[RESULT] 53,64,8,0.319488287,0.319017172,45375,33506,90750
[RESULT] 53,64,9,0.280524492,0.280029297,45375,33506,90750
[RESULT] 31,64,0,0.308730125,0.308062077,45342,33702,90684
[RESULT] 31,64,1,0.352743387,0.352041960,45342,33702,90684
[RESULT] 31,64,2,0.264677525,0.264075756,45342,33702,90684
[RESULT] 31,64,3,0.309634924,0.308030605,45342,33702,90684
[RESULT] 31,64,4,0.308646441,0.308038950,45342,33702,90684
[RESULT] 31,64,5,0.222851753,0.222108603,45342,33702,90684
[RESULT] 31,64,6,0.222744226,0.222054720,45342,33702,90684
[RESULT] 31,64,7,0.264629841,0.264014482,45342,33702,90684
[RESULT] 31,64,8,0.306618929,0.306026936,45342,33702,90684
[RESULT] 31,64,9,0.264717817,0.264114380,45342,33702,90684
[RESULT] 42,64,0,0.310376883,0.309019327,45387,33633,90774
[RESULT] 42,64,1,0.309396982,0.308026791,45387,33633,90774
[RESULT] 42,64,2,0.308398485,0.307021379,45387,33633,90774
[RESULT] 42,64,3,0.309904814,0.307010412,45387,33633,90774
[RESULT] 42,64,4,0.313392401,0.312021494,45387,33633,90774
[RESULT] 42,64,5,0.221414804,0.220025063,45387,33633,90774
[RESULT] 42,64,6,0.265414476,0.264036894,45387,33633,90774
[RESULT] 42,64,7,0.221405029,0.220025778,45387,33633,90774
[RESULT] 42,64,8,0.265398979,0.264019251,45387,33633,90774
[RESULT] 42,64,9,0.225423574,0.224035025,45387,33633,90774
[RESULT] 29,64,0,0.280635357,0.280040026,45254,33564,90508
[RESULT] 29,64,1,0.320635319,0.320047855,45254,33564,90508
[RESULT] 55,64,0,0.352750540,0.352042913,45302,33565,90604
[RESULT] 55,64,1,0.356637239,0.356040001,45302,33565,90604
[RESULT] 55,64,2,0.304751635,0.304046631,45302,33565,90604
[RESULT] 55,64,3,0.309565306,0.308028936,45302,33565,90604
[RESULT] 55,64,4,0.308761835,0.308049917,45302,33565,90604
[RESULT] 55,64,5,0.222688675,0.222037554,45302,33565,90604
[RESULT] 55,64,6,0.222731352,0.222039700,45302,33565,90604
[RESULT] 55,64,7,0.264621258,0.264020205,45302,33565,90604
[RESULT] 55,64,8,0.263359547,0.262763500,45302,33565,90604
[RESULT] 55,64,9,0.260684490,0.260089636,45302,33565,90604
[RESULT] 29,64,2,0.280602217,0.280042648,45254,33564,90508
[RESULT] 29,64,3,0.320596933,0.320039511,45254,33564,90508
[RESULT] 29,64,4,0.280593634,0.280042648,45254,33564,90508
[RESULT] 29,64,5,0.240576982,0.240018129,45254,33564,90508
[RESULT] 29,64,6,0.240592957,0.240047216,45254,33564,90508
[RESULT] 29,64,7,0.280582905,0.280045748,45254,33564,90508
[RESULT] 29,64,8,0.319576740,0.319045067,45254,33564,90508
[RESULT] 29,64,9,0.280626059,0.280056953,45254,33564,90508
[RESULT] 0,64,0,0.354388952,0.353013039,45253,33631,90506
[RESULT] 0,64,1,0.312419653,0.311034203,45253,33631,90506
[RESULT] 0,64,2,0.308383942,0.306996346,45253,33631,90506
[RESULT] 0,64,3,0.311858416,0.308933735,45253,33631,90506
[RESULT] 0,64,4,0.305382013,0.304014921,45253,33631,90506
[RESULT] 0,64,5,0.309368372,0.308006763,45253,33631,90506
[RESULT] 0,64,6,0.309381247,0.307997227,45253,33631,90506
[RESULT] 0,64,7,0.309333324,0.307952642,45253,33631,90506
[RESULT] 0,64,8,0.309419155,0.308017969,45253,33631,90506
[RESULT] 0,64,9,0.316904783,0.315502405,45253,33631,90506

Benchmark Summary
Processes: 64
Iterations: 10
Matrix NNZ: 2903837
Total execution time: 48.507 seconds
[RESULT] 57,64,0,0.310593605,0.310019970,45406,33785,90812
[RESULT] 57,64,1,0.307610989,0.307026625,45406,33785,90812
[RESULT] 57,64,2,0.265359402,0.264021635,45406,33785,90812
[RESULT] 57,64,3,0.308612108,0.308028936,45406,33785,90812
[RESULT] 57,64,4,0.306614876,0.306029797,45406,33785,90812
[RESULT] 57,64,5,0.218614340,0.218032837,45406,33785,90812
[RESULT] 57,64,6,0.220614195,0.220045090,45406,33785,90812
[RESULT] 57,64,7,0.219613075,0.219033241,45406,33785,90812
[RESULT] 57,64,8,0.223314047,0.222721577,45406,33785,90812
[RESULT] 57,64,9,0.264647007,0.264061213,45406,33785,90812
[RESULT] 32,64,0,0.384383202,0.383017540,45332,33699,90664
[RESULT] 32,64,1,0.354408026,0.353032351,45332,33699,90664
[RESULT] 32,64,2,0.353401184,0.352025509,45332,33699,90664
[RESULT] 32,64,3,0.310235977,0.308015823,45332,33699,90664
[RESULT] 32,64,4,0.308424473,0.267085075,45332,33699,90664
[RESULT] 32,64,5,0.221370697,0.220023870,45332,33699,90664
[RESULT] 32,64,6,0.265333176,0.264021635,45332,33699,90664
[RESULT] 32,64,7,0.265273809,0.264027834,45332,33699,90664
[RESULT] 32,64,8,0.264291525,0.223122835,45332,33699,90664
[RESULT] 32,64,9,0.266288996,0.265090704,45332,33699,90664
[RESULT] 59,64,0,0.280445576,0.280014515,45268,33573,90536
[RESULT] 59,64,1,0.280444145,0.280014992,45268,33573,90536
[RESULT] 59,64,2,0.240457296,0.240020752,45268,33573,90536
[RESULT] 59,64,3,0.320461988,0.320016861,45268,33573,90536
[RESULT] 59,64,4,0.280464172,0.280019045,45268,33573,90536
[RESULT] 59,64,5,0.240479231,0.240019798,45268,33573,90536
[RESULT] 59,64,6,0.240467072,0.240023613,45268,33573,90536
[RESULT] 59,64,7,0.280466318,0.280016422,45268,33573,90536
[RESULT] 59,64,8,0.319475889,0.319020033,45268,33573,90536
[RESULT] 59,64,9,0.280523062,0.280032635,45268,33573,90536
[RESULT] 43,64,0,0.308545828,0.267795801,45365,33634,90730
[RESULT] 43,64,1,0.296788931,0.296053171,45365,33634,90730
[RESULT] 43,64,2,0.262687445,0.262041807,45365,33634,90730
[RESULT] 43,64,3,0.266420603,0.264793396,45365,33634,90730
[RESULT] 43,64,4,0.264654636,0.264033794,45365,33634,90730
[RESULT] 43,64,5,0.174765587,0.174042702,45365,33634,90730
[RESULT] 43,64,6,0.216783524,0.216081142,45365,33634,90730
[RESULT] 43,64,7,0.223433018,0.222834110,45365,33634,90730
[RESULT] 43,64,8,0.266619444,0.266025782,45365,33634,90730
[RESULT] 43,64,9,0.240759134,0.240144968,45365,33634,90730
[RESULT] 52,64,0,0.311595917,0.311003685,45409,33727,90818
[RESULT] 52,64,1,0.313581467,0.312999249,45409,33727,90818
[RESULT] 52,64,2,0.312602997,0.311998129,45409,33727,90818
[RESULT] 52,64,3,0.316599846,0.316002369,45409,33727,90818
[RESULT] 52,64,4,0.312593699,0.311999083,45409,33727,90818
[RESULT] 52,64,5,0.209650993,0.209074736,45409,33727,90818
[RESULT] 52,64,6,0.208657503,0.208065987,45409,33727,90818
[RESULT] 52,64,7,0.208672285,0.208087206,45409,33727,90818
[RESULT] 52,64,8,0.210645199,0.210052967,45409,33727,90818
[RESULT] 52,64,9,0.208701372,0.208107948,45409,33727,90818
[RESULT] 54,64,0,0.310391188,0.309019089,45455,33784,90910
[RESULT] 54,64,1,0.309400320,0.308019400,45455,33784,90910
[RESULT] 54,64,2,0.308403254,0.307028294,45455,33784,90910
[RESULT] 54,64,3,0.309947729,0.307013988,45455,33784,90910
[RESULT] 54,64,4,0.309406519,0.308023691,45455,33784,90910
[RESULT] 54,64,5,0.265379190,0.264022350,45455,33784,90910
[RESULT] 54,64,6,0.265393257,0.264026403,45455,33784,90910
[RESULT] 54,64,7,0.265389204,0.264018059,45455,33784,90910
[RESULT] 54,64,8,0.308358908,0.266917706,45455,33784,90910
[RESULT] 54,64,9,0.268465042,0.267052889,45455,33784,90910
[RESULT] 39,64,0,0.309473038,0.308869839,45560,33921,91120
[RESULT] 39,64,1,0.307627916,0.307031155,45560,33921,91120
[RESULT] 39,64,2,0.265410185,0.264059067,45560,33921,91120
[RESULT] 39,64,3,0.308623075,0.308022976,45560,33921,91120
[RESULT] 39,64,4,0.310654879,0.310061932,45560,33921,91120
[RESULT] 39,64,5,0.240432978,0.239832401,45560,33921,91120
[RESULT] 39,64,6,0.264634371,0.264040947,45560,33921,91120
[RESULT] 39,64,7,0.259623766,0.259028196,45560,33921,91120
[RESULT] 39,64,8,0.265633345,0.265038967,45560,33921,91120
[RESULT] 39,64,9,0.308747768,0.308133364,45560,33921,91120
[RESULT] 51,64,0,0.354604244,0.354015112,45372,33704,90744
[RESULT] 51,64,1,0.311600208,0.311020851,45372,33704,90744
[RESULT] 51,64,2,0.309373856,0.308022261,45372,33704,90744
[RESULT] 51,64,3,0.309469938,0.308871746,45372,33704,90744
[RESULT] 51,64,4,0.350606441,0.350018740,45372,33704,90744
[RESULT] 51,64,5,0.262600422,0.262023211,45372,33704,90744
[RESULT] 51,64,6,0.264608383,0.264029503,45372,33704,90744
[RESULT] 51,64,7,0.267635822,0.267057180,45372,33704,90744
[RESULT] 51,64,8,0.265605450,0.265026331,45372,33704,90744
[RESULT] 51,64,9,0.308725357,0.308127165,45372,33704,90744
[RESULT] 50,64,0,0.405371666,0.404022694,45350,33556,90700
[RESULT] 50,64,1,0.354381561,0.353024006,45350,33556,90700
[RESULT] 50,64,2,0.353354692,0.352021456,45350,33556,90700
[RESULT] 50,64,3,0.353330851,0.311126709,45350,33556,90700
[RESULT] 50,64,4,0.309327602,0.308015347,45350,33556,90700
[RESULT] 50,64,5,0.264402151,0.223089457,45350,33556,90700
[RESULT] 50,64,6,0.265275955,0.264026403,45350,33556,90700
[RESULT] 50,64,7,0.309127092,0.308004379,45350,33556,90700
[RESULT] 50,64,8,0.265117645,0.264018297,45350,33556,90700
[RESULT] 50,64,9,0.311303377,0.310178041,45350,33556,90700
[RESULT] 49,64,0,0.352632999,0.352031469,45324,33673,90648
[RESULT] 49,64,1,0.353422165,0.352783203,45324,33673,90648
[RESULT] 49,64,2,0.304628134,0.303982735,45324,33673,90648
[RESULT] 49,64,3,0.352576256,0.351029396,45324,33673,90648
[RESULT] 49,64,4,0.309503317,0.308786869,45324,33673,90648
[RESULT] 49,64,5,0.223382711,0.222774267,45324,33673,90648
[RESULT] 49,64,6,0.262711048,0.262042522,45324,33673,90648
[RESULT] 49,64,7,0.308642387,0.308022022,45324,33673,90648
[RESULT] 49,64,8,0.310610294,0.310026407,45324,33673,90648
[RESULT] 49,64,9,0.312632799,0.312031269,45324,33673,90648
[RESULT] 38,64,0,0.356386662,0.355031252,45260,33458,90520
[RESULT] 38,64,1,0.354402781,0.353024006,45260,33458,90520
[RESULT] 38,64,2,0.352482557,0.311125040,45260,33458,90520
[RESULT] 38,64,3,0.310174942,0.307974339,45260,33458,90520
[RESULT] 38,64,4,0.309350967,0.308026552,45260,33458,90520
[RESULT] 38,64,5,0.221358776,0.220024109,45260,33458,90520
[RESULT] 38,64,6,0.265324116,0.264018297,45260,33458,90520
[RESULT] 38,64,7,0.309286118,0.308013916,45260,33458,90520
[RESULT] 38,64,8,0.265273333,0.264024019,45260,33458,90520
[RESULT] 38,64,9,0.303467989,0.302175283,45260,33458,90520
[RESULT] 36,64,0,0.318395376,0.317016840,45454,33751,90908
[RESULT] 36,64,1,0.353401661,0.352016211,45454,33751,90908
[RESULT] 36,64,2,0.308402300,0.306998730,45454,33751,90908
[RESULT] 36,64,3,0.309924364,0.307006836,45454,33751,90908
[RESULT] 36,64,4,0.352344513,0.310961246,45454,33751,90908
[RESULT] 36,64,5,0.221398115,0.220023394,45454,33751,90908
[RESULT] 36,64,6,0.265407562,0.264020681,45454,33751,90908
[RESULT] 36,64,7,0.265399694,0.264017582,45454,33751,90908
[RESULT] 36,64,8,0.265410662,0.264028311,45454,33751,90908
[RESULT] 36,64,9,0.264502287,0.263049126,45454,33751,90908
[RESULT] 47,64,0,0.240536213,0.240014076,45387,33737,90774
[RESULT] 47,64,1,0.240512848,0.240019083,45387,33737,90774
[RESULT] 47,64,2,0.200501204,0.200022459,45387,33737,90774
[RESULT] 47,64,3,0.240511179,0.240028381,45387,33737,90774
[RESULT] 47,64,4,0.240495205,0.240017891,45387,33737,90774
[RESULT] 47,64,5,0.200506210,0.200019836,45387,33737,90774
[RESULT] 47,64,6,0.200492382,0.200017214,45387,33737,90774
[RESULT] 47,64,7,0.200522900,0.200042009,45387,33737,90774
[RESULT] 47,64,8,0.239480019,0.239024162,45387,33737,90774
[RESULT] 47,64,9,0.240547180,0.240031958,45387,33737,90774
[RESULT] 40,64,0,0.211664915,0.211055517,45299,33642,90598
[RESULT] 40,64,1,0.208637953,0.208040953,45299,33642,90598
[RESULT] 40,64,2,0.208695173,0.208085060,45299,33642,90598
[RESULT] 40,64,3,0.208649158,0.208049774,45299,33642,90598
[RESULT] 40,64,4,0.208690882,0.208087444,45299,33642,90598
[RESULT] 40,64,5,0.209623098,0.209032774,45299,33642,90598
[RESULT] 40,64,6,0.208629847,0.208035469,45299,33642,90598
[RESULT] 40,64,7,0.208666325,0.208065510,45299,33642,90598
[RESULT] 40,64,8,0.210640192,0.210029840,45299,33642,90598
[RESULT] 40,64,9,0.208657026,0.208009481,45299,33642,90598
[RESULT] 60,64,0,0.354269505,0.353016853,45363,33624,90726
[RESULT] 60,64,1,0.309288502,0.308022261,45363,33624,90726
[RESULT] 60,64,2,0.308264971,0.307021856,45363,33624,90726
[RESULT] 60,64,3,0.269850254,0.267011881,45363,33624,90726
[RESULT] 60,64,4,0.309266806,0.308022976,45363,33624,90726
[RESULT] 60,64,5,0.221266985,0.220019817,45363,33624,90726
[RESULT] 60,64,6,0.265286922,0.264024734,45363,33624,90726
[RESULT] 60,64,7,0.265285969,0.264022827,45363,33624,90726
[RESULT] 60,64,8,0.265282869,0.264022589,45363,33624,90726
[RESULT] 60,64,9,0.264480591,0.263192177,45363,33624,90726
[RESULT] 56,64,0,0.396317959,0.395025015,45394,33768,90788
[RESULT] 56,64,1,0.310330868,0.309023857,45394,33768,90788
[RESULT] 56,64,2,0.309291601,0.307996273,45394,33768,90788
[RESULT] 56,64,3,0.310163498,0.308013916,45394,33768,90788
[RESULT] 56,64,4,0.309301376,0.308025599,45394,33768,90788
[RESULT] 56,64,5,0.221301556,0.220022440,45394,33768,90788
[RESULT] 56,64,6,0.265302896,0.264022827,45394,33768,90788
[RESULT] 56,64,7,0.266189814,0.265091181,45394,33768,90788
[RESULT] 56,64,8,0.265057087,0.264023781,45394,33768,90788
[RESULT] 56,64,9,0.312746763,0.267095089,45394,33768,90788
[RESULT] 30,64,0,0.354383469,0.353016615,45458,33758,90916
[RESULT] 30,64,1,0.309410572,0.308019638,45458,33758,90916
[RESULT] 30,64,2,0.308410645,0.307019949,45458,33758,90916
[RESULT] 30,64,3,0.309908390,0.307003736,45458,33758,90916
[RESULT] 30,64,4,0.309406996,0.308022261,45458,33758,90916
[RESULT] 30,64,5,0.221406221,0.220020056,45458,33758,90916
[RESULT] 30,64,6,0.265393734,0.264017105,45458,33758,90916
[RESULT] 30,64,7,0.222434759,0.221034527,45458,33758,90916
[RESULT] 30,64,8,0.265393019,0.264009476,45458,33758,90916
[RESULT] 30,64,9,0.268904209,0.267457247,45458,33758,90916
[RESULT] 46,64,0,0.104681015,0.104118109,45325,33564,90650
[RESULT] 46,64,1,0.104687691,0.104124546,45325,33564,90650
[RESULT] 46,64,2,0.104689360,0.104122877,45325,33564,90650
[RESULT] 46,64,3,0.104665041,0.104107857,45325,33564,90650
[RESULT] 46,64,4,0.104659796,0.104110241,45325,33564,90650
[RESULT] 46,64,5,0.205567837,0.205004215,45325,33564,90650
[RESULT] 46,64,6,0.208601713,0.208037853,45325,33564,90650
[RESULT] 46,64,7,0.208587885,0.208006620,45325,33564,90650
[RESULT] 46,64,8,0.210575104,0.210014820,45325,33564,90650
[RESULT] 46,64,9,0.208626270,0.208006144,45325,33564,90650
[RESULT] 34,64,0,0.208584070,0.208008289,45602,33915,91204
[RESULT] 34,64,1,0.208588123,0.208024502,45602,33915,91204
[RESULT] 34,64,2,0.208587885,0.208007812,45602,33915,91204
[RESULT] 34,64,3,0.208609343,0.208040476,45602,33915,91204
[RESULT] 34,64,4,0.208568573,0.208002567,45602,33915,91204
[RESULT] 34,64,5,0.105895996,0.105306864,45602,33915,91204
[RESULT] 34,64,6,0.208559513,0.208003998,45602,33915,91204
[RESULT] 34,64,7,0.208580732,0.208005428,45602,33915,91204
[RESULT] 34,64,8,0.208557606,0.208001614,45602,33915,91204
[RESULT] 34,64,9,0.204603910,0.204020262,45602,33915,91204
