Retrieving the matrix from '../data/tmt_sym.mtx'...
Real Matrix (Strong Scaling): Rows=726713 | Cols=726713 | NNZ=2903837 | Procs=128
Matrix distributed and converted to CSR
Ghost columns identified: 16858 total ghost values needed
Local vector initialized (size=5678 per process)
[RESULT] 29,128,0,0.588361979,0.588022947,22647,16882,45294
[RESULT] 29,128,1,0.588361025,0.588016272,22647,16882,45294
[RESULT] 29,128,2,0.504386663,0.504046679,22647,16882,45294
[RESULT] 29,128,3,0.588360310,0.588024378,22647,16882,45294
[RESULT] 29,128,4,0.587370157,0.587025404,22647,16882,45294
[RESULT] 29,128,5,0.589399815,0.589053869,22647,16882,45294
[RESULT] 29,128,6,0.673049927,0.672041655,22647,16882,45294
[RESULT] 29,128,7,0.671342850,0.671014071,22647,16882,45294
[RESULT] 29,128,8,0.589354515,0.589024544,22647,16882,45294
[RESULT] 29,128,9,0.671365499,0.671040773,22647,16882,45294
[RESULT] 32,128,0,0.588367939,0.588056087,22646,16906,45292
[RESULT] 32,128,1,0.756333113,0.756034851,22646,16906,45292
[RESULT] 32,128,2,0.672333956,0.672034979,22646,16906,45292
[RESULT] 32,128,3,0.753355265,0.753051758,22646,16906,45292
[RESULT] 32,128,4,0.506342173,0.506040573,22646,16906,45292
[RESULT] 32,128,5,0.678349972,0.678057432,22646,16906,45292
[RESULT] 32,128,6,0.671968460,0.671019554,22646,16906,45292
[RESULT] 32,128,7,0.672308445,0.672017574,22646,16906,45292
[RESULT] 32,128,8,0.588314533,0.588023186,22646,16906,45292
[RESULT] 32,128,9,0.673355341,0.673074007,22646,16906,45292
[RESULT] 30,128,0,0.621383667,0.621057749,22782,17012,45564
[RESULT] 30,128,1,0.607355356,0.607019424,22782,17012,45564
[RESULT] 30,128,2,0.610353470,0.610028267,22782,17012,45564
[RESULT] 30,128,3,0.686336517,0.686022758,22782,17012,45564
[RESULT] 30,128,4,0.687367439,0.687023640,22782,17012,45564
[RESULT] 30,128,5,0.617383718,0.617064238,22782,17012,45564
[RESULT] 30,128,6,0.754356146,0.754035950,22782,17012,45564
[RESULT] 30,128,7,0.680402756,0.680066824,22782,17012,45564
[RESULT] 30,128,8,0.570372105,0.570057869,22782,17012,45564
[RESULT] 30,128,9,0.622049570,0.621033192,22782,17012,45564
[RESULT] 34,128,0,0.592344999,0.592005491,22832,17080,45664
[RESULT] 34,128,1,0.592324018,0.591992378,22832,17080,45664
[RESULT] 34,128,2,0.593444586,0.593106031,22832,17080,45664
[RESULT] 34,128,3,0.590346813,0.590005636,22832,17080,45664
[RESULT] 34,128,4,0.590378284,0.590002537,22832,17080,45664
[RESULT] 34,128,5,0.592654705,0.592329264,22832,17080,45664
[RESULT] 34,128,6,0.593649864,0.593324423,22832,17080,45664
[RESULT] 34,128,7,0.592676878,0.592339993,22832,17080,45664
[RESULT] 34,128,8,0.590689421,0.590340137,22832,17080,45664
[RESULT] 34,128,9,0.593677759,0.593341827,22832,17080,45664
[RESULT] 35,128,0,0.588355303,0.588019609,22588,16801,45176
[RESULT] 35,128,1,0.588365316,0.588019848,22588,16801,45176
[RESULT] 35,128,2,0.504369974,0.504026651,22588,16801,45176
[RESULT] 35,128,3,0.588355780,0.588020563,22588,16801,45176
[RESULT] 35,128,4,0.591351748,0.591018915,22588,16801,45176
[RESULT] 35,128,5,0.585376978,0.585046530,22588,16801,45176
[RESULT] 35,128,6,0.673049927,0.672041655,22588,16801,45176
[RESULT] 35,128,7,0.675371885,0.675042391,22588,16801,45176
[RESULT] 35,128,8,0.589365721,0.589039087,22588,16801,45176
[RESULT] 35,128,9,0.671393633,0.671066284,22588,16801,45176
[RESULT] 26,128,0,0.588359833,0.588047981,22629,16855,45258
[RESULT] 26,128,1,0.756345987,0.756042242,22629,16855,45258
[RESULT] 26,128,2,0.672368050,0.672073364,22629,16855,45258
[RESULT] 26,128,3,0.841323853,0.841020346,22629,16855,45258
[RESULT] 26,128,4,0.586984396,0.586031437,22629,16855,45258
[RESULT] 26,128,5,0.750342607,0.750047445,22629,16855,45258
[RESULT] 26,128,6,0.755319118,0.755019426,22629,16855,45258
[RESULT] 26,128,7,0.756319523,0.756024599,22629,16855,45258
[RESULT] 26,128,8,0.668319464,0.668032885,22629,16855,45258
[RESULT] 26,128,9,0.753340960,0.753051043,22629,16855,45258
[RESULT] 24,128,0,0.695347786,0.695020199,22721,16983,45442
[RESULT] 24,128,1,0.695351124,0.695018291,22721,16983,45442
[RESULT] 24,128,2,0.719312191,0.633969784,22721,16983,45442
[RESULT] 24,128,3,0.702340841,0.702020168,22721,16983,45442
[RESULT] 24,128,4,0.711348534,0.711023808,22721,16983,45442
[RESULT] 24,128,5,0.713376522,0.713055611,22721,16983,45442
[RESULT] 24,128,6,0.786345005,0.786022186,22721,16983,45442
[RESULT] 24,128,7,0.707354784,0.707037210,22721,16983,45442
[RESULT] 24,128,8,0.611302376,0.610975742,22721,16983,45442
[RESULT] 24,128,9,0.686110497,0.685088396,22721,16983,45442
[RESULT] 33,128,0,0.672355652,0.672027588,22625,16851,45250
[RESULT] 33,128,1,0.672365427,0.672036409,22625,16851,45250
[RESULT] 33,128,2,0.586349249,0.586017609,22625,16851,45250
[RESULT] 33,128,3,0.588372946,0.588040590,22625,16851,45250
[RESULT] 33,128,4,0.596420050,0.596104860,22625,16851,45250
[RESULT] 33,128,5,0.671069384,0.670024872,22625,16851,45250
[RESULT] 33,128,6,0.670366526,0.670030594,22625,16851,45250
[RESULT] 33,128,7,0.588442802,0.588109255,22625,16851,45250
[RESULT] 33,128,8,0.590360641,0.590032339,22625,16851,45250
[RESULT] 33,128,9,0.672358990,0.672053814,22625,16851,45250
[RESULT] 37,128,0,0.616368055,0.616039991,22652,16892,45304
[RESULT] 37,128,1,0.615408421,0.615046263,22652,16892,45304
[RESULT] 37,128,2,0.528437853,0.528092146,22652,16892,45304
[RESULT] 37,128,3,0.616350174,0.616032839,22652,16892,45304
[RESULT] 37,128,4,0.616320372,0.616020918,22652,16892,45304
[RESULT] 37,128,5,0.612419844,0.612102985,22652,16892,45304
[RESULT] 37,128,6,0.620420456,0.620090246,22652,16892,45304
[RESULT] 37,128,7,0.528421402,0.528097868,22652,16892,45304
[RESULT] 37,128,8,0.528519154,0.528205872,22652,16892,45304
[RESULT] 37,128,9,0.621217728,0.620104551,22652,16892,45304
[RESULT] 23,128,0,0.588340759,0.588021755,22719,16950,45438
[RESULT] 23,128,1,0.588338852,0.588019133,22719,16950,45438
[RESULT] 23,128,2,0.504364967,0.504042864,22719,16950,45438
[RESULT] 23,128,3,0.584334612,0.584017038,22719,16950,45438
[RESULT] 23,128,4,0.591333151,0.591012001,22719,16950,45438
[RESULT] 23,128,5,0.585375786,0.585055351,22719,16950,45438
[RESULT] 23,128,6,0.589016676,0.588015556,22719,16950,45438
[RESULT] 23,128,7,0.503369093,0.503054380,22719,16950,45438
[RESULT] 23,128,8,0.421377182,0.421059608,22719,16950,45438
[RESULT] 23,128,9,0.671380281,0.671055317,22719,16950,45438
[RESULT] 36,128,0,0.606384039,0.606062412,22730,16971,45460
[RESULT] 36,128,1,0.617358685,0.617046833,22730,16971,45460
[RESULT] 36,128,2,0.666361570,0.666043282,22730,16971,45460
[RESULT] 36,128,3,0.696922302,0.696607351,22730,16971,45460
[RESULT] 36,128,4,0.699339867,0.699022055,22730,16971,45460
[RESULT] 36,128,5,0.697355509,0.697030067,22730,16971,45460
[RESULT] 36,128,6,0.794356823,0.794038296,22730,16971,45460
[RESULT] 36,128,7,0.707368851,0.707048178,22730,16971,45460
[RESULT] 36,128,8,0.620378733,0.620059967,22730,16971,45460
[RESULT] 36,128,9,0.654066801,0.653025866,22730,16971,45460
[RESULT] 38,128,0,0.588331938,0.588020325,22658,16847,45316
[RESULT] 38,128,1,0.752321959,0.752012968,22658,16847,45316
[RESULT] 38,128,2,0.672323465,0.672018528,22658,16847,45316
[RESULT] 38,128,3,0.757328749,0.757020473,22658,16847,45316
[RESULT] 38,128,4,0.531084061,0.530097008,22658,16847,45316
[RESULT] 38,128,5,0.756317616,0.756021976,22658,16847,45316
[RESULT] 38,128,6,0.671390295,0.671085358,22658,16847,45316
[RESULT] 38,128,7,0.672335148,0.672041893,22658,16847,45316
[RESULT] 38,128,8,0.672345877,0.672050953,22658,16847,45316
[RESULT] 38,128,9,0.757334232,0.757034540,22658,16847,45316
[RESULT] 39,128,0,0.672409296,0.672073364,22761,17001,45522
[RESULT] 39,128,1,0.756387711,0.756045818,22761,17001,45522
[RESULT] 39,128,2,0.586448431,0.586114883,22761,17001,45522
[RESULT] 39,128,3,0.672391891,0.672052383,22761,17001,45522
[RESULT] 39,128,4,0.597413778,0.597089767,22761,17001,45522
[RESULT] 39,128,5,0.675086260,0.674048901,22761,17001,45522
[RESULT] 39,128,6,0.590421915,0.590089083,22761,17001,45522
[RESULT] 39,128,7,0.588421345,0.588079929,22761,17001,45522
[RESULT] 39,128,8,0.502449751,0.502112150,22761,17001,45522
[RESULT] 39,128,9,0.672360659,0.672044754,22761,17001,45522
[RESULT] 25,128,0,0.621450424,0.621086597,22693,16942,45386
[RESULT] 25,128,1,0.700389624,0.700067282,22693,16942,45386
[RESULT] 25,128,2,0.620392799,0.620060682,22693,16942,45386
[RESULT] 25,128,3,0.700345278,0.700026989,22693,16942,45386
[RESULT] 25,128,4,0.707326889,0.707023144,22693,16942,45386
[RESULT] 25,128,5,0.704462051,0.704098463,22693,16942,45386
[RESULT] 25,128,6,0.704396009,0.704081059,22693,16942,45386
[RESULT] 25,128,7,0.616427183,0.616095304,22693,16942,45386
[RESULT] 25,128,8,0.616374254,0.616047382,22693,16942,45386
[RESULT] 25,128,9,0.701168537,0.700051546,22693,16942,45386
[RESULT] 27,128,0,0.756357670,0.756029367,22708,16947,45416
[RESULT] 27,128,1,0.756360054,0.756033421,22708,16947,45416
[RESULT] 27,128,2,0.586435795,0.586105824,22708,16947,45416
[RESULT] 27,128,3,0.672370911,0.672036409,22708,16947,45416
[RESULT] 27,128,4,0.674043894,0.673064232,22708,16947,45416
[RESULT] 27,128,5,0.671460390,0.671123743,22708,16947,45416
[RESULT] 27,128,6,0.670387983,0.670061350,22708,16947,45416
[RESULT] 27,128,7,0.672384977,0.672045708,22708,16947,45416
[RESULT] 27,128,8,0.586380959,0.586051226,22708,16947,45416
[RESULT] 27,128,9,0.757045507,0.756719112,22708,16947,45416
[RESULT] 40,128,0,0.444540024,0.444209099,22701,16966,45402
[RESULT] 40,128,1,0.444565773,0.444232702,22701,16966,45402
[RESULT] 40,128,2,0.593392134,0.593052149,22701,16966,45402
[RESULT] 40,128,3,0.448592424,0.448262691,22701,16966,45402
[RESULT] 40,128,4,0.448437691,0.448092222,22701,16966,45402
[RESULT] 40,128,5,0.596389055,0.596056700,22701,16966,45402
[RESULT] 40,128,6,0.593397856,0.593071699,22701,16966,45402
[RESULT] 40,128,7,0.592409372,0.592073679,22701,16966,45402
[RESULT] 40,128,8,0.594548941,0.594217777,22701,16966,45402
[RESULT] 40,128,9,0.589554548,0.589218140,22701,16966,45402
[RESULT] 31,128,0,0.616396189,0.616050005,22681,16936,45362
[RESULT] 31,128,1,0.616436958,0.616094351,22681,16936,45362
[RESULT] 31,128,2,0.530051708,0.529725075,22681,16936,45362
[RESULT] 31,128,3,0.648347378,0.648028135,22681,16936,45362
[RESULT] 31,128,4,0.707326651,0.707022190,22681,16936,45362
[RESULT] 31,128,5,0.704435110,0.704079628,22681,16936,45362
[RESULT] 31,128,6,0.588456154,0.588098049,22681,16936,45362
[RESULT] 31,128,7,0.528444052,0.528105497,22681,16936,45362
[RESULT] 31,128,8,0.528417587,0.528050423,22681,16936,45362
[RESULT] 31,128,9,0.637228489,0.636108637,22681,16936,45362
[RESULT] 44,128,0,0.588778734,0.588023663,22638,16888,45276
[RESULT] 44,128,1,0.756767988,0.756016970,22638,16888,45276
[RESULT] 44,128,2,0.672772884,0.672022820,22638,16888,45276
[RESULT] 44,128,3,0.757763147,0.757025480,22638,16888,45276
[RESULT] 44,128,4,0.511079073,0.508055687,22638,16888,45276
[RESULT] 44,128,5,0.678386211,0.678081036,22638,16888,45276
[RESULT] 44,128,6,0.671347618,0.671036005,22638,16888,45276
[RESULT] 44,128,7,0.672328472,0.672029018,22638,16888,45276
[RESULT] 44,128,8,0.672311544,0.672014952,22638,16888,45276
[RESULT] 44,128,9,0.757335663,0.757040024,22638,16888,45276
[RESULT] 15,128,0,0.672403097,0.672079563,22707,16961,45414
[RESULT] 15,128,1,0.672414064,0.672074556,22707,16961,45414
[RESULT] 15,128,2,0.590361595,0.590039015,22707,16961,45414
[RESULT] 15,128,3,0.672410727,0.672052622,22707,16961,45414
[RESULT] 15,128,4,0.757077456,0.676744699,22707,16961,45414
[RESULT] 15,128,5,0.754374266,0.754036665,22707,16961,45414
[RESULT] 15,128,6,0.755051613,0.754017115,22707,16961,45414
[RESULT] 15,128,7,0.756366491,0.756031513,22707,16961,45414
[RESULT] 15,128,8,0.586385965,0.586052895,22707,16961,45414
[RESULT] 15,128,9,0.758062601,0.757740259,22707,16961,45414
[RESULT] 17,128,0,0.588401794,0.588057041,22774,17013,45548
[RESULT] 17,128,1,0.588375568,0.588038206,22774,17013,45548
[RESULT] 17,128,2,0.504357100,0.504024029,22774,17013,45548
[RESULT] 17,128,3,0.588377476,0.588042498,22774,17013,45548
[RESULT] 17,128,4,0.671348810,0.671018124,22774,17013,45548
[RESULT] 17,128,5,0.673355341,0.673018694,22774,17013,45548
[RESULT] 17,128,6,0.673030138,0.672010899,22774,17013,45548
[RESULT] 17,128,7,0.671354532,0.671020508,22774,17013,45548
[RESULT] 17,128,8,0.525343180,0.525019407,22774,17013,45548
[RESULT] 17,128,9,0.755350590,0.755016804,22774,17013,45548
[RESULT] 1,128,0,0.709313393,0.708994627,22766,17012,45532
[RESULT] 1,128,1,0.792335033,0.791968107,22766,17012,45532
[RESULT] 1,128,2,0.612399340,0.612039804,22766,17012,45532
[RESULT] 1,128,3,0.708292007,0.707980394,22766,17012,45532
[RESULT] 1,128,4,0.792306423,0.792005539,22766,17012,45532
[RESULT] 1,128,5,0.793967724,0.793627739,22766,17012,45532
[RESULT] 1,128,6,0.792346001,0.792012691,22766,17012,45532
[RESULT] 1,128,7,0.705034256,0.704663992,22766,17012,45532
[RESULT] 1,128,8,0.704300642,0.703982115,22766,17012,45532
[RESULT] 1,128,9,0.808917522,0.807807207,22766,17012,45532
[RESULT] 46,128,0,0.444401026,0.444080591,22640,16862,45280
[RESULT] 46,128,1,0.444406986,0.444081545,22640,16862,45280
[RESULT] 46,128,2,0.593400717,0.593063593,22640,16862,45280
[RESULT] 46,128,3,0.444408894,0.444069624,22640,16862,45280
[RESULT] 46,128,4,0.440587759,0.440254927,22640,16862,45280
[RESULT] 46,128,5,0.596375227,0.596043348,22640,16862,45280
[RESULT] 46,128,6,0.593390942,0.593071699,22640,16862,45280
[RESULT] 46,128,7,0.592421532,0.592080832,22640,16862,45280
[RESULT] 46,128,8,0.594560146,0.594225645,22640,16862,45280
[RESULT] 46,128,9,0.593565464,0.593233824,22640,16862,45280
[RESULT] 13,128,0,0.701362610,0.701049328,22674,16897,45348
[RESULT] 13,128,1,0.616367817,0.616052628,22674,16897,45348
[RESULT] 13,128,2,0.524488449,0.524134398,22674,16897,45348
[RESULT] 13,128,3,0.620344400,0.620028973,22674,16897,45348
[RESULT] 13,128,4,0.704327345,0.704025745,22674,16897,45348
[RESULT] 13,128,5,0.792412996,0.792047739,22674,16897,45348
[RESULT] 13,128,6,0.704393625,0.704055071,22674,16897,45348
[RESULT] 13,128,7,0.700406075,0.700048447,22674,16897,45348
[RESULT] 13,128,8,0.531440258,0.531102419,22674,16897,45348
[RESULT] 13,128,9,0.797208071,0.796113491,22674,16897,45348
[RESULT] 18,128,0,0.621401548,0.621060848,22672,16865,45344
[RESULT] 18,128,1,0.641354322,0.641027212,22672,16865,45344
[RESULT] 18,128,2,0.582349300,0.582026005,22672,16865,45344
[RESULT] 18,128,3,0.654349566,0.654025555,22672,16865,45344
[RESULT] 18,128,4,0.711352110,0.711028576,22672,16865,45344
[RESULT] 18,128,5,0.795346022,0.795020819,22672,16865,45344
[RESULT] 18,128,6,0.794356108,0.794027567,22672,16865,45344
[RESULT] 18,128,7,0.722358227,0.722026587,22672,16865,45344
[RESULT] 18,128,8,0.628343344,0.628021479,22672,16865,45344
[RESULT] 18,128,9,0.626098156,0.625040770,22672,16865,45344
[RESULT] 57,128,0,0.672361851,0.672035456,22721,16981,45442
[RESULT] 57,128,1,0.672372341,0.672039747,22721,16981,45442
[RESULT] 57,128,2,0.586359501,0.586032391,22721,16981,45442
[RESULT] 57,128,3,0.672376156,0.672041416,22721,16981,45442
[RESULT] 57,128,4,0.658132792,0.657129526,22721,16981,45442
[RESULT] 57,128,5,0.670403242,0.670067787,22721,16981,45442
[RESULT] 57,128,6,0.674400568,0.674069643,22721,16981,45442
[RESULT] 57,128,7,0.672363281,0.672029018,22721,16981,45442
[RESULT] 57,128,8,0.626376629,0.626036644,22721,16981,45442
[RESULT] 57,128,9,0.672388554,0.672079802,22721,16981,45442
[RESULT] 58,128,0,0.592570066,0.592239857,22624,16865,45248
[RESULT] 58,128,1,0.592618704,0.592284918,22624,16865,45248
[RESULT] 58,128,2,0.737402678,0.737066507,22624,16865,45248
[RESULT] 58,128,3,0.596639872,0.596299648,22624,16865,45248
[RESULT] 58,128,4,0.734346390,0.734009981,22624,16865,45248
[RESULT] 58,128,5,0.596584320,0.596257448,22624,16865,45248
[RESULT] 58,128,6,0.593542337,0.593216181,22624,16865,45248
[RESULT] 58,128,7,0.592573881,0.592240810,22624,16865,45248
[RESULT] 58,128,8,0.594578743,0.594244242,22624,16865,45248
[RESULT] 58,128,9,0.593601465,0.593266249,22624,16865,45248
[RESULT] 11,128,0,0.672355890,0.672014475,22683,16922,45366
[RESULT] 11,128,1,0.588388920,0.588047028,22683,16922,45366
[RESULT] 11,128,2,0.504364491,0.504035711,22683,16922,45366
[RESULT] 11,128,3,0.588370085,0.588046551,22683,16922,45366
[RESULT] 11,128,4,0.671344280,0.671020985,22683,16922,45366
[RESULT] 11,128,5,0.673352480,0.673021793,22683,16922,45366
[RESULT] 11,128,6,0.757017612,0.756005526,22683,16922,45366
[RESULT] 11,128,7,0.751353502,0.751021862,22683,16922,45366
[RESULT] 11,128,8,0.589368820,0.589043856,22683,16922,45366
[RESULT] 11,128,9,0.755379200,0.755039215,22683,16922,45366
[RESULT] 19,128,0,0.701392174,0.701060772,22650,16898,45300
[RESULT] 19,128,1,0.616387606,0.616072178,22650,16898,45300
[RESULT] 19,128,2,0.528419733,0.528095961,22650,16898,45300
[RESULT] 19,128,3,0.616353750,0.616042852,22650,16898,45300
[RESULT] 19,128,4,0.704318762,0.704014540,22650,16898,45300
[RESULT] 19,128,5,0.792370081,0.792053699,22650,16898,45300
[RESULT] 19,128,6,0.704425573,0.704060555,22650,16898,45300
[RESULT] 19,128,7,0.708352327,0.708042860,22650,16898,45300
[RESULT] 19,128,8,0.528415918,0.528101206,22650,16898,45300
[RESULT] 19,128,9,0.797493696,0.796372414,22650,16898,45300
[RESULT] 21,128,0,0.672375202,0.672039986,22637,16842,45274
[RESULT] 21,128,1,0.672388792,0.672045231,22637,16842,45274
[RESULT] 21,128,2,0.590407372,0.590059280,22637,16842,45274
[RESULT] 21,128,3,0.672388077,0.672050238,22637,16842,45274
[RESULT] 21,128,4,0.669346571,0.669023991,22637,16842,45274
[RESULT] 21,128,5,0.755055904,0.754038334,22637,16842,45274
[RESULT] 21,128,6,0.754372597,0.754035234,22637,16842,45274
[RESULT] 21,128,7,0.756365061,0.756035566,22637,16842,45274
[RESULT] 21,128,8,0.590360880,0.590031385,22637,16842,45274
[RESULT] 21,128,9,0.757037878,0.756713629,22637,16842,45274
[RESULT] 121,128,0,0.616405487,0.616040468,22685,16946,45370
[RESULT] 121,128,1,0.612374306,0.612052917,22685,16946,45370
[RESULT] 121,128,2,0.532421350,0.532055378,22685,16946,45370
[RESULT] 121,128,3,0.616341114,0.616022348,22685,16946,45370
[RESULT] 121,128,4,0.700318575,0.700014353,22685,16946,45370
[RESULT] 121,128,5,0.792399168,0.792046070,22685,16946,45370
[RESULT] 121,128,6,0.708430290,0.708065748,22685,16946,45370
[RESULT] 121,128,7,0.616407156,0.616073847,22685,16946,45370
[RESULT] 121,128,8,0.616421223,0.616056442,22685,16946,45370
[RESULT] 121,128,9,0.709480762,0.708402872,22685,16946,45370
[RESULT] 126,128,0,0.531600714,0.531276941,22700,16942,45400
[RESULT] 126,128,1,0.535347939,0.535034418,22700,16942,45400
[RESULT] 126,128,2,0.626350880,0.626028538,22700,16942,45400
[RESULT] 126,128,3,0.718349457,0.718026161,22700,16942,45400
[RESULT] 126,128,4,0.611362934,0.611040831,22700,16942,45400
[RESULT] 126,128,5,0.711347580,0.711027622,22700,16942,45400
[RESULT] 126,128,6,0.616363525,0.616036892,22700,16942,45400
[RESULT] 126,128,7,0.698336363,0.698016644,22700,16942,45400
[RESULT] 126,128,8,0.533341885,0.533022881,22700,16942,45400
[RESULT] 126,128,9,0.593086004,0.592051983,22700,16942,45400
[RESULT] 61,128,0,0.677411079,0.677047491,22665,16901,45330
[RESULT] 61,128,1,0.704413652,0.704050779,22665,16901,45330
[RESULT] 61,128,2,0.616373062,0.616053581,22665,16901,45330
[RESULT] 61,128,3,0.616350889,0.616033077,22665,16901,45330
[RESULT] 61,128,4,0.616351128,0.616045475,22665,16901,45330
[RESULT] 61,128,5,0.700414181,0.700050831,22665,16901,45330
[RESULT] 61,128,6,0.708398104,0.708061695,22665,16901,45330
[RESULT] 61,128,7,0.702421665,0.702069044,22665,16901,45330
[RESULT] 61,128,8,0.704385042,0.704052448,22665,16901,45330
[RESULT] 61,128,9,0.797612906,0.796548367,22665,16901,45330
[RESULT] 6,128,0,0.699355602,0.699020624,22669,16906,45338
[RESULT] 6,128,1,0.693023920,0.692692280,22669,16906,45338
[RESULT] 6,128,2,0.595309973,0.594977140,22669,16906,45338
[RESULT] 6,128,3,0.706354618,0.706028223,22669,16906,45338
[RESULT] 6,128,4,0.719362736,0.719029903,22669,16906,45338
[RESULT] 6,128,5,0.873317719,0.872994423,22669,16906,45338
[RESULT] 6,128,6,0.874367714,0.874041557,22669,16906,45338
[RESULT] 6,128,7,0.784337282,0.784008741,22669,16906,45338
[RESULT] 6,128,8,0.710357666,0.710025072,22669,16906,45338
[RESULT] 6,128,9,0.714221954,0.713181734,22669,16906,45338
[RESULT] 51,128,0,0.672406673,0.672075510,22636,16883,45272
[RESULT] 51,128,1,0.756358147,0.756031275,22636,16883,45272
[RESULT] 51,128,2,0.590434551,0.590111017,22636,16883,45272
[RESULT] 51,128,3,0.756353140,0.756028891,22636,16883,45272
[RESULT] 51,128,4,0.690055132,0.689065933,22636,16883,45272
[RESULT] 51,128,5,0.670436144,0.670105934,22636,16883,45272
[RESULT] 51,128,6,0.670409679,0.670080662,22636,16883,45272
[RESULT] 51,128,7,0.672396898,0.672068357,22636,16883,45272
[RESULT] 51,128,8,0.678363323,0.678038597,22636,16883,45272
[RESULT] 51,128,9,0.760349989,0.760043859,22636,16883,45272
[RESULT] 20,128,0,0.588344812,0.588031769,22697,16936,45394
[RESULT] 20,128,1,0.756330252,0.756033182,22697,16936,45394
[RESULT] 20,128,2,0.588556767,0.588255882,22697,16936,45394
[RESULT] 20,128,3,0.753331184,0.753033400,22697,16936,45394
[RESULT] 20,128,4,0.580324411,0.580024242,22697,16936,45394
[RESULT] 20,128,5,0.853027821,0.852030993,22697,16936,45394
[RESULT] 20,128,6,0.742272139,0.741967440,22697,16936,45394
[RESULT] 20,128,7,0.672316313,0.672023296,22697,16936,45394
[RESULT] 20,128,8,0.588316679,0.588021517,22697,16936,45394
[RESULT] 20,128,9,0.753337145,0.753036976,22697,16936,45394
[RESULT] 123,128,0,0.672380924,0.672045946,22585,16836,45170
[RESULT] 123,128,1,0.672387600,0.672053814,22585,16836,45170
[RESULT] 123,128,2,0.590380669,0.590043545,22585,16836,45170
[RESULT] 123,128,3,0.672368765,0.672036648,22585,16836,45170
[RESULT] 123,128,4,0.674038172,0.673028469,22585,16836,45170
[RESULT] 123,128,5,0.670387268,0.670049429,22585,16836,45170
[RESULT] 123,128,6,0.754394054,0.754040718,22585,16836,45170
[RESULT] 123,128,7,0.752359152,0.752018929,22585,16836,45170
[RESULT] 123,128,8,0.670367718,0.670028448,22585,16836,45170
[RESULT] 123,128,9,0.761031389,0.760692358,22585,16836,45170
[RESULT] 64,128,0,0.592396021,0.592060328,22644,16898,45288
[RESULT] 64,128,1,0.592614889,0.592277050,22644,16898,45288
[RESULT] 64,128,2,0.741373539,0.741034269,22644,16898,45288
[RESULT] 64,128,3,0.592589378,0.592249155,22644,16898,45288
[RESULT] 64,128,4,0.590621710,0.590265512,22644,16898,45288
[RESULT] 64,128,5,0.593591452,0.593251705,22644,16898,45288
[RESULT] 64,128,6,0.593582153,0.593240261,22644,16898,45288
[RESULT] 64,128,7,0.592588425,0.592250586,22644,16898,45288
[RESULT] 64,128,8,0.593595266,0.593256950,22644,16898,45288
[RESULT] 64,128,9,0.597644806,0.597298861,22644,16898,45288
[RESULT] 67,128,0,0.618422985,0.618062019,22683,16876,45366
[RESULT] 67,128,1,0.616425276,0.616070032,22683,16876,45366
[RESULT] 67,128,2,0.524432182,0.524092436,22683,16876,45366
[RESULT] 67,128,3,0.620340109,0.620023251,22683,16876,45366
[RESULT] 67,128,4,0.616335154,0.616034508,22683,16876,45366
[RESULT] 67,128,5,0.704367876,0.704045296,22683,16876,45366
[RESULT] 67,128,6,0.676371574,0.676050901,22683,16876,45366
[RESULT] 67,128,7,0.700427055,0.700064182,22683,16876,45366
[RESULT] 67,128,8,0.704416037,0.704049587,22683,16876,45366
[RESULT] 67,128,9,0.797862291,0.796806812,22683,16876,45366
[RESULT] 14,128,0,0.588358641,0.588063240,22696,16924,45392
[RESULT] 14,128,1,0.756310463,0.756023645,22696,16924,45392
[RESULT] 14,128,2,0.672318459,0.672033548,22696,16924,45392
[RESULT] 14,128,3,0.753330231,0.753046274,22696,16924,45392
[RESULT] 14,128,4,0.676311255,0.676019907,22696,16924,45392
[RESULT] 14,128,5,0.844309807,0.844023228,22696,16924,45392
[RESULT] 14,128,6,0.759951115,0.759033680,22696,16924,45392
[RESULT] 14,128,7,0.756322145,0.756040573,22696,16924,45392
[RESULT] 14,128,8,0.672308445,0.672021866,22696,16924,45392
[RESULT] 14,128,9,0.837362051,0.837067127,22696,16924,45392
[RESULT] 54,128,0,0.625381947,0.625042677,22724,16968,45448
[RESULT] 54,128,1,0.605356693,0.605034828,22724,16968,45448
[RESULT] 54,128,2,0.702355146,0.702039719,22724,16968,45448
[RESULT] 54,128,3,0.706330776,0.706013203,22724,16968,45448
[RESULT] 54,128,4,0.678723335,0.678401232,22724,16968,45448
[RESULT] 54,128,5,0.785370827,0.785039663,22724,16968,45448
[RESULT] 54,128,6,0.706386089,0.706058502,22724,16968,45448
[RESULT] 54,128,7,0.694361925,0.694033861,22724,16968,45448
[RESULT] 54,128,8,0.706378222,0.706057787,22724,16968,45448
[RESULT] 54,128,9,0.756109238,0.755053997,22724,16968,45448
[RESULT] 69,128,0,0.672363520,0.672029734,22638,16883,45276
[RESULT] 69,128,1,0.756368160,0.756030798,22638,16883,45276
[RESULT] 69,128,2,0.590455770,0.590124130,22638,16883,45276
[RESULT] 69,128,3,0.674201488,0.673853397,22638,16883,45276
[RESULT] 69,128,4,0.754594088,0.753577948,22638,16883,45276
[RESULT] 69,128,5,0.670424938,0.670085907,22638,16883,45276
[RESULT] 69,128,6,0.670380831,0.670037270,22638,16883,45276
[RESULT] 69,128,7,0.676384926,0.676034927,22638,16883,45276
[RESULT] 69,128,8,0.590393066,0.590057850,22638,16883,45276
[RESULT] 69,128,9,0.676438808,0.676115274,22638,16883,45276
[RESULT] 4,128,0,0.740304470,0.739967108,22674,16905,45348
[RESULT] 4,128,1,0.736293554,0.735961437,22674,16905,45348
[RESULT] 4,128,2,0.730077744,0.729737759,22674,16905,45348
[RESULT] 4,128,3,0.738337994,0.737996101,22674,16905,45348
[RESULT] 4,128,4,0.744318962,0.743965387,22674,16905,45348
[RESULT] 4,128,5,0.740346670,0.740008116,22674,16905,45348
[RESULT] 4,128,6,0.737350702,0.737019062,22674,16905,45348
[RESULT] 4,128,7,0.736361265,0.736028671,22674,16905,45348
[RESULT] 4,128,8,0.736103296,0.735772371,22674,16905,45348
[RESULT] 4,128,9,0.741717815,0.741381168,22674,16905,45348
[RESULT] 83,128,0,0.504370213,0.504047394,22605,16857,45210
[RESULT] 83,128,1,0.592352390,0.592021704,22605,16857,45210
[RESULT] 83,128,2,0.504349470,0.504021645,22605,16857,45210
[RESULT] 83,128,3,0.510042667,0.509706736,22605,16857,45210
[RESULT] 83,128,4,0.591340542,0.591014147,22605,16857,45210
[RESULT] 83,128,5,0.585366488,0.585043430,22605,16857,45210
[RESULT] 83,128,6,0.673001528,0.672019005,22605,16857,45210
[RESULT] 83,128,7,0.651339531,0.651020288,22605,16857,45210
[RESULT] 83,128,8,0.589340687,0.589025736,22605,16857,45210
[RESULT] 83,128,9,0.591409922,0.591074228,22605,16857,45210
[RESULT] 62,128,0,0.588346958,0.588026524,22689,16925,45378
[RESULT] 62,128,1,0.756349564,0.756040335,22689,16925,45378
[RESULT] 62,128,2,0.672389746,0.672073841,22689,16925,45378
[RESULT] 62,128,3,0.758055687,0.757072210,22689,16925,45378
[RESULT] 62,128,4,0.502355814,0.502048492,22689,16925,45378
[RESULT] 62,128,5,0.749356270,0.749042273,22689,16925,45378
[RESULT] 62,128,6,0.759338379,0.759028912,22689,16925,45378
[RESULT] 62,128,7,0.672369242,0.672060728,22689,16925,45378
[RESULT] 62,128,8,0.672339678,0.672033787,22689,16925,45378
[RESULT] 62,128,9,0.753447533,0.753131628,22689,16925,45378
[RESULT] 12,128,0,0.699348450,0.699020863,22651,16894,45302
[RESULT] 12,128,1,0.625354290,0.625029802,22651,16894,45302
[RESULT] 12,128,2,0.597377777,0.597056150,22651,16894,45302
[RESULT] 12,128,3,0.618405581,0.618068695,22651,16894,45302
[RESULT] 12,128,4,0.703373671,0.703038216,22651,16894,45302
[RESULT] 12,128,5,0.797338247,0.797021866,22651,16894,45302
[RESULT] 12,128,6,0.906218529,0.821879387,22651,16894,45302
[RESULT] 12,128,7,0.779344797,0.779021502,22651,16894,45302
[RESULT] 12,128,8,0.702343702,0.702019453,22651,16894,45302
[RESULT] 12,128,9,0.718067884,0.717036724,22651,16894,45302
[RESULT] 3,128,0,0.756324291,0.755994081,22606,16796,45212
[RESULT] 3,128,1,0.756376028,0.756010532,22606,16796,45212
[RESULT] 3,128,2,0.626342297,0.625999451,22606,16796,45212
[RESULT] 3,128,3,0.756337881,0.756002903,22606,16796,45212
[RESULT] 3,128,4,0.749331713,0.749005318,22606,16796,45212
[RESULT] 3,128,5,0.766353369,0.766017914,22606,16796,45212
[RESULT] 3,128,6,0.756743670,0.755720377,22606,16796,45212
[RESULT] 3,128,7,0.756352186,0.756018400,22606,16796,45212
[RESULT] 3,128,8,0.674364805,0.674031734,22606,16796,45212
[RESULT] 3,128,9,0.845096588,0.844757318,22606,16796,45212
[RESULT] 7,128,0,0.618421316,0.618058205,22690,16950,45380
[RESULT] 7,128,1,0.700402737,0.700044155,22690,16950,45380
[RESULT] 7,128,2,0.556461573,0.556107044,22690,16950,45380
[RESULT] 7,128,3,0.678077698,0.677751541,22690,16950,45380
[RESULT] 7,128,4,0.708323717,0.708021641,22690,16950,45380
[RESULT] 7,128,5,0.788421154,0.788054228,22690,16950,45380
[RESULT] 7,128,6,0.788384199,0.788062096,22690,16950,45380
[RESULT] 7,128,7,0.700422287,0.700057983,22690,16950,45380
[RESULT] 7,128,8,0.616373062,0.616053581,22690,16950,45380
[RESULT] 7,128,9,0.797224522,0.796057940,22690,16950,45380
[RESULT] 86,128,0,0.504362822,0.504058361,22606,16853,45212
[RESULT] 86,128,1,0.756328583,0.756023884,22606,16853,45212
[RESULT] 86,128,2,0.672327518,0.672026157,22606,16853,45212
[RESULT] 86,128,3,0.753345251,0.753045082,22606,16853,45212
[RESULT] 86,128,4,0.592327118,0.592023373,22606,16853,45212
[RESULT] 86,128,5,0.777033806,0.776084661,22606,16853,45212
[RESULT] 86,128,6,0.675328255,0.675025940,22606,16853,45212
[RESULT] 86,128,7,0.672322035,0.672025204,22606,16853,45212
[RESULT] 86,128,8,0.588316202,0.588019848,22606,16853,45212
[RESULT] 86,128,9,0.669471502,0.669166565,22606,16853,45212
[RESULT] 88,128,0,0.444393635,0.444055319,22844,17107,45688
[RESULT] 88,128,1,0.444432735,0.444085360,22844,17107,45688
[RESULT] 88,128,2,0.593390465,0.593041420,22844,17107,45688
[RESULT] 88,128,3,0.444583654,0.444234133,22844,17107,45688
[RESULT] 111,128,0,0.672400951,0.672070742,22713,16962,45426
[RESULT] 111,128,1,0.756363392,0.756027460,22713,16962,45426
[RESULT] 111,128,2,0.590405464,0.590075016,22713,16962,45426
[RESULT] 111,128,3,0.672393322,0.672053576,22713,16962,45426
[RESULT] 111,128,4,0.669382334,0.669053793,22713,16962,45426
[RESULT] 111,128,5,0.719132185,0.718080997,22713,16962,45426
[RESULT] 111,128,6,0.758384228,0.758044004,22713,16962,45426
[RESULT] 111,128,7,0.756381035,0.756042480,22713,16962,45426
[RESULT] 111,128,8,0.670379400,0.670037270,22713,16962,45426
[RESULT] 111,128,9,0.754181862,0.753838539,22713,16962,45426
[RESULT] 88,128,4,0.448624372,0.448275328,22844,17107,45688
[RESULT] 88,128,5,0.445587873,0.445243597,22844,17107,45688
[RESULT] 88,128,6,0.444566965,0.444224358,22844,17107,45688
[RESULT] 88,128,7,0.444614887,0.444269419,22844,17107,45688
[RESULT] 88,128,8,0.449612856,0.449262142,22844,17107,45688
[RESULT] 88,128,9,0.440622568,0.440265417,22844,17107,45688
[RESULT] 127,128,0,0.528414249,0.528049231,22634,16888,45268
[RESULT] 127,128,1,0.527373075,0.527057886,22634,16888,45268
[RESULT] 127,128,2,0.450100183,0.449732065,22634,16888,45268
[RESULT] 127,128,3,0.620345592,0.620033026,22634,16888,45268
[RESULT] 127,128,4,0.612317562,0.612018824,22634,16888,45268
[RESULT] 127,128,5,0.704386234,0.704054832,22634,16888,45268
[RESULT] 127,128,6,0.700407267,0.700054169,22634,16888,45268
[RESULT] 127,128,7,0.612418413,0.612056494,22634,16888,45268
[RESULT] 127,128,8,0.528377056,0.528018236,22634,16888,45268
[RESULT] 127,128,9,0.709285498,0.708166838,22634,16888,45268
[RESULT] 107,128,0,0.672396421,0.672044754,22660,16891,45320
[RESULT] 107,128,1,0.672362804,0.672018528,22660,16891,45320
[RESULT] 107,128,2,0.588371038,0.588022232,22660,16891,45320
[RESULT] 107,128,3,0.672406435,0.672059298,22660,16891,45320
[RESULT] 107,128,4,0.672107697,0.671746969,22660,16891,45320
[RESULT] 107,128,5,0.756374598,0.756029844,22660,16891,45320
[RESULT] 107,128,6,0.673022985,0.672014236,22660,16891,45320
[RESULT] 107,128,7,0.675374508,0.675026178,22660,16891,45320
[RESULT] 107,128,8,0.589359999,0.589012861,22660,16891,45320
[RESULT] 107,128,9,0.671422958,0.671072245,22660,16891,45320
[RESULT] 8,128,0,0.588345051,0.588023901,22717,16951,45434
[RESULT] 8,128,1,0.756321907,0.756016493,22717,16951,45434
[RESULT] 8,128,2,0.588343620,0.588038445,22717,16951,45434
[RESULT] 8,128,3,0.757323265,0.757028341,22717,16951,45434
[RESULT] 8,128,4,0.556345940,0.556042194,22717,16951,45434
[RESULT] 8,128,5,0.840328932,0.840029001,22717,16951,45434
[RESULT] 8,128,6,0.759998560,0.759023666,22717,16951,45434
[RESULT] 8,128,7,0.756320477,0.756025076,22717,16951,45434
[RESULT] 8,128,8,0.672320843,0.672025681,22717,16951,45434
[RESULT] 8,128,9,0.837402582,0.837086916,22717,16951,45434
[RESULT] 42,128,0,0.534353256,0.534030199,22727,16943,45454
[RESULT] 42,128,1,0.613335609,0.613018513,22727,16943,45454
[RESULT] 42,128,2,0.590372562,0.590047598,22727,16943,45454
[RESULT] 42,128,3,0.645350933,0.645025969,22727,16943,45454
[RESULT] 42,128,4,0.627374411,0.627048492,22727,16943,45454
[RESULT] 42,128,5,0.599386454,0.599051952,22727,16943,45454
[RESULT] 42,128,6,0.698355436,0.698034525,22727,16943,45454
[RESULT] 42,128,7,0.623388290,0.623056412,22727,16943,45454
[RESULT] 42,128,8,0.616327524,0.616013050,22727,16943,45454
[RESULT] 42,128,9,0.690065622,0.689027071,22727,16943,45454
[RESULT] 93,128,0,0.506181955,0.505822659,22607,16845,45214
[RESULT] 93,128,1,0.588391066,0.588039637,22607,16845,45214
[RESULT] 93,128,2,0.504113436,0.503766537,22607,16845,45214
[RESULT] 93,128,3,0.588434458,0.588099957,22607,16845,45214
[RESULT] 93,128,4,0.609154224,0.608147383,22607,16845,45214
[RESULT] 93,128,5,0.762397766,0.762059927,22607,16845,45214
[RESULT] 93,128,6,0.718410254,0.718060970,22607,16845,45214
[RESULT] 93,128,7,0.672374010,0.672037601,22607,16845,45214
[RESULT] 93,128,8,0.594360590,0.594029903,22607,16845,45214
[RESULT] 93,128,9,0.672927618,0.672610998,22607,16845,45214
[RESULT] 28,128,0,0.592365980,0.592038393,22685,16956,45370
[RESULT] 28,128,1,0.592360735,0.592034817,22685,16956,45370
[RESULT] 28,128,2,0.593550920,0.593225002,22685,16956,45370
[RESULT] 28,128,3,0.592400312,0.592060089,22685,16956,45370
[RESULT] 28,128,4,0.586400986,0.586065769,22685,16956,45370
[RESULT] 28,128,5,0.740334034,0.740003109,22685,16956,45370
[RESULT] 28,128,6,0.737328053,0.736999989,22685,16956,45370
[RESULT] 28,128,7,0.736331701,0.736002445,22685,16956,45370
[RESULT] 28,128,8,0.738348246,0.738020897,22685,16956,45370
[RESULT] 28,128,9,0.741359949,0.741018057,22685,16956,45370
[RESULT] 101,128,0,0.672377110,0.672019958,22711,16956,45422
[RESULT] 101,128,1,0.672359943,0.672027826,22711,16956,45422
[RESULT] 101,128,2,0.673362732,0.673020124,22711,16956,45422
[RESULT] 101,128,3,0.756358147,0.756019354,22711,16956,45422
[RESULT] 101,128,4,0.759360075,0.759021044,22711,16956,45422
[RESULT] 101,128,5,0.840358734,0.840017796,22711,16956,45422
[RESULT] 101,128,6,0.757022858,0.756010532,22711,16956,45422
[RESULT] 101,128,7,0.759370565,0.759019375,22711,16956,45422
[RESULT] 101,128,8,0.673359871,0.673016548,22711,16956,45422
[RESULT] 101,128,9,0.755398273,0.755050898,22711,16956,45422
[RESULT] 115,128,0,0.528401136,0.528075933,22736,16975,45472
[RESULT] 115,128,1,0.616383314,0.616047382,22736,16975,45472
[RESULT] 115,128,2,0.496436357,0.496074915,22736,16975,45472
[RESULT] 115,128,3,0.672351360,0.672032118,22736,16975,45472
[RESULT] 115,128,4,0.704336405,0.704032660,22736,16975,45472
[RESULT] 115,128,5,0.796399117,0.796056271,22736,16975,45472
[RESULT] 115,128,6,0.792377710,0.792053461,22736,16975,45472
[RESULT] 115,128,7,0.708397388,0.708056927,22736,16975,45472
[RESULT] 115,128,8,0.616427660,0.616056681,22736,16975,45472
[RESULT] 115,128,9,0.709562302,0.708461046,22736,16975,45472
[RESULT] 122,128,0,0.504325390,0.504019737,22749,16984,45498
[RESULT] 122,128,1,0.672348022,0.672036648,22749,16984,45498
[RESULT] 122,128,2,0.588333368,0.588024378,22749,16984,45498
[RESULT] 122,128,3,0.669357300,0.669055223,22749,16984,45498
[RESULT] 122,128,4,0.506378889,0.506072998,22749,16984,45498
[RESULT] 122,128,5,0.745985270,0.745000124,22749,16984,45498
[RESULT] 122,128,6,0.839337111,0.839030266,22749,16984,45498
[RESULT] 122,128,7,0.840325594,0.840024948,22749,16984,45498
[RESULT] 122,128,8,0.760332346,0.760025024,22749,16984,45498
[RESULT] 122,128,9,0.869400263,0.869090557,22749,16984,45498
[RESULT] 108,128,0,0.612350702,0.612023830,22764,16999,45528
[RESULT] 108,128,1,0.625395060,0.625040293,22764,16999,45528
[RESULT] 108,128,2,0.682347298,0.682018042,22764,16999,45528
[RESULT] 108,128,3,0.794349194,0.794023752,22764,16999,45528
[RESULT] 108,128,4,0.703365803,0.703040361,22764,16999,45528
[RESULT] 108,128,5,0.851342916,0.851018667,22764,16999,45528
[RESULT] 108,128,6,0.782376766,0.782049894,22764,16999,45528
[RESULT] 108,128,7,0.793339729,0.793018579,22764,16999,45528
[RESULT] 108,128,8,0.700357199,0.700035095,22764,16999,45528
[RESULT] 108,128,9,0.701688051,0.700642824,22764,16999,45528
[RESULT] 75,128,0,0.672386169,0.672039032,22743,16978,45486
[RESULT] 75,128,1,0.672388792,0.672046423,22743,16978,45486
[RESULT] 75,128,2,0.670384884,0.670029402,22743,16978,45486
[RESULT] 75,128,3,0.672436953,0.672099829,22743,16978,45486
[RESULT] 75,128,4,0.673419714,0.673090935,22743,16978,45486
[RESULT] 75,128,5,0.759119511,0.758090019,22743,16978,45486
[RESULT] 75,128,6,0.758367538,0.758022308,22743,16978,45486
[RESULT] 75,128,7,0.674198866,0.673841238,22743,16978,45486
[RESULT] 75,128,8,0.674381256,0.674034834,22743,16978,45486
[RESULT] 75,128,9,0.753605604,0.753278494,22743,16978,45486
[RESULT] 125,128,0,0.588375807,0.588032484,22746,16994,45492
[RESULT] 125,128,1,0.591020584,0.590670347,22746,16994,45492
[RESULT] 125,128,2,0.504411459,0.504053831,22746,16994,45492
[RESULT] 125,128,3,0.672347546,0.672007084,22746,16994,45492
[RESULT] 125,128,4,0.671360254,0.671025515,22746,16994,45492
[RESULT] 125,128,5,0.673436165,0.673053503,22746,16994,45492
[RESULT] 125,128,6,0.673053503,0.672033787,22746,16994,45492
[RESULT] 125,128,7,0.675364017,0.675032377,22746,16994,45492
[RESULT] 125,128,8,0.589353561,0.589023829,22746,16994,45492
[RESULT] 125,128,9,0.755420685,0.755046129,22746,16994,45492
[RESULT] 91,128,0,0.440395594,0.440074205,22642,16883,45284
[RESULT] 91,128,1,0.620421886,0.620056868,22642,16883,45284
[RESULT] 91,128,2,0.528419733,0.528053045,22642,16883,45284
[RESULT] 91,128,3,0.617337227,0.617022514,22642,16883,45284
[RESULT] 91,128,4,0.616340637,0.616034031,22642,16883,45284
[RESULT] 91,128,5,0.736361265,0.736041307,22642,16883,45284
[RESULT] 91,128,6,0.729387045,0.729037285,22642,16883,45284
[RESULT] 91,128,7,0.612416267,0.612067223,22642,16883,45284
[RESULT] 91,128,8,0.616392612,0.616040468,22642,16883,45284
[RESULT] 91,128,9,0.709950209,0.708852768,22642,16883,45284
[RESULT] 68,128,0,0.588788509,0.588019133,22727,16960,45454
[RESULT] 68,128,1,0.756789684,0.756035328,22727,16960,45454
[RESULT] 68,128,2,0.590393543,0.589644432,22727,16960,45454
[RESULT] 68,128,3,0.713773966,0.713079929,22727,16960,45454
[RESULT] 68,128,4,0.511070013,0.508066893,22727,16960,45454
[RESULT] 68,128,5,0.753341913,0.753026247,22727,16960,45454
[RESULT] 68,128,6,0.671377897,0.671067715,22727,16960,45454
[RESULT] 68,128,7,0.672346354,0.672040701,22727,16960,45454
[RESULT] 68,128,8,0.588333845,0.588035822,22727,16960,45454
[RESULT] 68,128,9,0.757461071,0.757141113,22727,16960,45454
[RESULT] 60,128,0,0.775351524,0.775023460,22657,16849,45314
[RESULT] 60,128,1,0.657357216,0.657019615,22657,16849,45314
[RESULT] 60,128,2,0.700497866,0.700163364,22657,16849,45314
[RESULT] 60,128,3,0.782335281,0.782019377,22657,16849,45314
[RESULT] 60,128,4,0.711343050,0.711025715,22657,16849,45314
[RESULT] 60,128,5,0.783320904,0.783001423,22657,16849,45314
[RESULT] 60,128,6,0.794335842,0.794019222,22657,16849,45314
[RESULT] 60,128,7,0.714339256,0.714020967,22657,16849,45314
[RESULT] 60,128,8,0.700339556,0.700017214,22657,16849,45314
[RESULT] 60,128,9,0.730067015,0.729034185,22657,16849,45314
[RESULT] 79,128,0,0.528422594,0.528051138,22788,17048,45576
[RESULT] 79,128,1,0.604377508,0.604057312,22788,17048,45576
[RESULT] 79,128,2,0.528395414,0.528062582,22788,17048,45576
[RESULT] 79,128,3,0.541383028,0.541068792,22788,17048,45576
[RESULT] 79,128,4,0.620331764,0.620027065,22788,17048,45576
[RESULT] 79,128,5,0.708408833,0.708050966,22788,17048,45576
[RESULT] 79,128,6,0.708443403,0.708080292,22788,17048,45576
[RESULT] 79,128,7,0.668375731,0.668043852,22788,17048,45576
[RESULT] 79,128,8,0.528451681,0.528091431,22788,17048,45576
[RESULT] 79,128,9,0.797291756,0.796182871,22788,17048,45576
[RESULT] 116,128,0,0.504793882,0.504044056,22675,16915,45350
[RESULT] 116,128,1,0.672772884,0.672054052,22675,16915,45350
[RESULT] 116,128,2,0.588756561,0.588042736,22675,16915,45350
[RESULT] 116,128,3,0.753757238,0.753036499,22675,16915,45350
[RESULT] 116,128,4,0.592767715,0.592047691,22675,16915,45350
[RESULT] 116,128,5,0.756209135,0.753041506,22675,16915,45350
[RESULT] 116,128,6,0.755322456,0.755023241,22675,16915,45350
[RESULT] 116,128,7,0.756331444,0.756028891,22675,16915,45350
[RESULT] 116,128,8,0.672327757,0.672028780,22675,16915,45350
[RESULT] 116,128,9,0.757453918,0.757141590,22675,16915,45350
[RESULT] 102,128,0,0.632198334,0.623716593,22602,16785,45204
[RESULT] 102,128,1,0.626233101,0.625864267,22602,16785,45204
[RESULT] 102,128,2,0.702365398,0.702021837,22602,16785,45204
[RESULT] 102,128,3,0.710375071,0.710046053,22602,16785,45204
[RESULT] 102,128,4,0.687348843,0.687016964,22602,16785,45204
[RESULT] 102,128,5,0.883337021,0.883011341,22602,16785,45204
[RESULT] 102,128,6,0.802360296,0.802034855,22602,16785,45204
[RESULT] 102,128,7,0.795378685,0.795035601,22602,16785,45204
[RESULT] 102,128,8,0.696345329,0.696021318,22602,16785,45204
[RESULT] 102,128,9,0.714101076,0.713050604,22602,16785,45204
[RESULT] 87,128,0,0.588380337,0.588038206,22671,16899,45342
[RESULT] 87,128,1,0.590089798,0.589737654,22671,16899,45342
[RESULT] 87,128,2,0.590380430,0.590035439,22671,16899,45342
[RESULT] 87,128,3,0.588458300,0.588126898,22671,16899,45342
[RESULT] 87,128,4,0.674077511,0.673069000,22671,16899,45342
[RESULT] 87,128,5,0.754428387,0.754084826,22671,16899,45342
[RESULT] 87,128,6,0.758368015,0.758033037,22671,16899,45342
[RESULT] 87,128,7,0.672430992,0.672079802,22671,16899,45342
[RESULT] 87,128,8,0.592150688,0.591804981,22671,16899,45342
[RESULT] 87,128,9,0.757420301,0.757098198,22671,16899,45342
[RESULT] 47,128,0,0.508328199,0.508013248,22674,16915,45348
[RESULT] 47,128,1,0.504338741,0.504019022,22674,16915,45348
[RESULT] 47,128,2,0.420351982,0.420027494,22674,16915,45348
[RESULT] 47,128,3,0.504345179,0.504023075,22674,16915,45348
[RESULT] 47,128,4,0.563374043,0.563036680,22674,16915,45348
[RESULT] 47,128,5,0.529358149,0.529034853,22674,16915,45348
[RESULT] 47,128,6,0.505029440,0.504034758,22674,16915,45348
[RESULT] 47,128,7,0.503358841,0.503043890,22674,16915,45348
[RESULT] 47,128,8,0.505355120,0.505042791,22674,16915,45348
[RESULT] 47,128,9,0.671393394,0.671059370,22674,16915,45348
[RESULT] 74,128,0,0.507395267,0.507072210,22712,16932,45424
[RESULT] 74,128,1,0.756338358,0.756023884,22712,16932,45424
[RESULT] 74,128,2,0.672330856,0.672017813,22712,16932,45424
[RESULT] 74,128,3,0.753339052,0.753026724,22712,16932,45424
[RESULT] 74,128,4,0.592367411,0.592055321,22712,16932,45424
[RESULT] 74,128,5,0.797074318,0.796080112,22712,16932,45424
[RESULT] 74,128,6,0.755329847,0.755019903,22712,16932,45424
[RESULT] 74,128,7,0.672348261,0.672045469,22712,16932,45424
[RESULT] 74,128,8,0.591413975,0.591117859,22712,16932,45424
[RESULT] 74,128,9,0.757466078,0.757143974,22712,16932,45424
[RESULT] 48,128,0,0.705343485,0.705018282,22740,16973,45480
[RESULT] 48,128,1,0.699360847,0.699034214,22740,16973,45480
[RESULT] 48,128,2,0.675381422,0.675060272,22740,16973,45480
[RESULT] 48,128,3,0.809342623,0.809019089,22740,16973,45480
[RESULT] 48,128,4,0.783332348,0.783012390,22740,16973,45480
[RESULT] 48,128,5,0.785344839,0.785021305,22740,16973,45480
[RESULT] 48,128,6,0.708511591,0.708190203,22740,16973,45480
[RESULT] 48,128,7,0.706337452,0.706018925,22740,16973,45480
[RESULT] 48,128,8,0.706377506,0.706059456,22740,16973,45480
[RESULT] 48,128,9,0.789129972,0.788065434,22740,16973,45480
[RESULT] 105,128,0,0.672361374,0.672024488,22705,16964,45410
[RESULT] 105,128,1,0.672375917,0.672038794,22705,16964,45410
[RESULT] 105,128,2,0.670382023,0.670028925,22705,16964,45410
[RESULT] 105,128,3,0.672380686,0.672038317,22705,16964,45410
[RESULT] 105,128,4,0.637135506,0.636116743,22705,16964,45410
[RESULT] 105,128,5,0.726392031,0.726048470,22705,16964,45410
[RESULT] 105,128,6,0.758386850,0.758037567,22705,16964,45410
[RESULT] 105,128,7,0.756381750,0.756037235,22705,16964,45410
[RESULT] 105,128,8,0.670368195,0.670036077,22705,16964,45410
[RESULT] 105,128,9,0.758100748,0.757774353,22705,16964,45410
[RESULT] 55,128,0,0.709366322,0.709042788,22682,16918,45364
[RESULT] 55,128,1,0.615401506,0.615057468,22682,16918,45364
[RESULT] 55,128,2,0.524644613,0.524285555,22682,16918,45364
[RESULT] 55,128,3,0.616342068,0.616025686,22682,16918,45364
[RESULT] 55,128,4,0.616350412,0.616050243,22682,16918,45364
[RESULT] 55,128,5,0.700366259,0.700046301,22682,16918,45364
[RESULT] 55,128,6,0.708393812,0.708048820,22682,16918,45364
[RESULT] 55,128,7,0.700375795,0.700055361,22682,16918,45364
[RESULT] 55,128,8,0.704412699,0.704048395,22682,16918,45364
[RESULT] 55,128,9,0.797224283,0.796071529,22682,16918,45364
[RESULT] 113,128,0,0.672358751,0.672018290,22650,16914,45300
[RESULT] 113,128,1,0.672372341,0.672020435,22650,16914,45300
[RESULT] 113,128,2,0.517383814,0.517047882,22650,16914,45300
[RESULT] 113,128,3,0.672371387,0.672036409,22650,16914,45300
[RESULT] 113,128,4,0.671375751,0.671038389,22650,16914,45300
[RESULT] 113,128,5,0.756375790,0.756035805,22650,16914,45300
[RESULT] 113,128,6,0.757020473,0.756010771,22650,16914,45300
[RESULT] 113,128,7,0.755358219,0.755017757,22650,16914,45300
[RESULT] 113,128,8,0.673356771,0.673020363,22650,16914,45300
[RESULT] 113,128,9,0.755413532,0.755059004,22650,16914,45300
[RESULT] 50,128,0,0.588315725,0.588018179,22707,16946,45414
[RESULT] 50,128,1,0.756353378,0.756050825,22707,16946,45414
[RESULT] 50,128,2,0.672332764,0.672036409,22707,16946,45414
[RESULT] 50,128,3,0.753318310,0.753023148,22707,16946,45414
[RESULT] 50,128,4,0.590972662,0.590009928,22707,16946,45414
[RESULT] 50,128,5,0.756325960,0.756025314,22707,16946,45414
[RESULT] 50,128,6,0.671561241,0.671265125,22707,16946,45414
[RESULT] 50,128,7,0.672528505,0.672242165,22707,16946,45414
[RESULT] 50,128,8,0.672317266,0.672032356,22707,16946,45414
[RESULT] 50,128,9,0.841381788,0.841071606,22707,16946,45414
[RESULT] 72,128,0,0.685369492,0.685036182,22685,16922,45370
[RESULT] 72,128,1,0.613386869,0.613059282,22685,16922,45370
[RESULT] 72,128,2,0.710361719,0.710026026,22685,16922,45370
[RESULT] 72,128,3,0.778384209,0.778045654,22685,16922,45370
[RESULT] 72,128,4,0.707379580,0.707050085,22685,16922,45370
[RESULT] 72,128,5,0.775431633,0.775103569,22685,16922,45370
[RESULT] 72,128,6,0.858366728,0.858025551,22685,16922,45370
[RESULT] 72,128,7,0.712370634,0.712038040,22685,16922,45370
[RESULT] 72,128,8,0.664360285,0.664024353,22685,16922,45370
[RESULT] 72,128,9,0.784162045,0.783103466,22685,16922,45370
[RESULT] 100,128,0,0.592373133,0.592034817,22724,16977,45448
[RESULT] 100,128,1,0.592394352,0.592054605,22724,16977,45448
[RESULT] 100,128,2,0.741361618,0.741024733,22724,16977,45448
[RESULT] 100,128,3,0.590446711,0.590077639,22724,16977,45448
[RESULT] 100,128,4,0.594470263,0.594122410,22724,16977,45448
[RESULT] 100,128,5,0.736431122,0.736079454,22724,16977,45448
[RESULT] 100,128,6,0.737416029,0.737080336,22724,16977,45448
[RESULT] 100,128,7,0.740422487,0.740080595,22724,16977,45448
[RESULT] 100,128,8,0.742428541,0.742086411,22724,16977,45448
[RESULT] 100,128,9,0.737456560,0.737116814,22724,16977,45448
[RESULT] 109,128,0,0.654371023,0.654049158,22628,16868,45256
[RESULT] 109,128,1,0.615442514,0.615080118,22628,16868,45256
[RESULT] 109,128,2,0.532418251,0.532083273,22628,16868,45256
[RESULT] 109,128,3,0.616361618,0.616046906,22628,16868,45256
[RESULT] 109,128,4,0.792326450,0.792023182,22628,16868,45256
[RESULT] 109,128,5,0.792427540,0.792076349,22628,16868,45256
[RESULT] 109,128,6,0.788411379,0.788079023,22628,16868,45256
[RESULT] 109,128,7,0.700396776,0.700071335,22628,16868,45256
[RESULT] 109,128,8,0.704367399,0.704046726,22628,16868,45256
[RESULT] 109,128,9,0.797257185,0.796163082,22628,16868,45256
[RESULT] 77,128,0,0.588352919,0.588013649,22697,16925,45394
[RESULT] 77,128,1,0.588395119,0.588047504,22697,16925,45394
[RESULT] 77,128,2,0.506230831,0.505880356,22697,16925,45394
[RESULT] 77,128,3,0.588393450,0.588051319,22697,16925,45394
[RESULT] 77,128,4,0.587372065,0.587030172,22697,16925,45394
[RESULT] 77,128,5,0.672358036,0.672020435,22697,16925,45394
[RESULT] 77,128,6,0.673019648,0.672018528,22697,16925,45394
[RESULT] 77,128,7,0.671370745,0.671029091,22697,16925,45394
[RESULT] 77,128,8,0.585368156,0.585028172,22697,16925,45394
[RESULT] 77,128,9,0.671409130,0.671055794,22697,16925,45394
[RESULT] 66,128,0,0.731378555,0.731046915,22659,16890,45318
[RESULT] 66,128,1,0.542194128,0.541857958,22659,16890,45318
[RESULT] 66,128,2,0.603785992,0.603459835,22659,16890,45318
[RESULT] 66,128,3,0.706372976,0.706052065,22659,16890,45318
[RESULT] 66,128,4,0.687352657,0.687028170,22659,16890,45318
[RESULT] 66,128,5,0.787350178,0.787019491,22659,16890,45318
[RESULT] 66,128,6,0.716368914,0.716038465,22659,16890,45318
[RESULT] 66,128,7,0.614360094,0.614020586,22659,16890,45318
[RESULT] 66,128,8,0.624366283,0.624033928,22659,16890,45318
[RESULT] 66,128,9,0.721899033,0.720831156,22659,16890,45318
[RESULT] 45,128,0,0.672397614,0.672063351,22683,16911,45366
[RESULT] 45,128,1,0.674200296,0.673869133,22683,16911,45366
[RESULT] 45,128,2,0.586398125,0.586069584,22683,16911,45366
[RESULT] 45,128,3,0.588374376,0.588036537,22683,16911,45366
[RESULT] 45,128,4,0.511413813,0.511103630,22683,16911,45366
[RESULT] 45,128,5,0.603096008,0.602038622,22683,16911,45366
[RESULT] 45,128,6,0.506429434,0.506092072,22683,16911,45366
[RESULT] 45,128,7,0.504403353,0.504070997,22683,16911,45366
[RESULT] 45,128,8,0.502365828,0.502039909,22683,16911,45366
[RESULT] 45,128,9,0.677390337,0.677072287,22683,16911,45366
[RESULT] 22,128,0,0.444386721,0.444050550,22722,16974,45444
[RESULT] 22,128,1,0.592401266,0.592059851,22722,16974,45444
[RESULT] 22,128,2,0.593577147,0.593230009,22722,16974,45444
[RESULT] 22,128,3,0.592399597,0.592061043,22722,16974,45444
[RESULT] 22,128,4,0.590406418,0.590063572,22722,16974,45444
[RESULT] 22,128,5,0.593364000,0.593026876,22722,16974,45444
[RESULT] 22,128,6,0.592337608,0.592000484,22722,16974,45444
[RESULT] 22,128,7,0.596366644,0.596032619,22722,16974,45444
[RESULT] 22,128,8,0.593382597,0.593042612,22722,16974,45444
[RESULT] 22,128,9,0.625433207,0.625084162,22722,16974,45444
[RESULT] 43,128,0,0.528426170,0.528054237,22705,16936,45410
[RESULT] 43,128,1,0.620426655,0.620050669,22705,16936,45410
[RESULT] 43,128,2,0.528367281,0.528046846,22705,16936,45410
[RESULT] 43,128,3,0.616331577,0.616018534,22705,16936,45410
[RESULT] 43,128,4,0.528367996,0.528066397,22705,16936,45410
[RESULT] 43,128,5,0.612469673,0.612103224,22705,16936,45410
[RESULT] 43,128,6,0.620435238,0.620108604,22705,16936,45410
[RESULT] 43,128,7,0.528480291,0.528119326,22705,16936,45410
[RESULT] 43,128,8,0.616403103,0.616046190,22705,16936,45410
[RESULT] 43,128,9,0.709220886,0.708131790,22705,16936,45410
[RESULT] 41,128,0,0.588376760,0.588038921,22714,16973,45428
[RESULT] 41,128,1,0.588383913,0.588045835,22714,16973,45428
[RESULT] 41,128,2,0.504350185,0.504015207,22714,16973,45428
[RESULT] 41,128,3,0.588381290,0.588044167,22714,16973,45428
[RESULT] 41,128,4,0.503389835,0.503056288,22714,16973,45428
[RESULT] 41,128,5,0.589380741,0.589026928,22714,16973,45428
[RESULT] 41,128,6,0.589063883,0.588042021,22714,16973,45428
[RESULT] 41,128,7,0.587364435,0.587039232,22714,16973,45428
[RESULT] 41,128,8,0.589363337,0.589037895,22714,16973,45428
[RESULT] 41,128,9,0.755427361,0.755075216,22714,16973,45428
[RESULT] 104,128,0,0.504792452,0.504044056,22598,16861,45196
[RESULT] 104,128,1,0.672795773,0.672073364,22598,16861,45196
[RESULT] 104,128,2,0.672732115,0.672021389,22598,16861,45196
[RESULT] 104,128,3,0.760358572,0.757038355,22598,16861,45196
[RESULT] 104,128,4,0.592342615,0.592031240,22598,16861,45196
[RESULT] 104,128,5,0.840333223,0.840021610,22598,16861,45196
[RESULT] 104,128,6,0.839335918,0.839020491,22598,16861,45196
[RESULT] 104,128,7,0.759357691,0.759047747,22598,16861,45196
[RESULT] 104,128,8,0.756323099,0.756023884,22598,16861,45196
[RESULT] 104,128,9,0.841399193,0.841071367,22598,16861,45196
[RESULT] 84,128,0,0.695350885,0.695022106,22663,16911,45326
[RESULT] 84,128,1,0.601359606,0.601037264,22663,16911,45326
[RESULT] 84,128,2,0.628587723,0.628264904,22663,16911,45326
[RESULT] 84,128,3,0.774384260,0.774059534,22663,16911,45326
[RESULT] 84,128,4,0.707352638,0.707029343,22663,16911,45326
[RESULT] 84,128,5,0.702811241,0.702481747,22663,16911,45326
[RESULT] 84,128,6,0.770391464,0.770064354,22663,16911,45326
[RESULT] 84,128,7,0.614416599,0.614074707,22663,16911,45326
[RESULT] 84,128,8,0.692393780,0.692057610,22663,16911,45326
[RESULT] 84,128,9,0.698276281,0.697218418,22663,16911,45326
[RESULT] 99,128,0,0.672363758,0.672034740,22627,16834,45254
[RESULT] 99,128,1,0.756387711,0.756040812,22627,16834,45254
[RESULT] 99,128,2,0.670375824,0.670039654,22627,16834,45254
[RESULT] 99,128,3,0.672395945,0.672060251,22627,16834,45254
[RESULT] 99,128,4,0.674070120,0.673064709,22627,16834,45254
[RESULT] 99,128,5,0.762388945,0.762046576,22627,16834,45254
[RESULT] 99,128,6,0.842388391,0.842036963,22627,16834,45254
[RESULT] 99,128,7,0.758253098,0.757895231,22627,16834,45254
[RESULT] 99,128,8,0.754359722,0.754024506,22627,16834,45254
[RESULT] 99,128,9,0.846115589,0.845780849,22627,16834,45254
[RESULT] 49,128,0,0.705360889,0.705045462,22674,16936,45348
[RESULT] 49,128,1,0.700376034,0.700049162,22674,16936,45348
[RESULT] 49,128,2,0.620421410,0.620082855,22674,16936,45348
[RESULT] 49,128,3,0.708335161,0.708022833,22674,16936,45348
[RESULT] 49,128,4,0.700326920,0.700025082,22674,16936,45348
[RESULT] 49,128,5,0.708439827,0.708104372,22674,16936,45348
[RESULT] 49,128,6,0.728436708,0.728086233,22674,16936,45348
[RESULT] 49,128,7,0.700430870,0.700072527,22674,16936,45348
[RESULT] 49,128,8,0.704358816,0.704043627,22674,16936,45348
[RESULT] 49,128,9,0.872498989,0.871419430,22674,16936,45348
[RESULT] 53,128,0,0.672354937,0.672014236,22657,16849,45314
[RESULT] 53,128,1,0.672353506,0.672015905,22657,16849,45314
[RESULT] 53,128,2,0.504581690,0.504239559,22657,16849,45314
[RESULT] 53,128,3,0.672356129,0.672022581,22657,16849,45314
[RESULT] 53,128,4,0.671362400,0.671041250,22657,16849,45314
[RESULT] 53,128,5,0.673362732,0.673039913,22657,16849,45314
[RESULT] 53,128,6,0.673041582,0.672042608,22657,16849,45314
[RESULT] 53,128,7,0.671379328,0.671042204,22657,16849,45314
[RESULT] 53,128,8,0.585372686,0.585050106,22657,16849,45314
[RESULT] 53,128,9,0.755399227,0.755050898,22657,16849,45314
[RESULT] 92,128,0,0.504774094,0.504032135,22764,17032,45528
[RESULT] 92,128,1,0.756760120,0.756025314,22764,17032,45528
[RESULT] 92,128,2,0.672761917,0.672031879,22764,17032,45528
[RESULT] 92,128,3,0.753778696,0.753041506,22764,17032,45528
[RESULT] 92,128,4,0.592763662,0.592031240,22764,17032,45528
[RESULT] 92,128,5,0.811280489,0.808037996,22764,17032,45528
[RESULT] 92,128,6,0.671318769,0.671024084,22764,17032,45528
[RESULT] 92,128,7,0.588359118,0.588066339,22764,17032,45528
[RESULT] 92,128,8,0.507398129,0.507104158,22764,17032,45528
[RESULT] 92,128,9,0.673475266,0.673138618,22764,17032,45528
[RESULT] 9,128,0,0.672382355,0.672041893,22664,16901,45328
[RESULT] 9,128,1,0.672378540,0.672047615,22664,16901,45328
[RESULT] 9,128,2,0.590379715,0.590046167,22664,16901,45328
[RESULT] 9,128,3,0.672405005,0.672050714,22664,16901,45328
[RESULT] 9,128,4,0.673376322,0.673054457,22664,16901,45328
[RESULT] 9,128,5,0.679000378,0.677979708,22664,16901,45328
[RESULT] 9,128,6,0.758373737,0.758034468,22664,16901,45328
[RESULT] 9,128,7,0.756375074,0.756039619,22664,16901,45328
[RESULT] 9,128,8,0.670367479,0.670031309,22664,16901,45328
[RESULT] 9,128,9,0.845432281,0.845096350,22664,16901,45328
[RESULT] 112,128,0,0.592402697,0.592061758,22689,16917,45378
[RESULT] 112,128,1,0.592374563,0.592033386,22689,16917,45378
[RESULT] 112,128,2,0.585411072,0.585068226,22689,16917,45378
[RESULT] 112,128,3,0.590390444,0.590053082,22689,16917,45378
[RESULT] 112,128,4,0.590417624,0.590068579,22689,16917,45378
[RESULT] 112,128,5,0.736389399,0.736054420,22689,16917,45378
[RESULT] 112,128,6,0.741395473,0.741060495,22689,16917,45378
[RESULT] 112,128,7,0.740429163,0.740091801,22689,16917,45378
[RESULT] 112,128,8,0.738403797,0.738063097,22689,16917,45378
[RESULT] 112,128,9,0.745482683,0.745139360,22689,16917,45378
[RESULT] 85,128,0,0.528369904,0.527997017,22756,16964,45512
[RESULT] 85,128,1,0.620368004,0.620047331,22756,16964,45512
[RESULT] 85,128,2,0.528420210,0.528057098,22756,16964,45512
[RESULT] 85,128,3,0.527038336,0.526715279,22756,16964,45512
[RESULT] 85,128,4,0.616333485,0.616025209,22756,16964,45512
[RESULT] 85,128,5,0.708408833,0.708040476,22756,16964,45512
[RESULT] 85,128,6,0.792373896,0.792050838,22756,16964,45512
[RESULT] 85,128,7,0.708407164,0.708036900,22756,16964,45512
[RESULT] 85,128,8,0.616389036,0.616066694,22756,16964,45512
[RESULT] 85,128,9,0.789167404,0.788084030,22756,16964,45512
[RESULT] 71,128,0,0.500359297,0.500017405,22697,16957,45394
[RESULT] 71,128,1,0.504377842,0.504047632,22697,16957,45394
[RESULT] 71,128,2,0.504373312,0.504035234,22697,16957,45394
[RESULT] 71,128,3,0.504404068,0.504059553,22697,16957,45394
[RESULT] 71,128,4,0.507388830,0.507058620,22697,16957,45394
[RESULT] 71,128,5,0.584372759,0.584042549,22697,16957,45394
[RESULT] 71,128,6,0.589055777,0.588053703,22697,16957,45394
[RESULT] 71,128,7,0.587357521,0.587030411,22697,16957,45394
[RESULT] 71,128,8,0.504376411,0.504047632,22697,16957,45394
[RESULT] 71,128,9,0.671436548,0.671074152,22697,16957,45394
[RESULT] 56,128,0,0.588777304,0.588024378,22704,16954,45408
[RESULT] 56,128,1,0.756757975,0.756024122,22704,16954,45408
[RESULT] 56,128,2,0.672791243,0.672065020,22704,16954,45408
[RESULT] 56,128,3,0.757775545,0.757053375,22704,16954,45408
[RESULT] 56,128,4,0.502752781,0.502029181,22704,16954,45408
[RESULT] 56,128,5,0.763257980,0.760054588,22704,16954,45408
[RESULT] 56,128,6,0.755317926,0.755016088,22704,16954,45408
[RESULT] 56,128,7,0.756328821,0.756023407,22704,16954,45408
[RESULT] 56,128,8,0.672329664,0.672024965,22704,16954,45408
[RESULT] 56,128,9,0.841429234,0.841107130,22704,16954,45408
[RESULT] 114,128,0,0.534370899,0.534035206,22643,16887,45286
[RESULT] 114,128,1,0.653339624,0.653019190,22643,16887,45286
[RESULT] 114,128,2,0.606359959,0.606031179,22643,16887,45286
[RESULT] 114,128,3,0.709339380,0.709021330,22643,16887,45286
[RESULT] 114,128,4,0.667343616,0.667023420,22643,16887,45286
[RESULT] 114,128,5,0.797381163,0.797058821,22643,16887,45286
[RESULT] 114,128,6,0.786365271,0.786045790,22643,16887,45286
[RESULT] 114,128,7,0.715376139,0.715048075,22643,16887,45286
[RESULT] 114,128,8,0.703358889,0.703023195,22643,16887,45286
[RESULT] 114,128,9,0.650742531,0.649629354,22643,16887,45286
[RESULT] 81,128,0,0.590191603,0.589838505,22714,16966,45428
[RESULT] 81,128,1,0.672367096,0.672034979,22714,16966,45428
[RESULT] 81,128,2,0.590376139,0.590038300,22714,16966,45428
[RESULT] 81,128,3,0.676395416,0.676054955,22714,16966,45428
[RESULT] 81,128,4,0.685896635,0.604888678,22714,16966,45428
[RESULT] 81,128,5,0.670433521,0.670099258,22714,16966,45428
[RESULT] 81,128,6,0.670382023,0.670042753,22714,16966,45428
[RESULT] 81,128,7,0.672390699,0.672050714,22714,16966,45428
[RESULT] 81,128,8,0.586425781,0.586092472,22714,16966,45428
[RESULT] 81,128,9,0.762139559,0.761803627,22714,16966,45428
[RESULT] 103,128,0,0.618452311,0.618098974,22799,17049,45598
[RESULT] 103,128,1,0.700392962,0.700046301,22799,17049,45598
[RESULT] 103,128,2,0.700397491,0.700045109,22799,17049,45598
[RESULT] 103,128,3,0.712367058,0.712049723,22799,17049,45598
[RESULT] 103,128,4,0.708351374,0.708045006,22799,17049,45598
[RESULT] 103,128,5,0.792438507,0.792070866,22799,17049,45598
[RESULT] 103,128,6,0.792441607,0.792068243,22799,17049,45598
[RESULT] 103,128,7,0.700420856,0.700068951,22799,17049,45598
[RESULT] 103,128,8,0.704367399,0.704041481,22799,17049,45598
[RESULT] 103,128,9,0.789220095,0.788139582,22799,17049,45598
[RESULT] 5,128,0,0.672382593,0.672031164,22697,16949,45394
[RESULT] 5,128,1,0.672367334,0.672028065,22697,16949,45394
[RESULT] 5,128,2,0.589335442,0.588991165,22697,16949,45394
[RESULT] 5,128,3,0.672367811,0.672034264,22697,16949,45394
[RESULT] 5,128,4,0.672018290,0.671675682,22697,16949,45394
[RESULT] 5,128,5,0.757336140,0.756996155,22697,16949,45394
[RESULT] 5,128,6,0.761001110,0.759986877,22697,16949,45394
[RESULT] 5,128,7,0.755324602,0.754992723,22697,16949,45394
[RESULT] 5,128,8,0.669332027,0.668992996,22697,16949,45394
[RESULT] 5,128,9,0.842387438,0.842028618,22697,16949,45394
[RESULT] 2,128,0,0.672299385,0.671986341,22698,16936,45396
[RESULT] 2,128,1,0.840202093,0.839889050,22698,16936,45396
[RESULT] 2,128,2,0.672332287,0.672024965,22698,16936,45396
[RESULT] 2,128,3,0.841305256,0.841006041,22698,16936,45396
[RESULT] 2,128,4,0.676289558,0.675983429,22698,16936,45396
[RESULT] 2,128,5,0.844331741,0.844027519,22698,16936,45396
[RESULT] 2,128,6,0.839954853,0.838992119,22698,16936,45396
[RESULT] 2,128,7,0.840321779,0.840026617,22698,16936,45396
[RESULT] 2,128,8,0.756303549,0.756002665,22698,16936,45396
[RESULT] 2,128,9,0.925431252,0.925115108,22698,16936,45396
[RESULT] 120,128,0,0.612346172,0.612020731,22690,16940,45380
[RESULT] 120,128,1,0.651349545,0.651023626,22690,16940,45380
[RESULT] 120,128,2,0.711360693,0.711033106,22690,16940,45380
[RESULT] 120,128,3,0.790331841,0.790009737,22690,16940,45380
[RESULT] 120,128,4,0.707351923,0.707031488,22690,16940,45380
[RESULT] 120,128,5,0.819355488,0.819025755,22690,16940,45380
[RESULT] 120,128,6,0.798351526,0.798029423,22690,16940,45380
[RESULT] 120,128,7,0.789769173,0.789054394,22690,16940,45380
[RESULT] 120,128,8,0.620351076,0.620027304,22690,16940,45380
[RESULT] 120,128,9,0.727630615,0.726534128,22690,16940,45380
[RESULT] 63,128,0,0.672375679,0.672038078,22780,17038,45560
[RESULT] 63,128,1,0.672445536,0.672092915,22780,17038,45560
[RESULT] 63,128,2,0.590446711,0.590108156,22780,17038,45560
[RESULT] 63,128,3,0.672450304,0.672107220,22780,17038,45560
[RESULT] 63,128,4,0.738040924,0.737032652,22780,17038,45560
[RESULT] 63,128,5,0.670426130,0.670082808,22780,17038,45560
[RESULT] 63,128,6,0.670321703,0.669977427,22780,17038,45560
[RESULT] 63,128,7,0.672380686,0.672037363,22780,17038,45560
[RESULT] 63,128,8,0.586395502,0.586036921,22780,17038,45560
[RESULT] 63,128,9,0.749457836,0.749125242,22780,17038,45560
[RESULT] 59,128,0,0.588369370,0.588035345,22683,16933,45366
[RESULT] 59,128,1,0.588371754,0.588040352,22683,16933,45366
[RESULT] 59,128,2,0.504353046,0.504027128,22683,16933,45366
[RESULT] 59,128,3,0.588377476,0.588045835,22683,16933,45366
[RESULT] 59,128,4,0.587369204,0.587039471,22683,16933,45366
[RESULT] 59,128,5,0.672382593,0.672045946,22683,16933,45366
[RESULT] 59,128,6,0.673030853,0.672035217,22683,16933,45366
[RESULT] 59,128,7,0.671381235,0.671042919,22683,16933,45366
[RESULT] 59,128,8,0.585383415,0.585047722,22683,16933,45366
[RESULT] 59,128,9,0.755429983,0.755077124,22683,16933,45366
[RESULT] 90,128,0,0.660346746,0.660021067,22732,16958,45464
[RESULT] 90,128,1,0.499343395,0.499027729,22732,16958,45464
[RESULT] 90,128,2,0.605355740,0.605022430,22732,16958,45464
[RESULT] 90,128,3,0.714358091,0.714034796,22732,16958,45464
[RESULT] 90,128,4,0.715106726,0.699020624,22732,16958,45464
[RESULT] 90,128,5,0.765348196,0.765016079,22732,16958,45464
[RESULT] 90,128,6,0.802366734,0.802035809,22732,16958,45464
[RESULT] 90,128,7,0.612347603,0.612019062,22732,16958,45464
[RESULT] 90,128,8,0.620396614,0.620067596,22732,16958,45464
[RESULT] 90,128,9,0.707808256,0.706688166,22732,16958,45464
[RESULT] 73,128,0,0.616373777,0.616043568,22670,16911,45340
[RESULT] 73,128,1,0.704392672,0.704047203,22670,16911,45340
[RESULT] 73,128,2,0.616379738,0.616053820,22670,16911,45340
[RESULT] 73,128,3,0.616382122,0.616066456,22670,16911,45340
[RESULT] 73,128,4,0.704330683,0.704021931,22670,16911,45340
[RESULT] 73,128,5,0.772365093,0.772043705,22670,16911,45340
[RESULT] 73,128,6,0.792413473,0.792044163,22670,16911,45340
[RESULT] 73,128,7,0.708409071,0.708075047,22670,16911,45340
[RESULT] 73,128,8,0.616369724,0.616049051,22670,16911,45340
[RESULT] 73,128,9,0.861162663,0.860048294,22670,16911,45340
[RESULT] 110,128,0,0.588762999,0.588013411,22685,16905,45370
[RESULT] 110,128,1,0.756762981,0.756021023,22685,16905,45370
[RESULT] 110,128,2,0.588820696,0.588088751,22685,16905,45370
[RESULT] 110,128,3,0.757714748,0.757039785,22685,16905,45370
[RESULT] 110,128,4,0.594738007,0.594038248,22685,16905,45370
[RESULT] 110,128,5,0.847214460,0.844022751,22685,16905,45370
[RESULT] 110,128,6,0.755309343,0.755045891,22685,16905,45370
[RESULT] 110,128,7,0.756312132,0.756042242,22685,16905,45370
[RESULT] 110,128,8,0.672312260,0.672043562,22685,16905,45370
[RESULT] 110,128,9,0.841396809,0.841084719,22685,16905,45370
[RESULT] 0,128,0,0.743342400,0.743007183,22609,16858,45218
[RESULT] 0,128,1,0.718331575,0.718004465,22609,16858,45218
[RESULT] 0,128,2,0.687324047,0.686995745,22609,16858,45218
[RESULT] 0,128,3,0.759314299,0.758991241,22609,16858,45218
[RESULT] 0,128,4,0.759328604,0.759003639,22609,16858,45218
[RESULT] 0,128,5,0.872383118,0.872058153,22609,16858,45218
[RESULT] 0,128,6,0.858344555,0.858017683,22609,16858,45218
[RESULT] 0,128,7,0.863291025,0.773953676,22609,16858,45218
[RESULT] 0,128,8,0.786325693,0.785994053,22609,16858,45218
[RESULT] 0,128,9,0.849881887,0.836025953,22609,16858,45218

Benchmark Summary
Processes: 128
Iterations: 10
Matrix NNZ: 2903837
Total execution time: 88.347 seconds
[RESULT] 78,128,0,0.707360029,0.707021713,22565,16788,45130
[RESULT] 78,128,1,0.535398483,0.535055876,22565,16788,45130
[RESULT] 78,128,2,0.626391172,0.626041412,22565,16788,45130
[RESULT] 78,128,3,0.708369970,0.708038807,22565,16788,45130
[RESULT] 78,128,4,0.711353779,0.711027384,22565,16788,45130
[RESULT] 78,128,5,0.695372343,0.695047140,22565,16788,45130
[RESULT] 78,128,6,0.704392195,0.704067230,22565,16788,45130
[RESULT] 78,128,7,0.617365599,0.617036104,22565,16788,45130
[RESULT] 78,128,8,0.659364462,0.659035921,22565,16788,45130
[RESULT] 78,128,9,0.795155764,0.794083834,22565,16788,45130
[RESULT] 98,128,0,0.588330507,0.588016510,22770,17025,45540
[RESULT] 98,128,1,0.756346941,0.756034374,22770,17025,45540
[RESULT] 98,128,2,0.756332874,0.756023169,22770,17025,45540
[RESULT] 98,128,3,0.837337255,0.837027788,22770,17025,45540
[RESULT] 98,128,4,0.697033167,0.696026087,22770,17025,45540
[RESULT] 98,128,5,0.888342619,0.888027906,22770,17025,45540
[RESULT] 98,128,6,0.839366436,0.839056969,22770,17025,45540
[RESULT] 98,128,7,0.840348959,0.840048313,22770,17025,45540
[RESULT] 98,128,8,0.756370068,0.756070614,22770,17025,45540
[RESULT] 98,128,9,0.925409555,0.925082207,22770,17025,45540
[RESULT] 76,128,0,0.592337370,0.592001200,22701,16949,45402
[RESULT] 76,128,1,0.592360258,0.592012167,22701,16949,45402
[RESULT] 76,128,2,0.593615770,0.593276978,22701,16949,45402
[RESULT] 76,128,3,0.590373993,0.590031624,22701,16949,45402
[RESULT] 76,128,4,0.594384670,0.594038486,22701,16949,45402
[RESULT] 76,128,5,0.593395472,0.593062639,22701,16949,45402
[RESULT] 76,128,6,0.592370749,0.592036724,22701,16949,45402
[RESULT] 76,128,7,0.592374802,0.592034817,22701,16949,45402
[RESULT] 76,128,8,0.589377880,0.589040518,22701,16949,45402
[RESULT] 76,128,9,0.592453241,0.592111588,22701,16949,45402
[RESULT] 65,128,0,0.588366508,0.588015795,22716,16961,45432
[RESULT] 65,128,1,0.588381529,0.588041782,22716,16961,45432
[RESULT] 65,128,2,0.504369259,0.504029751,22716,16961,45432
[RESULT] 65,128,3,0.588389158,0.588046789,22716,16961,45432
[RESULT] 65,128,4,0.587396860,0.587049723,22716,16961,45432
[RESULT] 65,128,5,0.672380686,0.672039032,22716,16961,45432
[RESULT] 65,128,6,0.673057556,0.672040939,22716,16961,45432
[RESULT] 65,128,7,0.675382853,0.675040722,22716,16961,45432
[RESULT] 65,128,8,0.593387365,0.593043327,22716,16961,45432
[RESULT] 65,128,9,0.739441156,0.739080667,22716,16961,45432
[RESULT] 80,128,0,0.500553131,0.500020266,22637,16898,45274
[RESULT] 80,128,1,0.676546812,0.676028490,22637,16898,45274
[RESULT] 80,128,2,0.672540188,0.672026873,22637,16898,45274
[RESULT] 80,128,3,0.673545837,0.673041344,22637,16898,45274
[RESULT] 80,128,4,0.504593611,0.504086256,22637,16898,45274
[RESULT] 80,128,5,0.739125252,0.737095594,22637,16898,45274
[RESULT] 80,128,6,0.671332836,0.671028614,22637,16898,45274
[RESULT] 80,128,7,0.672327280,0.672022343,22637,16898,45274
[RESULT] 80,128,8,0.588328600,0.588026524,22637,16898,45274
[RESULT] 80,128,9,0.753417730,0.753087759,22637,16898,45274
[RESULT] 96,128,0,0.625370264,0.625044346,22686,16952,45372
[RESULT] 96,128,1,0.691372395,0.691039562,22686,16952,45372
[RESULT] 96,128,2,0.795345783,0.795017481,22686,16952,45372
[RESULT] 96,128,3,0.773382425,0.773054838,22686,16952,45372
[RESULT] 96,128,4,0.787345171,0.787019730,22686,16952,45372
[RESULT] 96,128,5,0.887354851,0.887017488,22686,16952,45372
[RESULT] 96,128,6,0.813667059,0.813336849,22686,16952,45372
[RESULT] 96,128,7,0.857356787,0.857024193,22686,16952,45372
[RESULT] 96,128,8,0.700389147,0.700058222,22686,16952,45372
[RESULT] 96,128,9,0.771173716,0.770067930,22686,16952,45372
[RESULT] 117,128,0,0.590113640,0.589775562,22718,16904,45436
[RESULT] 117,128,1,0.672374725,0.672037363,22718,16904,45436
[RESULT] 117,128,2,0.506405830,0.506071568,22718,16904,45436
[RESULT] 117,128,3,0.588387728,0.588051796,22718,16904,45436
[RESULT] 117,128,4,0.633048773,0.632030725,22718,16904,45436
[RESULT] 117,128,5,0.670381546,0.670045853,22718,16904,45436
[RESULT] 117,128,6,0.670371771,0.670032978,22718,16904,45436
[RESULT] 117,128,7,0.672372818,0.672031641,22718,16904,45436
[RESULT] 117,128,8,0.590383053,0.590029001,22718,16904,45436
[RESULT] 117,128,9,0.741441488,0.741113901,22718,16904,45436
[RESULT] 82,128,0,0.444335938,0.444001913,22741,16926,45482
[RESULT] 82,128,1,0.448341608,0.448005915,22741,16926,45482
[RESULT] 82,128,2,0.593346596,0.593002319,22741,16926,45482
[RESULT] 82,128,3,0.442402363,0.442062855,22741,16926,45482
[RESULT] 82,128,4,0.594394922,0.594042063,22741,16926,45482
[RESULT] 82,128,5,0.593402386,0.593066692,22741,16926,45482
[RESULT] 82,128,6,0.596398830,0.596063137,22741,16926,45482
[RESULT] 82,128,7,0.592403173,0.592069864,22741,16926,45482
[RESULT] 82,128,8,0.589376450,0.589033127,22741,16926,45482
[RESULT] 82,128,9,0.592490673,0.592141867,22741,16926,45482
[RESULT] 89,128,0,0.504334927,0.504028559,22549,16804,45098
[RESULT] 89,128,1,0.504349232,0.504037619,22549,16804,45098
[RESULT] 89,128,2,0.504349470,0.504025459,22549,16804,45098
[RESULT] 89,128,3,0.506181479,0.505858183,22549,16804,45098
[RESULT] 89,128,4,0.588345528,0.588027716,22549,16804,45098
[RESULT] 89,128,5,0.588377714,0.588057995,22549,16804,45098
[RESULT] 89,128,6,0.673028231,0.672052622,22549,16804,45098
[RESULT] 89,128,7,0.671376228,0.671052217,22549,16804,45098
[RESULT] 89,128,8,0.589371681,0.589049816,22549,16804,45098
[RESULT] 89,128,9,0.675459385,0.675092697,22549,16804,45098
[RESULT] 70,128,0,0.592376709,0.592002392,22636,16876,45272
[RESULT] 70,128,1,0.592349529,0.592009783,22636,16876,45272
[RESULT] 70,128,2,0.593588352,0.593244553,22636,16876,45272
[RESULT] 70,128,3,0.590370417,0.590030193,22636,16876,45272
[RESULT] 70,128,4,0.598397255,0.598039150,22636,16876,45272
[RESULT] 70,128,5,0.593380928,0.593037367,22636,16876,45272
[RESULT] 70,128,6,0.592417240,0.592074394,22636,16876,45272
[RESULT] 70,128,7,0.592398882,0.592062950,22636,16876,45272
[RESULT] 70,128,8,0.589401722,0.589056969,22636,16876,45272
[RESULT] 70,128,9,0.592525244,0.592118979,22636,16876,45272
[RESULT] 119,128,0,0.588349104,0.588041306,22620,16859,45240
[RESULT] 119,128,1,0.588343143,0.588028193,22620,16859,45240
[RESULT] 119,128,2,0.504340410,0.504019976,22620,16859,45240
[RESULT] 119,128,3,0.672335148,0.672013044,22620,16859,45240
[RESULT] 119,128,4,0.675337791,0.675015688,22620,16859,45240
[RESULT] 119,128,5,0.756344557,0.756016731,22620,16859,45240
[RESULT] 119,128,6,0.673027277,0.672045469,22620,16859,45240
[RESULT] 119,128,7,0.671344280,0.671019793,22620,16859,45240
[RESULT] 119,128,8,0.589347363,0.589017868,22620,16859,45240
[RESULT] 119,128,9,0.759455204,0.759078026,22620,16859,45240
[RESULT] 94,128,0,0.448361635,0.448029518,22676,16913,45352
[RESULT] 94,128,1,0.444411993,0.444071770,22676,16913,45352
[RESULT] 94,128,2,0.637348175,0.637005568,22676,16913,45352
[RESULT] 94,128,3,0.442390442,0.442049265,22676,16913,45352
[RESULT] 94,128,4,0.444408178,0.444055080,22676,16913,45352
[RESULT] 94,128,5,0.449417591,0.449074745,22676,16913,45352
[RESULT] 94,128,6,0.444399834,0.444067001,22676,16913,45352
[RESULT] 94,128,7,0.444387913,0.444051981,22676,16913,45352
[RESULT] 94,128,8,0.441376925,0.441034794,22676,16913,45352
[RESULT] 94,128,9,0.444478989,0.444128513,22676,16913,45352
[RESULT] 10,128,0,0.592351198,0.592021465,22720,16940,45440
[RESULT] 10,128,1,0.592344046,0.592008114,22720,16940,45440
[RESULT] 10,128,2,0.589394569,0.589053154,22720,16940,45440
[RESULT] 10,128,3,0.590373278,0.590025425,22720,16940,45440
[RESULT] 10,128,4,0.590390921,0.590039492,22720,16940,45440
[RESULT] 10,128,5,0.736386061,0.736028671,22720,16940,45440
[RESULT] 10,128,6,0.741358280,0.741025209,22720,16940,45440
[RESULT] 10,128,7,0.740371466,0.740030766,22720,16940,45440
[RESULT] 10,128,8,0.790340900,0.790005207,22720,16940,45440
[RESULT] 10,128,9,0.741373777,0.741013527,22720,16940,45440
[RESULT] 95,128,0,0.420351744,0.420038462,22661,16908,45322
[RESULT] 95,128,1,0.504344940,0.504030704,22661,16908,45322
[RESULT] 95,128,2,0.420350552,0.420037985,22661,16908,45322
[RESULT] 95,128,3,0.504359007,0.504045010,22661,16908,45322
[RESULT] 95,128,4,0.504358292,0.504039764,22661,16908,45322
[RESULT] 95,128,5,0.592347145,0.592028618,22661,16908,45322
[RESULT] 95,128,6,0.672993660,0.672015905,22661,16908,45322
[RESULT] 95,128,7,0.675356150,0.675022840,22661,16908,45322
[RESULT] 95,128,8,0.585351467,0.585024595,22661,16908,45322
[RESULT] 95,128,9,0.675149441,0.594788074,22661,16908,45322
[RESULT] 97,128,0,0.618448973,0.618089914,22711,16933,45422
[RESULT] 97,128,1,0.700372934,0.700051308,22711,16933,45422
[RESULT] 97,128,2,0.708419085,0.708049774,22711,16933,45422
[RESULT] 97,128,3,0.704352617,0.704037905,22711,16933,45422
[RESULT] 97,128,4,0.792315006,0.792011499,22711,16933,45422
[RESULT] 97,128,5,0.794104099,0.793729067,22711,16933,45422
[RESULT] 97,128,6,0.792373419,0.792057514,22711,16933,45422
[RESULT] 97,128,7,0.701088667,0.700738430,22711,16933,45422
[RESULT] 97,128,8,0.704379082,0.704047918,22711,16933,45422
[RESULT] 97,128,9,0.889178038,0.888098478,22711,16933,45422
[RESULT] 124,128,0,0.444420815,0.444091320,22706,16890,45412
[RESULT] 124,128,1,0.444393873,0.444066286,22706,16890,45412
[RESULT] 124,128,2,0.597366333,0.597024441,22706,16890,45412
[RESULT] 124,128,3,0.440404177,0.440069437,22706,16890,45412
[RESULT] 124,128,4,0.564382792,0.564038754,22706,16890,45412
[RESULT] 124,128,5,0.748358250,0.748021364,22706,16890,45412
[RESULT] 124,128,6,0.741373062,0.741025448,22706,16890,45412
[RESULT] 124,128,7,0.740369558,0.740023613,22706,16890,45412
[RESULT] 124,128,8,0.746380329,0.746039629,22706,16890,45412
[RESULT] 124,128,9,0.741472483,0.741121531,22706,16890,45412
[RESULT] 106,128,0,0.444556952,0.444221973,22660,16886,45320
[RESULT] 106,128,1,0.444590569,0.444252968,22660,16886,45320
[RESULT] 106,128,2,0.593392134,0.593048096,22660,16886,45320
[RESULT] 106,128,3,0.586383104,0.586041451,22660,16886,45320
[RESULT] 106,128,4,0.600422382,0.600066423,22660,16886,45320
[RESULT] 106,128,5,0.744372845,0.744035721,22660,16886,45320
[RESULT] 106,128,6,0.741364479,0.741026878,22660,16886,45320
[RESULT] 106,128,7,0.736342192,0.736001730,22660,16886,45320
[RESULT] 106,128,8,0.738401413,0.738057375,22660,16886,45320
[RESULT] 106,128,9,0.741484165,0.741128683,22660,16886,45320
[RESULT] 52,128,0,0.740333796,0.740003109,22734,16961,45468
[RESULT] 52,128,1,0.740331650,0.740004063,22734,16961,45468
[RESULT] 52,128,2,0.748383760,0.748051882,22734,16961,45468
[RESULT] 52,128,3,0.738336802,0.737998724,22734,16961,45468
[RESULT] 52,128,4,0.744345665,0.744005680,22734,16961,45468
[RESULT] 52,128,5,0.592563868,0.592225552,22734,16961,45468
[RESULT] 52,128,6,0.593549967,0.593216181,22734,16961,45468
[RESULT] 52,128,7,0.592617750,0.592268944,22734,16961,45468
[RESULT] 52,128,8,0.742347956,0.742015839,22734,16961,45468
[RESULT] 52,128,9,0.741415739,0.741061687,22734,16961,45468
[RESULT] 16,128,0,0.592335224,0.592001200,22619,16879,45238
[RESULT] 16,128,1,0.592567921,0.592236519,22619,16879,45238
[RESULT] 16,128,2,0.744352341,0.744016647,22619,16879,45238
[RESULT] 16,128,3,0.600564241,0.600224733,22619,16879,45238
[RESULT] 16,128,4,0.736349821,0.736000299,22619,16879,45238
[RESULT] 16,128,5,0.748332739,0.748001814,22619,16879,45238
[RESULT] 16,128,6,0.741335392,0.741003752,22619,16879,45238
[RESULT] 16,128,7,0.744358063,0.744003296,22619,16879,45238
[RESULT] 16,128,8,0.594405890,0.594069481,22619,16879,45238
[RESULT] 16,128,9,0.741377592,0.741020918,22619,16879,45238
[RESULT] 118,128,0,0.444566250,0.444226742,22731,16967,45462
[RESULT] 118,128,1,0.444422960,0.444087505,22731,16967,45462
[RESULT] 118,128,2,0.593377829,0.593034029,22731,16967,45462
[RESULT] 118,128,3,0.594392300,0.594038248,22731,16967,45462
[RESULT] 118,128,4,0.596407652,0.596048594,22731,16967,45462
[RESULT] 118,128,5,0.744375467,0.744024038,22731,16967,45462
[RESULT] 118,128,6,0.741373777,0.741036654,22731,16967,45462
[RESULT] 118,128,7,0.740361929,0.740023851,22731,16967,45462
[RESULT] 118,128,8,0.742383480,0.742018461,22731,16967,45462
[RESULT] 118,128,9,0.745369434,0.745008469,22731,16967,45462
