Retrieving the matrix from '../data/Hook_1498.mtx'...
Real Matrix (Strong Scaling): Rows=1498023 | Cols=1498023 | NNZ=31207734 | Procs=1
Matrix distributed and converted to CSR
Ghost columns identified: 0 total ghost values needed
Local vector initialized (size=1498023 per process)
[RESULT] 0,1,0,0.100378752,0.000001669,31207734,0,62415468
[RESULT] 0,1,1,0.099758148,0.000001192,31207734,0,62415468
[RESULT] 0,1,2,0.099923611,0.000001431,31207734,0,62415468
[RESULT] 0,1,3,0.099713802,0.000001669,31207734,0,62415468
[RESULT] 0,1,4,0.099980593,0.000002146,31207734,0,62415468
[RESULT] 0,1,5,0.099996328,0.000002384,31207734,0,62415468
[RESULT] 0,1,6,0.099955320,0.000002623,31207734,0,62415468
[RESULT] 0,1,7,0.099740267,0.000001907,31207734,0,62415468
[RESULT] 0,1,8,0.099704504,0.000002384,31207734,0,62415468
[RESULT] 0,1,9,0.099942207,0.000001907,31207734,0,62415468

Benchmark Summary
Processes: 1
Iterations: 10
Matrix NNZ: 31207734
Total execution time: 15.367 seconds
