Retrieving the matrix from '../data/Andrews.mtx'...
Real Matrix (Strong Scaling): Rows=60000 | Cols=60000 | NNZ=410077 | Procs=4
Matrix distributed and converted to CSR
Ghost columns identified: 56607 total ghost values needed
Local vector initialized (size=15000 per process)
[RESULT] 0,4,0,0.001629353,0.000529289,101144,56607,202288
[RESULT] 0,4,1,0.001326561,0.000290155,101144,56607,202288
[RESULT] 0,4,2,0.001352310,0.000264883,101144,56607,202288
[RESULT] 0,4,3,0.001351357,0.000298262,101144,56607,202288
[RESULT] 0,4,4,0.001354456,0.000284672,101144,56607,202288
[RESULT] 0,4,5,0.001368999,0.000300646,101144,56607,202288
[RESULT] 0,4,6,0.001302958,0.000260115,101144,56607,202288
[RESULT] 0,4,7,0.001325607,0.000293016,101144,56607,202288
[RESULT] 0,4,8,0.001323462,0.000290394,101144,56607,202288
[RESULT] 0,4,9,0.001332521,0.000297070,101144,56607,202288

Benchmark Summary
Processes: 4
Iterations: 10
Matrix NNZ: 410077
Total execution time: 0.136 seconds
[RESULT] 1,4,0,0.001593351,0.000531673,104188,58254,208376
[RESULT] 1,4,1,0.001336098,0.000283003,104188,58254,208376
[RESULT] 1,4,2,0.001321793,0.000272036,104188,58254,208376
[RESULT] 1,4,3,0.001317263,0.000260353,104188,58254,208376
[RESULT] 1,4,4,0.001328230,0.000275135,104188,58254,208376
[RESULT] 1,4,5,0.001335382,0.000280857,104188,58254,208376
[RESULT] 1,4,6,0.001331091,0.000277042,104188,58254,208376
[RESULT] 1,4,7,0.001352310,0.000295162,104188,58254,208376
[RESULT] 1,4,8,0.001342058,0.000285387,104188,58254,208376
[RESULT] 1,4,9,0.001365900,0.000303984,104188,58254,208376
[RESULT] 2,4,0,0.001508951,0.000462294,101519,56581,203038
[RESULT] 2,4,1,0.001342297,0.000304937,101519,56581,203038
[RESULT] 2,4,2,0.001311302,0.000264406,101519,56581,203038
[RESULT] 2,4,3,0.001386881,0.000331402,101519,56581,203038
[RESULT] 2,4,4,0.001332283,0.000278950,101519,56581,203038
[RESULT] 2,4,5,0.001291990,0.000247240,101519,56581,203038
[RESULT] 2,4,6,0.001303434,0.000257492,101519,56581,203038
[RESULT] 2,4,7,0.001310825,0.000264406,101519,56581,203038
[RESULT] 2,4,8,0.001333237,0.000288963,101519,56581,203038
[RESULT] 2,4,9,0.001349211,0.000307083,101519,56581,203038
[RESULT] 3,4,0,0.001564741,0.000457287,103226,57356,206452
[RESULT] 3,4,1,0.001363277,0.000317097,103226,57356,206452
[RESULT] 3,4,2,0.001372814,0.000271559,103226,57356,206452
[RESULT] 3,4,3,0.001381636,0.000322819,103226,57356,206452
[RESULT] 3,4,4,0.001364470,0.000281096,103226,57356,206452
[RESULT] 3,4,5,0.001372576,0.000297546,103226,57356,206452
[RESULT] 3,4,6,0.001318693,0.000270367,103226,57356,206452
[RESULT] 3,4,7,0.001307011,0.000260830,103226,57356,206452
[RESULT] 3,4,8,0.001332283,0.000286818,103226,57356,206452
[RESULT] 3,4,9,0.001339197,0.000293493,103226,57356,206452
