Retrieving the matrix from '../data/bcsstk27.mtx'...
Real Matrix (Strong Scaling): Rows=1224 | Cols=1224 | NNZ=28675 | Procs=128
Matrix distributed and converted to CSR
Ghost columns identified: 205 total ghost values needed
Local vector initialized (size=10 per process)
[RESULT] 20,128,0,0.001273394,0.001271963,235,225,470
[RESULT] 20,128,1,0.001760244,0.001759052,235,225,470
[RESULT] 20,128,2,0.001113892,0.001112700,235,225,470
[RESULT] 20,128,3,0.001134157,0.001132965,235,225,470
[RESULT] 20,128,4,0.001144409,0.001143217,235,225,470
[RESULT] 20,128,5,0.001207352,0.001206398,235,225,470
[RESULT] 20,128,6,0.001204967,0.001203775,235,225,470
[RESULT] 20,128,7,0.001167297,0.001166105,235,225,470
[RESULT] 20,128,8,0.001167536,0.001166344,235,225,470
[RESULT] 20,128,9,0.001234055,0.001233101,235,225,470
[RESULT] 21,128,0,0.001278877,0.001277447,222,212,444
[RESULT] 21,128,1,0.001806974,0.001805544,222,212,444
[RESULT] 21,128,2,0.001231194,0.001227856,222,212,444
[RESULT] 21,128,3,0.001175404,0.001174212,222,212,444
[RESULT] 21,128,4,0.001228571,0.001227379,222,212,444
[RESULT] 21,128,5,0.001144648,0.001143456,222,212,444
[RESULT] 21,128,6,0.001183271,0.001181841,222,212,444
[RESULT] 21,128,7,0.001111269,0.001110077,222,212,444
[RESULT] 21,128,8,0.001210213,0.001209259,222,212,444
[RESULT] 21,128,9,0.001185417,0.001184464,222,212,444
[RESULT] 22,128,0,0.001298189,0.001296520,232,222,464
[RESULT] 22,128,1,0.001773834,0.001772404,232,222,464
[RESULT] 22,128,2,0.001300097,0.001298666,232,222,464
[RESULT] 22,128,3,0.000981331,0.000980377,232,222,464
[RESULT] 22,128,4,0.001241446,0.001240492,232,222,464
[RESULT] 22,128,5,0.001169443,0.001168251,232,222,464
[RESULT] 22,128,6,0.001285315,0.001284122,232,222,464
[RESULT] 22,128,7,0.001129866,0.001128912,232,222,464
[RESULT] 22,128,8,0.001286507,0.001285315,232,222,464
[RESULT] 22,128,9,0.001205206,0.001204252,232,222,464
[RESULT] 23,128,0,0.001304150,0.001302958,220,210,440
[RESULT] 23,128,1,0.001791954,0.001790524,220,210,440
[RESULT] 23,128,2,0.001374960,0.001373768,220,210,440
[RESULT] 23,128,3,0.001098156,0.001097202,220,210,440
[RESULT] 23,128,4,0.001245022,0.001243830,220,210,440
[RESULT] 23,128,5,0.001038074,0.001036882,220,210,440
[RESULT] 23,128,6,0.001259804,0.001258850,220,210,440
[RESULT] 23,128,7,0.001085043,0.001084089,220,210,440
[RESULT] 23,128,8,0.001228809,0.001227856,220,210,440
[RESULT] 23,128,9,0.001018047,0.001017094,220,210,440
[RESULT] 19,128,0,0.001274824,0.001273632,225,215,450
[RESULT] 19,128,1,0.001791239,0.001790285,225,215,450
[RESULT] 19,128,2,0.001116276,0.001115322,225,215,450
[RESULT] 19,128,3,0.001139879,0.001138926,225,215,450
[RESULT] 19,128,4,0.001142025,0.001141071,225,215,450
[RESULT] 19,128,5,0.001233339,0.001232386,225,215,450
[RESULT] 19,128,6,0.001202345,0.001201391,225,215,450
[RESULT] 19,128,7,0.001208305,0.001207113,225,215,450
[RESULT] 19,128,8,0.001169682,0.001168728,225,215,450
[RESULT] 19,128,9,0.001257658,0.001256466,225,215,450
[RESULT] 86,128,0,0.001212358,0.001210928,210,201,420
[RESULT] 86,128,1,0.001878262,0.001877069,210,201,420
[RESULT] 86,128,2,0.001454115,0.001453161,210,201,420
[RESULT] 86,128,3,0.001352787,0.001351595,210,201,420
[RESULT] 86,128,4,0.001464367,0.001463413,210,201,420
[RESULT] 86,128,5,0.001355410,0.001354218,210,201,420
[RESULT] 86,128,6,0.001256704,0.001255751,210,201,420
[RESULT] 86,128,7,0.001353025,0.001352072,210,201,420
[RESULT] 86,128,8,0.001324654,0.001323223,210,201,420
[RESULT] 86,128,9,0.001302958,0.001301765,210,201,420
[RESULT] 81,128,0,0.001248837,0.001247168,209,200,418
[RESULT] 81,128,1,0.001896381,0.001895189,209,200,418
[RESULT] 81,128,2,0.001383781,0.001382828,209,200,418
[RESULT] 81,128,3,0.001371145,0.001369953,209,200,418
[RESULT] 81,128,4,0.001483202,0.001482248,209,200,418
[RESULT] 81,128,5,0.001456022,0.001455069,209,200,418
[RESULT] 81,128,6,0.001260996,0.001259804,209,200,418
[RESULT] 82,128,0,0.001243353,0.001242161,218,209,436
[RESULT] 82,128,1,0.001893044,0.001891851,218,209,436
[RESULT] 82,128,2,0.001376629,0.001375437,218,209,436
[RESULT] 82,128,3,0.001336098,0.001334906,218,209,436
[RESULT] 82,128,4,0.001460552,0.001459360,218,209,436
[RESULT] 82,128,5,0.001397848,0.001396656,218,209,436
[RESULT] 82,128,6,0.001260996,0.001260042,218,209,436
[RESULT] 82,128,7,0.001444817,0.001443386,218,209,436
[RESULT] 82,128,8,0.001343966,0.001342773,218,209,436
[RESULT] 82,128,9,0.001360178,0.001358747,218,209,436
[RESULT] 83,128,0,0.001240492,0.001239061,205,196,410
[RESULT] 83,128,1,0.001893520,0.001892090,205,196,410
[RESULT] 83,128,2,0.001392126,0.001391172,205,196,410
[RESULT] 83,128,3,0.001363039,0.001361609,205,196,410
[RESULT] 83,128,4,0.001446962,0.001445770,205,196,410
[RESULT] 83,128,5,0.001438141,0.001436949,205,196,410
[RESULT] 83,128,6,0.001270533,0.001269341,205,196,410
[RESULT] 83,128,7,0.001402378,0.001401186,205,196,410
[RESULT] 83,128,8,0.001326561,0.001325607,205,196,410
[RESULT] 83,128,9,0.001405716,0.001404524,205,196,410
[RESULT] 84,128,0,0.001229525,0.001228333,214,205,428
[RESULT] 84,128,1,0.001888990,0.001887798,214,205,428
[RESULT] 84,128,2,0.001391411,0.001390219,214,205,428
[RESULT] 84,128,3,0.001339674,0.001338482,214,205,428
[RESULT] 84,128,4,0.001431704,0.001430511,214,205,428
[RESULT] 84,128,5,0.001404762,0.001403570,214,205,428
[RESULT] 84,128,6,0.001262188,0.001260996,214,205,428
[RESULT] 84,128,7,0.001386404,0.001385450,214,205,428
[RESULT] 84,128,8,0.001323938,0.001322746,214,205,428
[RESULT] 84,128,9,0.001386404,0.001385212,214,205,428
[RESULT] 85,128,0,0.001225710,0.001224518,201,192,402
[RESULT] 85,128,1,0.001876593,0.001875639,201,192,402
[RESULT] 85,128,2,0.001456022,0.001455069,201,192,402
[RESULT] 85,128,3,0.001385450,0.001384497,201,192,402
[RESULT] 85,128,4,0.001461744,0.001460791,201,192,402
[RESULT] 85,128,5,0.001381636,0.001380682,201,192,402
[RESULT] 85,128,6,0.001257658,0.001256466,201,192,402
[RESULT] 85,128,7,0.001371622,0.001370430,201,192,402
[RESULT] 85,128,8,0.001327276,0.001326323,201,192,402
[RESULT] 85,128,9,0.001352310,0.001351357,201,192,402
[RESULT] 81,128,7,0.001470566,0.001469374,209,200,418
[RESULT] 81,128,8,0.001337290,0.001336336,209,200,418
[RESULT] 81,128,9,0.001395464,0.001394510,209,200,418
[RESULT] 87,128,0,0.001202822,0.001201868,207,198,414
[RESULT] 87,128,1,0.001995325,0.001994371,207,198,414
[RESULT] 87,128,2,0.001459122,0.001457930,207,198,414
[RESULT] 87,128,3,0.001543999,0.001543045,207,198,414
[RESULT] 87,128,4,0.001455069,0.001454115,207,198,414
[RESULT] 87,128,5,0.001597643,0.001596689,207,198,414
[RESULT] 87,128,6,0.001229048,0.001228094,207,198,414
[RESULT] 87,128,7,0.001600742,0.001599789,207,198,414
[RESULT] 87,128,8,0.001316786,0.001315594,207,198,414
[RESULT] 87,128,9,0.001569271,0.001568317,207,198,414
[RESULT] 88,128,0,0.001219988,0.001218796,216,207,432
[RESULT] 88,128,1,0.001964092,0.001963139,216,207,432
[RESULT] 88,128,2,0.001474619,0.001473665,216,207,432
[RESULT] 88,128,3,0.001535892,0.001534462,216,207,432
[RESULT] 88,128,4,0.001466990,0.001466036,216,207,432
[RESULT] 88,128,5,0.001595974,0.001595020,216,207,432
[RESULT] 88,128,6,0.001237869,0.001236916,216,207,432
[RESULT] 88,128,7,0.001596212,0.001595259,216,207,432
[RESULT] 88,128,8,0.001328945,0.001327991,216,207,432
[RESULT] 88,128,9,0.001567841,0.001566648,216,207,432
[RESULT] 89,128,0,0.001200199,0.001198530,219,210,438
[RESULT] 89,128,1,0.001971960,0.001970768,219,210,438
[RESULT] 89,128,2,0.001456499,0.001455069,219,210,438
[RESULT] 89,128,3,0.001509905,0.001508951,219,210,438
[RESULT] 89,128,4,0.001439095,0.001437902,219,210,438
[RESULT] 89,128,5,0.001564026,0.001562834,219,210,438
[RESULT] 89,128,6,0.001237869,0.001236677,219,210,438
[RESULT] 89,128,7,0.001576424,0.001575232,219,210,438
[RESULT] 89,128,8,0.001305103,0.001303911,219,210,438
[RESULT] 89,128,9,0.001534224,0.001533031,219,210,438
[RESULT] 90,128,0,0.001192808,0.001191378,228,219,456
[RESULT] 90,128,1,0.001955032,0.001953840,228,219,456
[RESULT] 90,128,2,0.001441956,0.001440525,228,219,456
[RESULT] 90,128,3,0.001479149,0.001477718,228,219,456
[RESULT] 90,128,4,0.001434088,0.001432657,228,219,456
[RESULT] 90,128,5,0.001554966,0.001553535,228,219,456
[RESULT] 90,128,6,0.001239777,0.001238585,228,219,456
[RESULT] 90,128,7,0.001559019,0.001557827,228,219,456
[RESULT] 90,128,8,0.001305580,0.001304388,228,219,456
[RESULT] 90,128,9,0.001522541,0.001521587,228,219,456
[RESULT] 91,128,0,0.001179695,0.001178741,215,206,430
[RESULT] 91,128,1,0.001935959,0.001935005,215,206,430
[RESULT] 91,128,2,0.001446009,0.001445055,215,206,430
[RESULT] 91,128,3,0.001479149,0.001478195,215,206,430
[RESULT] 91,128,4,0.001425505,0.001424551,215,206,430
[RESULT] 91,128,5,0.001517296,0.001516342,215,206,430
[RESULT] 91,128,6,0.001236200,0.001235247,215,206,430
[RESULT] 91,128,7,0.001527071,0.001525879,215,206,430
[RESULT] 91,128,8,0.001287460,0.001286507,215,206,430
[RESULT] 91,128,9,0.001493454,0.001492500,215,206,430
[RESULT] 92,128,0,0.001158476,0.001157284,224,215,448
[RESULT] 92,128,1,0.001914501,0.001913309,224,215,448
[RESULT] 92,128,2,0.001425982,0.001425028,224,215,448
[RESULT] 92,128,3,0.001460791,0.001459599,224,215,448
[RESULT] 92,128,4,0.001419067,0.001418114,224,215,448
[RESULT] 92,128,5,0.001518250,0.001517296,224,215,448
[RESULT] 92,128,6,0.001215458,0.001214504,224,215,448
[RESULT] 92,128,7,0.001485586,0.001484632,224,215,448
[RESULT] 92,128,8,0.001294851,0.001293659,224,215,448
[RESULT] 92,128,9,0.001472473,0.001471281,224,215,448
[RESULT] 24,128,0,0.001343727,0.001342058,230,220,460
[RESULT] 24,128,1,0.001956224,0.001955032,230,220,460
[RESULT] 24,128,2,0.001348019,0.001346827,230,220,460
[RESULT] 24,128,3,0.002799034,0.002797842,230,220,460
[RESULT] 24,128,4,0.001279831,0.001278639,230,220,460
[RESULT] 24,128,5,0.002946138,0.002944946,230,220,460
[RESULT] 24,128,6,0.001343250,0.001342058,230,220,460
[RESULT] 24,128,7,0.001936674,0.001935482,230,220,460
[RESULT] 24,128,8,0.001304150,0.001302958,230,220,460
[RESULT] 24,128,9,0.001967907,0.001966715,230,220,460
[RESULT] 25,128,0,0.001338005,0.001336813,202,192,404
[RESULT] 25,128,1,0.001918316,0.001917124,202,192,404
[RESULT] 25,128,2,0.001391888,0.001390457,202,192,404
[RESULT] 25,128,3,0.002792597,0.002791643,202,192,404
[RESULT] 25,128,4,0.001281738,0.001280785,202,192,404
[RESULT] 25,128,5,0.002941608,0.002940178,202,192,404
[RESULT] 25,128,6,0.001333952,0.001332760,202,192,404
[RESULT] 25,128,7,0.001886606,0.001885414,202,192,404
[RESULT] 25,128,8,0.001300573,0.001299620,202,192,404
[RESULT] 25,128,9,0.001888990,0.001887798,202,192,404
[RESULT] 26,128,0,0.001325846,0.001324654,212,202,424
[RESULT] 26,128,1,0.001897812,0.001896620,212,202,424
[RESULT] 26,128,2,0.001657963,0.001656532,212,202,424
[RESULT] 26,128,3,0.002831936,0.002830744,212,202,424
[RESULT] 26,128,4,0.001271009,0.001270056,212,202,424
[RESULT] 26,128,5,0.002968550,0.002967358,212,202,424
[RESULT] 26,128,6,0.001341343,0.001340151,212,202,424
[RESULT] 26,128,7,0.001918077,0.001916885,212,202,424
[RESULT] 26,128,8,0.001283407,0.001281977,212,202,424
[RESULT] 26,128,9,0.001934528,0.001933575,212,202,424
[RESULT] 27,128,0,0.001315594,0.001314163,223,213,446
[RESULT] 27,128,1,0.001916170,0.001914978,223,213,446
[RESULT] 27,128,2,0.001741409,0.001740217,223,213,446
[RESULT] 27,128,3,0.002841711,0.002840519,223,213,446
[RESULT] 27,128,4,0.001251459,0.001250267,223,213,446
[RESULT] 27,128,5,0.002967358,0.002966166,223,213,446
[RESULT] 27,128,6,0.001353264,0.001352072,223,213,446
[RESULT] 27,128,7,0.001927853,0.001926899,223,213,446
[RESULT] 27,128,8,0.001316547,0.001315355,223,213,446
[RESULT] 27,128,9,0.001951218,0.001950264,223,213,446
[RESULT] 28,128,0,0.001512289,0.001510620,233,223,466
[RESULT] 28,128,1,0.001888037,0.001886606,233,223,466
[RESULT] 28,128,2,0.001484156,0.001482964,233,223,466
[RESULT] 28,128,3,0.002758026,0.002756834,233,223,466
[RESULT] 28,128,4,0.001406193,0.001405001,233,223,466
[RESULT] 28,128,5,0.002878666,0.002877235,233,223,466
[RESULT] 28,128,6,0.001485586,0.001484394,233,223,466
[RESULT] 28,128,7,0.001933336,0.001932144,233,223,466
[RESULT] 28,128,8,0.001448154,0.001446486,233,223,466
[RESULT] 28,128,9,0.001936674,0.001935482,233,223,466
[RESULT] 29,128,0,0.001450300,0.001448631,237,227,474
[RESULT] 29,128,1,0.001934052,0.001932859,237,227,474
[RESULT] 29,128,2,0.001327038,0.001325846,237,227,474
[RESULT] 29,128,3,0.002767563,0.002766371,237,227,474
[RESULT] 29,128,4,0.001336813,0.001335382,237,227,474
[RESULT] 29,128,5,0.002896547,0.002895117,237,227,474
[RESULT] 29,128,6,0.001392126,0.001390934,237,227,474
[RESULT] 29,128,7,0.001922607,0.001921415,237,227,474
[RESULT] 29,128,8,0.001384020,0.001382589,237,227,474
[RESULT] 29,128,9,0.001921415,0.001920223,237,227,474
[RESULT] 30,128,0,0.001528263,0.001526594,247,237,494
[RESULT] 30,128,1,0.001810551,0.001808882,247,237,494
[RESULT] 30,128,2,0.001502037,0.001500368,247,237,494
[RESULT] 30,128,3,0.002796650,0.002795458,247,237,494
[RESULT] 30,128,4,0.001442432,0.001440763,247,237,494
[RESULT] 30,128,5,0.002939701,0.002938271,247,237,494
[RESULT] 30,128,6,0.001469374,0.001467943,247,237,494
[RESULT] 30,128,7,0.001909971,0.001908302,247,237,494
[RESULT] 30,128,8,0.001432657,0.001431227,247,237,494
[RESULT] 30,128,9,0.001924276,0.001922846,247,237,494
[RESULT] 31,128,0,0.001477242,0.001475811,237,227,474
[RESULT] 31,128,1,0.001941681,0.001940489,237,227,474
[RESULT] 31,128,2,0.001632452,0.001631021,237,227,474
[RESULT] 31,128,3,0.002821684,0.002820492,237,227,474
[RESULT] 31,128,4,0.001381397,0.001380205,237,227,474
[RESULT] 31,128,5,0.002943039,0.002941847,237,227,474
[RESULT] 31,128,6,0.001400471,0.001399279,237,227,474
[RESULT] 31,128,7,0.001919746,0.001918554,237,227,474
[RESULT] 31,128,8,0.001381874,0.001380682,237,227,474
[RESULT] 31,128,9,0.001934767,0.001933575,237,227,474
[RESULT] 32,128,0,0.001481533,0.001479864,247,237,494
[RESULT] 32,128,1,0.001732588,0.001730919,247,237,494
[RESULT] 32,128,2,0.001411676,0.001410484,247,237,494
[RESULT] 32,128,3,0.001832962,0.001831770,247,237,494
[RESULT] 32,128,4,0.001391888,0.001390696,247,237,494
[RESULT] 32,128,5,0.001889944,0.001888752,247,237,494
[RESULT] 32,128,6,0.001412868,0.001411438,247,237,494
[RESULT] 32,128,7,0.001837015,0.001835823,247,237,494
[RESULT] 32,128,8,0.001395941,0.001394749,247,237,494
[RESULT] 32,128,9,0.001829863,0.001828671,247,237,494
[RESULT] 33,128,0,0.001475096,0.001473904,207,197,414
[RESULT] 33,128,1,0.001905680,0.001904726,207,197,414
[RESULT] 33,128,2,0.001409054,0.001407862,207,197,414
[RESULT] 33,128,3,0.002780676,0.002779484,207,197,414
[RESULT] 33,128,4,0.001380444,0.001379490,207,197,414
[RESULT] 33,128,5,0.002911568,0.002910614,207,197,414
[RESULT] 33,128,6,0.001406908,0.001405716,207,197,414
[RESULT] 33,128,7,0.001903296,0.001902342,207,197,414
[RESULT] 33,128,8,0.001391172,0.001389980,207,197,414
[RESULT] 33,128,9,0.001914263,0.001913071,207,197,414
[RESULT] 34,128,0,0.001472235,0.001470804,217,207,434
[RESULT] 34,128,1,0.001868725,0.001867533,217,207,434
[RESULT] 34,128,2,0.001655817,0.001654625,217,207,434
[RESULT] 34,128,3,0.002796173,0.002795219,217,207,434
[RESULT] 34,128,4,0.001378775,0.001377344,217,207,434
[RESULT] 34,128,5,0.002908230,0.002907038,217,207,434
[RESULT] 34,128,6,0.001406193,0.001405001,217,207,434
[RESULT] 34,128,7,0.001879692,0.001878738,217,207,434
[RESULT] 34,128,8,0.001384497,0.001383305,217,207,434
[RESULT] 34,128,9,0.001894712,0.001893520,217,207,434
[RESULT] 35,128,0,0.001473427,0.001471996,213,203,426
[RESULT] 35,128,1,0.001901627,0.001900673,213,203,426
[RESULT] 35,128,2,0.001645803,0.001644611,213,203,426
[RESULT] 35,128,3,0.002783298,0.002782106,213,203,426
[RESULT] 35,128,4,0.001376629,0.001375675,213,203,426
[RESULT] 35,128,5,0.002876282,0.002875328,213,203,426
[RESULT] 35,128,6,0.001405716,0.001404524,213,203,426
[RESULT] 35,128,7,0.001870871,0.001869678,213,203,426
[RESULT] 35,128,8,0.001382589,0.001381397,213,203,426
[RESULT] 35,128,9,0.001891375,0.001890182,213,203,426
[RESULT] 36,128,0,0.001474619,0.001473427,235,225,470
[RESULT] 36,128,1,0.001829147,0.001827955,235,225,470
[RESULT] 36,128,2,0.001525640,0.001524210,235,225,470
[RESULT] 36,128,3,0.002736330,0.002734900,235,225,470
[RESULT] 36,128,4,0.001383066,0.001381874,235,225,470
[RESULT] 36,128,5,0.001846313,0.001844883,235,225,470
[RESULT] 36,128,6,0.001404285,0.001403093,235,225,470
[RESULT] 36,128,7,0.001796722,0.001795530,235,225,470
[RESULT] 36,128,8,0.001385927,0.001384735,235,225,470
[RESULT] 36,128,9,0.001858711,0.001857281,235,225,470
[RESULT] 37,128,0,0.001472950,0.001471281,245,235,490
[RESULT] 37,128,1,0.001834869,0.001833439,245,235,490
[RESULT] 37,128,2,0.001526594,0.001525164,245,235,490
[RESULT] 37,128,3,0.001910210,0.001908779,245,235,490
[RESULT] 37,128,4,0.001379967,0.001378536,245,235,490
[RESULT] 37,128,5,0.001850128,0.001848698,245,235,490
[RESULT] 37,128,6,0.001398563,0.001397133,245,235,490
[RESULT] 37,128,7,0.001815319,0.001813889,245,235,490
[RESULT] 37,128,8,0.001385689,0.001384497,245,235,490
[RESULT] 37,128,9,0.001852274,0.001851082,245,235,490
[RESULT] 38,128,0,0.001470566,0.001469135,255,245,510
[RESULT] 38,128,1,0.001826763,0.001825571,255,245,510
[RESULT] 38,128,2,0.001521587,0.001520157,255,245,510
[RESULT] 38,128,3,0.001910686,0.001909494,255,245,510
[RESULT] 38,128,4,0.001374245,0.001373053,255,245,510
[RESULT] 38,128,5,0.001844168,0.001842737,255,245,510
[RESULT] 38,128,6,0.001400948,0.001399755,255,245,510
[RESULT] 38,128,7,0.001798153,0.001796722,255,245,510
[RESULT] 38,128,8,0.001389027,0.001387596,255,245,510
[RESULT] 38,128,9,0.001851320,0.001849890,255,245,510
[RESULT] 39,128,0,0.001472235,0.001470804,239,229,478
[RESULT] 39,128,1,0.001897812,0.001896620,239,229,478
[RESULT] 39,128,2,0.001514912,0.001513243,239,229,478
[RESULT] 39,128,3,0.001900673,0.001899481,239,229,478
[RESULT] 39,128,4,0.001378059,0.001376867,239,229,478
[RESULT] 39,128,5,0.001837254,0.001836061,239,229,478
[RESULT] 39,128,6,0.001400471,0.001399040,239,229,478
[RESULT] 39,128,7,0.001795530,0.001794100,239,229,478
[RESULT] 39,128,8,0.001384974,0.001383543,239,229,478
[RESULT] 39,128,9,0.001851082,0.001849890,239,229,478
[RESULT] 40,128,0,0.001476765,0.001475096,249,239,498
[RESULT] 40,128,1,0.001897812,0.001896381,249,239,498
[RESULT] 40,128,2,0.001534700,0.001533270,249,239,498
[RESULT] 40,128,3,0.001913071,0.001911640,249,239,498
[RESULT] 40,128,4,0.001383066,0.001381636,249,239,498
[RESULT] 40,128,5,0.001840353,0.001838684,249,239,498
[RESULT] 40,128,6,0.001410007,0.001408577,249,239,498
[RESULT] 40,128,7,0.001790762,0.001789093,249,239,498
[RESULT] 40,128,8,0.001381397,0.001379967,249,239,498
[RESULT] 40,128,9,0.001861572,0.001860380,249,239,498
[RESULT] 41,128,0,0.001474380,0.001472712,225,215,450
[RESULT] 41,128,1,0.001888752,0.001887560,225,215,450
[RESULT] 41,128,2,0.001526594,0.001525164,225,215,450
[RESULT] 41,128,3,0.001905203,0.001904011,225,215,450
[RESULT] 41,128,4,0.001380920,0.001379728,225,215,450
[RESULT] 41,128,5,0.001842260,0.001841068,225,215,450
[RESULT] 41,128,6,0.001398325,0.001397133,225,215,450
[RESULT] 41,128,7,0.001791477,0.001790285,225,215,450
[RESULT] 41,128,8,0.001381397,0.001379967,225,215,450
[RESULT] 41,128,9,0.001857519,0.001856327,225,215,450
[RESULT] 42,128,0,0.001475096,0.001473665,217,207,434
[RESULT] 42,128,1,0.001944542,0.001943350,217,207,434
[RESULT] 42,128,2,0.001531839,0.001530647,217,207,434
[RESULT] 42,128,3,0.001913071,0.001911879,217,207,434
[RESULT] 42,128,4,0.001383305,0.001382351,217,207,434
[RESULT] 42,128,5,0.001842022,0.001840830,217,207,434
[RESULT] 42,128,6,0.001403809,0.001402617,217,207,434
[RESULT] 42,128,7,0.001785040,0.001783848,217,207,434
[RESULT] 42,128,8,0.001374245,0.001373053,217,207,434
[RESULT] 42,128,9,0.001854897,0.001853704,217,207,434
[RESULT] 43,128,0,0.001472235,0.001471043,219,209,438
[RESULT] 43,128,1,0.001912594,0.001911402,219,209,438
[RESULT] 43,128,2,0.001532316,0.001531124,219,209,438
[RESULT] 43,128,3,0.001904964,0.001903772,219,209,438
[RESULT] 43,128,4,0.001376867,0.001375675,219,209,438
[RESULT] 43,128,5,0.001831770,0.001830816,219,209,438
[RESULT] 43,128,6,0.001398325,0.001397371,219,209,438
[RESULT] 43,128,7,0.001781464,0.001780510,219,209,438
[RESULT] 43,128,8,0.001368284,0.001367092,219,209,438
[RESULT] 43,128,9,0.001852751,0.001851559,219,209,438
[RESULT] 44,128,0,0.001473188,0.001471996,229,219,458
[RESULT] 44,128,1,0.001970530,0.001969337,229,219,458
[RESULT] 44,128,2,0.001529217,0.001527786,229,219,458
[RESULT] 44,128,3,0.001907110,0.001905680,229,219,458
[RESULT] 44,128,4,0.001384020,0.001382828,229,219,458
[RESULT] 44,128,5,0.001833200,0.001832008,229,219,458
[RESULT] 44,128,6,0.001398325,0.001397133,229,219,458
[RESULT] 44,128,7,0.001784563,0.001783371,229,219,458
[RESULT] 44,128,8,0.001378059,0.001376867,229,219,458
[RESULT] 44,128,9,0.001854181,0.001852989,229,219,458
[RESULT] 45,128,0,0.001223326,0.001221657,239,229,478
[RESULT] 45,128,1,0.001967430,0.001966000,239,229,478
[RESULT] 45,128,2,0.001606941,0.001605749,239,229,478
[RESULT] 45,128,3,0.002808571,0.002807379,239,229,478
[RESULT] 45,128,4,0.001222372,0.001221180,239,229,478
[RESULT] 45,128,5,0.002926111,0.002924919,239,229,478
[RESULT] 45,128,6,0.001259089,0.001257896,239,229,478
[RESULT] 45,128,7,0.001876354,0.001874924,239,229,478
[RESULT] 45,128,8,0.001224756,0.001223564,239,229,478
[RESULT] 45,128,9,0.001887798,0.001886606,239,229,478
[RESULT] 46,128,0,0.001208782,0.001207113,249,239,498
[RESULT] 46,128,1,0.001963854,0.001962423,249,239,498
[RESULT] 46,128,2,0.001522064,0.001520634,249,239,498
[RESULT] 46,128,3,0.001867533,0.001866102,249,239,498
[RESULT] 46,128,4,0.001186609,0.001185179,249,239,498
[RESULT] 46,128,5,0.001899481,0.001898289,249,239,498
[RESULT] 46,128,6,0.001264572,0.001263142,249,239,498
[RESULT] 46,128,7,0.001850367,0.001848936,249,239,498
[RESULT] 46,128,8,0.001201391,0.001199722,249,239,498
[RESULT] 46,128,9,0.001857519,0.001856327,249,239,498
[RESULT] 47,128,0,0.001214743,0.001213551,233,223,466
[RESULT] 47,128,1,0.001957178,0.001955748,233,223,466
[RESULT] 47,128,2,0.001636505,0.001635313,233,223,466
[RESULT] 47,128,3,0.002742290,0.002741098,233,223,466
[RESULT] 47,128,4,0.001217365,0.001216173,233,223,466
[RESULT] 47,128,5,0.001762629,0.001761436,233,223,466
[RESULT] 47,128,6,0.001293898,0.001292467,233,223,466
[RESULT] 47,128,7,0.001713991,0.001712799,233,223,466
[RESULT] 47,128,8,0.001245260,0.001243830,233,223,466
[RESULT] 47,128,9,0.001804829,0.001803637,233,223,466
[RESULT] 48,128,0,0.001278639,0.001276970,243,233,486
[RESULT] 48,128,1,0.001997948,0.001996517,243,233,486
[RESULT] 48,128,2,0.001472235,0.001471043,243,233,486
[RESULT] 48,128,3,0.001904249,0.001902819,243,233,486
[RESULT] 48,128,4,0.001425982,0.001424789,243,233,486
[RESULT] 48,128,5,0.001808405,0.001807213,243,233,486
[RESULT] 48,128,6,0.001330614,0.001329184,243,233,486
[RESULT] 48,128,7,0.001971483,0.001970053,243,233,486
[RESULT] 48,128,8,0.001413107,0.001411915,243,233,486
[RESULT] 48,128,9,0.001775980,0.001774788,243,233,486
[RESULT] 49,128,0,0.001275539,0.001274109,231,221,462
[RESULT] 49,128,1,0.002027035,0.002025843,231,221,462
[RESULT] 49,128,2,0.001385450,0.001384258,231,221,462
[RESULT] 49,128,3,0.001768589,0.001767397,231,221,462
[RESULT] 49,128,4,0.001279831,0.001278639,231,221,462
[RESULT] 49,128,5,0.001848221,0.001847029,231,221,462
[RESULT] 49,128,6,0.001422882,0.001421690,231,221,462
[RESULT] 49,128,7,0.001736164,0.001734972,231,221,462
[RESULT] 49,128,8,0.001317024,0.001315832,231,221,462
[RESULT] 49,128,9,0.001773357,0.001772165,231,221,462
[RESULT] 50,128,0,0.001248598,0.001247168,241,231,482
[RESULT] 50,128,1,0.001985312,0.001983881,241,231,482
[RESULT] 50,128,2,0.001456022,0.001454830,241,231,482
[RESULT] 50,128,3,0.001752138,0.001750946,241,231,482
[RESULT] 50,128,4,0.001272678,0.001271486,241,231,482
[RESULT] 50,128,5,0.001850605,0.001849413,241,231,482
[RESULT] 50,128,6,0.001235008,0.001233816,241,231,482
[RESULT] 50,128,7,0.001732111,0.001730919,241,231,482
[RESULT] 50,128,8,0.001276970,0.001275778,241,231,482
[RESULT] 50,128,9,0.001710653,0.001709461,241,231,482
[RESULT] 51,128,0,0.001456499,0.001455545,217,207,434
[RESULT] 51,128,1,0.001973867,0.001972675,217,207,434
[RESULT] 51,128,2,0.001388788,0.001387835,217,207,434
[RESULT] 51,128,3,0.001758337,0.001757383,217,207,434
[RESULT] 51,128,4,0.001329660,0.001328230,217,207,434
[RESULT] 51,128,5,0.001766205,0.001765013,217,207,434
[RESULT] 51,128,6,0.001396418,0.001395226,217,207,434
[RESULT] 51,128,7,0.001736403,0.001735449,217,207,434
[RESULT] 51,128,8,0.001401663,0.001400471,217,207,434
[RESULT] 51,128,9,0.001821518,0.001820564,217,207,434
[RESULT] 52,128,0,0.001453638,0.001452208,227,217,454
[RESULT] 52,128,1,0.001975536,0.001974344,227,217,454
[RESULT] 52,128,2,0.001514435,0.001513243,227,217,454
[RESULT] 52,128,3,0.001890421,0.001889229,227,217,454
[RESULT] 52,128,4,0.001356840,0.001355648,227,217,454
[RESULT] 52,128,5,0.001763105,0.001761913,227,217,454
[RESULT] 52,128,6,0.001410246,0.001409054,227,217,454
[RESULT] 52,128,7,0.001743317,0.001742125,227,217,454
[RESULT] 52,128,8,0.001415730,0.001414299,227,217,454
[RESULT] 52,128,9,0.001831293,0.001829863,227,217,454
[RESULT] 53,128,0,0.001487494,0.001486063,225,215,450
[RESULT] 53,128,1,0.001978159,0.001977205,225,215,450
[RESULT] 53,128,2,0.001446486,0.001445293,225,215,450
[RESULT] 53,128,3,0.001892567,0.001891136,225,215,450
[RESULT] 53,128,4,0.001387835,0.001386642,225,215,450
[RESULT] 53,128,5,0.001730204,0.001729012,225,215,450
[RESULT] 53,128,6,0.001512051,0.001510859,225,215,450
[RESULT] 53,128,7,0.001702070,0.001700878,225,215,450
[RESULT] 53,128,8,0.001516104,0.001514912,225,215,450
[RESULT] 53,128,9,0.001722097,0.001720905,225,215,450
[RESULT] 54,128,0,0.001483917,0.001482487,244,234,488
[RESULT] 54,128,1,0.001953602,0.001952171,244,234,488
[RESULT] 54,128,2,0.001451015,0.001449823,244,234,488
[RESULT] 54,128,3,0.001638651,0.001637459,244,234,488
[RESULT] 54,128,4,0.001371145,0.001369953,244,234,488
[RESULT] 54,128,5,0.001754045,0.001752377,244,234,488
[RESULT] 54,128,6,0.001514435,0.001513004,244,234,488
[RESULT] 54,128,7,0.001716852,0.001715422,244,234,488
[RESULT] 54,128,8,0.001507282,0.001505613,244,234,488
[RESULT] 54,128,9,0.001790524,0.001789331,244,234,488
[RESULT] 55,128,0,0.001461506,0.001459837,248,238,496
[RESULT] 55,128,1,0.001903772,0.001902580,248,238,496
[RESULT] 55,128,2,0.001407862,0.001406670,248,238,496
[RESULT] 55,128,3,0.001744986,0.001743317,248,238,496
[RESULT] 55,128,4,0.001350403,0.001349211,248,238,496
[RESULT] 55,128,5,0.001673460,0.001672029,248,238,496
[RESULT] 55,128,6,0.001466513,0.001456738,248,238,496
[RESULT] 55,128,7,0.001722336,0.001721144,248,238,496
[RESULT] 55,128,8,0.001435280,0.001434088,248,238,496
[RESULT] 55,128,9,0.001792908,0.001791716,248,238,496
[RESULT] 56,128,0,0.001471996,0.001470327,258,248,516
[RESULT] 56,128,1,0.001924753,0.001923084,258,248,516
[RESULT] 56,128,2,0.001438141,0.001436710,258,248,516
[RESULT] 56,128,3,0.001602888,0.001601458,258,248,516
[RESULT] 56,128,4,0.001377344,0.001375675,258,248,516
[RESULT] 56,128,5,0.001704454,0.001703024,258,248,516
[RESULT] 56,128,6,0.001479149,0.001477718,258,248,516
[RESULT] 56,128,7,0.001742840,0.001741648,258,248,516
[RESULT] 56,128,8,0.001449108,0.001447678,258,248,516
[RESULT] 56,128,9,0.001776218,0.001775026,258,248,516
[RESULT] 57,128,0,0.001448870,0.001447439,246,236,492
[RESULT] 57,128,1,0.001931906,0.001930714,246,236,492
[RESULT] 57,128,2,0.001442194,0.001440763,246,236,492
[RESULT] 57,128,3,0.001911879,0.001910210,246,236,492
[RESULT] 57,128,4,0.001345873,0.001344204,246,236,492
[RESULT] 57,128,5,0.001850843,0.001849651,246,236,492
[RESULT] 57,128,6,0.001448154,0.001446724,246,236,492
[RESULT] 57,128,7,0.001808643,0.001806974,246,236,492
[RESULT] 57,128,8,0.001413822,0.001412392,246,236,492
[RESULT] 57,128,9,0.001842737,0.001841307,246,236,492
[RESULT] 58,128,0,0.001437426,0.001435995,256,246,512
[RESULT] 58,128,1,0.001940012,0.001938581,256,246,512
[RESULT] 58,128,2,0.001383781,0.001382351,256,246,512
[RESULT] 58,128,3,0.001911402,0.001909971,256,246,512
[RESULT] 58,128,4,0.001440048,0.001438618,256,246,512
[RESULT] 58,128,5,0.001842260,0.001840830,256,246,512
[RESULT] 58,128,6,0.001424551,0.001423359,256,246,512
[RESULT] 58,128,7,0.001791716,0.001790524,256,246,512
[RESULT] 58,128,8,0.001409054,0.001407385,256,246,512
[RESULT] 58,128,9,0.001899242,0.001898050,256,246,512
[RESULT] 59,128,0,0.001422167,0.001420498,238,228,476
[RESULT] 59,128,1,0.001918793,0.001917601,238,228,476
[RESULT] 59,128,2,0.001560926,0.001559496,238,228,476
[RESULT] 59,128,3,0.001910686,0.001909494,238,228,476
[RESULT] 59,128,4,0.001447916,0.001446724,238,228,476
[RESULT] 59,128,5,0.001805305,0.001803875,238,228,476
[RESULT] 59,128,6,0.001466513,0.001465082,238,228,476
[RESULT] 59,128,7,0.001769781,0.001768589,238,228,476
[RESULT] 59,128,8,0.001481056,0.001479626,238,228,476
[RESULT] 59,128,9,0.001811028,0.001809835,238,228,476
[RESULT] 60,128,0,0.001420259,0.001418591,233,223,466
[RESULT] 60,128,1,0.001885176,0.001883984,233,223,466
[RESULT] 60,128,2,0.001557589,0.001556396,233,223,466
[RESULT] 60,128,3,0.001899481,0.001898050,233,223,466
[RESULT] 60,128,4,0.001441956,0.001440763,233,223,466
[RESULT] 60,128,5,0.001816750,0.001815557,233,223,466
[RESULT] 60,128,6,0.001466751,0.001457214,233,223,466
[RESULT] 60,128,7,0.001770735,0.001769543,233,223,466
[RESULT] 60,128,8,0.001394272,0.001393080,233,223,466
[RESULT] 60,128,9,0.001824141,0.001822948,233,223,466
[RESULT] 61,128,0,0.001420498,0.001419306,229,219,458
[RESULT] 61,128,1,0.001818419,0.001817226,229,219,458
[RESULT] 61,128,2,0.001544714,0.001543522,229,219,458
[RESULT] 61,128,3,0.001864195,0.001863003,229,219,458
[RESULT] 61,128,4,0.001442909,0.001441479,229,219,458
[RESULT] 61,128,5,0.001793861,0.001792669,229,219,458
[RESULT] 61,128,6,0.001358271,0.001357079,229,219,458
[RESULT] 61,128,7,0.001757860,0.001756668,229,219,458
[RESULT] 61,128,8,0.001357794,0.001356602,229,219,458
[RESULT] 61,128,9,0.001801968,0.001800776,229,219,458
[RESULT] 62,128,0,0.001408100,0.001406908,239,229,478
[RESULT] 62,128,1,0.001915932,0.001914740,239,229,478
[RESULT] 62,128,2,0.001569033,0.001567602,239,229,478
[RESULT] 62,128,3,0.001889706,0.001888514,239,229,478
[RESULT] 62,128,4,0.001444817,0.001443624,239,229,478
[RESULT] 62,128,5,0.001851797,0.001850605,239,229,478
[RESULT] 62,128,6,0.001337767,0.001336575,239,229,478
[RESULT] 62,128,7,0.001750231,0.001748800,239,229,478
[RESULT] 62,128,8,0.001361132,0.001359940,239,229,478
[RESULT] 62,128,9,0.001807690,0.001806259,239,229,478
[RESULT] 63,128,0,0.001245499,0.001244307,243,233,486
[RESULT] 63,128,1,0.001964092,0.001962662,243,233,486
[RESULT] 63,128,2,0.001543999,0.001542330,243,233,486
[RESULT] 63,128,3,0.001884222,0.001882792,243,233,486
[RESULT] 63,128,4,0.001440287,0.001439095,243,233,486
[RESULT] 63,128,5,0.001780033,0.001778603,243,233,486
[RESULT] 63,128,6,0.001303196,0.001301527,243,233,486
[RESULT] 63,128,7,0.001746893,0.001745462,243,233,486
[RESULT] 63,128,8,0.001318455,0.001317024,243,233,486
[RESULT] 63,128,9,0.001822948,0.001821518,243,233,486
[RESULT] 64,128,0,0.001229048,0.001227140,253,243,506
[RESULT] 64,128,1,0.002011299,0.002010107,253,243,506
[RESULT] 64,128,2,0.001542568,0.001541138,253,243,506
[RESULT] 64,128,3,0.001857281,0.001856089,253,243,506
[RESULT] 64,128,4,0.001454115,0.001452684,253,243,506
[RESULT] 64,128,5,0.001796007,0.001794815,253,243,506
[RESULT] 64,128,6,0.001294613,0.001293182,253,243,506
[RESULT] 64,128,7,0.001747608,0.001746178,253,243,506
[RESULT] 64,128,8,0.001294851,0.001293421,253,243,506
[RESULT] 64,128,9,0.001792192,0.001790762,253,243,506
[RESULT] 65,128,0,0.001228809,0.001227140,243,233,486
[RESULT] 65,128,1,0.002019167,0.002017975,243,233,486
[RESULT] 65,128,2,0.001524687,0.001523495,243,233,486
[RESULT] 65,128,3,0.001871824,0.001870632,243,233,486
[RESULT] 65,128,4,0.001447916,0.001446724,243,233,486
[RESULT] 65,128,5,0.001769543,0.001768351,243,233,486
[RESULT] 65,128,6,0.001328945,0.001327753,243,233,486
[RESULT] 65,128,7,0.001734734,0.001733303,243,233,486
[RESULT] 65,128,8,0.001323462,0.001322269,243,233,486
[RESULT] 65,128,9,0.001864433,0.001863241,243,233,486
[RESULT] 66,128,0,0.001226187,0.001224756,250,240,500
[RESULT] 66,128,1,0.001989126,0.001987696,250,240,500
[RESULT] 66,128,2,0.001520872,0.001519442,250,240,500
[RESULT] 66,128,3,0.001892090,0.001890659,250,240,500
[RESULT] 66,128,4,0.001444340,0.001443148,250,240,500
[RESULT] 66,128,5,0.001718760,0.001717567,250,240,500
[RESULT] 66,128,6,0.001312256,0.001311064,250,240,500
[RESULT] 66,128,7,0.001701593,0.001700163,250,240,500
[RESULT] 66,128,8,0.001291990,0.001290560,250,240,500
[RESULT] 66,128,9,0.001779079,0.001777649,250,240,500
[RESULT] 67,128,0,0.001217365,0.001215935,226,216,452
[RESULT] 67,128,1,0.001987457,0.001986027,226,216,452
[RESULT] 67,128,2,0.001522541,0.001521349,226,216,452
[RESULT] 67,128,3,0.001878977,0.001877785,226,216,452
[RESULT] 67,128,4,0.001435041,0.001434088,226,216,452
[RESULT] 67,128,5,0.001742363,0.001741171,226,216,452
[RESULT] 67,128,6,0.001293182,0.001292229,226,216,452
[RESULT] 67,128,7,0.001671076,0.001669884,226,216,452
[RESULT] 67,128,8,0.001296282,0.001295090,226,216,452
[RESULT] 67,128,9,0.001779556,0.001778364,226,216,452
[RESULT] 68,128,0,0.001220465,0.001219034,236,226,472
[RESULT] 68,128,1,0.001986027,0.001984596,236,226,472
[RESULT] 68,128,2,0.001453638,0.001452446,236,226,472
[RESULT] 68,128,3,0.001743317,0.001742125,236,226,472
[RESULT] 68,128,4,0.001448631,0.001447201,236,226,472
[RESULT] 68,128,5,0.001707792,0.001706600,236,226,472
[RESULT] 68,128,6,0.001209736,0.001208544,236,226,472
[RESULT] 68,128,7,0.001685619,0.001684427,236,226,472
[RESULT] 68,128,8,0.001287222,0.001285791,236,226,472
[RESULT] 68,128,9,0.001677036,0.001675844,236,226,472
[RESULT] 18,128,0,0.001280546,0.001279116,227,217,454
[RESULT] 18,128,1,0.001799107,0.001797915,227,217,454
[RESULT] 18,128,2,0.001118660,0.001117468,227,217,454
[RESULT] 18,128,3,0.001190901,0.001189709,227,217,454
[RESULT] 18,128,4,0.001144171,0.001142979,227,217,454
[RESULT] 18,128,5,0.001823425,0.001822472,227,217,454
[RESULT] 18,128,6,0.001204252,0.001203060,227,217,454
[RESULT] 18,128,7,0.001718283,0.001717091,227,217,454
[RESULT] 18,128,8,0.001169920,0.001168966,227,217,454
[RESULT] 18,128,9,0.004864216,0.004863024,227,217,454
[RESULT] 9,128,0,0.001279354,0.001278162,212,202,424
[RESULT] 9,128,1,0.001809835,0.001808643,212,202,424
[RESULT] 9,128,2,0.001616240,0.001615047,212,202,424
[RESULT] 9,128,3,0.001677752,0.001676798,212,202,424
[RESULT] 9,128,4,0.001625299,0.001624346,212,202,424
[RESULT] 9,128,5,0.001878023,0.001876831,212,202,424
[RESULT] 9,128,6,0.001532316,0.001531363,212,202,424
[RESULT] 9,128,7,0.001801729,0.001800776,212,202,424
[RESULT] 10,128,0,0.001278877,0.001277447,222,212,444
[RESULT] 10,128,1,0.001735449,0.001734257,222,212,444
[RESULT] 10,128,2,0.001617432,0.001616240,222,212,444
[RESULT] 10,128,3,0.001681805,0.001680374,222,212,444
[RESULT] 10,128,4,0.001609325,0.001608133,222,212,444
[RESULT] 10,128,5,0.001879930,0.001878738,222,212,444
[RESULT] 10,128,6,0.001544952,0.001543999,222,212,444
[RESULT] 10,128,7,0.001803637,0.001802444,222,212,444
[RESULT] 10,128,8,0.001561403,0.001560450,222,212,444
[RESULT] 11,128,0,0.000893354,0.000891924,229,219,458
[RESULT] 11,128,1,0.001257420,0.001256227,229,219,458
[RESULT] 11,128,2,0.001598120,0.001597166,229,219,458
[RESULT] 11,128,3,0.001658678,0.001657486,229,219,458
[RESULT] 11,128,4,0.001606226,0.001605034,229,219,458
[RESULT] 11,128,5,0.001857281,0.001856327,229,219,458
[RESULT] 11,128,6,0.001519680,0.001518488,229,219,458
[RESULT] 11,128,7,0.001779079,0.001777887,229,219,458
[RESULT] 11,128,8,0.001539707,0.001538515,229,219,458
[RESULT] 11,128,9,0.004916430,0.004915237,229,219,458
[RESULT] 124,128,0,0.000995636,0.000994205,228,219,456
[RESULT] 124,128,1,0.001943111,0.001941919,228,219,456
[RESULT] 124,128,2,0.001206160,0.001204967,228,219,456
[RESULT] 124,128,3,0.002833843,0.002832651,228,219,456
[RESULT] 124,128,4,0.001652718,0.001651764,228,219,456
[RESULT] 124,128,5,0.002944469,0.002943277,228,219,456
[RESULT] 124,128,6,0.001233816,0.001232386,228,219,456
[RESULT] 124,128,7,0.001950979,0.001949787,228,219,456
[RESULT] 12,128,0,0.000898600,0.000897408,239,229,478
[RESULT] 12,128,1,0.001246452,0.001245260,239,229,478
[RESULT] 12,128,2,0.001591444,0.001590252,239,229,478
[RESULT] 12,128,3,0.001656055,0.001654863,239,229,478
[RESULT] 12,128,4,0.001605511,0.001604319,239,229,478
[RESULT] 12,128,5,0.001861572,0.001860380,239,229,478
[RESULT] 12,128,6,0.001513481,0.001512289,239,229,478
[RESULT] 12,128,7,0.001774073,0.001772881,239,229,478
[RESULT] 12,128,8,0.001531363,0.001530170,239,229,478
[RESULT] 12,128,9,0.004906178,0.004905224,239,229,478
[RESULT] 13,128,0,0.000853300,0.000851870,223,213,446
[RESULT] 13,128,1,0.001199007,0.001197815,223,213,446
[RESULT] 13,128,2,0.001580477,0.001579285,223,213,446
[RESULT] 13,128,3,0.001653433,0.001652479,223,213,446
[RESULT] 13,128,4,0.001594782,0.001593590,223,213,446
[RESULT] 13,128,5,0.001853704,0.001852512,223,213,446
[RESULT] 13,128,6,0.001504898,0.001503706,223,213,446
[RESULT] 13,128,7,0.001763821,0.001762867,223,213,446
[RESULT] 13,128,8,0.001516104,0.001514912,223,213,446
[RESULT] 13,128,9,0.004890442,0.004889250,223,213,446
[RESULT] 120,128,0,0.001021624,0.001020432,210,201,420
[RESULT] 120,128,1,0.001918793,0.001917601,210,201,420
[RESULT] 120,128,2,0.001613379,0.001612425,210,201,420
[RESULT] 120,128,3,0.002744675,0.002743721,210,201,420
[RESULT] 120,128,4,0.001710415,0.001709461,210,201,420
[RESULT] 120,128,5,0.002866745,0.002865553,210,201,420
[RESULT] 120,128,6,0.001617193,0.001616240,210,201,420
[RESULT] 120,128,7,0.001972198,0.001971245,210,201,420
[RESULT] 120,128,8,0.001566648,0.001565695,210,201,420
[RESULT] 120,128,9,0.004955053,0.004953623,210,201,420
[RESULT] 14,128,0,0.000836611,0.000835180,230,220,460
[RESULT] 14,128,1,0.001139402,0.001138449,230,220,460
[RESULT] 14,128,2,0.000931263,0.000930071,230,220,460
[RESULT] 14,128,3,0.001643658,0.001642227,230,220,460
[RESULT] 14,128,4,0.001596689,0.001595497,230,220,460
[RESULT] 14,128,5,0.001850843,0.001849890,230,220,460
[RESULT] 14,128,6,0.001502752,0.001501560,230,220,460
[RESULT] 14,128,7,0.001752377,0.001751184,230,220,460
[RESULT] 14,128,8,0.001505375,0.001504421,230,220,460
[RESULT] 14,128,9,0.004891634,0.004890442,230,220,460
[RESULT] 69,128,0,0.001432180,0.001430750,223,213,446
[RESULT] 69,128,1,0.001059294,0.001057863,223,213,446
[RESULT] 69,128,2,0.001882553,0.001879215,223,213,446
[RESULT] 69,128,3,0.000893831,0.000892401,223,213,446
[RESULT] 69,128,4,0.001860380,0.001857042,223,213,446
[RESULT] 69,128,5,0.002007246,0.002003908,223,213,446
[RESULT] 69,128,6,0.001798391,0.001791477,223,213,446
[RESULT] 69,128,7,0.001932621,0.001931429,223,213,446
[RESULT] 69,128,8,0.001800060,0.001796722,223,213,446
[RESULT] 69,128,9,0.004389048,0.004384518,223,213,446
[RESULT] 121,128,0,0.001013756,0.001012564,207,198,414
[RESULT] 121,128,1,0.001933098,0.001932144,207,198,414
[RESULT] 121,128,2,0.000988722,0.000987530,207,198,414
[RESULT] 121,128,3,0.001933336,0.001932383,207,198,414
[RESULT] 121,128,4,0.001699686,0.001698732,207,198,414
[RESULT] 121,128,5,0.001976967,0.001976013,207,198,414
[RESULT] 121,128,6,0.001153708,0.001152754,207,198,414
[RESULT] 121,128,7,0.001941919,0.001940966,207,198,414
[RESULT] 121,128,8,0.001034498,0.001033545,207,198,414
[RESULT] 121,128,9,0.004946470,0.004945517,207,198,414
[RESULT] 80,128,0,0.001225471,0.001224041,226,217,452
[RESULT] 80,128,1,0.001912832,0.001911640,226,217,452
[RESULT] 80,128,2,0.001866817,0.001865625,226,217,452
[RESULT] 80,128,3,0.001817942,0.001816750,226,217,452
[RESULT] 80,128,4,0.001866817,0.001865387,226,217,452
[RESULT] 80,128,5,0.002036095,0.002035141,226,217,452
[RESULT] 80,128,6,0.001805782,0.001804352,226,217,452
[RESULT] 80,128,7,0.001953840,0.001952648,226,217,452
[RESULT] 80,128,8,0.001800060,0.001798868,226,217,452
[RESULT] 80,128,9,0.006227732,0.006226540,226,217,452
[RESULT] 15,128,0,0.000837564,0.000836372,206,196,412
[RESULT] 15,128,1,0.001753330,0.001752377,206,196,412
[RESULT] 15,128,2,0.001046419,0.001044989,206,196,412
[RESULT] 15,128,3,0.001635790,0.001634836,206,196,412
[RESULT] 15,128,4,0.001589060,0.001588106,206,196,412
[RESULT] 15,128,5,0.001847029,0.001846075,206,196,412
[RESULT] 15,128,6,0.001029253,0.001028299,206,196,412
[RESULT] 15,128,7,0.001749277,0.001748323,206,196,412
[RESULT] 15,128,8,0.000949383,0.000948429,206,196,412
[RESULT] 15,128,9,0.004884720,0.004883766,206,196,412
[RESULT] 70,128,0,0.001348734,0.001346827,233,223,466
[RESULT] 70,128,1,0.001978636,0.001977444,233,223,466
[RESULT] 70,128,2,0.001878977,0.001877785,233,223,466
[RESULT] 70,128,3,0.001896620,0.001895189,233,223,466
[RESULT] 70,128,4,0.001883030,0.001881838,233,223,466
[RESULT] 70,128,5,0.002020359,0.002019167,233,223,466
[RESULT] 70,128,6,0.001815081,0.001813889,233,223,466
[RESULT] 70,128,7,0.001932144,0.001930952,233,223,466
[RESULT] 70,128,8,0.001798868,0.001797676,233,223,466
[RESULT] 70,128,9,0.006206274,0.006205082,233,223,466
[RESULT] 122,128,0,0.001009226,0.001008272,216,207,432
[RESULT] 122,128,1,0.001856804,0.001855612,216,207,432
[RESULT] 122,128,2,0.001383543,0.001382351,216,207,432
[RESULT] 122,128,3,0.002818823,0.002817869,216,207,432
[RESULT] 122,128,4,0.001687527,0.001686573,216,207,432
[RESULT] 122,128,5,0.002962351,0.002961397,216,207,432
[RESULT] 122,128,6,0.001228571,0.001227617,216,207,432
[RESULT] 122,128,7,0.001944780,0.001943827,216,207,432
[RESULT] 122,128,8,0.001028061,0.001027107,216,207,432
[RESULT] 122,128,9,0.004936218,0.004935026,216,207,432
[RESULT] 93,128,0,0.001137018,0.001136065,205,196,410
[RESULT] 93,128,1,0.001909733,0.001908779,205,196,410
[RESULT] 93,128,2,0.001851082,0.001850128,205,196,410
[RESULT] 93,128,3,0.001786709,0.001785517,205,196,410
[RESULT] 93,128,4,0.001846790,0.001845598,205,196,410
[RESULT] 93,128,5,0.002027750,0.002026796,205,196,410
[RESULT] 93,128,6,0.001792908,0.001791716,205,196,410
[RESULT] 93,128,7,0.001949072,0.001948118,205,196,410
[RESULT] 93,128,8,0.001784325,0.001783371,205,196,410
[RESULT] 93,128,9,0.006223202,0.006222248,205,196,410
[RESULT] 16,128,0,0.000837088,0.000835896,216,206,432
[RESULT] 16,128,1,0.001579046,0.001578093,216,206,432
[RESULT] 16,128,2,0.000991583,0.000990391,216,206,432
[RESULT] 16,128,3,0.001643419,0.001642466,216,206,432
[RESULT] 16,128,4,0.001592159,0.001591206,216,206,432
[RESULT] 16,128,5,0.001852989,0.001851797,216,206,432
[RESULT] 16,128,6,0.001032352,0.001031399,216,206,432
[RESULT] 16,128,7,0.001753330,0.001752138,216,206,432
[RESULT] 16,128,8,0.000958920,0.000957966,216,206,432
[RESULT] 16,128,9,0.004887581,0.004886627,216,206,432
[RESULT] 71,128,0,0.001339674,0.001338243,243,233,486
[RESULT] 71,128,1,0.001973152,0.001971960,243,233,486
[RESULT] 71,128,2,0.001878262,0.001877069,243,233,486
[RESULT] 71,128,3,0.001783848,0.001782656,243,233,486
[RESULT] 71,128,4,0.001870871,0.001869440,243,233,486
[RESULT] 71,128,5,0.002015591,0.002014160,243,233,486
[RESULT] 71,128,6,0.001812458,0.001811266,243,233,486
[RESULT] 71,128,7,0.001927137,0.001925945,243,233,486
[RESULT] 71,128,8,0.001796246,0.001795053,243,233,486
[RESULT] 71,128,9,0.006198406,0.006196976,243,233,486
[RESULT] 123,128,0,0.001000166,0.000998974,219,210,438
[RESULT] 123,128,1,0.001912355,0.001910925,219,210,438
[RESULT] 123,128,2,0.001409292,0.001408100,219,210,438
[RESULT] 123,128,3,0.002834797,0.002833605,219,210,438
[RESULT] 123,128,4,0.001676321,0.001675129,219,210,438
[RESULT] 123,128,5,0.002964020,0.002962828,219,210,438
[RESULT] 123,128,6,0.001169920,0.001168489,219,210,438
[RESULT] 123,128,7,0.001933336,0.001932383,219,210,438
[RESULT] 123,128,8,0.001064539,0.001063347,219,210,438
[RESULT] 123,128,9,0.004930019,0.004928827,219,210,438
[RESULT] 95,128,0,0.001111984,0.001110792,209,200,418
[RESULT] 95,128,1,0.001864433,0.001863241,209,200,418
[RESULT] 95,128,2,0.001831532,0.001830578,209,200,418
[RESULT] 95,128,3,0.001767635,0.001766443,209,200,418
[RESULT] 95,128,4,0.001828432,0.001827478,209,200,418
[RESULT] 95,128,5,0.002014875,0.002013683,209,200,418
[RESULT] 95,128,6,0.001769543,0.001768589,209,200,418
[RESULT] 95,128,7,0.001925945,0.001924753,209,200,418
[RESULT] 95,128,8,0.001772881,0.001771688,209,200,418
[RESULT] 95,128,9,0.006201267,0.006200314,209,200,418
[RESULT] 17,128,0,0.001275539,0.001274347,217,207,434
[RESULT] 17,128,1,0.001169205,0.001168013,217,207,434
[RESULT] 17,128,2,0.001117706,0.001116514,217,207,434
[RESULT] 17,128,3,0.001623154,0.001622200,217,207,434
[RESULT] 17,128,4,0.001572609,0.001571655,217,207,434
[RESULT] 17,128,5,0.001826525,0.001825571,217,207,434
[RESULT] 17,128,6,0.001206160,0.001204967,217,207,434
[RESULT] 17,128,7,0.001719236,0.001718283,217,207,434
[RESULT] 17,128,8,0.001170158,0.001168966,217,207,434
[RESULT] 17,128,9,0.004884958,0.004883766,217,207,434
[RESULT] 124,128,8,0.001060963,0.001059771,228,219,456
[RESULT] 124,128,9,0.004918098,0.004916668,228,219,456
[RESULT] 72,128,0,0.001365662,0.001364231,234,225,468
[RESULT] 72,128,1,0.002037525,0.002036333,234,225,468
[RESULT] 72,128,2,0.001924515,0.001923084,234,225,468
[RESULT] 72,128,3,0.001857519,0.001856089,234,225,468
[RESULT] 72,128,4,0.001914740,0.001913309,234,225,468
[RESULT] 72,128,5,0.002080917,0.002079725,234,225,468
[RESULT] 72,128,6,0.001854181,0.001852751,234,225,468
[RESULT] 72,128,7,0.002000332,0.001999140,234,225,468
[RESULT] 72,128,8,0.001855612,0.001851082,234,225,468
[RESULT] 72,128,9,0.006297827,0.006296396,234,225,468
[RESULT] 117,128,0,0.000897646,0.000896454,205,196,410
[RESULT] 117,128,1,0.001316309,0.001315594,205,196,410
[RESULT] 117,128,2,0.001603127,0.001602173,205,196,410
[RESULT] 117,128,3,0.001653433,0.001652479,205,196,410
[RESULT] 117,128,4,0.001584291,0.001583576,205,196,410
[RESULT] 117,128,5,0.001871824,0.001871109,205,196,410
[RESULT] 117,128,6,0.001528263,0.001527309,205,196,410
[RESULT] 117,128,7,0.001771927,0.001771212,205,196,410
[RESULT] 117,128,8,0.001540184,0.001539469,205,196,410
[RESULT] 117,128,9,0.004932404,0.004931450,205,196,410
[RESULT] 125,128,0,0.000975609,0.000974417,215,206,430
[RESULT] 125,128,1,0.001860857,0.001859665,215,206,430
[RESULT] 125,128,2,0.001661062,0.001659870,215,206,430
[RESULT] 125,128,3,0.001868010,0.001866817,215,206,430
[RESULT] 125,128,4,0.001731396,0.001730442,215,206,430
[RESULT] 125,128,5,0.001943588,0.001942396,215,206,430
[RESULT] 125,128,6,0.001671553,0.001670599,215,206,430
[RESULT] 125,128,7,0.001885414,0.001884460,215,206,430
[RESULT] 125,128,8,0.001627684,0.001626492,215,206,430
[RESULT] 125,128,9,0.004987717,0.004986763,215,206,430
[RESULT] 74,128,0,0.001358747,0.001308203,226,217,452
[RESULT] 74,128,1,0.002005100,0.002003908,226,217,452
[RESULT] 74,128,2,0.001911879,0.001910686,226,217,452
[RESULT] 74,128,3,0.001840830,0.001839638,226,217,452
[RESULT] 74,128,4,0.001842499,0.001841307,226,217,452
[RESULT] 74,128,5,0.002075911,0.002074718,226,217,452
[RESULT] 74,128,6,0.001840353,0.001833200,226,217,452
[RESULT] 74,128,7,0.001990557,0.001989365,226,217,452
[RESULT] 74,128,8,0.001847982,0.001846790,226,217,452
[RESULT] 74,128,9,0.006264448,0.006262779,226,217,452
[RESULT] 118,128,0,0.000895023,0.000893831,214,205,428
[RESULT] 118,128,1,0.001312017,0.001310825,214,205,428
[RESULT] 118,128,2,0.001607180,0.001605988,214,205,428
[RESULT] 118,128,3,0.001657963,0.001657009,214,205,428
[RESULT] 118,128,4,0.001591682,0.001590729,214,205,428
[RESULT] 118,128,5,0.001878262,0.001877308,214,205,428
[RESULT] 118,128,6,0.001526117,0.001525164,214,205,428
[RESULT] 118,128,7,0.001770496,0.001769543,214,205,428
[RESULT] 118,128,8,0.001544476,0.001543283,214,205,428
[RESULT] 118,128,9,0.004930019,0.004929066,214,205,428
[RESULT] 126,128,0,0.000985622,0.000984430,224,215,448
[RESULT] 126,128,1,0.001840830,0.001839638,224,215,448
[RESULT] 126,128,2,0.001637936,0.001636982,224,215,448
[RESULT] 126,128,3,0.001862288,0.001861334,224,215,448
[RESULT] 126,128,4,0.001724720,0.001723528,224,215,448
[RESULT] 126,128,5,0.001918793,0.001917839,224,215,448
[RESULT] 126,128,6,0.001652002,0.001650810,224,215,448
[RESULT] 126,128,7,0.001878977,0.001877546,224,215,448
[RESULT] 126,128,8,0.001614571,0.001613379,224,215,448
[RESULT] 126,128,9,0.004986048,0.004984856,224,215,448
[RESULT] 75,128,0,0.001115322,0.001114130,201,192,402
[RESULT] 75,128,1,0.002000332,0.001999378,201,192,402
[RESULT] 75,128,2,0.001897573,0.001896620,201,192,402
[RESULT] 75,128,3,0.001839399,0.001838446,201,192,402
[RESULT] 75,128,4,0.001831293,0.001830339,201,192,402
[RESULT] 75,128,5,0.002066374,0.002065420,201,192,402
[RESULT] 75,128,6,0.001834631,0.001833677,201,192,402
[RESULT] 75,128,7,0.001980782,0.001979828,201,192,402
[RESULT] 75,128,8,0.001823187,0.001822233,201,192,402
[RESULT] 75,128,9,0.006267309,0.006266356,201,192,402
[RESULT] 119,128,0,0.000858068,0.000857115,201,192,402
[RESULT] 119,128,1,0.001207829,0.001206875,201,192,402
[RESULT] 119,128,2,0.001595497,0.001594782,201,192,402
[RESULT] 119,128,3,0.001660585,0.001659632,201,192,402
[RESULT] 119,128,4,0.001591206,0.001590252,201,192,402
[RESULT] 119,128,5,0.001874685,0.001873970,201,192,402
[RESULT] 119,128,6,0.001514196,0.001513243,201,192,402
[RESULT] 119,128,7,0.001760244,0.001759291,201,192,402
[RESULT] 119,128,8,0.001527548,0.001526356,201,192,402
[RESULT] 119,128,9,0.004924536,0.004923582,201,192,402
[RESULT] 127,128,0,0.000995398,0.000993967,205,196,410
[RESULT] 127,128,1,0.001938820,0.001937628,205,196,410
[RESULT] 127,128,2,0.001601458,0.001600027,205,196,410
[RESULT] 127,128,3,0.002806664,0.002805233,205,196,410
[RESULT] 127,128,4,0.001717567,0.001716375,205,196,410
[RESULT] 127,128,5,0.002945900,0.002944708,205,196,410
[RESULT] 127,128,6,0.001645327,0.001644135,205,196,410
[RESULT] 127,128,7,0.001922131,0.001920700,205,196,410
[RESULT] 127,128,8,0.001611948,0.001610756,205,196,410
[RESULT] 127,128,9,0.004976273,0.004975319,205,196,410
[RESULT] 76,128,0,0.001109838,0.001108646,210,201,420
[RESULT] 76,128,1,0.001983881,0.001982689,210,201,420
[RESULT] 76,128,2,0.001891613,0.001890182,210,201,420
[RESULT] 76,128,3,0.001827955,0.001826763,210,201,420
[RESULT] 76,128,4,0.001882553,0.001881361,210,201,420
[RESULT] 76,128,5,0.002055407,0.002053976,210,201,420
[RESULT] 76,128,6,0.001822948,0.001821756,210,201,420
[RESULT] 76,128,7,0.001965523,0.001964331,210,201,420
[RESULT] 76,128,8,0.001824141,0.001823187,210,201,420
[RESULT] 76,128,9,0.006256342,0.006254911,210,201,420
[RESULT] 0,128,0,0.001290560,0.001289368,215,205,430
[RESULT] 0,128,1,0.001747131,0.001745939,215,205,430
[RESULT] 0,128,2,0.001642704,0.001641512,215,205,430
[RESULT] 0,128,3,0.001715422,0.001714230,215,205,430
[RESULT] 0,128,4,0.001647949,0.001646996,215,205,430
[RESULT] 0,128,5,0.001903772,0.001902819,215,205,430
[RESULT] 0,128,6,0.001564741,0.001563549,215,205,430
[RESULT] 0,128,7,0.001815319,0.001814127,215,205,430
[RESULT] 0,128,8,0.001578808,0.001577616,215,205,430
[RESULT] 0,128,9,0.004959822,0.004958630,215,205,430

Benchmark Summary
Processes: 128
Iterations: 10
Matrix NNZ: 28675
Total execution time: 0.093 seconds
[RESULT] 77,128,0,0.001225471,0.001224518,211,202,422
[RESULT] 77,128,1,0.001932144,0.001931190,211,202,422
[RESULT] 77,128,2,0.001898527,0.001897573,211,202,422
[RESULT] 77,128,3,0.001819611,0.001818419,211,202,422
[RESULT] 77,128,4,0.001867294,0.001866341,211,202,422
[RESULT] 77,128,5,0.002048254,0.002047300,211,202,422
[RESULT] 77,128,6,0.001828909,0.001827717,211,202,422
[RESULT] 77,128,7,0.001960039,0.001958847,211,202,422
[RESULT] 77,128,8,0.001811266,0.001810312,211,202,422
[RESULT] 77,128,9,0.006240129,0.006238937,211,202,422
[RESULT] 1,128,0,0.001286983,0.001285791,211,201,422
[RESULT] 1,128,1,0.001811028,0.001809835,211,201,422
[RESULT] 1,128,2,0.001633406,0.001632214,211,201,422
[RESULT] 1,128,3,0.001707792,0.001706362,211,201,422
[RESULT] 1,128,4,0.001646996,0.001646042,211,201,422
[RESULT] 1,128,5,0.001891375,0.001890421,211,201,422
[RESULT] 1,128,6,0.001536369,0.001535416,211,201,422
[RESULT] 1,128,7,0.001811504,0.001810312,211,201,422
[RESULT] 1,128,8,0.001578808,0.001577616,211,201,422
[RESULT] 1,128,9,0.004954100,0.004953146,211,201,422
[RESULT] 78,128,0,0.001217842,0.001216412,220,211,440
[RESULT] 78,128,1,0.001930237,0.001929045,220,211,440
[RESULT] 78,128,2,0.001872301,0.001871347,220,211,440
[RESULT] 78,128,3,0.001819372,0.001817942,220,211,440
[RESULT] 78,128,4,0.001863480,0.001862526,220,211,440
[RESULT] 78,128,5,0.002048254,0.002047062,220,211,440
[RESULT] 78,128,6,0.001798391,0.001797438,220,211,440
[RESULT] 78,128,7,0.001959801,0.001958847,220,211,440
[RESULT] 78,128,8,0.001810312,0.001809359,220,211,440
[RESULT] 78,128,9,0.006234646,0.006233454,220,211,440
[RESULT] 2,128,0,0.001277447,0.001276255,221,211,442
[RESULT] 2,128,1,0.001808405,0.001807451,221,211,442
[RESULT] 2,128,2,0.001637459,0.001636505,221,211,442
[RESULT] 2,128,3,0.001714468,0.001713276,221,211,442
[RESULT] 2,128,4,0.001637459,0.001636505,221,211,442
[RESULT] 2,128,5,0.001894236,0.001893282,221,211,442
[RESULT] 2,128,6,0.001558542,0.001557589,221,211,442
[RESULT] 2,128,7,0.001808405,0.001807213,221,211,442
[RESULT] 2,128,8,0.001574516,0.001573324,221,211,442
[RESULT] 2,128,9,0.004952431,0.004951477,221,211,442
[RESULT] 79,128,0,0.001242876,0.001241684,217,208,434
[RESULT] 79,128,1,0.001908064,0.001906872,217,208,434
[RESULT] 79,128,2,0.001857996,0.001856565,217,208,434
[RESULT] 79,128,3,0.001805544,0.001804352,217,208,434
[RESULT] 79,128,4,0.001861811,0.001860857,217,208,434
[RESULT] 79,128,5,0.002039194,0.002038002,217,208,434
[RESULT] 79,128,6,0.001796961,0.001796007,217,208,434
[RESULT] 79,128,7,0.001956701,0.001955748,217,208,434
[RESULT] 79,128,8,0.001801014,0.001800060,217,208,434
[RESULT] 79,128,9,0.006225348,0.006224155,217,208,434
[RESULT] 3,128,0,0.001276016,0.001274824,225,215,450
[RESULT] 3,128,1,0.001680851,0.001679659,225,215,450
[RESULT] 3,128,2,0.001638174,0.001637220,225,215,450
[RESULT] 3,128,3,0.001707792,0.001706600,225,215,450
[RESULT] 3,128,4,0.001636744,0.001635790,225,215,450
[RESULT] 3,128,5,0.001888752,0.001887321,225,215,450
[RESULT] 3,128,6,0.001559973,0.001558781,225,215,450
[RESULT] 3,128,7,0.001813412,0.001811981,225,215,450
[RESULT] 3,128,8,0.001572371,0.001571178,225,215,450
[RESULT] 3,128,9,0.004953146,0.004951954,225,215,450
[RESULT] 94,128,0,0.001122236,0.001120567,214,205,428
[RESULT] 94,128,1,0.001878977,0.001878023,214,205,428
[RESULT] 94,128,2,0.001844883,0.001843691,214,205,428
[RESULT] 94,128,3,0.001785278,0.001783848,214,205,428
[RESULT] 94,128,4,0.001841068,0.001839876,214,205,428
[RESULT] 94,128,5,0.002018929,0.002017975,214,205,428
[RESULT] 94,128,6,0.001780987,0.001779795,214,205,428
[RESULT] 94,128,7,0.001941204,0.001940012,214,205,428
[RESULT] 94,128,8,0.001777887,0.001776695,214,205,428
[RESULT] 94,128,9,0.006228447,0.006227493,214,205,428
[RESULT] 4,128,0,0.001284361,0.001282692,235,225,470
[RESULT] 4,128,1,0.001809359,0.001808167,235,225,470
[RESULT] 4,128,2,0.001631975,0.001630783,235,225,470
[RESULT] 4,128,3,0.001706600,0.001705408,235,225,470
[RESULT] 4,128,4,0.001644373,0.001643181,235,225,470
[RESULT] 4,128,5,0.001899719,0.001898289,235,225,470
[RESULT] 4,128,6,0.001555443,0.001554251,235,225,470
[RESULT] 4,128,7,0.001806974,0.001806021,235,225,470
[RESULT] 4,128,8,0.001571178,0.001570225,235,225,470
[RESULT] 4,128,9,0.004954815,0.004953861,235,225,470
[RESULT] 73,128,0,0.001368523,0.001367092,217,208,434
[RESULT] 73,128,1,0.002011776,0.002010345,217,208,434
[RESULT] 73,128,2,0.001919985,0.001918793,217,208,434
[RESULT] 73,128,3,0.001861095,0.001859665,217,208,434
[RESULT] 73,128,4,0.001912355,0.001911402,217,208,434
[RESULT] 73,128,5,0.002072573,0.002071381,217,208,434
[RESULT] 73,128,6,0.001855135,0.001853943,217,208,434
[RESULT] 73,128,7,0.001990080,0.001988888,217,208,434
[RESULT] 73,128,8,0.001847506,0.001846313,217,208,434
[RESULT] 73,128,9,0.006375551,0.006374121,217,208,434
[RESULT] 5,128,0,0.001278400,0.001276970,223,213,446
[RESULT] 5,128,1,0.001790047,0.001789093,223,213,446
[RESULT] 5,128,2,0.001627207,0.001626015,223,213,446
[RESULT] 5,128,3,0.001700640,0.001699686,223,213,446
[RESULT] 5,128,4,0.001638174,0.001636982,223,213,446
[RESULT] 5,128,5,0.001896143,0.001895189,223,213,446
[RESULT] 5,128,6,0.001541615,0.001540422,223,213,446
[RESULT] 5,128,7,0.001801491,0.001800299,223,213,446
[RESULT] 5,128,8,0.001569986,0.001569033,223,213,446
[RESULT] 5,128,9,0.004950285,0.004949331,223,213,446
[RESULT] 6,128,0,0.001280785,0.001279354,233,223,466
[RESULT] 6,128,1,0.001769066,0.001767874,233,223,466
[RESULT] 6,128,2,0.001627922,0.001626730,233,223,466
[RESULT] 6,128,3,0.001707315,0.001706123,233,223,466
[RESULT] 6,128,4,0.001642466,0.001641035,233,223,466
[RESULT] 6,128,5,0.001894712,0.001893759,233,223,466
[RESULT] 6,128,6,0.001549482,0.001548290,233,223,466
[RESULT] 6,128,7,0.001806498,0.001805305,233,223,466
[RESULT] 6,128,8,0.001568317,0.001567125,233,223,466
[RESULT] 6,128,9,0.004948139,0.004946709,233,223,466
[RESULT] 7,128,0,0.001274824,0.001273632,209,199,418
[RESULT] 7,128,1,0.001761436,0.001760483,209,199,418
[RESULT] 7,128,2,0.001613855,0.001612902,209,199,418
[RESULT] 7,128,3,0.001697302,0.001696348,209,199,418
[RESULT] 7,128,4,0.001630068,0.001629114,209,199,418
[RESULT] 7,128,5,0.001885176,0.001883984,209,199,418
[RESULT] 7,128,6,0.001533031,0.001531839,209,199,418
[RESULT] 7,128,7,0.001801491,0.001800537,209,199,418
[RESULT] 7,128,8,0.001564264,0.001563072,209,199,418
[RESULT] 7,128,9,0.004923105,0.004921913,209,199,418
[RESULT] 8,128,0,0.001283169,0.001281977,216,206,432
[RESULT] 8,128,1,0.001793385,0.001792431,216,206,432
[RESULT] 8,128,2,0.001623392,0.001622438,216,206,432
[RESULT] 8,128,3,0.001681805,0.001680851,216,206,432
[RESULT] 8,128,4,0.001629114,0.001627922,216,206,432
[RESULT] 8,128,5,0.001881838,0.001880884,216,206,432
[RESULT] 8,128,6,0.001547098,0.001545906,216,206,432
[RESULT] 8,128,7,0.001802921,0.001801968,216,206,432
[RESULT] 8,128,8,0.001563787,0.001562595,216,206,432
[RESULT] 8,128,9,0.004940987,0.004940033,216,206,432
[RESULT] 9,128,8,0.001564026,0.001562834,212,202,424
[RESULT] 9,128,9,0.004929304,0.004928350,212,202,424
[RESULT] 10,128,9,0.004933119,0.004931927,222,212,444
[RESULT] 96,128,0,0.001100063,0.001098633,218,209,436
[RESULT] 96,128,1,0.001816750,0.001815557,218,209,436
[RESULT] 96,128,2,0.001836300,0.001835346,218,209,436
[RESULT] 96,128,3,0.001751900,0.001750946,218,209,436
[RESULT] 96,128,4,0.001821280,0.001820326,218,209,436
[RESULT] 96,128,5,0.002008915,0.002007723,218,209,436
[RESULT] 96,128,6,0.001750946,0.001749992,218,209,436
[RESULT] 96,128,7,0.001929522,0.001928329,218,209,436
[RESULT] 96,128,8,0.001754522,0.001753569,218,209,436
[RESULT] 96,128,9,0.006767750,0.006766558,218,209,436
[RESULT] 97,128,0,0.001131535,0.001130581,221,212,442
[RESULT] 97,128,1,0.001865864,0.001864672,221,212,442
[RESULT] 97,128,2,0.001823902,0.001822710,221,212,442
[RESULT] 97,128,3,0.001749039,0.001748085,221,212,442
[RESULT] 97,128,4,0.001805544,0.001804590,221,212,442
[RESULT] 97,128,5,0.001996756,0.001995802,221,212,442
[RESULT] 97,128,6,0.001737833,0.001736879,221,212,442
[RESULT] 97,128,7,0.001918077,0.001917124,221,212,442
[RESULT] 97,128,8,0.001744747,0.001743793,221,212,442
[RESULT] 97,128,9,0.006631136,0.006630182,221,212,442
[RESULT] 98,128,0,0.001113415,0.001112223,230,221,460
[RESULT] 98,128,1,0.001862526,0.001861334,230,221,460
[RESULT] 98,128,2,0.001822948,0.001821756,230,221,460
[RESULT] 98,128,3,0.001727819,0.001726627,230,221,460
[RESULT] 98,128,4,0.001806498,0.001805544,230,221,460
[RESULT] 98,128,5,0.001998425,0.001997232,230,221,460
[RESULT] 98,128,6,0.001729727,0.001728535,230,221,460
[RESULT] 98,128,7,0.001911402,0.001910448,230,221,460
[RESULT] 98,128,8,0.001740932,0.001739740,230,221,460
[RESULT] 98,128,9,0.006644249,0.006643057,230,221,460
[RESULT] 99,128,0,0.001112700,0.001111507,219,210,438
[RESULT] 99,128,1,0.001854897,0.001853704,219,210,438
[RESULT] 99,128,2,0.001810551,0.001809597,219,210,438
[RESULT] 99,128,3,0.001723289,0.001722336,219,210,438
[RESULT] 99,128,4,0.001797676,0.001796484,219,210,438
[RESULT] 99,128,5,0.001992702,0.001991749,219,210,438
[RESULT] 99,128,6,0.001720905,0.001719952,219,210,438
[RESULT] 99,128,7,0.001902580,0.001901627,219,210,438
[RESULT] 99,128,8,0.001734972,0.001734018,219,210,438
[RESULT] 99,128,9,0.006680012,0.006679058,219,210,438
[RESULT] 100,128,0,0.001107931,0.001106739,228,219,456
[RESULT] 100,128,1,0.001858950,0.001857996,228,219,456
[RESULT] 100,128,2,0.001810789,0.001809597,228,219,456
[RESULT] 100,128,3,0.001712084,0.001711130,228,219,456
[RESULT] 100,128,4,0.001792669,0.001791477,228,219,456
[RESULT] 100,128,5,0.001978397,0.001977205,228,219,456
[RESULT] 100,128,6,0.001722574,0.001721382,228,219,456
[RESULT] 100,128,7,0.001900673,0.001899719,228,219,456
[RESULT] 100,128,8,0.001727343,0.001726151,228,219,456
[RESULT] 100,128,9,0.006685972,0.006684542,228,219,456
[RESULT] 101,128,0,0.001103163,0.001101971,203,194,406
[RESULT] 101,128,1,0.001849890,0.001848936,203,194,406
[RESULT] 101,128,2,0.001807451,0.001806498,203,194,406
[RESULT] 101,128,3,0.001709938,0.001708984,203,194,406
[RESULT] 101,128,4,0.001793146,0.001792192,203,194,406
[RESULT] 101,128,5,0.001972437,0.001971483,203,194,406
[RESULT] 101,128,6,0.001717567,0.001716614,203,194,406
[RESULT] 101,128,7,0.001895905,0.001894951,203,194,406
[RESULT] 101,128,8,0.001723528,0.001722813,203,194,406
[RESULT] 101,128,9,0.006528616,0.006527424,203,194,406
[RESULT] 102,128,0,0.001071692,0.001070499,212,203,424
[RESULT] 102,128,1,0.001860380,0.001859188,212,203,424
[RESULT] 102,128,2,0.001650572,0.001649618,212,203,424
[RESULT] 102,128,3,0.001724005,0.001723051,212,203,424
[RESULT] 102,128,4,0.001656771,0.001655579,212,203,424
[RESULT] 102,128,5,0.001923561,0.001922369,212,203,424
[RESULT] 102,128,6,0.001584768,0.001583815,212,203,424
[RESULT] 102,128,7,0.001828909,0.001827955,212,203,424
[RESULT] 102,128,8,0.001590490,0.001589537,212,203,424
[RESULT] 102,128,9,0.004970074,0.004968882,212,203,424
[RESULT] 103,128,0,0.001079321,0.001078367,207,198,414
[RESULT] 103,128,1,0.001850843,0.001849890,207,198,414
[RESULT] 103,128,2,0.001650095,0.001649141,207,198,414
[RESULT] 103,128,3,0.001723766,0.001722813,207,198,414
[RESULT] 103,128,4,0.001656055,0.001655102,207,198,414
[RESULT] 103,128,5,0.001923800,0.001923084,207,198,414
[RESULT] 103,128,6,0.001584768,0.001583815,207,198,414
[RESULT] 103,128,7,0.001828194,0.001827002,207,198,414
[RESULT] 103,128,8,0.001589298,0.001588345,207,198,414
[RESULT] 103,128,9,0.004959106,0.004958153,207,198,414
[RESULT] 104,128,0,0.001064301,0.001063108,216,207,432
[RESULT] 104,128,1,0.001847029,0.001846075,216,207,432
[RESULT] 104,128,2,0.001658440,0.001657248,216,207,432
[RESULT] 104,128,3,0.001728535,0.001727581,216,207,432
[RESULT] 104,128,4,0.001665592,0.001664639,216,207,432
[RESULT] 104,128,5,0.001930952,0.001929998,216,207,432
[RESULT] 104,128,6,0.001590252,0.001589060,216,207,432
[RESULT] 104,128,7,0.001833916,0.001832962,216,207,432
[RESULT] 104,128,8,0.001600504,0.001599550,216,207,432
[RESULT] 104,128,9,0.004979610,0.004978418,216,207,432
[RESULT] 105,128,0,0.001062393,0.001060963,225,216,450
[RESULT] 105,128,1,0.001846313,0.001845360,225,216,450
[RESULT] 105,128,2,0.001653433,0.001652479,225,216,450
[RESULT] 105,128,3,0.001726389,0.001725435,225,216,450
[RESULT] 105,128,4,0.001664877,0.001663923,225,216,450
[RESULT] 105,128,5,0.001929760,0.001928806,225,216,450
[RESULT] 105,128,6,0.001590490,0.001589298,225,216,450
[RESULT] 105,128,7,0.001831532,0.001830578,225,216,450
[RESULT] 105,128,8,0.001596928,0.001595974,225,216,450
[RESULT] 105,128,9,0.004976273,0.004975319,225,216,450
[RESULT] 106,128,0,0.000962496,0.000961304,234,225,468
[RESULT] 106,128,1,0.001825333,0.001824379,234,225,468
[RESULT] 106,128,2,0.001657009,0.001656055,234,225,468
[RESULT] 106,128,3,0.001726866,0.001725674,234,225,468
[RESULT] 106,128,4,0.001663208,0.001662254,234,225,468
[RESULT] 106,128,5,0.001930714,0.001929522,234,225,468
[RESULT] 106,128,6,0.001587629,0.001586676,234,225,468
[RESULT] 106,128,7,0.001831293,0.001830339,234,225,468
[RESULT] 106,128,8,0.001596451,0.001595497,234,225,468
[RESULT] 106,128,9,0.004975319,0.004974365,234,225,468
[RESULT] 107,128,0,0.000962257,0.000961304,217,208,434
[RESULT] 107,128,1,0.001812458,0.001811504,217,208,434
[RESULT] 107,128,2,0.001652002,0.001651049,217,208,434
[RESULT] 107,128,3,0.001722574,0.001721621,217,208,434
[RESULT] 107,128,4,0.001662731,0.001661777,217,208,434
[RESULT] 107,128,5,0.001927137,0.001926184,217,208,434
[RESULT] 107,128,6,0.001587391,0.001586199,217,208,434
[RESULT] 107,128,7,0.001829624,0.001828671,217,208,434
[RESULT] 107,128,8,0.001595259,0.001594305,217,208,434
[RESULT] 107,128,9,0.004975080,0.004974127,217,208,434
[RESULT] 108,128,0,0.000962019,0.000960827,226,217,452
[RESULT] 108,128,1,0.001810551,0.001809359,226,217,452
[RESULT] 108,128,2,0.001652479,0.001651525,226,217,452
[RESULT] 108,128,3,0.001723528,0.001722574,226,217,452
[RESULT] 108,128,4,0.001661777,0.001661062,226,217,452
[RESULT] 108,128,5,0.001928568,0.001927614,226,217,452
[RESULT] 108,128,6,0.001589537,0.001588345,226,217,452
[RESULT] 108,128,7,0.001831055,0.001830101,226,217,452
[RESULT] 108,128,8,0.001595020,0.001594067,226,217,452
[RESULT] 108,128,9,0.004976273,0.004975080,226,217,452
[RESULT] 109,128,0,0.000958681,0.000957489,201,192,402
[RESULT] 109,128,1,0.001809597,0.001808643,201,192,402
[RESULT] 109,128,2,0.001649857,0.001648903,201,192,402
[RESULT] 109,128,3,0.001722336,0.001721382,201,192,402
[RESULT] 109,128,4,0.001662493,0.001661777,201,192,402
[RESULT] 109,128,5,0.001927137,0.001926184,201,192,402
[RESULT] 109,128,6,0.001585960,0.001585007,201,192,402
[RESULT] 109,128,7,0.001831770,0.001830816,201,192,402
[RESULT] 109,128,8,0.001594782,0.001593828,201,192,402
[RESULT] 109,128,9,0.004976511,0.004975796,201,192,402
[RESULT] 110,128,0,0.000957966,0.000957012,210,201,420
[RESULT] 110,128,1,0.001578808,0.001577854,210,201,420
[RESULT] 110,128,2,0.001649618,0.001648664,210,201,420
[RESULT] 110,128,3,0.001725197,0.001724243,210,201,420
[RESULT] 110,128,4,0.001657486,0.001656532,210,201,420
[RESULT] 110,128,5,0.001928568,0.001927614,210,201,420
[RESULT] 110,128,6,0.001583338,0.001582384,210,201,420
[RESULT] 110,128,7,0.001829386,0.001828432,210,201,420
[RESULT] 110,128,8,0.001593351,0.001592398,210,201,420
[RESULT] 110,128,9,0.004976988,0.004976034,210,201,420
[RESULT] 111,128,0,0.000957012,0.000955820,211,202,422
[RESULT] 111,128,1,0.001381159,0.001379967,211,202,422
[RESULT] 111,128,2,0.001646519,0.001645565,211,202,422
[RESULT] 111,128,3,0.001721382,0.001720428,211,202,422
[RESULT] 111,128,4,0.001655102,0.001654148,211,202,422
[RESULT] 111,128,5,0.001926661,0.001925707,211,202,422
[RESULT] 111,128,6,0.001579046,0.001578093,211,202,422
[RESULT] 111,128,7,0.001822948,0.001821756,211,202,422
[RESULT] 111,128,8,0.001591206,0.001590014,211,202,422
[RESULT] 111,128,9,0.004977703,0.004976749,211,202,422
[RESULT] 112,128,0,0.000961781,0.000960350,220,211,440
[RESULT] 112,128,1,0.001368761,0.001367807,220,211,440
[RESULT] 112,128,2,0.001652241,0.001651049,220,211,440
[RESULT] 112,128,3,0.001721144,0.001720190,220,211,440
[RESULT] 112,128,4,0.001657724,0.001656771,220,211,440
[RESULT] 112,128,5,0.001918554,0.001917839,220,211,440
[RESULT] 112,128,6,0.001585007,0.001584053,220,211,440
[RESULT] 112,128,7,0.001825809,0.001824856,220,211,440
[RESULT] 112,128,8,0.001596451,0.001595497,220,211,440
[RESULT] 112,128,9,0.004975080,0.004974127,220,211,440
[RESULT] 113,128,0,0.000958681,0.000957727,217,208,434
[RESULT] 113,128,1,0.001361370,0.001360416,217,208,434
[RESULT] 113,128,2,0.001629353,0.001628160,217,208,434
[RESULT] 113,128,3,0.001714945,0.001713991,217,208,434
[RESULT] 113,128,4,0.001636744,0.001635790,217,208,434
[RESULT] 113,128,5,0.001897573,0.001896620,217,208,434
[RESULT] 113,128,6,0.001570702,0.001569748,217,208,434
[RESULT] 113,128,7,0.001810312,0.001809359,217,208,434
[RESULT] 113,128,8,0.001575232,0.001574278,217,208,434
[RESULT] 113,128,9,0.004949093,0.004948139,217,208,434
[RESULT] 114,128,0,0.000960827,0.000959635,226,217,452
[RESULT] 114,128,1,0.001351595,0.001350641,226,217,452
[RESULT] 114,128,2,0.001625776,0.001624823,226,217,452
[RESULT] 114,128,3,0.001716137,0.001714945,226,217,452
[RESULT] 114,128,4,0.001632690,0.001631737,226,217,452
[RESULT] 114,128,5,0.001894236,0.001893282,226,217,452
[RESULT] 114,128,6,0.001563549,0.001562595,226,217,452
[RESULT] 114,128,7,0.001808405,0.001807451,226,217,452
[RESULT] 114,128,8,0.001572609,0.001571894,226,217,452
[RESULT] 114,128,9,0.004950762,0.004949808,226,217,452
[RESULT] 115,128,0,0.000930071,0.000928879,209,200,418
[RESULT] 115,128,1,0.001355171,0.001354218,209,200,418
[RESULT] 115,128,2,0.001621962,0.001620770,209,200,418
[RESULT] 115,128,3,0.001685619,0.001684666,209,200,418
[RESULT] 115,128,4,0.001623154,0.001621962,209,200,418
[RESULT] 115,128,5,0.001882315,0.001881361,209,200,418
[RESULT] 115,128,6,0.001559496,0.001558542,209,200,418
[RESULT] 115,128,7,0.001794815,0.001793861,209,200,418
[RESULT] 115,128,8,0.001555681,0.001554728,209,200,418
[RESULT] 115,128,9,0.004943132,0.004941940,209,200,418
[RESULT] 116,128,0,0.000935793,0.000934601,218,209,436
[RESULT] 116,128,1,0.001336336,0.001335144,218,209,436
[RESULT] 116,128,2,0.001629353,0.001628160,218,209,436
[RESULT] 116,128,3,0.001680613,0.001679420,218,209,436
[RESULT] 116,128,4,0.001613617,0.001612425,218,209,436
[RESULT] 116,128,5,0.001888514,0.001887321,218,209,436
[RESULT] 116,128,6,0.001550198,0.001549006,218,209,436
[RESULT] 116,128,7,0.001796722,0.001795530,218,209,436
[RESULT] 116,128,8,0.001562357,0.001561165,218,209,436
[RESULT] 116,128,9,0.004940510,0.004939318,218,209,436
