Retrieving the matrix from '../data/Hook_1498.mtx'...
Real Matrix (Strong Scaling): Rows=1498023 | Cols=1498023 | NNZ=31207734 | Procs=32
Matrix distributed and converted to CSR
Ghost columns identified: 904793 total ghost values needed
Local vector initialized (size=46814 per process)
[RESULT] 31,32,0,0.265794516,0.263158083,974654,906594,1949308
[RESULT] 31,32,1,0.349158525,0.345662832,974654,906594,1949308
[RESULT] 31,32,2,0.354011297,0.351365566,974654,906594,1949308
[RESULT] 31,32,3,0.270979404,0.263053417,974654,906594,1949308
[RESULT] 31,32,4,0.270368814,0.267586231,974654,906594,1949308
[RESULT] 31,32,5,0.358379841,0.352036715,974654,906594,1949308
[RESULT] 31,32,6,0.272239208,0.269383907,974654,906594,1949308
[RESULT] 31,32,7,0.267456770,0.264799118,974654,906594,1949308
[RESULT] 31,32,8,0.267151356,0.264059544,974654,906594,1949308
[RESULT] 31,32,9,0.180849075,0.178270340,974654,906594,1949308
[RESULT] 29,32,0,0.354637623,0.351155996,977034,909024,1954068
[RESULT] 29,32,1,0.386925220,0.384331942,977034,909024,1954068
[RESULT] 29,32,2,0.353683949,0.351041317,977034,909024,1954068
[RESULT] 29,32,3,0.358990192,0.351054430,977034,909024,1954068
[RESULT] 29,32,4,0.269626141,0.266992569,977034,909024,1954068
[RESULT] 29,32,5,0.354649305,0.352030993,977034,909024,1954068
[RESULT] 29,32,6,0.362922430,0.354187727,977034,909024,1954068
[RESULT] 29,32,7,0.442734957,0.440087080,977034,909024,1954068
[RESULT] 29,32,8,0.355140924,0.352072477,977034,909024,1954068
[RESULT] 29,32,9,0.269253731,0.264098167,977034,909024,1954068
[RESULT] 30,32,0,0.354843855,0.351146460,974854,906909,1949708
[RESULT] 30,32,1,0.363987207,0.355349302,974854,906909,1949708
[RESULT] 30,32,2,0.356216908,0.353198290,974854,906909,1949708
[RESULT] 30,32,3,0.268447638,0.265841961,974854,906909,1949708
[RESULT] 30,32,4,0.354623556,0.351999283,974854,906909,1949708
[RESULT] 30,32,5,0.355804682,0.352010965,974854,906909,1949708
[RESULT] 30,32,6,0.359980345,0.353768826,974854,906909,1949708
[RESULT] 30,32,7,0.270213127,0.267587423,974854,906909,1949708
[RESULT] 30,32,8,0.266667604,0.264065981,974854,906909,1949708
[RESULT] 30,32,9,0.267886639,0.264224529,974854,906909,1949708
[RESULT] 28,32,0,0.445775270,0.442488670,976739,908731,1953478
[RESULT] 28,32,1,0.450948477,0.445122480,976739,908731,1953478
[RESULT] 28,32,2,0.357946634,0.355362177,976739,908731,1953478
[RESULT] 28,32,3,0.358162642,0.355149746,976739,908731,1953478
[RESULT] 28,32,4,0.356781721,0.354170084,976739,908731,1953478
[RESULT] 28,32,5,0.440135002,0.437027693,976739,908731,1953478
[RESULT] 28,32,6,0.447979450,0.440715790,976739,908731,1953478
[RESULT] 28,32,7,0.358971596,0.355612516,976739,908731,1953478
[RESULT] 28,32,8,0.355268955,0.352404833,976739,908731,1953478
[RESULT] 28,32,9,0.356220961,0.353104353,976739,908731,1953478
[RESULT] 25,32,0,0.444048405,0.439021111,975638,907607,1951276
[RESULT] 25,32,1,0.449994564,0.442203045,975638,907607,1951276
[RESULT] 25,32,2,0.442483425,0.439817190,975638,907607,1951276
[RESULT] 25,32,3,0.359294176,0.351289988,975638,907607,1951276
[RESULT] 25,32,4,0.442685127,0.440027952,975638,907607,1951276
[RESULT] 25,32,5,0.344370365,0.341784954,975638,907607,1951276
[RESULT] 25,32,6,0.447989941,0.440309048,975638,907607,1951276
[RESULT] 25,32,7,0.357049704,0.353820801,975638,907607,1951276
[RESULT] 25,32,8,0.355218649,0.352199078,975638,907607,1951276
[RESULT] 25,32,9,0.359852314,0.355989695,975638,907607,1951276
[RESULT] 0,32,0,0.579001427,0.483057737,972745,904793,1945490
[RESULT] 0,32,1,0.766959906,0.575031757,972745,904793,1945490
[RESULT] 0,32,2,0.671962976,0.480175495,972745,904793,1945490
[RESULT] 0,32,3,0.672950029,0.482094526,972745,904793,1945490
[RESULT] 0,32,4,0.550982952,0.455692291,972745,904793,1945490
[RESULT] 0,32,5,0.579960585,0.385338545,972745,904793,1945490
[RESULT] 0,32,6,0.671977758,0.576076984,972745,904793,1945490
[RESULT] 0,32,7,0.575967789,0.481071472,972745,904793,1945490
[RESULT] 0,32,8,0.577985287,0.480911732,972745,904793,1945490
[RESULT] 0,32,9,0.480990410,0.386998653,972745,904793,1945490

Benchmark Summary
Processes: 32
Iterations: 10
Matrix NNZ: 31207734
Total execution time: 911.734 seconds
[RESULT] 27,32,0,0.444037437,0.439096689,976861,908765,1953722
[RESULT] 27,32,1,0.451036215,0.445295334,976861,908765,1953722
[RESULT] 27,32,2,0.361266136,0.358316898,976861,908765,1953722
[RESULT] 27,32,3,0.357135773,0.353981972,976861,908765,1953722
[RESULT] 27,32,4,0.357827902,0.354070663,976861,908765,1953722
[RESULT] 27,32,5,0.451729774,0.448022842,976861,908765,1953722
[RESULT] 27,32,6,0.447984219,0.440031767,976861,908765,1953722
[RESULT] 27,32,7,0.356560469,0.352024555,976861,908765,1953722
[RESULT] 27,32,8,0.355157852,0.352027893,976861,908765,1953722
[RESULT] 27,32,9,0.360980034,0.355051041,976861,908765,1953722
[RESULT] 24,32,0,0.441935778,0.439346075,974932,906755,1949864
[RESULT] 24,32,1,0.538597584,0.531837463,974932,906755,1949864
[RESULT] 24,32,2,0.530899286,0.527171850,974932,906755,1949864
[RESULT] 24,32,3,0.446974993,0.439069510,974932,906755,1949864
[RESULT] 24,32,4,0.531833172,0.528026581,974932,906755,1949864
[RESULT] 24,32,5,0.529552460,0.525026321,974932,906755,1949864
[RESULT] 24,32,6,0.535989046,0.528194904,974932,906755,1949864
[RESULT] 24,32,7,0.531701088,0.529066324,974932,906755,1949864
[RESULT] 24,32,8,0.443156481,0.440081835,974932,906755,1949864
[RESULT] 24,32,9,0.447988749,0.442706347,974932,906755,1949864
[RESULT] 26,32,0,0.529691935,0.527027369,975357,907363,1950714
[RESULT] 26,32,1,0.433658838,0.431029081,975357,907363,1950714
[RESULT] 26,32,2,0.444735289,0.442099094,975357,907363,1950714
[RESULT] 26,32,3,0.446980238,0.439058304,975357,907363,1950714
[RESULT] 26,32,4,0.442710876,0.440060616,975357,907363,1950714
[RESULT] 26,32,5,0.528154850,0.525022507,975357,907363,1950714
[RESULT] 26,32,6,0.446426868,0.443727016,975357,907363,1950714
[RESULT] 26,32,7,0.532528639,0.528024197,975357,907363,1950714
[RESULT] 26,32,8,0.443162203,0.440052032,975357,907363,1950714
[RESULT] 26,32,9,0.447985888,0.442130804,975357,907363,1950714
[RESULT] 3,32,0,0.577020407,0.481046915,973651,905688,1947302
[RESULT] 3,32,1,0.575007200,0.479049444,973651,905688,1947302
[RESULT] 3,32,2,0.671993732,0.480087042,973651,905688,1947302
[RESULT] 3,32,3,0.481025219,0.387371540,973651,905688,1947302
[RESULT] 3,32,4,0.671993017,0.480319738,973651,905688,1947302
[RESULT] 3,32,5,0.479000568,0.385624647,973651,905688,1947302
[RESULT] 3,32,6,0.575986385,0.384047985,973651,905688,1947302
[RESULT] 3,32,7,0.480006695,0.384808779,973651,905688,1947302
[RESULT] 3,32,8,0.579991817,0.384056091,973651,905688,1947302
[RESULT] 3,32,9,0.481008291,0.384065151,973651,905688,1947302
[RESULT] 4,32,0,0.579032421,0.483149290,973707,905877,1947414
[RESULT] 4,32,1,0.766989470,0.575043678,973707,905877,1947414
[RESULT] 4,32,2,0.480003119,0.384652376,973707,905877,1947414
[RESULT] 4,32,3,0.672996998,0.481358767,973707,905877,1947414
[RESULT] 4,32,4,0.572004795,0.476073265,973707,905877,1947414
[RESULT] 4,32,5,0.567994595,0.385788918,973707,905877,1947414
[RESULT] 4,32,6,0.672001839,0.576099396,973707,905877,1947414
[RESULT] 4,32,7,0.576029062,0.480188131,973707,905877,1947414
[RESULT] 4,32,8,0.576041460,0.480301380,973707,905877,1947414
[RESULT] 4,32,9,0.577042341,0.481083393,973707,905877,1947414
[RESULT] 22,32,0,0.672971249,0.480995655,975962,907630,1951924
[RESULT] 22,32,1,0.671997786,0.576006889,975962,907630,1951924
[RESULT] 22,32,2,0.480021238,0.384017229,975962,907630,1951924
[RESULT] 22,32,3,0.573009253,0.477014780,975962,907630,1951924
[RESULT] 22,32,4,0.507987976,0.387008429,975962,907630,1951924
[RESULT] 22,32,5,0.383026838,0.289742231,975962,907630,1951924
[RESULT] 22,32,6,0.575983763,0.384234190,975962,907630,1951924
[RESULT] 22,32,7,0.576006889,0.480058670,975962,907630,1951924
[RESULT] 22,32,8,0.479992867,0.384160757,975962,907630,1951924
[RESULT] 22,32,9,0.480013609,0.384104252,975962,907630,1951924
[RESULT] 7,32,0,0.577014923,0.481100559,976100,907979,1952200
[RESULT] 7,32,1,0.576021194,0.480044127,976100,907979,1952200
[RESULT] 7,32,2,0.384011269,0.289663315,976100,907979,1952200
[RESULT] 7,32,3,0.477003098,0.381274462,976100,907979,1952200
[RESULT] 7,32,4,0.480019808,0.384181976,976100,907979,1952200
[RESULT] 7,32,5,0.499983311,0.290193796,976100,907979,1952200
[RESULT] 7,32,6,0.384010553,0.288117886,976100,907979,1952200
[RESULT] 7,32,7,0.672021866,0.576074839,976100,907979,1952200
[RESULT] 7,32,8,0.384015322,0.288059235,976100,907979,1952200
[RESULT] 7,32,9,0.480010271,0.384064674,976100,907979,1952200
[RESULT] 6,32,0,0.674989700,0.579101562,975166,907255,1950332
[RESULT] 6,32,1,0.671001196,0.575073481,975166,907255,1950332
[RESULT] 6,32,2,0.480017662,0.384293795,975166,907255,1950332
[RESULT] 6,32,3,0.672990084,0.481523991,975166,907255,1950332
[RESULT] 6,32,4,0.576017380,0.480053902,975166,907255,1950332
[RESULT] 6,32,5,0.571988106,0.385384083,975166,907255,1950332
[RESULT] 6,32,6,0.480006933,0.384149313,975166,907255,1950332
[RESULT] 6,32,7,0.672011852,0.576066256,975166,907255,1950332
[RESULT] 6,32,8,0.480005264,0.384052753,975166,907255,1950332
[RESULT] 6,32,9,0.577001095,0.481051922,975166,907255,1950332
[RESULT] 11,32,0,0.476985455,0.381080866,975804,907729,1951608
[RESULT] 11,32,1,0.576004982,0.480060577,975804,907729,1951608
[RESULT] 11,32,2,0.480000734,0.384053230,975804,907729,1951608
[RESULT] 11,32,3,0.480028391,0.384063959,975804,907729,1951608
[RESULT] 11,32,4,0.480007887,0.384186983,975804,907729,1951608
[RESULT] 11,32,5,0.476019144,0.383012772,975804,907729,1951608
[RESULT] 11,32,6,0.480002403,0.384009361,975804,907729,1951608
[RESULT] 11,32,7,0.384006739,0.288120508,975804,907729,1951608
[RESULT] 11,32,8,0.384015322,0.288014412,975804,907729,1951608
[RESULT] 11,32,9,0.384012699,0.288033724,975804,907729,1951608
[RESULT] 14,32,0,0.481001616,0.385089397,978414,910237,1956828
[RESULT] 14,32,1,0.383999348,0.288090944,978414,910237,1956828
[RESULT] 14,32,2,0.384015083,0.288161516,978414,910237,1956828
[RESULT] 14,32,3,0.479998827,0.288116455,978414,910237,1956828
[RESULT] 14,32,4,0.479990005,0.288612366,978414,910237,1956828
[RESULT] 14,32,5,0.547990084,0.360556364,978414,910237,1956828
[RESULT] 14,32,6,0.479985476,0.384028912,978414,910237,1956828
[RESULT] 14,32,7,0.575997353,0.480057478,978414,910237,1956828
[RESULT] 14,32,8,0.479995728,0.289381981,978414,910237,1956828
[RESULT] 14,32,9,0.479993820,0.289648056,978414,910237,1956828
[RESULT] 1,32,0,0.579027653,0.483119965,972927,904955,1945854
[RESULT] 1,32,1,0.766993284,0.575075388,972927,904955,1945854
[RESULT] 1,32,2,0.667998075,0.476209641,972927,904955,1945854
[RESULT] 1,32,3,0.672997952,0.481064558,972927,904955,1945854
[RESULT] 1,32,4,0.671994448,0.479680777,972927,904955,1945854
[RESULT] 1,32,5,0.482999563,0.385210276,972927,904955,1945854
[RESULT] 1,32,6,0.576006413,0.480159998,972927,904955,1945854
[RESULT] 1,32,7,0.483794928,0.385564804,972927,904955,1945854
[RESULT] 1,32,8,0.575995922,0.386574030,972927,904955,1945854
[RESULT] 1,32,9,0.577004433,0.387969732,972927,904955,1945854
[RESULT] 2,32,0,0.575000048,0.479110479,972581,904745,1945162
[RESULT] 2,32,1,0.766990900,0.575060606,972581,904745,1945162
[RESULT] 2,32,2,0.671989441,0.480202913,972581,904745,1945162
[RESULT] 2,32,3,0.672993660,0.481700420,972581,904745,1945162
[RESULT] 2,32,4,0.671996117,0.481588364,972581,904745,1945162
[RESULT] 2,32,5,0.483016729,0.389311552,972581,904745,1945162
[RESULT] 2,32,6,0.575981855,0.384267092,972581,904745,1945162
[RESULT] 2,32,7,0.480000019,0.384180069,972581,904745,1945162
[RESULT] 2,32,8,0.575990200,0.386142731,972581,904745,1945162
[RESULT] 2,32,9,0.577000141,0.387376547,972581,904745,1945162
[RESULT] 5,32,0,0.571004629,0.475139380,974330,906534,1948660
[RESULT] 5,32,1,0.671995640,0.480052710,974330,906534,1948660
[RESULT] 5,32,2,0.484015226,0.388180494,974330,906534,1948660
[RESULT] 5,32,3,0.672998428,0.481055737,974330,906534,1948660
[RESULT] 5,32,4,0.575987101,0.385176659,974330,906534,1948660
[RESULT] 5,32,5,0.482997656,0.393180132,974330,906534,1948660
[RESULT] 5,32,6,0.480002403,0.384181976,974330,906534,1948660
[RESULT] 5,32,7,0.480003119,0.384220123,974330,906534,1948660
[RESULT] 5,32,8,0.575988293,0.384386778,974330,906534,1948660
[RESULT] 5,32,9,0.576992512,0.386906385,974330,906534,1948660
[RESULT] 10,32,0,0.572988272,0.477039576,974666,906565,1949332
[RESULT] 10,32,1,0.667990685,0.476067781,974666,906565,1949332
[RESULT] 10,32,2,0.480000734,0.384146929,974666,906565,1949332
[RESULT] 10,32,3,0.481003523,0.385105133,974666,906565,1949332
[RESULT] 10,32,4,0.575997591,0.384604216,974666,906565,1949332
[RESULT] 10,32,5,0.572000504,0.479018927,974666,906565,1949332
[RESULT] 10,32,6,0.480017185,0.384143829,974666,906565,1949332
[RESULT] 10,32,7,0.576014757,0.480052471,974666,906565,1949332
[RESULT] 10,32,8,0.479989529,0.288180590,974666,906565,1949332
[RESULT] 10,32,9,0.480015755,0.288197994,974666,906565,1949332
[RESULT] 15,32,0,0.383991480,0.288137197,976435,908276,1952870
[RESULT] 15,32,1,0.383998394,0.288441658,976435,908276,1952870
[RESULT] 15,32,2,0.383985758,0.287988663,976435,908276,1952870
[RESULT] 15,32,3,0.383991480,0.192620039,976435,908276,1952870
[RESULT] 15,32,4,0.385006428,0.289082766,976435,908276,1952870
[RESULT] 15,32,5,0.479993582,0.292465448,976435,908276,1952870
[RESULT] 15,32,6,0.480011463,0.384107590,976435,908276,1952870
[RESULT] 15,32,7,0.480005741,0.384065151,976435,908276,1952870
[RESULT] 15,32,8,0.479989290,0.288192272,976435,908276,1952870
[RESULT] 15,32,9,0.480019093,0.384177923,976435,908276,1952870
[RESULT] 16,32,0,0.672992468,0.577063560,975839,907720,1951678
[RESULT] 16,32,1,0.671003819,0.575063705,975839,907720,1951678
[RESULT] 16,32,2,0.576018810,0.480265141,975839,907720,1951678
[RESULT] 16,32,3,0.673000097,0.481152534,975839,907720,1951678
[RESULT] 16,32,4,0.671995401,0.480900764,975839,907720,1951678
[RESULT] 16,32,5,0.575994015,0.388818979,975839,907720,1951678
[RESULT] 16,32,6,0.672031641,0.576241016,975839,907720,1951678
[RESULT] 16,32,7,0.576004505,0.480011463,975839,907720,1951678
[RESULT] 16,32,8,0.576010466,0.480136871,975839,907720,1951678
[RESULT] 16,32,9,0.577000141,0.385285378,975839,907720,1951678
[RESULT] 18,32,0,0.677002430,0.581038713,973588,905772,1947176
[RESULT] 18,32,1,0.671010733,0.575047493,973588,905772,1947176
[RESULT] 18,32,2,0.576007128,0.480112791,973588,905772,1947176
[RESULT] 18,32,3,0.577015400,0.481076717,973588,905772,1947176
[RESULT] 18,32,4,0.671988010,0.480636120,973588,905772,1947176
[RESULT] 18,32,5,0.479015827,0.384827852,973588,905772,1947176
[RESULT] 18,32,6,0.671983004,0.480154514,973588,905772,1947176
[RESULT] 18,32,7,0.480007410,0.384249687,973588,905772,1947176
[RESULT] 18,32,8,0.575992584,0.384082556,973588,905772,1947176
[RESULT] 18,32,9,0.575982094,0.384213924,973588,905772,1947176
[RESULT] 13,32,0,0.481013298,0.385044813,977237,909137,1954474
[RESULT] 13,32,1,0.480010509,0.384041071,977237,909137,1954474
[RESULT] 13,32,2,0.384014845,0.288097858,977237,909137,1954474
[RESULT] 13,32,3,0.384004593,0.288048506,977237,909137,1954474
[RESULT] 13,32,4,0.479978085,0.287192106,977237,909137,1954474
[RESULT] 13,32,5,0.478997946,0.384874582,977237,909137,1954474
[RESULT] 13,32,6,0.575981140,0.384245157,977237,909137,1954474
[RESULT] 13,32,7,0.575990677,0.480121613,977237,909137,1954474
[RESULT] 13,32,8,0.475992441,0.288068295,977237,909137,1954474
[RESULT] 13,32,9,0.479995966,0.288137913,977237,909137,1954474
[RESULT] 19,32,0,0.577001095,0.481056213,974147,906298,1948294
[RESULT] 19,32,1,0.671992064,0.576022625,974147,906298,1948294
[RESULT] 19,32,2,0.576010227,0.480037689,974147,906298,1948294
[RESULT] 19,32,3,0.573003054,0.477112293,974147,906298,1948294
[RESULT] 19,32,4,0.578010798,0.480046988,974147,906298,1948294
[RESULT] 19,32,5,0.468914986,0.383080482,974147,906298,1948294
[RESULT] 19,32,6,0.671983242,0.480129719,974147,906298,1948294
[RESULT] 19,32,7,0.576026678,0.480016708,974147,906298,1948294
[RESULT] 19,32,8,0.575995684,0.384061813,974147,906298,1948294
[RESULT] 19,32,9,0.571998358,0.384170294,974147,906298,1948294
[RESULT] 21,32,0,0.597012758,0.501001835,976498,908510,1952996
[RESULT] 21,32,1,0.671988487,0.480026484,976498,908510,1952996
[RESULT] 21,32,2,0.384022474,0.288165808,976498,908510,1952996
[RESULT] 21,32,3,0.480997324,0.385016680,976498,908510,1952996
[RESULT] 21,32,4,0.479993582,0.288352489,976498,908510,1952996
[RESULT] 21,32,5,0.387001038,0.292495966,976498,908510,1952996
[RESULT] 21,32,6,0.576010227,0.480055809,976498,908510,1952996
[RESULT] 21,32,7,0.384013653,0.288361073,976498,908510,1952996
[RESULT] 21,32,8,0.479988575,0.288176060,976498,908510,1952996
[RESULT] 21,32,9,0.479994535,0.384042263,976498,908510,1952996
[RESULT] 20,32,0,0.672995567,0.577000141,975513,907386,1951026
[RESULT] 20,32,1,0.675019741,0.579027176,975513,907386,1951026
[RESULT] 20,32,2,0.575985670,0.384020090,975513,907386,1951026
[RESULT] 20,32,3,0.576032639,0.477026224,975513,907386,1951026
[RESULT] 20,32,4,0.575989246,0.383025646,975513,907386,1951026
[RESULT] 20,32,5,0.478998423,0.385091543,975513,907386,1951026
[RESULT] 20,32,6,0.671988249,0.480129004,975513,907386,1951026
[RESULT] 20,32,7,0.480019093,0.384154081,975513,907386,1951026
[RESULT] 20,32,8,0.575992346,0.384067774,975513,907386,1951026
[RESULT] 20,32,9,0.575995922,0.385997772,975513,907386,1951026
[RESULT] 17,32,0,0.673004627,0.577024221,973218,905425,1946436
[RESULT] 17,32,1,0.674989700,0.579052210,973218,905425,1946436
[RESULT] 17,32,2,0.576020718,0.480053425,973218,905425,1946436
[RESULT] 17,32,3,0.573029757,0.477069616,973218,905425,1946436
[RESULT] 17,32,4,0.671988964,0.479092598,973218,905425,1946436
[RESULT] 17,32,5,0.478996038,0.383567333,973218,905425,1946436
[RESULT] 17,32,6,0.671984911,0.480189085,973218,905425,1946436
[RESULT] 17,32,7,0.672017097,0.576026917,973218,905425,1946436
[RESULT] 17,32,8,0.576006413,0.384070635,973218,905425,1946436
[RESULT] 17,32,9,0.576003551,0.384133101,973218,905425,1946436
[RESULT] 8,32,0,0.672987461,0.481149673,975096,906823,1950192
[RESULT] 8,32,1,0.672015190,0.576066494,975096,906823,1950192
[RESULT] 8,32,2,0.576021194,0.480065107,975096,906823,1950192
[RESULT] 8,32,3,0.573012590,0.477074385,975096,906823,1950192
[RESULT] 8,32,4,0.576005936,0.480167389,975096,906823,1950192
[RESULT] 8,32,5,0.564427614,0.387212992,975096,906823,1950192
[RESULT] 8,32,6,0.671994448,0.480131626,975096,906823,1950192
[RESULT] 8,32,7,0.576023340,0.480046511,975096,906823,1950192
[RESULT] 8,32,8,0.575999737,0.384141684,975096,906823,1950192
[RESULT] 8,32,9,0.575998783,0.384136200,975096,906823,1950192
[RESULT] 9,32,0,0.576994896,0.481049061,973981,905835,1947962
[RESULT] 9,32,1,0.576016426,0.480055809,973981,905835,1947962
[RESULT] 9,32,2,0.575997114,0.384058237,973981,905835,1947962
[RESULT] 9,32,3,0.480022192,0.384063005,973981,905835,1947962
[RESULT] 9,32,4,0.480000496,0.383134365,973981,905835,1947962
[RESULT] 9,32,5,0.551027060,0.289339542,973981,905835,1947962
[RESULT] 9,32,6,0.671994686,0.576029301,973981,905835,1947962
[RESULT] 9,32,7,0.671998024,0.576053143,973981,905835,1947962
[RESULT] 9,32,8,0.480024815,0.384128332,973981,905835,1947962
[RESULT] 9,32,9,0.576001883,0.384112597,973981,905835,1947962
[RESULT] 23,32,0,0.480980158,0.385061026,976083,907837,1952166
[RESULT] 23,32,1,0.576021433,0.480007410,976083,907837,1952166
[RESULT] 23,32,2,0.479995728,0.383998632,976083,907837,1952166
[RESULT] 23,32,3,0.513010979,0.417015791,976083,907837,1952166
[RESULT] 23,32,4,0.480003834,0.384006262,976083,907837,1952166
[RESULT] 23,32,5,0.372021914,0.287036180,976083,907837,1952166
[RESULT] 23,32,6,0.384019136,0.288236380,976083,907837,1952166
[RESULT] 23,32,7,0.384035587,0.288413525,976083,907837,1952166
[RESULT] 23,32,8,0.383994818,0.288186073,976083,907837,1952166
[RESULT] 23,32,9,0.479998350,0.288121223,976083,907837,1952166
[RESULT] 12,32,0,0.576973915,0.385076284,977977,909709,1955954
[RESULT] 12,32,1,0.480027199,0.384064436,977977,909709,1955954
[RESULT] 12,32,2,0.480010271,0.384050608,977977,909709,1955954
[RESULT] 12,32,3,0.479991436,0.384055614,977977,909709,1955954
[RESULT] 12,32,4,0.580014229,0.484047890,977977,909709,1955954
[RESULT] 12,32,5,0.571985722,0.379223347,977977,909709,1955954
[RESULT] 12,32,6,0.576005936,0.480149984,977977,909709,1955954
[RESULT] 12,32,7,0.576002836,0.480052471,977977,909709,1955954
[RESULT] 12,32,8,0.481021643,0.384089947,977977,909709,1955954
[RESULT] 12,32,9,0.483929396,0.384174585,977977,909709,1955954
