Retrieving the matrix from '../data/Andrews.mtx'...
Real Matrix (Strong Scaling): Rows=60000 | Cols=60000 | NNZ=410077 | Procs=128
Matrix distributed and converted to CSR
Ghost columns identified: 2690 total ghost values needed
Local vector initialized (size=469 per process)
[RESULT] 96,128,0,0.003600359,0.003577709,3178,2692,6356
[RESULT] 96,128,1,0.205099106,0.205078363,3178,2692,6356
[RESULT] 96,128,2,0.004922867,0.004902601,3178,2692,6356
[RESULT] 96,128,3,0.209999084,0.209978104,3178,2692,6356
[RESULT] 96,128,4,0.212225914,0.212205410,3178,2692,6356
[RESULT] 96,128,5,0.213057280,0.213035822,3178,2692,6356
[RESULT] 96,128,6,0.420309782,0.420289040,3178,2692,6356
[RESULT] 96,128,7,0.207751036,0.207730055,3178,2692,6356
[RESULT] 96,128,8,0.006777525,0.006677866,3178,2692,6356
[RESULT] 96,128,9,0.004163265,0.004141331,3178,2692,6356
[RESULT] 121,128,0,0.003196001,0.003170490,3236,2749,6472
[RESULT] 121,128,1,0.206045628,0.206021070,3236,2749,6472
[RESULT] 121,128,2,0.005634785,0.005610704,3236,2749,6472
[RESULT] 121,128,3,0.207787275,0.207763433,3236,2749,6472
[RESULT] 121,128,4,0.214178324,0.214154005,3236,2749,6472
[RESULT] 121,128,5,0.211601973,0.211577654,3236,2749,6472
[RESULT] 121,128,6,0.419784069,0.419760227,3236,2749,6472
[RESULT] 121,128,7,0.215020657,0.214996576,3236,2749,6472
[RESULT] 121,128,8,0.006294489,0.006184340,3236,2749,6472
[RESULT] 121,128,9,0.004217386,0.004193544,3236,2749,6472
[RESULT] 85,128,0,0.003572941,0.003546238,3285,2787,6570
[RESULT] 85,128,1,0.205401897,0.205377579,3285,2787,6570
[RESULT] 85,128,2,0.005054951,0.005030155,3285,2787,6570
[RESULT] 85,128,3,0.210161209,0.210136890,3285,2787,6570
[RESULT] 85,128,4,0.005645752,0.005621910,3285,2787,6570
[RESULT] 85,128,5,0.213579655,0.213555336,3285,2787,6570
[RESULT] 85,128,6,0.420284510,0.420260191,3285,2787,6570
[RESULT] 85,128,7,0.006717205,0.006693125,3285,2787,6570
[RESULT] 85,128,8,0.006979942,0.006866693,3285,2787,6570
[RESULT] 85,128,9,0.004269361,0.004244804,3285,2787,6570
[RESULT] 97,128,0,0.003591299,0.003560781,3260,2765,6520
[RESULT] 97,128,1,0.205103397,0.205073833,3260,2765,6520
[RESULT] 97,128,2,0.004890680,0.004868507,3260,2765,6520
[RESULT] 97,128,3,0.209987640,0.209966660,3260,2765,6520
[RESULT] 97,128,4,0.212256193,0.212212324,3260,2765,6520
[RESULT] 97,128,5,0.213049650,0.213027477,3260,2765,6520
[RESULT] 97,128,6,0.420295238,0.420273304,3260,2765,6520
[RESULT] 97,128,7,0.213972330,0.213951111,3260,2765,6520
[RESULT] 97,128,8,0.006720066,0.006344080,3260,2765,6520
[RESULT] 97,128,9,0.004151344,0.004129171,3260,2765,6520
[RESULT] 122,128,0,0.003186464,0.003160238,3155,2664,6310
[RESULT] 122,128,1,0.206038237,0.206014395,3155,2664,6310
[RESULT] 122,128,2,0.005590200,0.005566597,3155,2664,6310
[RESULT] 122,128,3,0.207807541,0.207784176,3155,2664,6310
[RESULT] 122,128,4,0.214182854,0.214159966,3155,2664,6310
[RESULT] 122,128,5,0.211601496,0.211578131,3155,2664,6310
[RESULT] 122,128,6,0.419784307,0.419760704,3155,2664,6310
[RESULT] 122,128,7,0.215020895,0.214997053,3155,2664,6310
[RESULT] 122,128,8,0.006177902,0.006067753,3155,2664,6310
[RESULT] 122,128,9,0.004232168,0.004208565,3155,2664,6310
[RESULT] 87,128,0,0.003590584,0.003561735,3286,2788,6572
[RESULT] 87,128,1,0.204913616,0.204889297,3286,2788,6572
[RESULT] 87,128,2,0.005441666,0.005417109,3286,2788,6572
[RESULT] 87,128,3,0.210139990,0.210115433,3286,2788,6572
[RESULT] 87,128,4,0.005637407,0.005613327,3286,2788,6572
[RESULT] 87,128,5,0.213580132,0.213555813,3286,2788,6572
[RESULT] 87,128,6,0.420264482,0.420240402,3286,2788,6572
[RESULT] 87,128,7,0.006658554,0.006634474,3286,2788,6572
[RESULT] 87,128,8,0.006833553,0.006721735,3286,2788,6572
[RESULT] 87,128,9,0.004209280,0.004184723,3286,2788,6572
[RESULT] 98,128,0,0.003606081,0.003571987,3094,2589,6188
[RESULT] 98,128,1,0.205081224,0.205059290,3094,2589,6188
[RESULT] 98,128,2,0.004903078,0.004882097,3094,2589,6188
[RESULT] 98,128,3,0.209979773,0.209959030,3094,2589,6188
[RESULT] 98,128,4,0.212983370,0.212962389,3094,2589,6188
[RESULT] 98,128,5,0.213029861,0.213006973,3094,2589,6188
[RESULT] 98,128,6,0.420301437,0.420281172,3094,2589,6188
[RESULT] 98,128,7,0.213963747,0.213943243,3094,2589,6188
[RESULT] 98,128,8,0.006687880,0.006306171,3094,2589,6188
[RESULT] 98,128,9,0.004159927,0.004138947,3094,2589,6188
[RESULT] 123,128,0,0.003174543,0.003148556,3206,2709,6412
[RESULT] 123,128,1,0.206044436,0.206019878,3206,2709,6412
[RESULT] 123,128,2,0.005602360,0.005577803,3206,2709,6412
[RESULT] 123,128,3,0.207783222,0.207758665,3206,2709,6412
[RESULT] 123,128,4,0.214169979,0.214145899,3206,2709,6412
[RESULT] 123,128,5,0.211593390,0.211569309,3206,2709,6412
[RESULT] 123,128,6,0.419732332,0.419708252,3206,2709,6412
[RESULT] 123,128,7,0.215014458,0.214990854,3206,2709,6412
[RESULT] 123,128,8,0.006285906,0.006175041,3206,2709,6412
[RESULT] 123,128,9,0.004192352,0.004168272,3206,2709,6412
[RESULT] 88,128,0,0.003595829,0.003571510,3219,2719,6438
[RESULT] 88,128,1,0.205317974,0.205295801,3219,2719,6438
[RESULT] 88,128,2,0.005458355,0.005437136,3219,2719,6438
[RESULT] 88,128,3,0.210164547,0.210143566,3219,2719,6438
[RESULT] 88,128,4,0.005645990,0.005624771,3219,2719,6438
[RESULT] 88,128,5,0.213587284,0.213564396,3219,2719,6438
[RESULT] 88,128,6,0.420294285,0.420272112,3219,2719,6438
[RESULT] 88,128,7,0.006653070,0.006630659,3219,2719,6438
[RESULT] 88,128,8,0.007006645,0.006901264,3219,2719,6438
[RESULT] 88,128,9,0.004237413,0.004215479,3219,2719,6438
[RESULT] 99,128,0,0.003586292,0.003560781,3212,2715,6424
[RESULT] 99,128,1,0.205067635,0.205029488,3212,2715,6424
[RESULT] 99,128,2,0.004870415,0.004843950,3212,2715,6424
[RESULT] 99,128,3,0.209997892,0.209961176,3212,2715,6424
[RESULT] 99,128,4,0.214236021,0.214189053,3212,2715,6424
[RESULT] 99,128,5,0.213027000,0.212989807,3212,2715,6424
[RESULT] 99,128,6,0.420308590,0.420270205,3212,2715,6424
[RESULT] 99,128,7,0.214968443,0.214928627,3212,2715,6424
[RESULT] 99,128,8,0.006441355,0.006323099,3212,2715,6424
[RESULT] 99,128,9,0.004126549,0.004102945,3212,2715,6424
[RESULT] 124,128,0,0.003040075,0.003014803,3208,2709,6416
[RESULT] 124,128,1,0.205991268,0.205967188,3208,2709,6416
[RESULT] 124,128,2,0.005600452,0.005575895,3208,2709,6416
[RESULT] 124,128,3,0.207799673,0.207775593,3208,2709,6416
[RESULT] 124,128,4,0.214164972,0.214140654,3208,2709,6416
[RESULT] 124,128,5,0.211585522,0.211561680,3208,2709,6416
[RESULT] 124,128,6,0.419709444,0.419685841,3208,2709,6416
[RESULT] 124,128,7,0.215001345,0.214977503,3208,2709,6416
[RESULT] 124,128,8,0.006272078,0.006161213,3208,2709,6416
[RESULT] 124,128,9,0.004184723,0.004160643,3208,2709,6416
[RESULT] 91,128,0,0.003574133,0.003548622,3238,2749,6476
[RESULT] 91,128,1,0.205208540,0.205183983,3238,2749,6476
[RESULT] 91,128,2,0.005448580,0.005424738,3238,2749,6476
[RESULT] 91,128,3,0.210051298,0.210027695,3238,2749,6476
[RESULT] 91,128,4,0.005641937,0.005618334,3238,2749,6476
[RESULT] 91,128,5,0.213445902,0.213415861,3238,2749,6476
[RESULT] 91,128,6,0.420280218,0.420256615,3238,2749,6476
[RESULT] 91,128,7,0.006400347,0.006376266,3238,2749,6476
[RESULT] 91,128,8,0.006735563,0.006623030,3238,2749,6476
[RESULT] 91,128,9,0.004213333,0.004189730,3238,2749,6476
[RESULT] 100,128,0,0.003570795,0.003544092,3189,2697,6378
[RESULT] 100,128,1,0.205080032,0.205042362,3189,2697,6378
[RESULT] 100,128,2,0.004886150,0.004859209,3189,2697,6378
[RESULT] 100,128,3,0.209968328,0.209931850,3189,2697,6378
[RESULT] 100,128,4,0.214235067,0.214192152,3189,2697,6378
[RESULT] 100,128,5,0.212995052,0.212953568,3189,2697,6378
[RESULT] 100,128,6,0.419967651,0.419930696,3189,2697,6378
[RESULT] 100,128,7,0.214965820,0.214930296,3189,2697,6378
[RESULT] 100,128,8,0.006434441,0.006315708,3189,2697,6378
[RESULT] 100,128,9,0.004135370,0.004113436,3189,2697,6378
[RESULT] 125,128,0,0.002964497,0.002939701,3160,2671,6320
[RESULT] 125,128,1,0.206016064,0.205991983,3160,2671,6320
[RESULT] 125,128,2,0.005581379,0.005557537,3160,2671,6320
[RESULT] 125,128,3,0.207782507,0.207759142,3160,2671,6320
[RESULT] 125,128,4,0.214149475,0.214125872,3160,2671,6320
[RESULT] 125,128,5,0.211572170,0.211548805,3160,2671,6320
[RESULT] 125,128,6,0.419730902,0.419707060,3160,2671,6320
[RESULT] 125,128,7,0.214985132,0.214961290,3160,2671,6320
[RESULT] 125,128,8,0.006249666,0.006139278,3160,2671,6320
[RESULT] 125,128,9,0.004186869,0.004163504,3160,2671,6320
[RESULT] 92,128,0,0.003587484,0.003560781,3267,2765,6534
[RESULT] 92,128,1,0.205171108,0.205146551,3267,2765,6534
[RESULT] 92,128,2,0.005459309,0.005435228,3267,2765,6534
[RESULT] 92,128,3,0.210038424,0.210014582,3267,2765,6534
[RESULT] 92,128,4,0.005649567,0.005625963,3267,2765,6534
[RESULT] 92,128,5,0.213456392,0.213425398,3267,2765,6534
[RESULT] 92,128,6,0.420285702,0.420261145,3267,2765,6534
[RESULT] 92,128,7,0.006366253,0.006342173,3267,2765,6534
[RESULT] 92,128,8,0.006985188,0.006874323,3267,2765,6534
[RESULT] 92,128,9,0.004213810,0.004189491,3267,2765,6534
[RESULT] 101,128,0,0.003569365,0.003546953,3180,2689,6360
[RESULT] 101,128,1,0.205043316,0.205022335,3180,2689,6360
[RESULT] 101,128,2,0.004864931,0.004844189,3180,2689,6360
[RESULT] 101,128,3,0.209947348,0.209927082,3180,2689,6360
[RESULT] 101,128,4,0.214205503,0.214184761,3180,2689,6360
[RESULT] 101,128,5,0.212948322,0.212927580,3180,2689,6360
[RESULT] 101,128,6,0.419975996,0.419927359,3180,2689,6360
[RESULT] 101,128,7,0.214965820,0.214926243,3180,2689,6360
[RESULT] 101,128,8,0.006469250,0.006103516,3180,2689,6360
[RESULT] 101,128,9,0.004178286,0.004158497,3180,2689,6360
[RESULT] 30,128,0,0.003351212,0.003325939,3246,2751,6492
[RESULT] 30,128,1,0.206037760,0.206013680,3246,2751,6492
[RESULT] 30,128,2,0.005762100,0.005738735,3246,2751,6492
[RESULT] 30,128,3,0.210497618,0.210474253,3246,2751,6492
[RESULT] 30,128,4,0.213974476,0.213950396,3246,2751,6492
[RESULT] 30,128,5,0.213334084,0.213310242,3246,2751,6492
[RESULT] 30,128,6,0.619755745,0.619732618,3246,2751,6492
[RESULT] 30,128,7,0.417027950,0.416912317,3246,2751,6492
[RESULT] 30,128,8,0.006632090,0.006608248,3246,2751,6492
[RESULT] 30,128,9,0.004379272,0.004355669,3246,2751,6492
[RESULT] 93,128,0,0.003577232,0.003550768,3306,2806,6612
[RESULT] 93,128,1,0.205126762,0.205102682,3306,2806,6612
[RESULT] 93,128,2,0.005450249,0.005426645,3306,2806,6612
[RESULT] 93,128,3,0.209982395,0.209959745,3306,2806,6612
[RESULT] 93,128,4,0.005627394,0.005604982,3306,2806,6612
[RESULT] 93,128,5,0.213407993,0.213385582,3306,2806,6612
[RESULT] 93,128,6,0.420271635,0.420249224,3306,2806,6612
[RESULT] 93,128,7,0.006329536,0.006307125,3306,2806,6612
[RESULT] 93,128,8,0.006749630,0.006643772,3306,2806,6612
[RESULT] 93,128,9,0.004186392,0.004163742,3306,2806,6612
[RESULT] 103,128,0,0.003529787,0.003506660,3155,2653,6310
[RESULT] 103,128,1,0.205303907,0.205281734,3155,2653,6310
[RESULT] 103,128,2,0.004873514,0.004852057,3155,2653,6310
[RESULT] 103,128,3,0.209931374,0.209910393,3155,2653,6310
[RESULT] 103,128,4,0.214192629,0.214171648,3155,2653,6310
[RESULT] 103,128,5,0.212745190,0.212724209,3155,2653,6310
[RESULT] 103,128,6,0.419895172,0.419873714,3155,2653,6310
[RESULT] 103,128,7,0.214942455,0.214920282,3155,2653,6310
[RESULT] 103,128,8,0.006222010,0.006122589,3155,2653,6310
[RESULT] 103,128,9,0.004175901,0.004154921,3155,2653,6310
[RESULT] 94,128,0,0.003579378,0.003552914,3271,2777,6542
[RESULT] 94,128,1,0.205122709,0.205098629,3271,2777,6542
[RESULT] 94,128,2,0.005435705,0.005412102,3271,2777,6542
[RESULT] 94,128,3,0.209993362,0.209969759,3271,2777,6542
[RESULT] 94,128,4,0.005636454,0.005612850,3271,2777,6542
[RESULT] 94,128,5,0.213132858,0.213107109,3271,2777,6542
[RESULT] 94,128,6,0.420281410,0.420256376,3271,2777,6542
[RESULT] 94,128,7,0.006311655,0.006287336,3271,2777,6542
[RESULT] 94,128,8,0.006637812,0.006524324,3271,2777,6542
[RESULT] 94,128,9,0.004240751,0.004216194,3271,2777,6542
[RESULT] 104,128,0,0.003542185,0.003521204,3224,2730,6448
[RESULT] 104,128,1,0.205312729,0.205293179,3224,2730,6448
[RESULT] 104,128,2,0.004855871,0.004836082,3224,2730,6448
[RESULT] 104,128,3,0.209918261,0.209899187,3224,2730,6448
[RESULT] 104,128,4,0.214205503,0.214186668,3224,2730,6448
[RESULT] 104,128,5,0.212766171,0.212747097,3224,2730,6448
[RESULT] 104,128,6,0.419930935,0.419911623,3224,2730,6448
[RESULT] 104,128,7,0.214992762,0.214962006,3224,2730,6448
[RESULT] 104,128,8,0.006270170,0.006166935,3224,2730,6448
[RESULT] 104,128,9,0.004200220,0.004179955,3224,2730,6448
[RESULT] 31,128,0,0.003350258,0.003324747,3271,2767,6542
[RESULT] 31,128,1,0.206001520,0.205977201,3271,2767,6542
[RESULT] 31,128,2,0.005698442,0.005674124,3271,2767,6542
[RESULT] 31,128,3,0.210420132,0.210395813,3271,2767,6542
[RESULT] 31,128,4,0.213971376,0.213946819,3271,2767,6542
[RESULT] 31,128,5,0.213325977,0.213301897,3271,2767,6542
[RESULT] 31,128,6,0.619740486,0.619716644,3271,2767,6542
[RESULT] 31,128,7,0.416981936,0.416858435,3271,2767,6542
[RESULT] 31,128,8,0.006611586,0.006587267,3271,2767,6542
[RESULT] 31,128,9,0.004371643,0.004348040,3271,2767,6542
[RESULT] 95,128,0,0.003571987,0.003547192,3208,2712,6416
[RESULT] 95,128,1,0.205110550,0.205086470,3208,2712,6416
[RESULT] 95,128,2,0.005444288,0.005420446,3208,2712,6416
[RESULT] 95,128,3,0.209931374,0.209908962,3208,2712,6416
[RESULT] 95,128,4,0.005624294,0.005602121,3208,2712,6416
[RESULT] 95,128,5,0.213073254,0.213050842,3208,2712,6416
[RESULT] 95,128,6,0.420317411,0.420263767,3208,2712,6416
[RESULT] 95,128,7,0.006301880,0.006273508,3208,2712,6416
[RESULT] 95,128,8,0.006474733,0.006120682,3208,2712,6416
[RESULT] 95,128,9,0.004141569,0.004115582,3208,2712,6416
[RESULT] 108,128,0,0.003519535,0.003499269,3177,2672,6354
[RESULT] 108,128,1,0.205305099,0.205285072,3177,2672,6354
[RESULT] 108,128,2,0.004837275,0.004817963,3177,2672,6354
[RESULT] 108,128,3,0.209886312,0.209867001,3177,2672,6354
[RESULT] 108,128,4,0.214212418,0.214192629,3177,2672,6354
[RESULT] 108,128,5,0.212704182,0.212685108,3177,2672,6354
[RESULT] 108,128,6,0.419852495,0.419833422,3177,2672,6354
[RESULT] 108,128,7,0.214982510,0.214951515,3177,2672,6354
[RESULT] 108,128,8,0.006204128,0.006098986,3177,2672,6354
[RESULT] 108,128,9,0.004195213,0.004173756,3177,2672,6354
[RESULT] 32,128,0,0.003302336,0.003277063,3204,2711,6408
[RESULT] 32,128,1,0.206053972,0.206029415,3204,2711,6408
[RESULT] 32,128,2,0.005723715,0.005699873,3204,2711,6408
[RESULT] 32,128,3,0.210487843,0.210464716,3204,2711,6408
[RESULT] 32,128,4,0.213984966,0.213961601,3204,2711,6408
[RESULT] 32,128,5,0.213387728,0.213364124,3204,2711,6408
[RESULT] 32,128,6,0.619750261,0.619727373,3204,2711,6408
[RESULT] 32,128,7,0.417032957,0.416910887,3204,2711,6408
[RESULT] 32,128,8,0.006610394,0.006587029,3204,2711,6408
[RESULT] 32,128,9,0.004381657,0.004358530,3204,2711,6408
[RESULT] 75,128,0,0.003637791,0.003613234,3308,2808,6616
[RESULT] 75,128,1,0.205546856,0.205524206,3308,2808,6616
[RESULT] 75,128,2,0.005117178,0.005095005,3308,2808,6616
[RESULT] 75,128,3,0.210344076,0.210322857,3308,2808,6616
[RESULT] 75,128,4,0.209320784,0.209298611,3308,2808,6616
[RESULT] 75,128,5,0.213678837,0.213656425,3308,2808,6616
[RESULT] 75,128,6,0.420259953,0.420237064,3308,2808,6616
[RESULT] 75,128,7,0.006905079,0.006882429,3308,2808,6616
[RESULT] 75,128,8,0.007107258,0.007004261,3308,2808,6616
[RESULT] 75,128,9,0.004391193,0.004368305,3308,2808,6616
[RESULT] 109,128,0,0.003500223,0.003474236,3195,2707,6390
[RESULT] 109,128,1,0.205310822,0.205278635,3195,2707,6390
[RESULT] 109,128,2,0.004849911,0.004824877,3195,2707,6390
[RESULT] 109,128,3,0.209838867,0.209803104,3195,2707,6390
[RESULT] 109,128,4,0.214235544,0.214192629,3195,2707,6390
[RESULT] 109,128,5,0.212686777,0.212641001,3195,2707,6390
[RESULT] 109,128,6,0.419859886,0.419820786,3195,2707,6390
[RESULT] 109,128,7,0.214964151,0.214927435,3195,2707,6390
[RESULT] 109,128,8,0.006167889,0.006048918,3195,2707,6390
[RESULT] 109,128,9,0.004201651,0.004179239,3195,2707,6390
[RESULT] 33,128,0,0.003301382,0.003275871,3133,2634,6266
[RESULT] 33,128,1,0.206029177,0.206004143,3133,2634,6266
[RESULT] 33,128,2,0.005735397,0.005711555,3133,2634,6266
[RESULT] 33,128,3,0.210446596,0.210422993,3133,2634,6266
[RESULT] 33,128,4,0.213977814,0.213954210,3133,2634,6266
[RESULT] 33,128,5,0.213355064,0.213331223,3133,2634,6266
[RESULT] 33,128,6,0.610758066,0.610734224,3133,2634,6266
[RESULT] 33,128,7,0.417033195,0.416917801,3133,2634,6266
[RESULT] 33,128,8,0.006738663,0.006714821,3133,2634,6266
[RESULT] 33,128,9,0.004386425,0.004363298,3133,2634,6266
[RESULT] 78,128,0,0.003613710,0.003587008,3124,2620,6248
[RESULT] 78,128,1,0.205498934,0.205475569,3124,2620,6248
[RESULT] 78,128,2,0.005104542,0.005080700,3124,2620,6248
[RESULT] 78,128,3,0.210307837,0.210284472,3124,2620,6248
[RESULT] 78,128,4,0.209275961,0.209252834,3124,2620,6248
[RESULT] 78,128,5,0.213653564,0.213630676,3124,2620,6248
[RESULT] 78,128,6,0.420292377,0.420269251,3124,2620,6248
[RESULT] 78,128,7,0.006879330,0.006855726,3124,2620,6248
[RESULT] 78,128,8,0.007083178,0.006974459,3124,2620,6248
[RESULT] 78,128,9,0.004392624,0.004369020,3124,2620,6248
[RESULT] 110,128,0,0.003500223,0.003477812,3229,2731,6458
[RESULT] 110,128,1,0.205300808,0.205279112,3229,2731,6458
[RESULT] 110,128,2,0.004824877,0.004803419,3229,2731,6458
[RESULT] 110,128,3,0.208786249,0.208765030,3229,2731,6458
[RESULT] 110,128,4,0.214205742,0.214183092,3229,2731,6458
[RESULT] 110,128,5,0.211657763,0.211636543,3229,2731,6458
[RESULT] 110,128,6,0.419772148,0.419750929,3229,2731,6458
[RESULT] 110,128,7,0.214975357,0.214954138,3229,2731,6458
[RESULT] 110,128,8,0.005913496,0.005814075,3229,2731,6458
[RESULT] 110,128,9,0.004185677,0.004166126,3229,2731,6458
[RESULT] 35,128,0,0.002175093,0.002149582,3165,2663,6330
[RESULT] 35,128,1,0.205982208,0.205956697,3165,2663,6330
[RESULT] 35,128,2,0.005620718,0.005596399,3165,2663,6330
[RESULT] 35,128,3,0.210392237,0.210368156,3165,2663,6330
[RESULT] 35,128,4,0.213959217,0.213935137,3165,2663,6330
[RESULT] 35,128,5,0.213282347,0.213257790,3165,2663,6330
[RESULT] 35,128,6,0.610754013,0.610729933,3165,2663,6330
[RESULT] 35,128,7,0.417040348,0.416922331,3165,2663,6330
[RESULT] 35,128,8,0.006763220,0.006738901,3165,2663,6330
[RESULT] 35,128,9,0.004343748,0.004319429,3165,2663,6330
[RESULT] 79,128,0,0.003602266,0.003576279,3202,2701,6404
[RESULT] 79,128,1,0.205471754,0.205446720,3202,2701,6404
[RESULT] 79,128,2,0.005076170,0.005052090,3202,2701,6404
[RESULT] 79,128,3,0.210297346,0.210273504,3202,2701,6404
[RESULT] 79,128,4,0.209233999,0.209210396,3202,2701,6404
[RESULT] 79,128,5,0.213643551,0.213619709,3202,2701,6404
[RESULT] 79,128,6,0.420283318,0.420259237,3202,2701,6404
[RESULT] 79,128,7,0.006812334,0.006788254,3202,2701,6404
[RESULT] 79,128,8,0.007074356,0.006962538,3202,2701,6404
[RESULT] 79,128,9,0.004359961,0.004335403,3202,2701,6404
[RESULT] 111,128,0,0.003501892,0.003479719,3208,2714,6416
[RESULT] 111,128,1,0.205292225,0.205270529,3208,2714,6416
[RESULT] 111,128,2,0.004827261,0.004806519,3208,2714,6416
[RESULT] 111,128,3,0.003759861,0.003739357,3208,2714,6416
[RESULT] 111,128,4,0.214196444,0.214175701,3208,2714,6416
[RESULT] 111,128,5,0.210731506,0.210710049,3208,2714,6416
[RESULT] 111,128,6,0.417759418,0.417738676,3208,2714,6416
[RESULT] 111,128,7,0.214959145,0.214938164,3208,2714,6416
[RESULT] 111,128,8,0.005912304,0.005813837,3208,2714,6416
[RESULT] 111,128,9,0.004179716,0.004160166,3208,2714,6416
[RESULT] 120,128,0,0.003221273,0.003195524,3076,2580,6152
[RESULT] 120,128,1,0.206039906,0.206015587,3076,2580,6152
[RESULT] 120,128,2,0.005612135,0.005587816,3076,2580,6152
[RESULT] 120,128,3,0.207820415,0.207796574,3076,2580,6152
[RESULT] 120,128,4,0.214191914,0.214168310,3076,2580,6152
[RESULT] 120,128,5,0.211652040,0.211602211,3076,2580,6152
[RESULT] 120,128,6,0.419790983,0.419765711,3076,2580,6152
[RESULT] 120,128,7,0.215040445,0.215016842,3076,2580,6152
[RESULT] 120,128,8,0.006464481,0.006032228,3076,2580,6152
[RESULT] 120,128,9,0.004238367,0.004214048,3076,2580,6152
[RESULT] 80,128,0,0.003604174,0.003579140,3250,2753,6500
[RESULT] 80,128,1,0.205489159,0.205464840,3250,2753,6500
[RESULT] 80,128,2,0.005125046,0.005101681,3250,2753,6500
[RESULT] 80,128,3,0.210279942,0.210256815,3250,2753,6500
[RESULT] 80,128,4,0.005651236,0.005627871,3250,2753,6500
[RESULT] 80,128,5,0.213644505,0.213621140,3250,2753,6500
[RESULT] 80,128,6,0.420294523,0.420270920,3250,2753,6500
[RESULT] 80,128,7,0.006817818,0.006794453,3250,2753,6500
[RESULT] 80,128,8,0.007139206,0.007027149,3250,2753,6500
[RESULT] 80,128,9,0.004348993,0.004325390,3250,2753,6500
[RESULT] 112,128,0,0.003522158,0.003499508,3168,2668,6336
[RESULT] 112,128,1,0.205868959,0.205847025,3168,2668,6336
[RESULT] 112,128,2,0.004797459,0.004776478,3168,2668,6336
[RESULT] 112,128,3,0.003731966,0.003711462,3168,2668,6336
[RESULT] 112,128,4,0.214212179,0.214191437,3168,2668,6336
[RESULT] 112,128,5,0.210739851,0.210719109,3168,2668,6336
[RESULT] 112,128,6,0.417769670,0.417748928,3168,2668,6336
[RESULT] 112,128,7,0.214977264,0.214956999,3168,2668,6336
[RESULT] 112,128,8,0.005921364,0.005822420,3168,2668,6336
[RESULT] 112,128,9,0.004196644,0.004175901,3168,2668,6336
[RESULT] 126,128,0,0.002956390,0.002930641,3137,2630,6274
[RESULT] 126,128,1,0.206045628,0.206020832,3137,2630,6274
[RESULT] 126,128,2,0.005587816,0.005563498,3137,2630,6274
[RESULT] 126,128,3,0.207801580,0.207750320,3137,2630,6274
[RESULT] 126,128,4,0.214132071,0.214106083,3137,2630,6274
[RESULT] 126,128,5,0.211565733,0.211540937,3137,2630,6274
[RESULT] 126,128,6,0.419690132,0.419665575,3137,2630,6274
[RESULT] 126,128,7,0.214990854,0.214967012,3137,2630,6274
[RESULT] 126,128,8,0.006525993,0.006077766,3137,2630,6274
[RESULT] 126,128,9,0.004180431,0.004155397,3137,2630,6274
[RESULT] 81,128,0,0.003596306,0.003569841,3302,2797,6604
[RESULT] 81,128,1,0.205451012,0.205425739,3302,2797,6604
[RESULT] 81,128,2,0.005047798,0.005023479,3302,2797,6604
[RESULT] 81,128,3,0.210211515,0.210187435,3302,2797,6604
[RESULT] 81,128,4,0.005656004,0.005631924,3302,2797,6604
[RESULT] 81,128,5,0.213647842,0.213623524,3302,2797,6604
[RESULT] 81,128,6,0.420277357,0.420253277,3302,2797,6604
[RESULT] 81,128,7,0.006804466,0.006779909,3302,2797,6604
[RESULT] 81,128,8,0.007101536,0.006989479,3302,2797,6604
[RESULT] 81,128,9,0.004366159,0.004341841,3302,2797,6604
[RESULT] 115,128,0,0.003481865,0.003457546,3275,2776,6550
[RESULT] 115,128,1,0.205861330,0.205839396,3275,2776,6550
[RESULT] 115,128,2,0.004773378,0.004751682,3275,2776,6550
[RESULT] 115,128,3,0.207772970,0.207751513,3275,2776,6550
[RESULT] 115,128,4,0.214202881,0.214180946,3275,2776,6550
[RESULT] 115,128,5,0.211557150,0.211535215,3275,2776,6550
[RESULT] 115,128,6,0.419721365,0.419699907,3275,2776,6550
[RESULT] 115,128,7,0.214975119,0.214953184,3275,2776,6550
[RESULT] 115,128,8,0.005911350,0.005810499,3275,2776,6550
[RESULT] 115,128,9,0.004179001,0.004157066,3275,2776,6550
[RESULT] 127,128,0,0.003518820,0.003489971,3212,2721,6424
[RESULT] 127,128,1,0.204985380,0.204955816,3212,2721,6424
[RESULT] 127,128,2,0.005816221,0.005789518,3212,2721,6424
[RESULT] 127,128,3,0.207780361,0.207726240,3212,2721,6424
[RESULT] 127,128,4,0.214111328,0.214085817,3212,2721,6424
[RESULT] 127,128,5,0.211554050,0.211529493,3212,2721,6424
[RESULT] 127,128,6,0.419661999,0.419637680,3212,2721,6424
[RESULT] 127,128,7,0.214972973,0.214948654,3212,2721,6424
[RESULT] 127,128,8,0.006514549,0.006069660,3212,2721,6424
[RESULT] 127,128,9,0.004147530,0.004121780,3212,2721,6424
[RESULT] 65,128,0,0.003568172,0.003540993,3216,2719,6432
[RESULT] 65,128,1,0.205777168,0.205752850,3216,2719,6432
[RESULT] 65,128,2,0.004980803,0.004955769,3216,2719,6432
[RESULT] 65,128,3,0.210563898,0.210539818,3216,2719,6432
[RESULT] 65,128,4,0.209661961,0.209637880,3216,2719,6432
[RESULT] 65,128,5,0.213723898,0.213700533,3216,2719,6432
[RESULT] 65,128,6,0.420256138,0.420233727,3216,2719,6432
[RESULT] 65,128,7,0.006922722,0.006898642,3216,2719,6432
[RESULT] 65,128,8,0.007142305,0.007036209,3216,2719,6432
[RESULT] 65,128,9,0.004437447,0.004413843,3216,2719,6432
[RESULT] 82,128,0,0.003583431,0.003557444,3290,2796,6580
[RESULT] 82,128,1,0.205379248,0.205354691,3290,2796,6580
[RESULT] 82,128,2,0.005025625,0.005001545,3290,2796,6580
[RESULT] 82,128,3,0.210209608,0.210186005,3290,2796,6580
[RESULT] 82,128,4,0.005645275,0.005621433,3290,2796,6580
[RESULT] 82,128,5,0.213629723,0.213606119,3290,2796,6580
[RESULT] 82,128,6,0.420273542,0.420249701,3290,2796,6580
[RESULT] 82,128,7,0.006745815,0.006722450,3290,2796,6580
[RESULT] 82,128,8,0.007097721,0.006986856,3290,2796,6580
[RESULT] 82,128,9,0.004297733,0.004274130,3290,2796,6580
[RESULT] 116,128,0,0.003465176,0.003443241,3193,2700,6386
[RESULT] 116,128,1,0.205867052,0.205844641,3193,2700,6386
[RESULT] 116,128,2,0.004785776,0.004764795,3193,2700,6386
[RESULT] 116,128,3,0.207788944,0.207768202,3193,2700,6386
[RESULT] 116,128,4,0.214204311,0.214183807,3193,2700,6386
[RESULT] 116,128,5,0.211561441,0.211540699,3193,2700,6386
[RESULT] 116,128,6,0.419721127,0.419700623,3193,2700,6386
[RESULT] 116,128,7,0.214975834,0.214954853,3193,2700,6386
[RESULT] 116,128,8,0.005912542,0.005813837,3193,2700,6386
[RESULT] 116,128,9,0.004195690,0.004173279,3193,2700,6386
[RESULT] 24,128,0,0.003502369,0.003477335,3165,2673,6330
[RESULT] 24,128,1,0.206064701,0.206040144,3165,2673,6330
[RESULT] 24,128,2,0.005783319,0.005759954,3165,2673,6330
[RESULT] 24,128,3,0.210484505,0.210461617,3165,2673,6330
[RESULT] 24,128,4,0.214055538,0.214031219,3165,2673,6330
[RESULT] 24,128,5,0.213428974,0.213405609,3165,2673,6330
[RESULT] 24,128,6,0.619814634,0.619791269,3165,2673,6330
[RESULT] 24,128,7,0.417040110,0.416921854,3165,2673,6330
[RESULT] 24,128,8,0.006681681,0.006656647,3165,2673,6330
[RESULT] 24,128,9,0.004425049,0.004401922,3165,2673,6330
[RESULT] 66,128,0,0.003561258,0.003538132,3245,2750,6490
[RESULT] 66,128,1,0.205747604,0.205725431,3245,2750,6490
[RESULT] 66,128,2,0.004975557,0.004954338,3245,2750,6490
[RESULT] 66,128,3,0.210551023,0.210526466,3245,2750,6490
[RESULT] 66,128,4,0.209630251,0.209608316,3245,2750,6490
[RESULT] 66,128,5,0.213717699,0.213695288,3245,2750,6490
[RESULT] 66,128,6,0.420257092,0.420235395,3245,2750,6490
[RESULT] 66,128,7,0.006920576,0.006898642,3245,2750,6490
[RESULT] 66,128,8,0.007132292,0.007028103,3245,2750,6490
[RESULT] 66,128,9,0.004426241,0.004403591,3245,2750,6490
[RESULT] 83,128,0,0.003591537,0.003565311,3193,2689,6386
[RESULT] 83,128,1,0.205508709,0.205484152,3193,2689,6386
[RESULT] 83,128,2,0.005128145,0.005104303,3193,2689,6386
[RESULT] 83,128,3,0.210252047,0.210228205,3193,2689,6386
[RESULT] 83,128,4,0.005641937,0.005618095,3193,2689,6386
[RESULT] 83,128,5,0.213592291,0.213568687,3193,2689,6386
[RESULT] 83,128,6,0.420264006,0.420239687,3193,2689,6386
[RESULT] 83,128,7,0.006738186,0.006714106,3193,2689,6386
[RESULT] 83,128,8,0.007086277,0.006971598,3193,2689,6386
[RESULT] 83,128,9,0.004292488,0.004268408,3193,2689,6386
[RESULT] 117,128,0,0.003413200,0.003385782,3278,2775,6556
[RESULT] 117,128,1,0.205874920,0.205838442,3278,2775,6556
[RESULT] 117,128,2,0.004774332,0.004745722,3278,2775,6556
[RESULT] 117,128,3,0.207795858,0.207759142,3278,2775,6556
[RESULT] 117,128,4,0.214230299,0.214182854,3278,2775,6556
[RESULT] 117,128,5,0.211578369,0.211534023,3278,2775,6556
[RESULT] 117,128,6,0.419731379,0.419692039,3278,2775,6556
[RESULT] 117,128,7,0.214985609,0.214947462,3278,2775,6556
[RESULT] 117,128,8,0.005908966,0.005789757,3278,2775,6556
[RESULT] 117,128,9,0.004191875,0.004168034,3278,2775,6556
[RESULT] 25,128,0,0.003488779,0.003463984,3181,2684,6362
[RESULT] 25,128,1,0.206056356,0.206032515,3181,2684,6362
[RESULT] 25,128,2,0.005782366,0.005759001,3181,2684,6362
[RESULT] 25,128,3,0.210490227,0.210466623,3181,2684,6362
[RESULT] 25,128,4,0.214040279,0.214016676,3181,2684,6362
[RESULT] 25,128,5,0.213395834,0.213372707,3181,2684,6362
[RESULT] 25,128,6,0.619846344,0.619816065,3181,2684,6362
[RESULT] 25,128,7,0.417061567,0.416941881,3181,2684,6362
[RESULT] 25,128,8,0.006664991,0.006640911,3181,2684,6362
[RESULT] 25,128,9,0.004404545,0.004381180,3181,2684,6362
[RESULT] 67,128,0,0.003548861,0.003524303,3286,2791,6572
[RESULT] 67,128,1,0.205724001,0.205697298,3286,2791,6572
[RESULT] 67,128,2,0.004967928,0.004944801,3286,2791,6572
[RESULT] 67,128,3,0.210534334,0.210511923,3286,2791,6572
[RESULT] 67,128,4,0.209694862,0.209615231,3286,2791,6572
[RESULT] 67,128,5,0.213759899,0.213721514,3286,2791,6572
[RESULT] 67,128,6,0.420339346,0.420269489,3286,2791,6572
[RESULT] 67,128,7,0.007023811,0.006976843,3286,2791,6572
[RESULT] 67,128,8,0.007107258,0.006997347,3286,2791,6572
[RESULT] 67,128,9,0.004413366,0.004389763,3286,2791,6572
[RESULT] 72,128,0,0.003664017,0.003639221,3212,2717,6424
[RESULT] 72,128,1,0.205636024,0.205612421,3212,2717,6424
[RESULT] 72,128,2,0.005135298,0.005111933,3212,2717,6424
[RESULT] 72,128,3,0.210409880,0.210386515,3212,2717,6424
[RESULT] 72,128,4,0.209386349,0.209362984,3212,2717,6424
[RESULT] 72,128,5,0.213723421,0.213700533,3212,2717,6424
[RESULT] 72,128,6,0.420310974,0.420287609,3212,2717,6424
[RESULT] 72,128,7,0.006929636,0.006906748,3212,2717,6424
[RESULT] 72,128,8,0.007198572,0.007087469,3212,2717,6424
[RESULT] 72,128,9,0.004423141,0.004400015,3212,2717,6424
[RESULT] 118,128,0,0.003407001,0.003382921,3161,2665,6322
[RESULT] 118,128,1,0.205869198,0.205846786,3161,2665,6322
[RESULT] 118,128,2,0.004774809,0.004754066,3161,2665,6322
[RESULT] 118,128,3,0.207781792,0.207760811,3161,2665,6322
[RESULT] 118,128,4,0.214197874,0.214177132,3161,2665,6322
[RESULT] 118,128,5,0.211548567,0.211528063,3161,2665,6322
[RESULT] 118,128,6,0.419706821,0.419685841,3161,2665,6322
[RESULT] 118,128,7,0.214969397,0.214948654,3161,2665,6322
[RESULT] 118,128,8,0.006186485,0.005776644,3161,2665,6322
[RESULT] 118,128,9,0.004188299,0.004166365,3161,2665,6322
[RESULT] 26,128,0,0.003397465,0.003372908,3128,2627,6256
[RESULT] 26,128,1,0.206057787,0.206033707,3128,2627,6256
[RESULT] 26,128,2,0.005757332,0.005733013,3128,2627,6256
[RESULT] 26,128,3,0.210526228,0.210502148,3128,2627,6256
[RESULT] 26,128,4,0.214049101,0.214025497,3128,2627,6256
[RESULT] 26,128,5,0.213366508,0.213342905,3128,2627,6256
[RESULT] 26,128,6,0.619792938,0.619769573,3128,2627,6256
[RESULT] 26,128,7,0.417019129,0.416902542,3128,2627,6256
[RESULT] 26,128,8,0.006647348,0.006623745,3128,2627,6256
[RESULT] 26,128,9,0.004414082,0.004390955,3128,2627,6256
[RESULT] 68,128,0,0.003549099,0.003523827,3193,2688,6386
[RESULT] 68,128,1,0.205734491,0.205703974,3193,2688,6386
[RESULT] 68,128,2,0.004965305,0.004941702,3193,2688,6386
[RESULT] 68,128,3,0.210517168,0.210492373,3193,2688,6386
[RESULT] 68,128,4,0.209554911,0.209530354,3193,2688,6386
[RESULT] 68,128,5,0.213728905,0.213704586,3193,2688,6386
[RESULT] 68,128,6,0.420245647,0.420223236,3193,2688,6386
[RESULT] 68,128,7,0.006918669,0.006895065,3193,2688,6386
[RESULT] 68,128,8,0.007137537,0.007032394,3193,2688,6386
[RESULT] 68,128,9,0.004405499,0.004382849,3193,2688,6386
[RESULT] 84,128,0,0.003571033,0.003545046,3203,2705,6406
[RESULT] 84,128,1,0.205412626,0.205388308,3203,2705,6406
[RESULT] 84,128,2,0.005005360,0.004981518,3203,2705,6406
[RESULT] 84,128,3,0.210177898,0.210156202,3203,2705,6406
[RESULT] 84,128,4,0.005639791,0.005618334,3203,2705,6406
[RESULT] 84,128,5,0.213639498,0.213572264,3203,2705,6406
[RESULT] 0,128,0,0.003561020,0.003522158,3184,2690,6368
[RESULT] 27,128,0,0.003405571,0.003379107,3233,2739,6466
[RESULT] 27,128,1,0.206043243,0.206018686,3233,2739,6466
[RESULT] 27,128,2,0.005764723,0.005740643,3233,2739,6466
[RESULT] 27,128,3,0.210475445,0.210451841,3233,2739,6466
[RESULT] 27,128,4,0.214015961,0.213987827,3233,2739,6466
[RESULT] 27,128,5,0.213418722,0.213394880,3233,2739,6466
[RESULT] 27,128,6,0.619786024,0.619762421,3233,2739,6466
[RESULT] 27,128,7,0.417008162,0.416883945,3233,2739,6466
[RESULT] 27,128,8,0.006661654,0.006638050,3233,2739,6466
[RESULT] 27,128,9,0.004406214,0.004382849,3233,2739,6466
[RESULT] 70,128,0,0.003548861,0.003522635,3186,2683,6372
[RESULT] 70,128,1,0.205689669,0.205665350,3186,2683,6372
[RESULT] 70,128,2,0.004957199,0.004933596,3186,2683,6372
[RESULT] 70,128,3,0.210482836,0.210459232,3186,2683,6372
[RESULT] 70,128,4,0.209502459,0.209478617,3186,2683,6372
[RESULT] 70,128,5,0.213712454,0.213688850,3186,2683,6372
[RESULT] 70,128,6,0.420233488,0.420211315,3186,2683,6372
[RESULT] 70,128,7,0.006914616,0.006891012,3186,2683,6372
[RESULT] 70,128,8,0.007109165,0.007004976,3186,2683,6372
[RESULT] 70,128,9,0.004381657,0.004359245,3186,2683,6372
[RESULT] 86,128,0,0.003645182,0.003618717,3129,2631,6258
[RESULT] 86,128,1,0.205174208,0.205146551,3129,2631,6258
[RESULT] 86,128,2,0.005545855,0.005518436,3129,2631,6258
[RESULT] 86,128,3,0.210317373,0.210291386,3129,2631,6258
[RESULT] 86,128,4,0.005639791,0.005615473,3129,2631,6258
[RESULT] 86,128,5,0.213606358,0.213570356,3129,2631,6258
[RESULT] 86,128,6,0.420287609,0.420260429,3129,2631,6258
[RESULT] 86,128,7,0.006763458,0.006705284,3129,2631,6258
[RESULT] 86,128,8,0.006791592,0.006646872,3129,2631,6258
[RESULT] 86,128,9,0.004402637,0.004375696,3129,2631,6258
[RESULT] 1,128,0,0.003534555,0.003513813,3345,2847,6690
[RESULT] 1,128,1,0.205822706,0.205802679,3345,2847,6690
[RESULT] 1,128,2,0.005257130,0.005237103,3345,2847,6690
[RESULT] 1,128,3,0.207866669,0.207847357,3345,2847,6690
[RESULT] 1,128,4,0.214155912,0.214135885,3345,2847,6690
[RESULT] 1,128,5,0.211496830,0.211477518,3345,2847,6690
[RESULT] 1,128,6,0.619826317,0.619806528,3345,2847,6690
[RESULT] 1,128,7,0.412935734,0.412816048,3345,2847,6690
[RESULT] 1,128,8,0.006570816,0.006545305,3345,2847,6690
[RESULT] 1,128,9,0.004303217,0.004282951,3345,2847,6690
[RESULT] 28,128,0,0.003362417,0.003337145,3146,2647,6292
[RESULT] 28,128,1,0.206056118,0.206032276,3146,2647,6292
[RESULT] 28,128,2,0.005751133,0.005727530,3146,2647,6292
[RESULT] 28,128,3,0.210450172,0.210426092,3146,2647,6292
[RESULT] 28,128,4,0.213994741,0.213971376,3146,2647,6292
[RESULT] 28,128,5,0.213387966,0.213364124,3146,2647,6292
[RESULT] 28,128,6,0.619773865,0.619750261,3146,2647,6292
[RESULT] 28,128,7,0.417042494,0.416923523,3146,2647,6292
[RESULT] 28,128,8,0.006655216,0.006631613,3146,2647,6292
[RESULT] 28,128,9,0.004401207,0.004378796,3146,2647,6292
[RESULT] 71,128,0,0.003642797,0.003618717,3303,2794,6606
[RESULT] 71,128,1,0.205651999,0.205628872,3303,2794,6606
[RESULT] 71,128,2,0.004943132,0.004919529,3303,2794,6606
[RESULT] 71,128,3,0.210446835,0.210423470,3303,2794,6606
[RESULT] 71,128,4,0.209447384,0.209423542,3303,2794,6606
[RESULT] 71,128,5,0.213703394,0.213680267,3303,2794,6606
[RESULT] 71,128,6,0.420225620,0.420202255,3303,2794,6606
[RESULT] 71,128,7,0.006898165,0.006875992,3303,2794,6606
[RESULT] 71,128,8,0.007092714,0.006987572,3303,2794,6606
[RESULT] 71,128,9,0.004345417,0.004321814,3303,2794,6606
[RESULT] 76,128,0,0.003637552,0.003611803,3077,2583,6154
[RESULT] 76,128,1,0.205524445,0.205500841,3077,2583,6154
[RESULT] 76,128,2,0.005141735,0.005118608,3077,2583,6154
[RESULT] 76,128,3,0.210403442,0.210355520,3077,2583,6154
[RESULT] 2,128,0,0.003521919,0.003499985,3148,2648,6296
[RESULT] 2,128,1,0.205815792,0.205794334,3148,2648,6296
[RESULT] 2,128,2,0.005243301,0.005222082,3148,2648,6296
[RESULT] 2,128,3,0.210070372,0.210049629,3148,2648,6296
[RESULT] 2,128,4,0.214153051,0.214132071,3148,2648,6296
[RESULT] 2,128,5,0.212965727,0.212944746,3148,2648,6296
[RESULT] 2,128,6,0.619824648,0.619803429,3148,2648,6296
[RESULT] 2,128,7,0.412964344,0.412858725,3148,2648,6296
[RESULT] 2,128,8,0.006566048,0.006544828,3148,2648,6296
[RESULT] 2,128,9,0.004307747,0.004286766,3148,2648,6296
[RESULT] 29,128,0,0.003355503,0.003328562,3464,2961,6928
[RESULT] 29,128,1,0.206058502,0.206033230,3464,2961,6928
[RESULT] 29,128,2,0.005750656,0.005724669,3464,2961,6928
[RESULT] 29,128,3,0.210502863,0.210478306,3464,2961,6928
[RESULT] 29,128,4,0.214013815,0.213982344,3464,2961,6928
[RESULT] 29,128,5,0.213420391,0.213395834,3464,2961,6928
[RESULT] 29,128,6,0.619771481,0.619746685,3464,2961,6928
[RESULT] 29,128,7,0.417066097,0.416944504,3464,2961,6928
[RESULT] 29,128,8,0.006636858,0.006611586,3464,2961,6928
[RESULT] 29,128,9,0.004401207,0.004376650,3464,2961,6928
[RESULT] 55,128,0,0.003613710,0.003588200,3297,2813,6594
[RESULT] 55,128,1,0.205861092,0.205836296,3297,2813,6594
[RESULT] 55,128,2,0.004981756,0.004957199,3297,2813,6594
[RESULT] 55,128,3,0.210616112,0.210591793,3297,2813,6594
[RESULT] 55,128,4,0.209943295,0.209919453,3297,2813,6594
[RESULT] 55,128,5,0.213610411,0.213586092,3297,2813,6594
[RESULT] 55,128,6,0.420399904,0.420377493,3297,2813,6594
[RESULT] 55,128,7,0.006930828,0.006906986,3297,2813,6594
[RESULT] 55,128,8,0.006980419,0.006876945,3297,2813,6594
[RESULT] 55,128,9,0.004511118,0.004488468,3297,2813,6594
[RESULT] 84,128,6,0.420286655,0.420262814,3203,2705,6406
[RESULT] 84,128,7,0.006723166,0.006700516,3203,2705,6406
[RESULT] 84,128,8,0.007333040,0.006771326,3203,2705,6406
[RESULT] 84,128,9,0.004297018,0.004274368,3203,2705,6406
[RESULT] 5,128,0,0.003506184,0.003483772,3279,2779,6558
[RESULT] 5,128,1,0.205816746,0.205794811,3279,2779,6558
[RESULT] 5,128,2,0.005205870,0.005184650,3279,2779,6558
[RESULT] 5,128,3,0.210200787,0.210179567,3279,2779,6558
[RESULT] 5,128,4,0.214159250,0.214137554,3279,2779,6558
[RESULT] 5,128,5,0.213274956,0.213253498,3279,2779,6558
[RESULT] 5,128,6,0.619815350,0.619793892,3279,2779,6558
[RESULT] 5,128,7,0.412974834,0.412866831,3279,2779,6558
[RESULT] 5,128,8,0.006563187,0.006541729,3279,2779,6558
[RESULT] 5,128,9,0.004428387,0.004407167,3279,2779,6558
[RESULT] 34,128,0,0.002223969,0.002170563,3141,2646,6282
[RESULT] 34,128,1,0.206000090,0.205974817,3141,2646,6282
[RESULT] 34,128,2,0.005686760,0.005662203,3141,2646,6282
[RESULT] 34,128,3,0.210336447,0.210312366,3141,2646,6282
[RESULT] 34,128,4,0.213973761,0.213950157,3141,2646,6282
[RESULT] 34,128,5,0.213351011,0.213327408,3141,2646,6282
[RESULT] 34,128,6,0.610839844,0.610755920,3141,2646,6282
[RESULT] 34,128,7,0.417777777,0.417188883,3141,2646,6282
[RESULT] 34,128,8,0.006783724,0.006756783,3141,2646,6282
[RESULT] 34,128,9,0.004357338,0.004332304,3141,2646,6282
[RESULT] 57,128,0,0.003617048,0.003592014,3288,2797,6576
[RESULT] 57,128,1,0.205840826,0.205816269,3288,2797,6576
[RESULT] 57,128,2,0.004955292,0.004931211,3288,2797,6576
[RESULT] 57,128,3,0.210655928,0.210604191,3288,2797,6576
[RESULT] 57,128,4,0.209905863,0.209878683,3288,2797,6576
[RESULT] 57,128,5,0.213635683,0.213612318,3288,2797,6576
[RESULT] 57,128,6,0.420377970,0.420354366,3288,2797,6576
[RESULT] 57,128,7,0.006922483,0.006899357,3288,2797,6576
[RESULT] 57,128,8,0.007501364,0.006973505,3288,2797,6576
[RESULT] 57,128,9,0.004512548,0.004489183,3288,2797,6576
[RESULT] 76,128,4,0.209334135,0.209303141,3077,2583,6154
[RESULT] 76,128,5,0.213705540,0.213677883,3077,2583,6154
[RESULT] 76,128,6,0.420382500,0.420355558,3077,2583,6154
[RESULT] 76,128,7,0.006911039,0.006881714,3077,2583,6154
[RESULT] 76,128,8,0.006706238,0.006132841,3077,2583,6154
[RESULT] 76,128,9,0.004451513,0.004424810,3077,2583,6154
[RESULT] 6,128,0,0.003494740,0.003472328,3190,2685,6380
[RESULT] 6,128,1,0.205812931,0.205791473,3190,2685,6380
[RESULT] 6,128,2,0.005209446,0.005188465,3190,2685,6380
[RESULT] 6,128,3,0.210190535,0.210170031,3190,2685,6380
[RESULT] 6,128,4,0.214143991,0.214123249,3190,2685,6380
[RESULT] 6,128,5,0.213270187,0.213249207,3190,2685,6380
[RESULT] 6,128,6,0.619804144,0.619783401,3190,2685,6380
[RESULT] 6,128,7,0.412957191,0.412851334,3190,2685,6380
[RESULT] 6,128,8,0.006562710,0.006541729,3190,2685,6380
[RESULT] 6,128,9,0.004417419,0.004396677,3190,2685,6380
[RESULT] 36,128,0,0.003338337,0.003311157,3093,2585,6186
[RESULT] 36,128,1,0.205992460,0.205967903,3093,2585,6186
[RESULT] 36,128,2,0.005522251,0.005498409,3093,2585,6186
[RESULT] 36,128,3,0.210559368,0.210535765,3093,2585,6186
[RESULT] 36,128,4,0.213948011,0.213923931,3093,2585,6186
[RESULT] 36,128,5,0.213571072,0.213547707,3093,2585,6186
[RESULT] 36,128,6,0.610735893,0.610712290,3093,2585,6186
[RESULT] 36,128,7,0.416986465,0.416853905,3093,2585,6186
[RESULT] 36,128,8,0.006779671,0.006755829,3093,2585,6186
[RESULT] 36,128,9,0.004460096,0.004436731,3093,2585,6186
[RESULT] 58,128,0,0.003602505,0.003576279,3159,2657,6318
[RESULT] 58,128,1,0.205839157,0.205815554,3159,2657,6318
[RESULT] 58,128,2,0.004966497,0.004942656,3159,2657,6318
[RESULT] 58,128,3,0.210609913,0.210580349,3159,2657,6318
[RESULT] 58,128,4,0.209885359,0.209852457,3159,2657,6318
[RESULT] 58,128,5,0.213628292,0.213605165,3159,2657,6318
[RESULT] 58,128,6,0.420378208,0.420355797,3159,2657,6318
[RESULT] 58,128,7,0.006921053,0.006897449,3159,2657,6318
[RESULT] 58,128,8,0.007108450,0.007004499,3159,2657,6318
[RESULT] 58,128,9,0.004477501,0.004455090,3159,2657,6318
[RESULT] 90,128,0,0.003579855,0.003554106,3152,2662,6304
[RESULT] 90,128,1,0.205224991,0.205200911,3152,2662,6304
[RESULT] 90,128,2,0.005452156,0.005428553,3152,2662,6304
[RESULT] 90,128,3,0.210070372,0.210048437,3152,2662,6304
[RESULT] 90,128,4,0.005638599,0.005617142,3152,2662,6304
[RESULT] 90,128,5,0.213481426,0.213459492,3152,2662,6304
[RESULT] 90,128,6,0.420295954,0.420273304,3152,2662,6304
[RESULT] 90,128,7,0.006410122,0.006388664,3152,2662,6304
[RESULT] 90,128,8,0.006726742,0.006623030,3152,2662,6304
[RESULT] 90,128,9,0.004283667,0.004261494,3152,2662,6304
[RESULT] 7,128,0,0.003523111,0.003503084,3160,2661,6320
[RESULT] 7,128,1,0.205802679,0.205783367,3160,2661,6320
[RESULT] 7,128,2,0.005192995,0.005174160,3160,2661,6320
[RESULT] 7,128,3,0.210180759,0.210161686,3160,2661,6320
[RESULT] 7,128,4,0.214140177,0.214121342,3160,2661,6320
[RESULT] 7,128,5,0.213265419,0.213246822,3160,2661,6320
[RESULT] 7,128,6,0.619804621,0.619785547,3160,2661,6320
[RESULT] 7,128,7,0.416937113,0.416822672,3160,2661,6320
[RESULT] 7,128,8,0.006567955,0.006542921,3160,2661,6320
[RESULT] 7,128,9,0.004408836,0.004388571,3160,2661,6320
[RESULT] 39,128,0,0.003607035,0.003582001,3231,2726,6462
[RESULT] 39,128,1,0.205940008,0.205907583,3231,2726,6462
[RESULT] 39,128,2,0.005441904,0.005417824,3231,2726,6462
[RESULT] 39,128,3,0.210532904,0.210508823,3231,2726,6462
[RESULT] 39,128,4,0.213898659,0.213874102,3231,2726,6462
[RESULT] 39,128,5,0.213571787,0.213548422,3231,2726,6462
[RESULT] 39,128,6,0.610720634,0.610696793,3231,2726,6462
[RESULT] 39,128,7,0.416923046,0.416798592,3231,2726,6462
[RESULT] 39,128,8,0.006780148,0.006755590,3231,2726,6462
[RESULT] 39,128,9,0.004486322,0.004462004,3231,2726,6462
[RESULT] 62,128,0,0.003566504,0.003539324,3178,2684,6356
[RESULT] 62,128,1,0.205788851,0.205764532,3178,2684,6356
[RESULT] 62,128,2,0.004975080,0.004951954,3178,2684,6356
[RESULT] 62,128,3,0.210568666,0.210545540,3178,2684,6356
[RESULT] 62,128,4,0.209747076,0.209723234,3178,2684,6356
[RESULT] 62,128,5,0.213723660,0.213700533,3178,2684,6356
[RESULT] 62,128,6,0.420319796,0.420297623,3178,2684,6356
[RESULT] 62,128,7,0.006921768,0.006898165,3178,2684,6356
[RESULT] 62,128,8,0.006969690,0.006865025,3178,2684,6356
[RESULT] 62,128,9,0.004445553,0.004423141,3178,2684,6356
[RESULT] 77,128,0,0.003609657,0.003583670,3194,2693,6388
[RESULT] 77,128,1,0.205512762,0.205488443,3194,2693,6388
[RESULT] 77,128,2,0.005129814,0.005059242,3194,2693,6388
[RESULT] 77,128,3,0.210289717,0.210267067,3194,2693,6388
[RESULT] 77,128,4,0.209308624,0.209285975,3194,2693,6388
[RESULT] 77,128,5,0.213669538,0.213647127,3194,2693,6388
[RESULT] 11,128,0,0.003467560,0.003445625,3195,2697,6390
[RESULT] 11,128,1,0.205807209,0.205785275,3195,2697,6390
[RESULT] 11,128,2,0.005182266,0.005160570,3195,2697,6390
[RESULT] 11,128,3,0.210194826,0.210173845,3195,2697,6390
[RESULT] 11,128,4,0.212938070,0.212917328,3195,2697,6390
[RESULT] 11,128,5,0.213281631,0.213260412,3195,2697,6390
[RESULT] 11,128,6,0.619807959,0.619787216,3195,2697,6390
[RESULT] 11,128,7,0.416921616,0.416816711,3195,2697,6390
[RESULT] 11,128,8,0.006534100,0.006512403,3195,2697,6390
[RESULT] 11,128,9,0.004420280,0.004398823,3195,2697,6390
[RESULT] 40,128,0,0.003623724,0.003598213,3127,2630,6254
[RESULT] 40,128,1,0.205973387,0.205948830,3127,2630,6254
[RESULT] 40,128,2,0.005491972,0.005468369,3127,2630,6254
[RESULT] 40,128,3,0.210560799,0.210536718,3127,2630,6254
[RESULT] 40,128,4,0.213938475,0.213915348,3127,2630,6254
[RESULT] 40,128,5,0.213572741,0.213549137,3127,2630,6254
[RESULT] 40,128,6,0.420393705,0.420370579,3127,2630,6254
[RESULT] 40,128,7,0.214767456,0.214744329,3127,2630,6254
[RESULT] 40,128,8,0.006860256,0.006751537,3127,2630,6254
[RESULT] 40,128,9,0.004502296,0.004478931,3127,2630,6254
[RESULT] 69,128,0,0.003545523,0.003518820,3226,2722,6452
[RESULT] 69,128,1,0.205703974,0.205679655,3226,2722,6452
[RESULT] 69,128,2,0.004968405,0.004944324,3226,2722,6452
[RESULT] 69,128,3,0.210491419,0.210467339,3226,2722,6452
[RESULT] 69,128,4,0.209510803,0.209487200,3226,2722,6452
[RESULT] 69,128,5,0.213773489,0.213698387,3226,2722,6452
[RESULT] 69,128,6,0.420239925,0.420214653,3226,2722,6452
[RESULT] 69,128,7,0.006920338,0.006896734,3226,2722,6452
[RESULT] 69,128,8,0.007425308,0.006842375,3226,2722,6452
[RESULT] 69,128,9,0.004398108,0.004374266,3226,2722,6452
[RESULT] 89,128,0,0.003589392,0.003563404,3224,2730,6448
[RESULT] 89,128,1,0.205257177,0.205231905,3224,2730,6448
[RESULT] 89,128,2,0.005459547,0.005435705,3224,2730,6448
[RESULT] 89,128,3,0.210103989,0.210081816,3224,2730,6448
[RESULT] 89,128,4,0.005638361,0.005616665,3224,2730,6448
[RESULT] 89,128,5,0.213535547,0.213473320,3224,2730,6448
[RESULT] 89,128,6,0.420307159,0.420273066,3224,2730,6448
[RESULT] 89,128,7,0.006696463,0.006666660,3224,2730,6448
[RESULT] 89,128,8,0.007017612,0.006436348,3224,2730,6448
[RESULT] 89,128,9,0.004375458,0.004348040,3224,2730,6448
[RESULT] 12,128,0,0.003475904,0.003449678,3050,2553,6100
[RESULT] 12,128,1,0.205829382,0.205793619,3050,2553,6100
[RESULT] 12,128,2,0.005173922,0.005149126,3050,2553,6100
[RESULT] 12,128,3,0.210296154,0.210223675,3050,2553,6100
[RESULT] 12,128,4,0.212938309,0.212913513,3050,2553,6100
[RESULT] 12,128,5,0.213273525,0.213252544,3050,2553,6100
[RESULT] 12,128,6,0.619813442,0.619792938,3050,2553,6100
[RESULT] 12,128,7,0.417359352,0.416906595,3050,2553,6100
[RESULT] 12,128,8,0.006529808,0.006508112,3050,2553,6100
[RESULT] 12,128,9,0.004424095,0.004404545,3050,2553,6100
[RESULT] 41,128,0,0.003628969,0.003603220,3235,2728,6470
[RESULT] 41,128,1,0.205914259,0.205890179,3235,2728,6470
[RESULT] 41,128,2,0.005386114,0.005362272,3235,2728,6470
[RESULT] 41,128,3,0.210541964,0.210517406,3235,2728,6470
[RESULT] 41,128,4,0.213912964,0.213889360,3235,2728,6470
[RESULT] 41,128,5,0.213574886,0.213551044,3235,2728,6470
[RESULT] 41,128,6,0.420395613,0.420372009,3235,2728,6470
[RESULT] 41,128,7,0.214758635,0.214735031,3235,2728,6470
[RESULT] 41,128,8,0.006862402,0.006751299,3235,2728,6470
[RESULT] 41,128,9,0.004492760,0.004468203,3235,2728,6470
[RESULT] 52,128,0,0.003635168,0.003604412,3182,2684,6364
[RESULT] 52,128,1,0.205910921,0.205883265,3182,2684,6364
[RESULT] 52,128,2,0.005226612,0.005200386,3182,2684,6364
[RESULT] 52,128,3,0.210647106,0.210620165,3182,2684,6364
[RESULT] 52,128,4,0.210004330,0.209976196,3182,2684,6364
[RESULT] 52,128,5,0.213632822,0.213604927,3182,2684,6364
[RESULT] 52,128,6,0.420453548,0.420427084,3182,2684,6364
[RESULT] 52,128,7,0.007014751,0.006987572,3182,2684,6364
[RESULT] 52,128,8,0.007101774,0.006976604,3182,2684,6364
[RESULT] 52,128,9,0.004544735,0.004517555,3182,2684,6364
[RESULT] 77,128,6,0.420283556,0.420261383,3194,2693,6388
[RESULT] 77,128,7,0.006857395,0.006835938,3194,2693,6388
[RESULT] 77,128,8,0.007287025,0.006703615,3194,2693,6388
[RESULT] 77,128,9,0.004350662,0.004327536,3194,2693,6388
[RESULT] 13,128,0,0.003497124,0.003461599,3299,2801,6598
[RESULT] 13,128,1,0.205837727,0.205780983,3299,2801,6598
[RESULT] 13,128,2,0.005167246,0.005120993,3299,2801,6598
[RESULT] 13,128,3,0.210284472,0.210234165,3299,2801,6598
[RESULT] 13,128,4,0.213007450,0.212908506,3299,2801,6598
[RESULT] 13,128,5,0.213341951,0.213250399,3299,2801,6598
[RESULT] 13,128,6,0.619858742,0.619796276,3299,2801,6598
[RESULT] 13,128,7,0.416946650,0.416804314,3299,2801,6598
[RESULT] 13,128,8,0.006552219,0.006509542,3299,2801,6598
[RESULT] 13,128,9,0.004439116,0.004411459,3299,2801,6598
[RESULT] 42,128,0,0.003628969,0.003602982,3231,2733,6462
[RESULT] 42,128,1,0.205926895,0.205901384,3231,2733,6462
[RESULT] 42,128,2,0.005413294,0.005389214,3231,2733,6462
[RESULT] 42,128,3,0.210571289,0.210547447,3231,2733,6462
[RESULT] 42,128,4,0.213913202,0.213888884,3231,2733,6462
[RESULT] 42,128,5,0.213578939,0.213554859,3231,2733,6462
[RESULT] 42,128,6,0.420382738,0.420358658,3231,2733,6462
[RESULT] 42,128,7,0.214752436,0.214727640,3231,2733,6462
[RESULT] 42,128,8,0.006853342,0.006743670,3231,2733,6462
[RESULT] 42,128,9,0.004498720,0.004474878,3231,2733,6462
[RESULT] 59,128,0,0.003588915,0.003564119,3175,2674,6350
[RESULT] 59,128,1,0.205818415,0.205793381,3175,2674,6350
[RESULT] 59,128,2,0.004951000,0.004927158,3175,2674,6350
[RESULT] 59,128,3,0.210609436,0.210580349,3175,2674,6350
[RESULT] 59,128,4,0.209849596,0.209825754,3175,2674,6350
[RESULT] 59,128,5,0.213618755,0.213594913,3175,2674,6350
[RESULT] 59,128,6,0.420338392,0.420315504,3175,2674,6350
[RESULT] 59,128,7,0.006902933,0.006878853,3175,2674,6350
[RESULT] 59,128,8,0.006939888,0.006834745,3175,2674,6350
[RESULT] 59,128,9,0.004463911,0.004441500,3175,2674,6350
[RESULT] 73,128,0,0.003652811,0.003626347,3233,2727,6466
[RESULT] 73,128,1,0.205600023,0.205575943,3233,2727,6466
[RESULT] 73,128,2,0.005122423,0.005098343,3233,2727,6466
[RESULT] 73,128,3,0.210376501,0.210354567,3233,2727,6466
[RESULT] 73,128,4,0.209362030,0.209340096,3233,2727,6466
[RESULT] 14,128,0,0.003452778,0.003429413,3102,2606,6204
[RESULT] 14,128,1,0.205804825,0.205783844,3102,2606,6204
[RESULT] 14,128,2,0.005172014,0.005150795,3102,2606,6204
[RESULT] 14,128,3,0.210256815,0.210236073,3102,2606,6204
[RESULT] 14,128,4,0.212923050,0.212902546,3102,2606,6204
[RESULT] 14,128,5,0.213267088,0.213246584,3102,2606,6204
[RESULT] 14,128,6,0.619807243,0.619786501,3102,2606,6204
[RESULT] 14,128,7,0.416946888,0.416841269,3102,2606,6204
[RESULT] 14,128,8,0.006542921,0.006521463,3102,2606,6204
[RESULT] 14,128,9,0.004420519,0.004400253,3102,2606,6204
[RESULT] 43,128,0,0.003607750,0.003582478,3187,2683,6374
[RESULT] 43,128,1,0.205884933,0.205860376,3187,2683,6374
[RESULT] 43,128,2,0.005402565,0.005378008,3187,2683,6374
[RESULT] 43,128,3,0.210604429,0.210579872,3187,2683,6374
[RESULT] 43,128,4,0.213908195,0.213882446,3187,2683,6374
[RESULT] 43,128,5,0.213592768,0.213568687,3187,2683,6374
[RESULT] 43,128,6,0.420366526,0.420342207,3187,2683,6374
[RESULT] 43,128,7,0.214734554,0.214710474,3187,2683,6374
[RESULT] 43,128,8,0.006851196,0.006740332,3187,2683,6374
[RESULT] 43,128,9,0.004492521,0.004468203,3187,2683,6374
[RESULT] 60,128,0,0.003608704,0.003562927,3084,2583,6168
[RESULT] 60,128,1,0.205829382,0.205796957,3084,2583,6168
[RESULT] 60,128,2,0.004995823,0.004965544,3084,2583,6168
[RESULT] 60,128,3,0.210608721,0.210569143,3084,2583,6168
[RESULT] 60,128,4,0.209850073,0.209793329,3084,2583,6168
[RESULT] 60,128,5,0.213733196,0.213702202,3084,2583,6168
[RESULT] 60,128,6,0.420412779,0.420367241,3084,2583,6168
[RESULT] 60,128,7,0.007042170,0.006991863,3084,2583,6168
[RESULT] 60,128,8,0.007110596,0.006980658,3084,2583,6168
[RESULT] 60,128,9,0.004544020,0.004513741,3084,2583,6168
[RESULT] 73,128,5,0.213690996,0.213668585,3233,2727,6466
[RESULT] 73,128,6,0.420264721,0.420242786,3233,2727,6466
[RESULT] 73,128,7,0.006918192,0.006896496,3233,2727,6466
[RESULT] 73,128,8,0.007010937,0.006904125,3233,2727,6466
[RESULT] 73,128,9,0.004401684,0.004379272,3233,2727,6466
[RESULT] 15,128,0,0.003447294,0.003424168,3307,2806,6614
[RESULT] 15,128,1,0.205795527,0.205773592,3307,2806,6614
[RESULT] 15,128,2,0.005155563,0.005134106,3307,2806,6614
[RESULT] 15,128,3,0.210258484,0.210237265,3307,2806,6614
[RESULT] 15,128,4,0.214034081,0.214012861,3307,2806,6614
[RESULT] 15,128,5,0.213267088,0.213245869,3307,2806,6614
[RESULT] 15,128,6,0.619805574,0.619784355,3307,2806,6614
[RESULT] 15,128,7,0.416940212,0.416833639,3307,2806,6614
[RESULT] 15,128,8,0.006533623,0.006511927,3307,2806,6614
[RESULT] 15,128,9,0.004417658,0.004396439,3307,2806,6614
[RESULT] 44,128,0,0.003622770,0.003596783,3216,2713,6432
[RESULT] 44,128,1,0.205861807,0.205837250,3216,2713,6432
[RESULT] 44,128,2,0.005371332,0.005347013,3216,2713,6432
[RESULT] 44,128,3,0.210580826,0.210556030,3216,2713,6432
[RESULT] 44,128,4,0.213897228,0.213872910,3216,2713,6432
[RESULT] 44,128,5,0.213578224,0.213554144,3216,2713,6432
[RESULT] 44,128,6,0.420389891,0.420365810,3216,2713,6432
[RESULT] 44,128,7,0.209800005,0.209775209,3216,2713,6432
[RESULT] 44,128,8,0.006854296,0.006742239,3216,2713,6432
[RESULT] 44,128,9,0.004502535,0.004477262,3216,2713,6432
[RESULT] 63,128,0,0.003574610,0.003540754,3294,2799,6588
[RESULT] 63,128,1,0.205808640,0.205763340,3294,2799,6588
[RESULT] 63,128,2,0.004952192,0.004916191,3294,2799,6588
[RESULT] 63,128,3,0.210583687,0.210541010,3294,2799,6588
[RESULT] 63,128,4,0.209776878,0.209713697,3294,2799,6588
[RESULT] 63,128,5,0.213716269,0.213685036,3294,2799,6588
[RESULT] 63,128,6,0.420328379,0.420277834,3294,2799,6588
[RESULT] 63,128,7,0.006960392,0.006911755,3294,2799,6588
[RESULT] 63,128,8,0.006948709,0.006817102,3294,2799,6588
[RESULT] 63,128,9,0.004512072,0.004482508,3294,2799,6588
[RESULT] 74,128,0,0.003646612,0.003621340,3144,2645,6288
[RESULT] 74,128,1,0.205579758,0.205556154,3144,2645,6288
[RESULT] 74,128,2,0.005141735,0.005118608,3144,2645,6288
[RESULT] 74,128,3,0.210366726,0.210345507,3144,2645,6288
[RESULT] 16,128,0,0.003462315,0.003439665,3205,2705,6410
[RESULT] 16,128,1,0.205816984,0.205795288,3205,2705,6410
[RESULT] 16,128,2,0.005155087,0.005134106,3205,2705,6410
[RESULT] 16,128,3,0.210266113,0.210245132,3205,2705,6410
[RESULT] 16,128,4,0.214066982,0.214046478,3205,2705,6410
[RESULT] 16,128,5,0.213279963,0.213259220,3205,2705,6410
[RESULT] 16,128,6,0.619814873,0.619793415,3205,2705,6410
[RESULT] 16,128,7,0.416951656,0.416843653,3205,2705,6410
[RESULT] 16,128,8,0.006560564,0.006539345,3205,2705,6410
[RESULT] 16,128,9,0.004424334,0.004403591,3205,2705,6410
[RESULT] 46,128,0,0.003609896,0.003584623,3215,2710,6430
[RESULT] 46,128,1,0.205882072,0.205857515,3215,2710,6430
[RESULT] 46,128,2,0.005354166,0.005330563,3215,2710,6430
[RESULT] 46,128,3,0.210609198,0.210584879,3215,2710,6430
[RESULT] 46,128,4,0.213836193,0.213811159,3215,2710,6430
[RESULT] 46,128,5,0.213580608,0.213556528,3215,2710,6430
[RESULT] 46,128,6,0.420373440,0.420349121,3215,2710,6430
[RESULT] 46,128,7,0.209778070,0.209753990,3215,2710,6430
[RESULT] 46,128,8,0.006847143,0.006735086,3215,2710,6430
[RESULT] 46,128,9,0.004498959,0.004474878,3215,2710,6430
[RESULT] 49,128,0,0.003658772,0.003624678,3199,2700,6398
[RESULT] 49,128,1,0.205951691,0.205917835,3199,2700,6398
[RESULT] 49,128,2,0.005276680,0.005244255,3199,2700,6398
[RESULT] 49,128,3,0.210684776,0.210654020,3199,2700,6398
[RESULT] 49,128,4,0.213040113,0.213007212,3199,2700,6398
[RESULT] 49,128,5,0.213673353,0.213637590,3199,2700,6398
[RESULT] 49,128,6,0.420484543,0.420452833,3199,2700,6398
[RESULT] 49,128,7,0.007083416,0.007049799,3199,2700,6398
[RESULT] 49,128,8,0.007167578,0.007034779,3199,2700,6398
[RESULT] 49,128,9,0.004567623,0.004537821,3199,2700,6398
[RESULT] 74,128,4,0.209333658,0.209312677,3144,2645,6288
[RESULT] 74,128,5,0.213691950,0.213670731,3144,2645,6288
[RESULT] 74,128,6,0.420268774,0.420247316,3144,2645,6288
[RESULT] 74,128,7,0.006891966,0.006870270,3144,2645,6288
[RESULT] 74,128,8,0.007009268,0.006903172,3144,2645,6288
[RESULT] 74,128,9,0.004388571,0.004366398,3144,2645,6288
[RESULT] 17,128,0,0.003446102,0.003423214,3275,2769,6550
[RESULT] 17,128,1,0.205459595,0.205438137,3275,2769,6550
[RESULT] 17,128,2,0.005131721,0.005110264,3275,2769,6550
[RESULT] 17,128,3,0.210260153,0.210238457,3275,2769,6550
[RESULT] 17,128,4,0.214064360,0.214042664,3275,2769,6550
[RESULT] 17,128,5,0.213274479,0.213253260,3275,2769,6550
[RESULT] 17,128,6,0.619815350,0.619793892,3275,2769,6550
[RESULT] 17,128,7,0.416955948,0.416848183,3275,2769,6550
[RESULT] 17,128,8,0.006551981,0.006530762,3275,2769,6550
[RESULT] 17,128,9,0.004422665,0.004401445,3275,2769,6550
[RESULT] 47,128,0,0.003606319,0.003580570,3225,2726,6450
[RESULT] 47,128,1,0.205943108,0.205909967,3225,2726,6450
[RESULT] 47,128,2,0.005313158,0.005289078,3225,2726,6450
[RESULT] 47,128,3,0.210624933,0.210601091,3225,2726,6450
[RESULT] 47,128,4,0.213821650,0.213798046,3225,2726,6450
[RESULT] 47,128,5,0.213580370,0.213556528,3225,2726,6450
[RESULT] 47,128,6,0.420351744,0.420327425,3225,2726,6450
[RESULT] 47,128,7,0.007039070,0.007013559,3225,2726,6450
[RESULT] 47,128,8,0.006844759,0.006730318,3225,2726,6450
[RESULT] 47,128,9,0.004505873,0.004481554,3225,2726,6450
[RESULT] 51,128,0,0.003648996,0.003621578,3116,2625,6232
[RESULT] 51,128,1,0.205902576,0.205875635,3116,2625,6232
[RESULT] 51,128,2,0.005253553,0.005228996,3116,2625,6232
[RESULT] 51,128,3,0.210645437,0.210619926,3116,2625,6232
[RESULT] 51,128,4,0.213012695,0.212987423,3116,2625,6232
[RESULT] 51,128,5,0.213625193,0.213598967,3116,2625,6232
[RESULT] 51,128,6,0.420442820,0.420417786,3116,2625,6232
[RESULT] 51,128,7,0.007038355,0.007013798,3116,2625,6232
[RESULT] 51,128,8,0.007028103,0.006907940,3116,2625,6232
[RESULT] 51,128,9,0.004557371,0.004532576,3116,2625,6232
[RESULT] 19,128,0,0.003504276,0.003483295,3295,2789,6590
[RESULT] 19,128,1,0.205482721,0.205462694,3295,2789,6590
[RESULT] 19,128,2,0.005056381,0.005036831,3295,2789,6590
[RESULT] 19,128,3,0.210251331,0.210231781,3295,2789,6590
[RESULT] 19,128,4,0.214054823,0.214035511,3295,2789,6590
[RESULT] 19,128,5,0.213255882,0.213236332,3295,2789,6590
[RESULT] 19,128,6,0.619808197,0.619788647,3295,2789,6590
[RESULT] 19,128,7,0.416945219,0.416824579,3295,2789,6590
[RESULT] 19,128,8,0.006558418,0.006531715,3295,2789,6590
[RESULT] 19,128,9,0.004415035,0.004394293,3295,2789,6590
[RESULT] 37,128,0,0.003334284,0.003307343,3295,2794,6590
[RESULT] 37,128,1,0.205965281,0.205939770,3295,2794,6590
[RESULT] 37,128,2,0.005454779,0.005430222,3295,2794,6590
[RESULT] 37,128,3,0.210540056,0.210515261,3295,2794,6590
[RESULT] 37,128,4,0.213932037,0.213907480,3295,2794,6590
[RESULT] 37,128,5,0.213573694,0.213549376,3295,2794,6590
[RESULT] 37,128,6,0.610727072,0.610702515,3295,2794,6590
[RESULT] 37,128,7,0.417050362,0.416929483,3295,2794,6590
[RESULT] 37,128,8,0.006778717,0.006754398,3295,2794,6590
[RESULT] 37,128,9,0.004474878,0.004450560,3295,2794,6590
[RESULT] 53,128,0,0.003628969,0.003600121,3308,2806,6616
[RESULT] 53,128,1,0.205880880,0.205852985,3308,2806,6616
[RESULT] 53,128,2,0.005203485,0.005176306,3308,2806,6616
[RESULT] 53,128,3,0.210649729,0.210623026,3308,2806,6616
[RESULT] 53,128,4,0.209993601,0.209966183,3308,2806,6616
[RESULT] 53,128,5,0.213625193,0.213598013,3308,2806,6616
[RESULT] 53,128,6,0.420422316,0.420395613,3308,2806,6616
[RESULT] 53,128,7,0.006985188,0.006957769,3308,2806,6616
[RESULT] 53,128,8,0.007041931,0.006918907,3308,2806,6616
[RESULT] 53,128,9,0.004518747,0.004491091,3308,2806,6616
[RESULT] 23,128,0,0.003466368,0.003444195,3218,2718,6436
[RESULT] 23,128,1,0.205496311,0.205474377,3218,2718,6436
[RESULT] 23,128,2,0.005025148,0.005002975,3218,2718,6436
[RESULT] 23,128,3,0.210250616,0.210229635,3218,2718,6436
[RESULT] 23,128,4,0.214053392,0.214032650,3218,2718,6436
[RESULT] 23,128,5,0.213255644,0.213234186,3218,2718,6436
[RESULT] 23,128,6,0.619802952,0.619781971,3218,2718,6436
[RESULT] 23,128,7,0.416573048,0.416462898,3218,2718,6436
[RESULT] 23,128,8,0.006497145,0.006475925,3218,2718,6436
[RESULT] 23,128,9,0.004394054,0.004372835,3218,2718,6436
[RESULT] 45,128,0,0.003621817,0.003596544,3281,2785,6562
[RESULT] 45,128,1,0.205877781,0.205852985,3281,2785,6562
[RESULT] 45,128,2,0.005362511,0.005338430,3281,2785,6562
[RESULT] 45,128,3,0.210564852,0.210540771,3281,2785,6562
[RESULT] 45,128,4,0.213948011,0.213871241,3281,2785,6562
[RESULT] 45,128,5,0.213582993,0.213557005,3281,2785,6562
[RESULT] 45,128,6,0.420364380,0.420339823,3281,2785,6562
[RESULT] 54,128,0,0.003614664,0.003592491,3161,2661,6322
[RESULT] 54,128,1,0.205879450,0.205857754,3161,2661,6322
[RESULT] 54,128,2,0.004992485,0.004971027,3161,2661,6322
[RESULT] 54,128,3,0.210633039,0.210608482,3161,2661,6322
[RESULT] 54,128,4,0.209969759,0.209947348,3161,2661,6322
[RESULT] 54,128,5,0.213611841,0.213589907,3161,2661,6322
[RESULT] 54,128,6,0.420421600,0.420399189,3161,2661,6322
[RESULT] 54,128,7,0.006968498,0.006946087,3161,2661,6322
[RESULT] 54,128,8,0.006942749,0.006836891,3161,2661,6322
[RESULT] 54,128,9,0.004527807,0.004505634,3161,2661,6322
[RESULT] 102,128,0,0.003550768,0.003522158,3216,2727,6432
[RESULT] 102,128,1,0.205047607,0.205006838,3216,2727,6432
[RESULT] 102,128,2,0.004870415,0.004841566,3216,2727,6432
[RESULT] 102,128,3,0.209960222,0.209922791,3216,2727,6432
[RESULT] 102,128,4,0.214215994,0.214178085,3216,2727,6432
[RESULT] 102,128,5,0.212838411,0.212791443,3216,2727,6432
[RESULT] 102,128,6,0.419932604,0.419894218,3216,2727,6432
[RESULT] 102,128,7,0.214973211,0.214934349,3216,2727,6432
[RESULT] 102,128,8,0.006236792,0.006114483,3216,2727,6432
[RESULT] 102,128,9,0.004181623,0.004158974,3216,2727,6432
[RESULT] 45,128,7,0.209793806,0.209768772,3281,2785,6562
[RESULT] 45,128,8,0.007136583,0.006736040,3281,2785,6562
[RESULT] 45,128,9,0.004512310,0.004486322,3281,2785,6562
[RESULT] 56,128,0,0.003631592,0.003593922,3116,2614,6232
[RESULT] 56,128,1,0.205886841,0.205852985,3116,2614,6232
[RESULT] 56,128,2,0.005008459,0.004975319,3116,2614,6232
[RESULT] 56,128,3,0.210642338,0.210609674,3116,2614,6232
[RESULT] 56,128,4,0.209963322,0.209922791,3116,2614,6232
[RESULT] 56,128,5,0.213718176,0.213667393,3116,2614,6232
[RESULT] 56,128,6,0.420443058,0.420405388,3116,2614,6232
[RESULT] 56,128,7,0.007023573,0.006974220,3116,2614,6232
[RESULT] 56,128,8,0.007161379,0.007022142,3116,2614,6232
[RESULT] 56,128,9,0.004554749,0.004526377,3116,2614,6232
[RESULT] 105,128,0,0.003536701,0.003515959,3248,2747,6496
[RESULT] 105,128,1,0.205308437,0.205288172,3248,2747,6496
[RESULT] 105,128,2,0.004853010,0.004833221,3248,2747,6496
[RESULT] 105,128,3,0.209911108,0.209891558,3248,2747,6496
[RESULT] 105,128,4,0.214202166,0.214182615,3248,2747,6496
[RESULT] 105,128,5,0.212731838,0.212712288,3248,2747,6496
[RESULT] 105,128,6,0.419882774,0.419863462,3248,2747,6496
[RESULT] 105,128,7,0.214987516,0.214957476,3248,2747,6496
[RESULT] 105,128,8,0.006219864,0.006117105,3248,2747,6496
[RESULT] 105,128,9,0.004200935,0.004180193,3248,2747,6496
[RESULT] 38,128,0,0.003617287,0.003586292,3163,2661,6326
[RESULT] 38,128,1,0.206015110,0.205957174,3163,2661,6326
[RESULT] 38,128,2,0.005496740,0.005471230,3163,2661,6326
[RESULT] 38,128,3,0.210525513,0.210500240,3163,2661,6326
[RESULT] 38,128,4,0.213922977,0.213898182,3163,2661,6326
[RESULT] 38,128,5,0.213577271,0.213553667,3163,2661,6326
[RESULT] 38,128,6,0.610844374,0.610759258,3163,2661,6326
[RESULT] 38,128,7,0.417772532,0.417152882,3163,2661,6326
[RESULT] 48,128,0,0.003683805,0.003648520,3114,2621,6228
[RESULT] 48,128,1,0.205967426,0.205934048,3114,2621,6228
[RESULT] 48,128,2,0.005317211,0.005263329,3114,2621,6228
[RESULT] 48,128,3,0.210694551,0.210663557,3114,2621,6228
[RESULT] 48,128,4,0.213971376,0.213947296,3114,2621,6228
[RESULT] 106,128,0,0.003548861,0.003526211,3196,2696,6392
[RESULT] 106,128,1,0.205300570,0.205278635,3196,2696,6392
[RESULT] 106,128,2,0.004863262,0.004842281,3196,2696,6392
[RESULT] 106,128,3,0.209909439,0.209888458,3196,2696,6392
[RESULT] 106,128,4,0.214208364,0.214187622,3196,2696,6392
[RESULT] 106,128,5,0.212713718,0.212692976,3196,2696,6392
[RESULT] 106,128,6,0.419889688,0.419868708,3196,2696,6392
[RESULT] 106,128,7,0.214985609,0.214964390,3196,2696,6392
[RESULT] 106,128,8,0.006225348,0.006126165,3196,2696,6392
[RESULT] 106,128,9,0.004198313,0.004179239,3196,2696,6392
[RESULT] 38,128,8,0.006781816,0.006754160,3163,2661,6326
[RESULT] 38,128,9,0.004474640,0.004450560,3163,2661,6326
[RESULT] 64,128,0,0.003575087,0.003549099,3115,2619,6230
[RESULT] 64,128,1,0.205785275,0.205761671,3115,2619,6230
[RESULT] 64,128,2,0.004980803,0.004957676,3115,2619,6230
[RESULT] 64,128,3,0.210577011,0.210554123,3115,2619,6230
[RESULT] 64,128,4,0.209697008,0.209674120,3115,2619,6230
[RESULT] 64,128,5,0.213723183,0.213700294,3115,2619,6230
[RESULT] 64,128,6,0.420411348,0.420306444,3115,2619,6230
[RESULT] 64,128,7,0.006951809,0.006906033,3115,2619,6230
[RESULT] 64,128,8,0.007617712,0.007052183,3115,2619,6230
[RESULT] 64,128,9,0.004537821,0.004487753,3115,2619,6230
[RESULT] 107,128,0,0.003516912,0.003496408,3263,2765,6526
[RESULT] 107,128,1,0.205300570,0.205281019,3263,2765,6526
[RESULT] 107,128,2,0.004836082,0.004816532,3263,2765,6526
[RESULT] 107,128,3,0.209885597,0.209865808,3263,2765,6526
[RESULT] 107,128,4,0.214208603,0.214189529,3263,2765,6526
[RESULT] 107,128,5,0.212692499,0.212673426,3263,2765,6526
[RESULT] 107,128,6,0.419880629,0.419861078,3263,2765,6526
[RESULT] 107,128,7,0.214981079,0.214950562,3263,2765,6526
[RESULT] 107,128,8,0.006222963,0.006117344,3263,2765,6526
[RESULT] 107,128,9,0.004205227,0.004184723,3263,2765,6526
[RESULT] 48,128,5,0.213625908,0.213603973,3114,2621,6228
[RESULT] 48,128,6,0.420524359,0.420462847,3114,2621,6228
[RESULT] 48,128,7,0.007111549,0.007074833,3114,2621,6228
[RESULT] 48,128,8,0.007153273,0.006990910,3114,2621,6228
[RESULT] 48,128,9,0.004591227,0.004561424,3114,2621,6228
[RESULT] 113,128,0,0.003495455,0.003473520,3243,2737,6486
[RESULT] 113,128,1,0.205863476,0.205842257,3243,2737,6486
[RESULT] 113,128,2,0.004807949,0.004786491,3243,2737,6486
[RESULT] 113,128,3,0.207712412,0.207690716,3243,2737,6486
[RESULT] 113,128,4,0.214204311,0.214183092,3243,2737,6486
[RESULT] 113,128,5,0.211557388,0.211536169,3243,2737,6486
[RESULT] 113,128,6,0.419723749,0.419702530,3243,2737,6486
[RESULT] 113,128,7,0.214981318,0.214959860,3243,2737,6486
[RESULT] 113,128,8,0.005919933,0.005820036,3243,2737,6486
[RESULT] 113,128,9,0.004220486,0.004173994,3243,2737,6486
[RESULT] 50,128,0,0.003659248,0.003627539,3186,2681,6372
[RESULT] 50,128,1,0.205938578,0.205910206,3186,2681,6372
[RESULT] 50,128,2,0.005246162,0.005218983,3186,2681,6372
[RESULT] 50,128,3,0.210685968,0.210658789,3186,2681,6372
[RESULT] 50,128,4,0.213000059,0.212972879,3186,2681,6372
[RESULT] 114,128,0,0.003460646,0.003438234,3123,2625,6246
[RESULT] 114,128,1,0.205868959,0.205848217,3123,2625,6246
[RESULT] 114,128,2,0.004791975,0.004770994,3123,2625,6246
[RESULT] 114,128,3,0.207702398,0.207681894,3123,2625,6246
[RESULT] 114,128,4,0.214200735,0.214179993,3123,2625,6246
[RESULT] 114,128,5,0.211560488,0.211539745,3123,2625,6246
[RESULT] 114,128,6,0.419727325,0.419707060,3123,2625,6246
[RESULT] 114,128,7,0.214975119,0.214954853,3123,2625,6246
[RESULT] 114,128,8,0.005911589,0.005813837,3123,2625,6246
[RESULT] 114,128,9,0.004194498,0.004174948,3123,2625,6246
[RESULT] 50,128,5,0.213628054,0.213601589,3186,2681,6372
[RESULT] 50,128,6,0.420471430,0.420443773,3186,2681,6372
[RESULT] 50,128,7,0.007058144,0.007031202,3186,2681,6372
[RESULT] 50,128,8,0.007112741,0.006988049,3186,2681,6372
[RESULT] 50,128,9,0.004567862,0.004540682,3186,2681,6372
[RESULT] 119,128,0,0.003257990,0.003231525,3142,2653,6284
[RESULT] 119,128,1,0.205863714,0.205842495,3142,2653,6284
[RESULT] 119,128,2,0.004832268,0.004811525,3142,2653,6284
[RESULT] 119,128,3,0.207771063,0.207750320,3142,2653,6284
[RESULT] 119,128,4,0.214189291,0.214168787,3142,2653,6284
[RESULT] 119,128,5,0.211552143,0.211530685,3142,2653,6284
[RESULT] 119,128,6,0.419696808,0.419676065,3142,2653,6284
[RESULT] 119,128,7,0.214971781,0.214950085,3142,2653,6284
[RESULT] 119,128,8,0.006188869,0.005782366,3142,2653,6284
[RESULT] 119,128,9,0.004180193,0.004160404,3142,2653,6284
[RESULT] 61,128,0,0.003572464,0.003539085,3397,2903,6794
[RESULT] 61,128,1,0.205845356,0.205807447,3397,2903,6794
[RESULT] 61,128,2,0.004359722,0.004330635,3397,2903,6794
[RESULT] 61,128,3,0.210627556,0.210579395,3397,2903,6794
[RESULT] 0,128,1,0.205870390,0.205809355,3184,2690,6368
[RESULT] 0,128,2,0.005289555,0.005248308,3184,2690,6368
[RESULT] 0,128,3,0.207908392,0.207856417,3184,2690,6368
[RESULT] 0,128,4,0.214221716,0.214149714,3184,2690,6368
[RESULT] 0,128,5,0.211575508,0.211500406,3184,2690,6368
[RESULT] 0,128,6,0.619871855,0.619807720,3184,2690,6368
[RESULT] 0,128,7,0.214981794,0.214924812,3184,2690,6368
[RESULT] 0,128,8,0.006626606,0.006499767,3184,2690,6368
[RESULT] 0,128,9,0.004353523,0.004311800,3184,2690,6368

Benchmark Summary
Processes: 128
Iterations: 10
Matrix NNZ: 410077
Total execution time: 2.194 seconds
[RESULT] 61,128,4,0.209847689,0.209776402,3397,2903,6794
[RESULT] 61,128,5,0.213783979,0.213752747,3397,2903,6794
[RESULT] 61,128,6,0.420434952,0.420376062,3397,2903,6794
[RESULT] 61,128,7,0.007037401,0.006965876,3397,2903,6794
[RESULT] 61,128,8,0.006910086,0.006782770,3397,2903,6794
[RESULT] 61,128,9,0.004569054,0.004539490,3397,2903,6794
[RESULT] 22,128,0,0.003492355,0.003468752,3155,2656,6310
[RESULT] 22,128,1,0.205497980,0.205476999,3155,2656,6310
[RESULT] 22,128,2,0.005031586,0.005010605,3155,2656,6310
[RESULT] 22,128,3,0.210256577,0.210236311,3155,2656,6310
[RESULT] 22,128,4,0.214056730,0.214036226,3155,2656,6310
[RESULT] 22,128,5,0.213268518,0.213247776,3155,2656,6310
[RESULT] 22,128,6,0.619808197,0.619787216,3155,2656,6310
[RESULT] 22,128,7,0.416575432,0.416470051,3155,2656,6310
[RESULT] 22,128,8,0.006510258,0.006489515,3155,2656,6310
[RESULT] 22,128,9,0.004406214,0.004385471,3155,2656,6310
[RESULT] 21,128,0,0.003491640,0.003469467,3239,2737,6478
[RESULT] 21,128,1,0.205503941,0.205482006,3239,2737,6478
[RESULT] 21,128,2,0.005047083,0.005025387,3239,2737,6478
[RESULT] 21,128,3,0.210253239,0.210231781,3239,2737,6478
[RESULT] 21,128,4,0.214058638,0.214037180,3239,2737,6478
[RESULT] 21,128,5,0.213274240,0.213252783,3239,2737,6478
[RESULT] 21,128,6,0.619799614,0.619777679,3239,2737,6478
[RESULT] 21,128,7,0.416594505,0.416486740,3239,2737,6478
[RESULT] 21,128,8,0.006481886,0.006459951,3239,2737,6478
[RESULT] 21,128,9,0.004408360,0.004387140,3239,2737,6478
[RESULT] 8,128,0,0.003531694,0.003510237,3066,2573,6132
[RESULT] 8,128,1,0.205812931,0.205792665,3066,2573,6132
[RESULT] 8,128,2,0.005200863,0.005180836,3066,2573,6132
[RESULT] 8,128,3,0.210196972,0.210177660,3066,2573,6132
[RESULT] 8,128,4,0.214163303,0.214143276,3066,2573,6132
[RESULT] 8,128,5,0.213285446,0.213265181,3066,2573,6132
[RESULT] 8,128,6,0.619821787,0.619801521,3066,2573,6132
[RESULT] 8,128,7,0.417017460,0.416913748,3066,2573,6132
[RESULT] 8,128,8,0.006563902,0.006543159,3066,2573,6132
[RESULT] 8,128,9,0.004429579,0.004409075,3066,2573,6132
[RESULT] 20,128,0,0.003526449,0.003477812,3146,2651,6292
[RESULT] 20,128,1,0.205543280,0.205490112,3146,2651,6292
[RESULT] 20,128,2,0.005086184,0.005034924,3146,2651,6292
[RESULT] 20,128,3,0.210295916,0.210242033,3146,2651,6292
[RESULT] 20,128,4,0.214120388,0.214049339,3146,2651,6292
[RESULT] 20,128,5,0.213347912,0.213267803,3146,2651,6292
[RESULT] 20,128,6,0.619863033,0.619795799,3146,2651,6292
[RESULT] 20,128,7,0.416663170,0.416511774,3146,2651,6292
[RESULT] 20,128,8,0.006540060,0.006496429,3146,2651,6292
[RESULT] 20,128,9,0.004427671,0.004388571,3146,2651,6292
[RESULT] 10,128,0,0.003499508,0.003470421,3130,2629,6260
[RESULT] 10,128,1,0.205836058,0.205798626,3130,2629,6260
[RESULT] 10,128,2,0.005186319,0.005160809,3130,2629,6260
[RESULT] 10,128,3,0.210212231,0.210180521,3130,2629,6260
[RESULT] 10,128,4,0.214167833,0.214129925,3130,2629,6260
[RESULT] 10,128,5,0.213302612,0.213254929,3130,2629,6260
[RESULT] 18,128,0,0.003547907,0.003511906,3134,2627,6268
[RESULT] 18,128,1,0.205524206,0.205471516,3134,2627,6268
[RESULT] 18,128,2,0.005136013,0.005059719,3134,2627,6268
[RESULT] 18,128,3,0.210304499,0.210249662,3134,2627,6268
[RESULT] 18,128,4,0.214103222,0.214050770,3134,2627,6268
[RESULT] 18,128,5,0.213350534,0.213245630,3134,2627,6268
[RESULT] 18,128,6,0.619821548,0.619788408,3134,2627,6268
[RESULT] 18,128,7,0.417429686,0.416935682,3134,2627,6268
[RESULT] 18,128,8,0.006552935,0.006531000,3134,2627,6268
[RESULT] 18,128,9,0.004419327,0.004400015,3134,2627,6268
[RESULT] 4,128,0,0.003515959,0.003488779,3097,2601,6194
[RESULT] 4,128,1,0.205833673,0.205797434,3097,2601,6194
[RESULT] 4,128,2,0.005227327,0.005201101,3097,2601,6194
[RESULT] 4,128,3,0.210212469,0.210179090,3097,2601,6194
[RESULT] 4,128,4,0.214174032,0.214132547,3097,2601,6194
[RESULT] 4,128,5,0.213315010,0.213262558,3097,2601,6194
[RESULT] 4,128,6,0.619839430,0.619794846,3097,2601,6194
[RESULT] 4,128,7,0.413111448,0.412974834,3097,2601,6194
[RESULT] 10,128,6,0.619834900,0.619791031,3130,2629,6260
[RESULT] 10,128,7,0.416986942,0.416855574,3130,2629,6260
[RESULT] 10,128,8,0.006566763,0.006534576,3130,2629,6260
[RESULT] 10,128,9,0.004433393,0.004410028,3130,2629,6260
[RESULT] 3,128,0,0.003194094,0.003157377,3160,2661,6320
[RESULT] 3,128,1,0.205847502,0.205791473,3160,2661,6320
[RESULT] 3,128,2,0.005236387,0.005189419,3160,2661,6320
[RESULT] 3,128,3,0.210224390,0.210169315,3160,2661,6320
[RESULT] 3,128,4,0.214216948,0.214130402,3160,2661,6320
[RESULT] 3,128,5,0.213351727,0.213255644,3160,2661,6320
[RESULT] 3,128,6,0.619859219,0.619791746,3160,2661,6320
[RESULT] 3,128,7,0.412883043,0.412735224,3160,2661,6320
[RESULT] 3,128,8,0.006565809,0.006509304,3160,2661,6320
[RESULT] 3,128,9,0.004442215,0.004410982,3160,2661,6320
[RESULT] 4,128,8,0.006575346,0.006542444,3097,2601,6194
[RESULT] 4,128,9,0.004431486,0.004408598,3097,2601,6194
[RESULT] 9,128,0,0.003490448,0.003461361,3184,2694,6368
[RESULT] 9,128,1,0.205828667,0.205787897,3184,2694,6368
[RESULT] 9,128,2,0.005194902,0.005166292,3184,2694,6368
[RESULT] 9,128,3,0.210209131,0.210173130,3184,2694,6368
[RESULT] 9,128,4,0.214172602,0.214132071,3184,2694,6368
[RESULT] 9,128,5,0.213309526,0.213253975,3184,2694,6368
[RESULT] 9,128,6,0.619847059,0.619799376,3184,2694,6368
[RESULT] 9,128,7,0.416983604,0.416851521,3184,2694,6368
[RESULT] 9,128,8,0.006543636,0.006512880,3184,2694,6368
[RESULT] 9,128,9,0.004437208,0.004414082,3184,2694,6368
