Retrieving the matrix from '../data/Hook_1498.mtx'...
Real Matrix (Strong Scaling): Rows=1498023 | Cols=1498023 | NNZ=31207734 | Procs=32
Matrix distributed and converted to CSR
Ghost columns identified: 904793 total ghost values needed
Local vector initialized (size=46814 per process)
[RESULT] 10,32,0,0.047236919,0.038695097,974666,906565,1949332
[RESULT] 10,32,1,0.045339108,0.037006617,974666,906565,1949332
[RESULT] 10,32,2,0.045156002,0.036498308,974666,906565,1949332
[RESULT] 10,32,3,0.042481899,0.033901691,974666,906565,1949332
[RESULT] 10,32,4,0.045902491,0.037364006,974666,906565,1949332
[RESULT] 10,32,5,0.045338631,0.036654472,974666,906565,1949332
[RESULT] 10,32,6,0.044755697,0.035929918,974666,906565,1949332
[RESULT] 10,32,7,0.044421434,0.035904884,974666,906565,1949332
[RESULT] 10,32,8,0.045172691,0.036702156,974666,906565,1949332
[RESULT] 10,32,9,0.038079262,0.029901266,974666,906565,1949332
[RESULT] 20,32,0,0.047839165,0.039222479,975513,907386,1951026
[RESULT] 20,32,1,0.045757055,0.036822796,975513,907386,1951026
[RESULT] 20,32,2,0.042250156,0.033705235,975513,907386,1951026
[RESULT] 20,32,3,0.043024778,0.034255505,975513,907386,1951026
[RESULT] 20,32,4,0.042845249,0.034038782,975513,907386,1951026
[RESULT] 20,32,5,0.042947054,0.034225941,975513,907386,1951026
[RESULT] 20,32,6,0.043799400,0.034949541,975513,907386,1951026
[RESULT] 20,32,7,0.040295362,0.031710625,975513,907386,1951026
[RESULT] 20,32,8,0.044495821,0.035744429,975513,907386,1951026
[RESULT] 20,32,9,0.044034481,0.035237551,975513,907386,1951026
[RESULT] 5,32,0,0.048114300,0.039568663,974330,906534,1948660
[RESULT] 5,32,1,0.045545101,0.037291765,974330,906534,1948660
[RESULT] 5,32,2,0.043898582,0.035563707,974330,906534,1948660
[RESULT] 5,32,3,0.042334557,0.033824921,974330,906534,1948660
[RESULT] 5,32,4,0.041442394,0.033156395,974330,906534,1948660
[RESULT] 5,32,5,0.043459654,0.034953117,974330,906534,1948660
[RESULT] 5,32,6,0.044977427,0.036322594,974330,906534,1948660
[RESULT] 5,32,7,0.044401646,0.036088943,974330,906534,1948660
[RESULT] 5,32,8,0.042548895,0.034211636,974330,906534,1948660
[RESULT] 5,32,9,0.044243813,0.035955429,974330,906534,1948660
[RESULT] 17,32,0,0.049705267,0.041269779,973218,905425,1946436
[RESULT] 17,32,1,0.046122313,0.037796497,973218,905425,1946436
[RESULT] 17,32,2,0.045710325,0.037244320,973218,905425,1946436
[RESULT] 17,32,3,0.045105219,0.036730528,973218,905425,1946436
[RESULT] 17,32,4,0.046221972,0.037945032,973218,905425,1946436
[RESULT] 17,32,5,0.046376467,0.037759781,973218,905425,1946436
[RESULT] 17,32,6,0.046045780,0.037395239,973218,905425,1946436
[RESULT] 17,32,7,0.045479298,0.037016630,973218,905425,1946436
[RESULT] 17,32,8,0.046514750,0.038139343,973218,905425,1946436
[RESULT] 17,32,9,0.044718504,0.036252737,973218,905425,1946436
[RESULT] 0,32,0,0.049950361,0.041292191,972745,904793,1945490
[RESULT] 0,32,1,0.046814203,0.037918329,972745,904793,1945490
[RESULT] 0,32,2,0.044688940,0.035809755,972745,904793,1945490
[RESULT] 0,32,3,0.043982506,0.035170555,972745,904793,1945490
[RESULT] 0,32,4,0.042984009,0.034162760,972745,904793,1945490
[RESULT] 0,32,5,0.045370102,0.036669254,972745,904793,1945490
[RESULT] 0,32,6,0.041614771,0.032806635,972745,904793,1945490
[RESULT] 0,32,7,0.043444872,0.034742355,972745,904793,1945490
[RESULT] 0,32,8,0.043956041,0.035333633,972745,904793,1945490
[RESULT] 0,32,9,0.044743776,0.035896778,972745,904793,1945490

Benchmark Summary
Processes: 32
Iterations: 10
Matrix NNZ: 31207734
Total execution time: 18.956 seconds
[RESULT] 3,32,0,0.049713612,0.041014433,973651,905688,1947302
[RESULT] 3,32,1,0.046749830,0.037768602,973651,905688,1947302
[RESULT] 3,32,2,0.043606043,0.034734249,973651,905688,1947302
[RESULT] 3,32,3,0.043664932,0.034813643,973651,905688,1947302
[RESULT] 3,32,4,0.046259642,0.037630558,973651,905688,1947302
[RESULT] 3,32,5,0.044748545,0.036026239,973651,905688,1947302
[RESULT] 3,32,6,0.044114590,0.035216570,973651,905688,1947302
[RESULT] 3,32,7,0.044832706,0.035922050,973651,905688,1947302
[RESULT] 3,32,8,0.043290377,0.034543991,973651,905688,1947302
[RESULT] 3,32,9,0.036594868,0.027764797,973651,905688,1947302
[RESULT] 30,32,0,0.057647228,0.050076485,974854,906909,1949708
[RESULT] 30,32,1,0.045558214,0.037917376,974854,906909,1949708
[RESULT] 30,32,2,0.044969320,0.037299395,974854,906909,1949708
[RESULT] 30,32,3,0.044592857,0.037423372,974854,906909,1949708
[RESULT] 30,32,4,0.045300007,0.037719965,974854,906909,1949708
[RESULT] 30,32,5,0.044959784,0.037394285,974854,906909,1949708
[RESULT] 30,32,6,0.044502497,0.036845446,974854,906909,1949708
[RESULT] 30,32,7,0.044297934,0.036737680,974854,906909,1949708
[RESULT] 30,32,8,0.045897245,0.037949562,974854,906909,1949708
[RESULT] 30,32,9,0.045087099,0.037152290,974854,906909,1949708
[RESULT] 31,32,0,0.058111906,0.050164223,974654,906594,1949308
[RESULT] 31,32,1,0.045425653,0.037478209,974654,906594,1949308
[RESULT] 31,32,2,0.045273066,0.037370205,974654,906594,1949308
[RESULT] 31,32,3,0.053139687,0.045183182,974654,906594,1949308
[RESULT] 31,32,4,0.045954704,0.038066626,974654,906594,1949308
[RESULT] 31,32,5,0.045355082,0.037284374,974654,906594,1949308
[RESULT] 31,32,6,0.045469522,0.037577391,974654,906594,1949308
[RESULT] 31,32,7,0.045536518,0.037597418,974654,906594,1949308
[RESULT] 31,32,8,0.046256542,0.038156509,974654,906594,1949308
[RESULT] 31,32,9,0.045271158,0.037136555,974654,906594,1949308
[RESULT] 27,32,0,0.058808327,0.050937414,976861,908765,1953722
[RESULT] 27,32,1,0.045668840,0.037834406,976861,908765,1953722
[RESULT] 27,32,2,0.045173645,0.037420273,976861,908765,1953722
[RESULT] 4,32,0,0.049726486,0.041291714,973707,905877,1947414
[RESULT] 4,32,1,0.036992550,0.028903723,973707,905877,1947414
[RESULT] 4,32,2,0.044938803,0.036590576,973707,905877,1947414
[RESULT] 4,32,3,0.042936802,0.034573793,973707,905877,1947414
[RESULT] 4,32,4,0.041420460,0.033134222,973707,905877,1947414
[RESULT] 27,32,3,0.053419113,0.045482397,976861,908765,1953722
[RESULT] 27,32,4,0.046085835,0.038184643,976861,908765,1953722
[RESULT] 27,32,5,0.045530796,0.037672758,976861,908765,1953722
[RESULT] 27,32,6,0.044835091,0.036963701,976861,908765,1953722
[RESULT] 27,32,7,0.044915199,0.037000656,976861,908765,1953722
[RESULT] 27,32,8,0.046288967,0.038237333,976861,908765,1953722
[RESULT] 27,32,9,0.045321941,0.037333488,976861,908765,1953722
[RESULT] 4,32,5,0.045369148,0.036840439,973707,905877,1947414
[RESULT] 4,32,6,0.044422388,0.035931826,973707,905877,1947414
[RESULT] 4,32,7,0.044948101,0.036446810,973707,905877,1947414
[RESULT] 4,32,8,0.044976473,0.036662102,973707,905877,1947414
[RESULT] 4,32,9,0.045403004,0.037069559,973707,905877,1947414
[RESULT] 8,32,0,0.049239159,0.040495872,975096,906823,1950192
[RESULT] 8,32,1,0.045310497,0.036778927,975096,906823,1950192
[RESULT] 8,32,2,0.044379950,0.035771132,975096,906823,1950192
[RESULT] 8,32,3,0.045119762,0.036459923,975096,906823,1950192
[RESULT] 8,32,4,0.046701908,0.038331985,975096,906823,1950192
[RESULT] 8,32,5,0.046817541,0.038067818,975096,906823,1950192
[RESULT] 8,32,6,0.046036720,0.037203789,975096,906823,1950192
[RESULT] 8,32,7,0.043814659,0.035192490,975096,906823,1950192
[RESULT] 8,32,8,0.045855999,0.037243128,975096,906823,1950192
[RESULT] 8,32,9,0.045464516,0.036802530,975096,906823,1950192
[RESULT] 28,32,0,0.049703121,0.042361498,976739,908731,1953478
[RESULT] 28,32,1,0.045740843,0.037943840,976739,908731,1953478
[RESULT] 28,32,2,0.045190334,0.037447453,976739,908731,1953478
[RESULT] 28,32,3,0.053246737,0.045329332,976739,908731,1953478
[RESULT] 28,32,4,0.045993090,0.038172722,976739,908731,1953478
[RESULT] 28,32,5,0.045655966,0.037758350,976739,908731,1953478
[RESULT] 28,32,6,0.045444965,0.037637949,976739,908731,1953478
[RESULT] 28,32,7,0.045470953,0.037630796,976739,908731,1953478
[RESULT] 28,32,8,0.046112537,0.038224936,976739,908731,1953478
[RESULT] 28,32,9,0.045384169,0.037428379,976739,908731,1953478
[RESULT] 22,32,0,0.046883583,0.038653135,975962,907630,1951924
[RESULT] 22,32,1,0.036235332,0.028402567,975962,907630,1951924
[RESULT] 22,32,2,0.044508696,0.036799669,975962,907630,1951924
[RESULT] 22,32,3,0.044859648,0.036992311,975962,907630,1951924
[RESULT] 22,32,4,0.043408394,0.035268307,975962,907630,1951924
[RESULT] 22,32,5,0.046029568,0.037765026,975962,907630,1951924
[RESULT] 22,32,6,0.044970751,0.036658287,975962,907630,1951924
[RESULT] 22,32,7,0.044410467,0.036254883,975962,907630,1951924
[RESULT] 22,32,8,0.040838003,0.032908440,975962,907630,1951924
[RESULT] 22,32,9,0.045630693,0.037802935,975962,907630,1951924
[RESULT] 24,32,0,0.058593988,0.050880909,974932,906755,1949864
[RESULT] 24,32,1,0.044931412,0.037331820,974932,906755,1949864
[RESULT] 13,32,0,0.045987844,0.037609816,977237,909137,1954474
[RESULT] 13,32,1,0.031904459,0.023766041,977237,909137,1954474
[RESULT] 13,32,2,0.044064760,0.036052465,977237,909137,1954474
[RESULT] 13,32,3,0.045233727,0.036969900,977237,909137,1954474
[RESULT] 13,32,4,0.034055948,0.025694132,977237,909137,1954474
[RESULT] 13,32,5,0.044792652,0.036462545,977237,909137,1954474
[RESULT] 13,32,6,0.043616772,0.035165548,977237,909137,1954474
[RESULT] 13,32,7,0.044920206,0.036859274,977237,909137,1954474
[RESULT] 13,32,8,0.042623758,0.034469604,977237,909137,1954474
[RESULT] 13,32,9,0.045762539,0.037717819,977237,909137,1954474
[RESULT] 24,32,2,0.044259787,0.036627769,974932,906755,1949864
[RESULT] 24,32,3,0.051938534,0.044320583,974932,906755,1949864
[RESULT] 24,32,4,0.045603752,0.037866831,974932,906755,1949864
[RESULT] 24,32,5,0.045158625,0.037533998,974932,906755,1949864
[RESULT] 24,32,6,0.044188976,0.036503315,974932,906755,1949864
[RESULT] 24,32,7,0.043695927,0.036020041,974932,906755,1949864
[RESULT] 24,32,8,0.045420408,0.037402153,974932,906755,1949864
[RESULT] 24,32,9,0.045694590,0.037595034,974932,906755,1949864
[RESULT] 6,32,0,0.050063610,0.041751623,975166,907255,1950332
[RESULT] 6,32,1,0.045989513,0.037692785,975166,907255,1950332
[RESULT] 6,32,2,0.045058012,0.036724091,975166,907255,1950332
[RESULT] 6,32,3,0.045379639,0.037065268,975166,907255,1950332
[RESULT] 6,32,4,0.044682741,0.036483765,975166,907255,1950332
[RESULT] 6,32,5,0.045952082,0.037360668,975166,907255,1950332
[RESULT] 6,32,6,0.045123100,0.036677599,975166,907255,1950332
[RESULT] 6,32,7,0.044776440,0.036517143,975166,907255,1950332
[RESULT] 6,32,8,0.045456171,0.037153959,975166,907255,1950332
[RESULT] 6,32,9,0.046041012,0.037640572,975166,907255,1950332
[RESULT] 25,32,0,0.056923866,0.050156593,975638,907607,1951276
[RESULT] 25,32,1,0.046826839,0.040298700,975638,907607,1951276
[RESULT] 25,32,2,0.044242859,0.037443876,975638,907607,1951276
[RESULT] 25,32,3,0.051862240,0.045384645,975638,907607,1951276
[RESULT] 25,32,4,0.044369936,0.037791014,975638,907607,1951276
[RESULT] 25,32,5,0.044145107,0.037747860,975638,907607,1951276
[RESULT] 25,32,6,0.043731451,0.036982059,975638,907607,1951276
[RESULT] 25,32,7,0.043208599,0.036874771,975638,907607,1951276
[RESULT] 25,32,8,0.046554804,0.038083076,975638,907607,1951276
[RESULT] 25,32,9,0.045974255,0.037586451,975638,907607,1951276
[RESULT] 23,32,0,0.086340189,0.078020811,976083,907837,1952166
[RESULT] 23,32,1,0.077899456,0.069626093,976083,907837,1952166
[RESULT] 23,32,2,0.078557968,0.070293903,976083,907837,1952166
[RESULT] 23,32,3,0.086433172,0.078010798,976083,907837,1952166
[RESULT] 23,32,4,0.077974558,0.069538116,976083,907837,1952166
[RESULT] 11,32,0,0.048678875,0.039911509,975804,907729,1951608
[RESULT] 11,32,1,0.046232462,0.037740469,975804,907729,1951608
[RESULT] 11,32,2,0.045623064,0.037187815,975804,907729,1951608
[RESULT] 11,32,3,0.038551569,0.030095339,975804,907729,1951608
[RESULT] 11,32,4,0.046346664,0.037968636,975804,907729,1951608
[RESULT] 11,32,5,0.046585321,0.037887096,975804,907729,1951608
[RESULT] 11,32,6,0.045743704,0.037004471,975804,907729,1951608
[RESULT] 11,32,7,0.045510292,0.037067652,975804,907729,1951608
[RESULT] 11,32,8,0.046118975,0.037482500,975804,907729,1951608
[RESULT] 11,32,9,0.037755728,0.029280424,975804,907729,1951608
[RESULT] 18,32,0,0.049959898,0.041260958,973588,905772,1947176
[RESULT] 18,32,1,0.046668291,0.037758350,973588,905772,1947176
[RESULT] 18,32,2,0.046076775,0.037358999,973588,905772,1947176
[RESULT] 18,32,3,0.046638250,0.037811279,973588,905772,1947176
[RESULT] 18,32,4,0.046704292,0.038046360,973588,905772,1947176
[RESULT] 18,32,5,0.046491385,0.037938118,973588,905772,1947176
[RESULT] 18,32,6,0.046130896,0.037573099,973588,905772,1947176
[RESULT] 18,32,7,0.046149731,0.037341595,973588,905772,1947176
[RESULT] 18,32,8,0.046379089,0.037864685,973588,905772,1947176
[RESULT] 18,32,9,0.046406746,0.037615776,973588,905772,1947176
[RESULT] 1,32,0,0.037082434,0.028568983,972927,904955,1945854
[RESULT] 1,32,1,0.046179056,0.037290335,972927,904955,1945854
[RESULT] 1,32,2,0.045514345,0.036798000,972927,904955,1945854
[RESULT] 1,32,3,0.045193195,0.036540747,972927,904955,1945854
[RESULT] 1,32,4,0.046750784,0.038155794,972927,904955,1945854
[RESULT] 1,32,5,0.046411514,0.037915945,972927,904955,1945854
[RESULT] 1,32,6,0.035648108,0.027167082,972927,904955,1945854
[RESULT] 1,32,7,0.035415411,0.026765585,972927,904955,1945854
[RESULT] 1,32,8,0.046000719,0.037368059,972927,904955,1945854
[RESULT] 1,32,9,0.046448469,0.037676811,972927,904955,1945854
[RESULT] 7,32,0,0.040428400,0.031793594,976100,907979,1952200
[RESULT] 7,32,1,0.046517849,0.037582159,976100,907979,1952200
[RESULT] 7,32,2,0.046103001,0.037205458,976100,907979,1952200
[RESULT] 7,32,3,0.042104959,0.033284426,976100,907979,1952200
[RESULT] 7,32,4,0.045442581,0.036581278,976100,907979,1952200
[RESULT] 7,32,5,0.046258450,0.037507057,976100,907979,1952200
[RESULT] 7,32,6,0.046301603,0.037599564,976100,907979,1952200
[RESULT] 7,32,7,0.046075583,0.037179470,976100,907979,1952200
[RESULT] 7,32,8,0.045734882,0.037028551,976100,907979,1952200
[RESULT] 7,32,9,0.046456814,0.037554741,976100,907979,1952200
[RESULT] 23,32,5,0.078036547,0.069534302,976083,907837,1952166
[RESULT] 26,32,0,0.058915377,0.050916433,975357,907363,1950714
[RESULT] 26,32,1,0.048120737,0.040052891,975357,907363,1950714
[RESULT] 26,32,2,0.045489788,0.037468910,975357,907363,1950714
[RESULT] 23,32,6,0.077827454,0.069472551,976083,907837,1952166
[RESULT] 26,32,3,0.053818464,0.045642853,975357,907363,1950714
[RESULT] 26,32,4,0.046195030,0.038179398,975357,907363,1950714
[RESULT] 26,32,5,0.045968771,0.037914991,975357,907363,1950714
[RESULT] 26,32,6,0.045018673,0.036963940,975357,907363,1950714
[RESULT] 26,32,7,0.045348406,0.037286758,975357,907363,1950714
[RESULT] 26,32,8,0.046468735,0.038160801,975357,907363,1950714
[RESULT] 26,32,9,0.046403885,0.038113117,975357,907363,1950714
[RESULT] 23,32,7,0.077986479,0.069608927,976083,907837,1952166
[RESULT] 9,32,0,0.058028460,0.036277294,973981,905835,1947962
[RESULT] 9,32,1,0.060349941,0.052043915,973981,905835,1947962
[RESULT] 9,32,2,0.073878050,0.052049398,973981,905835,1947962
[RESULT] 9,32,3,0.055763006,0.047306776,973981,905835,1947962
[RESULT] 9,32,4,0.056155920,0.047677279,973981,905835,1947962
[RESULT] 9,32,5,0.046632528,0.037962437,973981,905835,1947962
[RESULT] 9,32,6,0.035620689,0.027216434,973981,905835,1947962
[RESULT] 9,32,7,0.035742283,0.026845455,973981,905835,1947962
[RESULT] 9,32,8,0.045837402,0.036060572,973981,905835,1947962
[RESULT] 9,32,9,0.046559095,0.037697077,973981,905835,1947962
[RESULT] 23,32,8,0.064962626,0.056596041,976083,907837,1952166
[RESULT] 23,32,9,0.046159744,0.037357092,976083,907837,1952166
[RESULT] 2,32,0,0.050323963,0.041469336,972581,904745,1945162
[RESULT] 2,32,1,0.046525002,0.037706137,972581,904745,1945162
[RESULT] 2,32,2,0.045846701,0.037080526,972581,904745,1945162
[RESULT] 2,32,3,0.046185970,0.037254095,972581,904745,1945162
[RESULT] 2,32,4,0.045862198,0.036895514,972581,904745,1945162
[RESULT] 2,32,5,0.046156406,0.037508965,972581,904745,1945162
[RESULT] 2,32,6,0.046350956,0.037629128,972581,904745,1945162
[RESULT] 2,32,7,0.046325684,0.037433386,972581,904745,1945162
[RESULT] 2,32,8,0.045511961,0.036443949,972581,904745,1945162
[RESULT] 2,32,9,0.046668530,0.037728071,972581,904745,1945162
[RESULT] 12,32,0,0.049787521,0.041005373,977977,909709,1955954
[RESULT] 12,32,1,0.046827316,0.037747145,977977,909709,1955954
[RESULT] 12,32,2,0.046321869,0.037461281,977977,909709,1955954
[RESULT] 12,32,3,0.046015024,0.037117481,977977,909709,1955954
[RESULT] 12,32,4,0.046604872,0.037934780,977977,909709,1955954
[RESULT] 12,32,5,0.046536446,0.037910461,977977,909709,1955954
[RESULT] 12,32,6,0.046314955,0.037482500,977977,909709,1955954
[RESULT] 12,32,7,0.046237230,0.037447929,977977,909709,1955954
[RESULT] 12,32,8,0.045448303,0.036614180,977977,909709,1955954
[RESULT] 12,32,9,0.046683550,0.037822962,977977,909709,1955954
[RESULT] 14,32,0,0.049525499,0.040954590,978414,910237,1956828
[RESULT] 14,32,1,0.042415142,0.034099817,978414,910237,1956828
[RESULT] 14,32,2,0.045294523,0.036960125,978414,910237,1956828
[RESULT] 14,32,3,0.045658350,0.037032843,978414,910237,1956828
[RESULT] 14,32,4,0.044058800,0.035601139,978414,910237,1956828
[RESULT] 14,32,5,0.045264244,0.036695719,978414,910237,1956828
[RESULT] 14,32,6,0.045156240,0.036615372,978414,910237,1956828
[RESULT] 14,32,7,0.045897961,0.037481308,978414,910237,1956828
[RESULT] 14,32,8,0.044971704,0.036603451,978414,910237,1956828
[RESULT] 14,32,9,0.046745300,0.037830830,978414,910237,1956828
[RESULT] 29,32,0,0.058328629,0.050635338,977034,909024,1954068
[RESULT] 29,32,1,0.045402050,0.037823915,977034,909024,1954068
[RESULT] 29,32,2,0.044961691,0.037412882,977034,909024,1954068
[RESULT] 29,32,3,0.053211451,0.045648813,977034,909024,1954068
[RESULT] 29,32,4,0.045676947,0.038043737,977034,909024,1954068
[RESULT] 29,32,5,0.044910192,0.037341118,977034,909024,1954068
[RESULT] 29,32,6,0.045388460,0.037789106,977034,909024,1954068
[RESULT] 29,32,7,0.045245171,0.037671328,977034,909024,1954068
[RESULT] 29,32,8,0.055199385,0.038145542,977034,909024,1954068
[RESULT] 29,32,9,0.047247171,0.037569523,977034,909024,1954068
[RESULT] 16,32,0,0.052365303,0.040914774,975839,907720,1951678
[RESULT] 16,32,1,0.048922777,0.037761688,975839,907720,1951678
[RESULT] 16,32,2,0.048178673,0.036961079,975839,907720,1951678
[RESULT] 16,32,3,0.048346043,0.036887169,975839,907720,1951678
[RESULT] 16,32,4,0.046104670,0.034255505,975839,907720,1951678
[RESULT] 16,32,5,0.048586845,0.037951231,975839,907720,1951678
[RESULT] 16,32,6,0.048134565,0.036734819,975839,907720,1951678
[RESULT] 16,32,7,0.048511744,0.037419081,975839,907720,1951678
[RESULT] 16,32,8,0.047850847,0.036561251,975839,907720,1951678
[RESULT] 16,32,9,0.049041986,0.037771702,975839,907720,1951678
[RESULT] 21,32,0,0.050919294,0.040264368,976498,908510,1952996
[RESULT] 21,32,1,0.048175573,0.037518263,976498,908510,1952996
[RESULT] 21,32,2,0.042876720,0.032520771,976498,908510,1952996
[RESULT] 21,32,3,0.047846556,0.037000179,976498,908510,1952996
[RESULT] 21,32,4,0.044836283,0.034021616,976498,908510,1952996
[RESULT] 21,32,5,0.046823502,0.036096573,976498,908510,1952996
[RESULT] 21,32,6,0.045251846,0.034043789,976498,908510,1952996
[RESULT] 21,32,7,0.046939850,0.036051035,976498,908510,1952996
[RESULT] 21,32,8,0.043086290,0.032520533,976498,908510,1952996
[RESULT] 21,32,9,0.049273252,0.037375689,976498,908510,1952996
[RESULT] 15,32,0,0.060076237,0.051989079,976435,908276,1952870
[RESULT] 15,32,1,0.060065508,0.051990271,976435,908276,1952870
[RESULT] 15,32,2,0.060178280,0.051982880,976435,908276,1952870
[RESULT] 15,32,3,0.060369253,0.051988840,976435,908276,1952870
[RESULT] 15,32,4,0.060491800,0.051976442,976435,908276,1952870
[RESULT] 15,32,5,0.060619593,0.051980734,976435,908276,1952870
[RESULT] 15,32,6,0.060279131,0.051975489,976435,908276,1952870
[RESULT] 15,32,7,0.060313702,0.051974535,976435,908276,1952870
[RESULT] 15,32,8,0.060267448,0.051987171,976435,908276,1952870
[RESULT] 15,32,9,0.065967798,0.044173717,976435,908276,1952870
[RESULT] 19,32,0,0.062621355,0.052052259,974147,906298,1948294
[RESULT] 19,32,1,0.051234961,0.040515900,974147,906298,1948294
[RESULT] 19,32,2,0.051221371,0.040453911,974147,906298,1948294
[RESULT] 19,32,3,0.053648710,0.028764963,974147,906298,1948294
[RESULT] 19,32,4,0.053160906,0.029220104,974147,906298,1948294
[RESULT] 19,32,5,0.051529646,0.040997982,974147,906298,1948294
[RESULT] 19,32,6,0.060373783,0.049537659,974147,906298,1948294
[RESULT] 19,32,7,0.058181524,0.047724485,974147,906298,1948294
[RESULT] 19,32,8,0.057996988,0.047930241,974147,906298,1948294
[RESULT] 19,32,9,0.038904905,0.028214216,974147,906298,1948294
