Retrieving the matrix from '../data/Andrews.mtx'...
Real Matrix (Strong Scaling): Rows=60000 | Cols=60000 | NNZ=410077 | Procs=4
Matrix distributed and converted to CSR
Ghost columns identified: 56607 total ghost values needed
Local vector initialized (size=15000 per process)
[RESULT] 3,4,0,0.001753092,0.000514507,103226,57356,206452
[RESULT] 3,4,1,0.001470089,0.000271797,103226,57356,206452
[RESULT] 3,4,2,0.001453638,0.000284910,103226,57356,206452
[RESULT] 3,4,3,0.001384735,0.000194550,103226,57356,206452
[RESULT] 3,4,4,0.001408577,0.000236273,103226,57356,206452
[RESULT] 3,4,5,0.001431227,0.000195742,103226,57356,206452
[RESULT] 3,4,6,0.001514196,0.000321865,103226,57356,206452
[RESULT] 3,4,7,0.001429796,0.000272036,103226,57356,206452
[RESULT] 3,4,8,0.001452208,0.000236750,103226,57356,206452
[RESULT] 3,4,9,0.001356602,0.000202417,103226,57356,206452
[RESULT] 2,4,0,0.001753569,0.000510693,101519,56581,203038
[RESULT] 2,4,1,0.001476288,0.000284910,101519,56581,203038
[RESULT] 2,4,2,0.001443148,0.000292540,101519,56581,203038
[RESULT] 2,4,3,0.001451492,0.000265360,101519,56581,203038
[RESULT] 2,4,4,0.001430273,0.000265121,101519,56581,203038
[RESULT] 0,4,0,0.001748323,0.000469208,101144,56607,202288
[RESULT] 0,4,1,0.001544237,0.000286818,101144,56607,202288
[RESULT] 0,4,2,0.001549006,0.000278473,101144,56607,202288
[RESULT] 0,4,3,0.001495600,0.000247717,101144,56607,202288
[RESULT] 0,4,4,0.001518250,0.000249147,101144,56607,202288
[RESULT] 2,4,5,0.002079487,0.000299454,101519,56581,203038
[RESULT] 2,4,6,0.001519680,0.000319004,101519,56581,203038
[RESULT] 2,4,7,0.001430750,0.000268936,101519,56581,203038
[RESULT] 2,4,8,0.001399279,0.000189543,101519,56581,203038
[RESULT] 2,4,9,0.001482964,0.000304937,101519,56581,203038
[RESULT] 0,4,5,0.001494169,0.000228167,101144,56607,202288
[RESULT] 0,4,6,0.001536369,0.000269175,101144,56607,202288
[RESULT] 0,4,7,0.001518726,0.000263691,101144,56607,202288
[RESULT] 0,4,8,0.001503944,0.000228167,101144,56607,202288
[RESULT] 0,4,9,0.001502514,0.000239611,101144,56607,202288

Benchmark Summary
Processes: 4
Iterations: 10
Matrix NNZ: 410077
Total execution time: 0.177 seconds
[RESULT] 1,4,0,0.001790524,0.000446320,104188,58254,208376
[RESULT] 1,4,1,0.001524687,0.000243425,104188,58254,208376
[RESULT] 1,4,2,0.001573324,0.000286102,104188,58254,208376
[RESULT] 1,4,3,0.001534462,0.000256777,104188,58254,208376
[RESULT] 1,4,4,0.001550198,0.000256300,104188,58254,208376
[RESULT] 1,4,5,0.001600266,0.000298738,104188,58254,208376
[RESULT] 1,4,6,0.001593351,0.000281811,104188,58254,208376
[RESULT] 1,4,7,0.001547098,0.000266790,104188,58254,208376
[RESULT] 1,4,8,0.001547337,0.000257969,104188,58254,208376
[RESULT] 1,4,9,0.001572132,0.000290632,104188,58254,208376
