Retrieving the matrix from '../data/tmt_sym.mtx'...
Real Matrix (Strong Scaling): Rows=726713 | Cols=726713 | NNZ=2903837 | Procs=128
Matrix distributed and converted to CSR
Ghost columns identified: 16858 total ghost values needed
Local vector initialized (size=5678 per process)
[RESULT] 65,128,0,0.004512072,0.004215002,22716,16961,45432
[RESULT] 65,128,1,0.017935038,0.017666817,22716,16961,45432
[RESULT] 65,128,2,0.022546530,0.022301435,22716,16961,45432
[RESULT] 65,128,3,0.011140823,0.010943174,22716,16961,45432
[RESULT] 65,128,4,0.004441261,0.004264593,22716,16961,45432
[RESULT] 65,128,5,0.004363060,0.004191875,22716,16961,45432
[RESULT] 65,128,6,0.004356623,0.004186392,22716,16961,45432
[RESULT] 65,128,7,0.004534245,0.004365683,22716,16961,45432
[RESULT] 65,128,8,0.004349947,0.004179716,22716,16961,45432
[RESULT] 65,128,9,0.004466057,0.004297972,22716,16961,45432
[RESULT] 120,128,0,0.004313946,0.003924847,22690,16940,45380
[RESULT] 120,128,1,0.028139114,0.027797461,22690,16940,45380
[RESULT] 120,128,2,0.032662153,0.032319069,22690,16940,45380
[RESULT] 120,128,3,0.015289307,0.014948368,22690,16940,45380
[RESULT] 120,128,4,0.004294395,0.003963709,22690,16940,45380
[RESULT] 120,128,5,0.004249334,0.003929138,22690,16940,45380
[RESULT] 120,128,6,0.004194736,0.003871202,22690,16940,45380
[RESULT] 120,128,7,0.004379034,0.004067659,22690,16940,45380
[RESULT] 120,128,8,0.012320280,0.011992455,22690,16940,45380
[RESULT] 120,128,9,0.004268885,0.003946781,22690,16940,45380
[RESULT] 85,128,0,0.004098654,0.003864288,22756,16964,45512
[RESULT] 85,128,1,0.017991304,0.017754555,22756,16964,45512
[RESULT] 85,128,2,0.022594213,0.022372246,22756,16964,45512
[RESULT] 85,128,3,0.011211395,0.010986328,22756,16964,45512
[RESULT] 85,128,4,0.003937244,0.003726959,22756,16964,45512
[RESULT] 85,128,5,0.003905773,0.003701687,22756,16964,45512
[RESULT] 85,128,6,0.003762960,0.003561020,22756,16964,45512
[RESULT] 85,128,7,0.003965855,0.003770113,22756,16964,45512
[RESULT] 85,128,8,0.003777027,0.003584862,22756,16964,45512
[RESULT] 85,128,9,0.003875256,0.003679276,22756,16964,45512
[RESULT] 71,128,0,0.004406691,0.004133463,22697,16957,45394
[RESULT] 71,128,1,0.017900467,0.017636061,22697,16957,45394
[RESULT] 71,128,2,0.022529125,0.022285938,22697,16957,45394
[RESULT] 71,128,3,0.011112213,0.010911465,22697,16957,45394
[RESULT] 71,128,4,0.004382849,0.004208326,22697,16957,45394
[RESULT] 71,128,5,0.004061222,0.003892660,22697,16957,45394
[RESULT] 71,128,6,0.004296541,0.004128218,22697,16957,45394
[RESULT] 71,128,7,0.004419327,0.004249096,22697,16957,45394
[RESULT] 71,128,8,0.004095316,0.003926039,22697,16957,45394
[RESULT] 71,128,9,0.004377604,0.004207611,22697,16957,45394
[RESULT] 121,128,0,0.004406214,0.003980875,22685,16946,45370
[RESULT] 121,128,1,0.028127432,0.027780294,22685,16946,45370
[RESULT] 121,128,2,0.032651424,0.032309294,22685,16946,45370
[RESULT] 121,128,3,0.015265226,0.014926672,22685,16946,45370
[RESULT] 121,128,4,0.004283190,0.003957033,22685,16946,45370
[RESULT] 121,128,5,0.004233122,0.003912210,22685,16946,45370
[RESULT] 121,128,6,0.004167080,0.003845692,22685,16946,45370
[RESULT] 121,128,7,0.004343033,0.004027843,22685,16946,45370
[RESULT] 121,128,8,0.012307405,0.011979103,22685,16946,45370
[RESULT] 121,128,9,0.004245996,0.003923416,22685,16946,45370
[RESULT] 87,128,0,0.004100800,0.003863096,22671,16899,45342
[RESULT] 87,128,1,0.017971039,0.017738104,22671,16899,45342
[RESULT] 87,128,2,0.022592068,0.022362709,22671,16899,45342
[RESULT] 87,128,3,0.011198521,0.010979176,22671,16899,45342
[RESULT] 87,128,4,0.003908634,0.003703117,22671,16899,45342
[RESULT] 87,128,5,0.003879786,0.003676653,22671,16899,45342
[RESULT] 87,128,6,0.003751993,0.003551006,22671,16899,45342
[RESULT] 87,128,7,0.003962278,0.003757238,22671,16899,45342
[RESULT] 87,128,8,0.003765345,0.003571510,22671,16899,45342
[RESULT] 87,128,9,0.003860950,0.003667116,22671,16899,45342
[RESULT] 59,128,0,0.004503012,0.004250765,22683,16933,45366
[RESULT] 59,128,1,0.017822027,0.017603159,22683,16933,45366
[RESULT] 59,128,2,0.022538662,0.022334337,22683,16933,45366
[RESULT] 59,128,3,0.011175632,0.010996103,22683,16933,45366
[RESULT] 59,128,4,0.004490376,0.004323721,22683,16933,45366
[RESULT] 59,128,5,0.004412413,0.004249573,22683,16933,45366
[RESULT] 59,128,6,0.004401207,0.004238605,22683,16933,45366
[RESULT] 59,128,7,0.004576921,0.004406929,22683,16933,45366
[RESULT] 59,128,8,0.004352808,0.004189730,22683,16933,45366
[RESULT] 59,128,9,0.004520655,0.004357815,22683,16933,45366
[RESULT] 122,128,0,0.004419565,0.004003286,22749,16984,45498
[RESULT] 122,128,1,0.028124809,0.027761936,22749,16984,45498
[RESULT] 122,128,2,0.032654762,0.032295227,22749,16984,45498
[RESULT] 122,128,3,0.015282154,0.014921904,22749,16984,45498
[RESULT] 122,128,4,0.004297972,0.003942966,22749,16984,45498
[RESULT] 122,128,5,0.004246473,0.003907681,22749,16984,45498
[RESULT] 122,128,6,0.004189014,0.003842115,22749,16984,45498
[RESULT] 122,128,7,0.004329205,0.004000664,22749,16984,45498
[RESULT] 122,128,8,0.012331963,0.011979103,22749,16984,45498
[RESULT] 122,128,9,0.004276514,0.003926277,22749,16984,45498
[RESULT] 78,128,0,0.004279852,0.004037857,22565,16788,45130
[RESULT] 78,128,1,0.017810583,0.017598629,22565,16788,45130
[RESULT] 78,128,2,0.022478580,0.022274733,22565,16788,45130
[RESULT] 78,128,3,0.011248112,0.011029720,22565,16788,45130
[RESULT] 78,128,4,0.003786325,0.003587484,22565,16788,45130
[RESULT] 78,128,5,0.003716946,0.003515482,22565,16788,45130
[RESULT] 78,128,6,0.003965378,0.003769398,22565,16788,45130
[RESULT] 78,128,7,0.003659487,0.003467321,22565,16788,45130
[RESULT] 78,128,8,0.004014969,0.003818750,22565,16788,45130
[RESULT] 62,128,0,0.004499674,0.004217625,22689,16925,45378
[RESULT] 62,128,1,0.017869473,0.017598391,22689,16925,45378
[RESULT] 62,128,2,0.022579908,0.022305489,22689,16925,45378
[RESULT] 62,128,3,0.011248350,0.010967493,22689,16925,45378
[RESULT] 62,128,4,0.004575491,0.004300356,22689,16925,45378
[RESULT] 62,128,5,0.004495621,0.004221678,22689,16925,45378
[RESULT] 62,128,6,0.004486322,0.004217625,22689,16925,45378
[RESULT] 62,128,7,0.004676580,0.004394770,22689,16925,45378
[RESULT] 62,128,8,0.004435301,0.004161119,22689,16925,45378
[RESULT] 62,128,9,0.004610062,0.004338026,22689,16925,45378
[RESULT] 123,128,0,0.004400730,0.004000187,22585,16836,45170
[RESULT] 123,128,1,0.028091192,0.027756929,22585,16836,45170
[RESULT] 123,128,2,0.032624722,0.032295465,22585,16836,45170
[RESULT] 123,128,3,0.015237808,0.014910936,22585,16836,45170
[RESULT] 123,128,4,0.004226923,0.003917933,22585,16836,45170
[RESULT] 123,128,5,0.004209042,0.003906488,22585,16836,45170
[RESULT] 123,128,6,0.004150629,0.003847599,22585,16836,45170
[RESULT] 123,128,7,0.004276991,0.003986120,22585,16836,45170
[RESULT] 123,128,8,0.012283325,0.011965990,22585,16836,45170
[RESULT] 123,128,9,0.004219770,0.003913879,22585,16836,45170
[RESULT] 79,128,0,0.004266262,0.004022598,22788,17048,45576
[RESULT] 79,128,1,0.017802715,0.017591476,22788,17048,45576
[RESULT] 79,128,2,0.022439241,0.022237539,22788,17048,45576
[RESULT] 79,128,3,0.011243343,0.011019468,22788,17048,45576
[RESULT] 79,128,4,0.003775835,0.003576279,22788,17048,45576
[RESULT] 79,128,5,0.003693581,0.003493071,22788,17048,45576
[RESULT] 79,128,6,0.003950834,0.003749609,22788,17048,45576
[RESULT] 79,128,7,0.003651142,0.003457546,22788,17048,45576
[RESULT] 79,128,8,0.004014730,0.003809690,22788,17048,45576
[RESULT] 79,128,9,0.004037380,0.003834963,22788,17048,45576
[RESULT] 70,128,0,0.004577398,0.004178047,22636,16876,45272
[RESULT] 70,128,1,0.018018961,0.017641783,22636,16876,45272
[RESULT] 70,128,2,0.022657394,0.022297621,22636,16876,45272
[RESULT] 70,128,3,0.011247635,0.010885239,22636,16876,45272
[RESULT] 70,128,4,0.004543304,0.004212379,22636,16876,45272
[RESULT] 70,128,5,0.004242659,0.003927231,22636,16876,45272
[RESULT] 70,128,6,0.004470348,0.004144192,22636,16876,45272
[RESULT] 70,128,7,0.004601240,0.004275322,22636,16876,45272
[RESULT] 70,128,8,0.004265547,0.003953457,22636,16876,45272
[RESULT] 70,128,9,0.004538536,0.004223108,22636,16876,45272
[RESULT] 124,128,0,0.004317045,0.003933668,22706,16890,45412
[RESULT] 124,128,1,0.028108597,0.027752399,22706,16890,45412
[RESULT] 124,128,2,0.032632589,0.032283068,22706,16890,45412
[RESULT] 124,128,3,0.015249729,0.014898777,22706,16890,45412
[RESULT] 124,128,4,0.004288912,0.003940105,22706,16890,45412
[RESULT] 124,128,5,0.004235744,0.003901005,22706,16890,45412
[RESULT] 124,128,6,0.004184008,0.003842115,22706,16890,45412
[RESULT] 124,128,7,0.004299641,0.003975153,22706,16890,45412
[RESULT] 124,128,8,0.012298107,0.011956692,22706,16890,45412
[RESULT] 124,128,9,0.004238844,0.003898859,22706,16890,45412
[RESULT] 82,128,0,0.004310846,0.003973722,22741,16926,45482
[RESULT] 82,128,1,0.017931938,0.017637491,22741,16926,45482
[RESULT] 82,128,2,0.022548199,0.022227526,22741,16926,45482
[RESULT] 82,128,3,0.011304617,0.011000156,22741,16926,45482
[RESULT] 82,128,4,0.004034996,0.003749371,22741,16926,45482
[RESULT] 82,128,5,0.003936529,0.003670931,22741,16926,45482
[RESULT] 82,128,6,0.003905535,0.003630877,22741,16926,45482
[RESULT] 82,128,7,0.004016638,0.003759146,22741,16926,45482
[RESULT] 82,128,8,0.004062891,0.003783464,22741,16926,45482
[RESULT] 82,128,9,0.003980637,0.003690720,22741,16926,45482
[RESULT] 60,128,0,0.004488945,0.004237652,22657,16849,45314
[RESULT] 60,128,1,0.017844439,0.017593861,22657,16849,45314
[RESULT] 60,128,2,0.022562504,0.022312164,22657,16849,45314
[RESULT] 60,128,3,0.011259079,0.010994673,22657,16849,45314
[RESULT] 60,128,4,0.004558325,0.004308224,22657,16849,45314
[RESULT] 60,128,5,0.004494905,0.004242897,22657,16849,45314
[RESULT] 60,128,6,0.004487514,0.004235029,22657,16849,45314
[RESULT] 60,128,7,0.004664660,0.004398346,22657,16849,45314
[RESULT] 60,128,8,0.004438877,0.004179239,22657,16849,45314
[RESULT] 60,128,9,0.004616499,0.004358292,22657,16849,45314
[RESULT] 125,128,0,0.004322052,0.003919601,22746,16994,45492
[RESULT] 125,128,1,0.028108120,0.027737856,22746,16994,45492
[RESULT] 125,128,2,0.032626390,0.032264709,22746,16994,45492
[RESULT] 125,128,3,0.015238523,0.014880896,22746,16994,45492
[RESULT] 125,128,4,0.004284859,0.003922701,22746,16994,45492
[RESULT] 125,128,5,0.004240990,0.003880501,22746,16994,45492
[RESULT] 125,128,6,0.004196644,0.003834486,22746,16994,45492
[RESULT] 125,128,7,0.004303694,0.003961086,22746,16994,45492
[RESULT] 125,128,8,0.012285471,0.011934757,22746,16994,45492
[RESULT] 125,128,9,0.004245043,0.003882408,22746,16994,45492
[RESULT] 83,128,0,0.004264116,0.003935575,22605,16857,45210
[RESULT] 83,128,1,0.018094063,0.017785549,22605,16857,45210
[RESULT] 83,128,2,0.022701740,0.022403955,22605,16857,45210
[RESULT] 83,128,3,0.011274099,0.010992050,22605,16857,45210
[RESULT] 83,128,4,0.004018068,0.003740549,22605,16857,45210
[RESULT] 83,128,5,0.003829956,0.003568172,22605,16857,45210
[RESULT] 83,128,6,0.003887415,0.003609657,22605,16857,45210
[RESULT] 83,128,7,0.004045963,0.003792524,22605,16857,45210
[RESULT] 83,128,8,0.003888845,0.003593683,22605,16857,45210
[RESULT] 83,128,9,0.004010201,0.003704309,22605,16857,45210
[RESULT] 63,128,0,0.004512548,0.004230261,22780,17038,45560
[RESULT] 63,128,1,0.017862558,0.017593145,22780,17038,45560
[RESULT] 63,128,2,0.022562742,0.022295952,22780,17038,45560
[RESULT] 63,128,3,0.011261702,0.010979891,22780,17038,45560
[RESULT] 63,128,4,0.004555702,0.004288912,22780,17038,45560
[RESULT] 63,128,5,0.004476547,0.004201889,22780,17038,45560
[RESULT] 63,128,6,0.004458189,0.004188776,22780,17038,45560
[RESULT] 63,128,7,0.004646301,0.004373312,22780,17038,45560
[RESULT] 63,128,8,0.004416943,0.004146814,22780,17038,45560
[RESULT] 63,128,9,0.004594803,0.004324198,22780,17038,45560
[RESULT] 126,128,0,0.004382133,0.003978968,22700,16942,45400
[RESULT] 126,128,1,0.028060198,0.027723789,22700,16942,45400
[RESULT] 126,128,2,0.032585382,0.032250404,22700,16942,45400
[RESULT] 126,128,3,0.015228510,0.014897823,22700,16942,45400
[RESULT] 126,128,4,0.004217625,0.003908157,22700,16942,45400
[RESULT] 126,128,5,0.004189253,0.003874302,22700,16942,45400
[RESULT] 126,128,6,0.004132032,0.003814459,22700,16942,45400
[RESULT] 126,128,7,0.004244804,0.003946304,22700,16942,45400
[RESULT] 126,128,8,0.012251854,0.011926889,22700,16942,45400
[RESULT] 126,128,9,0.004191875,0.003877878,22700,16942,45400
[RESULT] 84,128,0,0.004186153,0.003868580,22663,16911,45326
[RESULT] 84,128,1,0.018081903,0.017767668,22663,16911,45326
[RESULT] 84,128,2,0.022687912,0.022394657,22663,16911,45326
[RESULT] 84,128,3,0.011288404,0.010996819,22663,16911,45326
[RESULT] 84,128,4,0.004005671,0.003720522,22663,16911,45326
[RESULT] 84,128,5,0.003959894,0.003694296,22663,16911,45326
[RESULT] 84,128,6,0.003851891,0.003581285,22663,16911,45326
[RESULT] 84,128,7,0.004054308,0.003792286,22663,16911,45326
[RESULT] 84,128,8,0.003854275,0.003597260,22663,16911,45326
[RESULT] 84,128,9,0.003961086,0.003695488,22663,16911,45326
[RESULT] 66,128,0,0.004597187,0.004226923,22659,16890,45318
[RESULT] 66,128,1,0.018004656,0.017662764,22659,16890,45318
[RESULT] 66,128,2,0.022655487,0.022310495,22659,16890,45318
[RESULT] 66,128,3,0.011297464,0.010954142,22659,16890,45318
[RESULT] 66,128,4,0.004568338,0.004250050,22659,16890,45318
[RESULT] 66,128,5,0.004290819,0.003987551,22659,16890,45318
[RESULT] 66,128,6,0.004506350,0.004180670,22659,16890,45318
[RESULT] 66,128,7,0.004656315,0.004329920,22659,16890,45318
[RESULT] 66,128,8,0.004335165,0.004016876,22659,16890,45318
[RESULT] 66,128,9,0.004624367,0.004292488,22659,16890,45318
[RESULT] 127,128,0,0.004294395,0.003900051,22634,16888,45268
[RESULT] 127,128,1,0.028084278,0.027714014,22634,16888,45268
[RESULT] 127,128,2,0.032606125,0.032240152,22634,16888,45268
[RESULT] 127,128,3,0.015222788,0.014861107,22634,16888,45268
[RESULT] 127,128,4,0.004286289,0.003921747,22634,16888,45268
[RESULT] 127,128,5,0.004211187,0.003848076,22634,16888,45268
[RESULT] 127,128,6,0.004165888,0.003805399,22634,16888,45268
[RESULT] 127,128,7,0.004271746,0.003932714,22634,16888,45268
[RESULT] 127,128,8,0.012272358,0.011916876,22634,16888,45268
[RESULT] 127,128,9,0.004224062,0.003863335,22634,16888,45268
[RESULT] 76,128,0,0.004312515,0.004084110,22701,16949,45402
[RESULT] 76,128,1,0.017827034,0.017630100,22701,16949,45402
[RESULT] 76,128,2,0.022490740,0.022299290,22701,16949,45402
[RESULT] 76,128,3,0.011202812,0.011002541,22701,16949,45402
[RESULT] 76,128,4,0.003784895,0.003602982,22701,16949,45402
[RESULT] 76,128,5,0.003715038,0.003524780,22701,16949,45402
[RESULT] 76,128,6,0.004022598,0.003836393,22701,16949,45402
[RESULT] 76,128,7,0.004392624,0.004205227,22701,16949,45402
[RESULT] 76,128,8,0.004063606,0.003877640,22701,16949,45402
[RESULT] 76,128,9,0.004084826,0.003900766,22701,16949,45402
[RESULT] 67,128,0,0.004597425,0.004204988,22683,16876,45366
[RESULT] 67,128,1,0.018023252,0.017647982,22683,16876,45366
[RESULT] 67,128,2,0.022654772,0.022292137,22683,16876,45366
[RESULT] 67,128,3,0.011298895,0.010933161,22683,16876,45366
[RESULT] 67,128,4,0.004610538,0.004266739,22683,16876,45366
[RESULT] 67,128,5,0.004287004,0.003971100,22683,16876,45366
[RESULT] 67,128,6,0.004510164,0.004181623,22683,16876,45366
[RESULT] 67,128,7,0.004659891,0.004326582,22683,16876,45366
[RESULT] 67,128,8,0.004326582,0.004012585,22683,16876,45366
[RESULT] 67,128,9,0.004611492,0.004284143,22683,16876,45366
[RESULT] 33,128,0,0.004678488,0.004188538,22625,16851,45250
[RESULT] 33,128,1,0.020598173,0.020209551,22625,16851,45250
[RESULT] 33,128,2,0.024453402,0.024078608,22625,16851,45250
[RESULT] 33,128,3,0.011352301,0.010941982,22625,16851,45250
[RESULT] 33,128,4,0.004770517,0.004356623,22625,16851,45250
[RESULT] 33,128,5,0.004706144,0.004297733,22625,16851,45250
[RESULT] 33,128,6,0.004651546,0.004243612,22625,16851,45250
[RESULT] 33,128,7,0.004831314,0.004410505,22625,16851,45250
[RESULT] 33,128,8,0.004676342,0.004272223,22625,16851,45250
[RESULT] 77,128,0,0.004302502,0.004056215,22697,16925,45394
[RESULT] 77,128,1,0.017820120,0.017609596,22697,16925,45394
[RESULT] 77,128,2,0.022453070,0.022254467,22697,16925,45394
[RESULT] 77,128,3,0.011222363,0.011011362,22697,16925,45394
[RESULT] 77,128,4,0.003784657,0.003594160,22697,16925,45394
[RESULT] 77,128,5,0.003717661,0.003520489,22697,16925,45394
[RESULT] 77,128,6,0.003977060,0.003781796,22697,16925,45394
[RESULT] 77,128,7,0.003654242,0.003462315,22697,16925,45394
[RESULT] 77,128,8,0.004035950,0.003837109,22697,16925,45394
[RESULT] 77,128,9,0.004072666,0.003875732,22697,16925,45394
[RESULT] 68,128,0,0.004591942,0.004202604,22727,16960,45454
[RESULT] 68,128,1,0.018025160,0.017651558,22727,16960,45454
[RESULT] 68,128,2,0.022652388,0.022294521,22727,16960,45454
[RESULT] 68,128,3,0.011304379,0.010949612,22727,16960,45454
[RESULT] 68,128,4,0.004591227,0.004249096,22727,16960,45454
[RESULT] 68,128,5,0.004276991,0.003958941,22727,16960,45454
[RESULT] 68,128,6,0.004502535,0.004172087,22727,16960,45454
[RESULT] 68,128,7,0.004651308,0.004320145,22727,16960,45454
[RESULT] 68,128,8,0.004304171,0.003985643,22727,16960,45454
[RESULT] 68,128,9,0.004607916,0.004275322,22727,16960,45454
[RESULT] 38,128,0,0.004716396,0.004293680,22658,16847,45316
[RESULT] 38,128,1,0.017674446,0.017337084,22658,16847,45316
[RESULT] 38,128,2,0.022158384,0.021821022,22658,16847,45316
[RESULT] 38,128,3,0.011320591,0.010944366,22658,16847,45316
[RESULT] 38,128,4,0.004735470,0.004367113,22658,16847,45316
[RESULT] 38,128,5,0.004650116,0.004291058,22658,16847,45316
[RESULT] 38,128,6,0.004653931,0.004283667,22658,16847,45316
[RESULT] 38,128,7,0.004840374,0.004456997,22658,16847,45316
[RESULT] 38,128,8,0.004612684,0.004251003,22658,16847,45316
[RESULT] 38,128,9,0.004784584,0.004419088,22658,16847,45316
[RESULT] 78,128,9,0.004055977,0.003858089,22565,16788,45130
[RESULT] 1,128,0,0.014500141,0.004192114,22766,17012,45532
[RESULT] 1,128,1,0.028654337,0.027719021,22766,17012,45532
[RESULT] 1,128,2,0.030933380,0.029963255,22766,17012,45532
[RESULT] 1,128,3,0.015640259,0.014855862,22766,17012,45532
[RESULT] 1,128,4,0.005002022,0.004525423,22766,17012,45532
[RESULT] 1,128,5,0.004931211,0.004486799,22766,17012,45532
[RESULT] 1,128,6,0.004843235,0.004422903,22766,17012,45532
[RESULT] 1,128,7,0.004996538,0.004555941,22766,17012,45532
[RESULT] 1,128,8,0.012318611,0.011925936,22766,17012,45532
[RESULT] 1,128,9,0.005212307,0.004667282,22766,17012,45532
[RESULT] 40,128,0,0.004728079,0.004294634,22701,16966,45402
[RESULT] 40,128,1,0.017719507,0.017379284,22701,16966,45402
[RESULT] 40,128,2,0.022186518,0.021861315,22701,16966,45402
[RESULT] 40,128,3,0.011377096,0.011003256,22701,16966,45402
[RESULT] 40,128,4,0.004763842,0.004394531,22701,16966,45402
[RESULT] 40,128,5,0.004670620,0.004308224,22701,16966,45402
[RESULT] 40,128,6,0.004658461,0.004293442,22701,16966,45402
[RESULT] 40,128,7,0.004828691,0.004451275,22701,16966,45402
[RESULT] 40,128,8,0.004623652,0.004267216,22701,16966,45402
[RESULT] 40,128,9,0.004794121,0.004427671,22701,16966,45402
[RESULT] 88,128,0,0.004424334,0.003869295,22844,17107,45688
[RESULT] 88,128,1,0.018285275,0.017765522,22844,17107,45688
[RESULT] 88,128,2,0.022902012,0.022388458,22844,17107,45688
[RESULT] 88,128,3,0.011528730,0.011006117,22844,17107,45688
[RESULT] 88,128,4,0.004225016,0.003732443,22844,17107,45688
[RESULT] 88,128,5,0.004194498,0.003716707,22844,17107,45688
[RESULT] 88,128,6,0.004048347,0.003569841,22844,17107,45688
[RESULT] 88,128,7,0.004214287,0.003785133,22844,17107,45688
[RESULT] 88,128,8,0.004065514,0.003597021,22844,17107,45688
[RESULT] 88,128,9,0.004154205,0.003676891,22844,17107,45688
[RESULT] 2,128,0,0.004592419,0.004164934,22698,16936,45396
[RESULT] 2,128,1,0.028103352,0.027720928,22698,16936,45396
[RESULT] 2,128,2,0.032673120,0.032266617,22698,16936,45396
[RESULT] 2,128,3,0.015302181,0.014868021,22698,16936,45396
[RESULT] 2,128,4,0.004977226,0.004509687,22698,16936,45396
[RESULT] 2,128,5,0.004919529,0.004472017,22698,16936,45396
[RESULT] 2,128,6,0.004823208,0.004412413,22698,16936,45396
[RESULT] 2,128,7,0.004984856,0.004544497,22698,16936,45396
[RESULT] 2,128,8,0.012313366,0.011923552,22698,16936,45396
[RESULT] 2,128,9,0.005042315,0.004627943,22698,16936,45396
[RESULT] 46,128,0,0.004706621,0.004274368,22640,16862,45280
[RESULT] 46,128,1,0.017714262,0.017373800,22640,16862,45280
[RESULT] 46,128,2,0.022229433,0.021892071,22640,16862,45280
[RESULT] 46,128,3,0.011362791,0.010984659,22640,16862,45280
[RESULT] 46,128,4,0.004723549,0.004353285,22640,16862,45280
[RESULT] 46,128,5,0.004658222,0.004295111,22640,16862,45280
[RESULT] 46,128,6,0.004629612,0.004261732,22640,16862,45280
[RESULT] 46,128,7,0.004806995,0.004423141,22640,16862,45280
[RESULT] 46,128,8,0.004605770,0.004249573,22640,16862,45280
[RESULT] 46,128,9,0.004757643,0.004398823,22640,16862,45280
[RESULT] 89,128,0,0.004417419,0.003874302,22549,16804,45098
[RESULT] 89,128,1,0.018271923,0.017757654,22549,16804,45098
[RESULT] 89,128,2,0.022878408,0.022375822,22549,16804,45098
[RESULT] 89,128,3,0.011512280,0.010996580,22549,16804,45098
[RESULT] 89,128,4,0.004209280,0.003714085,22549,16804,45098
[RESULT] 89,128,5,0.004182577,0.003711939,22549,16804,45098
[RESULT] 89,128,6,0.004034758,0.003562689,22549,16804,45098
[RESULT] 89,128,7,0.004210711,0.003777266,22549,16804,45098
[RESULT] 89,128,8,0.004049301,0.003591776,22549,16804,45098
[RESULT] 89,128,9,0.004135132,0.003662586,22549,16804,45098
[RESULT] 11,128,0,0.004580021,0.004147291,22683,16922,45366
[RESULT] 11,128,1,0.028131723,0.027701855,22683,16922,45366
[RESULT] 11,128,2,0.032694817,0.032234192,22683,16922,45366
[RESULT] 11,128,3,0.015265226,0.014847517,22683,16922,45366
[RESULT] 11,128,4,0.004923582,0.004498720,22683,16922,45366
[RESULT] 11,128,5,0.004862070,0.004450798,22683,16922,45366
[RESULT] 11,128,6,0.004776955,0.004384041,22683,16922,45366
[RESULT] 11,128,7,0.004932642,0.004518986,22683,16922,45366
[RESULT] 11,128,8,0.004751921,0.004392385,22683,16922,45366
[RESULT] 11,128,9,0.005021572,0.004618645,22683,16922,45366
[RESULT] 47,128,0,0.004724741,0.004298687,22674,16915,45348
[RESULT] 47,128,1,0.017727375,0.017333508,22674,16915,45348
[RESULT] 47,128,2,0.022265196,0.021887064,22674,16915,45348
[RESULT] 47,128,3,0.011382341,0.011014462,22674,16915,45348
[RESULT] 47,128,4,0.004731655,0.004352570,22674,16915,45348
[RESULT] 47,128,5,0.004658937,0.004281044,22674,16915,45348
[RESULT] 47,128,6,0.004631996,0.004254103,22674,16915,45348
[RESULT] 47,128,7,0.004802227,0.004416704,22674,16915,45348
[RESULT] 47,128,8,0.004607916,0.004240036,22674,16915,45348
[RESULT] 47,128,9,0.004788637,0.004388332,22674,16915,45348
[RESULT] 90,128,0,0.004416943,0.003872871,22732,16958,45464
[RESULT] 90,128,1,0.018258333,0.017742395,22732,16958,45464
[RESULT] 90,128,2,0.022891760,0.022381544,22732,16958,45464
[RESULT] 90,128,3,0.011503220,0.010992765,22732,16958,45464
[RESULT] 90,128,4,0.004226208,0.003726244,22732,16958,45464
[RESULT] 90,128,5,0.004186869,0.003709078,22732,16958,45464
[RESULT] 90,128,6,0.004031181,0.003555536,22732,16958,45464
[RESULT] 90,128,7,0.004218817,0.003780127,22732,16958,45464
[RESULT] 90,128,8,0.004039764,0.003578663,22732,16958,45464
[RESULT] 90,128,9,0.004146814,0.003669262,22732,16958,45464
[RESULT] 22,128,0,0.004552126,0.004139900,22722,16974,45444
[RESULT] 22,128,1,0.020637035,0.020287514,22722,16974,45444
[RESULT] 22,128,2,0.024470806,0.024153709,22722,16974,45444
[RESULT] 22,128,3,0.011254072,0.010903835,22722,16974,45444
[RESULT] 22,128,4,0.004916430,0.004480124,22722,16974,45444
[RESULT] 22,128,5,0.004734039,0.004321575,22722,16974,45444
[RESULT] 22,128,6,0.004756212,0.004370689,22722,16974,45444
[RESULT] 22,128,7,0.004931450,0.004518986,22722,16974,45444
[RESULT] 22,128,8,0.004683733,0.004375458,22722,16974,45444
[RESULT] 22,128,9,0.004989624,0.004599810,22722,16974,45444
[RESULT] 33,128,9,0.004788160,0.004388571,22625,16851,45250
[RESULT] 91,128,0,0.004397392,0.003848791,22642,16883,45284
[RESULT] 91,128,1,0.018262386,0.017745495,22642,16883,45284
[RESULT] 91,128,2,0.022885323,0.022379398,22642,16883,45284
[RESULT] 91,128,3,0.011507273,0.010990620,22642,16883,45284
[RESULT] 91,128,4,0.004194260,0.003705502,22642,16883,45284
[RESULT] 91,128,5,0.004170418,0.003701687,22642,16883,45284
[RESULT] 91,128,6,0.004032850,0.003559351,22642,16883,45284
[RESULT] 91,128,7,0.004208803,0.003778219,22642,16883,45284
[RESULT] 91,128,8,0.004030228,0.003577232,22642,16883,45284
[RESULT] 91,128,9,0.004122734,0.003656387,22642,16883,45284
[RESULT] 97,128,0,0.004817486,0.003866673,22711,16933,45422
[RESULT] 97,128,1,0.018681049,0.017839193,22711,16933,45422
[RESULT] 97,128,2,0.023332357,0.022482634,22711,16933,45422
[RESULT] 97,128,3,0.012022018,0.011167049,22711,16933,45422
[RESULT] 97,128,4,0.005026102,0.004102468,22711,16933,45422
[RESULT] 97,128,5,0.005045414,0.004148245,22711,16933,45422
[RESULT] 97,128,6,0.004866123,0.004012108,22711,16933,45422
[RESULT] 97,128,7,0.005010843,0.004158497,22711,16933,45422
[RESULT] 97,128,8,0.004855394,0.004104137,22711,16933,45422
[RESULT] 97,128,9,0.004962921,0.004125595,22711,16933,45422
[RESULT] 34,128,0,0.004695177,0.004203796,22832,17080,45664
[RESULT] 34,128,1,0.018129587,0.017789125,22832,17080,45664
[RESULT] 34,128,2,0.022519112,0.022185564,22832,17080,45664
[RESULT] 34,128,3,0.011383295,0.010975361,22832,17080,45664
[RESULT] 34,128,4,0.004783392,0.004377127,22832,17080,45664
[RESULT] 34,128,5,0.004707098,0.004306316,22832,17080,45664
[RESULT] 34,128,6,0.004661798,0.004259825,22832,17080,45664
[RESULT] 34,128,7,0.004859924,0.004441023,22832,17080,45664
[RESULT] 34,128,8,0.004673481,0.004277706,22832,17080,45664
[RESULT] 34,128,9,0.004795313,0.004403353,22832,17080,45664
[RESULT] 92,128,0,0.004301786,0.003782272,22764,17032,45528
[RESULT] 92,128,1,0.018260956,0.017750740,22764,17032,45528
[RESULT] 92,128,2,0.022884369,0.022378683,22764,17032,45528
[RESULT] 92,128,3,0.011524677,0.011004448,22764,17032,45528
[RESULT] 92,128,4,0.004195213,0.003708363,22764,17032,45528
[RESULT] 92,128,5,0.004172087,0.003701210,22764,17032,45528
[RESULT] 92,128,6,0.004025936,0.003551483,22764,17032,45528
[RESULT] 92,128,7,0.004199505,0.003769159,22764,17032,45528
[RESULT] 92,128,8,0.004043102,0.003585339,22764,17032,45528
[RESULT] 92,128,9,0.004152298,0.003679037,22764,17032,45528
[RESULT] 98,128,0,0.005044937,0.003868103,22770,17025,45540
[RESULT] 98,128,1,0.018197775,0.017833710,22770,17025,45540
[RESULT] 98,128,2,0.022840738,0.022481918,22770,17025,45540
[RESULT] 98,128,3,0.011672497,0.011179447,22770,17025,45540
[RESULT] 98,128,4,0.004987717,0.004036427,22770,17025,45540
[RESULT] 98,128,5,0.004970312,0.004085541,22770,17025,45540
[RESULT] 98,128,6,0.004636049,0.003962755,22770,17025,45540
[RESULT] 98,128,7,0.004820108,0.003991127,22770,17025,45540
[RESULT] 98,128,8,0.004358053,0.004030466,22770,17025,45540
[RESULT] 98,128,9,0.004751205,0.004059553,22770,17025,45540
[RESULT] 35,128,0,0.004667521,0.004212856,22588,16801,45176
[RESULT] 35,128,1,0.017740965,0.017331362,22588,16801,45176
[RESULT] 35,128,2,0.022235155,0.021828651,22588,16801,45176
[RESULT] 35,128,3,0.011314154,0.010933876,22588,16801,45176
[RESULT] 35,128,4,0.004786968,0.004390955,22588,16801,45176
[RESULT] 35,128,5,0.004687071,0.004293919,22588,16801,45176
[RESULT] 35,128,6,0.004662752,0.004268646,22588,16801,45176
[RESULT] 35,128,7,0.004857779,0.004453421,22588,16801,45176
[RESULT] 35,128,8,0.004649639,0.004261971,22588,16801,45176
[RESULT] 35,128,9,0.004822969,0.004408836,22588,16801,45176
[RESULT] 94,128,0,0.004281521,0.003764868,22676,16913,45352
[RESULT] 94,128,1,0.018237829,0.017735481,22676,16913,45352
[RESULT] 94,128,2,0.022888184,0.022384644,22676,16913,45352
[RESULT] 94,128,3,0.011501312,0.010984659,22676,16913,45352
[RESULT] 94,128,4,0.004194498,0.003704786,22676,16913,45352
[RESULT] 94,128,5,0.004159689,0.003695011,22676,16913,45352
[RESULT] 94,128,6,0.004022837,0.003551483,22676,16913,45352
[RESULT] 94,128,7,0.004190207,0.003764629,22676,16913,45352
[RESULT] 94,128,8,0.004034758,0.003579140,22676,16913,45352
[RESULT] 94,128,9,0.004142761,0.003673077,22676,16913,45352
[RESULT] 99,128,0,0.004982233,0.003805161,22627,16834,45254
[RESULT] 99,128,1,0.018200636,0.017825365,22627,16834,45254
[RESULT] 99,128,2,0.022848845,0.022480726,22627,16834,45254
[RESULT] 99,128,3,0.011660337,0.011156559,22627,16834,45254
[RESULT] 99,128,4,0.004842043,0.003986120,22627,16834,45254
[RESULT] 99,128,5,0.004598141,0.003930569,22627,16834,45254
[RESULT] 99,128,6,0.004393578,0.003864050,22627,16834,45254
[RESULT] 99,128,7,0.004746914,0.003955364,22627,16834,45254
[RESULT] 99,128,8,0.004226685,0.003880501,22627,16834,45254
[RESULT] 99,128,9,0.004606724,0.004004717,22627,16834,45254
[RESULT] 36,128,0,0.004666328,0.004216433,22730,16971,45460
[RESULT] 36,128,1,0.017710447,0.017303467,22730,16971,45460
[RESULT] 36,128,2,0.022213459,0.021815538,22730,16971,45460
[RESULT] 36,128,3,0.011333466,0.010954618,22730,16971,45460
[RESULT] 36,128,4,0.004772186,0.004377604,22730,16971,45460
[RESULT] 36,128,5,0.004697323,0.004301786,22730,16971,45460
[RESULT] 36,128,6,0.004690647,0.004297495,22730,16971,45460
[RESULT] 36,128,7,0.004857063,0.004455805,22730,16971,45460
[RESULT] 36,128,8,0.004641533,0.004256725,22730,16971,45460
[RESULT] 36,128,9,0.004849195,0.004435301,22730,16971,45460
[RESULT] 95,128,0,0.004289627,0.003755093,22661,16908,45322
[RESULT] 95,128,1,0.018233538,0.017712355,22661,16908,45322
[RESULT] 95,128,2,0.022899151,0.022388935,22661,16908,45322
[RESULT] 95,128,3,0.011508465,0.010979652,22661,16908,45322
[RESULT] 95,128,4,0.004177809,0.003679037,22661,16908,45322
[RESULT] 95,128,5,0.004168510,0.003693104,22661,16908,45322
[RESULT] 95,128,6,0.003993034,0.003510952,22661,16908,45322
[RESULT] 95,128,7,0.004196405,0.003755808,22661,16908,45322
[RESULT] 95,128,8,0.004041672,0.003574848,22661,16908,45322
[RESULT] 95,128,9,0.004126072,0.003648520,22661,16908,45322
[RESULT] 103,128,0,0.005240917,0.003691673,22799,17049,45598
[RESULT] 103,128,1,0.021412849,0.020566702,22799,17049,45598
[RESULT] 103,128,2,0.024410486,0.023582220,22799,17049,45598
[RESULT] 103,128,3,0.012115717,0.011123419,22799,17049,45598
[RESULT] 103,128,4,0.005351543,0.003993750,22799,17049,45598
[RESULT] 103,128,5,0.005212784,0.003870726,22799,17049,45598
[RESULT] 103,128,6,0.005081415,0.003892660,22799,17049,45598
[RESULT] 103,128,7,0.005203485,0.003932953,22799,17049,45598
[RESULT] 103,128,8,0.012982368,0.012027502,22799,17049,45598
[RESULT] 103,128,9,0.005174398,0.003948689,22799,17049,45598
[RESULT] 37,128,0,0.004764557,0.004292965,22652,16892,45304
[RESULT] 37,128,1,0.017730951,0.017371893,22652,16892,45304
[RESULT] 37,128,2,0.022181511,0.021823168,22652,16892,45304
[RESULT] 37,128,3,0.011347771,0.010939360,22652,16892,45304
[RESULT] 37,128,4,0.004786491,0.004375696,22652,16892,45304
[RESULT] 37,128,5,0.004699945,0.004292965,22652,16892,45304
[RESULT] 37,128,6,0.004705191,0.004292727,22652,16892,45304
[RESULT] 37,128,7,0.004879713,0.004455566,22652,16892,45304
[RESULT] 37,128,8,0.004643440,0.004246950,22652,16892,45304
[RESULT] 37,128,9,0.004838943,0.004431486,22652,16892,45304
[RESULT] 74,128,0,0.004398108,0.004079819,22712,16932,45424
[RESULT] 74,128,1,0.017921448,0.017639875,22712,16932,45424
[RESULT] 74,128,2,0.022593737,0.022312403,22712,16932,45424
[RESULT] 74,128,3,0.011212826,0.010942698,22712,16932,45424
[RESULT] 74,128,4,0.003874302,0.003620148,22712,16932,45424
[RESULT] 74,128,5,0.003791809,0.003536940,22712,16932,45424
[RESULT] 74,128,6,0.004333973,0.004075766,22712,16932,45424
[RESULT] 74,128,7,0.004477024,0.004220963,22712,16932,45424
[RESULT] 74,128,8,0.004143000,0.003889561,22712,16932,45424
[RESULT] 74,128,9,0.004168749,0.003913641,22712,16932,45424
[RESULT] 105,128,0,0.005232811,0.003673315,22705,16964,45410
[RESULT] 105,128,1,0.021802664,0.020900726,22705,16964,45410
[RESULT] 105,128,2,0.021751881,0.020848989,22705,16964,45410
[RESULT] 105,128,3,0.012116194,0.011090755,22705,16964,45410
[RESULT] 105,128,4,0.005436182,0.004003525,22705,16964,45410
[RESULT] 105,128,5,0.005445004,0.004063606,22705,16964,45410
[RESULT] 105,128,6,0.005306482,0.003956795,22705,16964,45410
[RESULT] 105,128,7,0.005358934,0.003981590,22705,16964,45410
[RESULT] 105,128,8,0.012992382,0.012011528,22705,16964,45410
[RESULT] 105,128,9,0.005234241,0.003976107,22705,16964,45410
[RESULT] 39,128,0,0.004728794,0.004259348,22761,17001,45522
[RESULT] 39,128,1,0.017668486,0.017315865,22761,17001,45522
[RESULT] 39,128,2,0.022148609,0.021799088,22761,17001,45522
[RESULT] 39,128,3,0.011426210,0.011010647,22761,17001,45522
[RESULT] 39,128,4,0.004771233,0.004367828,22761,17001,45522
[RESULT] 39,128,5,0.004683256,0.004288912,22761,17001,45522
[RESULT] 39,128,6,0.004670620,0.004269600,22761,17001,45522
[RESULT] 39,128,7,0.004865885,0.004450083,22761,17001,45522
[RESULT] 39,128,8,0.004638672,0.004244804,22761,17001,45522
[RESULT] 39,128,9,0.004797220,0.004401922,22761,17001,45522
[RESULT] 81,128,0,0.004332542,0.003804684,22714,16966,45428
[RESULT] 81,128,1,0.018055201,0.017599583,22714,16966,45428
[RESULT] 81,128,2,0.022689342,0.022238016,22714,16966,45428
[RESULT] 81,128,3,0.011521578,0.011013269,22714,16966,45428
[RESULT] 81,128,4,0.004005432,0.003571749,22714,16966,45428
[RESULT] 81,128,5,0.003899813,0.003493071,22714,16966,45428
[RESULT] 81,128,6,0.003848076,0.003439188,22714,16966,45428
[RESULT] 106,128,0,0.004727602,0.003660202,22660,16886,45320
[RESULT] 106,128,1,0.026255369,0.025860310,22660,16886,45320
[RESULT] 106,128,2,0.029677153,0.029292107,22660,16886,45320
[RESULT] 106,128,3,0.011618614,0.011106014,22660,16886,45320
[RESULT] 106,128,4,0.005049944,0.004076958,22660,16886,45320
[RESULT] 106,128,5,0.005101442,0.004142761,22660,16886,45320
[RESULT] 106,128,6,0.004724026,0.003993988,22660,16886,45320
[RESULT] 106,128,7,0.004964828,0.004081249,22660,16886,45320
[RESULT] 106,128,8,0.012587070,0.012013674,22660,16886,45320
[RESULT] 106,128,9,0.004853964,0.004105806,22660,16886,45320
[RESULT] 41,128,0,0.004751444,0.004285812,22714,16973,45428
[RESULT] 41,128,1,0.017673254,0.017327070,22714,16973,45428
[RESULT] 41,128,2,0.022184372,0.021835327,22714,16973,45428
[RESULT] 41,128,3,0.011460066,0.011049271,22714,16973,45428
[RESULT] 41,128,4,0.004772186,0.004370451,22714,16973,45428
[RESULT] 41,128,5,0.004683018,0.004293203,22714,16973,45428
[RESULT] 41,128,6,0.004700422,0.004293919,22714,16973,45428
[RESULT] 41,128,7,0.004859924,0.004446268,22714,16973,45428
[RESULT] 41,128,8,0.004659176,0.004263401,22714,16973,45428
[RESULT] 41,128,9,0.004806042,0.004412174,22714,16973,45428
[RESULT] 86,128,0,0.004408360,0.003865719,22606,16853,45212
[RESULT] 86,128,1,0.018266201,0.017753124,22606,16853,45212
[RESULT] 86,128,2,0.022875071,0.022365332,22606,16853,45212
[RESULT] 86,128,3,0.011521101,0.010993481,22606,16853,45212
[RESULT] 86,128,4,0.004202843,0.003710747,22606,16853,45212
[RESULT] 86,128,5,0.004151821,0.003682613,22606,16853,45212
[RESULT] 86,128,6,0.004042625,0.003571510,22606,16853,45212
[RESULT] 86,128,7,0.004197836,0.003766537,22606,16853,45212
[RESULT] 86,128,8,0.004039526,0.003580809,22606,16853,45212
[RESULT] 86,128,9,0.004160166,0.003687859,22606,16853,45212
[RESULT] 108,128,0,0.005086422,0.003585577,22764,16999,45528
[RESULT] 108,128,1,0.024582863,0.023712158,22764,16999,45528
[RESULT] 108,128,2,0.024554253,0.023677826,22764,16999,45528
[RESULT] 108,128,3,0.016095877,0.014977455,22764,16999,45528
[RESULT] 108,128,4,0.005333900,0.003985405,22764,16999,45528
[RESULT] 108,128,5,0.005151987,0.003827572,22764,16999,45528
[RESULT] 108,128,6,0.005083323,0.003887415,22764,16999,45528
[RESULT] 108,128,7,0.005176544,0.003895760,22764,16999,45528
[RESULT] 108,128,8,0.014822721,0.014042377,22764,16999,45528
[RESULT] 108,128,9,0.005201578,0.003954411,22764,16999,45528
[RESULT] 42,128,0,0.004741192,0.004291773,22727,16943,45454
[RESULT] 42,128,1,0.017778873,0.017374516,22727,16943,45454
[RESULT] 42,128,2,0.022303104,0.021907806,22727,16943,45454
[RESULT] 42,128,3,0.011396885,0.011011362,22727,16943,45454
[RESULT] 42,128,4,0.004760742,0.004364014,22727,16943,45454
[RESULT] 42,128,5,0.004680634,0.004289150,22727,16943,45454
[RESULT] 42,128,6,0.004691124,0.004299164,22727,16943,45454
[RESULT] 42,128,7,0.004849195,0.004446030,22727,16943,45454
[RESULT] 42,128,8,0.004649639,0.004263878,22727,16943,45454
[RESULT] 42,128,9,0.004826546,0.004417658,22727,16943,45454
[RESULT] 93,128,0,0.004326820,0.003782272,22607,16845,45214
[RESULT] 93,128,1,0.018252373,0.017734766,22607,16845,45214
[RESULT] 93,128,2,0.022897482,0.022389174,22607,16845,45214
[RESULT] 93,128,3,0.011514425,0.010991573,22607,16845,45214
[RESULT] 93,128,4,0.004206657,0.003715992,22607,16845,45214
[RESULT] 93,128,5,0.004162550,0.003690243,22607,16845,45214
[RESULT] 93,128,6,0.004029989,0.003552675,22607,16845,45214
[RESULT] 93,128,7,0.004190922,0.003757477,22607,16845,45214
[RESULT] 93,128,8,0.004037142,0.003580809,22607,16845,45214
[RESULT] 93,128,9,0.004156351,0.003676176,22607,16845,45214
[RESULT] 109,128,0,0.004498959,0.003599644,22628,16868,45256
[RESULT] 109,128,1,0.024065256,0.023690224,22628,16868,45256
[RESULT] 109,128,2,0.024040222,0.023674726,22628,16868,45256
[RESULT] 109,128,3,0.015661478,0.014980793,22628,16868,45256
[RESULT] 109,128,4,0.004772186,0.003977776,22628,16868,45256
[RESULT] 109,128,5,0.004471540,0.003814697,22628,16868,45256
[RESULT] 109,128,6,0.004488468,0.003889084,22628,16868,45256
[RESULT] 109,128,7,0.004739046,0.003956556,22628,16868,45256
[RESULT] 109,128,8,0.012566805,0.012006998,22628,16868,45256
[RESULT] 109,128,9,0.004522562,0.003948450,22628,16868,45256
[RESULT] 43,128,0,0.004731655,0.004274845,22705,16936,45410
[RESULT] 43,128,1,0.017763853,0.017347336,22705,16936,45410
[RESULT] 43,128,2,0.022292137,0.021888733,22705,16936,45410
[RESULT] 43,128,3,0.011436462,0.011040449,22705,16936,45410
[RESULT] 43,128,4,0.004778385,0.004373789,22705,16936,45410
[RESULT] 43,128,5,0.004691601,0.004288912,22705,16936,45410
[RESULT] 43,128,6,0.004696846,0.004293442,22705,16936,45410
[RESULT] 43,128,7,0.004846096,0.004438400,22705,16936,45410
[RESULT] 43,128,8,0.004670382,0.004273653,22705,16936,45410
[RESULT] 43,128,9,0.004839659,0.004417419,22705,16936,45410
[RESULT] 80,128,0,0.004361391,0.003822565,22637,16898,45274
[RESULT] 80,128,1,0.018089533,0.017612457,22637,16898,45274
[RESULT] 80,128,2,0.022749901,0.022273779,22637,16898,45274
[RESULT] 80,128,3,0.011517525,0.011005640,22637,16898,45274
[RESULT] 80,128,4,0.004049778,0.003592968,22637,16898,45274
[RESULT] 80,128,5,0.003953695,0.003523588,22637,16898,45274
[RESULT] 80,128,6,0.003849506,0.003426552,22637,16898,45274
[RESULT] 80,128,7,0.003806114,0.003462076,22637,16898,45274
[RESULT] 80,128,8,0.004246712,0.003813505,22637,16898,45274
[RESULT] 80,128,9,0.004305601,0.003840923,22637,16898,45274
[RESULT] 110,128,0,0.004918575,0.003515959,22685,16905,45370
[RESULT] 110,128,1,0.024571180,0.023714066,22685,16905,45370
[RESULT] 110,128,2,0.024515152,0.023671865,22685,16905,45370
[RESULT] 110,128,3,0.016023397,0.014945269,22685,16905,45370
[RESULT] 110,128,4,0.005289316,0.003985167,22685,16905,45370
[RESULT] 110,128,5,0.005090237,0.003823757,22685,16905,45370
[RESULT] 110,128,6,0.005002499,0.003887177,22685,16905,45370
[RESULT] 110,128,7,0.005199194,0.003966808,22685,16905,45370
[RESULT] 110,128,8,0.012965441,0.012010098,22685,16905,45370
[RESULT] 110,128,9,0.005083323,0.003946066,22685,16905,45370
[RESULT] 44,128,0,0.004728317,0.004292488,22638,16888,45276
[RESULT] 44,128,1,0.017714262,0.017310858,22638,16888,45276
[RESULT] 44,128,2,0.022254229,0.021865368,22638,16888,45276
[RESULT] 44,128,3,0.011348963,0.010974884,22638,16888,45276
[RESULT] 44,128,4,0.004748106,0.004362345,22638,16888,45276
[RESULT] 44,128,5,0.004689932,0.004304409,22638,16888,45276
[RESULT] 44,128,6,0.004655838,0.004272461,22638,16888,45276
[RESULT] 44,128,7,0.004831076,0.004440308,22638,16888,45276
[RESULT] 44,128,8,0.004640818,0.004263163,22638,16888,45276
[RESULT] 44,128,9,0.004830360,0.004415035,22638,16888,45276
[RESULT] 81,128,7,0.003772736,0.003432035,22714,16966,45428
[RESULT] 81,128,8,0.004218340,0.003786802,22714,16966,45428
[RESULT] 81,128,9,0.004272223,0.003818035,22714,16966,45428
[RESULT] 111,128,0,0.004934788,0.003480673,22713,16962,45426
[RESULT] 111,128,1,0.023277521,0.022223473,22713,16962,45426
[RESULT] 111,128,2,0.023271799,0.022210360,22713,16962,45426
[RESULT] 111,128,3,0.016050100,0.014935255,22713,16962,45426
[RESULT] 111,128,4,0.005311966,0.003971100,22713,16962,45426
[RESULT] 111,128,5,0.005158901,0.003844738,22713,16962,45426
[RESULT] 111,128,6,0.005045176,0.003875256,22713,16962,45426
[RESULT] 111,128,7,0.005222082,0.003964663,22713,16962,45426
[RESULT] 111,128,8,0.012962103,0.012001038,22713,16962,45426
[RESULT] 111,128,9,0.005148411,0.003949404,22713,16962,45426
[RESULT] 45,128,0,0.004716396,0.004283667,22683,16911,45366
[RESULT] 45,128,1,0.017745972,0.017349482,22683,16911,45366
[RESULT] 45,128,2,0.022239208,0.021860600,22683,16911,45366
[RESULT] 45,128,3,0.011366844,0.011001825,22683,16911,45366
[RESULT] 45,128,4,0.004733562,0.004352808,22683,16911,45366
[RESULT] 45,128,5,0.004674435,0.004294157,22683,16911,45366
[RESULT] 45,128,6,0.004650593,0.004273415,22683,16911,45366
[RESULT] 45,128,7,0.004818201,0.004427433,22683,16911,45366
[RESULT] 45,128,8,0.004627943,0.004258394,22683,16911,45366
[RESULT] 45,128,9,0.004802465,0.004400492,22683,16911,45366
[RESULT] 72,128,0,0.004351139,0.004126549,22685,16922,45370
[RESULT] 72,128,1,0.017852068,0.017662764,22685,16922,45370
[RESULT] 72,128,2,0.022499800,0.022318602,22685,16922,45370
[RESULT] 72,128,3,0.011149645,0.010962009,22685,16922,45370
[RESULT] 72,128,4,0.004325390,0.004142523,22685,16922,45370
[RESULT] 72,128,5,0.004059076,0.003878593,22685,16922,45370
[RESULT] 72,128,6,0.004272938,0.004092455,22685,16922,45370
[RESULT] 72,128,7,0.004431963,0.004252672,22685,16922,45370
[RESULT] 72,128,8,0.004108906,0.003931522,22685,16922,45370
[RESULT] 72,128,9,0.004342794,0.004158974,22685,16922,45370
[RESULT] 112,128,0,0.004528999,0.003461599,22689,16917,45378
[RESULT] 112,128,1,0.026438951,0.025527239,22689,16917,45378
[RESULT] 112,128,2,0.026434422,0.025501251,22689,16917,45378
[RESULT] 112,128,3,0.015909195,0.014957190,22689,16917,45378
[RESULT] 112,128,4,0.005060196,0.004008293,22689,16917,45378
[RESULT] 112,128,5,0.004959583,0.003964901,22689,16917,45378
[RESULT] 112,128,6,0.004773617,0.003887415,22689,16917,45378
[RESULT] 112,128,7,0.004861593,0.003941536,22689,16917,45378
[RESULT] 112,128,8,0.012851954,0.012007713,22689,16917,45378
[RESULT] 112,128,9,0.004842281,0.003960609,22689,16917,45378
[RESULT] 24,128,0,0.004628420,0.004149914,22721,16983,45442
[RESULT] 24,128,1,0.020677090,0.020306110,22721,16983,45442
[RESULT] 24,128,2,0.024528980,0.024165630,22721,16983,45442
[RESULT] 24,128,3,0.011494875,0.011094332,22721,16983,45442
[RESULT] 24,128,4,0.004894018,0.004495144,22721,16983,45442
[RESULT] 24,128,5,0.004833460,0.004442930,22721,16983,45442
[RESULT] 24,128,6,0.004784107,0.004385948,22721,16983,45442
[RESULT] 24,128,7,0.004926682,0.004517317,22721,16983,45442
[RESULT] 24,128,8,0.004765034,0.004377127,22721,16983,45442
[RESULT] 24,128,9,0.005005598,0.004598856,22721,16983,45442
[RESULT] 73,128,0,0.004360437,0.004125595,22670,16911,45340
[RESULT] 73,128,1,0.017833710,0.017635345,22670,16911,45340
[RESULT] 113,128,0,0.004477262,0.003512859,22650,16914,45300
[RESULT] 113,128,1,0.035028458,0.034205437,22650,16914,45300
[RESULT] 113,128,2,0.028473616,0.027619123,22650,16914,45300
[RESULT] 113,128,3,0.015912533,0.014949799,22650,16914,45300
[RESULT] 113,128,4,0.004965305,0.004062891,22650,16914,45300
[RESULT] 113,128,5,0.004976988,0.004104614,22650,16914,45300
[RESULT] 113,128,6,0.004822493,0.003983498,22650,16914,45300
[RESULT] 113,128,7,0.004817963,0.004012108,22650,16914,45300
[RESULT] 113,128,8,0.012800694,0.011995792,22650,16914,45300
[RESULT] 113,128,9,0.004918098,0.004097939,22650,16914,45300
[RESULT] 69,128,0,0.004541874,0.004161596,22638,16883,45276
[RESULT] 69,128,1,0.018028736,0.017653942,22638,16883,45276
[RESULT] 69,128,2,0.022650480,0.022292376,22638,16883,45276
[RESULT] 69,128,3,0.011285782,0.010919809,22638,16883,45276
[RESULT] 69,128,4,0.004567146,0.004227877,22638,16883,45276
[RESULT] 69,128,5,0.004262447,0.003945351,22638,16883,45276
[RESULT] 69,128,6,0.004480600,0.004153490,22638,16883,45276
[RESULT] 69,128,7,0.004633427,0.004295588,22638,16883,45276
[RESULT] 69,128,8,0.004289627,0.003972054,22638,16883,45276
[RESULT] 69,128,9,0.004592180,0.004265547,22638,16883,45276
[RESULT] 25,128,0,0.004624844,0.004137039,22693,16942,45386
[RESULT] 25,128,1,0.020668507,0.020293951,22693,16942,45386
[RESULT] 25,128,2,0.024512053,0.024139881,22693,16942,45386
[RESULT] 25,128,3,0.011487007,0.011072874,22693,16942,45386
[RESULT] 25,128,4,0.004873037,0.004471779,22693,16942,45386
[RESULT] 25,128,5,0.004824400,0.004428148,22693,16942,45386
[RESULT] 25,128,6,0.004773378,0.004373789,22693,16942,45386
[RESULT] 25,128,7,0.004924774,0.004510164,22693,16942,45386
[RESULT] 25,128,8,0.004770041,0.004380226,22693,16942,45386
[RESULT] 25,128,9,0.005001068,0.004594088,22693,16942,45386
[RESULT] 75,128,0,0.004533768,0.004063845,22743,16978,45486
[RESULT] 75,128,1,0.018102646,0.017631292,22743,16978,45486
[RESULT] 75,128,2,0.022781372,0.022310972,22743,16978,45486
[RESULT] 75,128,3,0.011509418,0.011001587,22743,16978,45486
[RESULT] 75,128,4,0.004053831,0.003606319,22743,16978,45486
[RESULT] 75,128,5,0.003954887,0.003532887,22743,16978,45486
[RESULT] 75,128,6,0.004248619,0.003840923,22743,16978,45486
[RESULT] 75,128,7,0.004558325,0.004200459,22743,16978,45486
[RESULT] 75,128,8,0.004285574,0.003864050,22743,16978,45486
[RESULT] 75,128,9,0.004355907,0.003917933,22743,16978,45486
[RESULT] 114,128,0,0.004134893,0.003508329,22643,16887,45286
[RESULT] 114,128,1,0.026078224,0.025459051,22643,16887,45286
[RESULT] 114,128,2,0.026065588,0.025439978,22643,16887,45286
[RESULT] 114,128,3,0.015664816,0.014948606,22643,16887,45286
[RESULT] 114,128,4,0.004924536,0.004019976,22643,16887,45286
[RESULT] 114,128,5,0.004708529,0.003975630,22643,16887,45286
[RESULT] 114,128,6,0.004546165,0.003917933,22643,16887,45286
[RESULT] 114,128,7,0.004707336,0.003943920,22643,16887,45286
[RESULT] 114,128,8,0.012559652,0.011997461,22643,16887,45286
[RESULT] 114,128,9,0.004713297,0.004045486,22643,16887,45286
[RESULT] 48,128,0,0.004643917,0.004398823,22740,16973,45480
[RESULT] 48,128,1,0.017821074,0.017591953,22740,16973,45480
[RESULT] 48,128,2,0.022325516,0.022103310,22740,16973,45480
[RESULT] 48,128,3,0.011354446,0.011094093,22740,16973,45480
[RESULT] 48,128,4,0.004675865,0.004426003,22740,16973,45480
[RESULT] 48,128,5,0.004583359,0.004336596,22740,16973,45480
[RESULT] 48,128,6,0.004601002,0.004350901,22740,16973,45480
[RESULT] 48,128,7,0.004765987,0.004509211,22740,16973,45480
[RESULT] 48,128,8,0.004540443,0.004290581,22740,16973,45480
[RESULT] 48,128,9,0.004712343,0.004458427,22740,16973,45480
[RESULT] 26,128,0,0.004578590,0.004132509,22629,16855,45258
[RESULT] 26,128,1,0.020652294,0.020282507,22629,16855,45258
[RESULT] 26,128,2,0.024496555,0.024145603,22629,16855,45258
[RESULT] 26,128,3,0.011351585,0.010991812,22629,16855,45258
[RESULT] 26,128,4,0.004843712,0.004475355,22629,16855,45258
[RESULT] 26,128,5,0.004790783,0.004428864,22629,16855,45258
[RESULT] 26,128,6,0.004724264,0.004363537,22629,16855,45258
[RESULT] 26,128,7,0.004881144,0.004507542,22629,16855,45258
[RESULT] 26,128,8,0.004710674,0.004356384,22629,16855,45258
[RESULT] 26,128,9,0.004961967,0.004588604,22629,16855,45258
[RESULT] 73,128,2,0.022488594,0.022297859,22670,16911,45340
[RESULT] 73,128,3,0.011140347,0.010941744,22670,16911,45340
[RESULT] 73,128,4,0.003814936,0.003627539,22670,16911,45340
[RESULT] 73,128,5,0.004065275,0.003876209,22670,16911,45340
[RESULT] 73,128,6,0.004252434,0.004065037,22670,16911,45340
[RESULT] 73,128,7,0.004423857,0.004235983,22670,16911,45340
[RESULT] 73,128,8,0.004086733,0.003900051,22670,16911,45340
[RESULT] 73,128,9,0.004338264,0.004145145,22670,16911,45340
[RESULT] 115,128,0,0.004725933,0.003419399,22736,16975,45472
[RESULT] 115,128,1,0.026496887,0.025461435,22736,16975,45472
[RESULT] 115,128,2,0.026470900,0.025437117,22736,16975,45472
[RESULT] 115,128,3,0.016028166,0.014940023,22736,16975,45472
[RESULT] 115,128,4,0.005311489,0.003995657,22736,16975,45472
[RESULT] 115,128,5,0.005236864,0.003962278,22736,16975,45472
[RESULT] 115,128,6,0.004993677,0.003893852,22736,16975,45472
[RESULT] 115,128,7,0.005169392,0.003957033,22736,16975,45472
[RESULT] 115,128,8,0.012948513,0.011993647,22736,16975,45472
[RESULT] 115,128,9,0.005183697,0.004020452,22736,16975,45472
[RESULT] 49,128,0,0.004709005,0.004330635,22674,16936,45348
[RESULT] 49,128,1,0.017894268,0.017553329,22674,16936,45348
[RESULT] 49,128,2,0.022348881,0.022050619,22674,16936,45348
[RESULT] 49,128,3,0.011368752,0.011033535,22674,16936,45348
[RESULT] 49,128,4,0.004726410,0.004412651,22674,16936,45348
[RESULT] 49,128,5,0.004643917,0.004338741,22674,16936,45348
[RESULT] 49,128,6,0.004636765,0.004328012,22674,16936,45348
[RESULT] 49,128,7,0.004811525,0.004497051,22674,16936,45348
[RESULT] 49,128,8,0.004592657,0.004292250,22674,16936,45348
[RESULT] 49,128,9,0.004771233,0.004456997,22674,16936,45348
[RESULT] 27,128,0,0.004592657,0.004118919,22708,16947,45416
[RESULT] 27,128,1,0.020649433,0.020271063,22708,16947,45416
[RESULT] 27,128,2,0.024508715,0.024149656,22708,16947,45416
[RESULT] 27,128,3,0.011389017,0.010994196,22708,16947,45416
[RESULT] 27,128,4,0.004864931,0.004467726,22708,16947,45416
[RESULT] 27,128,5,0.004810333,0.004421949,22708,16947,45416
[RESULT] 27,128,6,0.004757166,0.004359722,22708,16947,45416
[RESULT] 27,128,7,0.004899263,0.004493475,22708,16947,45416
[RESULT] 27,128,8,0.004741907,0.004353046,22708,16947,45416
[RESULT] 27,128,9,0.004953146,0.004562855,22708,16947,45416
[RESULT] 116,128,0,0.003855228,0.003375769,22675,16915,45350
[RESULT] 116,128,1,0.026090384,0.025462627,22675,16915,45350
[RESULT] 116,128,2,0.026055098,0.025440216,22675,16915,45350
[RESULT] 116,128,3,0.015648603,0.014945269,22675,16915,45350
[RESULT] 116,128,4,0.004787683,0.003964424,22675,16915,45350
[RESULT] 116,128,5,0.004459143,0.003796816,22675,16915,45350
[RESULT] 116,128,6,0.004438162,0.003873348,22675,16915,45350
[RESULT] 116,128,7,0.004555464,0.003904343,22675,16915,45350
[RESULT] 116,128,8,0.012560368,0.011997461,22675,16915,45350
[RESULT] 116,128,9,0.004539013,0.003958464,22675,16915,45350
[RESULT] 50,128,0,0.004706383,0.004314899,22707,16946,45414
[RESULT] 50,128,1,0.017890692,0.017550707,22707,16946,45414
[RESULT] 50,128,2,0.022337198,0.022037506,22707,16946,45414
[RESULT] 50,128,3,0.011382580,0.011038303,22707,16946,45414
[RESULT] 50,128,4,0.004729271,0.004405022,22707,16946,45414
[RESULT] 50,128,5,0.004609585,0.004303932,22707,16946,45414
[RESULT] 50,128,6,0.004638910,0.004323483,22707,16946,45414
[RESULT] 50,128,7,0.004813671,0.004491806,22707,16946,45414
[RESULT] 50,128,8,0.004578114,0.004269361,22707,16946,45414
[RESULT] 50,128,9,0.004757643,0.004433870,22707,16946,45414
[RESULT] 28,128,0,0.004554272,0.004122496,22685,16956,45370
[RESULT] 28,128,1,0.020618677,0.020258188,22685,16956,45370
[RESULT] 28,128,2,0.024467707,0.024127245,22685,16956,45370
[RESULT] 28,128,3,0.011352777,0.010992289,22685,16956,45370
[RESULT] 28,128,4,0.004825354,0.004467726,22685,16956,45370
[RESULT] 28,128,5,0.004759312,0.004402876,22685,16956,45370
[RESULT] 28,128,6,0.004708290,0.004351854,22685,16956,45370
[RESULT] 28,128,7,0.004852772,0.004488468,22685,16956,45370
[RESULT] 28,128,8,0.004692554,0.004345655,22685,16956,45370
[RESULT] 28,128,9,0.004927635,0.004570246,22685,16956,45370
[RESULT] 117,128,0,0.004740238,0.003359795,22718,16904,45436
[RESULT] 117,128,1,0.023160458,0.022070646,22718,16904,45436
[RESULT] 117,128,2,0.023160219,0.022062302,22718,16904,45436
[RESULT] 117,128,3,0.016095638,0.014950514,22718,16904,45436
[RESULT] 117,128,4,0.005328894,0.003968000,22718,16904,45436
[RESULT] 117,128,5,0.005112886,0.003783464,22718,16904,45436
[RESULT] 117,128,6,0.005012989,0.003874063,22718,16904,45436
[RESULT] 117,128,7,0.005285263,0.004028320,22718,16904,45436
[RESULT] 117,128,8,0.012924194,0.011994362,22718,16904,45436
[RESULT] 117,128,9,0.005123377,0.003955603,22718,16904,45436
[RESULT] 51,128,0,0.004680395,0.004295588,22636,16883,45272
[RESULT] 51,128,1,0.017850399,0.017521620,22636,16883,45272
[RESULT] 51,128,2,0.022327423,0.022032976,22636,16883,45272
[RESULT] 51,128,3,0.011367083,0.011035442,22636,16883,45272
[RESULT] 51,128,4,0.004712582,0.004396200,22636,16883,45272
[RESULT] 51,128,5,0.004597187,0.004296303,22636,16883,45272
[RESULT] 51,128,6,0.004619598,0.004305840,22636,16883,45272
[RESULT] 51,128,7,0.004789591,0.004470825,22636,16883,45272
[RESULT] 51,128,8,0.004567862,0.004263639,22636,16883,45272
[RESULT] 51,128,9,0.004744053,0.004426956,22636,16883,45272
[RESULT] 29,128,0,0.004565001,0.004116297,22647,16882,45294
[RESULT] 29,128,1,0.020616055,0.020239353,22647,16882,45294
[RESULT] 29,128,2,0.024479151,0.024120569,22647,16882,45294
[RESULT] 29,128,3,0.011348009,0.010971785,22647,16882,45294
[RESULT] 29,128,4,0.004837751,0.004459381,22647,16882,45294
[RESULT] 29,128,5,0.004766226,0.004386902,22647,16882,45294
[RESULT] 29,128,6,0.004714966,0.004339218,22647,16882,45294
[RESULT] 29,128,7,0.004856110,0.004469395,22647,16882,45294
[RESULT] 29,128,8,0.004724979,0.004354000,22647,16882,45294
[RESULT] 29,128,9,0.004941940,0.004560947,22647,16882,45294
[RESULT] 118,128,0,0.004322052,0.003341436,22731,16967,45462
[RESULT] 118,128,1,0.026342630,0.025458097,22731,16967,45462
[RESULT] 118,128,2,0.026341200,0.025433302,22731,16967,45462
[RESULT] 118,128,3,0.015860558,0.014942646,22731,16967,45462
[RESULT] 118,128,4,0.004973650,0.003955126,22731,16967,45462
[RESULT] 118,128,5,0.004735708,0.003784895,22731,16967,45462
[RESULT] 118,128,6,0.004741430,0.003874302,22731,16967,45462
[RESULT] 118,128,7,0.004960537,0.004041195,22731,16967,45462
[RESULT] 118,128,8,0.012822390,0.011990547,22731,16967,45462
[RESULT] 118,128,9,0.004797697,0.003947496,22731,16967,45462
[RESULT] 52,128,0,0.004698753,0.004305363,22734,16961,45468
[RESULT] 52,128,1,0.017858982,0.017534018,22734,16961,45468
[RESULT] 52,128,2,0.022332430,0.022027254,22734,16961,45468
[RESULT] 52,128,3,0.011348724,0.011002302,22734,16961,45468
[RESULT] 52,128,4,0.004717350,0.004378080,22734,16961,45468
[RESULT] 52,128,5,0.004640579,0.004313469,22734,16961,45468
[RESULT] 52,128,6,0.004637241,0.004301310,22734,16961,45468
[RESULT] 52,128,7,0.004814625,0.004466534,22734,16961,45468
[RESULT] 52,128,8,0.004587650,0.004256725,22734,16961,45468
[RESULT] 52,128,9,0.004749298,0.004416466,22734,16961,45468
[RESULT] 30,128,0,0.004547596,0.004102707,22782,17012,45564
[RESULT] 30,128,1,0.020607948,0.020230532,22782,17012,45564
[RESULT] 30,128,2,0.024475336,0.024112463,22782,17012,45564
[RESULT] 30,128,3,0.011445999,0.011060476,22782,17012,45564
[RESULT] 30,128,4,0.004817963,0.004433632,22782,17012,45564
[RESULT] 30,128,5,0.004759550,0.004383564,22782,17012,45564
[RESULT] 30,128,6,0.004715443,0.004331350,22782,17012,45564
[RESULT] 30,128,7,0.004850149,0.004462004,22782,17012,45564
[RESULT] 30,128,8,0.004710197,0.004339457,22782,17012,45564
[RESULT] 30,128,9,0.004922867,0.004545450,22782,17012,45564
[RESULT] 119,128,0,0.004252195,0.003322601,22620,16859,45240
[RESULT] 119,128,1,0.026379347,0.025451183,22620,16859,45240
[RESULT] 119,128,2,0.026387215,0.025430202,22620,16859,45240
[RESULT] 119,128,3,0.015912533,0.014940023,22620,16859,45240
[RESULT] 119,128,4,0.004843950,0.003954411,22620,16859,45240
[RESULT] 119,128,5,0.004652262,0.003770351,22620,16859,45240
[RESULT] 119,128,6,0.004697323,0.003873110,22620,16859,45240
[RESULT] 119,128,7,0.004839182,0.004015684,22620,16859,45240
[RESULT] 119,128,8,0.012820005,0.011993170,22620,16859,45240
[RESULT] 119,128,9,0.004771471,0.003947973,22620,16859,45240
[RESULT] 53,128,0,0.004728794,0.004338980,22657,16849,45314
[RESULT] 53,128,1,0.018094063,0.017737865,22657,16849,45314
[RESULT] 53,128,2,0.022665024,0.022324085,22657,16849,45314
[RESULT] 53,128,3,0.011368513,0.011025667,22657,16849,45314
[RESULT] 53,128,4,0.004734516,0.004402161,22657,16849,45314
[RESULT] 53,128,5,0.004616261,0.004293442,22657,16849,45314
[RESULT] 53,128,6,0.004655361,0.004325867,22657,16849,45314
[RESULT] 53,128,7,0.004833221,0.004499912,22657,16849,45314
[RESULT] 53,128,8,0.004556894,0.004230261,22657,16849,45314
[RESULT] 53,128,9,0.004771471,0.004431248,22657,16849,45314
[RESULT] 31,128,0,0.004550934,0.004092216,22681,16936,45362
[RESULT] 31,128,1,0.020614386,0.020232677,22681,16936,45362
[RESULT] 31,128,2,0.024481297,0.024109602,22681,16936,45362
[RESULT] 31,128,3,0.011335135,0.010951281,22681,16936,45362
[RESULT] 31,128,4,0.004803658,0.004413843,22681,16936,45362
[RESULT] 31,128,5,0.004759550,0.004381895,22681,16936,45362
[RESULT] 31,128,6,0.004688978,0.004305840,22681,16936,45362
[RESULT] 31,128,7,0.004841805,0.004446745,22681,16936,45362
[RESULT] 31,128,8,0.004701138,0.004322529,22681,16936,45362
[RESULT] 31,128,9,0.004926205,0.004539013,22681,16936,45362
[RESULT] 0,128,0,0.005201101,0.004230738,22609,16858,45218
[RESULT] 0,128,1,0.028704882,0.027729273,22609,16858,45218
[RESULT] 0,128,2,0.033252478,0.032267094,22609,16858,45218
[RESULT] 0,128,3,0.015828609,0.014880419,22609,16858,45218
[RESULT] 0,128,4,0.005467892,0.004523039,22609,16858,45218
[RESULT] 0,128,5,0.005412579,0.004485369,22609,16858,45218
[RESULT] 54,128,0,0.004685402,0.004302979,22724,16968,45448
[RESULT] 54,128,1,0.017995596,0.017640352,22724,16968,45448
[RESULT] 54,128,2,0.022548914,0.022225142,22724,16968,45448
[RESULT] 54,128,3,0.011335611,0.010999441,22724,16968,45448
[RESULT] 54,128,4,0.004684925,0.004364014,22724,16968,45448
[RESULT] 54,128,5,0.004578352,0.004276752,22724,16968,45448
[RESULT] 54,128,6,0.004612446,0.004297018,22724,16968,45448
[RESULT] 54,128,7,0.004787445,0.004470110,22724,16968,45448
[RESULT] 54,128,8,0.004533291,0.004231691,22724,16968,45448
[RESULT] 54,128,9,0.004730701,0.004410744,22724,16968,45448
[RESULT] 32,128,0,0.004575491,0.004098177,22646,16906,45292
[RESULT] 32,128,1,0.020600080,0.020216703,22646,16906,45292
[RESULT] 32,128,2,0.024453402,0.024083138,22646,16906,45292
[RESULT] 32,128,3,0.011399031,0.010998964,22646,16906,45292
[RESULT] 32,128,4,0.004822493,0.004417658,22646,16906,45292
[RESULT] 32,128,5,0.004769564,0.004373550,22646,16906,45292
[RESULT] 32,128,6,0.004704237,0.004300594,22646,16906,45292
[RESULT] 32,128,7,0.004872322,0.004461050,22646,16906,45292
[RESULT] 32,128,8,0.004723072,0.004323006,22646,16906,45292
[RESULT] 32,128,9,0.004941225,0.004537106,22646,16906,45292
[RESULT] 3,128,0,0.005122423,0.004163742,22606,16796,45212
[RESULT] 3,128,1,0.028669119,0.027709723,22606,16796,45212
[RESULT] 3,128,2,0.033219814,0.032249212,22606,16796,45212
[RESULT] 3,128,3,0.015787363,0.014858723,22606,16796,45212
[RESULT] 3,128,4,0.005440950,0.004498482,22606,16796,45212
[RESULT] 3,128,5,0.005389452,0.004463911,22606,16796,45212
[RESULT] 3,128,6,0.005273581,0.004402399,22606,16796,45212
[RESULT] 3,128,7,0.005438089,0.004535675,22606,16796,45212
[RESULT] 3,128,8,0.012753725,0.011916637,22606,16796,45212
[RESULT] 3,128,9,0.005551577,0.004626751,22606,16796,45212
[RESULT] 55,128,0,0.005156279,0.004299641,22682,16918,45364
[RESULT] 55,128,1,0.018351078,0.017595291,22682,16918,45364
[RESULT] 55,128,2,0.022922754,0.022202015,22682,16918,45364
[RESULT] 55,128,3,0.011705875,0.011002064,22682,16918,45364
[RESULT] 55,128,4,0.005029440,0.004353285,22682,16918,45364
[RESULT] 55,128,5,0.004940510,0.004280806,22682,16918,45364
[RESULT] 55,128,6,0.004937649,0.004277229,22682,16918,45364
[RESULT] 55,128,7,0.005100012,0.004450560,22682,16918,45364
[RESULT] 55,128,8,0.004848003,0.004212141,22682,16918,45364
[RESULT] 55,128,9,0.005058765,0.004403830,22682,16918,45364
[RESULT] 6,128,0,0.005098343,0.004155874,22669,16906,45338
[RESULT] 6,128,1,0.028640985,0.027711630,22669,16906,45338
[RESULT] 6,128,2,0.033201218,0.032244205,22669,16906,45338
[RESULT] 6,128,3,0.015843630,0.014856339,22669,16906,45338
[RESULT] 6,128,4,0.005449533,0.004513025,22669,16906,45338
[RESULT] 6,128,5,0.005272150,0.004347801,22669,16906,45338
[RESULT] 6,128,6,0.005259752,0.004402637,22669,16906,45338
[RESULT] 6,128,7,0.005420446,0.004533768,22669,16906,45338
[RESULT] 6,128,8,0.012769461,0.011918068,22669,16906,45338
[RESULT] 6,128,9,0.005517244,0.004620552,22669,16906,45338
[RESULT] 56,128,0,0.004714489,0.004330158,22704,16954,45408
[RESULT] 56,128,1,0.018047810,0.017707348,22704,16954,45408
[RESULT] 56,128,2,0.022549391,0.022222757,22704,16954,45408
[RESULT] 56,128,3,0.011369467,0.011033297,22704,16954,45408
[RESULT] 56,128,4,0.004740238,0.004414320,22704,16954,45408
[RESULT] 56,128,5,0.004615784,0.004291773,22704,16954,45408
[RESULT] 56,128,6,0.004675627,0.004348516,22704,16954,45408
[RESULT] 56,128,7,0.004830599,0.004503012,22704,16954,45408
[RESULT] 56,128,8,0.004555941,0.004220963,22704,16954,45408
[RESULT] 56,128,9,0.004818678,0.004453659,22704,16954,45408
[RESULT] 8,128,0,0.005106688,0.004167795,22717,16951,45434
[RESULT] 8,128,1,0.028653145,0.027721405,22717,16951,45434
[RESULT] 8,128,2,0.033209801,0.032256126,22717,16951,45434
[RESULT] 8,128,3,0.015775919,0.014857531,22717,16951,45434
[RESULT] 8,128,4,0.005421162,0.004513741,22717,16951,45434
[RESULT] 8,128,5,0.005365849,0.004467249,22717,16951,45434
[RESULT] 8,128,6,0.005270481,0.004405499,22717,16951,45434
[RESULT] 8,128,7,0.005425692,0.004543066,22717,16951,45434
[RESULT] 8,128,8,0.005216360,0.004402161,22717,16951,45434
[RESULT] 8,128,9,0.005513191,0.004621267,22717,16951,45434
[RESULT] 57,128,0,0.005139112,0.004282951,22721,16981,45442
[RESULT] 57,128,1,0.018360615,0.017616034,22721,16981,45442
[RESULT] 57,128,2,0.022907019,0.022196770,22721,16981,45442
[RESULT] 57,128,3,0.011663914,0.010977745,22721,16981,45442
[RESULT] 57,128,4,0.005004406,0.004343271,22721,16981,45442
[RESULT] 57,128,5,0.004911184,0.004260540,22721,16981,45442
[RESULT] 57,128,6,0.004890919,0.004251003,22721,16981,45442
[RESULT] 57,128,7,0.005069017,0.004432201,22721,16981,45442
[RESULT] 57,128,8,0.004840374,0.004209995,22721,16981,45442
[RESULT] 57,128,9,0.005031347,0.004385471,22721,16981,45442
[RESULT] 14,128,0,0.005068064,0.004138470,22696,16924,45392
[RESULT] 14,128,1,0.028625488,0.027704239,22696,16924,45392
[RESULT] 14,128,2,0.033190727,0.032235146,22696,16924,45392
[RESULT] 14,128,3,0.015698195,0.014793158,22696,16924,45392
[RESULT] 14,128,4,0.005398035,0.004495621,22696,16924,45392
[RESULT] 14,128,5,0.005216122,0.004320145,22696,16924,45392
[RESULT] 14,128,6,0.005242348,0.004388571,22696,16924,45392
[RESULT] 14,128,7,0.005399466,0.004528046,22696,16924,45392
[RESULT] 14,128,8,0.005190849,0.004388332,22696,16924,45392
[RESULT] 14,128,9,0.005493879,0.004612207,22696,16924,45392
[RESULT] 58,128,0,0.004534960,0.004271269,22624,16865,45248
[RESULT] 58,128,1,0.017831326,0.017609835,22624,16865,45248
[RESULT] 58,128,2,0.022854090,0.022418737,22624,16865,45248
[RESULT] 58,128,3,0.011516809,0.011043310,22624,16865,45248
[RESULT] 58,128,4,0.004840612,0.004388094,22624,16865,45248
[RESULT] 58,128,5,0.004731655,0.004281759,22624,16865,45248
[RESULT] 58,128,6,0.004760504,0.004320145,22624,16865,45248
[RESULT] 58,128,7,0.004949093,0.004505157,22624,16865,45248
[RESULT] 58,128,8,0.004691362,0.004251242,22624,16865,45248
[RESULT] 58,128,9,0.004891634,0.004437208,22624,16865,45248
[RESULT] 16,128,0,0.005059481,0.004156351,22619,16879,45238
[RESULT] 16,128,1,0.028484583,0.027605534,22619,16879,45238
[RESULT] 16,128,2,0.033025742,0.032127380,22619,16879,45238
[RESULT] 16,128,3,0.015741348,0.014807463,22619,16879,45238
[RESULT] 16,128,4,0.005381584,0.004495144,22619,16879,45238
[RESULT] 16,128,5,0.005333662,0.004459143,22619,16879,45238
[RESULT] 16,128,6,0.005234718,0.004398108,22619,16879,45238
[RESULT] 16,128,7,0.005386829,0.004534960,22619,16879,45238
[RESULT] 16,128,8,0.005137444,0.004387379,22619,16879,45238
[RESULT] 16,128,9,0.005481720,0.004618406,22619,16879,45238
[RESULT] 61,128,0,0.004551649,0.004256248,22665,16901,45330
[RESULT] 61,128,1,0.017841578,0.017589808,22665,16901,45330
[RESULT] 61,128,2,0.022941113,0.022307158,22665,16901,45330
[RESULT] 61,128,3,0.011641502,0.010962009,22665,16901,45330
[RESULT] 61,128,4,0.004956484,0.004302263,22665,16901,45330
[RESULT] 61,128,5,0.004881859,0.004235744,22665,16901,45330
[RESULT] 61,128,6,0.004861832,0.004229307,22665,16901,45330
[RESULT] 61,128,7,0.005013943,0.004390478,22665,16901,45330
[RESULT] 61,128,8,0.004793644,0.004175663,22665,16901,45330
[RESULT] 61,128,9,0.004967928,0.004341364,22665,16901,45330
[RESULT] 17,128,0,0.005101204,0.004158258,22774,17013,45548
[RESULT] 17,128,1,0.028549433,0.027600288,22774,17013,45548
[RESULT] 17,128,2,0.030797005,0.029838324,22774,17013,45548
[RESULT] 17,128,3,0.011761904,0.010896921,22774,17013,45548
[RESULT] 17,128,4,0.005413294,0.004494190,22774,17013,45548
[RESULT] 17,128,5,0.005371094,0.004461050,22774,17013,45548
[RESULT] 17,128,6,0.005241632,0.004387140,22774,17013,45548
[RESULT] 17,128,7,0.005422592,0.004529476,22774,17013,45548
[RESULT] 17,128,8,0.005171299,0.004385710,22774,17013,45548
[RESULT] 17,128,9,0.005510807,0.004616022,22774,17013,45548
[RESULT] 64,128,0,0.004737377,0.004340172,22644,16898,45288
[RESULT] 64,128,1,0.018125772,0.017765284,22644,16898,45288
[RESULT] 64,128,2,0.022660255,0.022314072,22644,16898,45288
[RESULT] 64,128,3,0.011384487,0.011038065,22644,16898,45288
[RESULT] 64,128,4,0.004711628,0.004347563,22644,16898,45288
[RESULT] 64,128,5,0.004558325,0.004209757,22644,16898,45288
[RESULT] 64,128,6,0.004688740,0.004355669,22644,16898,45288
[RESULT] 64,128,7,0.004850626,0.004513979,22644,16898,45288
[RESULT] 64,128,8,0.004571438,0.004228830,22644,16898,45288
[RESULT] 64,128,9,0.004785061,0.004439354,22644,16898,45288
[RESULT] 20,128,0,0.005074978,0.004149675,22697,16936,45394
[RESULT] 20,128,1,0.028516293,0.027596712,22697,16936,45394
[RESULT] 20,128,2,0.033053875,0.032122135,22697,16936,45394
[RESULT] 20,128,3,0.011728764,0.010886192,22697,16936,45394
[RESULT] 20,128,4,0.005373478,0.004489422,22697,16936,45394
[RESULT] 20,128,5,0.005213499,0.004332542,22697,16936,45394
[RESULT] 20,128,6,0.005212784,0.004378080,22697,16936,45394
[RESULT] 20,128,7,0.005389690,0.004529715,22697,16936,45394
[RESULT] 20,128,8,0.005166054,0.004378557,22697,16936,45394
[RESULT] 20,128,9,0.005466461,0.004605055,22697,16936,45394
[RESULT] 96,128,0,0.005407572,0.003875971,22686,16952,45372
[RESULT] 96,128,1,0.018722534,0.017848015,22686,16952,45372
[RESULT] 96,128,2,0.023413658,0.022547960,22686,16952,45372
[RESULT] 96,128,3,0.012184381,0.011197805,22686,16952,45372
[RESULT] 96,128,4,0.005349874,0.003978968,22686,16952,45372
[RESULT] 96,128,5,0.005453348,0.004065990,22686,16952,45372
[RESULT] 96,128,6,0.005108833,0.003923655,22686,16952,45372
[RESULT] 96,128,7,0.005254269,0.003964901,22686,16952,45372
[RESULT] 96,128,8,0.004820585,0.003987551,22686,16952,45372
[RESULT] 96,128,9,0.005313396,0.004060268,22686,16952,45372
[RESULT] 100,128,0,0.005324364,0.003795862,22724,16977,45448
[RESULT] 100,128,1,0.018686771,0.017817497,22724,16977,45448
[RESULT] 100,128,2,0.023333073,0.022464275,22724,16977,45448
[RESULT] 100,128,3,0.012140989,0.011151552,22724,16977,45448
[RESULT] 100,128,4,0.005491018,0.004090309,22724,16977,45448
[RESULT] 100,128,5,0.005394459,0.004025459,22724,16977,45448
[RESULT] 100,128,6,0.005204439,0.004003048,22724,16977,45448
[RESULT] 100,128,7,0.005414486,0.004151344,22724,16977,45448
[RESULT] 100,128,8,0.004932404,0.004099131,22724,16977,45448
[RESULT] 100,128,9,0.005369902,0.004110098,22724,16977,45448
[RESULT] 101,128,0,0.005318880,0.003779173,22711,16956,45422
[RESULT] 101,128,1,0.018695116,0.017848015,22711,16956,45422
[RESULT] 101,128,2,0.023295879,0.022454262,22711,16956,45422
[RESULT] 101,128,3,0.012182236,0.011183500,22711,16956,45422
[RESULT] 101,128,4,0.005455971,0.004077911,22711,16956,45422
[RESULT] 101,128,5,0.005368471,0.004004002,22711,16956,45422
[RESULT] 101,128,6,0.005217314,0.004005432,22711,16956,45422
[RESULT] 101,128,7,0.005440235,0.004163027,22711,16956,45422
[RESULT] 101,128,8,0.004899740,0.004081964,22711,16956,45422
[RESULT] 101,128,9,0.005364895,0.004114866,22711,16956,45422
[RESULT] 102,128,0,0.005333662,0.003789902,22602,16785,45204
[RESULT] 102,128,1,0.021417141,0.020564795,22602,16785,45204
[RESULT] 102,128,2,0.024420023,0.023572922,22602,16785,45204
[RESULT] 102,128,3,0.012152433,0.011151314,22602,16785,45204
[RESULT] 102,128,4,0.015282393,0.003988504,22602,16785,45204
[RESULT] 102,128,5,0.005228996,0.003863096,22602,16785,45204
[RESULT] 102,128,6,0.017744303,0.003910542,22602,16785,45204
[RESULT] 102,128,7,0.005330324,0.003994226,22602,16785,45204
[RESULT] 102,128,8,0.013010502,0.012030840,22602,16785,45204
[RESULT] 102,128,9,0.005243778,0.003971100,22602,16785,45204
[RESULT] 104,128,0,0.005232096,0.003732681,22598,16861,45196
[RESULT] 104,128,1,0.021411419,0.020563126,22598,16861,45196
[RESULT] 104,128,2,0.027789354,0.026952028,22598,16861,45196
[RESULT] 104,128,3,0.012089014,0.011130571,22598,16861,45196
[RESULT] 104,128,4,0.005451202,0.004091978,22598,16861,45196
[RESULT] 104,128,5,0.005481482,0.004148006,22598,16861,45196
[RESULT] 104,128,6,0.005149126,0.004002571,22598,16861,45196
[RESULT] 104,128,7,0.005350113,0.004090548,22598,16861,45196
[RESULT] 104,128,8,0.012983322,0.012015581,22598,16861,45196
[RESULT] 104,128,9,0.005337954,0.004119635,22598,16861,45196
[RESULT] 107,128,0,0.005115271,0.003603697,22660,16891,45320
[RESULT] 107,128,1,0.026692629,0.025833368,22660,16891,45320
[RESULT] 107,128,2,0.030146837,0.029276133,22660,16891,45320
[RESULT] 107,128,3,0.012141705,0.011141300,22660,16891,45320
[RESULT] 107,128,4,0.005463123,0.004063606,22660,16891,45320
[RESULT] 107,128,5,0.005454540,0.004102707,22660,16891,45320
[RESULT] 107,128,6,0.005211592,0.003995180,22660,16891,45320
[RESULT] 107,128,7,0.005378485,0.004087210,22660,16891,45320
[RESULT] 107,128,8,0.012983799,0.012003422,22660,16891,45320
[RESULT] 107,128,9,0.005377531,0.004106045,22660,16891,45320
[RESULT] 0,128,6,0.005290508,0.004418373,22609,16858,45218
[RESULT] 0,128,7,0.005468130,0.004555941,22609,16858,45218
[RESULT] 0,128,8,0.012793064,0.011940241,22609,16858,45218
[RESULT] 0,128,9,0.005562782,0.004644871,22609,16858,45218

Benchmark Summary
Processes: 128
Iterations: 10
Matrix NNZ: 2903837
Total execution time: 3.009 seconds
[RESULT] 4,128,0,0.005462885,0.004172564,22674,16905,45348
[RESULT] 4,128,1,0.028550386,0.027717352,22674,16905,45348
[RESULT] 4,128,2,0.033102751,0.032251358,22674,16905,45348
[RESULT] 4,128,3,0.015765190,0.014866352,22674,16905,45348
[RESULT] 4,128,4,0.005653858,0.004514456,22674,16905,45348
[RESULT] 4,128,5,0.005501270,0.004349470,22674,16905,45348
[RESULT] 4,128,6,0.005373955,0.004411221,22674,16905,45348
[RESULT] 4,128,7,0.005583048,0.004552603,22674,16905,45348
[RESULT] 4,128,8,0.012579203,0.011920929,22674,16905,45348
[RESULT] 4,128,9,0.005627394,0.004635572,22674,16905,45348
[RESULT] 5,128,0,0.005459309,0.004161596,22697,16949,45394
[RESULT] 5,128,1,0.028553247,0.027718782,22697,16949,45394
[RESULT] 5,128,2,0.033092499,0.032247782,22697,16949,45394
[RESULT] 5,128,3,0.015756369,0.014861822,22697,16949,45394
[RESULT] 5,128,4,0.005649328,0.004518747,22697,16949,45394
[RESULT] 5,128,5,0.005484343,0.004342318,22697,16949,45394
[RESULT] 5,128,6,0.005365372,0.004401684,22697,16949,45394
[RESULT] 5,128,7,0.005574703,0.004542589,22697,16949,45394
[RESULT] 5,128,8,0.012545586,0.011912346,22697,16949,45394
[RESULT] 5,128,9,0.005625963,0.004639387,22697,16949,45394
[RESULT] 9,128,0,0.005460262,0.004173040,22664,16901,45328
[RESULT] 9,128,1,0.028542757,0.027709246,22664,16901,45328
[RESULT] 9,128,2,0.033090830,0.032248020,22664,16901,45328
[RESULT] 9,128,3,0.015739679,0.014854431,22664,16901,45328
[RESULT] 9,128,4,0.005640030,0.004494190,22664,16901,45328
[RESULT] 9,128,5,0.005614996,0.004456043,22664,16901,45328
[RESULT] 9,128,6,0.005362034,0.004396439,22664,16901,45328
[RESULT] 9,128,7,0.005580902,0.004532576,22664,16901,45328
[RESULT] 9,128,8,0.004924774,0.004399776,22664,16901,45328
[RESULT] 9,128,9,0.005604744,0.004617929,22664,16901,45328
[RESULT] 12,128,0,0.005442858,0.004156590,22651,16894,45302
[RESULT] 12,128,1,0.028523684,0.027712107,22651,16894,45302
[RESULT] 12,128,2,0.033078432,0.032248735,22651,16894,45302
[RESULT] 12,128,3,0.015706539,0.014843464,22651,16894,45302
[RESULT] 12,128,4,0.005637646,0.004504442,22651,16894,45302
[RESULT] 12,128,5,0.005467415,0.004321575,22651,16894,45302
[RESULT] 12,128,6,0.005345583,0.004389763,22651,16894,45302
[RESULT] 12,128,7,0.005561829,0.004540920,22651,16894,45302
[RESULT] 12,128,8,0.004899979,0.004397869,22651,16894,45302
[RESULT] 12,128,9,0.005598068,0.004624128,22651,16894,45302
[RESULT] 13,128,0,0.005301476,0.004141092,22674,16897,45348
[RESULT] 13,128,1,0.028647184,0.027710676,22674,16897,45348
[RESULT] 13,128,2,0.033195257,0.032243013,22674,16897,45348
[RESULT] 13,128,3,0.015705109,0.014796972,22674,16897,45348
[RESULT] 13,128,4,0.005599737,0.004497051,22674,16897,45348
[RESULT] 13,128,5,0.005381584,0.004323721,22674,16897,45348
[RESULT] 13,128,6,0.005306005,0.004382849,22674,16897,45348
[RESULT] 13,128,7,0.005529165,0.004534245,22674,16897,45348
[RESULT] 13,128,8,0.005233049,0.004395962,22674,16897,45348
[RESULT] 13,128,9,0.005593538,0.004614115,22674,16897,45348
[RESULT] 15,128,0,0.005416393,0.004131794,22707,16961,45414
[RESULT] 15,128,1,0.028512955,0.027697325,22707,16961,45414
[RESULT] 15,128,2,0.033044338,0.032226801,22707,16961,45414
[RESULT] 15,128,3,0.015617371,0.014784575,22707,16961,45414
[RESULT] 15,128,4,0.005611420,0.004484177,22707,16961,45414
[RESULT] 15,128,5,0.005440474,0.004312754,22707,16961,45414
[RESULT] 15,128,6,0.005326748,0.004378796,22707,16961,45414
[RESULT] 15,128,7,0.005526066,0.004513502,22707,16961,45414
[RESULT] 15,128,8,0.004891396,0.004391909,22707,16961,45414
[RESULT] 15,128,9,0.005577564,0.004608393,22707,16961,45414
[RESULT] 18,128,0,0.005315781,0.004152536,22672,16865,45344
[RESULT] 18,128,1,0.028553486,0.027616024,22672,16865,45344
[RESULT] 18,128,2,0.033094883,0.032136440,22672,16865,45344
[RESULT] 18,128,3,0.011722565,0.010861158,22672,16865,45344
[RESULT] 18,128,4,0.005592108,0.004502296,22672,16865,45344
[RESULT] 18,128,5,0.005509377,0.004460812,22672,16865,45344
[RESULT] 18,128,6,0.005314112,0.004391432,22672,16865,45344
[RESULT] 18,128,7,0.005520821,0.004528999,22672,16865,45344
[RESULT] 18,128,8,0.005225420,0.004384756,22672,16865,45344
[RESULT] 18,128,9,0.005592108,0.004606724,22672,16865,45344
[RESULT] 19,128,0,0.005441427,0.004144192,22650,16898,45300
[RESULT] 19,128,1,0.028307199,0.027594805,22650,16898,45300
[RESULT] 19,128,2,0.032815695,0.032108307,22650,16898,45300
[RESULT] 19,128,3,0.011301041,0.010854959,22650,16898,45300
[RESULT] 19,128,4,0.005624056,0.004494905,22650,16898,45300
[RESULT] 19,128,5,0.005579948,0.004453659,22650,16898,45300
[RESULT] 19,128,6,0.005337954,0.004381895,22650,16898,45300
[RESULT] 19,128,7,0.005555153,0.004526377,22650,16898,45300
[RESULT] 19,128,8,0.004899263,0.004381180,22650,16898,45300
[RESULT] 19,128,9,0.005586624,0.004600525,22650,16898,45300
[RESULT] 7,128,0,0.005686522,0.004160643,22690,16950,45380
[RESULT] 7,128,1,0.028881311,0.027711868,22690,16950,45380
[RESULT] 7,128,2,0.033427000,0.032236099,22690,16950,45380
[RESULT] 7,128,3,0.016080618,0.014842272,22690,16950,45380
[RESULT] 7,128,4,0.005888462,0.004502535,22690,16950,45380
[RESULT] 7,128,5,0.005714893,0.004329681,22690,16950,45380
[RESULT] 7,128,6,0.005628347,0.004388094,22690,16950,45380
[RESULT] 7,128,7,0.005829573,0.004537106,22690,16950,45380
[RESULT] 7,128,8,0.005261898,0.004388332,22690,16950,45380
[RESULT] 7,128,9,0.005873203,0.004614353,22690,16950,45380
[RESULT] 10,128,0,0.005701065,0.004150629,22720,16940,45440
[RESULT] 10,128,1,0.028921127,0.027714968,22720,16940,45440
[RESULT] 10,128,2,0.033476591,0.032248974,22720,16940,45440
[RESULT] 10,128,3,0.016123533,0.014848948,22720,16940,45440
[RESULT] 10,128,4,0.005912542,0.004506826,22720,16940,45440
[RESULT] 10,128,5,0.005873203,0.004459381,22720,16940,45440
[RESULT] 10,128,6,0.005651951,0.004398584,22720,16940,45440
[RESULT] 10,128,7,0.005851269,0.004525185,22720,16940,45440
[RESULT] 10,128,8,0.005307674,0.004384756,22720,16940,45440
[RESULT] 10,128,9,0.005894184,0.004612446,22720,16940,45440
[RESULT] 21,128,0,0.005664110,0.004146576,22637,16842,45274
[RESULT] 21,128,1,0.028749704,0.027587175,22637,16842,45274
[RESULT] 21,128,2,0.033291578,0.032115936,22637,16842,45274
[RESULT] 21,128,3,0.011884451,0.010903120,22637,16842,45274
[RESULT] 21,128,4,0.005859613,0.004491091,22637,16842,45274
[RESULT] 21,128,5,0.005691290,0.004321337,22637,16842,45274
[RESULT] 21,128,6,0.005612373,0.004381657,22637,16842,45274
[RESULT] 21,128,7,0.005803585,0.004526615,22637,16842,45274
[RESULT] 21,128,8,0.005253077,0.004376650,22637,16842,45274
[RESULT] 21,128,9,0.005849123,0.004602671,22637,16842,45274
[RESULT] 23,128,0,0.005670547,0.004133701,22719,16950,45438
[RESULT] 23,128,1,0.021120071,0.020286322,22719,16950,45438
[RESULT] 23,128,2,0.024939060,0.024153471,22719,16950,45438
[RESULT] 23,128,3,0.011889219,0.010921001,22719,16950,45438
[RESULT] 23,128,4,0.005840778,0.004482269,22719,16950,45438
[RESULT] 23,128,5,0.005656719,0.004301310,22719,16950,45438
[RESULT] 23,128,6,0.005580902,0.004363775,22719,16950,45438
[RESULT] 23,128,7,0.005785227,0.004514456,22719,16950,45438
[RESULT] 23,128,8,0.005244017,0.004366159,22719,16950,45438
[RESULT] 23,128,9,0.006889105,0.004592657,22719,16950,45438
