Retrieving the matrix from '../data/Hook_1498.mtx'...
Real Matrix (Strong Scaling): Rows=1498023 | Cols=1498023 | NNZ=31207734 | Procs=1
Matrix distributed and converted to CSR
Ghost columns identified: 0 total ghost values needed
Local vector initialized (size=1498023 per process)
[RESULT] 0,1,0,0.112336397,0.000002384,31207734,0,62415468
[RESULT] 0,1,1,0.112216711,0.000001907,31207734,0,62415468
[RESULT] 0,1,2,0.112274170,0.000001907,31207734,0,62415468
[RESULT] 0,1,3,0.112151861,0.000002623,31207734,0,62415468
[RESULT] 0,1,4,0.112174034,0.000001907,31207734,0,62415468
[RESULT] 0,1,5,0.112133503,0.000002623,31207734,0,62415468
[RESULT] 0,1,6,0.112099886,0.000001907,31207734,0,62415468
[RESULT] 0,1,7,0.112314939,0.000002384,31207734,0,62415468
[RESULT] 0,1,8,0.112252712,0.000002623,31207734,0,62415468
[RESULT] 0,1,9,0.112201214,0.000002623,31207734,0,62415468

Benchmark Summary
Processes: 1
Iterations: 10
Matrix NNZ: 31207734
Total execution time: 16.986 seconds
