Retrieving the matrix from '../data/Hook_1498.mtx'...
Real Matrix (Strong Scaling): Rows=1498023 | Cols=1498023 | NNZ=31207734 | Procs=128
Matrix distributed and converted to CSR
Ghost columns identified: 229699 total ghost values needed
Local vector initialized (size=11704 per process)
[RESULT] 71,128,0,0.234106064,0.231113195,244188,231370,488376
[RESULT] 71,128,1,0.489862680,0.486622095,244188,231370,488376
[RESULT] 71,128,2,0.429917574,0.426673174,244188,231370,488376
[RESULT] 71,128,3,0.446806908,0.443663120,244188,231370,488376
[RESULT] 71,128,4,0.446180105,0.442963839,244188,231370,488376
[RESULT] 71,128,5,0.474534273,0.471327305,244188,231370,488376
[RESULT] 71,128,6,0.308920145,0.305737495,244188,231370,488376
[RESULT] 71,128,7,0.311399221,0.308150291,244188,231370,488376
[RESULT] 71,128,8,0.510031462,0.506883621,244188,231370,488376
[RESULT] 71,128,9,0.428198576,0.425338030,244188,231370,488376
[RESULT] 70,128,0,0.235883713,0.232589483,244803,231959,489606
[RESULT] 70,128,1,0.489895582,0.486635685,244803,231959,489606
[RESULT] 70,128,2,0.430323601,0.427005768,244803,231959,489606
[RESULT] 70,128,3,0.447028637,0.443755388,244803,231959,489606
[RESULT] 70,128,4,0.446481466,0.443171501,244803,231959,489606
[RESULT] 70,128,5,0.474630594,0.471348047,244803,231959,489606
[RESULT] 70,128,6,0.309374094,0.306072474,244803,231959,489606
[RESULT] 70,128,7,0.310757637,0.307501078,244803,231959,489606
[RESULT] 70,128,8,0.513557434,0.507197380,244803,231959,489606
[RESULT] 70,128,9,0.430329800,0.427226305,244803,231959,489606
[RESULT] 86,128,0,0.236153603,0.233359098,244431,231541,488862
[RESULT] 86,128,1,0.490350962,0.487542868,244431,231541,488862
[RESULT] 86,128,2,0.434751987,0.431921482,244431,231541,488862
[RESULT] 86,128,3,0.447979212,0.445178986,244431,231541,488862
[RESULT] 86,128,4,0.444449425,0.441728354,244431,231541,488862
[RESULT] 86,128,5,0.472788811,0.470054865,244431,231541,488862
[RESULT] 86,128,6,0.306447268,0.303619623,244431,231541,488862
[RESULT] 86,128,7,0.310738564,0.307901382,244431,231541,488862
[RESULT] 86,128,8,0.513446569,0.507602930,244431,231541,488862
[RESULT] 86,128,9,0.431846619,0.429007769,244431,231541,488862
[RESULT] 92,128,0,0.236173153,0.233078957,243615,230804,487230
[RESULT] 92,128,1,0.490439653,0.487363577,243615,230804,487230
[RESULT] 92,128,2,0.435195923,0.432030201,243615,230804,487230
[RESULT] 92,128,3,0.448170424,0.445107698,243615,230804,487230
[RESULT] 92,128,4,0.444303513,0.441255093,243615,230804,487230
[RESULT] 92,128,5,0.472487926,0.469469786,243615,230804,487230
[RESULT] 92,128,6,0.305397034,0.302369833,243615,230804,487230
[RESULT] 92,128,7,0.310296059,0.307258606,243615,230804,487230
[RESULT] 92,128,8,0.506254196,0.503298044,243615,230804,487230
[RESULT] 92,128,9,0.431734085,0.428708315,243615,230804,487230
[RESULT] 80,128,0,0.236725569,0.233911037,243711,230853,487422
[RESULT] 80,128,1,0.490795851,0.487992764,243711,230853,487422
[RESULT] 80,128,2,0.434726000,0.431946278,243711,230853,487422
[RESULT] 80,128,3,0.447974205,0.445218801,243711,230853,487422
[RESULT] 80,128,4,0.448404551,0.442616463,243711,230853,487422
[RESULT] 80,128,5,0.473541498,0.470752001,243711,230853,487422
[RESULT] 81,128,0,0.236518621,0.233741760,243678,230807,487356
[RESULT] 81,128,1,0.490796804,0.488033772,243678,230807,487356
[RESULT] 81,128,2,0.434799194,0.432029009,243678,230807,487356
[RESULT] 81,128,3,0.448206663,0.445420742,243678,230807,487356
[RESULT] 81,128,4,0.445453405,0.442693472,243678,230807,487356
[RESULT] 81,128,5,0.473434210,0.470645189,243678,230807,487356
[RESULT] 81,128,6,0.306592703,0.303801060,243678,230807,487356
[RESULT] 81,128,7,0.310784101,0.308001041,243678,230807,487356
[RESULT] 81,128,8,0.513513565,0.507784128,243678,230807,487356
[RESULT] 81,128,9,0.431941509,0.429180145,243678,230807,487356
[RESULT] 90,128,0,0.237059593,0.233464718,243207,230337,486414
[RESULT] 90,128,1,0.491038322,0.487458467,243207,230337,486414
[RESULT] 90,128,2,0.435659409,0.432013512,243207,230337,486414
[RESULT] 90,128,3,0.448645353,0.445036650,243207,230337,486414
[RESULT] 90,128,4,0.445046425,0.441512823,243207,230337,486414
[RESULT] 90,128,5,0.473931074,0.470355034,243207,230337,486414
[RESULT] 90,128,6,0.307137251,0.303660154,243207,230337,486414
[RESULT] 90,128,7,0.311656952,0.307983637,243207,230337,486414
[RESULT] 90,128,8,0.513873339,0.507412910,243207,230337,486414
[RESULT] 90,128,9,0.431887627,0.428427935,243207,230337,486414
[RESULT] 91,128,0,0.236281633,0.233400822,243738,230905,487476
[RESULT] 91,128,1,0.490407228,0.487547159,243738,230905,487476
[RESULT] 91,128,2,0.434838772,0.431957006,243738,230905,487476
[RESULT] 91,128,3,0.448008776,0.445139647,243738,230905,487476
[RESULT] 91,128,4,0.443956375,0.441210270,243738,230905,487476
[RESULT] 91,128,5,0.473157406,0.470296383,243738,230905,487476
[RESULT] 91,128,6,0.306612968,0.303727865,243738,230905,487476
[RESULT] 91,128,7,0.310837269,0.307977200,243738,230905,487476
[RESULT] 91,128,8,0.513266563,0.507432699,243738,230905,487476
[RESULT] 91,128,9,0.431943417,0.429065943,243738,230905,487476
[RESULT] 94,128,0,0.236768961,0.233263493,244545,231714,489090
[RESULT] 94,128,1,0.490797758,0.487318754,244545,231714,489090
[RESULT] 94,128,2,0.435015440,0.431441784,244545,231714,489090
[RESULT] 94,128,3,0.448639870,0.445129633,244545,231714,489090
[RESULT] 94,128,4,0.445009470,0.441527367,244545,231714,489090
[RESULT] 94,128,5,0.471819639,0.468624353,244545,231714,489090
[RESULT] 94,128,6,0.303689241,0.300667048,244545,231714,489090
[RESULT] 94,128,7,0.311179161,0.307643890,244545,231714,489090
[RESULT] 94,128,8,0.509608269,0.503347397,244545,231714,489090
[RESULT] 94,128,9,0.431907892,0.428483963,244545,231714,489090
[RESULT] 80,128,6,0.306684017,0.303888321,243711,230853,487422
[RESULT] 80,128,7,0.310843945,0.308054686,243711,230853,487422
[RESULT] 80,128,8,0.510503054,0.507829666,243711,230853,487422
[RESULT] 80,128,9,0.431957006,0.429160357,243711,230853,487422
[RESULT] 82,128,0,0.236635923,0.233839512,243216,230335,486432
[RESULT] 82,128,1,0.490667343,0.487892628,243216,230335,486432
[RESULT] 82,128,2,0.434849262,0.432063341,243216,230335,486432
[RESULT] 82,128,3,0.448052168,0.445275784,243216,230335,486432
[RESULT] 82,128,4,0.445450306,0.442677021,243216,230335,486432
[RESULT] 82,128,5,0.473334312,0.470540047,243216,230335,486432
[RESULT] 82,128,6,0.306457996,0.303679466,243216,230335,486432
[RESULT] 82,128,7,0.310865164,0.308071136,243216,230335,486432
[RESULT] 82,128,8,0.513469219,0.507708073,243216,230335,486432
[RESULT] 82,128,9,0.432040930,0.429260731,243216,230335,486432
[RESULT] 89,128,0,0.236080408,0.232917547,243606,230744,487212
[RESULT] 89,128,1,0.489995956,0.486906052,243606,230744,487212
[RESULT] 89,128,2,0.435114622,0.431906462,243606,230744,487212
[RESULT] 89,128,3,0.448099136,0.444969177,243606,230744,487212
[RESULT] 89,128,4,0.444009781,0.440895796,243606,230744,487212
[RESULT] 89,128,5,0.472851515,0.469784737,243606,230744,487212
[RESULT] 85,128,0,0.236261129,0.233457804,244710,231853,489420
[RESULT] 85,128,1,0.490363598,0.487554073,244710,231853,489420
[RESULT] 85,128,2,0.434772730,0.431916475,244710,231853,489420
[RESULT] 85,128,3,0.447803020,0.444966793,244710,231853,489420
[RESULT] 85,128,4,0.448196411,0.442356586,244710,231853,489420
[RESULT] 85,128,5,0.473246813,0.470421076,244710,231853,489420
[RESULT] 85,128,6,0.306449652,0.303611755,244710,231853,489420
[RESULT] 85,128,7,0.310591698,0.307745457,244710,231853,489420
[RESULT] 89,128,6,0.306597233,0.303521156,243606,230744,487212
[RESULT] 89,128,7,0.310698509,0.307523966,243606,230744,487212
[RESULT] 89,128,8,0.510126114,0.507004023,243606,230744,487212
[RESULT] 89,128,9,0.432081223,0.428985596,243606,230744,487212
[RESULT] 73,128,0,0.237165928,0.234297514,243648,230779,487296
[RESULT] 73,128,1,0.491322994,0.488482237,243648,230779,487296
[RESULT] 73,128,2,0.434902191,0.432049751,243648,230779,487296
[RESULT] 73,128,3,0.448382854,0.445525885,243648,230779,487296
[RESULT] 73,128,4,0.445808172,0.443010092,243648,230779,487296
[RESULT] 73,128,5,0.473712206,0.470861912,243648,230779,487296
[RESULT] 73,128,6,0.306661129,0.303817749,243648,230779,487296
[RESULT] 73,128,7,0.310942411,0.308091402,243648,230779,487296
[RESULT] 73,128,8,0.513627291,0.507820368,243648,230779,487296
[RESULT] 85,128,8,0.510308027,0.507574797,244710,231853,489420
[RESULT] 85,128,9,0.432132244,0.429290771,244710,231853,489420
[RESULT] 93,128,0,0.236711502,0.233211994,244446,231652,488892
[RESULT] 93,128,1,0.490918875,0.487422705,244446,231652,488892
[RESULT] 93,128,2,0.435523748,0.431926489,244446,231652,488892
[RESULT] 93,128,3,0.447387457,0.443979979,244446,231652,488892
[RESULT] 93,128,4,0.444749832,0.441344023,244446,231652,488892
[RESULT] 93,128,5,0.473535776,0.470064640,244446,231652,488892
[RESULT] 93,128,6,0.306226015,0.302853346,244446,231652,488892
[RESULT] 93,128,7,0.311300993,0.307715178,244446,231652,488892
[RESULT] 93,128,8,0.510150194,0.503903389,244446,231652,488892
[RESULT] 93,128,9,0.432184935,0.428750038,244446,231652,488892
[RESULT] 73,128,9,0.432180643,0.429327726,243648,230779,487296
[RESULT] 75,128,0,0.237144709,0.234228849,244134,231205,488268
[RESULT] 75,128,1,0.491352320,0.488467932,244134,231205,488268
[RESULT] 75,128,2,0.434880257,0.431967258,244134,231205,488268
[RESULT] 75,128,3,0.448273182,0.445374012,244134,231205,488268
[RESULT] 75,128,4,0.445626736,0.442777395,244134,231205,488268
[RESULT] 75,128,5,0.473655939,0.470758677,244134,231205,488268
[RESULT] 75,128,6,0.306679964,0.303805351,244134,231205,488268
[RESULT] 75,128,7,0.310920954,0.308032513,244134,231205,488268
[RESULT] 75,128,8,0.513726711,0.507891178,244134,231205,488268
[RESULT] 75,128,9,0.432226419,0.429339886,244134,231205,488268
[RESULT] 84,128,0,0.237050772,0.233524084,243861,231014,487722
[RESULT] 84,128,1,0.491149426,0.487600088,243861,231014,487722
[RESULT] 84,128,2,0.435628891,0.432013035,243861,231014,487722
[RESULT] 84,128,3,0.448379278,0.444812059,243861,231014,487722
[RESULT] 84,128,4,0.445876598,0.442352533,243861,231014,487722
[RESULT] 84,128,5,0.473993540,0.470426559,243861,231014,487722
[RESULT] 84,128,6,0.306890249,0.303457499,243861,231014,487722
[RESULT] 84,128,7,0.311458826,0.307805061,243861,231014,487722
[RESULT] 84,128,8,0.514040947,0.507606506,243861,231014,487722
[RESULT] 84,128,9,0.432368755,0.428856611,243861,231014,487722
[RESULT] 95,128,0,0.236577988,0.233319283,244149,231312,488298
[RESULT] 95,128,1,0.490561247,0.487246990,244149,231312,488298
[RESULT] 95,128,2,0.435666323,0.431981564,244149,231312,488298
[RESULT] 95,128,3,0.448373079,0.444694996,244149,231312,488298
[RESULT] 95,128,4,0.444867373,0.441582680,244149,231312,488298
[RESULT] 95,128,5,0.469723701,0.466306686,244149,231312,488298
[RESULT] 95,128,6,0.303299427,0.299641371,244149,231312,488298
[RESULT] 69,128,0,0.235986710,0.232748747,244254,231418,488508
[RESULT] 69,128,1,0.490029335,0.486787796,244254,231418,488508
[RESULT] 69,128,2,0.429792881,0.426574945,244254,231418,488508
[RESULT] 69,128,3,0.447159052,0.443964720,244254,231418,488508
[RESULT] 69,128,4,0.446446419,0.443197012,244254,231418,488508
[RESULT] 69,128,5,0.474796295,0.471565008,244254,231418,488508
[RESULT] 69,128,6,0.309501648,0.306256056,244254,231418,488508
[RESULT] 95,128,7,0.311437607,0.307735443,244149,231312,488298
[RESULT] 95,128,8,0.508424520,0.504667759,244149,231312,488298
[RESULT] 95,128,9,0.432349682,0.428399324,244149,231312,488298
[RESULT] 69,128,7,0.309849501,0.306756258,244254,231418,488508
[RESULT] 69,128,8,0.513633966,0.507298231,244254,231418,488508
[RESULT] 69,128,9,0.433187485,0.430046320,244254,231418,488508
[RESULT] 83,128,0,0.237594604,0.234117746,243786,230957,487572
[RESULT] 83,128,1,0.491710186,0.488227606,243786,230957,487572
[RESULT] 83,128,2,0.435607910,0.432028294,243786,230957,487572
[RESULT] 83,128,3,0.448950291,0.445435524,243786,230957,487572
[RESULT] 66,128,0,0.236008167,0.232780933,243315,230461,486630
[RESULT] 66,128,1,0.490451813,0.487145901,243315,230461,486630
[RESULT] 66,128,2,0.431296110,0.427985191,243315,230461,486630
[RESULT] 66,128,3,0.448258400,0.444977522,243315,230461,486630
[RESULT] 83,128,4,0.445965767,0.442513227,243786,230957,487572
[RESULT] 83,128,5,0.474004507,0.470499039,243786,230957,487572
[RESULT] 83,128,6,0.307117701,0.303725004,243786,230957,487572
[RESULT] 83,128,7,0.311291218,0.307689667,243786,230957,487572
[RESULT] 83,128,8,0.514031172,0.507642508,243786,230957,487572
[RESULT] 83,128,9,0.432427645,0.428998709,243786,230957,487572
[RESULT] 66,128,4,0.446211815,0.442975998,243315,230461,486630
[RESULT] 66,128,5,0.474591970,0.471368074,243315,230461,486630
[RESULT] 66,128,6,0.309313059,0.306063890,243315,230461,486630
[RESULT] 66,128,7,0.311817646,0.308528900,243315,230461,486630
[RESULT] 66,128,8,0.513571978,0.507232189,243315,230461,486630
[RESULT] 66,128,9,0.433341980,0.430121183,243315,230461,486630
[RESULT] 77,128,0,0.237734556,0.234289646,244422,231544,488844
[RESULT] 77,128,1,0.491860151,0.488426924,244422,231544,488844
[RESULT] 77,128,2,0.435498714,0.431931496,244422,231544,488844
[RESULT] 77,128,3,0.448943853,0.445483208,244422,231544,488844
[RESULT] 68,128,0,0.236905098,0.233374357,244170,231363,488340
[RESULT] 68,128,1,0.490905046,0.487303019,244170,231363,488340
[RESULT] 68,128,2,0.431750774,0.427610636,244170,231363,488340
[RESULT] 68,128,3,0.447926283,0.443637133,244170,231363,488340
[RESULT] 77,128,4,0.446191788,0.442751646,244422,231544,488844
[RESULT] 77,128,5,0.474184752,0.470742464,244422,231544,488844
[RESULT] 77,128,6,0.307171106,0.303811073,244422,231544,488844
[RESULT] 77,128,7,0.311628103,0.308082581,244422,231544,488844
[RESULT] 77,128,8,0.514190912,0.507858038,244422,231544,488844
[RESULT] 77,128,9,0.432564259,0.429174423,244422,231544,488844
[RESULT] 76,128,0,0.237730265,0.234201670,244095,231219,488190
[RESULT] 76,128,1,0.491901636,0.488427877,244095,231219,488190
[RESULT] 76,128,2,0.435668945,0.432095051,244095,231219,488190
[RESULT] 76,128,3,0.449020863,0.445481777,244095,231219,488190
[RESULT] 76,128,4,0.446193695,0.442729473,244095,231219,488190
[RESULT] 46,128,0,0.230867624,0.227583647,245184,232325,490368
[RESULT] 46,128,1,0.485643864,0.481741190,245184,232325,490368
[RESULT] 46,128,2,0.438451529,0.435164452,245184,232325,490368
[RESULT] 46,128,3,0.443019152,0.439886093,245184,232325,490368
[RESULT] 46,128,4,0.449157476,0.445935726,245184,232325,490368
[RESULT] 46,128,5,0.471966028,0.467860699,245184,232325,490368
[RESULT] 46,128,6,0.306510687,0.302170277,245184,232325,490368
[RESULT] 46,128,7,0.311232805,0.308330059,245184,232325,490368
[RESULT] 46,128,8,0.510533333,0.504080296,245184,232325,490368
[RESULT] 46,128,9,0.434122324,0.431159019,245184,232325,490368
[RESULT] 76,128,5,0.474223852,0.470713377,244095,231219,488190
[RESULT] 76,128,6,0.307236910,0.303830624,244095,231219,488190
[RESULT] 76,128,7,0.311452150,0.307828903,244095,231219,488190
[RESULT] 76,128,8,0.514188528,0.507796049,244095,231219,488190
[RESULT] 76,128,9,0.432719946,0.429305553,244095,231219,488190
[RESULT] 79,128,0,0.237703562,0.234205723,243855,230994,487710
[RESULT] 79,128,1,0.491624832,0.488128185,243855,230994,487710
[RESULT] 79,128,2,0.435343981,0.431740046,243855,230994,487710
[RESULT] 79,128,3,0.448950529,0.445424557,243855,230994,487710
[RESULT] 79,128,4,0.446102619,0.442627430,243855,230994,487710
[RESULT] 79,128,5,0.474113464,0.470593691,243855,230994,487710
[RESULT] 79,128,6,0.307155848,0.303771734,243855,230994,487710
[RESULT] 79,128,7,0.311563253,0.307964325,243855,230994,487710
[RESULT] 79,128,8,0.514266968,0.507845640,243855,230994,487710
[RESULT] 79,128,9,0.432749033,0.429326057,243855,230994,487710
[RESULT] 87,128,0,0.236876488,0.233314991,244317,231461,488634
[RESULT] 87,128,1,0.491052866,0.487486124,244317,231461,488634
[RESULT] 87,128,2,0.435447216,0.431770086,244317,231461,488634
[RESULT] 87,128,3,0.447543859,0.444041967,244317,231461,488634
[RESULT] 87,128,4,0.445613623,0.442055225,244317,231461,488634
[RESULT] 87,128,5,0.473936319,0.470386744,244317,231461,488634
[RESULT] 87,128,6,0.306399822,0.302947998,244317,231461,488634
[RESULT] 87,128,7,0.310615063,0.307034016,244317,231461,488634
[RESULT] 87,128,8,0.513976574,0.507493973,244317,231461,488634
[RESULT] 87,128,9,0.432801008,0.429278135,244317,231461,488634
[RESULT] 78,128,0,0.237640858,0.234222651,244062,231181,488124
[RESULT] 78,128,1,0.491791248,0.488404274,244062,231181,488124
[RESULT] 78,128,2,0.435344934,0.431863308,244062,231181,488124
[RESULT] 78,128,3,0.448730707,0.445281744,244062,231181,488124
[RESULT] 78,128,4,0.446083784,0.442715168,244062,231181,488124
[RESULT] 78,128,5,0.474235058,0.470813990,244062,231181,488124
[RESULT] 78,128,6,0.307121992,0.303819895,244062,231181,488124
[RESULT] 78,128,7,0.311565399,0.308074951,244062,231181,488124
[RESULT] 78,128,8,0.514177799,0.507865191,244062,231181,488124
[RESULT] 78,128,9,0.432876110,0.429562092,244062,231181,488124
[RESULT] 88,128,0,0.236606598,0.233277082,243843,230928,487686
[RESULT] 88,128,1,0.490801096,0.487478495,243843,230928,487686
[RESULT] 88,128,2,0.435909748,0.431918859,243843,230928,487686
[RESULT] 88,128,3,0.448871374,0.444751501,243843,230928,487686
[RESULT] 88,128,4,0.445137978,0.441741705,243843,230928,487686
[RESULT] 88,128,5,0.473525286,0.470253706,243843,230928,487686
[RESULT] 88,128,6,0.306761503,0.303577662,243843,230928,487686
[RESULT] 88,128,7,0.311775208,0.307718754,243843,230928,487686
[RESULT] 88,128,8,0.510710478,0.507553101,243843,230928,487686
[RESULT] 88,128,9,0.432952404,0.428882837,243843,230928,487686
[RESULT] 74,128,0,0.237822771,0.234255791,243957,231078,487914
[RESULT] 74,128,1,0.491998672,0.488457680,243957,231078,487914
[RESULT] 74,128,2,0.435840607,0.432209969,243957,231078,487914
[RESULT] 74,128,3,0.449067354,0.445473433,243957,231078,487914
[RESULT] 74,128,4,0.446304798,0.442788363,243957,231078,487914
[RESULT] 74,128,5,0.474417925,0.470876932,243957,231078,487914
[RESULT] 74,128,6,0.307393551,0.303932905,243957,231078,487914
[RESULT] 74,128,7,0.311516047,0.307831287,243957,231078,487914
[RESULT] 74,128,8,0.514343262,0.507891417,243957,231078,487914
[RESULT] 74,128,9,0.434269905,0.430930138,243957,231078,487914
[RESULT] 68,128,4,0.446880102,0.443446875,244170,231363,488340
[RESULT] 68,128,5,0.475498915,0.472018957,244170,231363,488340
[RESULT] 68,128,6,0.309614658,0.306007624,244170,231363,488340
[RESULT] 68,128,7,0.311717272,0.308215141,244170,231363,488340
[RESULT] 68,128,8,0.514667034,0.508099556,244170,231363,488340
[RESULT] 68,128,9,0.433449030,0.429870129,244170,231363,488340
[RESULT] 67,128,0,0.236369133,0.233193874,243576,230736,487152
[RESULT] 67,128,1,0.490505219,0.487313509,243576,230736,487152
[RESULT] 67,128,2,0.430871725,0.427603483,243576,230736,487152
[RESULT] 67,128,3,0.447951317,0.444682121,243576,230736,487152
[RESULT] 67,128,4,0.446729660,0.443502903,243576,230736,487152
[RESULT] 67,128,5,0.475314617,0.472104073,243576,230736,487152
[RESULT] 67,128,6,0.309226513,0.306049585,243576,230736,487152
[RESULT] 67,128,7,0.312773228,0.308412313,243576,230736,487152
[RESULT] 67,128,8,0.515875340,0.508099079,243576,230736,487152
[RESULT] 67,128,9,0.433500767,0.430393457,243576,230736,487152
[RESULT] 65,128,0,0.233358145,0.230512857,243162,230303,486324
[RESULT] 65,128,1,0.490349293,0.487146378,243162,230303,486324
[RESULT] 65,128,2,0.431118488,0.427858353,243162,230303,486324
[RESULT] 65,128,3,0.448109627,0.444904804,243162,230303,486324
[RESULT] 65,128,4,0.446333885,0.443133593,243162,230303,486324
[RESULT] 72,128,0,0.237907887,0.234323263,244152,231334,488304
[RESULT] 72,128,1,0.492047071,0.488499880,244152,231334,488304
[RESULT] 72,128,2,0.435716629,0.432024479,244152,231334,488304
[RESULT] 72,128,3,0.449127913,0.445507765,244152,231334,488304
[RESULT] 72,128,4,0.446759939,0.443307877,244152,231334,488304
[RESULT] 65,128,5,0.474255800,0.471135139,243162,230303,486324
[RESULT] 65,128,6,0.309565306,0.306363344,243162,230303,486324
[RESULT] 65,128,7,0.311637878,0.308533669,243162,230303,486324
[RESULT] 65,128,8,0.512959480,0.507015228,243162,230303,486324
[RESULT] 65,128,9,0.433571339,0.430482864,243162,230303,486324
[RESULT] 72,128,5,0.474474430,0.470905066,244152,231334,488304
[RESULT] 72,128,6,0.308371067,0.305024624,244152,231334,488304
[RESULT] 72,128,7,0.311702013,0.308006525,244152,231334,488304
[RESULT] 72,128,8,0.514450788,0.507955313,244152,231334,488304
[RESULT] 72,128,9,0.434494019,0.431154966,244152,231334,488304
[RESULT] 64,128,0,0.236165047,0.232997894,243090,230222,486180
[RESULT] 64,128,1,0.490576506,0.487323284,243090,230222,486180
[RESULT] 64,128,2,0.430972576,0.427728176,243090,230222,486180
[RESULT] 64,128,3,0.447607040,0.444446087,243090,230222,486180
[RESULT] 64,128,4,0.446716309,0.443519115,243090,230222,486180
[RESULT] 64,128,5,0.474792957,0.471655607,243090,230222,486180
[RESULT] 64,128,6,0.309642076,0.306447268,243090,230222,486180
[RESULT] 64,128,7,0.311630726,0.308388233,243090,230222,486180
[RESULT] 64,128,8,0.514471769,0.508171082,243090,230222,486180
[RESULT] 64,128,9,0.433614492,0.430480242,243090,230222,486180
[RESULT] 63,128,0,0.235964775,0.232829809,243645,230800,487290
[RESULT] 63,128,1,0.490511894,0.487301111,243645,230800,487290
[RESULT] 63,128,2,0.430901766,0.427641392,243645,230800,487290
[RESULT] 63,128,3,0.448033571,0.444865942,243645,230800,487290
[RESULT] 63,128,4,0.446408987,0.443248034,243645,230800,487290
[RESULT] 63,128,5,0.475176334,0.472049475,243645,230800,487290
[RESULT] 63,128,6,0.309777021,0.306633949,243645,230800,487290
[RESULT] 63,128,7,0.311205149,0.308199167,243645,230800,487290
[RESULT] 63,128,8,0.513970852,0.508020401,243645,230800,487290
[RESULT] 63,128,9,0.434003592,0.430932283,243645,230800,487290
[RESULT] 52,128,0,0.236015558,0.233698130,244518,231643,489036
[RESULT] 52,128,1,0.490141153,0.487854242,244518,231643,489036
[RESULT] 52,128,2,0.430457830,0.428158760,244518,231643,489036
[RESULT] 52,128,3,0.447524548,0.445240736,244518,231643,489036
[RESULT] 52,128,4,0.445880890,0.443690777,244518,231643,489036
[RESULT] 52,128,5,0.474940062,0.472702503,244518,231643,489036
[RESULT] 52,128,6,0.309249640,0.307018757,244518,231643,489036
[RESULT] 52,128,7,0.312483311,0.310222149,244518,231643,489036
[RESULT] 52,128,8,0.514057398,0.508421659,244518,231643,489036
[RESULT] 52,128,9,0.434115171,0.431701899,244518,231643,489036
[RESULT] 62,128,0,0.236624718,0.233486652,243903,231042,487806
[RESULT] 62,128,1,0.490453243,0.487311125,243903,231042,487806
[RESULT] 62,128,2,0.430815935,0.427592993,243903,231042,487806
[RESULT] 62,128,3,0.447853565,0.444712400,243903,231042,487806
[RESULT] 62,128,4,0.446470022,0.443268061,243903,231042,487806
[RESULT] 61,128,0,0.236487389,0.233349085,245151,232336,490302
[RESULT] 61,128,1,0.490300655,0.487133026,245151,232336,490302
[RESULT] 61,128,2,0.431106567,0.427901030,245151,232336,490302
[RESULT] 61,128,3,0.447858334,0.444705963,245151,232336,490302
[RESULT] 61,128,4,0.446687698,0.443535328,245151,232336,490302
[RESULT] 61,128,5,0.475185394,0.472050190,245151,232336,490302
[RESULT] 61,128,6,0.309673071,0.306514502,245151,232336,490302
[RESULT] 62,128,5,0.475085735,0.471927643,243903,231042,487806
[RESULT] 62,128,6,0.309655905,0.306464195,243903,231042,487806
[RESULT] 62,128,7,0.311485052,0.308418274,243903,231042,487806
[RESULT] 62,128,8,0.514128923,0.508127689,243903,231042,487806
[RESULT] 62,128,9,0.434221268,0.431080580,243903,231042,487806
[RESULT] 45,128,0,0.230916023,0.227619886,244656,231785,489312
[RESULT] 45,128,1,0.485666513,0.481737375,244656,231785,489312
[RESULT] 45,128,2,0.437540293,0.434548616,244656,231785,489312
[RESULT] 45,128,3,0.443912029,0.440603733,244656,231785,489312
[RESULT] 45,128,4,0.449098349,0.445882320,244656,231785,489312
[RESULT] 61,128,7,0.311588764,0.308426619,245151,232336,490302
[RESULT] 61,128,8,0.511409521,0.508238792,245151,232336,490302
[RESULT] 61,128,9,0.434233665,0.431145668,245151,232336,490302
[RESULT] 45,128,5,0.472077847,0.468116283,244656,231785,489312
[RESULT] 45,128,6,0.306469440,0.302116156,244656,231785,489312
[RESULT] 45,128,7,0.313412905,0.310433149,244656,231785,489312
[RESULT] 45,128,8,0.507692814,0.504423380,244656,231785,489312
[RESULT] 45,128,9,0.434941292,0.431852818,244656,231785,489312
[RESULT] 51,128,0,0.236494064,0.234174728,243321,230508,486642
[RESULT] 51,128,1,0.490461111,0.488185644,243321,230508,486642
[RESULT] 51,128,2,0.431262016,0.428970814,243321,230508,486642
[RESULT] 51,128,3,0.447513580,0.445250034,243321,230508,486642
[RESULT] 51,128,4,0.448869228,0.443724632,243321,230508,486642
[RESULT] 51,128,5,0.474962950,0.472729206,243321,230508,486642
[RESULT] 51,128,6,0.309329033,0.307127237,243321,230508,486642
[RESULT] 51,128,7,0.312273979,0.310068607,243321,230508,486642
[RESULT] 51,128,8,0.511056185,0.508434057,243321,230508,486642
[RESULT] 51,128,9,0.434314728,0.431888103,243321,230508,486642
[RESULT] 60,128,0,0.236690521,0.233544827,245178,232337,490356
[RESULT] 60,128,1,0.492894411,0.486802578,245178,232337,490356
[RESULT] 60,128,2,0.430828810,0.427622318,245178,232337,490356
[RESULT] 60,128,3,0.447900772,0.444771528,245178,232337,490356
[RESULT] 60,128,4,0.446389675,0.443273306,245178,232337,490356
[RESULT] 60,128,5,0.475206375,0.472079754,245178,232337,490356
[RESULT] 60,128,6,0.309772253,0.306605339,245178,232337,490356
[RESULT] 60,128,7,0.311609507,0.308447599,245178,232337,490356
[RESULT] 60,128,8,0.511380672,0.508213520,245178,232337,490356
[RESULT] 60,128,9,0.434367418,0.431258202,245178,232337,490356
[RESULT] 47,128,0,0.230430126,0.227546215,245127,232273,490254
[RESULT] 47,128,1,0.484881878,0.481734276,245127,232273,490254
[RESULT] 47,128,2,0.438223362,0.435137510,245127,232273,490254
[RESULT] 47,128,3,0.441898584,0.438831091,245127,232273,490254
[RESULT] 47,128,4,0.448288202,0.445359707,245127,232273,490254
[RESULT] 57,128,0,0.236486197,0.233240366,244266,231376,488532
[RESULT] 57,128,1,0.489945173,0.486719608,244266,231376,488532
[RESULT] 57,128,2,0.431359053,0.427985430,244266,231376,488532
[RESULT] 57,128,3,0.448111296,0.444909811,244266,231376,488532
[RESULT] 47,128,5,0.470787525,0.467705965,245127,232273,490254
[RESULT] 47,128,6,0.305144548,0.301857710,245127,232273,490254
[RESULT] 47,128,7,0.310349703,0.307390451,245127,232273,490254
[RESULT] 47,128,8,0.510322332,0.504089832,245127,232273,490254
[RESULT] 47,128,9,0.435087204,0.431982517,245127,232273,490254
[RESULT] 57,128,4,0.446815491,0.443585396,244266,231376,488532
[RESULT] 57,128,5,0.475607395,0.472410440,244266,231376,488532
[RESULT] 57,128,6,0.309997797,0.306815624,244266,231376,488532
[RESULT] 57,128,7,0.311626434,0.308527946,244266,231376,488532
[RESULT] 57,128,8,0.514223337,0.508207083,244266,231376,488532
[RESULT] 57,128,9,0.434605598,0.431480885,244266,231376,488532
[RESULT] 59,128,0,0.236884356,0.233453274,244677,231819,489354
[RESULT] 59,128,1,0.490957737,0.487443447,244677,231819,489354
[RESULT] 59,128,2,0.432368755,0.428020000,244677,231819,489354
[RESULT] 56,128,0,0.236767769,0.233315945,244593,231698,489186
[RESULT] 56,128,1,0.490807056,0.487302303,244593,231698,489186
[RESULT] 59,128,3,0.448443651,0.444930553,244677,231819,489354
[RESULT] 59,128,4,0.446949720,0.443610430,244677,231819,489354
[RESULT] 59,128,5,0.475272894,0.471899271,244677,231819,489354
[RESULT] 59,128,6,0.310111284,0.306782961,244677,231819,489354
[RESULT] 59,128,7,0.311815739,0.308349609,244677,231819,489354
[RESULT] 59,128,8,0.514707327,0.508195400,244677,231819,489354
[RESULT] 59,128,9,0.434628487,0.431280851,244677,231819,489354
[RESULT] 56,128,2,0.432472229,0.428042173,244593,231698,489186
[RESULT] 56,128,3,0.448490858,0.444997787,244593,231698,489186
[RESULT] 56,128,4,0.446895123,0.443655491,244593,231698,489186
[RESULT] 56,128,5,0.475743532,0.472470760,244593,231698,489186
[RESULT] 56,128,6,0.310157061,0.306874037,244593,231698,489186
[RESULT] 56,128,7,0.311958790,0.308548450,244593,231698,489186
[RESULT] 56,128,8,0.514492512,0.508151531,244593,231698,489186
[RESULT] 56,128,9,0.434664011,0.431366444,244593,231698,489186
[RESULT] 55,128,0,0.236736536,0.233555555,243666,230803,487332
[RESULT] 55,128,1,0.490214109,0.487012386,243666,230803,487332
[RESULT] 55,128,2,0.431329727,0.428067923,243666,230803,487332
[RESULT] 58,128,0,0.236843348,0.233531952,244506,231667,489012
[RESULT] 58,128,1,0.490721941,0.487377644,244506,231667,489012
[RESULT] 58,128,2,0.431396723,0.428018570,244506,231667,489012
[RESULT] 58,128,3,0.448121309,0.444789171,244506,231667,489012
[RESULT] 58,128,4,0.446893215,0.443590403,244506,231667,489012
[RESULT] 58,128,5,0.475575924,0.472269297,244506,231667,489012
[RESULT] 58,128,6,0.310124159,0.306803942,244506,231667,489012
[RESULT] 58,128,7,0.311792850,0.308489561,244506,231667,489012
[RESULT] 58,128,8,0.514618158,0.508275270,244506,231667,489012
[RESULT] 58,128,9,0.434790134,0.431500673,244506,231667,489012
[RESULT] 55,128,3,0.448194265,0.444991112,243666,230803,487332
[RESULT] 55,128,4,0.446733475,0.443532228,243666,230803,487332
[RESULT] 55,128,5,0.475851297,0.472641230,243666,230803,487332
[RESULT] 55,128,6,0.310100317,0.306889296,243666,230803,487332
[RESULT] 55,128,7,0.311605930,0.308514833,243666,230803,487332
[RESULT] 55,128,8,0.514645815,0.508393764,243666,230803,487332
[RESULT] 55,128,9,0.434782982,0.431639910,243666,230803,487332
[RESULT] 50,128,0,0.236952305,0.233801842,242886,230088,485772
[RESULT] 50,128,1,0.491071701,0.487859964,242886,230088,485772
[RESULT] 50,128,2,0.436523438,0.433594942,242886,230088,485772
[RESULT] 50,128,3,0.448424816,0.445257902,242886,230088,485772
[RESULT] 50,128,4,0.446897745,0.443726301,242886,230088,485772
[RESULT] 50,128,5,0.475875378,0.472692966,242886,230088,485772
[RESULT] 50,128,6,0.310245991,0.307078838,242886,230088,485772
[RESULT] 50,128,7,0.314009190,0.311104774,242886,230088,485772
[RESULT] 50,128,8,0.514515638,0.508501053,242886,230088,485772
[RESULT] 50,128,9,0.435262442,0.432180643,242886,230088,485772
[RESULT] 49,128,0,0.237075329,0.233988523,243186,230328,486372
[RESULT] 49,128,1,0.491348743,0.488199711,243186,230328,486372
[RESULT] 49,128,2,0.437046766,0.434218645,243186,230328,486372
[RESULT] 49,128,3,0.448390484,0.445307732,243186,230328,486372
[RESULT] 49,128,4,0.446823835,0.443756342,243186,230328,486372
[RESULT] 54,128,0,0.236662626,0.233432770,244209,231346,488418
[RESULT] 54,128,1,0.490511179,0.487208128,244209,231346,488418
[RESULT] 54,128,2,0.431244850,0.427996159,244209,231346,488418
[RESULT] 54,128,3,0.448089838,0.444872618,244209,231346,488418
[RESULT] 54,128,4,0.448293447,0.445173502,244209,231346,488418
[RESULT] 54,128,5,0.475731850,0.472545862,244209,231346,488418
[RESULT] 54,128,6,0.310092211,0.306850195,244209,231346,488418
[RESULT] 49,128,5,0.475911856,0.472823143,243186,230328,486372
[RESULT] 49,128,6,0.310312748,0.307214022,243186,230328,486372
[RESULT] 49,128,7,0.313311338,0.310225725,243186,230328,486372
[RESULT] 49,128,8,0.511596918,0.508458376,243186,230328,486372
[RESULT] 49,128,9,0.435405731,0.432338238,243186,230328,486372
[RESULT] 54,128,7,0.313136101,0.309914112,244209,231346,488418
[RESULT] 54,128,8,0.514693499,0.508348465,244209,231346,488418
[RESULT] 54,128,9,0.435395718,0.432218313,244209,231346,488418
[RESULT] 48,128,0,0.237357616,0.234210491,244452,231569,488904
[RESULT] 48,128,1,0.491564751,0.488368750,244452,231569,488904
[RESULT] 48,128,2,0.438396215,0.435458899,244452,231569,488904
[RESULT] 48,128,3,0.448713541,0.445505142,244452,231569,488904
[RESULT] 48,128,4,0.448296547,0.445212364,244452,231569,488904
[RESULT] 48,128,5,0.475888491,0.472742558,244452,231569,488904
[RESULT] 48,128,6,0.310330153,0.307207346,244452,231569,488904
[RESULT] 48,128,7,0.313399076,0.310269117,244452,231569,488904
[RESULT] 48,128,8,0.511600018,0.508549929,244452,231569,488904
[RESULT] 48,128,9,0.435513496,0.432396889,244452,231569,488904
[RESULT] 53,128,0,0.236729145,0.233534098,244257,231373,488514
[RESULT] 53,128,1,0.490767717,0.487517834,244257,231373,488514
[RESULT] 53,128,2,0.431186914,0.427989006,244257,231373,488514
[RESULT] 53,128,3,0.449498892,0.446484566,244257,231373,488514
[RESULT] 53,128,4,0.447896719,0.444785357,244257,231373,488514
[RESULT] 53,128,5,0.478425503,0.472581625,244257,231373,488514
[RESULT] 53,128,6,0.310186148,0.307027578,244257,231373,488514
[RESULT] 53,128,7,0.314163446,0.311086178,244257,231373,488514
[RESULT] 53,128,8,0.511689425,0.508477688,244257,231373,488514
[RESULT] 53,128,9,0.435809374,0.432268381,244257,231373,488514
[RESULT] 44,128,0,0.232636929,0.229542494,244509,231620,489018
[RESULT] 44,128,1,0.484861374,0.481699705,244509,231620,489018
[RESULT] 44,128,2,0.440539360,0.437134027,244509,231620,489018
[RESULT] 44,128,3,0.443753004,0.440657377,244509,231620,489018
[RESULT] 44,128,4,0.449811935,0.445611477,244509,231620,489018
[RESULT] 44,128,5,0.474486589,0.468086958,244509,231620,489018
[RESULT] 44,128,6,0.308686018,0.302184343,244509,231620,489018
[RESULT] 44,128,7,0.314661741,0.310251236,244509,231620,489018
[RESULT] 44,128,8,0.510626316,0.504410982,244509,231620,489018
[RESULT] 44,128,9,0.436216354,0.432980776,244509,231620,489018
[RESULT] 35,128,0,0.232992649,0.229715347,242826,230035,485652
[RESULT] 35,128,1,0.484504700,0.481177092,242826,230035,485652
[RESULT] 35,128,2,0.441073179,0.437623501,242826,230035,485652
[RESULT] 35,128,3,0.449951649,0.443408489,242826,230035,485652
[RESULT] 35,128,4,0.644789696,0.641600609,242826,230035,485652
[RESULT] 35,128,5,0.471097231,0.467934608,242826,230035,485652
[RESULT] 35,128,6,0.305365086,0.302061081,242826,230035,485652
[RESULT] 35,128,7,0.318132639,0.314867973,242826,230035,485652
[RESULT] 35,128,8,0.506375313,0.503248930,242826,230035,485652
[RESULT] 35,128,9,0.437275648,0.433917999,242826,230035,485652
[RESULT] 36,128,0,0.236113548,0.229616880,243055,230247,486110
[RESULT] 36,128,1,0.485720396,0.481189728,243055,230247,486110
[RESULT] 36,128,2,0.443521261,0.437493086,243055,230247,486110
[RESULT] 36,128,3,0.451248884,0.442987442,243055,230247,486110
[RESULT] 36,128,4,0.644730330,0.641586542,243055,230247,486110
[RESULT] 36,128,5,0.474487305,0.468085051,243055,230247,486110
[RESULT] 36,128,6,0.305320978,0.302042484,243055,230247,486110
[RESULT] 36,128,7,0.317561150,0.314368963,243055,230247,486110
[RESULT] 36,128,8,0.510776758,0.504254341,243055,230247,486110
[RESULT] 36,128,9,0.437339544,0.433933020,243055,230247,486110
[RESULT] 33,128,0,0.232964754,0.229730844,243211,230296,486422
[RESULT] 33,128,1,0.485084057,0.481803656,243211,230296,486422
[RESULT] 33,128,2,0.441084146,0.437702179,243211,230296,486422
[RESULT] 33,128,3,0.446439266,0.443343878,243211,230296,486422
[RESULT] 33,128,4,0.644722223,0.641587734,243211,230296,486422
[RESULT] 33,128,5,0.470057964,0.466819286,243211,230296,486422
[RESULT] 33,128,6,0.305142879,0.301870346,243211,230296,486422
[RESULT] 33,128,7,0.356335402,0.353379250,243211,230296,486422
[RESULT] 33,128,8,0.509325266,0.502950668,243211,230296,486422
[RESULT] 33,128,9,0.437588453,0.434227228,243211,230296,486422
[RESULT] 27,128,0,0.232850790,0.229555368,244741,231871,489482
[RESULT] 27,128,1,0.485458136,0.482097864,244741,231871,489482
[RESULT] 27,128,2,0.441197157,0.437776089,244741,231871,489482
[RESULT] 27,128,3,0.446144342,0.443011999,244741,231871,489482
[RESULT] 27,128,4,0.648219585,0.641857147,244741,231871,489482
[RESULT] 27,128,5,0.470233917,0.466914892,244741,231871,489482
[RESULT] 27,128,6,0.304743528,0.301211596,244741,231871,489482
[RESULT] 27,128,7,0.319400549,0.316021681,244741,231871,489482
[RESULT] 27,128,8,0.506223679,0.503043652,244741,231871,489482
[RESULT] 27,128,9,0.437939882,0.434507608,244741,231871,489482
[RESULT] 127,128,0,0.244778872,0.241622925,243336,230472,486672
[RESULT] 127,128,1,0.450083733,0.447051764,243336,230472,486672
[RESULT] 127,128,2,0.440833092,0.437435865,243336,230472,486672
[RESULT] 127,128,3,0.452070951,0.448967934,243336,230472,486672
[RESULT] 127,128,4,0.633019924,0.629955530,243336,230472,486672
[RESULT] 127,128,5,0.438849926,0.435822725,243336,230472,486672
[RESULT] 127,128,6,0.304260492,0.300837517,243336,230472,486672
[RESULT] 127,128,7,0.319416046,0.316189051,243336,230472,486672
[RESULT] 127,128,8,0.517529964,0.511260271,243336,230472,486672
[RESULT] 127,128,9,0.438025475,0.434660435,243336,230472,486672
[RESULT] 40,128,0,0.239487886,0.229593039,243486,230628,486972
[RESULT] 40,128,1,0.488009453,0.481140852,243486,230628,486972
[RESULT] 40,128,2,0.443889856,0.437027693,243486,230628,486972
[RESULT] 40,128,3,0.453399181,0.443290472,243486,230628,486972
[RESULT] 40,128,4,0.452043056,0.446146965,243486,230628,486972
[RESULT] 40,128,5,0.476730347,0.468218803,243486,230628,486972
[RESULT] 40,128,6,0.306578159,0.302129030,243486,230628,486972
[RESULT] 40,128,7,0.315626860,0.312231541,243486,230628,486972
[RESULT] 40,128,8,0.510732412,0.504245281,243486,230628,486972
[RESULT] 40,128,9,0.438042641,0.433793306,243486,230628,486972
[RESULT] 24,128,0,0.232925892,0.229679346,243652,230823,487304
[RESULT] 24,128,1,0.485657930,0.482338905,243652,230823,487304
[RESULT] 24,128,2,0.441437006,0.438058376,243652,230823,487304
[RESULT] 24,128,3,0.449162960,0.446089983,243652,230823,487304
[RESULT] 24,128,4,0.645137310,0.641951084,243652,230823,487304
[RESULT] 124,128,0,0.244871140,0.241670132,243417,230666,486834
[RESULT] 124,128,1,0.450479746,0.447361469,243417,230666,486834
[RESULT] 124,128,2,0.441894770,0.438567162,243417,230666,486834
[RESULT] 124,128,3,0.452710152,0.449586153,243417,230666,486834
[RESULT] 124,128,4,0.638219833,0.631884098,243417,230666,486834
[RESULT] 124,128,5,0.438914776,0.435894728,243417,230666,486834
[RESULT] 124,128,6,0.304368019,0.300918341,243417,230666,486834
[RESULT] 124,128,7,0.319418430,0.316144943,243417,230666,486834
[RESULT] 124,128,8,0.514442444,0.511366844,243417,230666,486834
[RESULT] 125,128,0,0.244785547,0.241640091,243153,230340,486306
[RESULT] 125,128,1,0.450374603,0.447405577,243153,230340,486306
[RESULT] 125,128,2,0.440776587,0.437453032,243153,230340,486306
[RESULT] 125,128,3,0.452330828,0.449246883,243153,230340,486306
[RESULT] 125,128,4,0.633082390,0.630023003,243153,230340,486306
[RESULT] 125,128,5,0.438737869,0.435784817,243153,230340,486306
[RESULT] 125,128,6,0.304384708,0.300988197,243153,230340,486306
[RESULT] 125,128,7,0.319749832,0.316575289,243153,230340,486306
[RESULT] 125,128,8,0.517551661,0.511324406,243153,230340,486306
[RESULT] 125,128,9,0.438190222,0.434883595,243153,230340,486306
[RESULT] 24,128,5,0.472153902,0.468932390,243652,230823,487304
[RESULT] 24,128,6,0.307844877,0.304767370,243652,230823,487304
[RESULT] 24,128,7,0.320035934,0.316746712,243652,230823,487304
[RESULT] 24,128,8,0.507653952,0.504475117,243652,230823,487304
[RESULT] 24,128,9,0.438204288,0.434826136,243652,230823,487304
[RESULT] 124,128,9,0.438166380,0.434777975,243417,230666,486834
[RESULT] 38,128,0,0.233219385,0.229366779,243798,230906,487596
[RESULT] 38,128,1,0.485162735,0.481149912,243798,230906,487596
[RESULT] 38,128,2,0.441826582,0.437729597,243798,230906,487596
[RESULT] 38,128,3,0.446006775,0.442479134,243798,230906,487596
[RESULT] 38,128,4,0.449477911,0.446255684,243798,230906,487596
[RESULT] 38,128,5,0.472169399,0.468107700,243798,230906,487596
[RESULT] 38,128,6,0.306560755,0.302165985,243798,230906,487596
[RESULT] 38,128,7,0.318358183,0.314786673,243798,230906,487596
[RESULT] 38,128,8,0.514716148,0.508347034,243798,230906,487596
[RESULT] 38,128,9,0.438224554,0.433997869,243798,230906,487596
[RESULT] 123,128,0,0.244914770,0.241664171,243705,230922,487410
[RESULT] 123,128,1,0.450583220,0.447425604,243705,230922,487410
[RESULT] 123,128,2,0.441063404,0.437597513,243705,230922,487410
[RESULT] 123,128,3,0.452849388,0.449676991,243705,230922,487410
[RESULT] 123,128,4,0.638715744,0.631979942,243705,230922,487410
[RESULT] 123,128,5,0.438996792,0.435920238,243705,230922,487410
[RESULT] 123,128,6,0.304677963,0.301132917,243705,230922,487410
[RESULT] 123,128,7,0.319624662,0.316334963,243705,230922,487410
[RESULT] 123,128,8,0.514574051,0.511440992,243705,230922,487410
[RESULT] 123,128,9,0.438301086,0.434853792,243705,230922,487410
[RESULT] 34,128,0,0.233317614,0.229452133,242858,229992,485716
[RESULT] 34,128,1,0.485765934,0.481735468,242858,229992,485716
[RESULT] 34,128,2,0.442064524,0.438045740,242858,229992,485716
[RESULT] 34,128,3,0.445598841,0.442132235,242858,229992,485716
[RESULT] 34,128,4,0.644854307,0.641579151,242858,229992,485716
[RESULT] 34,128,5,0.472104549,0.467929840,242858,229992,485716
[RESULT] 34,128,6,0.306462526,0.302011251,242858,229992,485716
[RESULT] 34,128,7,0.317432165,0.313912392,242858,229992,485716
[RESULT] 34,128,8,0.509990215,0.503145456,242858,229992,485716
[RESULT] 34,128,9,0.438903570,0.434543133,242858,229992,485716
[RESULT] 28,128,0,0.233546019,0.229670763,244529,231662,489058
[RESULT] 28,128,1,0.486091852,0.482024670,244529,231662,489058
[RESULT] 28,128,2,0.441906214,0.437835932,244529,231662,489058
[RESULT] 28,128,3,0.447005510,0.443536758,244529,231662,489058
[RESULT] 28,128,4,0.648382664,0.641867161,244529,231662,489058
[RESULT] 28,128,5,0.471602917,0.466878891,244529,231662,489058
[RESULT] 28,128,6,0.306211948,0.301248074,244529,231662,489058
[RESULT] 28,128,7,0.319533110,0.316001654,244529,231662,489058
[RESULT] 28,128,8,0.506806374,0.503034115,244529,231662,489058
[RESULT] 28,128,9,0.438937426,0.434569359,244529,231662,489058
[RESULT] 30,128,0,0.233237982,0.229436636,243286,230444,486572
[RESULT] 30,128,1,0.486248493,0.482336283,243286,230444,486572
[RESULT] 30,128,2,0.441760063,0.437761545,243286,230444,486572
[RESULT] 30,128,3,0.446976900,0.443596125,243286,230444,486572
[RESULT] 30,128,4,0.644852638,0.641645670,243286,230444,486572
[RESULT] 30,128,5,0.471451998,0.466834068,243286,230444,486572
[RESULT] 30,128,6,0.306168318,0.301344395,243286,230444,486572
[RESULT] 30,128,7,0.317579985,0.314139605,243286,230444,486572
[RESULT] 30,128,8,0.509804726,0.503014088,243286,230444,486572
[RESULT] 30,128,9,0.439028502,0.434756279,243286,230444,486572
[RESULT] 32,128,0,0.233325243,0.229455709,243207,230337,486414
[RESULT] 32,128,1,0.486221313,0.482255459,243207,230337,486414
[RESULT] 32,128,2,0.441743374,0.437717199,243207,230337,486414
[RESULT] 32,128,3,0.446892500,0.443465948,243207,230337,486414
[RESULT] 32,128,4,0.644867659,0.641618729,243207,230337,486414
[RESULT] 32,128,5,0.471524477,0.466856480,243207,230337,486414
[RESULT] 32,128,6,0.306130886,0.301219225,243207,230337,486414
[RESULT] 32,128,7,0.317027092,0.313614607,243207,230337,486414
[RESULT] 32,128,8,0.509832859,0.502985477,243207,230337,486414
[RESULT] 32,128,9,0.439122915,0.434779406,243207,230337,486414
[RESULT] 41,128,0,0.233458042,0.229536533,243243,230425,486486
[RESULT] 41,128,1,0.485123158,0.481094360,243243,230425,486486
[RESULT] 41,128,2,0.440738678,0.436766624,243243,230425,486486
[RESULT] 41,128,3,0.444864035,0.441342592,243243,230425,486486
[RESULT] 41,128,4,0.449253798,0.445938587,243243,230425,486486
[RESULT] 41,128,5,0.472226858,0.468101740,243243,230425,486486
[RESULT] 41,128,6,0.306663036,0.302187681,243243,230425,486486
[RESULT] 41,128,7,0.317003250,0.313450813,243243,230425,486486
[RESULT] 41,128,8,0.510937214,0.504373312,243243,230425,486486
[RESULT] 41,128,9,0.439224243,0.434753656,243243,230425,486486
[RESULT] 25,128,0,0.233459711,0.229470253,244289,231498,488578
[RESULT] 25,128,1,0.486301422,0.482145071,244289,231498,488578
[RESULT] 25,128,2,0.441981316,0.437836409,244289,231498,488578
[RESULT] 25,128,3,0.449610233,0.446351767,244289,231498,488578
[RESULT] 25,128,4,0.648572206,0.642000675,244289,231498,488578
[RESULT] 25,128,5,0.472625017,0.468509912,244289,231498,488578
[RESULT] 25,128,6,0.308449984,0.304566860,244289,231498,488578
[RESULT] 25,128,7,0.319880247,0.316323519,244289,231498,488578
[RESULT] 25,128,8,0.508030415,0.504465818,244289,231498,488578
[RESULT] 25,128,9,0.439324379,0.434878826,244289,231498,488578
[RESULT] 26,128,0,0.233597994,0.229674816,243471,230617,486942
[RESULT] 26,128,1,0.486446142,0.482435226,243471,230617,486942
[RESULT] 26,128,2,0.441915512,0.437813044,243471,230617,486942
[RESULT] 26,128,3,0.447210312,0.443758726,243471,230617,486942
[RESULT] 26,128,4,0.645173550,0.641852379,243471,230617,486942
[RESULT] 26,128,5,0.471653223,0.466903687,243471,230617,486942
[RESULT] 26,128,6,0.306288004,0.301265717,243471,230617,486942
[RESULT] 26,128,7,0.321486473,0.316010475,243471,230617,486942
[RESULT] 26,128,8,0.515019178,0.504524231,243471,230617,486942
[RESULT] 26,128,9,0.440786600,0.435024738,243471,230617,486942
[RESULT] 39,128,0,0.235838413,0.229372263,244056,231190,488112
[RESULT] 39,128,1,0.487987280,0.481122494,244056,231190,488112
[RESULT] 39,128,2,0.444290876,0.437101841,244056,231190,488112
[RESULT] 39,128,3,0.449817896,0.443350792,244056,231190,488112
[RESULT] 39,128,4,0.452422380,0.446496964,244056,231190,488112
[RESULT] 39,128,5,0.474747419,0.468088150,244056,231190,488112
[RESULT] 39,128,6,0.309476614,0.302186966,244056,231190,488112
[RESULT] 39,128,7,0.319991827,0.313118458,244056,231190,488112
[RESULT] 39,128,8,0.514541864,0.504443407,244056,231190,488112
[RESULT] 39,128,9,0.441401720,0.434134007,244056,231190,488112
[RESULT] 31,128,0,0.233547688,0.229706049,243524,230673,487048
[RESULT] 31,128,1,0.487321377,0.482018471,243524,230673,487048
[RESULT] 31,128,2,0.444763422,0.437946558,243524,230673,487048
[RESULT] 31,128,3,0.449542046,0.443469286,243524,230673,487048
[RESULT] 31,128,4,0.647347212,0.641616344,243524,230673,487048
[RESULT] 31,128,5,0.473917723,0.466833115,243524,230673,487048
[RESULT] 31,128,6,0.308872461,0.301231146,243524,230673,487048
[RESULT] 31,128,7,0.320530176,0.313950777,243524,230673,487048
[RESULT] 31,128,8,0.509290934,0.502992868,243524,230673,487048
[RESULT] 31,128,9,0.441485643,0.434461117,243524,230673,487048
[RESULT] 29,128,0,0.235845804,0.229424477,244284,231434,488568
[RESULT] 29,128,1,0.488714695,0.482172728,244284,231434,488568
[RESULT] 29,128,2,0.444716692,0.437791824,244284,231434,488568
[RESULT] 29,128,3,0.449416876,0.443238020,244284,231434,488568
[RESULT] 29,128,4,0.647670031,0.641855001,244284,231434,488568
[RESULT] 29,128,5,0.474058628,0.466881275,244284,231434,488568
[RESULT] 29,128,6,0.308963299,0.301284790,244284,231434,488568
[RESULT] 29,128,7,0.322758913,0.316156626,244284,231434,488568
[RESULT] 29,128,8,0.509469986,0.503031254,244284,231434,488568
[RESULT] 29,128,9,0.441817045,0.434731007,244284,231434,488568
[RESULT] 126,128,0,0.247390985,0.241628885,243120,230255,486240
[RESULT] 126,128,1,0.452687979,0.447131872,243120,230255,486240
[RESULT] 126,128,2,0.444656849,0.437721014,243120,230255,486240
[RESULT] 126,128,3,0.455181360,0.449486494,243120,230255,486240
[RESULT] 126,128,4,0.637577295,0.631933928,243120,230255,486240
[RESULT] 126,128,5,0.441304684,0.435772896,243120,230255,486240
[RESULT] 126,128,6,0.308557749,0.300825119,243120,230255,486240
[RESULT] 126,128,7,0.322644234,0.316097260,243120,230255,486240
[RESULT] 126,128,8,0.520968199,0.511310816,243120,230255,486240
[RESULT] 126,128,9,0.441826344,0.434672356,243120,230255,486240
[RESULT] 37,128,0,0.236104250,0.229707003,243335,230500,486670
[RESULT] 37,128,1,0.487979889,0.481162786,243335,230500,486670
[RESULT] 37,128,2,0.444377899,0.437231064,243335,230500,486670
[RESULT] 37,128,3,0.448821783,0.442450047,243335,230500,486670
[RESULT] 37,128,4,0.647482395,0.641538143,243335,230500,486670
[RESULT] 37,128,5,0.474711180,0.468085051,243335,230500,486670
[RESULT] 37,128,6,0.309441328,0.302197456,243335,230500,486670
[RESULT] 37,128,7,0.321511984,0.314668179,243335,230500,486670
[RESULT] 37,128,8,0.514580488,0.504455090,243335,230500,486670
[RESULT] 37,128,9,0.441892385,0.434603214,243335,230500,486670
[RESULT] 43,128,0,0.236293077,0.229702950,243960,231146,487920
[RESULT] 43,128,1,0.488129616,0.481074333,243960,231146,487920
[RESULT] 43,128,2,0.444298267,0.436873436,243960,231146,487920
[RESULT] 43,128,3,0.449457884,0.442819357,243960,231146,487920
[RESULT] 43,128,4,0.452180862,0.446004629,243960,231146,487920
[RESULT] 43,128,5,0.474901915,0.468096018,243960,231146,487920
[RESULT] 43,128,6,0.309676170,0.302134991,243960,231146,487920
[RESULT] 43,128,7,0.318361759,0.311652184,243960,231146,487920
[RESULT] 43,128,8,0.514728785,0.504423857,243960,231146,487920
[RESULT] 43,128,9,0.441929340,0.434400082,243960,231146,487920
[RESULT] 42,128,0,0.236093760,0.229578257,243315,230504,486630
[RESULT] 42,128,1,0.488074541,0.481082678,243315,230504,486630
[RESULT] 42,128,2,0.444428921,0.437071800,243315,230504,486630
[RESULT] 42,128,3,0.446645737,0.440136671,243315,230504,486630
[RESULT] 42,128,4,0.452499151,0.446405172,243315,230504,486630
[RESULT] 42,128,5,0.475000620,0.468238354,243315,230504,486630
[RESULT] 42,128,6,0.309581518,0.302159309,243315,230504,486630
[RESULT] 42,128,7,0.320188284,0.313226223,243315,230504,486630
[RESULT] 42,128,8,0.514636993,0.504400969,243315,230504,486630
[RESULT] 42,128,9,0.441963434,0.434560299,243315,230504,486630
[RESULT] 120,128,0,0.247884035,0.241746187,242844,230026,485688
[RESULT] 120,128,1,0.454540253,0.448654890,242844,230026,485688
[RESULT] 120,128,2,0.445710897,0.438659191,242844,230026,485688
[RESULT] 120,128,3,0.456049919,0.450061083,242844,230026,485688
[RESULT] 120,128,4,0.636113644,0.630117655,242844,230026,485688
[RESULT] 120,128,5,0.442790747,0.436992645,242844,230026,485688
[RESULT] 120,128,6,0.311424732,0.304421902,242844,230026,485688
[RESULT] 120,128,7,0.323648930,0.316989422,242844,230026,485688
[RESULT] 120,128,8,0.521570683,0.511654615,242844,230026,485688
[RESULT] 120,128,9,0.442386866,0.435071468,242844,230026,485688
[RESULT] 121,128,0,0.247890949,0.241717339,243477,230662,486954
[RESULT] 121,128,1,0.454235792,0.448261023,243477,230662,486954
[RESULT] 121,128,2,0.445004702,0.437657356,243477,230662,486954
[RESULT] 121,128,3,0.455605507,0.449587345,243477,230662,486954
[RESULT] 121,128,4,0.451315403,0.445006847,243477,230662,486954
[RESULT] 121,128,5,0.441774607,0.435976744,243477,230662,486954
[RESULT] 121,128,6,0.309389830,0.301337242,243477,230662,486954
[RESULT] 121,128,7,0.323604822,0.316829681,243477,230662,486954
[RESULT] 121,128,8,0.521578789,0.511548758,243477,230662,486954
[RESULT] 121,128,9,0.442477465,0.435048819,243477,230662,486954
[RESULT] 122,128,0,0.247864485,0.241700649,244173,231385,488346
[RESULT] 122,128,1,0.453984737,0.448031902,244173,231385,488346
[RESULT] 122,128,2,0.445715904,0.438622475,244173,231385,488346
[RESULT] 122,128,3,0.455917120,0.449900389,244173,231385,488346
[RESULT] 122,128,4,0.636016607,0.630000353,244173,231385,488346
[RESULT] 122,128,5,0.442727089,0.436891079,244173,231385,488346
[RESULT] 122,128,6,0.311333895,0.304208517,244173,231385,488346
[RESULT] 122,128,7,0.323781490,0.317070961,244173,231385,488346
[RESULT] 122,128,8,0.521524906,0.511540413,244173,231385,488346
[RESULT] 122,128,9,0.442631960,0.435214996,244173,231385,488346
[RESULT] 108,128,0,0.247592449,0.241719961,245025,232129,490050
[RESULT] 108,128,1,0.452054501,0.446942329,245025,232129,490050
[RESULT] 108,128,2,0.449779987,0.436621428,245025,232129,490050
[RESULT] 108,128,3,0.462471247,0.449264526,245025,232129,490050
[RESULT] 108,128,4,0.450071812,0.441093445,245025,232129,490050
[RESULT] 108,128,5,0.443261147,0.436900139,245025,232129,490050
[RESULT] 108,128,6,0.312778473,0.299526691,245025,232129,490050
[RESULT] 108,128,7,0.330789089,0.318219662,245025,232129,490050
[RESULT] 108,128,8,0.525928020,0.512828827,245025,232129,490050
[RESULT] 108,128,9,0.445790768,0.431212902,245025,232129,490050
[RESULT] 113,128,0,0.247545719,0.241652250,243279,230405,486558
[RESULT] 113,128,1,0.452085972,0.446955681,243279,230405,486558
[RESULT] 113,128,2,0.448710680,0.435918570,243279,230405,486558
[RESULT] 113,128,3,0.462939739,0.449805975,243279,230405,486558
[RESULT] 113,128,4,0.450040340,0.440798759,243279,230405,486558
[RESULT] 113,128,5,0.442664146,0.436514616,243279,230405,486558
[RESULT] 113,128,6,0.312772036,0.299479246,243279,230405,486558
[RESULT] 113,128,7,0.330381632,0.317522764,243279,230405,486558
[RESULT] 113,128,8,0.525754690,0.512625217,243279,230405,486558
[RESULT] 113,128,9,0.446110249,0.431573629,243279,230405,486558
[RESULT] 103,128,0,0.247642756,0.241754293,244083,231172,488166
[RESULT] 103,128,1,0.488248587,0.481561422,244083,231172,488166
[RESULT] 103,128,2,0.451647520,0.437818289,244083,231172,488166
[RESULT] 103,128,3,0.463321447,0.449698448,244083,231172,488166
[RESULT] 103,128,4,0.450426579,0.442578793,244083,231172,488166
[RESULT] 103,128,5,0.443622351,0.437159061,244083,231172,488166
[RESULT] 103,128,6,0.314135075,0.300290823,244083,231172,488166
[RESULT] 103,128,7,0.334305525,0.329253197,244083,231172,488166
[RESULT] 103,128,8,0.525711775,0.511831284,244083,231172,488166
[RESULT] 103,128,9,0.446466684,0.431786299,244083,231172,488166
[RESULT] 14,128,0,0.232104540,0.226281404,243756,230853,487512
[RESULT] 14,128,1,0.488071442,0.481713533,243756,230853,487512
[RESULT] 14,128,2,0.450921297,0.437905788,243756,230853,487512
[RESULT] 14,128,3,0.461336136,0.447149992,243756,230853,487512
[RESULT] 14,128,4,0.648957968,0.641835451,243756,230853,487512
[RESULT] 14,128,5,0.474475861,0.466982126,243756,230853,487512
[RESULT] 14,128,6,0.314653158,0.301356554,243756,230853,487512
[RESULT] 14,128,7,0.328136444,0.315498829,243756,230853,487512
[RESULT] 14,128,8,0.524538279,0.510534763,243756,230853,487512
[RESULT] 14,128,9,0.447418451,0.433578730,243756,230853,487512
[RESULT] 23,128,0,0.233555079,0.227516174,245001,232095,490002
[RESULT] 23,128,1,0.488011122,0.481374741,245001,232095,490002
[RESULT] 23,128,2,0.449941635,0.436722279,245001,232095,490002
[RESULT] 23,128,3,0.446698189,0.442933559,245001,232095,490002
[RESULT] 23,128,4,0.648882151,0.641641140,245001,232095,490002
[RESULT] 23,128,5,0.474558353,0.466931820,245001,232095,490002
[RESULT] 23,128,6,0.314631224,0.301055908,245001,232095,490002
[RESULT] 23,128,7,0.327306986,0.314881325,245001,232095,490002
[RESULT] 23,128,8,0.522256613,0.508435011,245001,232095,490002
[RESULT] 23,128,9,0.447632790,0.433444977,245001,232095,490002
[RESULT] 21,128,0,0.233586311,0.227626562,243994,231136,487988
[RESULT] 21,128,1,0.488042355,0.481462479,243994,231136,487988
[RESULT] 21,128,2,0.449222565,0.436372042,243994,231136,487988
[RESULT] 21,128,3,0.460614443,0.446127653,243994,231136,487988
[RESULT] 21,128,4,0.648966789,0.641729116,243994,231136,487988
[RESULT] 21,128,5,0.474643230,0.466964245,243994,231136,487988
[RESULT] 21,128,6,0.314717293,0.301205635,243994,231136,487988
[RESULT] 21,128,7,0.328235865,0.315382957,243994,231136,487988
[RESULT] 21,128,8,0.523163557,0.509129763,243994,231136,487988
[RESULT] 21,128,9,0.447823524,0.433792830,243994,231136,487988
[RESULT] 102,128,0,0.247634172,0.241791248,243324,230463,486648
[RESULT] 102,128,1,0.488654613,0.482126474,243324,230463,486648
[RESULT] 102,128,2,0.451909304,0.438507557,243324,230463,486648
[RESULT] 102,128,3,0.463099241,0.449933767,243324,230463,486648
[RESULT] 102,128,4,0.450288057,0.442350864,243324,230463,486648
[RESULT] 102,128,5,0.443652153,0.437260628,243324,230463,486648
[RESULT] 102,128,6,0.314638376,0.300847054,243324,230463,486648
[RESULT] 102,128,7,0.330375671,0.317368746,243324,230463,486648
[RESULT] 102,128,8,0.525495291,0.512037516,243324,230463,486648
[RESULT] 102,128,9,0.448304892,0.433857441,243324,230463,486648
[RESULT] 106,128,0,0.254863024,0.249204874,243891,231029,487782
[RESULT] 106,128,1,0.489583969,0.480643034,243891,231029,487782
[RESULT] 106,128,2,0.453909874,0.436814308,243891,231029,487782
[RESULT] 106,128,3,0.465373516,0.449306726,243891,231029,487782
[RESULT] 106,128,4,0.452273369,0.441257954,243891,231029,487782
[RESULT] 106,128,5,0.445902348,0.437133312,243891,231029,487782
[RESULT] 106,128,6,0.317238331,0.300042152,243891,231029,487782
[RESULT] 106,128,7,0.332043409,0.316148996,243891,231029,487782
[RESULT] 106,128,8,0.528509378,0.512829304,243891,231029,487782
[RESULT] 106,128,9,0.448566198,0.430870056,243891,231029,487782
[RESULT] 104,128,0,0.250248909,0.241775036,244128,231199,488256
[RESULT] 104,128,1,0.489958286,0.480935335,244128,231199,488256
[RESULT] 104,128,2,0.453898668,0.436471224,244128,231199,488256
[RESULT] 104,128,3,0.465617418,0.449927807,244128,231199,488256
[RESULT] 104,128,4,0.452427626,0.441659689,244128,231199,488256
[RESULT] 104,128,5,0.445886612,0.437237263,244128,231199,488256
[RESULT] 104,128,6,0.317181349,0.299686670,244128,231199,488256
[RESULT] 104,128,7,0.332777500,0.317040443,244128,231199,488256
[RESULT] 104,128,8,0.528309822,0.512372255,244128,231199,488256
[RESULT] 104,128,9,0.448643684,0.430813789,244128,231199,488256
[RESULT] 110,128,0,0.247506380,0.241686583,245412,232549,490824
[RESULT] 110,128,1,0.452940941,0.447286367,245412,232549,490824
[RESULT] 110,128,2,0.453079700,0.436697960,245412,232549,490824
[RESULT] 110,128,3,0.464976072,0.448890924,245412,232549,490824
[RESULT] 110,128,4,0.451756477,0.441162348,245412,232549,490824
[RESULT] 110,128,5,0.444680929,0.436844587,245412,232549,490824
[RESULT] 110,128,6,0.315819263,0.299197435,245412,232549,490824
[RESULT] 110,128,7,0.331163168,0.315416098,245412,232549,490824
[RESULT] 110,128,8,0.529875994,0.512299538,245412,232549,490824
[RESULT] 110,128,9,0.448672533,0.431272984,245412,232549,490824
[RESULT] 17,128,0,0.233325958,0.227870941,243075,230207,486150
[RESULT] 17,128,1,0.487950325,0.481566906,243075,230207,486150
[RESULT] 17,128,2,0.449885607,0.436870098,243075,230207,486150
[RESULT] 17,128,3,0.460605621,0.446157932,243075,230207,486150
[RESULT] 17,128,4,0.648936749,0.641801119,243075,230207,486150
[RESULT] 107,128,0,0.250245810,0.241720438,244227,231398,488454
[RESULT] 107,128,1,0.489582300,0.480596304,244227,231398,488454
[RESULT] 107,128,2,0.454598665,0.437662363,244227,231398,488454
[RESULT] 107,128,3,0.465676069,0.449350595,244227,231398,488454
[RESULT] 107,128,4,0.452359915,0.441133261,244227,231398,488454
[RESULT] 107,128,5,0.445797682,0.436780453,244227,231398,488454
[RESULT] 107,128,6,0.317139149,0.299848795,244227,231398,488454
[RESULT] 107,128,7,0.332422495,0.316112041,244227,231398,488454
[RESULT] 107,128,8,0.528429985,0.512681007,244227,231398,488454
[RESULT] 107,128,9,0.448634863,0.431051254,244227,231398,488454
[RESULT] 17,128,5,0.474527836,0.466986656,243075,230207,486150
[RESULT] 17,128,6,0.314575195,0.301277399,243075,230207,486150
[RESULT] 17,128,7,0.328896523,0.316079378,243075,230207,486150
[RESULT] 17,128,8,0.524184465,0.510618687,243075,230207,486150
[RESULT] 17,128,9,0.448676586,0.434705973,243075,230207,486150
[RESULT] 105,128,0,0.254060507,0.248205423,243720,230848,487440
[RESULT] 105,128,1,0.489643812,0.480684996,243720,230848,487440
[RESULT] 105,128,2,0.454074383,0.437111616,243720,230848,487440
[RESULT] 105,128,3,0.465304613,0.449649096,243720,230848,487440
[RESULT] 105,128,4,0.452206135,0.441446304,243720,230848,487440
[RESULT] 105,128,5,0.445644140,0.436956406,243720,230848,487440
[RESULT] 105,128,6,0.316870213,0.299579144,243720,230848,487440
[RESULT] 109,128,0,0.254551888,0.249198675,244761,231868,489522
[RESULT] 109,128,1,0.454215765,0.446637869,244761,231868,489522
[RESULT] 109,128,2,0.452760220,0.436151028,244761,231868,489522
[RESULT] 109,128,3,0.464864492,0.449027300,244761,231868,489522
[RESULT] 109,128,4,0.451918364,0.440950155,244761,231868,489522
[RESULT] 109,128,5,0.444852829,0.436429739,244761,231868,489522
[RESULT] 109,128,6,0.316768885,0.300096989,244761,231868,489522
[RESULT] 109,128,7,0.332180500,0.316658020,244761,231868,489522
[RESULT] 109,128,8,0.528083324,0.512133360,244761,231868,489522
[RESULT] 109,128,9,0.448899508,0.431892633,244761,231868,489522
[RESULT] 6,128,0,0.234933138,0.226597309,243241,230382,486482
[RESULT] 6,128,1,0.455593824,0.448697567,243241,230382,486482
[RESULT] 6,128,2,0.454634428,0.438501835,243241,230382,486482
[RESULT] 6,128,3,0.464946270,0.447345495,243241,230382,486482
[RESULT] 6,128,4,0.651367664,0.642251015,243241,230382,486482
[RESULT] 6,128,5,0.476991177,0.467179775,243241,230382,486482
[RESULT] 6,128,6,0.317886591,0.301670551,243241,230382,486482
[RESULT] 6,128,7,0.332644939,0.316954851,243241,230382,486482
[RESULT] 6,128,8,0.526031971,0.510914564,243241,230382,486482
[RESULT] 6,128,9,0.448820591,0.434735775,243241,230382,486482
[RESULT] 105,128,7,0.332326889,0.316233158,243720,230848,487440
[RESULT] 105,128,8,0.528397083,0.512395859,243720,230848,487440
[RESULT] 105,128,9,0.448943377,0.430873156,243720,230848,487440
[RESULT] 111,128,0,0.249856949,0.241673470,244140,231269,488280
[RESULT] 111,128,1,0.454302788,0.446484566,244140,231269,488280
[RESULT] 111,128,2,0.453887701,0.436783791,244140,231269,488280
[RESULT] 111,128,3,0.465072870,0.448852301,244140,231269,488280
[RESULT] 111,128,4,0.452121735,0.440828800,244140,231269,488280
[RESULT] 111,128,5,0.445049524,0.436752558,244140,231269,488280
[RESULT] 111,128,6,0.316027641,0.299755335,244140,231269,488280
[RESULT] 111,128,7,0.332548141,0.317441940,244140,231269,488280
[RESULT] 111,128,8,0.527945757,0.512095690,244140,231269,488280
[RESULT] 111,128,9,0.448897839,0.431486130,244140,231269,488280
[RESULT] 114,128,0,0.249908924,0.241644382,244185,231310,488370
[RESULT] 114,128,1,0.454318523,0.446433306,244185,231310,488370
[RESULT] 114,128,2,0.452854633,0.436306000,244185,231310,488370
[RESULT] 114,128,3,0.465277910,0.449850321,244185,231310,488370
[RESULT] 114,128,4,0.452028513,0.440742493,244185,231310,488370
[RESULT] 114,128,5,0.445316553,0.436686516,244185,231310,488370
[RESULT] 114,128,6,0.316251516,0.299459219,244185,231310,488370
[RESULT] 114,128,7,0.331354380,0.315326929,244185,231310,488370
[RESULT] 114,128,8,0.528098822,0.512179852,244185,231310,488370
[RESULT] 114,128,9,0.448912144,0.431384802,244185,231310,488370
[RESULT] 112,128,0,0.249797821,0.241667747,243924,231055,487848
[RESULT] 112,128,1,0.454436064,0.446851969,243924,231055,487848
[RESULT] 112,128,2,0.453627825,0.436892509,243924,231055,487848
[RESULT] 112,128,3,0.465331078,0.450302601,243924,231055,487848
[RESULT] 112,128,4,0.451987982,0.440812588,243924,231055,487848
[RESULT] 112,128,5,0.445582151,0.436882734,243924,231055,487848
[RESULT] 112,128,6,0.316140175,0.299198389,243924,231055,487848
[RESULT] 112,128,7,0.332618713,0.317303419,243924,231055,487848
[RESULT] 112,128,8,0.528347492,0.512498617,243924,231055,487848
[RESULT] 112,128,9,0.449172020,0.432166338,243924,231055,487848
[RESULT] 115,128,0,0.250129223,0.241636515,244233,231348,488466
[RESULT] 115,128,1,0.454545498,0.447067022,244233,231348,488466
[RESULT] 115,128,2,0.453780174,0.436674356,244233,231348,488466
[RESULT] 115,128,3,0.465511322,0.449244738,244233,231348,488466
[RESULT] 115,128,4,0.651008129,0.641583204,244233,231348,488466
[RESULT] 115,128,5,0.445771694,0.437035322,244233,231348,488466
[RESULT] 115,128,6,0.316432476,0.299523354,244233,231348,488466
[RESULT] 115,128,7,0.332557678,0.316864729,244233,231348,488466
[RESULT] 115,128,8,0.528181553,0.512111902,244233,231348,488466
[RESULT] 115,128,9,0.449253798,0.433233261,244233,231348,488466
[RESULT] 2,128,0,0.232219458,0.226006031,242322,229477,484644
[RESULT] 2,128,1,0.454047441,0.449127197,242322,229477,484644
[RESULT] 2,128,2,0.451807499,0.438941717,242322,229477,484644
[RESULT] 2,128,3,0.462709904,0.449112892,242322,229477,484644
[RESULT] 2,128,4,0.449864388,0.440203905,242322,229477,484644
[RESULT] 2,128,5,0.474838257,0.467418432,242322,229477,484644
[RESULT] 2,128,6,0.317901134,0.306437492,242322,229477,484644
[RESULT] 2,128,7,0.329962969,0.317206383,242322,229477,484644
[RESULT] 2,128,8,0.525022268,0.510994434,242322,229477,484644
[RESULT] 2,128,9,0.449268103,0.435448408,242322,229477,484644
[RESULT] 119,128,0,0.250156641,0.241598368,243099,230230,486198
[RESULT] 119,128,1,0.454093218,0.446101427,243099,230230,486198
[RESULT] 119,128,2,0.453101635,0.436220884,243099,230230,486198
[RESULT] 119,128,3,0.465528011,0.448778391,243099,230230,486198
[RESULT] 119,128,4,0.648320436,0.639661551,243099,230230,486198
[RESULT] 119,128,5,0.444839716,0.436046600,243099,230230,486198
[RESULT] 119,128,6,0.317395449,0.300620794,243099,230230,486198
[RESULT] 119,128,7,0.331745625,0.315588713,243099,230230,486198
[RESULT] 116,128,0,0.249858141,0.241633177,243693,230772,487386
[RESULT] 116,128,1,0.454080343,0.446143389,243693,230772,487386
[RESULT] 116,128,2,0.452521563,0.436182737,243693,230772,487386
[RESULT] 116,128,3,0.465150833,0.449038029,243693,230772,487386
[RESULT] 116,128,4,0.649398327,0.640542030,243693,230772,487386
[RESULT] 116,128,5,0.445386648,0.436696529,243693,230772,487386
[RESULT] 116,128,6,0.316117764,0.299419165,243693,230772,487386
[RESULT] 117,128,0,0.250155449,0.241612911,243537,230673,487074
[RESULT] 117,128,1,0.454015732,0.445454836,243537,230673,487074
[RESULT] 117,128,2,0.453140020,0.436073780,243537,230673,487074
[RESULT] 117,128,3,0.465485096,0.448982477,243537,230673,487074
[RESULT] 117,128,4,0.649400473,0.640292883,243537,230673,487074
[RESULT] 117,128,5,0.445892096,0.437058687,243537,230673,487074
[RESULT] 117,128,6,0.317274094,0.300527811,243537,230673,487074
[RESULT] 117,128,7,0.331359148,0.315192938,243537,230673,487074
[RESULT] 117,128,8,0.528168201,0.511725187,243537,230673,487074
[RESULT] 117,128,9,0.449547529,0.433413267,243537,230673,487074
[RESULT] 119,128,8,0.528200150,0.511584997,243099,230230,486198
[RESULT] 119,128,9,0.449534416,0.433439016,243099,230230,486198
[RESULT] 101,128,0,0.249975443,0.241860628,242796,229977,485592
[RESULT] 101,128,1,0.489908457,0.480961800,242796,229977,485592
[RESULT] 101,128,2,0.454534054,0.437733650,242796,229977,485592
[RESULT] 101,128,3,0.465794325,0.451358557,242796,229977,485592
[RESULT] 101,128,4,0.452125549,0.442794800,242796,229977,485592
[RESULT] 116,128,7,0.331997633,0.316027641,243693,230772,487386
[RESULT] 116,128,8,0.528326035,0.512194872,243693,230772,487386
[RESULT] 116,128,9,0.449579239,0.433215380,243693,230772,487386
[RESULT] 101,128,5,0.445379019,0.437212467,242796,229977,485592
[RESULT] 101,128,6,0.317554235,0.300827026,242796,229977,485592
[RESULT] 101,128,7,0.332385302,0.316941738,242796,229977,485592
[RESULT] 101,128,8,0.530369282,0.512187719,242796,229977,485592
[RESULT] 101,128,9,0.449627399,0.432692289,242796,229977,485592
[RESULT] 118,128,0,0.249876976,0.241603136,243141,230325,486282
[RESULT] 118,128,1,0.454257488,0.446632624,243141,230325,486282
[RESULT] 118,128,2,0.452733040,0.436136246,243141,230325,486282
[RESULT] 118,128,3,0.465256214,0.448824644,243141,230325,486282
[RESULT] 118,128,4,0.451977253,0.440584183,243141,230325,486282
[RESULT] 118,128,5,0.445632219,0.436788082,243141,230325,486282
[RESULT] 118,128,6,0.317102671,0.300416231,243141,230325,486282
[RESULT] 118,128,7,0.331742764,0.315743208,243141,230325,486282
[RESULT] 118,128,8,0.528170824,0.511620283,243141,230325,486282
[RESULT] 118,128,9,0.449646473,0.433388472,243141,230325,486282
[RESULT] 20,128,0,0.235364676,0.227662802,243441,230572,486882
[RESULT] 20,128,1,0.490202427,0.481488943,243441,230572,486882
[RESULT] 20,128,2,0.453689098,0.436864138,243441,230572,486882
[RESULT] 20,128,3,0.464067698,0.446149349,243441,230572,486882
[RESULT] 20,128,4,0.651068926,0.641749620,243441,230572,486882
[RESULT] 20,128,5,0.476866484,0.466973305,243441,230572,486882
[RESULT] 20,128,6,0.317745447,0.301253319,243441,230572,486882
[RESULT] 20,128,7,0.331335306,0.315065622,243441,230572,486882
[RESULT] 20,128,8,0.508748293,0.503190994,243441,230572,486882
[RESULT] 20,128,9,0.449711800,0.433760881,243441,230572,486882
[RESULT] 18,128,0,0.235292196,0.227821827,243301,230486,486602
[RESULT] 18,128,1,0.490134001,0.481549263,243301,230486,486602
[RESULT] 18,128,2,0.453576565,0.437097073,243301,230486,486602
[RESULT] 18,128,3,0.463512897,0.446115255,243301,230486,486602
[RESULT] 18,128,4,0.650849342,0.641780853,243301,230486,486602
[RESULT] 18,128,5,0.476774454,0.466978073,243301,230486,486602
[RESULT] 18,128,6,0.317459106,0.301284075,243301,230486,486602
[RESULT] 18,128,7,0.331343412,0.315363407,243301,230486,486602
[RESULT] 18,128,8,0.529781818,0.510568857,243301,230486,486602
[RESULT] 18,128,9,0.449763536,0.433691502,243301,230486,486602
[RESULT] 22,128,0,0.235487700,0.227584839,244181,231293,488362
[RESULT] 22,128,1,0.490175247,0.481405973,244181,231293,488362
[RESULT] 22,128,2,0.454296589,0.437651396,244181,231293,488362
[RESULT] 22,128,3,0.451518536,0.442076921,244181,231293,488362
[RESULT] 22,128,4,0.650927067,0.641717196,244181,231293,488362
[RESULT] 22,128,5,0.476862907,0.466944456,244181,231293,488362
[RESULT] 22,128,6,0.317582369,0.301193714,244181,231293,488362
[RESULT] 22,128,7,0.331125021,0.315097809,244181,231293,488362
[RESULT] 22,128,8,0.525488615,0.508477449,244181,231293,488362
[RESULT] 22,128,9,0.449753046,0.433478117,244181,231293,488362
[RESULT] 99,128,0,0.250128508,0.241924524,243783,230954,487566
[RESULT] 99,128,1,0.490220785,0.481407642,243783,230954,487566
[RESULT] 99,128,2,0.454520464,0.438065052,243783,230954,487566
[RESULT] 99,128,3,0.465919018,0.451669216,243783,230954,487566
[RESULT] 99,128,4,0.451955557,0.440235138,243783,230954,487566
[RESULT] 99,128,5,0.445937395,0.437584162,243783,230954,487566
[RESULT] 99,128,6,0.317929268,0.301481009,243783,230954,487566
[RESULT] 99,128,7,0.332746744,0.317483664,243783,230954,487566
[RESULT] 99,128,8,0.528509140,0.512809992,243783,230954,487566
[RESULT] 99,128,9,0.449809551,0.433611870,243783,230954,487566
[RESULT] 19,128,0,0.235570908,0.227880001,242807,229948,485614
[RESULT] 19,128,1,0.490212202,0.481519938,242807,229948,485614
[RESULT] 19,128,2,0.453789949,0.437056541,242807,229948,485614
[RESULT] 19,128,3,0.463688374,0.446150064,242807,229948,485614
[RESULT] 19,128,4,0.650906086,0.641752720,242807,229948,485614
[RESULT] 19,128,5,0.476799250,0.466968298,242807,229948,485614
[RESULT] 19,128,6,0.317614317,0.301261425,242807,229948,485614
[RESULT] 19,128,7,0.331459284,0.315321922,242807,229948,485614
[RESULT] 19,128,8,0.528644562,0.508328199,242807,229948,485614
[RESULT] 19,128,9,0.449855566,0.433781862,242807,229948,485614
[RESULT] 13,128,0,0.234564781,0.226289749,243398,230511,486796
[RESULT] 13,128,1,0.490227222,0.481873035,243398,230511,486796
[RESULT] 13,128,2,0.454097748,0.437799931,243398,230511,486796
[RESULT] 13,128,3,0.464184046,0.447092533,243398,230511,486796
[RESULT] 13,128,4,0.650801420,0.641888142,243398,230511,486796
[RESULT] 13,128,5,0.476696968,0.467019320,243398,230511,486796
[RESULT] 13,128,6,0.317395926,0.301398754,243398,230511,486796
[RESULT] 13,128,7,0.331151485,0.315392733,243398,230511,486796
[RESULT] 13,128,8,0.526961088,0.510589123,243398,230511,486796
[RESULT] 13,128,9,0.449939013,0.434055567,243398,230511,486796
[RESULT] 98,128,0,0.250182390,0.242005348,244086,231286,488172
[RESULT] 98,128,1,0.491132021,0.483024836,244086,231286,488172
[RESULT] 98,128,2,0.454743624,0.438825130,244086,231286,488172
[RESULT] 98,128,3,0.465810776,0.451541185,244086,231286,488172
[RESULT] 98,128,4,0.451704502,0.439895630,244086,231286,488172
[RESULT] 98,128,5,0.445939779,0.437654257,244086,231286,488172
[RESULT] 98,128,6,0.317947388,0.301648855,244086,231286,488172
[RESULT] 98,128,7,0.332796812,0.317443132,244086,231286,488172
[RESULT] 98,128,8,0.528398037,0.512482643,244086,231286,488172
[RESULT] 98,128,9,0.450013638,0.433879375,244086,231286,488172
[RESULT] 16,128,0,0.235183716,0.227042198,243752,230860,487504
[RESULT] 16,128,1,0.490283728,0.481618404,243752,230860,487504
[RESULT] 16,128,2,0.454172850,0.437459469,243752,230860,487504
[RESULT] 16,128,3,0.464698076,0.447200775,243752,230860,487504
[RESULT] 16,128,4,0.650998354,0.641813993,243752,230860,487504
[RESULT] 16,128,5,0.476848125,0.466992855,243752,230860,487504
[RESULT] 16,128,6,0.317626953,0.301329851,243752,230860,487504
[RESULT] 16,128,7,0.331494093,0.315368652,243752,230860,487504
[RESULT] 16,128,8,0.529795170,0.510604143,243752,230860,487504
[RESULT] 16,128,9,0.450131655,0.433967829,243752,230860,487504
[RESULT] 15,128,0,0.235091209,0.227046013,243313,230443,486626
[RESULT] 15,128,1,0.490171194,0.481655598,243313,230443,486626
[RESULT] 15,128,2,0.453983545,0.437734604,243313,230443,486626
[RESULT] 15,128,3,0.464306593,0.447004795,243313,230443,486626
[RESULT] 15,128,4,0.650777102,0.641759872,243313,230443,486626
[RESULT] 15,128,5,0.476720810,0.466915846,243313,230443,486626
[RESULT] 15,128,6,0.317275763,0.301201105,243313,230443,486626
[RESULT] 15,128,7,0.331178188,0.315332174,243313,230443,486626
[RESULT] 15,128,8,0.529593468,0.510411978,243313,230443,486626
[RESULT] 15,128,9,0.450020075,0.434216022,243313,230443,486626
[RESULT] 0,128,0,0.249780893,0.241475105,242533,229699,485066
[RESULT] 0,128,1,0.455850840,0.449238062,242533,229699,485066
[RESULT] 0,128,2,0.454425812,0.438904762,242533,229699,485066
[RESULT] 0,128,3,0.465599298,0.449986219,242533,229699,485066
[RESULT] 0,128,4,0.452920914,0.444600582,242533,229699,485066
[RESULT] 0,128,5,0.476645470,0.466845036,242533,229699,485066
[RESULT] 0,128,6,0.319156647,0.306853294,242533,229699,485066
[RESULT] 0,128,7,0.332607508,0.317838669,242533,229699,485066
[RESULT] 0,128,8,0.527849913,0.511045694,242533,229699,485066
[RESULT] 0,128,9,0.450263500,0.435616970,242533,229699,485066

Benchmark Summary
Processes: 128
Iterations: 10
Matrix NNZ: 31207734
Total execution time: 23.879 seconds
[RESULT] 12,128,0,0.232515097,0.226310015,244348,231403,488696
[RESULT] 12,128,1,0.490767002,0.481858969,244348,231403,488696
[RESULT] 12,128,2,0.450476170,0.437396765,244348,231403,488696
[RESULT] 12,128,3,0.465661049,0.447307825,244348,231403,488696
[RESULT] 12,128,4,0.649028778,0.641910315,244348,231403,488696
[RESULT] 12,128,5,0.474494696,0.467048168,244348,231403,488696
[RESULT] 12,128,6,0.318282127,0.301476002,244348,231403,488696
[RESULT] 12,128,7,0.327906609,0.315378189,244348,231403,488696
[RESULT] 12,128,8,0.526789188,0.510456562,244348,231403,488696
[RESULT] 12,128,9,0.450250149,0.434882402,244348,231403,488696
[RESULT] 7,128,0,0.234652519,0.226436853,243773,230874,487546
[RESULT] 7,128,1,0.455423117,0.448411465,243773,230874,487546
[RESULT] 7,128,2,0.454021454,0.437741041,243773,230874,487546
[RESULT] 7,128,3,0.464344025,0.447139263,243773,230874,487546
[RESULT] 7,128,4,0.651193619,0.642286062,243773,230874,487546
[RESULT] 7,128,5,0.476693153,0.466975451,243773,230874,487546
[RESULT] 7,128,6,0.317844868,0.301618814,243773,230874,487546
[RESULT] 96,128,0,0.249756575,0.241991758,243915,231081,487830
[RESULT] 96,128,1,0.493004560,0.486567974,243915,231081,487830
[RESULT] 96,128,2,0.454625130,0.438511372,243915,231081,487830
[RESULT] 96,128,3,0.466006279,0.452309847,243915,231081,487830
[RESULT] 96,128,4,0.452251911,0.442593575,243915,231081,487830
[RESULT] 96,128,5,0.477645636,0.468668938,243915,231081,487830
[RESULT] 96,128,6,0.318198681,0.302775860,243915,231081,487830
[RESULT] 96,128,7,0.332625628,0.317421436,243915,231081,487830
[RESULT] 96,128,8,0.528160334,0.512388229,243915,231081,487830
[RESULT] 96,128,9,0.450365543,0.434954166,243915,231081,487830
[RESULT] 4,128,0,0.234594107,0.226566553,243509,230638,487018
[RESULT] 4,128,1,0.455917597,0.449007988,243509,230638,487018
[RESULT] 4,128,2,0.454723120,0.438893080,243509,230638,487018
[RESULT] 4,128,3,0.464742661,0.447562695,243509,230638,487018
[RESULT] 4,128,4,0.650950670,0.641490221,243509,230638,487018
[RESULT] 4,128,5,0.477033138,0.467313051,243509,230638,487018
[RESULT] 4,128,6,0.317749977,0.301880121,243509,230638,487018
[RESULT] 7,128,7,0.332244635,0.316375971,243773,230874,487546
[RESULT] 7,128,8,0.527861595,0.510856628,243773,230874,487546
[RESULT] 7,128,9,0.450156689,0.434456110,243773,230874,487546
[RESULT] 4,128,7,0.332371950,0.316792011,243509,230638,487018
[RESULT] 4,128,8,0.529894590,0.510929585,243509,230638,487018
[RESULT] 4,128,9,0.450419664,0.435101986,243509,230638,487018
[RESULT] 9,128,0,0.234871149,0.226397753,243370,230457,486740
[RESULT] 9,128,1,0.490067482,0.481116056,243370,230457,486740
[RESULT] 9,128,2,0.454540014,0.438008785,243370,230457,486740
[RESULT] 9,128,3,0.465141058,0.447348595,243370,230457,486740
[RESULT] 9,128,4,0.651350021,0.642036915,243370,230457,486740
[RESULT] 9,128,5,0.477094889,0.467125654,243370,230457,486740
[RESULT] 9,128,6,0.317910433,0.301511288,243370,230457,486740
[RESULT] 9,128,7,0.332661390,0.316792965,243370,230457,486740
[RESULT] 9,128,8,0.528057575,0.510830402,243370,230457,486740
[RESULT] 9,128,9,0.450441122,0.434880495,243370,230457,486740
[RESULT] 3,128,0,0.234585047,0.225990534,243466,230565,486932
[RESULT] 3,128,1,0.455769777,0.448999882,243466,230565,486932
[RESULT] 3,128,2,0.454581022,0.438699245,243466,230565,486932
[RESULT] 3,128,3,0.465200424,0.448482513,243466,230565,486932
[RESULT] 3,128,4,0.650915146,0.641498327,243466,230565,486932
[RESULT] 3,128,5,0.477103710,0.467474937,243466,230565,486932
[RESULT] 3,128,6,0.318291664,0.303951740,243466,230565,486932
[RESULT] 3,128,7,0.332585812,0.317321301,243466,230565,486932
[RESULT] 11,128,0,0.234268188,0.226350307,243483,230558,486966
[RESULT] 11,128,1,0.489936352,0.481862307,243483,230558,486966
[RESULT] 11,128,2,0.453980684,0.437718391,243483,230558,486966
[RESULT] 11,128,3,0.464598179,0.447284460,243483,230558,486966
[RESULT] 11,128,4,0.651000738,0.641922712,243483,230558,486966
[RESULT] 11,128,5,0.476873159,0.467048168,243483,230558,486966
[RESULT] 11,128,6,0.317785740,0.301448345,243483,230558,486966
[RESULT] 11,128,7,0.331882000,0.315682173,243483,230558,486966
[RESULT] 11,128,8,0.527955770,0.510675192,243483,230558,486966
[RESULT] 11,128,9,0.450503111,0.434751749,243483,230558,486966
[RESULT] 97,128,0,0.249809504,0.241974354,243918,231099,487836
[RESULT] 97,128,1,0.493032932,0.486525059,243918,231099,487836
[RESULT] 97,128,2,0.454437971,0.438818455,243918,231099,487836
[RESULT] 97,128,3,0.465623617,0.451531172,243918,231099,487836
[RESULT] 97,128,4,0.451925278,0.441763163,243918,231099,487836
[RESULT] 97,128,5,0.477302551,0.468430042,243918,231099,487836
[RESULT] 97,128,6,0.317919254,0.302289009,243918,231099,487836
[RESULT] 97,128,7,0.521142483,0.516066790,243918,231099,487836
[RESULT] 97,128,8,0.528289795,0.512760401,243918,231099,487836
[RESULT] 97,128,9,0.450478077,0.434992552,243918,231099,487836
[RESULT] 3,128,8,0.527050495,0.510892391,243466,230565,486932
[RESULT] 3,128,9,0.450479746,0.435024977,243466,230565,486932
[RESULT] 1,128,0,0.052886724,0.048213720,242636,229786,485272
[RESULT] 1,128,1,0.456014395,0.449311972,242636,229786,485272
[RESULT] 1,128,2,0.454481125,0.438668728,242636,229786,485272
[RESULT] 1,128,3,0.465447903,0.449716330,242636,229786,485272
[RESULT] 1,128,4,0.452240467,0.441673517,242636,229786,485272
[RESULT] 1,128,5,0.476410151,0.467431545,242636,229786,485272
[RESULT] 5,128,0,0.234719753,0.226547718,243945,231096,487890
[RESULT] 5,128,1,0.455744982,0.448800087,243945,231096,487890
[RESULT] 5,128,2,0.454410315,0.438794851,243945,231096,487890
[RESULT] 5,128,3,0.464607000,0.447408199,243945,231096,487890
[RESULT] 5,128,4,0.650875092,0.642265797,243945,231096,487890
[RESULT] 5,128,5,0.476871490,0.467280865,243945,231096,487890
[RESULT] 5,128,6,0.317659378,0.301750898,243945,231096,487890
[RESULT] 5,128,7,0.332464457,0.317302227,243945,231096,487890
[RESULT] 5,128,8,0.527917862,0.510910511,243945,231096,487890
[RESULT] 5,128,9,0.450556993,0.435161114,243945,231096,487890
[RESULT] 100,128,0,0.249965191,0.241908550,242973,230142,485946
[RESULT] 100,128,1,0.492002487,0.484466314,242973,230142,485946
[RESULT] 100,128,2,0.454810619,0.438792944,242973,230142,485946
[RESULT] 100,128,3,0.465664387,0.451230288,242973,230142,485946
[RESULT] 100,128,4,0.452097178,0.440793037,242973,230142,485946
[RESULT] 100,128,5,0.445453167,0.437538862,242973,230142,485946
[RESULT] 100,128,6,0.317808390,0.301522493,242973,230142,485946
[RESULT] 100,128,7,0.332426310,0.317128181,242973,230142,485946
[RESULT] 100,128,8,0.530386448,0.512414694,242973,230142,485946
[RESULT] 100,128,9,0.450568914,0.434792519,242973,230142,485946
[RESULT] 1,128,6,0.319111586,0.306834698,242636,229786,485272
[RESULT] 1,128,7,0.332560539,0.317449570,242636,229786,485272
[RESULT] 1,128,8,0.527511358,0.511001348,242636,229786,485272
[RESULT] 1,128,9,0.450569391,0.435465574,242636,229786,485272
[RESULT] 8,128,0,0.234739304,0.226418018,243330,230418,486660
[RESULT] 8,128,1,0.455659151,0.448609114,243330,230418,486660
[RESULT] 8,128,2,0.454479456,0.438100100,243330,230418,486660
[RESULT] 8,128,3,0.464810610,0.447371483,243330,230418,486660
[RESULT] 8,128,4,0.651252985,0.642076969,243330,230418,486660
[RESULT] 8,128,5,0.477025032,0.467132568,243330,230418,486660
[RESULT] 8,128,6,0.317851305,0.301604509,243330,230418,486660
[RESULT] 8,128,7,0.332062960,0.316030264,243330,230418,486660
[RESULT] 8,128,8,0.530016422,0.510842323,243330,230418,486660
[RESULT] 8,128,9,0.450597525,0.434997797,243330,230418,486660
[RESULT] 10,128,0,0.234274387,0.226361036,243503,230571,487006
[RESULT] 10,128,1,0.489951849,0.481102228,243503,230571,487006
[RESULT] 10,128,2,0.454527140,0.438596964,243503,230571,487006
[RESULT] 10,128,3,0.464695930,0.447315216,243503,230571,487006
[RESULT] 10,128,4,0.651098013,0.641963959,243503,230571,487006
[RESULT] 10,128,5,0.476941586,0.467083693,243503,230571,487006
[RESULT] 10,128,6,0.317853451,0.301501751,243503,230571,487006
[RESULT] 10,128,7,0.332674980,0.317137241,243503,230571,487006
[RESULT] 10,128,8,0.528016567,0.510771513,243503,230571,487006
[RESULT] 10,128,9,0.450614691,0.434993744,243503,230571,487006
