Retrieving the matrix from '../data/msdoor.mtx'...
Real Matrix (Strong Scaling): Rows=415863 | Cols=415863 | NNZ=10328399 | Procs=4
Matrix distributed and converted to CSR
Ghost columns identified: 1871027 total ghost values needed
Local vector initialized (size=103966 per process)
[RESULT] 0,4,0,0.036017656,0.019871950,2558744,1871027,5117488
[RESULT] 0,4,1,0.027729988,0.012097120,2558744,1871027,5117488
[RESULT] 0,4,2,0.027750969,0.012248755,2558744,1871027,5117488
[RESULT] 0,4,3,0.027564049,0.012182713,2558744,1871027,5117488
[RESULT] 0,4,4,0.027614832,0.012153387,2558744,1871027,5117488
[RESULT] 0,4,5,0.027551174,0.012173176,2558744,1871027,5117488
[RESULT] 0,4,6,0.027460575,0.012090921,2558744,1871027,5117488
[RESULT] 0,4,7,0.027575731,0.012178659,2558744,1871027,5117488
[RESULT] 0,4,8,0.026445627,0.011000156,2558744,1871027,5117488
[RESULT] 0,4,9,0.027287006,0.012022972,2558744,1871027,5117488

Benchmark Summary
Processes: 4
Iterations: 10
Matrix NNZ: 10328399
Total execution time: 5.040 seconds
[RESULT] 1,4,0,0.039329052,0.021896124,2576982,1887950,5153964
[RESULT] 1,4,1,0.028294086,0.010957241,2576982,1887950,5153964
[RESULT] 1,4,2,0.028387547,0.011075974,2576982,1887950,5153964
[RESULT] 1,4,3,0.028396845,0.011064053,2576982,1887950,5153964
[RESULT] 1,4,4,0.028314114,0.011009455,2576982,1887950,5153964
[RESULT] 1,4,5,0.028336525,0.011030436,2576982,1887950,5153964
[RESULT] 1,4,6,0.028269529,0.010955572,2576982,1887950,5153964
[RESULT] 1,4,7,0.028358221,0.011049509,2576982,1887950,5153964
[RESULT] 1,4,8,0.031364202,0.013986111,2576982,1887950,5153964
[RESULT] 1,4,9,0.028108120,0.010873795,2576982,1887950,5153964
[RESULT] 2,4,0,0.041519403,0.023803234,2586179,1899120,5172358
[RESULT] 2,4,1,0.031581402,0.014061689,2586179,1899120,5172358
[RESULT] 2,4,2,0.031693220,0.014190197,2586179,1899120,5172358
[RESULT] 2,4,3,0.031672001,0.014117241,2586179,1899120,5172358
[RESULT] 2,4,4,0.031592607,0.014101028,2586179,1899120,5172358
[RESULT] 2,4,5,0.031589746,0.014116764,2586179,1899120,5172358
[RESULT] 2,4,6,0.031540871,0.014040470,2586179,1899120,5172358
[RESULT] 2,4,7,0.031622171,0.014118671,2586179,1899120,5172358
[RESULT] 2,4,8,0.030001402,0.012753248,2586179,1899120,5172358
[RESULT] 2,4,9,0.031580448,0.013966084,2586179,1899120,5172358
[RESULT] 3,4,0,0.047145844,0.023795843,2606494,1917833,5212988
[RESULT] 3,4,1,0.037062168,0.014054775,2606494,1917833,5212988
[RESULT] 3,4,2,0.036419630,0.014184237,2606494,1917833,5212988
[RESULT] 3,4,3,0.036693573,0.014111280,2606494,1917833,5212988
[RESULT] 3,4,4,0.036574364,0.014094830,2606494,1917833,5212988
[RESULT] 3,4,5,0.036409140,0.014110804,2606494,1917833,5212988
[RESULT] 3,4,6,0.035971880,0.014033556,2606494,1917833,5212988
[RESULT] 3,4,7,0.035580635,0.014112234,2606494,1917833,5212988
[RESULT] 3,4,8,0.035774946,0.013988256,2606494,1917833,5212988
[RESULT] 3,4,9,0.035482645,0.013959885,2606494,1917833,5212988
