Retrieving the matrix from '../data/bcsstk27.mtx'...
Real Matrix (Strong Scaling): Rows=1224 | Cols=1224 | NNZ=28675 | Procs=32
Matrix distributed and converted to CSR
Ghost columns identified: 860 total ghost values needed
Local vector initialized (size=39 per process)
[RESULT] 2,32,0,0.000248432,0.000243425,918,846,1836
[RESULT] 2,32,1,0.000229597,0.000225306,918,846,1836
[RESULT] 2,32,2,0.000253677,0.000249147,918,846,1836
[RESULT] 2,32,3,0.000272512,0.000268459,918,846,1836
[RESULT] 2,32,4,0.000340700,0.000336409,918,846,1836
[RESULT] 2,32,5,0.000330687,0.000326633,918,846,1836
[RESULT] 2,32,6,0.000266552,0.000262499,918,846,1836
[RESULT] 0,32,0,0.000247478,0.000242949,933,860,1866
[RESULT] 0,32,1,0.000231981,0.000228167,933,860,1866
[RESULT] 0,32,2,0.000258446,0.000254631,933,860,1866
[RESULT] 0,32,3,0.000234365,0.000230789,933,860,1866
[RESULT] 0,32,4,0.000185966,0.000181913,933,860,1866
[RESULT] 0,32,5,0.000243187,0.000239611,933,860,1866
[RESULT] 0,32,6,0.000216722,0.000212908,933,860,1866
[RESULT] 0,32,7,0.000236273,0.000232458,933,860,1866
[RESULT] 0,32,8,0.000230312,0.000226498,933,860,1866
[RESULT] 0,32,9,0.000216961,0.000212908,933,860,1866

Benchmark Summary
Processes: 32
Iterations: 10
Matrix NNZ: 28675
Total execution time: 0.039 seconds
[RESULT] 26,32,0,0.000244379,0.000239372,912,841,1824
[RESULT] 26,32,1,0.000227451,0.000222921,912,841,1824
[RESULT] 26,32,2,0.000275373,0.000270844,912,841,1824
[RESULT] 26,32,3,0.000239611,0.000235081,912,841,1824
[RESULT] 26,32,4,0.000357866,0.000353336,912,841,1824
[RESULT] 26,32,5,0.000296831,0.000292301,912,841,1824
[RESULT] 26,32,6,0.000261784,0.000257254,912,841,1824
[RESULT] 26,32,7,0.000279188,0.000274420,912,841,1824
[RESULT] 26,32,8,0.000251055,0.000246525,912,841,1824
[RESULT] 26,32,9,0.000217676,0.000213146,912,841,1824
[RESULT] 8,32,0,0.000312567,0.000308037,915,842,1830
[RESULT] 8,32,1,0.000255585,0.000251770,915,842,1830
[RESULT] 8,32,2,0.000310898,0.000307083,915,842,1830
[RESULT] 8,32,3,0.000216722,0.000213146,915,842,1830
[RESULT] 8,32,4,0.000181437,0.000177860,915,842,1830
[RESULT] 8,32,5,0.000229359,0.000225544,915,842,1830
[RESULT] 8,32,6,0.000229597,0.000225782,915,842,1830
[RESULT] 8,32,7,0.000264406,0.000260353,915,842,1830
[RESULT] 8,32,8,0.000244379,0.000240564,915,842,1830
[RESULT] 8,32,9,0.000223160,0.000219107,915,842,1830
[RESULT] 19,32,0,0.000277996,0.000274658,856,785,1712
[RESULT] 19,32,1,0.000311852,0.000308752,856,785,1712
[RESULT] 19,32,2,0.000244379,0.000241280,856,785,1712
[RESULT] 19,32,3,0.000195026,0.000191927,856,785,1712
[RESULT] 19,32,4,0.000336409,0.000333309,856,785,1712
[RESULT] 19,32,5,0.000212193,0.000208616,856,785,1712
[RESULT] 19,32,6,0.000233412,0.000230551,856,785,1712
[RESULT] 19,32,7,0.000228882,0.000225782,856,785,1712
[RESULT] 19,32,8,0.000222921,0.000219822,856,785,1712
[RESULT] 30,32,0,0.000260353,0.000254869,924,852,1848
[RESULT] 30,32,1,0.000208378,0.000197411,924,852,1848
[RESULT] 30,32,2,0.000279188,0.000273943,924,852,1848
[RESULT] 30,32,3,0.000242472,0.000237703,924,852,1848
[RESULT] 30,32,4,0.000322342,0.000317574,924,852,1848
[RESULT] 30,32,5,0.000306368,0.000301361,924,852,1848
[RESULT] 30,32,6,0.000257969,0.000252962,924,852,1848
[RESULT] 30,32,7,0.000306606,0.000301600,924,852,1848
[RESULT] 30,32,8,0.000257730,0.000252724,924,852,1848
[RESULT] 30,32,9,0.000216007,0.000211000,924,852,1848
[RESULT] 12,32,0,0.000244141,0.000240088,904,832,1808
[RESULT] 12,32,1,0.000228167,0.000224590,904,832,1808
[RESULT] 12,32,2,0.000257492,0.000253677,904,832,1808
[RESULT] 12,32,3,0.000213861,0.000210047,904,832,1808
[RESULT] 12,32,4,0.000178099,0.000174284,904,832,1808
[RESULT] 12,32,5,0.000253916,0.000250340,904,832,1808
[RESULT] 12,32,6,0.000222683,0.000218868,904,832,1808
[RESULT] 12,32,7,0.000247955,0.000244379,904,832,1808
[RESULT] 12,32,8,0.000235796,0.000231981,904,832,1808
[RESULT] 12,32,9,0.000201941,0.000198364,904,832,1808
[RESULT] 1,32,0,0.000288963,0.000285149,882,810,1764
[RESULT] 1,32,1,0.000228882,0.000225544,882,810,1764
[RESULT] 1,32,2,0.000253439,0.000250101,882,810,1764
[RESULT] 1,32,3,0.000210047,0.000206470,882,810,1764
[RESULT] 1,32,4,0.000322104,0.000318766,882,810,1764
[RESULT] 1,32,5,0.000237465,0.000233889,882,810,1764
[RESULT] 1,32,6,0.000237465,0.000234127,882,810,1764
[RESULT] 1,32,7,0.000249624,0.000246286,882,810,1764
[RESULT] 1,32,8,0.000221968,0.000218630,882,810,1764
[RESULT] 1,32,9,0.000240326,0.000237226,882,810,1764
[RESULT] 23,32,0,0.000257015,0.000252485,876,804,1752
[RESULT] 23,32,1,0.000354290,0.000349998,876,804,1752
[RESULT] 23,32,2,0.000236273,0.000232220,876,804,1752
[RESULT] 23,32,3,0.000210762,0.000206709,876,804,1752
[RESULT] 23,32,4,0.000350952,0.000346661,876,804,1752
[RESULT] 23,32,5,0.000233173,0.000229120,876,804,1752
[RESULT] 23,32,6,0.000271082,0.000267029,876,804,1752
[RESULT] 23,32,7,0.000265837,0.000261545,876,804,1752
[RESULT] 23,32,8,0.000256538,0.000252247,876,804,1752
[RESULT] 23,32,9,0.000250340,0.000246286,876,804,1752
[RESULT] 2,32,7,0.000347614,0.000343561,918,846,1836
[RESULT] 2,32,8,0.000286102,0.000281811,918,846,1836
[RESULT] 2,32,9,0.000209570,0.000205517,918,846,1836
[RESULT] 16,32,0,0.000312567,0.000308275,905,833,1810
[RESULT] 16,32,1,0.000282288,0.000278234,905,833,1810
[RESULT] 16,32,2,0.000268698,0.000264883,905,833,1810
[RESULT] 16,32,3,0.000262499,0.000258446,905,833,1810
[RESULT] 16,32,4,0.000307560,0.000303984,905,833,1810
[RESULT] 16,32,5,0.000233173,0.000229359,905,833,1810
[RESULT] 16,32,6,0.000275612,0.000272036,905,833,1810
[RESULT] 16,32,7,0.000284433,0.000280619,905,833,1810
[RESULT] 16,32,8,0.000247955,0.000244379,905,833,1810
[RESULT] 16,32,9,0.000244856,0.000241280,905,833,1810
[RESULT] 5,32,0,0.000198364,0.000195026,894,820,1788
[RESULT] 5,32,1,0.000191927,0.000188589,894,820,1788
[RESULT] 5,32,2,0.000231981,0.000228167,894,820,1788
[RESULT] 5,32,3,0.000167847,0.000164509,894,820,1788
[RESULT] 5,32,4,0.000346661,0.000343323,894,820,1788
[RESULT] 5,32,5,0.000182390,0.000179052,894,820,1788
[RESULT] 5,32,6,0.000160456,0.000157118,894,820,1788
[RESULT] 5,32,7,0.000234604,0.000231028,894,820,1788
[RESULT] 5,32,8,0.000173092,0.000169754,894,820,1788
[RESULT] 5,32,9,0.000244856,0.000241518,894,820,1788
[RESULT] 27,32,0,0.000255585,0.000250578,895,823,1790
[RESULT] 27,32,1,0.000308990,0.000304461,895,823,1790
[RESULT] 27,32,2,0.000233889,0.000229120,895,823,1790
[RESULT] 27,32,3,0.000216484,0.000211954,895,823,1790
[RESULT] 27,32,4,0.000327826,0.000322819,895,823,1790
[RESULT] 27,32,5,0.000224829,0.000220299,895,823,1790
[RESULT] 27,32,6,0.000256538,0.000251532,895,823,1790
[RESULT] 27,32,7,0.000247717,0.000243187,895,823,1790
[RESULT] 27,32,8,0.000240326,0.000235796,895,823,1790
[RESULT] 27,32,9,0.000237942,0.000233412,895,823,1790
[RESULT] 6,32,0,0.000292540,0.000287056,933,859,1866
[RESULT] 6,32,1,0.000220776,0.000215769,933,859,1866
[RESULT] 6,32,2,0.000286579,0.000281811,933,859,1866
[RESULT] 6,32,3,0.000266075,0.000261307,933,859,1866
[RESULT] 6,32,4,0.000318766,0.000313997,933,859,1866
[RESULT] 6,32,5,0.000314951,0.000310421,933,859,1866
[RESULT] 6,32,6,0.000297308,0.000292778,933,859,1866
[RESULT] 6,32,7,0.000345230,0.000340462,933,859,1866
[RESULT] 6,32,8,0.000266314,0.000261784,933,859,1866
[RESULT] 6,32,9,0.000224113,0.000219107,933,859,1866
[RESULT] 20,32,0,0.000278711,0.000274658,894,823,1788
[RESULT] 20,32,1,0.000280619,0.000276566,894,823,1788
[RESULT] 20,32,2,0.000250578,0.000247002,894,823,1788
[RESULT] 20,32,3,0.000238419,0.000234604,894,823,1788
[RESULT] 20,32,4,0.000319719,0.000315666,894,823,1788
[RESULT] 20,32,5,0.000228405,0.000224590,894,823,1788
[RESULT] 20,32,6,0.000251055,0.000247478,894,823,1788
[RESULT] 20,32,7,0.000269175,0.000265360,894,823,1788
[RESULT] 20,32,8,0.000223160,0.000219584,894,823,1788
[RESULT] 20,32,9,0.000238419,0.000234842,894,823,1788
[RESULT] 9,32,0,0.000317335,0.000313520,879,807,1758
[RESULT] 9,32,1,0.000227928,0.000224590,879,807,1758
[RESULT] 9,32,2,0.000245333,0.000241995,879,807,1758
[RESULT] 9,32,3,0.000185251,0.000181913,879,807,1758
[RESULT] 9,32,4,0.000350237,0.000347137,879,807,1758
[RESULT] 9,32,5,0.000230789,0.000227451,879,807,1758
[RESULT] 9,32,6,0.000237942,0.000234842,879,807,1758
[RESULT] 9,32,7,0.000271559,0.000268221,879,807,1758
[RESULT] 9,32,8,0.000172138,0.000168800,879,807,1758
[RESULT] 9,32,9,0.000243425,0.000240326,879,807,1758
[RESULT] 31,32,0,0.000257730,0.000252962,894,822,1788
[RESULT] 31,32,1,0.000338316,0.000333786,894,822,1788
[RESULT] 31,32,2,0.000272751,0.000268459,894,822,1788
[RESULT] 31,32,3,0.000212669,0.000208139,894,822,1788
[RESULT] 31,32,4,0.000365734,0.000361204,894,822,1788
[RESULT] 31,32,5,0.000224113,0.000219822,894,822,1788
[RESULT] 31,32,6,0.000260592,0.000256300,894,822,1788
[RESULT] 31,32,7,0.000257254,0.000252962,894,822,1788
[RESULT] 31,32,8,0.000225544,0.000221491,894,822,1788
[RESULT] 31,32,9,0.000241518,0.000236988,894,822,1788
[RESULT] 10,32,0,0.000220776,0.000215769,899,827,1798
[RESULT] 10,32,1,0.000232697,0.000227928,899,827,1798
[RESULT] 10,32,2,0.000276804,0.000272274,899,827,1798
[RESULT] 10,32,3,0.000246525,0.000241995,899,827,1798
[RESULT] 10,32,4,0.000222445,0.000217915,899,827,1798
[RESULT] 10,32,5,0.000317574,0.000313044,899,827,1798
[RESULT] 10,32,6,0.000299692,0.000295401,899,827,1798
[RESULT] 10,32,7,0.000305891,0.000301361,899,827,1798
[RESULT] 10,32,8,0.000255823,0.000251293,899,827,1798
[RESULT] 10,32,9,0.000236988,0.000232458,899,827,1798
[RESULT] 24,32,0,0.000290394,0.000285864,914,842,1828
[RESULT] 24,32,1,0.000256538,0.000252962,914,842,1828
[RESULT] 24,32,2,0.000239134,0.000235558,914,842,1828
[RESULT] 24,32,3,0.000213861,0.000210285,914,842,1828
[RESULT] 24,32,4,0.000195026,0.000191450,914,842,1828
[RESULT] 24,32,5,0.000208855,0.000205040,914,842,1828
[RESULT] 24,32,6,0.000280619,0.000277042,914,842,1828
[RESULT] 24,32,7,0.000271320,0.000267744,914,842,1828
[RESULT] 24,32,8,0.000203848,0.000200272,914,842,1828
[RESULT] 24,32,9,0.000214338,0.000210762,914,842,1828
[RESULT] 13,32,0,0.000285387,0.000282049,874,801,1748
[RESULT] 13,32,1,0.000213861,0.000210524,874,801,1748
[RESULT] 13,32,2,0.000237226,0.000233889,874,801,1748
[RESULT] 13,32,3,0.000177860,0.000174761,874,801,1748
[RESULT] 13,32,4,0.000214815,0.000211716,874,801,1748
[RESULT] 13,32,5,0.000254393,0.000250816,874,801,1748
[RESULT] 13,32,6,0.000224352,0.000221252,874,801,1748
[RESULT] 13,32,7,0.000248432,0.000245094,874,801,1748
[RESULT] 13,32,8,0.000174522,0.000171185,874,801,1748
[RESULT] 13,32,9,0.000227690,0.000224352,874,801,1748
[RESULT] 3,32,0,0.000256062,0.000251055,883,811,1766
[RESULT] 3,32,1,0.000363588,0.000358820,883,811,1766
[RESULT] 3,32,2,0.000260115,0.000255585,883,811,1766
[RESULT] 3,32,3,0.000226736,0.000222206,883,811,1766
[RESULT] 3,32,4,0.000364065,0.000359535,883,811,1766
[RESULT] 3,32,5,0.000235081,0.000230551,883,811,1766
[RESULT] 3,32,6,0.000300646,0.000296116,883,811,1766
[RESULT] 3,32,7,0.000277042,0.000272512,883,811,1766
[RESULT] 3,32,8,0.000283241,0.000278711,883,811,1766
[RESULT] 3,32,9,0.000255585,0.000251055,883,811,1766
[RESULT] 14,32,0,0.000226974,0.000221729,909,836,1818
[RESULT] 14,32,1,0.000222921,0.000217915,909,836,1818
[RESULT] 14,32,2,0.000264645,0.000259876,909,836,1818
[RESULT] 14,32,3,0.000262976,0.000258207,909,836,1818
[RESULT] 14,32,4,0.000235558,0.000231028,909,836,1818
[RESULT] 14,32,5,0.000324965,0.000319958,909,836,1818
[RESULT] 14,32,6,0.000248432,0.000243425,909,836,1818
[RESULT] 14,32,7,0.000333548,0.000328779,909,836,1818
[RESULT] 14,32,8,0.000247478,0.000242710,909,836,1818
[RESULT] 14,32,9,0.000236034,0.000231266,909,836,1818
[RESULT] 28,32,0,0.000281334,0.000276804,918,846,1836
[RESULT] 28,32,1,0.000222445,0.000218630,918,846,1836
[RESULT] 28,32,2,0.000233889,0.000230074,918,846,1836
[RESULT] 28,32,3,0.000209093,0.000205517,918,846,1836
[RESULT] 28,32,4,0.000188351,0.000184536,918,846,1836
[RESULT] 28,32,5,0.000197649,0.000193834,918,846,1836
[RESULT] 28,32,6,0.000314474,0.000310659,918,846,1836
[RESULT] 28,32,7,0.000218391,0.000214577,918,846,1836
[RESULT] 28,32,8,0.000201941,0.000198364,918,846,1836
[RESULT] 28,32,9,0.000192404,0.000188351,918,846,1836
[RESULT] 21,32,0,0.000264645,0.000261068,853,781,1706
[RESULT] 21,32,1,0.000259161,0.000255585,853,781,1706
[RESULT] 21,32,2,0.000240803,0.000237465,853,781,1706
[RESULT] 21,32,3,0.000198603,0.000195265,853,781,1706
[RESULT] 21,32,4,0.000248194,0.000244856,853,781,1706
[RESULT] 21,32,5,0.000235081,0.000231981,853,781,1706
[RESULT] 21,32,6,0.000197887,0.000194788,853,781,1706
[RESULT] 21,32,7,0.000257730,0.000254393,853,781,1706
[RESULT] 21,32,8,0.000167370,0.000164270,853,781,1706
[RESULT] 21,32,9,0.000260115,0.000256777,853,781,1706
[RESULT] 7,32,0,0.000210762,0.000205755,898,825,1796
[RESULT] 7,32,1,0.000329971,0.000325203,898,825,1796
[RESULT] 7,32,2,0.000254631,0.000250101,898,825,1796
[RESULT] 7,32,3,0.000214577,0.000210047,898,825,1796
[RESULT] 7,32,4,0.000357151,0.000352621,898,825,1796
[RESULT] 7,32,5,0.000249147,0.000244617,898,825,1796
[RESULT] 7,32,6,0.000248671,0.000243902,898,825,1796
[RESULT] 7,32,7,0.000263691,0.000259399,898,825,1796
[RESULT] 7,32,8,0.000244379,0.000240088,898,825,1796
[RESULT] 7,32,9,0.000257015,0.000252724,898,825,1796
[RESULT] 18,32,0,0.000269175,0.000263691,912,841,1824
[RESULT] 18,32,1,0.000274420,0.000269413,912,841,1824
[RESULT] 18,32,2,0.000271320,0.000266552,912,841,1824
[RESULT] 18,32,3,0.000282526,0.000277758,912,841,1824
[RESULT] 18,32,4,0.000354290,0.000349522,912,841,1824
[RESULT] 18,32,5,0.000341415,0.000336409,912,841,1824
[RESULT] 18,32,6,0.000269890,0.000265121,912,841,1824
[RESULT] 18,32,7,0.000348806,0.000344038,912,841,1824
[RESULT] 18,32,8,0.000257969,0.000253201,912,841,1824
[RESULT] 18,32,9,0.000266790,0.000262022,912,841,1824
[RESULT] 4,32,0,0.000263929,0.000259876,934,861,1868
[RESULT] 4,32,1,0.000239134,0.000235319,934,861,1868
[RESULT] 4,32,2,0.000263929,0.000260115,934,861,1868
[RESULT] 4,32,3,0.000232697,0.000228643,934,861,1868
[RESULT] 4,32,4,0.000214577,0.000211000,934,861,1868
[RESULT] 4,32,5,0.000208139,0.000204325,934,861,1868
[RESULT] 4,32,6,0.000259876,0.000256062,934,861,1868
[RESULT] 4,32,7,0.000237942,0.000234127,934,861,1868
[RESULT] 4,32,8,0.000244856,0.000241041,934,861,1868
[RESULT] 4,32,9,0.000239849,0.000236273,934,861,1868
[RESULT] 25,32,0,0.000246763,0.000243187,874,803,1748
[RESULT] 25,32,1,0.000250578,0.000247240,874,803,1748
[RESULT] 25,32,2,0.000222683,0.000219345,874,803,1748
[RESULT] 25,32,3,0.000182152,0.000178814,874,803,1748
[RESULT] 25,32,4,0.000372410,0.000369072,874,803,1748
[RESULT] 25,32,5,0.000211954,0.000208855,874,803,1748
[RESULT] 25,32,6,0.000173569,0.000170469,874,803,1748
[RESULT] 25,32,7,0.000256777,0.000253439,874,803,1748
[RESULT] 25,32,8,0.000173092,0.000169516,874,803,1748
[RESULT] 25,32,9,0.000249386,0.000246286,874,803,1748
[RESULT] 11,32,0,0.000266075,0.000261068,866,794,1732
[RESULT] 11,32,1,0.000295877,0.000291348,866,794,1732
[RESULT] 11,32,2,0.000270844,0.000266314,866,794,1732
[RESULT] 11,32,3,0.000203848,0.000199556,866,794,1732
[RESULT] 11,32,4,0.000339746,0.000335455,866,794,1732
[RESULT] 11,32,5,0.000267267,0.000262976,866,794,1732
[RESULT] 11,32,6,0.000226498,0.000221968,866,794,1732
[RESULT] 11,32,7,0.000259638,0.000255108,866,794,1732
[RESULT] 11,32,8,0.000238419,0.000234127,866,794,1732
[RESULT] 11,32,9,0.000272512,0.000268221,866,794,1732
[RESULT] 29,32,0,0.000296116,0.000292301,886,814,1772
[RESULT] 29,32,1,0.000215292,0.000211954,886,814,1772
[RESULT] 29,32,2,0.000227213,0.000223637,886,814,1772
[RESULT] 29,32,3,0.000203371,0.000200033,886,814,1772
[RESULT] 29,32,4,0.000343561,0.000338554,886,814,1772
[RESULT] 29,32,5,0.000221491,0.000217915,886,814,1772
[RESULT] 29,32,6,0.000258207,0.000254869,886,814,1772
[RESULT] 29,32,7,0.000249386,0.000246048,886,814,1772
[RESULT] 29,32,8,0.000193357,0.000184774,886,814,1772
[RESULT] 29,32,9,0.000203609,0.000200272,886,814,1772
[RESULT] 15,32,0,0.000285387,0.000280142,867,795,1734
[RESULT] 15,32,1,0.000324965,0.000320196,867,795,1734
[RESULT] 15,32,2,0.000287771,0.000282764,867,795,1734
[RESULT] 15,32,3,0.000228882,0.000224352,867,795,1734
[RESULT] 15,32,4,0.000320673,0.000316143,867,795,1734
[RESULT] 15,32,5,0.000270128,0.000265598,867,795,1734
[RESULT] 17,32,0,0.000284910,0.000281334,874,803,1748
[RESULT] 17,32,1,0.000270367,0.000267029,874,803,1748
[RESULT] 17,32,2,0.000259876,0.000256777,874,803,1748
[RESULT] 17,32,3,0.000213861,0.000210762,874,803,1748
[RESULT] 17,32,4,0.000258684,0.000255108,874,803,1748
[RESULT] 17,32,5,0.000231504,0.000228405,874,803,1748
[RESULT] 17,32,6,0.000235081,0.000231743,874,803,1748
[RESULT] 17,32,7,0.000266790,0.000263214,874,803,1748
[RESULT] 17,32,8,0.000195742,0.000192404,874,803,1748
[RESULT] 17,32,9,0.000274420,0.000271082,874,803,1748
[RESULT] 19,32,9,0.000251055,0.000247955,856,785,1712
[RESULT] 15,32,6,0.000277996,0.000273705,867,795,1734
[RESULT] 15,32,7,0.000278473,0.000274181,867,795,1734
[RESULT] 15,32,8,0.000265837,0.000261545,867,795,1734
[RESULT] 15,32,9,0.000284433,0.000279903,867,795,1734
[RESULT] 22,32,0,0.000256777,0.000251293,900,828,1800
[RESULT] 22,32,1,0.000253439,0.000248671,900,828,1800
[RESULT] 22,32,2,0.000292778,0.000288248,900,828,1800
[RESULT] 22,32,3,0.000237703,0.000232935,900,828,1800
[RESULT] 22,32,4,0.000335455,0.000330687,900,828,1800
[RESULT] 22,32,5,0.000305891,0.000301361,900,828,1800
[RESULT] 22,32,6,0.000250578,0.000246048,900,828,1800
[RESULT] 22,32,7,0.000307560,0.000303030,900,828,1800
[RESULT] 22,32,8,0.000237226,0.000232458,900,828,1800
[RESULT] 22,32,9,0.000249147,0.000244379,900,828,1800
