Retrieving the matrix from '../data/tmt_sym.mtx'...
Real Matrix (Strong Scaling): Rows=726713 | Cols=726713 | NNZ=2903837 | Procs=64
Matrix distributed and converted to CSR
Ghost columns identified: 33631 total ghost values needed
Local vector initialized (size=11355 per process)
[RESULT] 16,64,0,0.003446817,0.003022194,45256,33575,90512
[RESULT] 16,64,1,0.003365278,0.002984285,45256,33575,90512
[RESULT] 16,64,2,0.003324509,0.002949953,45256,33575,90512
[RESULT] 16,64,3,0.003442526,0.003063679,45256,33575,90512
[RESULT] 16,64,4,0.003181696,0.002817392,45256,33575,90512
[RESULT] 16,64,5,0.003314972,0.002953768,45256,33575,90512
[RESULT] 16,64,6,0.003177166,0.002820969,45256,33575,90512
[RESULT] 16,64,7,0.003230333,0.002853394,45256,33575,90512
[RESULT] 16,64,8,0.003135204,0.002760887,45256,33575,90512
[RESULT] 16,64,9,0.003226519,0.002853870,45256,33575,90512
[RESULT] 47,64,0,0.004194021,0.003787994,45387,33737,90774
[RESULT] 47,64,1,0.003349066,0.003054857,45387,33737,90774
[RESULT] 47,64,2,0.003833055,0.003547907,45387,33737,90774
[RESULT] 47,64,3,0.003187418,0.002898216,45387,33737,90774
[RESULT] 47,64,4,0.002995729,0.002708197,45387,33737,90774
[RESULT] 47,64,5,0.003066063,0.002785683,45387,33737,90774
[RESULT] 47,64,6,0.003106594,0.002820253,45387,33737,90774
[RESULT] 47,64,7,0.003048420,0.002763987,45387,33737,90774
[RESULT] 47,64,8,0.003572702,0.003287792,45387,33737,90774
[RESULT] 47,64,9,0.003108978,0.002818823,45387,33737,90774
[RESULT] 20,64,0,0.003384590,0.002955198,45360,33658,90720
[RESULT] 20,64,1,0.003912926,0.003505468,45360,33658,90720
[RESULT] 20,64,2,0.003277779,0.002889633,45360,33658,90720
[RESULT] 20,64,3,0.003250360,0.002867699,45360,33658,90720
[RESULT] 20,64,4,0.003515720,0.003136873,45360,33658,90720
[RESULT] 20,64,5,0.003594160,0.003200054,45360,33658,90720
[RESULT] 20,64,6,0.003589153,0.003191233,45360,33658,90720
[RESULT] 20,64,7,0.003567457,0.003194094,45360,33658,90720
[RESULT] 20,64,8,0.003378630,0.003011703,45360,33658,90720
[RESULT] 20,64,9,0.003282547,0.002912521,45360,33658,90720
[RESULT] 33,64,0,0.003969669,0.003425598,45336,33622,90672
[RESULT] 33,64,1,0.003695726,0.003193378,45336,33622,90672
[RESULT] 33,64,2,0.003721714,0.003247738,45336,33622,90672
[RESULT] 33,64,3,0.003530025,0.003079891,45336,33622,90672
[RESULT] 33,64,4,0.003284693,0.002896070,45336,33622,90672
[RESULT] 33,64,5,0.003648758,0.003271580,45336,33622,90672
[RESULT] 33,64,6,0.003599167,0.003225803,45336,33622,90672
[RESULT] 33,64,7,0.003567696,0.003190994,45336,33622,90672
[RESULT] 33,64,8,0.003372431,0.002961636,45336,33622,90672
[RESULT] 33,64,9,0.003350735,0.002944231,45336,33622,90672
[RESULT] 23,64,0,0.003786325,0.003455639,45390,33680,90780
[RESULT] 23,64,1,0.003569841,0.003264189,45390,33680,90780
[RESULT] 23,64,2,0.003620625,0.003326893,45390,33680,90780
[RESULT] 23,64,3,0.003308058,0.003015518,45390,33680,90780
[RESULT] 12,64,0,0.003694296,0.003291607,45352,33688,90704
[RESULT] 12,64,1,0.003435135,0.003066540,45352,33688,90704
[RESULT] 12,64,2,0.003667116,0.003296137,45352,33688,90704
[RESULT] 12,64,3,0.003468275,0.003109217,45352,33688,90704
[RESULT] 12,64,4,0.003420830,0.003070354,45352,33688,90704
[RESULT] 50,64,0,0.004067421,0.003616810,45350,33556,90700
[RESULT] 50,64,1,0.003741026,0.003343344,45350,33556,90700
[RESULT] 50,64,2,0.003876686,0.003477097,45350,33556,90700
[RESULT] 50,64,3,0.003546000,0.003167152,45350,33556,90700
[RESULT] 50,64,4,0.003544569,0.003182888,45350,33556,90700
[RESULT] 50,64,5,0.003704309,0.003343344,45350,33556,90700
[RESULT] 50,64,6,0.003477573,0.003127813,45350,33556,90700
[RESULT] 50,64,7,0.003439903,0.003087044,45350,33556,90700
[RESULT] 50,64,8,0.003626585,0.003265381,45350,33556,90700
[RESULT] 50,64,9,0.003358126,0.003005505,45350,33556,90700
[RESULT] 39,64,0,0.003751516,0.003370047,45560,33921,91120
[RESULT] 39,64,1,0.003379107,0.003075600,45560,33921,91120
[RESULT] 39,64,2,0.003430605,0.003134966,45560,33921,91120
[RESULT] 39,64,3,0.003253460,0.002959967,45560,33921,91120
[RESULT] 39,64,4,0.003146410,0.002854109,45560,33921,91120
[RESULT] 39,64,5,0.003400564,0.003118038,45560,33921,91120
[RESULT] 39,64,6,0.003107786,0.002824545,45560,33921,91120
[RESULT] 39,64,7,0.003150463,0.002865076,45560,33921,91120
[RESULT] 39,64,8,0.003503323,0.003218889,45560,33921,91120
[RESULT] 39,64,9,0.003333807,0.003048420,45560,33921,91120
[RESULT] 12,64,5,0.003440619,0.003082991,45352,33688,90704
[RESULT] 12,64,6,0.003380775,0.003008366,45352,33688,90704
[RESULT] 12,64,7,0.003844738,0.003464222,45352,33688,90704
[RESULT] 12,64,8,0.003333807,0.002963305,45352,33688,90704
[RESULT] 12,64,9,0.003366470,0.003000975,45352,33688,90704
[RESULT] 45,64,0,0.004108667,0.003626585,45311,33584,90622
[RESULT] 45,64,1,0.003718615,0.003260374,45311,33584,90622
[RESULT] 45,64,2,0.004094601,0.003598690,45311,33584,90622
[RESULT] 45,64,3,0.003446102,0.003003597,45311,33584,90622
[RESULT] 45,64,4,0.004010916,0.003504038,45311,33584,90622
[RESULT] 45,64,5,0.003762484,0.003294706,45311,33584,90622
[RESULT] 45,64,6,0.003767252,0.003307104,45311,33584,90622
[RESULT] 45,64,7,0.003762007,0.003298521,45311,33584,90622
[RESULT] 46,64,0,0.004081964,0.003631830,45325,33564,90650
[RESULT] 46,64,1,0.003812790,0.003388882,45325,33564,90650
[RESULT] 46,64,2,0.003920555,0.003509998,45325,33564,90650
[RESULT] 46,64,3,0.003522635,0.003127098,45325,33564,90650
[RESULT] 46,64,4,0.003661871,0.003245354,45325,33564,90650
[RESULT] 46,64,5,0.003037214,0.002642870,45325,33564,90650
[RESULT] 46,64,6,0.003539085,0.003129721,45325,33564,90650
[RESULT] 46,64,7,0.003572226,0.003151655,45325,33564,90650
[RESULT] 23,64,4,0.003372908,0.003088474,45390,33680,90780
[RESULT] 23,64,5,0.003364086,0.003079653,45390,33680,90780
[RESULT] 23,64,6,0.003289700,0.003007412,45390,33680,90780
[RESULT] 23,64,7,0.003361225,0.003067970,45390,33680,90780
[RESULT] 23,64,8,0.003426313,0.003137827,45390,33680,90780
[RESULT] 23,64,9,0.003336906,0.003052950,45390,33680,90780
[RESULT] 48,64,0,0.004109859,0.003677845,45429,33775,90858
[RESULT] 48,64,1,0.004004717,0.003601313,45429,33775,90858
[RESULT] 48,64,2,0.004006147,0.003624201,45429,33775,90858
[RESULT] 45,64,8,0.004159689,0.003685951,45311,33584,90622
[RESULT] 45,64,9,0.003448009,0.003009558,45311,33584,90622
[RESULT] 46,64,8,0.003746510,0.003337383,45325,33564,90650
[RESULT] 46,64,9,0.003529072,0.003132343,45325,33564,90650
[RESULT] 31,64,0,0.004239321,0.003711462,45342,33702,90684
[RESULT] 31,64,1,0.003886461,0.003516197,45342,33702,90684
[RESULT] 31,64,2,0.003537655,0.003182411,45342,33702,90684
[RESULT] 52,64,0,0.004459143,0.004033566,45409,33727,90818
[RESULT] 52,64,1,0.003646135,0.003274202,45409,33727,90818
[RESULT] 52,64,2,0.004128456,0.003765345,45409,33727,90818
[RESULT] 52,64,3,0.003343105,0.002997875,45409,33727,90818
[RESULT] 52,64,4,0.003268480,0.002890587,45409,33727,90818
[RESULT] 52,64,5,0.003449678,0.003039837,45409,33727,90818
[RESULT] 52,64,6,0.003533125,0.003127098,45409,33727,90818
[RESULT] 52,64,7,0.003420115,0.003019810,45409,33727,90818
[RESULT] 52,64,8,0.003885746,0.003458977,45409,33727,90818
[RESULT] 37,64,0,0.003849030,0.003306389,45363,33689,90726
[RESULT] 37,64,1,0.003812551,0.003293514,45363,33689,90726
[RESULT] 37,64,2,0.003250599,0.002803087,45363,33689,90726
[RESULT] 31,64,3,0.003433943,0.003080130,45342,33702,90684
[RESULT] 31,64,4,0.003433228,0.003072500,45342,33702,90684
[RESULT] 31,64,5,0.003653765,0.003285408,45342,33702,90684
[RESULT] 31,64,6,0.003433466,0.003068209,45342,33702,90684
[RESULT] 31,64,7,0.003415108,0.003045559,45342,33702,90684
[RESULT] 31,64,8,0.003444195,0.003081799,45342,33702,90684
[RESULT] 31,64,9,0.003495455,0.003167152,45342,33702,90684
[RESULT] 48,64,3,0.003409863,0.003046751,45429,33775,90858
[RESULT] 48,64,4,0.003832340,0.003445387,45429,33775,90858
[RESULT] 48,64,5,0.003708601,0.003307581,45429,33775,90858
[RESULT] 48,64,6,0.003496885,0.003124237,45429,33775,90858
[RESULT] 48,64,7,0.003595114,0.003230572,45429,33775,90858
[RESULT] 48,64,8,0.003607988,0.003242254,45429,33775,90858
[RESULT] 48,64,9,0.003406286,0.003043413,45429,33775,90858
[RESULT] 37,64,3,0.003708601,0.003239870,45363,33689,90726
[RESULT] 37,64,4,0.003743410,0.003317833,45363,33689,90726
[RESULT] 37,64,5,0.003655434,0.003267765,45363,33689,90726
[RESULT] 37,64,6,0.003581762,0.003216982,45363,33689,90726
[RESULT] 37,64,7,0.003585815,0.003205061,45363,33689,90726
[RESULT] 37,64,8,0.003215313,0.002825260,45363,33689,90726
[RESULT] 55,64,0,0.004311085,0.003870010,45302,33565,90604
[RESULT] 55,64,1,0.003814936,0.003487587,45302,33565,90604
[RESULT] 55,64,2,0.003804684,0.003507376,45302,33565,90604
[RESULT] 55,64,3,0.003560543,0.003270864,45302,33565,90604
[RESULT] 52,64,9,0.003383875,0.003001451,45409,33727,90818
[RESULT] 37,64,9,0.003561735,0.003141165,45363,33689,90726
[RESULT] 15,64,0,0.003760099,0.003202438,45495,33844,90990
[RESULT] 15,64,1,0.003210306,0.002883673,45495,33844,90990
[RESULT] 40,64,0,0.003842592,0.003422022,45299,33642,90598
[RESULT] 40,64,1,0.003510714,0.003084183,45299,33642,90598
[RESULT] 40,64,2,0.004016399,0.003596067,45299,33642,90598
[RESULT] 40,64,3,0.003483295,0.003102779,45299,33642,90598
[RESULT] 40,64,4,0.003330231,0.002959013,45299,33642,90598
[RESULT] 21,64,0,0.003992319,0.003467083,45393,33539,90786
[RESULT] 21,64,1,0.004017353,0.003507376,45393,33539,90786
[RESULT] 21,64,2,0.004036903,0.003575325,45393,33539,90786
[RESULT] 21,64,3,0.003611326,0.003180504,45393,33539,90786
[RESULT] 55,64,4,0.003555536,0.003270864,45302,33565,90604
[RESULT] 55,64,5,0.003556013,0.003272772,45302,33565,90604
[RESULT] 55,64,6,0.003597498,0.003302336,45302,33565,90604
[RESULT] 55,64,7,0.003568411,0.003269911,45302,33565,90604
[RESULT] 55,64,8,0.003611803,0.003323317,45302,33565,90604
[RESULT] 55,64,9,0.003631592,0.003346443,45302,33565,90604
[RESULT] 40,64,5,0.003651142,0.003240347,45299,33642,90598
[RESULT] 40,64,6,0.003656626,0.003261566,45299,33642,90598
[RESULT] 40,64,7,0.003717422,0.003312826,45299,33642,90598
[RESULT] 40,64,8,0.003688097,0.003298759,45299,33642,90598
[RESULT] 40,64,9,0.003602266,0.003212929,45299,33642,90598
[RESULT] 21,64,4,0.003644705,0.003266335,45393,33539,90786
[RESULT] 21,64,5,0.003687859,0.003330469,45393,33539,90786
[RESULT] 21,64,6,0.003898382,0.003516912,45393,33539,90786
[RESULT] 15,64,2,0.003897905,0.003579378,45495,33844,90990
[RESULT] 15,64,3,0.003560781,0.003244638,45495,33844,90990
[RESULT] 15,64,4,0.003514528,0.003201485,45495,33844,90990
[RESULT] 15,64,5,0.003643513,0.003328085,45495,33844,90990
[RESULT] 15,64,6,0.003612041,0.003289938,45495,33844,90990
[RESULT] 4,64,0,0.004252911,0.003769636,45401,33704,90802
[RESULT] 4,64,1,0.003932476,0.003530502,45401,33704,90802
[RESULT] 4,64,2,0.003931999,0.003544569,45401,33704,90802
[RESULT] 4,64,3,0.003705740,0.003339291,45401,33704,90802
[RESULT] 21,64,7,0.003680468,0.003312349,45393,33539,90786
[RESULT] 21,64,8,0.003592014,0.003191710,45393,33539,90786
[RESULT] 21,64,9,0.003647566,0.003250599,45393,33539,90786
[RESULT] 15,64,7,0.003572464,0.003251553,45495,33844,90990
[RESULT] 15,64,8,0.003489733,0.003179312,45495,33844,90990
[RESULT] 15,64,9,0.003641367,0.003330231,45495,33844,90990
[RESULT] 4,64,4,0.003731251,0.003360510,45401,33704,90802
[RESULT] 4,64,5,0.003782511,0.003378153,45401,33704,90802
[RESULT] 4,64,6,0.003728628,0.003317595,45401,33704,90802
[RESULT] 4,64,7,0.003770113,0.003378630,45401,33704,90802
[RESULT] 4,64,8,0.003682613,0.003295183,45401,33704,90802
[RESULT] 4,64,9,0.003659248,0.003278255,45401,33704,90802
[RESULT] 17,64,0,0.004030943,0.003507853,45488,33850,90976
[RESULT] 17,64,1,0.004012823,0.003507376,45488,33850,90976
[RESULT] 17,64,2,0.003760099,0.003311396,45488,33850,90976
[RESULT] 17,64,3,0.003809690,0.003379583,45488,33850,90976
[RESULT] 51,64,0,0.004327536,0.003993511,45372,33704,90744
[RESULT] 51,64,1,0.003872633,0.003567219,45372,33704,90744
[RESULT] 51,64,2,0.003970623,0.003685713,45372,33704,90744
[RESULT] 51,64,3,0.003591299,0.003310442,45372,33704,90744
[RESULT] 51,64,4,0.003615379,0.003335953,45372,33704,90744
[RESULT] 51,64,5,0.003649235,0.003368616,45372,33704,90744
[RESULT] 44,64,0,0.004207134,0.003774166,45402,33723,90804
[RESULT] 44,64,1,0.003701210,0.003324270,45402,33723,90804
[RESULT] 44,64,2,0.003935575,0.003567219,45402,33723,90804
[RESULT] 44,64,3,0.003605843,0.003242970,45402,33723,90804
[RESULT] 13,64,0,0.004239798,0.003700972,45371,33638,90742
[RESULT] 13,64,1,0.004004002,0.003498554,45371,33638,90742
[RESULT] 13,64,2,0.003820181,0.003376722,45371,33638,90742
[RESULT] 51,64,6,0.003679037,0.003388405,45372,33704,90744
[RESULT] 51,64,7,0.003634691,0.003353357,45372,33704,90744
[RESULT] 51,64,8,0.003618240,0.003336191,45372,33704,90744
[RESULT] 51,64,9,0.003662348,0.003381491,45372,33704,90744
[RESULT] 44,64,4,0.003775120,0.003401995,45402,33723,90804
[RESULT] 44,64,5,0.003733397,0.003340960,45402,33723,90804
[RESULT] 44,64,6,0.003729105,0.003370762,45402,33723,90804
[RESULT] 44,64,7,0.003613949,0.003259897,45402,33723,90804
[RESULT] 44,64,8,0.003742933,0.003381252,45402,33723,90804
[RESULT] 44,64,9,0.003733397,0.003360271,45402,33723,90804
[RESULT] 17,64,4,0.003803015,0.003419399,45488,33850,90976
[RESULT] 17,64,5,0.003673792,0.003319740,45488,33850,90976
[RESULT] 17,64,6,0.003803730,0.003447533,45488,33850,90976
[RESULT] 17,64,7,0.003790140,0.003427505,45488,33850,90976
[RESULT] 17,64,8,0.003771544,0.003388405,45488,33850,90976
[RESULT] 17,64,9,0.003707886,0.003319502,45488,33850,90976
[RESULT] 63,64,0,0.004428387,0.004040956,45414,33777,90828
[RESULT] 63,64,1,0.004018307,0.003693104,45414,33777,90828
[RESULT] 63,64,2,0.004052639,0.003751516,45414,33777,90828
[RESULT] 63,64,3,0.003710747,0.003421545,45414,33777,90828
[RESULT] 60,64,0,0.004133940,0.003757477,45363,33624,90726
[RESULT] 60,64,1,0.003853321,0.003415108,45363,33624,90726
[RESULT] 60,64,2,0.003957033,0.003598213,45363,33624,90726
[RESULT] 60,64,3,0.003693104,0.003291130,45363,33624,90726
[RESULT] 60,64,4,0.003715992,0.003291368,45363,33624,90726
[RESULT] 60,64,5,0.003666878,0.003231764,45363,33624,90726
[RESULT] 13,64,3,0.003909111,0.003478050,45371,33638,90742
[RESULT] 13,64,4,0.003892422,0.003497124,45371,33638,90742
[RESULT] 13,64,5,0.003675461,0.003312588,45371,33638,90742
[RESULT] 13,64,6,0.003891230,0.003514528,45371,33638,90742
[RESULT] 13,64,7,0.003880978,0.003503799,45371,33638,90742
[RESULT] 13,64,8,0.003821373,0.003426552,45371,33638,90742
[RESULT] 43,64,0,0.004667282,0.004085779,45365,33634,90730
[RESULT] 43,64,1,0.004020691,0.003652811,45365,33634,90730
[RESULT] 43,64,2,0.004177570,0.003802061,45365,33634,90730
[RESULT] 43,64,3,0.003751278,0.003377199,45365,33634,90730
[RESULT] 43,64,4,0.003692150,0.003319025,45365,33634,90730
[RESULT] 43,64,5,0.003762960,0.003377914,45365,33634,90730
[RESULT] 43,64,6,0.003322124,0.002954006,45365,33634,90730
[RESULT] 43,64,7,0.003793240,0.003412724,45365,33634,90730
[RESULT] 43,64,8,0.003880978,0.003511190,45365,33634,90730
[RESULT] 60,64,6,0.003726482,0.003303766,45363,33624,90726
[RESULT] 60,64,7,0.003714085,0.003288984,45363,33624,90726
[RESULT] 60,64,8,0.003694296,0.003267050,45363,33624,90726
[RESULT] 60,64,9,0.003736258,0.003313780,45363,33624,90726
[RESULT] 13,64,9,0.003705978,0.003309965,45371,33638,90742
[RESULT] 63,64,4,0.003733635,0.003444910,45414,33777,90828
[RESULT] 63,64,5,0.003785133,0.003489256,45414,33777,90828
[RESULT] 63,64,6,0.003747225,0.003452301,45414,33777,90828
[RESULT] 63,64,7,0.003767490,0.003477335,45414,33777,90828
[RESULT] 63,64,8,0.003530741,0.003245115,45414,33777,90828
[RESULT] 63,64,9,0.003764391,0.003476858,45414,33777,90828
[RESULT] 28,64,0,0.004175425,0.003732681,45449,33700,90898
[RESULT] 61,64,0,0.004343987,0.003791332,45411,33719,90822
[RESULT] 61,64,1,0.003846645,0.003344774,45411,33719,90822
[RESULT] 61,64,2,0.004041672,0.003569603,45411,33719,90822
[RESULT] 61,64,3,0.003724575,0.003291130,45411,33719,90822
[RESULT] 43,64,9,0.003772259,0.003434658,45365,33634,90730
[RESULT] 8,64,0,0.004115820,0.003678322,45402,33750,90804
[RESULT] 8,64,1,0.003986597,0.003571272,45402,33750,90804
[RESULT] 8,64,2,0.003703594,0.003322840,45402,33750,90804
[RESULT] 8,64,3,0.003810167,0.003426790,45402,33750,90804
[RESULT] 61,64,4,0.003543139,0.003185987,45411,33719,90822
[RESULT] 61,64,5,0.003616095,0.003268957,45411,33719,90822
[RESULT] 61,64,6,0.003621101,0.003266573,45411,33719,90822
[RESULT] 61,64,7,0.003710747,0.003340721,45411,33719,90822
[RESULT] 61,64,8,0.003791094,0.003386736,45411,33719,90822
[RESULT] 42,64,0,0.003812075,0.003373384,45387,33633,90774
[RESULT] 42,64,1,0.003813982,0.003399372,45387,33633,90774
[RESULT] 42,64,2,0.003457785,0.003081560,45387,33633,90774
[RESULT] 42,64,3,0.003415346,0.003039598,45387,33633,90774
[RESULT] 42,64,4,0.003337145,0.002968073,45387,33633,90774
[RESULT] 19,64,0,0.004133701,0.003744602,45255,33591,90510
[RESULT] 19,64,1,0.003844976,0.003541708,45255,33591,90510
[RESULT] 19,64,2,0.003733873,0.003449440,45255,33591,90510
[RESULT] 19,64,3,0.003780127,0.003501177,45255,33591,90510
[RESULT] 28,64,1,0.003901005,0.003519773,45449,33700,90898
[RESULT] 28,64,2,0.004077435,0.003694773,45449,33700,90898
[RESULT] 28,64,3,0.003875017,0.003509283,45449,33700,90898
[RESULT] 28,64,4,0.003858566,0.003487110,45449,33700,90898
[RESULT] 28,64,5,0.003900051,0.003502607,45449,33700,90898
[RESULT] 28,64,6,0.003917217,0.003528357,45449,33700,90898
[RESULT] 28,64,7,0.004023552,0.003628969,45449,33700,90898
[RESULT] 28,64,8,0.004001379,0.003609180,45449,33700,90898
[RESULT] 28,64,9,0.003782988,0.003404379,45449,33700,90898
[RESULT] 61,64,9,0.003744364,0.003334999,45411,33719,90822
[RESULT] 19,64,4,0.003717184,0.003435135,45255,33591,90510
[RESULT] 19,64,5,0.003792763,0.003505945,45255,33591,90510
[RESULT] 19,64,6,0.003829718,0.003548384,45255,33591,90510
[RESULT] 19,64,7,0.003774166,0.003491640,45255,33591,90510
[RESULT] 19,64,8,0.003648281,0.003367662,45255,33591,90510
[RESULT] 0,64,0,0.004256487,0.003767252,45253,33631,90506
[RESULT] 0,64,1,0.003992081,0.003582001,45253,33631,90506
[RESULT] 0,64,2,0.003953695,0.003544569,45253,33631,90506
[RESULT] 0,64,3,0.003729582,0.003355503,45253,33631,90506
[RESULT] 0,64,4,0.003870010,0.003475189,45253,33631,90506
[RESULT] 0,64,5,0.003738403,0.003336668,45253,33631,90506
[RESULT] 0,64,6,0.003875732,0.003454685,45253,33631,90506
[RESULT] 0,64,7,0.003790379,0.003381491,45253,33631,90506
[RESULT] 41,64,0,0.003592491,0.003119230,45419,33751,90838
[RESULT] 41,64,1,0.004063845,0.003554583,45419,33751,90838
[RESULT] 41,64,2,0.003789186,0.003309727,45419,33751,90838
[RESULT] 42,64,5,0.003511906,0.003151894,45387,33633,90774
[RESULT] 42,64,6,0.003686428,0.003306150,45387,33633,90774
[RESULT] 42,64,7,0.003584385,0.003195047,45387,33633,90774
[RESULT] 42,64,8,0.003771544,0.003393173,45387,33633,90774
[RESULT] 42,64,9,0.003833055,0.003463984,45387,33633,90774
[RESULT] 19,64,9,0.003846169,0.003565788,45255,33591,90510
[RESULT] 8,64,4,0.003862619,0.003465176,45402,33750,90804
[RESULT] 8,64,5,0.003830671,0.003423214,45402,33750,90804
[RESULT] 8,64,6,0.003813982,0.003423452,45402,33750,90804
[RESULT] 8,64,7,0.003782988,0.003406286,45402,33750,90804
[RESULT] 8,64,8,0.003584862,0.003212929,45402,33750,90804
[RESULT] 8,64,9,0.003798723,0.003406763,45402,33750,90804
[RESULT] 5,64,0,0.004195929,0.003709078,45335,33665,90670
[RESULT] 5,64,1,0.004081964,0.003606796,45335,33665,90670
[RESULT] 5,64,2,0.003844738,0.003405809,45335,33665,90670
[RESULT] 5,64,3,0.003771305,0.003334522,45335,33665,90670
[RESULT] 35,64,0,0.004477739,0.004112959,45215,33377,90430
[RESULT] 35,64,1,0.004050732,0.003733635,45215,33377,90430
[RESULT] 35,64,2,0.004049778,0.003752947,45215,33377,90430
[RESULT] 35,64,3,0.003841639,0.003551722,45215,33377,90430
[RESULT] 0,64,8,0.003471851,0.003083706,45253,33631,90506
[RESULT] 0,64,9,0.003815651,0.003395557,45253,33631,90506

Benchmark Summary
Processes: 64
Iterations: 10
Matrix NNZ: 2903837
Total execution time: 2.415 seconds
[RESULT] 41,64,3,0.003906012,0.003420591,45419,33751,90838
[RESULT] 41,64,4,0.003973246,0.003484011,45419,33751,90838
[RESULT] 41,64,5,0.003850222,0.003373623,45419,33751,90838
[RESULT] 41,64,6,0.003786325,0.003320456,45419,33751,90838
[RESULT] 41,64,7,0.003899097,0.003424644,45419,33751,90838
[RESULT] 41,64,8,0.003516197,0.003071070,45419,33751,90838
[RESULT] 54,64,0,0.004034758,0.003586054,45455,33784,90910
[RESULT] 54,64,1,0.003491879,0.003089428,45455,33784,90910
[RESULT] 54,64,2,0.003885269,0.003450394,45455,33784,90910
[RESULT] 54,64,3,0.003565311,0.003161430,45455,33784,90910
[RESULT] 54,64,4,0.003440619,0.003036261,45455,33784,90910
[RESULT] 7,64,0,0.004487514,0.003987312,45387,33742,90774
[RESULT] 7,64,1,0.003782988,0.003271580,45387,33742,90774
[RESULT] 32,64,0,0.004206419,0.003712654,45332,33699,90664
[RESULT] 32,64,1,0.003825903,0.003424406,45332,33699,90664
[RESULT] 32,64,2,0.003834009,0.003445387,45332,33699,90664
[RESULT] 32,64,3,0.003804207,0.003427267,45332,33699,90664
[RESULT] 5,64,4,0.003925562,0.003466129,45335,33665,90670
[RESULT] 5,64,5,0.003920078,0.003459692,45335,33665,90670
[RESULT] 5,64,6,0.003816605,0.003366947,45335,33665,90670
[RESULT] 5,64,7,0.003861666,0.003417253,45335,33665,90670
[RESULT] 5,64,8,0.003927469,0.003473043,45335,33665,90670
[RESULT] 35,64,4,0.003845453,0.003554821,45215,33377,90430
[RESULT] 35,64,5,0.003794432,0.003499031,45215,33377,90430
[RESULT] 35,64,6,0.003855705,0.003564835,45215,33377,90430
[RESULT] 35,64,7,0.003834486,0.003544331,45215,33377,90430
[RESULT] 35,64,8,0.003658772,0.003369570,45215,33377,90430
[RESULT] 35,64,9,0.003871441,0.003582478,45215,33377,90430
[RESULT] 32,64,4,0.003798962,0.003414631,45332,33699,90664
[RESULT] 32,64,5,0.003802299,0.003386974,45332,33699,90664
[RESULT] 32,64,6,0.003836155,0.003425360,45332,33699,90664
[RESULT] 32,64,7,0.003863811,0.003461361,45332,33699,90664
[RESULT] 32,64,8,0.003802776,0.003401756,45332,33699,90664
[RESULT] 32,64,9,0.003848553,0.003427982,45332,33699,90664
[RESULT] 41,64,9,0.003828526,0.003352404,45419,33751,90838
[RESULT] 54,64,5,0.003539324,0.003135681,45455,33784,90910
[RESULT] 54,64,6,0.003117561,0.002717018,45455,33784,90910
[RESULT] 54,64,7,0.003386974,0.002972364,45455,33784,90910
[RESULT] 54,64,8,0.003614902,0.003184795,45455,33784,90910
[RESULT] 54,64,9,0.003923655,0.003492594,45455,33784,90910
[RESULT] 7,64,2,0.004248619,0.003838778,45387,33742,90774
[RESULT] 7,64,3,0.003825426,0.003430843,45387,33742,90774
[RESULT] 7,64,4,0.003722668,0.003291368,45387,33742,90774
[RESULT] 7,64,5,0.003654480,0.003179789,45387,33742,90774
[RESULT] 7,64,6,0.003619194,0.003095388,45387,33742,90774
[RESULT] 7,64,7,0.003755093,0.003309011,45387,33742,90774
[RESULT] 56,64,0,0.004476786,0.004032612,45394,33768,90788
[RESULT] 56,64,1,0.003917217,0.003518820,45394,33768,90788
[RESULT] 56,64,2,0.004142761,0.003763676,45394,33768,90788
[RESULT] 56,64,3,0.003879070,0.003505945,45394,33768,90788
[RESULT] 56,64,4,0.003905773,0.003520012,45394,33768,90788
[RESULT] 5,64,9,0.003821611,0.003382683,45335,33665,90670
[RESULT] 10,64,0,0.004003525,0.003513336,45432,33669,90864
[RESULT] 10,64,1,0.003806114,0.003356457,45432,33669,90864
[RESULT] 10,64,2,0.003781796,0.003359079,45432,33669,90864
[RESULT] 10,64,3,0.003900290,0.003484011,45432,33669,90864
[RESULT] 10,64,4,0.003593683,0.003189087,45432,33669,90864
[RESULT] 59,64,0,0.004550457,0.003988743,45268,33573,90536
[RESULT] 59,64,1,0.004147053,0.003765821,45268,33573,90536
[RESULT] 59,64,2,0.004021406,0.003660679,45268,33573,90536
[RESULT] 59,64,3,0.003841877,0.003478527,45268,33573,90536
[RESULT] 59,64,4,0.003791332,0.003429890,45268,33573,90536
[RESULT] 59,64,5,0.003764153,0.003407001,45268,33573,90536
[RESULT] 59,64,6,0.003882170,0.003530264,45268,33573,90536
[RESULT] 56,64,5,0.003863811,0.003459215,45394,33768,90788
[RESULT] 56,64,6,0.003824472,0.003453970,45394,33768,90788
[RESULT] 56,64,7,0.003836870,0.003463268,45394,33768,90788
[RESULT] 56,64,8,0.003841639,0.003472090,45394,33768,90788
[RESULT] 56,64,9,0.003862143,0.003469944,45394,33768,90788
[RESULT] 1,64,0,0.004300117,0.003758907,45482,33769,90964
[RESULT] 1,64,1,0.004199028,0.003687382,45482,33769,90964
[RESULT] 1,64,2,0.003978014,0.003499985,45482,33769,90964
[RESULT] 1,64,3,0.003932714,0.003485441,45482,33769,90964
[RESULT] 10,64,5,0.003678322,0.003267050,45432,33669,90864
[RESULT] 10,64,6,0.003889084,0.003454447,45432,33669,90864
[RESULT] 10,64,7,0.003787279,0.003364086,45432,33669,90864
[RESULT] 10,64,8,0.003929377,0.003508091,45432,33669,90864
[RESULT] 10,64,9,0.003981352,0.003566504,45432,33669,90864
[RESULT] 7,64,8,0.003860235,0.003461838,45387,33742,90774
[RESULT] 7,64,9,0.003864288,0.003465891,45387,33742,90774
[RESULT] 24,64,0,0.004066229,0.003653288,45565,33935,91130
[RESULT] 24,64,1,0.003920555,0.003530264,45565,33935,91130
[RESULT] 1,64,4,0.003855228,0.003463984,45482,33769,90964
[RESULT] 1,64,5,0.003893614,0.003513336,45482,33769,90964
[RESULT] 1,64,6,0.003876209,0.003504515,45482,33769,90964
[RESULT] 1,64,7,0.003885508,0.003501892,45482,33769,90964
[RESULT] 1,64,8,0.003797054,0.003398895,45482,33769,90964
[RESULT] 1,64,9,0.003894329,0.003489494,45482,33769,90964
[RESULT] 22,64,0,0.003394604,0.003021002,45328,33650,90656
[RESULT] 22,64,1,0.003757715,0.003398895,45328,33650,90656
[RESULT] 22,64,2,0.003217459,0.002876282,45328,33650,90656
[RESULT] 11,64,0,0.004438877,0.003983498,45426,33697,90852
[RESULT] 11,64,1,0.004134893,0.003728867,45426,33697,90852
[RESULT] 11,64,2,0.003925562,0.003531933,45426,33697,90852
[RESULT] 11,64,3,0.003918409,0.003526688,45426,33697,90852
[RESULT] 11,64,4,0.003896713,0.003499031,45426,33697,90852
[RESULT] 11,64,5,0.003884554,0.003511667,45426,33697,90852
[RESULT] 24,64,2,0.003786564,0.003408909,45565,33935,91130
[RESULT] 24,64,3,0.003756523,0.003391504,45565,33935,91130
[RESULT] 24,64,4,0.003938437,0.003555775,45565,33935,91130
[RESULT] 24,64,5,0.003902912,0.003502131,45565,33935,91130
[RESULT] 24,64,6,0.003869295,0.003478527,45565,33935,91130
[RESULT] 24,64,7,0.003907442,0.003524303,45565,33935,91130
[RESULT] 24,64,8,0.003704786,0.003331900,45565,33935,91130
[RESULT] 25,64,0,0.003467560,0.002967358,45242,33617,90484
[RESULT] 25,64,1,0.003793478,0.003285885,45242,33617,90484
[RESULT] 25,64,2,0.003775358,0.003273487,45242,33617,90484
[RESULT] 62,64,0,0.004180670,0.003562689,45389,33679,90778
[RESULT] 62,64,1,0.003732920,0.003201723,45389,33679,90778
[RESULT] 62,64,2,0.003929377,0.003419876,45389,33679,90778
[RESULT] 62,64,3,0.003901005,0.003418207,45389,33679,90778
[RESULT] 62,64,4,0.003820181,0.003351212,45389,33679,90778
[RESULT] 62,64,5,0.003466129,0.003027916,45389,33679,90778
[RESULT] 62,64,6,0.003517151,0.003080130,45389,33679,90778
[RESULT] 62,64,7,0.003624201,0.003179073,45389,33679,90778
[RESULT] 62,64,8,0.003712416,0.003257751,45389,33679,90778
[RESULT] 62,64,9,0.004024267,0.003580093,45389,33679,90778
[RESULT] 59,64,7,0.003837347,0.003496408,45268,33573,90536
[RESULT] 59,64,8,0.003754616,0.003413916,45268,33573,90536
[RESULT] 59,64,9,0.003876209,0.003522158,45268,33573,90536
[RESULT] 24,64,9,0.003896713,0.003486395,45565,33935,91130
[RESULT] 57,64,0,0.004269600,0.003792048,45406,33785,90812
[RESULT] 57,64,1,0.003954887,0.003491640,45406,33785,90812
[RESULT] 57,64,2,0.004058599,0.003603697,45406,33785,90812
[RESULT] 57,64,3,0.003884554,0.003448486,45406,33785,90812
[RESULT] 22,64,3,0.003691673,0.003339291,45328,33650,90656
[RESULT] 22,64,4,0.003816605,0.003464460,45328,33650,90656
[RESULT] 22,64,5,0.003723145,0.003377199,45328,33650,90656
[RESULT] 22,64,6,0.003772020,0.003418207,45328,33650,90656
[RESULT] 22,64,7,0.003602505,0.003257990,45328,33650,90656
[RESULT] 22,64,8,0.003734589,0.003401279,45328,33650,90656
[RESULT] 22,64,9,0.004039764,0.003702641,45328,33650,90656
[RESULT] 11,64,6,0.003864050,0.003491163,45426,33697,90852
[RESULT] 11,64,7,0.003823042,0.003450394,45426,33697,90852
[RESULT] 11,64,8,0.003922701,0.003553152,45426,33697,90852
[RESULT] 11,64,9,0.003891945,0.003516912,45426,33697,90852
[RESULT] 36,64,0,0.004128456,0.003646612,45454,33751,90908
[RESULT] 36,64,1,0.003939867,0.003509998,45454,33751,90908
[RESULT] 36,64,2,0.003903151,0.003480911,45454,33751,90908
[RESULT] 36,64,3,0.003856421,0.003458023,45454,33751,90908
[RESULT] 25,64,3,0.003333569,0.002866507,45242,33617,90484
[RESULT] 25,64,4,0.003682613,0.003203630,45242,33617,90484
[RESULT] 25,64,5,0.003815174,0.003307343,45242,33617,90484
[RESULT] 25,64,6,0.003753424,0.003267050,45242,33617,90484
[RESULT] 25,64,7,0.003768444,0.003280878,45242,33617,90484
[RESULT] 30,64,0,0.004142284,0.003699303,45458,33758,90916
[RESULT] 30,64,1,0.004070520,0.003649235,45458,33758,90916
[RESULT] 30,64,2,0.003762722,0.003375292,45458,33758,90916
[RESULT] 30,64,3,0.003994226,0.003610134,45458,33758,90916
[RESULT] 30,64,4,0.003887892,0.003510714,45458,33758,90916
[RESULT] 30,64,5,0.003952742,0.003568888,45458,33758,90916
[RESULT] 30,64,6,0.004005909,0.003622293,45458,33758,90916
[RESULT] 30,64,7,0.003998756,0.003624201,45458,33758,90916
[RESULT] 30,64,8,0.004017591,0.003646612,45458,33758,90916
[RESULT] 30,64,9,0.004045248,0.003680944,45458,33758,90916
[RESULT] 27,64,0,0.004685402,0.004126310,45350,33668,90700
[RESULT] 27,64,1,0.003992558,0.003659964,45350,33668,90700
[RESULT] 27,64,2,0.004115820,0.003797770,45350,33668,90700
[RESULT] 27,64,3,0.003871202,0.003555536,45350,33668,90700
[RESULT] 27,64,4,0.003837585,0.003520250,45350,33668,90700
[RESULT] 27,64,5,0.003788471,0.003471613,45350,33668,90700
[RESULT] 27,64,6,0.003824949,0.003516674,45350,33668,90700
[RESULT] 27,64,7,0.003755569,0.003448248,45350,33668,90700
[RESULT] 36,64,4,0.003896952,0.003497601,45454,33751,90908
[RESULT] 36,64,5,0.003853321,0.003433943,45454,33751,90908
[RESULT] 36,64,6,0.003807783,0.003391266,45454,33751,90908
[RESULT] 36,64,7,0.003904581,0.003491640,45454,33751,90908
[RESULT] 36,64,8,0.003834248,0.003427982,45454,33751,90908
[RESULT] 36,64,9,0.003948212,0.003506660,45454,33751,90908
[RESULT] 49,64,0,0.004257202,0.003735065,45324,33673,90648
[RESULT] 49,64,1,0.004014492,0.003509760,45324,33673,90648
[RESULT] 49,64,2,0.003971100,0.003490925,45324,33673,90648
[RESULT] 49,64,3,0.003867388,0.003396749,45324,33673,90648
[RESULT] 49,64,4,0.003949404,0.003465652,45324,33673,90648
[RESULT] 49,64,5,0.003921747,0.003445864,45324,33673,90648
[RESULT] 49,64,6,0.003953457,0.003478527,45324,33673,90648
[RESULT] 49,64,7,0.003869057,0.003411770,45324,33673,90648
[RESULT] 34,64,0,0.004029036,0.003573418,45602,33915,91204
[RESULT] 34,64,1,0.003797770,0.003384829,45602,33915,91204
[RESULT] 34,64,2,0.003862381,0.003457308,45602,33915,91204
[RESULT] 34,64,3,0.003712416,0.003326654,45602,33915,91204
[RESULT] 34,64,4,0.003662109,0.003290176,45602,33915,91204
[RESULT] 27,64,8,0.003830194,0.003524542,45350,33668,90700
[RESULT] 27,64,9,0.003912926,0.003600359,45350,33668,90700
[RESULT] 53,64,0,0.004503965,0.003993750,45375,33506,90750
[RESULT] 53,64,1,0.004117727,0.003628254,45375,33506,90750
[RESULT] 53,64,2,0.004103899,0.003629446,45375,33506,90750
[RESULT] 53,64,3,0.003888845,0.003426075,45375,33506,90750
[RESULT] 53,64,4,0.003936291,0.003471851,45375,33506,90750
[RESULT] 53,64,5,0.003935099,0.003457069,45375,33506,90750
[RESULT] 53,64,6,0.003954172,0.003484488,45375,33506,90750
[RESULT] 53,64,7,0.003932953,0.003469467,45375,33506,90750
[RESULT] 53,64,8,0.003887892,0.003433466,45375,33506,90750
[RESULT] 53,64,9,0.003917217,0.003453493,45375,33506,90750
[RESULT] 34,64,5,0.003845692,0.003469229,45602,33915,91204
[RESULT] 34,64,6,0.003879309,0.003498316,45602,33915,91204
[RESULT] 34,64,7,0.003902435,0.003522158,45602,33915,91204
[RESULT] 34,64,8,0.003743649,0.003377199,45602,33915,91204
[RESULT] 34,64,9,0.004090548,0.003712177,45602,33915,91204
[RESULT] 3,64,0,0.004509211,0.004041672,45289,33444,90578
[RESULT] 3,64,1,0.004180908,0.003782749,45289,33444,90578
[RESULT] 3,64,2,0.004205704,0.003828287,45289,33444,90578
[RESULT] 57,64,4,0.003854036,0.003429890,45406,33785,90812
[RESULT] 57,64,5,0.003865004,0.003421068,45406,33785,90812
[RESULT] 57,64,6,0.003908873,0.003455639,45406,33785,90812
[RESULT] 57,64,7,0.003876686,0.003439903,45406,33785,90812
[RESULT] 57,64,8,0.003883600,0.003446102,45406,33785,90812
[RESULT] 57,64,9,0.003905296,0.003461361,45406,33785,90812
[RESULT] 2,64,0,0.004125595,0.003543615,45357,33666,90714
[RESULT] 2,64,1,0.004062653,0.003495455,45357,33666,90714
[RESULT] 2,64,2,0.003953457,0.003419399,45357,33666,90714
[RESULT] 3,64,3,0.003942251,0.003577471,45289,33444,90578
[RESULT] 3,64,4,0.003835201,0.003465652,45289,33444,90578
[RESULT] 3,64,5,0.003890991,0.003523350,45289,33444,90578
[RESULT] 3,64,6,0.003827095,0.003448725,45289,33444,90578
[RESULT] 3,64,7,0.003925085,0.003564119,45289,33444,90578
[RESULT] 9,64,0,0.004168749,0.003632307,45334,33674,90668
[RESULT] 2,64,3,0.003925800,0.003426075,45357,33666,90714
[RESULT] 2,64,4,0.003839016,0.003354549,45357,33666,90714
[RESULT] 2,64,5,0.003907204,0.003417253,45357,33666,90714
[RESULT] 2,64,6,0.003852129,0.003383398,45357,33666,90714
[RESULT] 2,64,7,0.003937721,0.003466129,45357,33666,90714
[RESULT] 2,64,8,0.003829956,0.003376007,45357,33666,90714
[RESULT] 3,64,8,0.003860712,0.003506422,45289,33444,90578
[RESULT] 3,64,9,0.003973484,0.003616333,45289,33444,90578
[RESULT] 25,64,8,0.003560543,0.003093719,45242,33617,90484
[RESULT] 25,64,9,0.003888607,0.003388643,45242,33617,90484
[RESULT] 2,64,9,0.004115820,0.003659487,45357,33666,90714
[RESULT] 49,64,8,0.003913164,0.003454685,45324,33673,90648
[RESULT] 49,64,9,0.003916740,0.003446341,45324,33673,90648
[RESULT] 14,64,0,0.004042387,0.003433943,45261,33491,90522
[RESULT] 14,64,1,0.004215479,0.003642321,45261,33491,90522
[RESULT] 14,64,2,0.003955126,0.003395319,45261,33491,90522
[RESULT] 14,64,3,0.003923178,0.003392458,45261,33491,90522
[RESULT] 14,64,4,0.003917456,0.003408909,45261,33491,90522
[RESULT] 9,64,1,0.004099607,0.003565311,45334,33674,90668
[RESULT] 9,64,2,0.003897667,0.003397703,45334,33674,90668
[RESULT] 9,64,3,0.003900528,0.003377438,45334,33674,90668
[RESULT] 9,64,4,0.003953695,0.003432274,45334,33674,90668
[RESULT] 9,64,5,0.003877163,0.003342152,45334,33674,90668
[RESULT] 9,64,6,0.003916979,0.003382444,45334,33674,90668
[RESULT] 9,64,7,0.003955364,0.003440380,45334,33674,90668
[RESULT] 38,64,0,0.004052401,0.003618240,45260,33458,90520
[RESULT] 38,64,1,0.003992558,0.003583431,45260,33458,90520
[RESULT] 38,64,2,0.003904581,0.003509283,45260,33458,90520
[RESULT] 38,64,3,0.003896236,0.003509045,45260,33458,90520
[RESULT] 38,64,4,0.003865480,0.003490686,45260,33458,90520
[RESULT] 38,64,5,0.003839016,0.003469467,45260,33458,90520
[RESULT] 38,64,6,0.003942728,0.003559589,45260,33458,90520
[RESULT] 38,64,7,0.003772497,0.003389597,45260,33458,90520
[RESULT] 38,64,8,0.003944397,0.003569841,45260,33458,90520
[RESULT] 38,64,9,0.004196167,0.003803492,45260,33458,90520
[RESULT] 9,64,8,0.003801823,0.003251076,45334,33674,90668
[RESULT] 9,64,9,0.003930330,0.003423929,45334,33674,90668
[RESULT] 14,64,5,0.003875256,0.003373146,45261,33491,90522
[RESULT] 14,64,6,0.003856182,0.003370285,45261,33491,90522
[RESULT] 14,64,7,0.003251791,0.002814054,45261,33491,90522
[RESULT] 14,64,8,0.004064322,0.003587961,45261,33491,90522
[RESULT] 14,64,9,0.004190207,0.003706694,45261,33491,90522
[RESULT] 29,64,0,0.003961802,0.003480196,45254,33564,90508
[RESULT] 29,64,1,0.003833294,0.003361225,45254,33564,90508
[RESULT] 29,64,2,0.004007578,0.003530741,45254,33564,90508
[RESULT] 18,64,0,0.004259348,0.003656864,45413,33624,90826
[RESULT] 18,64,1,0.004068613,0.003503561,45413,33624,90826
[RESULT] 18,64,2,0.003884792,0.003347397,45413,33624,90826
[RESULT] 18,64,3,0.003714085,0.003204346,45413,33624,90826
[RESULT] 18,64,4,0.004100084,0.003599882,45413,33624,90826
[RESULT] 18,64,5,0.003806353,0.003336191,45413,33624,90826
[RESULT] 18,64,6,0.003871441,0.003412962,45413,33624,90826
[RESULT] 18,64,7,0.003877640,0.003419876,45413,33624,90826
[RESULT] 18,64,8,0.004065752,0.003612041,45413,33624,90826
[RESULT] 18,64,9,0.004194736,0.003732920,45413,33624,90826
[RESULT] 29,64,3,0.004144192,0.003668547,45254,33564,90508
[RESULT] 29,64,4,0.004162312,0.003683090,45254,33564,90508
[RESULT] 29,64,5,0.004145861,0.003678560,45254,33564,90508
[RESULT] 29,64,6,0.004149675,0.003684998,45254,33564,90508
[RESULT] 29,64,7,0.004149199,0.003684759,45254,33564,90508
[RESULT] 29,64,8,0.003831625,0.003380299,45254,33564,90508
[RESULT] 26,64,0,0.003840685,0.003218651,45361,33637,90722
[RESULT] 26,64,1,0.003926039,0.003345013,45361,33637,90722
[RESULT] 26,64,2,0.003469229,0.002950907,45361,33637,90722
[RESULT] 26,64,3,0.003629208,0.003115416,45361,33637,90722
[RESULT] 26,64,4,0.003744125,0.003237963,45361,33637,90722
[RESULT] 26,64,5,0.003725052,0.003241777,45361,33637,90722
[RESULT] 26,64,6,0.003519297,0.003068924,45361,33637,90722
[RESULT] 26,64,7,0.003713369,0.003253937,45361,33637,90722
[RESULT] 26,64,8,0.003626347,0.003174543,45361,33637,90722
[RESULT] 26,64,9,0.004204035,0.003729105,45361,33637,90722
[RESULT] 29,64,9,0.004167080,0.003681898,45254,33564,90508
[RESULT] 58,64,0,0.004114151,0.003657103,45373,33667,90746
[RESULT] 58,64,1,0.004025698,0.003593922,45373,33667,90746
[RESULT] 58,64,2,0.003852606,0.003442287,45373,33667,90746
[RESULT] 58,64,3,0.003985643,0.003584146,45373,33667,90746
[RESULT] 58,64,4,0.003937721,0.003535748,45373,33667,90746
[RESULT] 58,64,5,0.003996134,0.003587484,45373,33667,90746
[RESULT] 58,64,6,0.003870726,0.003458261,45373,33667,90746
[RESULT] 58,64,7,0.004029751,0.003629208,45373,33667,90746
[RESULT] 58,64,8,0.003969431,0.003574848,45373,33667,90746
[RESULT] 58,64,9,0.004225492,0.003800631,45373,33667,90746
[RESULT] 6,64,0,0.004030704,0.003557444,45305,33514,90610
[RESULT] 6,64,1,0.003800631,0.003362894,45305,33514,90610
[RESULT] 6,64,2,0.003829002,0.003403902,45305,33514,90610
[RESULT] 6,64,3,0.003747702,0.003343821,45305,33514,90610
[RESULT] 6,64,4,0.003828526,0.003410339,45305,33514,90610
[RESULT] 6,64,5,0.003948927,0.003529072,45305,33514,90610
[RESULT] 6,64,6,0.003798485,0.003382444,45305,33514,90610
[RESULT] 6,64,7,0.003947258,0.003535748,45305,33514,90610
[RESULT] 6,64,8,0.003509283,0.003114939,45305,33514,90610
[RESULT] 6,64,9,0.004328012,0.003870010,45305,33514,90610
