Retrieving the matrix from '../data/bcsstk27.mtx'...
Real Matrix (Strong Scaling): Rows=1224 | Cols=1224 | NNZ=28675 | Procs=2
Matrix distributed and converted to CSR
Ghost columns identified: 7303 total ghost values needed
Local vector initialized (size=612 per process)
[RESULT] 0,2,0,0.000071049,0.000026464,14624,7303,29248
[RESULT] 0,2,1,0.000068903,0.000024796,14624,7303,29248
[RESULT] 0,2,2,0.000068665,0.000024796,14624,7303,29248
[RESULT] 0,2,3,0.000068665,0.000024557,14624,7303,29248
[RESULT] 0,2,4,0.000068665,0.000024796,14624,7303,29248
[RESULT] 0,2,5,0.000068665,0.000024796,14624,7303,29248
[RESULT] 0,2,6,0.000068426,0.000024557,14624,7303,29248
[RESULT] 1,2,0,0.000067711,0.000022650,14051,6730,28102
[RESULT] 1,2,1,0.000065804,0.000021458,14051,6730,28102
[RESULT] 1,2,2,0.000071287,0.000026941,14051,6730,28102
[RESULT] 1,2,3,0.000071526,0.000027180,14051,6730,28102
[RESULT] 0,2,7,0.000069857,0.000025988,14624,7303,29248
[RESULT] 0,2,8,0.000069141,0.000025272,14624,7303,29248
[RESULT] 0,2,9,0.000069380,0.000025511,14624,7303,29248

Benchmark Summary
Processes: 2
Iterations: 10
Matrix NNZ: 28675
[RESULT] 1,2,4,0.000070810,0.000026703,14051,6730,28102
[RESULT] 1,2,5,0.000070333,0.000026464,14051,6730,28102
[RESULT] 1,2,6,0.000071287,0.000026703,14051,6730,28102
[RESULT] 1,2,7,0.000072002,0.000027895,14051,6730,28102
[RESULT] 1,2,8,0.000071287,0.000026941,14051,6730,28102
Total execution time: 0.014 seconds
[RESULT] 1,2,9,0.000072002,0.000027895,14051,6730,28102
