Retrieving the matrix from '../data/msdoor.mtx'...
Real Matrix (Strong Scaling): Rows=415863 | Cols=415863 | NNZ=10328399 | Procs=64
Matrix distributed and converted to CSR
Ghost columns identified: 151608 total ghost values needed
Local vector initialized (size=6498 per process)
[RESULT] 22,64,0,0.027696371,0.026268005,161365,153281,322730
[RESULT] 22,64,1,0.026013613,0.024495840,161365,153281,322730
[RESULT] 22,64,2,0.025507450,0.024348497,161365,153281,322730
[RESULT] 22,64,3,0.025795221,0.024758101,161365,153281,322730
[RESULT] 22,64,4,0.021142006,0.019888401,161365,153281,322730
[RESULT] 22,64,5,0.014056206,0.012669086,161365,153281,322730
[RESULT] 22,64,6,0.013421059,0.012176037,161365,153281,322730
[RESULT] 22,64,7,0.014896393,0.013813734,161365,153281,322730
[RESULT] 22,64,8,0.013932943,0.012971878,161365,153281,322730
[RESULT] 22,64,9,0.012810230,0.011954546,161365,153281,322730
[RESULT] 20,64,0,0.024159670,0.022666693,159971,151686,319942
[RESULT] 20,64,1,0.020463943,0.019101381,159971,151686,319942
[RESULT] 20,64,2,0.020956516,0.019775629,159971,151686,319942
[RESULT] 20,64,3,0.021264791,0.020238638,159971,151686,319942
[RESULT] 20,64,4,0.022500753,0.021244764,159971,151686,319942
[RESULT] 20,64,5,0.014942169,0.013556957,159971,151686,319942
[RESULT] 20,64,6,0.014792919,0.013448954,159971,151686,319942
[RESULT] 20,64,7,0.014933348,0.013864517,159971,151686,319942
[RESULT] 20,64,8,0.014131784,0.013221502,159971,151686,319942
[RESULT] 20,64,9,0.014400005,0.013540268,159971,151686,319942
[RESULT] 45,64,0,0.022350550,0.020535231,160761,152642,321522
[RESULT] 45,64,1,0.020113230,0.018147707,160761,152642,321522
[RESULT] 45,64,2,0.019690752,0.017754793,160761,152642,321522
[RESULT] 45,64,3,0.019407511,0.017797947,160761,152642,321522
[RESULT] 45,64,4,0.021036863,0.019048452,160761,152642,321522
[RESULT] 45,64,5,0.018245697,0.016316414,160761,152642,321522
[RESULT] 45,64,6,0.015107870,0.013314247,160761,152642,321522
[RESULT] 45,64,7,0.016504526,0.014468193,160761,152642,321522
[RESULT] 45,64,8,0.019320250,0.017273188,160761,152642,321522
[RESULT] 45,64,9,0.014730215,0.013101578,160761,152642,321522
[RESULT] 2,64,0,0.011584997,0.010113955,161704,153262,323408
[RESULT] 2,64,1,0.011722326,0.010379076,161704,153262,323408
[RESULT] 2,64,2,0.011050463,0.009817839,161704,153262,323408
[RESULT] 2,64,3,0.010802746,0.009712458,161704,153262,323408
[RESULT] 2,64,4,0.011089563,0.009825945,161704,153262,323408
[RESULT] 2,64,5,0.015563011,0.014137030,161704,153262,323408
[RESULT] 2,64,6,0.015414238,0.014000893,161704,153262,323408
[RESULT] 18,64,0,0.011041880,0.010071754,161910,153708,323820
[RESULT] 18,64,1,0.009888172,0.008999586,161910,153708,323820
[RESULT] 18,64,2,0.010281086,0.009332418,161910,153708,323820
[RESULT] 18,64,3,0.010300398,0.009367704,161910,153708,323820
[RESULT] 18,64,4,0.011034966,0.009747028,161910,153708,323820
[RESULT] 18,64,5,0.015202284,0.013581991,161910,153708,323820
[RESULT] 18,64,6,0.015075922,0.013511181,161910,153708,323820
[RESULT] 18,64,7,0.015173197,0.013888836,161910,153708,323820
[RESULT] 18,64,8,0.015004158,0.013366461,161910,153708,323820
[RESULT] 18,64,9,0.014879465,0.013589144,161910,153708,323820
[RESULT] 21,64,0,0.023314476,0.021879196,160648,152434,321296
[RESULT] 21,64,1,0.018900633,0.017510414,160648,152434,321296
[RESULT] 21,64,2,0.020635128,0.019224882,160648,152434,321296
[RESULT] 21,64,3,0.020740271,0.019346952,160648,152434,321296
[RESULT] 21,64,4,0.022246838,0.020639181,160648,152434,321296
[RESULT] 21,64,5,0.015201092,0.013519526,160648,152434,321296
[RESULT] 21,64,6,0.015111685,0.013448238,160648,152434,321296
[RESULT] 21,64,7,0.015404940,0.013846159,160648,152434,321296
[RESULT] 21,64,8,0.014661074,0.013012648,160648,152434,321296
[RESULT] 21,64,9,0.015003920,0.013520241,160648,152434,321296
[RESULT] 2,64,7,0.015426636,0.014338493,161704,153262,323408
[RESULT] 2,64,8,0.015380621,0.014435530,161704,153262,323408
[RESULT] 2,64,9,0.015110254,0.014222145,161704,153262,323408
[RESULT] 17,64,0,0.024363279,0.022837639,161420,153157,322840
[RESULT] 17,64,1,0.021510601,0.020020962,161420,153157,322840
[RESULT] 17,64,2,0.021604061,0.020258188,161420,153157,322840
[RESULT] 17,64,3,0.021851063,0.020572186,161420,153157,322840
[RESULT] 17,64,4,0.022765636,0.021281004,161420,153157,322840
[RESULT] 17,64,5,0.015098810,0.013579130,161420,153157,322840
[RESULT] 17,64,6,0.014998198,0.013512135,161420,153157,322840
[RESULT] 17,64,7,0.015276432,0.013910770,161420,153157,322840
[RESULT] 17,64,8,0.014735937,0.013443470,161420,153157,322840
[RESULT] 17,64,9,0.015227318,0.013911724,161420,153157,322840
[RESULT] 12,64,0,0.024447680,0.022973537,159418,151042,318836
[RESULT] 12,64,1,0.021777868,0.020311117,159418,151042,318836
[RESULT] 12,64,2,0.021806479,0.020460129,159418,151042,318836
[RESULT] 12,64,3,0.022533178,0.021204948,159418,151042,318836
[RESULT] 12,64,4,0.022223949,0.020816326,159418,151042,318836
[RESULT] 12,64,5,0.015197515,0.013660908,159418,151042,318836
[RESULT] 12,64,6,0.015468836,0.013923168,159418,151042,318836
[RESULT] 12,64,7,0.015369177,0.014014482,159418,151042,318836
[RESULT] 12,64,8,0.015089750,0.013776541,159418,151042,318836
[RESULT] 12,64,9,0.015277147,0.014003277,159418,151042,318836
[RESULT] 19,64,0,0.011550426,0.009898424,163460,155356,326920
[RESULT] 5,64,0,0.024625778,0.023118019,160501,152102,321002
[RESULT] 5,64,1,0.022726297,0.021240234,160501,152102,321002
[RESULT] 5,64,2,0.022312403,0.020895004,160501,152102,321002
[RESULT] 5,64,3,0.022570848,0.021211386,160501,152102,321002
[RESULT] 5,64,4,0.022557497,0.021103621,160501,152102,321002
[RESULT] 5,64,5,0.015544891,0.013979435,160501,152102,321002
[RESULT] 5,64,6,0.011731148,0.010167599,160501,152102,321002
[RESULT] 5,64,7,0.015694618,0.014292240,160501,152102,321002
[RESULT] 5,64,8,0.015391350,0.014021635,160501,152102,321002
[RESULT] 5,64,9,0.015399694,0.014069557,160501,152102,321002
[RESULT] 9,64,0,0.024333239,0.022771835,161097,152699,322194
[RESULT] 9,64,1,0.022116423,0.020603895,161097,152699,322194
[RESULT] 9,64,2,0.022287607,0.020864010,161097,152699,322194
[RESULT] 9,64,3,0.022488356,0.021138430,161097,152699,322194
[RESULT] 9,64,4,0.022828817,0.021358728,161097,152699,322194
[RESULT] 9,64,5,0.015299082,0.013721466,161097,152699,322194
[RESULT] 9,64,6,0.015659332,0.014060736,161097,152699,322194
[RESULT] 9,64,7,0.015440941,0.014064312,161097,152699,322194
[RESULT] 9,64,8,0.015003681,0.013670444,161097,152699,322194
[RESULT] 9,64,9,0.015384912,0.014058113,161097,152699,322194
[RESULT] 10,64,0,0.011494637,0.009959936,161462,153172,322924
[RESULT] 10,64,1,0.009566545,0.008117676,161462,153172,322924
[RESULT] 10,64,2,0.010651588,0.009323835,161462,153172,322924
[RESULT] 10,64,3,0.010714054,0.009449005,161462,153172,322924
[RESULT] 10,64,4,0.011227131,0.009790421,161462,153172,322924
[RESULT] 10,64,5,0.015243292,0.013700247,161462,153172,322924
[RESULT] 10,64,6,0.015170336,0.013642788,161462,153172,322924
[RESULT] 10,64,7,0.015436649,0.014057636,161462,153172,322924
[RESULT] 10,64,8,0.014840603,0.013529301,161462,153172,322924
[RESULT] 10,64,9,0.015424252,0.014112711,161462,153172,322924
[RESULT] 3,64,0,0.011537552,0.010037422,163071,154651,326142
[RESULT] 3,64,1,0.011970043,0.010442257,163071,154651,326142
[RESULT] 3,64,2,0.011470318,0.010074377,163071,154651,326142
[RESULT] 3,64,3,0.010986090,0.009672642,163071,154651,326142
[RESULT] 3,64,4,0.011274576,0.009787798,163071,154651,326142
[RESULT] 3,64,5,0.015517712,0.013951778,163071,154651,326142
[RESULT] 3,64,6,0.015638828,0.014072895,163071,154651,326142
[RESULT] 3,64,7,0.015696526,0.014304876,163071,154651,326142
[RESULT] 3,64,8,0.015548706,0.014163494,163071,154651,326142
[RESULT] 3,64,9,0.015441895,0.014108658,163071,154651,326142
[RESULT] 40,64,0,0.021638870,0.019819975,160297,152095,320594
[RESULT] 40,64,1,0.020034313,0.018198013,160297,152095,320594
[RESULT] 40,64,2,0.019804716,0.017823935,160297,152095,320594
[RESULT] 40,64,3,0.019613266,0.017923832,160297,152095,320594
[RESULT] 40,64,4,0.021145582,0.019129276,160297,152095,320594
[RESULT] 40,64,5,0.018235445,0.016389370,160297,152095,320594
[RESULT] 40,64,6,0.016156673,0.014082193,160297,152095,320594
[RESULT] 40,64,7,0.016404867,0.014562368,160297,152095,320594
[RESULT] 15,64,0,0.024307489,0.022805214,162830,154577,325660
[RESULT] 15,64,1,0.021471500,0.020056248,162830,154577,325660
[RESULT] 15,64,2,0.021483898,0.020059824,162830,154577,325660
[RESULT] 15,64,3,0.022024632,0.020618439,162830,154577,325660
[RESULT] 15,64,4,0.022716284,0.021117210,162830,154577,325660
[RESULT] 15,64,5,0.015269279,0.013609409,162830,154577,325660
[RESULT] 15,64,6,0.015221119,0.013564110,162830,154577,325660
[RESULT] 15,64,7,0.015475273,0.013950348,162830,154577,325660
[RESULT] 15,64,8,0.015017271,0.013365984,162830,154577,325660
[RESULT] 15,64,9,0.015468836,0.013992548,162830,154577,325660
[RESULT] 40,64,8,0.019340277,0.017343760,160297,152095,320594
[RESULT] 40,64,9,0.015448809,0.013529539,160297,152095,320594
[RESULT] 51,64,0,0.023437977,0.021934748,162411,154068,324822
[RESULT] 51,64,1,0.023154020,0.021761894,162411,154068,324822
[RESULT] 51,64,2,0.022547722,0.021140575,162411,154068,324822
[RESULT] 51,64,3,0.022556305,0.021199226,162411,154068,324822
[RESULT] 51,64,4,0.021568060,0.020154953,162411,154068,324822
[RESULT] 51,64,5,0.017599344,0.016216516,162411,154068,324822
[RESULT] 51,64,6,0.015405893,0.013935804,162411,154068,324822
[RESULT] 51,64,7,0.015928984,0.014551878,162411,154068,324822
[RESULT] 51,64,8,0.018661499,0.017177343,162411,154068,324822
[RESULT] 51,64,9,0.015479565,0.014061451,162411,154068,324822
[RESULT] 16,64,0,0.024461269,0.022948980,160412,152131,320824
[RESULT] 53,64,0,0.023587227,0.022081137,160448,152171,320896
[RESULT] 53,64,1,0.023205519,0.021825790,160448,152171,320896
[RESULT] 53,64,2,0.022612095,0.021146536,160448,152171,320896
[RESULT] 53,64,3,0.022570133,0.021236658,160448,152171,320896
[RESULT] 53,64,4,0.021815300,0.020298719,160448,152171,320896
[RESULT] 53,64,5,0.017528296,0.016184807,160448,152171,320896
[RESULT] 53,64,6,0.015275478,0.013826132,160448,152171,320896
[RESULT] 53,64,7,0.015871048,0.014536142,160448,152171,320896
[RESULT] 53,64,8,0.018685579,0.017148495,160448,152171,320896
[RESULT] 53,64,9,0.015461922,0.014009237,160448,152171,320896
[RESULT] 7,64,0,0.024476767,0.022942781,161977,153689,323954
[RESULT] 7,64,1,0.022195578,0.020669222,161977,153689,323954
[RESULT] 7,64,2,0.021883965,0.020509005,161977,153689,323954
[RESULT] 7,64,3,0.022589445,0.021233320,161977,153689,323954
[RESULT] 59,64,0,0.023426056,0.021872759,163491,155133,326982
[RESULT] 59,64,1,0.022763252,0.021350622,163491,155133,326982
[RESULT] 59,64,2,0.022431374,0.020977736,163491,155133,326982
[RESULT] 59,64,3,0.022576094,0.021167517,163491,155133,326982
[RESULT] 59,64,4,0.021679640,0.020182848,163491,155133,326982
[RESULT] 59,64,5,0.015483379,0.014147282,163491,155133,326982
[RESULT] 59,64,6,0.015197754,0.013723373,163491,155133,326982
[RESULT] 59,64,7,0.015745163,0.014384031,163491,155133,326982
[RESULT] 59,64,8,0.015645742,0.014236927,163491,155133,326982
[RESULT] 59,64,9,0.015424252,0.013970137,163491,155133,326982
[RESULT] 7,64,4,0.022680044,0.021210670,161977,153689,323954
[RESULT] 7,64,5,0.015543222,0.013948679,161977,153689,323954
[RESULT] 7,64,6,0.015553951,0.013973475,161977,153689,323954
[RESULT] 7,64,7,0.015665531,0.014265299,161977,153689,323954
[RESULT] 7,64,8,0.015689850,0.014288664,161977,153689,323954
[RESULT] 7,64,9,0.015539169,0.014194965,161977,153689,323954
[RESULT] 62,64,0,0.023118258,0.021641016,161078,152706,322156
[RESULT] 62,64,1,0.022476196,0.021091461,161078,152706,322156
[RESULT] 62,64,2,0.021418571,0.020007133,161078,152706,322156
[RESULT] 62,64,3,0.022348166,0.021021366,161078,152706,322156
[RESULT] 62,64,4,0.021590710,0.020080566,161078,152706,322156
[RESULT] 62,64,5,0.015085459,0.013818026,161078,152706,322156
[RESULT] 62,64,6,0.015220404,0.013720036,161078,152706,322156
[RESULT] 62,64,7,0.015752554,0.014395237,161078,152706,322156
[RESULT] 62,64,8,0.015730619,0.014336109,161078,152706,322156
[RESULT] 62,64,9,0.015469074,0.013935804,161078,152706,322156
[RESULT] 63,64,0,0.023327112,0.021824121,162531,154118,325062
[RESULT] 63,64,1,0.022487879,0.021102905,162531,154118,325062
[RESULT] 63,64,2,0.022387505,0.020929098,162531,154118,325062
[RESULT] 63,64,3,0.022313595,0.020973206,162531,154118,325062
[RESULT] 63,64,4,0.021482468,0.019949913,162531,154118,325062
[RESULT] 63,64,5,0.015057325,0.013775587,162531,154118,325062
[RESULT] 63,64,6,0.015463591,0.013981581,162531,154118,325062
[RESULT] 63,64,7,0.015697479,0.014356375,162531,154118,325062
[RESULT] 63,64,8,0.015480757,0.014111757,162531,154118,325062
[RESULT] 63,64,9,0.015455484,0.013957262,162531,154118,325062
[RESULT] 16,64,1,0.021563768,0.020127058,160412,152131,320824
[RESULT] 49,64,0,0.023539782,0.022002697,160581,152427,321162
[RESULT] 49,64,1,0.023211956,0.021817684,160581,152427,321162
[RESULT] 49,64,2,0.022679329,0.021238804,160581,152427,321162
[RESULT] 49,64,3,0.022480488,0.021138668,160581,152427,321162
[RESULT] 49,64,4,0.021699190,0.020203114,160581,152427,321162
[RESULT] 57,64,0,0.023309231,0.021905184,160966,152677,321932
[RESULT] 57,64,1,0.022745132,0.021411180,160966,152677,321932
[RESULT] 57,64,2,0.022474766,0.020979881,160966,152677,321932
[RESULT] 57,64,3,0.022280693,0.021065950,160966,152677,321932
[RESULT] 57,64,4,0.021648645,0.020112991,160966,152677,321932
[RESULT] 57,64,5,0.015028715,0.013881683,160966,152677,321932
[RESULT] 57,64,6,0.015218496,0.013777971,160966,152677,321932
[RESULT] 57,64,7,0.015594959,0.014425993,160966,152677,321932
[RESULT] 57,64,8,0.015201569,0.013850927,160966,152677,321932
[RESULT] 57,64,9,0.015474558,0.013979673,160966,152677,321932
[RESULT] 16,64,2,0.021655083,0.020216465,160412,152131,320824
[RESULT] 44,64,0,0.022464991,0.020617962,159868,151687,319736
[RESULT] 44,64,1,0.020205021,0.018157959,159868,151687,319736
[RESULT] 44,64,2,0.020332813,0.018230200,159868,151687,319736
[RESULT] 44,64,3,0.020182371,0.018405437,159868,151687,319736
[RESULT] 44,64,4,0.021087170,0.019063711,159868,151687,319736
[RESULT] 60,64,0,0.023012877,0.021562099,160274,152054,320548
[RESULT] 60,64,1,0.023095131,0.021696329,160274,152054,320548
[RESULT] 60,64,2,0.022392273,0.021004438,160274,152054,320548
[RESULT] 60,64,3,0.021986008,0.020670176,160274,152054,320548
[RESULT] 60,64,4,0.021425962,0.020014524,160274,152054,320548
[RESULT] 60,64,5,0.015258312,0.013986588,160274,152054,320548
[RESULT] 60,64,6,0.014926195,0.013535500,160274,152054,320548
[RESULT] 60,64,7,0.015683651,0.014362335,160274,152054,320548
[RESULT] 60,64,8,0.015873909,0.014522791,160274,152054,320548
[RESULT] 60,64,9,0.015542507,0.014140606,160274,152054,320548
[RESULT] 6,64,0,0.024398327,0.022848129,160798,152426,321596
[RESULT] 6,64,1,0.021997929,0.020524979,160798,152426,321596
[RESULT] 6,64,2,0.022304296,0.020777464,160798,152426,321596
[RESULT] 6,64,3,0.022586107,0.021089077,160798,152426,321596
[RESULT] 6,64,4,0.022868872,0.021197796,160798,152426,321596
[RESULT] 6,64,5,0.015641689,0.013957739,160798,152426,321596
[RESULT] 6,64,6,0.015584230,0.013912439,160798,152426,321596
[RESULT] 49,64,5,0.017606258,0.016243935,160581,152427,321162
[RESULT] 49,64,6,0.015531540,0.014020205,160581,152427,321162
[RESULT] 49,64,7,0.015907288,0.014568329,160581,152427,321162
[RESULT] 49,64,8,0.018726110,0.017212391,160581,152427,321162
[RESULT] 49,64,9,0.015555620,0.014132500,160581,152427,321162
[RESULT] 14,64,0,0.024105549,0.022433758,161712,153457,323424
[RESULT] 14,64,1,0.021826744,0.020129204,161712,153457,323424
[RESULT] 14,64,2,0.021758556,0.020093679,161712,153457,323424
[RESULT] 14,64,3,0.022295475,0.020659685,161712,153457,323424
[RESULT] 14,64,4,0.022930384,0.021275043,161712,153457,323424
[RESULT] 14,64,5,0.015454054,0.013623476,161712,153457,323424
[RESULT] 54,64,0,0.023426294,0.021880388,160954,152653,321908
[RESULT] 54,64,1,0.022997618,0.021533489,160954,152653,321908
[RESULT] 54,64,2,0.022650719,0.021049500,160954,152653,321908
[RESULT] 54,64,3,0.022350073,0.020952702,160954,152653,321908
[RESULT] 54,64,4,0.020943165,0.019407272,160954,152653,321908
[RESULT] 54,64,5,0.017558575,0.016157866,160954,152653,321908
[RESULT] 54,64,6,0.015202999,0.013607025,160954,152653,321908
[RESULT] 54,64,7,0.015887976,0.014457226,160954,152653,321908
[RESULT] 54,64,8,0.018762112,0.017154932,160954,152653,321908
[RESULT] 54,64,9,0.015579700,0.014011860,160954,152653,321908
[RESULT] 6,64,7,0.015799761,0.014270306,160798,152426,321596
[RESULT] 6,64,8,0.015536308,0.013845921,160798,152426,321596
[RESULT] 6,64,9,0.015645742,0.014111996,160798,152426,321596
[RESULT] 44,64,5,0.018267393,0.016330242,159868,151687,319736
[RESULT] 44,64,6,0.016135693,0.014054298,159868,151687,319736
[RESULT] 44,64,7,0.016546249,0.014488459,159868,151687,319736
[RESULT] 44,64,8,0.019329548,0.017287254,159868,151687,319736
[RESULT] 44,64,9,0.015609503,0.013660908,159868,151687,319736
[RESULT] 61,64,0,0.022260427,0.020862341,161157,152893,322314
[RESULT] 61,64,1,0.022011280,0.020749331,161157,152893,322314
[RESULT] 61,64,2,0.021250486,0.019952297,161157,152893,322314
[RESULT] 61,64,3,0.021736860,0.020419598,161157,152893,322314
[RESULT] 61,64,4,0.021009922,0.019587994,161157,152893,322314
[RESULT] 61,64,5,0.014862299,0.013610125,161157,152893,322314
[RESULT] 61,64,6,0.014514208,0.013126135,161157,152893,322314
[RESULT] 61,64,7,0.015698195,0.014349699,161157,152893,322314
[RESULT] 61,64,8,0.015119791,0.013794184,161157,152893,322314
[RESULT] 61,64,9,0.015583277,0.014137983,161157,152893,322314
[RESULT] 14,64,6,0.015388966,0.013556480,161712,153457,323424
[RESULT] 14,64,7,0.015632868,0.013948441,161712,153457,323424
[RESULT] 14,64,8,0.015472174,0.013567924,161712,153457,323424
[RESULT] 14,64,9,0.015652895,0.013977289,161712,153457,323424
[RESULT] 48,64,0,0.023484468,0.021974802,159890,151776,319780
[RESULT] 48,64,1,0.023221493,0.021828413,159890,151776,319780
[RESULT] 48,64,2,0.022648573,0.021243811,159890,151776,319780
[RESULT] 48,64,3,0.022656918,0.021290541,159890,151776,319780
[RESULT] 48,64,4,0.021783113,0.020341396,159890,151776,319780
[RESULT] 48,64,5,0.017617702,0.016260862,159890,151776,319780
[RESULT] 48,64,6,0.015474319,0.014046431,159890,151776,319780
[RESULT] 48,64,7,0.015956163,0.014611483,159890,151776,319780
[RESULT] 16,64,3,0.022186518,0.020733833,160412,152131,320824
[RESULT] 50,64,0,0.023536444,0.022023439,161100,152838,322200
[RESULT] 50,64,1,0.023092985,0.021707535,161100,152838,322200
[RESULT] 50,64,2,0.022605419,0.021211624,161100,152838,322200
[RESULT] 50,64,3,0.022621393,0.021263361,161100,152838,322200
[RESULT] 50,64,4,0.021777391,0.020345449,161100,152838,322200
[RESULT] 50,64,5,0.017612457,0.016241074,161100,152838,322200
[RESULT] 50,64,6,0.015421391,0.013978720,161100,152838,322200
[RESULT] 50,64,7,0.015887737,0.014539242,161100,152838,322200
[RESULT] 50,64,8,0.018688440,0.017205477,161100,152838,322200
[RESULT] 16,64,4,0.022963047,0.021339893,160412,152131,320824
[RESULT] 56,64,0,0.023048878,0.021611452,159974,151726,319948
[RESULT] 56,64,1,0.023191690,0.021803617,159974,151726,319948
[RESULT] 56,64,2,0.022651434,0.021256924,159974,151726,319948
[RESULT] 56,64,3,0.022130728,0.020812273,159974,151726,319948
[RESULT] 56,64,4,0.021378994,0.019984484,159974,151726,319948
[RESULT] 56,64,5,0.015390396,0.014077663,159974,151726,319948
[RESULT] 56,64,6,0.015417337,0.013978004,159974,151726,319948
[RESULT] 56,64,7,0.015844584,0.014482021,159974,151726,319948
[RESULT] 56,64,8,0.015747786,0.014374495,159974,151726,319948
[RESULT] 56,64,9,0.015620470,0.014206648,159974,151726,319948
[RESULT] 48,64,8,0.018704176,0.017232418,159890,151776,319780
[RESULT] 48,64,9,0.015592575,0.014222622,159890,151776,319780
[RESULT] 50,64,9,0.015640736,0.014208317,161100,152838,322200
[RESULT] 16,64,5,0.015255690,0.013609886,160412,152131,320824
[RESULT] 52,64,0,0.023398161,0.021925211,159447,151265,318894
[RESULT] 52,64,1,0.023124218,0.021756411,159447,151265,318894
[RESULT] 52,64,2,0.022577763,0.021133423,159447,151265,318894
[RESULT] 52,64,3,0.022533655,0.021188259,159447,151265,318894
[RESULT] 52,64,4,0.021714687,0.020202398,159447,151265,318894
[RESULT] 52,64,5,0.017579794,0.016198635,159447,151265,318894
[RESULT] 52,64,6,0.015518427,0.014023542,159447,151265,318894
[RESULT] 52,64,7,0.015818119,0.014490604,159447,151265,318894
[RESULT] 52,64,8,0.018669367,0.017172337,159447,151265,318894
[RESULT] 52,64,9,0.015643835,0.014166117,159447,151265,318894
[RESULT] 55,64,0,0.022827864,0.021383286,162214,153924,324428
[RESULT] 55,64,1,0.022882462,0.021485329,162214,153924,324428
[RESULT] 55,64,2,0.022183657,0.020716190,162214,153924,324428
[RESULT] 55,64,3,0.022293806,0.020935059,162214,153924,324428
[RESULT] 55,64,4,0.021610975,0.020084858,162214,153924,324428
[RESULT] 16,64,6,0.015159607,0.013532639,160412,152131,320824
[RESULT] 37,64,0,0.022318602,0.020366669,160569,152420,321138
[RESULT] 37,64,1,0.020066500,0.018225431,160569,152420,321138
[RESULT] 37,64,2,0.020018339,0.018060207,160569,152420,321138
[RESULT] 37,64,3,0.020158052,0.018366814,160569,152420,321138
[RESULT] 37,64,4,0.020652056,0.018705845,160569,152420,321138
[RESULT] 55,64,5,0.017531872,0.016145229,162214,153924,324428
[RESULT] 55,64,6,0.015111208,0.013618946,162214,153924,324428
[RESULT] 55,64,7,0.015805244,0.014438391,162214,153924,324428
[RESULT] 55,64,8,0.018678188,0.017129421,162214,153924,324428
[RESULT] 55,64,9,0.015737534,0.014201403,162214,153924,324428
[RESULT] 1,64,0,0.024535894,0.023039818,161210,152826,322420
[RESULT] 1,64,1,0.023120880,0.021628141,161210,152826,322420
[RESULT] 1,64,2,0.022447348,0.020915270,161210,152826,322420
[RESULT] 1,64,3,0.022600889,0.021108389,161210,152826,322420
[RESULT] 1,64,4,0.023106098,0.021426439,161210,152826,322420
[RESULT] 1,64,5,0.015960217,0.014286995,161210,152826,322420
[RESULT] 1,64,6,0.015670776,0.014009476,161210,152826,322420
[RESULT] 1,64,7,0.016052008,0.014537573,161210,152826,322420
[RESULT] 1,64,8,0.016256094,0.014547110,161210,152826,322420
[RESULT] 1,64,9,0.015773296,0.014228821,161210,152826,322420
[RESULT] 28,64,0,0.023094654,0.021466732,160029,151929,320058
[RESULT] 28,64,1,0.020045757,0.018617868,160029,151929,320058
[RESULT] 28,64,2,0.019963026,0.018312931,160029,151929,320058
[RESULT] 28,64,3,0.020776987,0.019416809,160029,151929,320058
[RESULT] 28,64,4,0.020550489,0.018915415,160029,151929,320058
[RESULT] 28,64,5,0.017877102,0.016652584,160029,151929,320058
[RESULT] 11,64,0,0.011569262,0.009931564,162970,154728,325940
[RESULT] 11,64,1,0.010928392,0.009293079,162970,154728,325940
[RESULT] 11,64,2,0.011102438,0.009462118,162970,154728,325940
[RESULT] 37,64,5,0.018297434,0.016432285,160569,152420,321138
[RESULT] 37,64,6,0.016206264,0.014113426,160569,152420,321138
[RESULT] 37,64,7,0.016138077,0.014207125,160569,152420,321138
[RESULT] 37,64,8,0.019399643,0.017372847,160569,152420,321138
[RESULT] 37,64,9,0.015740156,0.013734102,160569,152420,321138
[RESULT] 11,64,3,0.011018753,0.009412050,162970,154728,325940
[RESULT] 11,64,4,0.011250257,0.009500027,162970,154728,325940
[RESULT] 11,64,5,0.015588999,0.013666153,162970,154728,325940
[RESULT] 11,64,6,0.015794516,0.014089584,162970,154728,325940
[RESULT] 11,64,7,0.015742302,0.014021158,162970,154728,325940
[RESULT] 11,64,8,0.015508652,0.013573647,162970,154728,325940
[RESULT] 28,64,6,0.015746593,0.014145851,160029,151929,320058
[RESULT] 28,64,7,0.015865564,0.014307022,160029,151929,320058
[RESULT] 28,64,8,0.019285440,0.017668962,160029,151929,320058
[RESULT] 28,64,9,0.015767574,0.014142036,160029,151929,320058
[RESULT] 19,64,1,0.010282755,0.008589268,163460,155356,326920
[RESULT] 19,64,2,0.010551929,0.008819342,163460,155356,326920
[RESULT] 19,64,3,0.010746241,0.009051561,163460,155356,326920
[RESULT] 19,64,4,0.010721445,0.008965969,163460,155356,326920
[RESULT] 42,64,0,0.020573139,0.019045353,162509,154318,325018
[RESULT] 42,64,1,0.020298719,0.018181086,162509,154318,325018
[RESULT] 42,64,2,0.019910336,0.017796516,162509,154318,325018
[RESULT] 42,64,3,0.019602060,0.017838717,162509,154318,325018
[RESULT] 42,64,4,0.021201849,0.019094944,162509,154318,325018
[RESULT] 42,64,5,0.018409252,0.016360044,162509,154318,325018
[RESULT] 42,64,6,0.016236544,0.014079809,162509,154318,325018
[RESULT] 42,64,7,0.016622066,0.014527082,162509,154318,325018
[RESULT] 42,64,8,0.019468784,0.017306805,162509,154318,325018
[RESULT] 11,64,9,0.015812159,0.014189005,162970,154728,325940
[RESULT] 42,64,9,0.015787601,0.013741970,162509,154318,325018
[RESULT] 58,64,0,0.023507118,0.021708012,162160,153905,324320
[RESULT] 58,64,1,0.023297548,0.021754026,162160,153905,324320
[RESULT] 0,64,0,0.024576902,0.023029804,159890,151608,319780
[RESULT] 0,64,1,0.023163557,0.021620750,159890,151608,319780
[RESULT] 0,64,2,0.022385120,0.020834208,159890,151608,319780
[RESULT] 43,64,0,0.020580530,0.018988848,163647,155411,327294
[RESULT] 43,64,1,0.019619465,0.018162251,163647,155411,327294
[RESULT] 43,64,2,0.019395590,0.017782688,163647,155411,327294
[RESULT] 43,64,3,0.019888163,0.018467665,163647,155411,327294
[RESULT] 0,64,3,0.022709608,0.021164894,159890,151608,319780
[RESULT] 0,64,4,0.023097992,0.021416664,159890,151608,319780
[RESULT] 0,64,5,0.015689611,0.013932228,159890,151608,319780
[RESULT] 0,64,6,0.015736580,0.014024496,159890,151608,319780
[RESULT] 0,64,7,0.015875340,0.014332294,159890,151608,319780
[RESULT] 43,64,4,0.020746946,0.019086123,163647,155411,327294
[RESULT] 43,64,5,0.017615795,0.016355276,163647,155411,327294
[RESULT] 43,64,6,0.015816689,0.014120579,163647,155411,327294
[RESULT] 43,64,7,0.016181231,0.014508009,163647,155411,327294
[RESULT] 43,64,8,0.018972874,0.017317295,163647,155411,327294
[RESULT] 43,64,9,0.015860558,0.014152765,163647,155411,327294
[RESULT] 58,64,2,0.022880554,0.021238804,162160,153905,324320
[RESULT] 58,64,3,0.022389650,0.020889759,162160,153905,324320
[RESULT] 58,64,4,0.021961927,0.020165920,162160,153905,324320
[RESULT] 58,64,5,0.015677691,0.014221430,162160,153905,324320
[RESULT] 58,64,6,0.015310287,0.013263702,162160,153905,324320
[RESULT] 58,64,7,0.015931606,0.014417887,162160,153905,324320
[RESULT] 58,64,8,0.016118050,0.014513254,162160,153905,324320
[RESULT] 58,64,9,0.015867472,0.014196396,162160,153905,324320
[RESULT] 0,64,8,0.015813112,0.014039516,159890,151608,319780
[RESULT] 0,64,9,0.015868425,0.014233589,159890,151608,319780

Benchmark Summary
Processes: 64
Iterations: 10
Matrix NNZ: 10328399
Total execution time: 6.468 seconds
[RESULT] 47,64,0,0.021462440,0.019770861,162891,154647,325782
[RESULT] 47,64,1,0.019957066,0.018129587,162891,154647,325782
[RESULT] 47,64,2,0.019662857,0.017736673,162891,154647,325782
[RESULT] 47,64,3,0.019948721,0.018224955,162891,154647,325782
[RESULT] 47,64,4,0.021009922,0.019030333,162891,154647,325782
[RESULT] 47,64,5,0.018102884,0.016284227,162891,154647,325782
[RESULT] 16,64,7,0.015467882,0.013938189,160412,152131,320824
[RESULT] 47,64,6,0.015920877,0.013876200,162891,154647,325782
[RESULT] 47,64,7,0.016291618,0.014436960,162891,154647,325782
[RESULT] 47,64,8,0.019165754,0.017242432,162891,154647,325782
[RESULT] 47,64,9,0.015895367,0.013853073,162891,154647,325782
[RESULT] 16,64,8,0.015125513,0.013477802,160412,152131,320824
[RESULT] 16,64,9,0.015458822,0.013971090,160412,152131,320824
[RESULT] 39,64,0,0.021835566,0.019991636,162374,154189,324748
[RESULT] 39,64,1,0.020060062,0.018205166,162374,154189,324748
[RESULT] 39,64,2,0.020026684,0.018086910,162374,154189,324748
[RESULT] 39,64,3,0.020181894,0.018411875,162374,154189,324748
[RESULT] 39,64,4,0.021134853,0.019144773,162374,154189,324748
[RESULT] 39,64,5,0.018228769,0.016411066,162374,154189,324748
[RESULT] 39,64,6,0.015851736,0.013823748,162374,154189,324748
[RESULT] 39,64,7,0.016303539,0.014538765,162374,154189,324748
[RESULT] 39,64,8,0.019340515,0.017354012,162374,154189,324748
[RESULT] 39,64,9,0.015955925,0.013900280,162374,154189,324748
[RESULT] 41,64,0,0.020865917,0.019316912,161684,153492,323368
[RESULT] 41,64,1,0.020269156,0.018191576,161684,153492,323368
[RESULT] 30,64,0,0.022657633,0.020795345,161554,153492,323108
[RESULT] 30,64,1,0.020364523,0.018262863,161554,153492,323108
[RESULT] 30,64,2,0.020228624,0.018107414,161554,153492,323108
[RESULT] 30,64,3,0.020282745,0.018452883,161554,153492,323108
[RESULT] 30,64,4,0.020990133,0.018911600,161554,153492,323108
[RESULT] 41,64,2,0.019901991,0.017810345,161684,153492,323368
[RESULT] 41,64,3,0.019556761,0.017854452,161684,153492,323368
[RESULT] 41,64,4,0.021192074,0.019111156,161684,153492,323368
[RESULT] 41,64,5,0.018405914,0.016369104,161684,153492,323368
[RESULT] 41,64,6,0.016072989,0.013954639,161684,153492,323368
[RESULT] 41,64,7,0.016610384,0.014544487,161684,153492,323368
[RESULT] 41,64,8,0.019472361,0.017327785,161684,153492,323368
[RESULT] 41,64,9,0.016027689,0.013919592,161684,153492,323368
[RESULT] 30,64,5,0.018715143,0.016747952,161554,153492,323108
[RESULT] 30,64,6,0.016213655,0.014142990,161554,153492,323108
[RESULT] 30,64,7,0.016315699,0.014276743,161554,153492,323108
[RESULT] 30,64,8,0.019789696,0.017718792,161554,153492,323108
[RESULT] 30,64,9,0.016031027,0.014018059,161554,153492,323108
[RESULT] 19,64,5,0.015516281,0.013571978,163460,155356,326920
[RESULT] 19,64,6,0.015528202,0.013462543,163460,155356,326920
[RESULT] 19,64,7,0.015646935,0.013901234,163460,155356,326920
[RESULT] 19,64,8,0.015419722,0.013424635,163460,155356,326920
[RESULT] 19,64,9,0.015328407,0.013549805,163460,155356,326920
[RESULT] 34,64,0,0.022641182,0.020724297,162160,154115,324320
[RESULT] 34,64,1,0.020605087,0.018509626,162160,154115,324320
[RESULT] 34,64,2,0.020519495,0.018375874,162160,154115,324320
[RESULT] 34,64,3,0.020524502,0.018688917,162160,154115,324320
[RESULT] 34,64,4,0.020879030,0.018799782,162160,154115,324320
[RESULT] 34,64,5,0.018563032,0.016493797,162160,154115,324320
[RESULT] 34,64,6,0.016320705,0.014181376,162160,154115,324320
[RESULT] 34,64,7,0.016403437,0.014307022,162160,154115,324320
[RESULT] 34,64,8,0.019603014,0.017464876,162160,154115,324320
[RESULT] 34,64,9,0.016145945,0.014075756,162160,154115,324320
[RESULT] 24,64,0,0.023302794,0.021517754,160792,152550,321584
[RESULT] 24,64,1,0.020733833,0.018704414,160792,152550,321584
[RESULT] 24,64,2,0.020472288,0.018330812,160792,152550,321584
[RESULT] 32,64,0,0.022694826,0.020769596,160245,152163,320490
[RESULT] 32,64,1,0.020307064,0.018467188,160245,152163,320490
[RESULT] 32,64,2,0.020298243,0.018353701,160245,152163,320490
[RESULT] 32,64,3,0.020459652,0.018731594,160245,152163,320490
[RESULT] 32,64,4,0.020853519,0.018881798,160245,152163,320490
[RESULT] 32,64,5,0.018429279,0.016623259,160245,152163,320490
[RESULT] 32,64,6,0.016012192,0.013998270,160245,152163,320490
[RESULT] 32,64,7,0.016166687,0.014291763,160245,152163,320490
[RESULT] 32,64,8,0.019491196,0.017526627,160245,152163,320490
[RESULT] 32,64,9,0.016202688,0.014183283,160245,152163,320490
[RESULT] 38,64,0,0.022303104,0.020405531,161257,153103,322514
[RESULT] 38,64,1,0.020266533,0.018216610,161257,153103,322514
[RESULT] 38,64,2,0.020382643,0.018278122,161257,153103,322514
[RESULT] 38,64,3,0.020246029,0.018447876,161257,153103,322514
[RESULT] 38,64,4,0.021182775,0.019186497,161257,153103,322514
[RESULT] 38,64,5,0.018445730,0.016419888,161257,153103,322514
[RESULT] 38,64,6,0.016243935,0.014130354,161257,153103,322514
[RESULT] 38,64,7,0.016376257,0.014289379,161257,153103,322514
[RESULT] 38,64,8,0.019489527,0.017362595,161257,153103,322514
[RESULT] 38,64,9,0.016192198,0.014111519,161257,153103,322514
[RESULT] 24,64,3,0.022772074,0.021244287,160792,152550,321584
[RESULT] 24,64,4,0.022737265,0.021191359,160792,152550,321584
[RESULT] 24,64,5,0.018713713,0.016731262,160792,152550,321584
[RESULT] 24,64,6,0.016282320,0.014215708,160792,152550,321584
[RESULT] 24,64,7,0.016364574,0.014354944,160792,152550,321584
[RESULT] 24,64,8,0.019743919,0.017656326,160792,152550,321584
[RESULT] 24,64,9,0.016214132,0.014169216,160792,152550,321584
[RESULT] 29,64,0,0.023282290,0.021425962,161274,153199,322548
[RESULT] 29,64,1,0.020612478,0.018520355,161274,153199,322548
[RESULT] 29,64,2,0.020516872,0.018406630,161274,153199,322548
[RESULT] 29,64,3,0.020523787,0.018718243,161274,153199,322548
[RESULT] 29,64,4,0.021034241,0.018968821,161274,153199,322548
[RESULT] 29,64,5,0.018625975,0.016614914,161274,153199,322548
[RESULT] 29,64,6,0.016248226,0.014158249,161274,153199,322548
[RESULT] 29,64,7,0.016347170,0.014312267,161274,153199,322548
[RESULT] 29,64,8,0.019689083,0.017567396,161274,153199,322548
[RESULT] 29,64,9,0.016222239,0.014166117,161274,153199,322548
[RESULT] 31,64,0,0.022193909,0.020245075,162864,154780,325728
[RESULT] 31,64,1,0.020205021,0.018333673,162864,154780,325728
[RESULT] 31,64,2,0.020173550,0.018187284,162864,154780,325728
[RESULT] 31,64,3,0.020193815,0.018398762,162864,154780,325728
[RESULT] 31,64,4,0.020901442,0.018899918,162864,154780,325728
[RESULT] 31,64,5,0.018391132,0.016552448,162864,154780,325728
[RESULT] 31,64,6,0.015939474,0.013912201,162864,154780,325728
[RESULT] 31,64,7,0.015754938,0.013933659,162864,154780,325728
[RESULT] 31,64,8,0.019530773,0.017558813,162864,154780,325728
[RESULT] 31,64,9,0.016219854,0.014150381,162864,154780,325728
[RESULT] 33,64,0,0.022642612,0.020657063,161388,153336,322776
[RESULT] 33,64,1,0.020322323,0.018405914,161388,153336,322776
[RESULT] 33,64,2,0.020305634,0.018285036,161388,153336,322776
[RESULT] 33,64,3,0.020327330,0.018501759,161388,153336,322776
[RESULT] 33,64,4,0.020610332,0.018621922,161388,153336,322776
[RESULT] 33,64,5,0.018440008,0.016544342,161388,153336,322776
[RESULT] 33,64,6,0.016257524,0.014156103,161388,153336,322776
[RESULT] 33,64,7,0.015891075,0.014002323,161388,153336,322776
[RESULT] 33,64,8,0.019499779,0.017462015,161388,153336,322776
[RESULT] 33,64,9,0.016248941,0.014121532,161388,153336,322776
[RESULT] 35,64,0,0.022637606,0.020596743,162906,154826,325812
[RESULT] 35,64,1,0.020264387,0.018404245,162906,154826,325812
[RESULT] 35,64,2,0.020181417,0.018147469,162906,154826,325812
[RESULT] 35,64,3,0.020455837,0.018623829,162906,154826,325812
[RESULT] 35,64,4,0.021031857,0.018921614,162906,154826,325812
[RESULT] 35,64,5,0.018423319,0.016519308,162906,154826,325812
[RESULT] 35,64,6,0.016252279,0.014152050,162906,154826,325812
[RESULT] 35,64,7,0.016233683,0.014283419,162906,154826,325812
[RESULT] 35,64,8,0.019443989,0.017407417,162906,154826,325812
[RESULT] 35,64,9,0.016245842,0.014125347,162906,154826,325812
[RESULT] 36,64,0,0.022188187,0.020385265,159123,151007,318246
[RESULT] 36,64,1,0.020313740,0.018249273,159123,151007,318246
[RESULT] 36,64,2,0.020149469,0.018033028,159123,151007,318246
[RESULT] 36,64,3,0.020321608,0.018505573,159123,151007,318246
[RESULT] 36,64,4,0.020539761,0.018606663,159123,151007,318246
[RESULT] 36,64,5,0.018457890,0.016464949,159123,151007,318246
[RESULT] 36,64,6,0.016243458,0.014139414,159123,151007,318246
[RESULT] 36,64,7,0.016318798,0.014276743,159123,151007,318246
[RESULT] 36,64,8,0.019497871,0.017397642,159123,151007,318246
[RESULT] 36,64,9,0.016190290,0.014127254,159123,151007,318246
[RESULT] 46,64,0,0.022416353,0.020489216,161654,153506,323308
[RESULT] 46,64,1,0.020020247,0.018137693,161654,153506,323308
[RESULT] 46,64,2,0.019674540,0.017745733,161654,153506,323308
[RESULT] 46,64,3,0.019920588,0.018181086,161654,153506,323308
[RESULT] 46,64,4,0.021048784,0.019045591,161654,153506,323308
[RESULT] 46,64,5,0.018122435,0.016301394,161654,153506,323308
[RESULT] 46,64,6,0.016196728,0.014107466,161654,153506,323308
[RESULT] 46,64,7,0.016337872,0.014454842,161654,153506,323308
[RESULT] 46,64,8,0.019270658,0.017254591,161654,153506,323308
[RESULT] 46,64,9,0.016235113,0.014135122,161654,153506,323308
[RESULT] 26,64,0,0.023222923,0.021382332,162802,154734,325604
[RESULT] 26,64,1,0.020542622,0.018379450,162802,154734,325604
[RESULT] 26,64,2,0.020503283,0.018333197,162802,154734,325604
[RESULT] 26,64,3,0.020749331,0.018965960,162802,154734,325604
[RESULT] 25,64,0,0.023322105,0.021602869,162395,154287,324790
[RESULT] 25,64,1,0.020737886,0.018970251,162395,154287,324790
[RESULT] 25,64,2,0.022807121,0.021242857,162395,154287,324790
[RESULT] 25,64,3,0.022840261,0.021328926,162395,154287,324790
[RESULT] 25,64,4,0.023092985,0.021515369,162395,154287,324790
[RESULT] 25,64,5,0.018646240,0.016846418,162395,154287,324790
[RESULT] 25,64,6,0.016246796,0.014197350,162395,154287,324790
[RESULT] 25,64,7,0.016200066,0.014315605,162395,154287,324790
[RESULT] 26,64,4,0.020956993,0.018841982,162802,154734,325604
[RESULT] 26,64,5,0.018787861,0.016781569,162802,154734,325604
[RESULT] 26,64,6,0.016093254,0.013994694,162802,154734,325604
[RESULT] 26,64,7,0.016263247,0.014185190,162802,154734,325604
[RESULT] 26,64,8,0.019854307,0.017735004,162802,154734,325604
[RESULT] 26,64,9,0.016345263,0.014232397,162802,154734,325604
[RESULT] 25,64,8,0.019723177,0.017797470,162395,154287,324790
[RESULT] 25,64,9,0.016349792,0.014324427,162395,154287,324790
[RESULT] 27,64,0,0.023164511,0.021246672,163950,155886,327900
[RESULT] 27,64,1,0.020750284,0.018645048,163950,155886,327900
[RESULT] 27,64,2,0.020506620,0.018286228,163950,155886,327900
[RESULT] 27,64,3,0.021286964,0.019588470,163950,155886,327900
[RESULT] 27,64,4,0.021454334,0.019421339,163950,155886,327900
[RESULT] 27,64,5,0.018789530,0.016758442,163950,155886,327900
[RESULT] 27,64,6,0.016294956,0.014148235,163950,155886,327900
[RESULT] 27,64,7,0.016422749,0.014310122,163950,155886,327900
[RESULT] 27,64,8,0.019841909,0.017684937,163950,155886,327900
[RESULT] 27,64,9,0.016331434,0.014197588,163950,155886,327900
[RESULT] 8,64,0,0.025408983,0.023034573,159751,151367,319502
[RESULT] 8,64,1,0.022529840,0.020231962,159751,151367,319502
[RESULT] 8,64,2,0.022660732,0.020450830,159751,151367,319502
[RESULT] 8,64,3,0.023018360,0.020888090,159751,151367,319502
[RESULT] 8,64,4,0.023702860,0.021386385,159751,151367,319502
[RESULT] 8,64,5,0.016135931,0.013759136,159751,151367,319502
[RESULT] 8,64,6,0.016017914,0.013702393,159751,151367,319502
[RESULT] 8,64,7,0.016272545,0.014100313,159751,151367,319502
[RESULT] 8,64,8,0.015950680,0.013806581,159751,151367,319502
[RESULT] 8,64,9,0.016498327,0.014011383,159751,151367,319502
[RESULT] 4,64,0,0.025449276,0.023112059,159363,150946,318726
[RESULT] 4,64,1,0.023683548,0.021368504,159363,150946,318726
[RESULT] 4,64,2,0.022992134,0.020753860,159363,150946,318726
[RESULT] 4,64,3,0.023381472,0.021232843,159363,150946,318726
[RESULT] 4,64,4,0.023450613,0.021118879,159363,150946,318726
[RESULT] 4,64,5,0.016286612,0.013912916,159363,150946,318726
[RESULT] 4,64,6,0.016348600,0.014026880,159363,150946,318726
[RESULT] 4,64,7,0.016465425,0.014298439,159363,150946,318726
[RESULT] 4,64,8,0.016563892,0.014357328,159363,150946,318726
[RESULT] 4,64,9,0.016795635,0.014175415,159363,150946,318726
[RESULT] 13,64,0,0.027036667,0.022940874,160883,152622,321766
[RESULT] 13,64,1,0.022320032,0.019703627,160883,152622,321766
[RESULT] 13,64,2,0.023025036,0.020234108,160883,152622,321766
[RESULT] 13,64,3,0.023453951,0.020695448,160883,152622,321766
[RESULT] 13,64,4,0.034417391,0.021364212,160883,152622,321766
[RESULT] 13,64,5,0.016954660,0.014176607,160883,152622,321766
[RESULT] 13,64,6,0.018227816,0.009743929,160883,152622,321766
[RESULT] 13,64,7,0.019829988,0.013990164,160883,152622,321766
[RESULT] 13,64,8,0.020168304,0.017386198,160883,152622,321766
[RESULT] 13,64,9,0.019415140,0.014048576,160883,152622,321766
[RESULT] 23,64,0,0.022501469,0.021540165,162907,154814,325814
[RESULT] 23,64,1,0.018525124,0.017582655,162907,154814,325814
[RESULT] 23,64,2,0.018541336,0.017617226,162907,154814,325814
[RESULT] 23,64,3,0.019174814,0.018263817,162907,154814,325814
[RESULT] 23,64,4,0.030871391,0.029131651,162907,154814,325814
[RESULT] 23,64,5,0.018114567,0.016521692,162907,154814,325814
[RESULT] 23,64,6,0.019967794,0.018313408,162907,154814,325814
[RESULT] 23,64,7,0.015895128,0.014686584,162907,154814,325814
[RESULT] 23,64,8,0.019125223,0.017499208,162907,154814,325814
[RESULT] 23,64,9,0.023616076,0.022070169,162907,154814,325814
