Retrieving the matrix from '../data/bcsstk27.mtx'...
Real Matrix (Strong Scaling): Rows=1224 | Cols=1224 | NNZ=28675 | Procs=128
Matrix distributed and converted to CSR
Ghost columns identified: 205 total ghost values needed
Local vector initialized (size=10 per process)
[RESULT] 92,128,0,0.028126717,0.028125763,224,215,448
[RESULT] 92,128,1,0.041248083,0.041246891,224,215,448
[RESULT] 92,128,2,0.015087843,0.015086651,224,215,448
[RESULT] 92,128,3,0.035996675,0.035994053,224,215,448
[RESULT] 92,128,4,0.025091171,0.025090218,224,215,448
[RESULT] 92,128,5,0.014666796,0.014665842,224,215,448
[RESULT] 92,128,6,0.021111727,0.021110773,224,215,448
[RESULT] 92,128,7,0.019113541,0.019112349,224,215,448
[RESULT] 92,128,8,0.017133236,0.017132282,224,215,448
[RESULT] 92,128,9,0.009100676,0.009099722,224,215,448
[RESULT] 93,128,0,0.028070927,0.028069735,205,196,410
[RESULT] 93,128,1,0.041176558,0.041175604,205,196,410
[RESULT] 93,128,2,0.015037537,0.015036583,205,196,410
[RESULT] 93,128,3,0.035961866,0.035960913,205,196,410
[RESULT] 93,128,4,0.025018215,0.025017262,205,196,410
[RESULT] 93,128,5,0.014664412,0.014663458,205,196,410
[RESULT] 93,128,6,0.021115541,0.021114349,205,196,410
[RESULT] 93,128,7,0.019062042,0.019061089,205,196,410
[RESULT] 93,128,8,0.017099142,0.017097950,205,196,410
[RESULT] 93,128,9,0.009114027,0.009112835,205,196,410
[RESULT] 94,128,0,0.028113842,0.028112411,214,205,428
[RESULT] 94,128,1,0.041235685,0.041234493,214,205,428
[RESULT] 94,128,2,0.015082836,0.015081882,214,205,428
[RESULT] 94,128,3,0.035987377,0.035984516,214,205,428
[RESULT] 94,128,4,0.025073051,0.025071621,214,205,428
[RESULT] 94,128,5,0.014650106,0.014648438,214,205,428
[RESULT] 94,128,6,0.021119118,0.021117449,214,205,428
[RESULT] 94,128,7,0.019107580,0.019106388,214,205,428
[RESULT] 94,128,8,0.017123699,0.017122269,214,205,428
[RESULT] 94,128,9,0.009105921,0.009104729,214,205,428
[RESULT] 95,128,0,0.028075695,0.028074741,209,200,418
[RESULT] 95,128,1,0.041114092,0.041113138,209,200,418
[RESULT] 95,128,2,0.015012503,0.015011787,209,200,418
[RESULT] 95,128,3,0.035938740,0.035937786,209,200,418
[RESULT] 95,128,4,0.025001287,0.025000095,209,200,418
[RESULT] 95,128,5,0.014624119,0.014623165,209,200,418
[RESULT] 95,128,6,0.021085739,0.021084547,209,200,418
[RESULT] 95,128,7,0.019063950,0.019062996,209,200,418
[RESULT] 95,128,8,0.017092705,0.017091751,209,200,418
[RESULT] 95,128,9,0.009087563,0.009086370,209,200,418
[RESULT] 96,128,0,0.028013468,0.028011084,218,209,436
[RESULT] 96,128,1,0.054006815,0.054004669,218,209,436
[RESULT] 96,128,2,0.023002625,0.023001432,218,209,436
[RESULT] 96,128,3,0.050981998,0.050980806,218,209,436
[RESULT] 96,128,4,0.025071383,0.025070429,218,209,436
[RESULT] 96,128,5,0.016499043,0.016498089,218,209,436
[RESULT] 96,128,6,0.022994280,0.022992849,218,209,436
[RESULT] 96,128,7,0.006134748,0.006133795,218,209,436
[RESULT] 96,128,8,0.018988848,0.018987656,218,209,436
[RESULT] 96,128,9,0.000049353,0.000048399,218,209,436
[RESULT] 110,128,0,0.026998758,0.026994467,210,201,420
[RESULT] 111,128,0,0.011032104,0.011030436,211,202,422
[RESULT] 111,128,1,0.000129938,0.000128031,211,202,422
[RESULT] 111,128,2,0.029037714,0.029036760,211,202,422
[RESULT] 111,128,3,0.015032053,0.015029669,211,202,422
[RESULT] 111,128,4,0.026998520,0.026997089,211,202,422
[RESULT] 111,128,5,0.009946346,0.009945154,211,202,422
[RESULT] 111,128,6,0.009846210,0.009844780,211,202,422
[RESULT] 111,128,7,0.011303186,0.011301994,211,202,422
[RESULT] 111,128,8,0.006978512,0.006977320,211,202,422
[RESULT] 111,128,9,0.007840157,0.007838011,211,202,422
[RESULT] 112,128,0,0.047980547,0.047977924,220,211,440
[RESULT] 112,128,1,0.026004553,0.026002645,220,211,440
[RESULT] 112,128,2,0.028031826,0.028030396,220,211,440
[RESULT] 112,128,3,0.050970554,0.050968647,220,211,440
[RESULT] 112,128,4,0.017953396,0.017950535,220,211,440
[RESULT] 112,128,5,0.015480280,0.015478849,220,211,440
[RESULT] 112,128,6,0.021979570,0.021978140,220,211,440
[RESULT] 112,128,7,0.022001743,0.022000313,220,211,440
[RESULT] 112,128,8,0.000062943,0.000061512,220,211,440
[RESULT] 112,128,9,0.001844406,0.001842976,220,211,440
[RESULT] 113,128,0,0.036972284,0.036969662,217,208,434
[RESULT] 113,128,1,0.023190975,0.023189068,217,208,434
[RESULT] 113,128,2,0.028029442,0.028027534,217,208,434
[RESULT] 113,128,3,0.035034895,0.035032749,217,208,434
[RESULT] 113,128,4,0.016003847,0.016001940,217,208,434
[RESULT] 113,128,5,0.011433840,0.011432171,217,208,434
[RESULT] 113,128,6,0.013849974,0.013848066,217,208,434
[RESULT] 113,128,7,0.005042553,0.005040646,217,208,434
[RESULT] 113,128,8,0.000094175,0.000092745,217,208,434
[RESULT] 113,128,9,0.001836777,0.001835346,217,208,434
[RESULT] 110,128,1,0.003003836,0.003001690,210,201,420
[RESULT] 110,128,2,0.029039621,0.029038191,210,201,420
[RESULT] 110,128,3,0.026998043,0.026996851,210,201,420
[RESULT] 110,128,4,0.017952204,0.017950773,210,201,420
[RESULT] 110,128,5,0.014044523,0.014042139,210,201,420
[RESULT] 110,128,6,0.009848118,0.009846210,210,201,420
[RESULT] 110,128,7,0.011307955,0.011307001,210,201,420
[RESULT] 110,128,8,0.006978750,0.006977320,210,201,420
[RESULT] 110,128,9,0.007839918,0.007838726,210,201,420
[RESULT] 114,128,0,0.049585104,0.049582720,226,217,452
[RESULT] 114,128,1,0.000132561,0.000130177,226,217,452
[RESULT] 114,128,2,0.027976274,0.027973890,226,217,452
[RESULT] 114,128,3,0.049997091,0.049992800,226,217,452
[RESULT] 114,128,4,0.017027855,0.017024040,226,217,452
[RESULT] 114,128,5,0.013286352,0.013282537,226,217,452
[RESULT] 114,128,6,0.012205362,0.012201786,226,217,452
[RESULT] 114,128,7,0.017575026,0.017571211,226,217,452
[RESULT] 114,128,8,0.000159502,0.000155687,226,217,452
[RESULT] 114,128,9,0.000155449,0.000151873,226,217,452
[RESULT] 98,128,0,0.000106573,0.000104427,230,221,460
[RESULT] 98,128,1,0.000093937,0.000091553,230,221,460
[RESULT] 98,128,2,0.006060123,0.006058455,230,221,460
[RESULT] 98,128,3,0.026103497,0.026101828,230,221,460
[RESULT] 98,128,4,0.029464245,0.029445410,230,221,460
[RESULT] 98,128,5,0.014572382,0.014570475,230,221,460
[RESULT] 98,128,6,0.015094757,0.015093327,230,221,460
[RESULT] 98,128,7,0.003924131,0.003922939,230,221,460
[RESULT] 98,128,8,0.012202978,0.012201786,230,221,460
[RESULT] 99,128,0,0.000085354,0.000082493,219,210,438
[RESULT] 99,128,1,0.000064373,0.000062227,219,210,438
[RESULT] 99,128,2,0.006060123,0.006058216,219,210,438
[RESULT] 99,128,3,0.002087355,0.002085209,219,210,438
[RESULT] 99,128,4,0.000066280,0.000064135,219,210,438
[RESULT] 99,128,5,0.000072002,0.000069857,219,210,438
[RESULT] 99,128,6,0.016006708,0.016005039,219,210,438
[RESULT] 99,128,7,0.003923893,0.003922462,219,210,438
[RESULT] 99,128,8,0.013115406,0.013114214,219,210,438
[RESULT] 99,128,9,0.007002354,0.006999969,219,210,438
[RESULT] 101,128,0,0.000163794,0.000161648,203,194,406
[RESULT] 101,128,1,0.025931835,0.025928736,203,194,406
[RESULT] 101,128,2,0.000093222,0.000092268,203,194,406
[RESULT] 101,128,3,0.002791882,0.002790928,203,194,406
[RESULT] 101,128,4,0.007624149,0.007622957,203,194,406
[RESULT] 101,128,5,0.008455992,0.008454800,203,194,406
[RESULT] 101,128,6,0.000093222,0.000092030,203,194,406
[RESULT] 101,128,7,0.004052401,0.004051447,203,194,406
[RESULT] 101,128,8,0.000952482,0.000951529,203,194,406
[RESULT] 101,128,9,0.006993771,0.006992579,203,194,406
[RESULT] 102,128,0,0.008157253,0.008155823,212,203,424
[RESULT] 102,128,1,0.027066231,0.027064323,212,203,424
[RESULT] 102,128,2,0.000091791,0.000090122,212,203,424
[RESULT] 102,128,3,0.002794743,0.002793312,212,203,424
[RESULT] 102,128,4,0.007624149,0.007622957,212,203,424
[RESULT] 102,128,5,0.008457422,0.008455992,212,203,424
[RESULT] 102,128,6,0.000091553,0.000090361,212,203,424
[RESULT] 102,128,7,0.004053831,0.004052877,212,203,424
[RESULT] 102,128,8,0.000038862,0.000037670,212,203,424
[RESULT] 102,128,9,0.006994963,0.006993532,212,203,424
[RESULT] 105,128,0,0.025045872,0.025044680,225,216,450
[RESULT] 105,128,1,0.025998831,0.025997639,225,216,450
[RESULT] 105,128,2,0.026004791,0.026003122,225,216,450
[RESULT] 105,128,3,0.021995068,0.021993876,225,216,450
[RESULT] 105,128,4,0.000019789,0.000018358,225,216,450
[RESULT] 105,128,5,0.019483328,0.019482136,225,216,450
[RESULT] 105,128,6,0.008511066,0.008509874,225,216,450
[RESULT] 105,128,7,0.006314754,0.006313562,225,216,450
[RESULT] 105,128,8,0.006980658,0.006979465,225,216,450
[RESULT] 105,128,9,0.014050007,0.014048815,225,216,450
[RESULT] 106,128,0,0.000964880,0.000962257,234,225,468
[RESULT] 106,128,1,0.013057947,0.013055086,234,225,468
[RESULT] 106,128,2,0.035027027,0.035025120,234,225,468
[RESULT] 106,128,3,0.026031494,0.026029110,234,225,468
[RESULT] 106,128,4,0.017952681,0.017951250,234,225,468
[RESULT] 106,128,5,0.015533209,0.015532017,234,225,468
[RESULT] 106,128,6,0.006511688,0.006510496,234,225,468
[RESULT] 106,128,7,0.003923893,0.003922701,234,225,468
[RESULT] 106,128,8,0.006981611,0.006980181,234,225,468
[RESULT] 106,128,9,0.014051676,0.014050007,234,225,468
[RESULT] 107,128,0,0.000042439,0.000040770,217,208,434
[RESULT] 107,128,1,0.024994612,0.024993420,217,208,434
[RESULT] 107,128,2,0.027007580,0.027006388,217,208,434
[RESULT] 107,128,3,0.000039816,0.000038624,217,208,434
[RESULT] 107,128,4,0.007632256,0.007630587,217,208,434
[RESULT] 107,128,5,0.004136086,0.004134417,217,208,434
[RESULT] 107,128,6,0.000040531,0.000038862,217,208,434
[RESULT] 107,128,7,0.003920794,0.003919601,217,208,434
[RESULT] 107,128,8,0.012431383,0.012429476,217,208,434
[RESULT] 107,128,9,0.006247759,0.006246090,217,208,434
[RESULT] 108,128,0,0.039014578,0.039012671,226,217,452
[RESULT] 108,128,1,0.036028862,0.036027431,226,217,452
[RESULT] 108,128,2,0.035025358,0.035023689,226,217,452
[RESULT] 108,128,3,0.033029795,0.033028364,226,217,452
[RESULT] 108,128,4,0.017953873,0.017951727,226,217,452
[RESULT] 108,128,5,0.014048576,0.014047384,226,217,452
[RESULT] 108,128,6,0.009850264,0.009848833,226,217,452
[RESULT] 108,128,7,0.006316423,0.006315231,226,217,452
[RESULT] 108,128,8,0.006979704,0.006978273,226,217,452
[RESULT] 108,128,9,0.014051199,0.014049292,226,217,452
[RESULT] 98,128,9,0.007005453,0.007004261,230,221,460
[RESULT] 97,128,0,0.010011196,0.010008097,221,212,442
[RESULT] 97,128,1,0.041004181,0.041001320,221,212,442
[RESULT] 97,128,2,0.000149488,0.000147820,221,212,442
[RESULT] 97,128,3,0.029092789,0.029090643,221,212,442
[RESULT] 97,128,4,0.020005703,0.020004272,221,212,442
[RESULT] 97,128,5,0.023487091,0.023485661,221,212,442
[RESULT] 97,128,6,0.026010036,0.026008606,221,212,442
[RESULT] 97,128,7,0.002134562,0.002133131,221,212,442
[RESULT] 97,128,8,0.025988579,0.025986671,221,212,442
[RESULT] 97,128,9,0.000141859,0.000140429,221,212,442
[RESULT] 103,128,0,0.000048637,0.000044823,207,198,414
[RESULT] 103,128,1,0.026005030,0.026001215,207,198,414
[RESULT] 103,128,2,0.000044346,0.000042677,207,198,414
[RESULT] 103,128,3,0.000048876,0.000045776,207,198,414
[RESULT] 103,128,4,0.014642239,0.014638901,207,198,414
[RESULT] 103,128,5,0.015718699,0.015716314,207,198,414
[RESULT] 103,128,6,0.000089645,0.000087023,207,198,414
[RESULT] 103,128,7,0.010684967,0.010683060,207,198,414
[RESULT] 103,128,8,0.000058174,0.000056267,207,198,414
[RESULT] 103,128,9,0.011620760,0.011619091,207,198,414
[RESULT] 109,128,0,0.030036688,0.030035019,201,192,402
[RESULT] 109,128,1,0.045885086,0.045883656,201,192,402
[RESULT] 109,128,2,0.045985699,0.045984507,201,192,402
[RESULT] 109,128,3,0.030029774,0.030028343,201,192,402
[RESULT] 109,128,4,0.024994612,0.024993420,201,192,402
[RESULT] 109,128,5,0.025997877,0.025996447,201,192,402
[RESULT] 109,128,6,0.008851051,0.008850098,201,192,402
[RESULT] 109,128,7,0.000049829,0.000048876,201,192,402
[RESULT] 109,128,8,0.006978273,0.006976843,201,192,402
[RESULT] 109,128,9,0.018998623,0.018996716,201,192,402
[RESULT] 116,128,0,0.060978889,0.060975552,218,209,436
[RESULT] 116,128,1,0.027013540,0.027011633,218,209,436
[RESULT] 116,128,2,0.027003050,0.027001381,218,209,436
[RESULT] 116,128,3,0.025034428,0.025033236,218,209,436
[RESULT] 116,128,4,0.025937796,0.025936604,218,209,436
[RESULT] 116,128,5,0.009945631,0.009944677,218,209,436
[RESULT] 116,128,6,0.009846210,0.009845018,218,209,436
[RESULT] 116,128,7,0.001039505,0.001038074,218,209,436
[RESULT] 117,128,0,0.048986435,0.048982859,205,196,410
[RESULT] 117,128,1,0.005089283,0.005086660,205,196,410
[RESULT] 117,128,2,0.002048492,0.002044916,205,196,410
[RESULT] 117,128,3,0.025033712,0.025030851,205,196,410
[RESULT] 117,128,4,0.008405209,0.008403301,205,196,410
[RESULT] 117,128,5,0.009943724,0.009941339,205,196,410
[RESULT] 117,128,6,0.009841681,0.009840012,205,196,410
[RESULT] 117,128,7,0.001034498,0.001032829,205,196,410
[RESULT] 117,128,8,0.000108242,0.000106096,205,196,410
[RESULT] 115,128,0,0.032027483,0.032025814,209,200,418
[RESULT] 115,128,1,0.000096083,0.000094652,209,200,418
[RESULT] 115,128,2,0.000084162,0.000082970,209,200,418
[RESULT] 115,128,3,0.027007341,0.027005911,209,200,418
[RESULT] 115,128,4,0.020512342,0.020509720,209,200,418
[RESULT] 115,128,5,0.002154589,0.002152681,209,200,418
[RESULT] 115,128,6,0.018104792,0.018102646,209,200,418
[RESULT] 115,128,7,0.012119770,0.012118340,209,200,418
[RESULT] 115,128,8,0.000152111,0.000150919,209,200,418
[RESULT] 115,128,9,0.000156879,0.000154495,209,200,418
[RESULT] 116,128,8,0.000080824,0.000079632,218,209,436
[RESULT] 116,128,9,0.001438856,0.001437664,218,209,436
[RESULT] 117,128,9,0.001438856,0.001437187,205,196,410
[RESULT] 100,128,0,0.008085012,0.008081436,228,219,456
[RESULT] 100,128,1,0.048077822,0.048073530,228,219,456
[RESULT] 100,128,2,0.000097275,0.000093460,228,219,456
[RESULT] 100,128,3,0.004816532,0.004813194,228,219,456
[RESULT] 100,128,4,0.007624388,0.007620811,228,219,456
[RESULT] 100,128,5,0.016842127,0.016837835,228,219,456
[RESULT] 100,128,6,0.017189503,0.017185688,228,219,456
[RESULT] 100,128,7,0.011603117,0.011600494,228,219,456
[RESULT] 100,128,8,0.013102770,0.013098955,228,219,456
[RESULT] 100,128,9,0.012580395,0.012574911,228,219,456
[RESULT] 104,128,0,0.029026508,0.029023886,216,207,432
[RESULT] 104,128,1,0.036031485,0.036029816,216,207,432
[RESULT] 104,128,2,0.035029173,0.035027266,216,207,432
[RESULT] 104,128,3,0.027021408,0.027019978,216,207,432
[RESULT] 104,128,4,0.025956869,0.025953293,216,207,432
[RESULT] 104,128,5,0.020331144,0.020328045,216,207,432
[RESULT] 104,128,6,0.024997473,0.024994135,216,207,432
[RESULT] 104,128,7,0.006319284,0.006316662,216,207,432
[RESULT] 104,128,8,0.006983280,0.006980181,216,207,432
[RESULT] 104,128,9,0.019851446,0.019846916,216,207,432
[RESULT] 4,128,0,0.039008617,0.039007187,235,225,470
[RESULT] 4,128,1,0.039122581,0.039121151,235,225,470
[RESULT] 4,128,2,0.035007477,0.035006285,235,225,470
[RESULT] 4,128,3,0.033024311,0.033023119,235,225,470
[RESULT] 4,128,4,0.024989605,0.024987936,235,225,470
[RESULT] 4,128,5,0.014092684,0.014091253,235,225,470
[RESULT] 4,128,6,0.009842157,0.009840727,235,225,470
[RESULT] 4,128,7,0.020159483,0.020158052,235,225,470
[RESULT] 4,128,8,0.004667997,0.004666567,235,225,470
[RESULT] 83,128,0,0.028216362,0.028215170,205,196,410
[RESULT] 83,128,1,0.041271210,0.041270256,205,196,410
[RESULT] 83,128,2,0.015158176,0.015157223,205,196,410
[RESULT] 83,128,3,0.036105871,0.036104918,205,196,410
[RESULT] 83,128,4,0.025159121,0.025158167,205,196,410
[RESULT] 83,128,5,0.014695883,0.014694929,205,196,410
[RESULT] 83,128,6,0.026121378,0.026120424,205,196,410
[RESULT] 83,128,7,0.023089170,0.023088217,205,196,410
[RESULT] 83,128,8,0.022094727,0.022094011,205,196,410
[RESULT] 83,128,9,0.024054050,0.024053097,205,196,410
[RESULT] 5,128,0,0.030035257,0.030033350,223,213,446
[RESULT] 5,128,1,0.045967340,0.045965195,223,213,446
[RESULT] 5,128,2,0.045984507,0.045983315,223,213,446
[RESULT] 5,128,3,0.030032158,0.030030727,223,213,446
[RESULT] 5,128,4,0.021071672,0.021070480,223,213,446
[RESULT] 84,128,0,0.028272152,0.028270960,214,205,428
[RESULT] 84,128,1,0.041303158,0.041301727,214,205,428
[RESULT] 84,128,2,0.015142202,0.015141249,214,205,428
[RESULT] 84,128,3,0.036097050,0.036095858,214,205,428
[RESULT] 84,128,4,0.025217295,0.025216103,214,205,428
[RESULT] 84,128,5,0.014708519,0.014707565,214,205,428
[RESULT] 84,128,6,0.026093721,0.026092768,214,205,428
[RESULT] 84,128,7,0.023104429,0.023103476,214,205,428
[RESULT] 84,128,8,0.022126913,0.022125721,214,205,428
[RESULT] 84,128,9,0.024046421,0.024045229,214,205,428
[RESULT] 3,128,0,0.020905733,0.020903587,225,215,450
[RESULT] 3,128,1,0.000162125,0.000160694,225,215,450
[RESULT] 3,128,2,0.027004242,0.027002811,225,215,450
[RESULT] 3,128,3,0.027004719,0.027003527,225,215,450
[RESULT] 85,128,0,0.028304815,0.028303623,201,192,402
[RESULT] 85,128,1,0.041313410,0.041312456,201,192,402
[RESULT] 85,128,2,0.015187025,0.015186071,201,192,402
[RESULT] 85,128,3,0.036102295,0.036099434,201,192,402
[RESULT] 85,128,4,0.025188446,0.025187492,201,192,402
[RESULT] 85,128,5,0.014729023,0.014727831,201,192,402
[RESULT] 85,128,6,0.026181459,0.026180506,201,192,402
[RESULT] 85,128,7,0.023126602,0.023125648,201,192,402
[RESULT] 85,128,8,0.022106647,0.022105694,201,192,402
[RESULT] 85,128,9,0.024042368,0.024041414,201,192,402
[RESULT] 4,128,9,0.024205446,0.024204254,235,225,470
[RESULT] 86,128,0,0.028220177,0.028218985,210,201,420
[RESULT] 86,128,1,0.041348457,0.041347504,210,201,420
[RESULT] 86,128,2,0.015165091,0.015163898,210,201,420
[RESULT] 86,128,3,0.036077738,0.036074400,210,201,420
[RESULT] 86,128,4,0.025171041,0.025169849,210,201,420
[RESULT] 86,128,5,0.014743090,0.014742136,210,201,420
[RESULT] 86,128,6,0.026074886,0.026073933,210,201,420
[RESULT] 86,128,7,0.023099422,0.023098469,210,201,420
[RESULT] 86,128,8,0.022071600,0.022070408,210,201,420
[RESULT] 86,128,9,0.024024725,0.024023533,210,201,420
[RESULT] 5,128,5,0.026063204,0.026062012,223,213,446
[RESULT] 5,128,6,0.008844137,0.008842468,223,213,446
[RESULT] 5,128,7,0.019133568,0.019132137,223,213,446
[RESULT] 5,128,8,0.004669905,0.004668474,223,213,446
[RESULT] 5,128,9,0.024203300,0.024201393,223,213,446
[RESULT] 87,128,0,0.028178692,0.028177261,207,198,414
[RESULT] 87,128,1,0.041230917,0.041229725,207,198,414
[RESULT] 87,128,2,0.015092611,0.015091419,207,198,414
[RESULT] 87,128,3,0.036030054,0.036026955,207,198,414
[RESULT] 87,128,4,0.025115490,0.025113106,207,198,414
[RESULT] 87,128,5,0.014721632,0.014719009,207,198,414
[RESULT] 87,128,6,0.026023626,0.026021957,207,198,414
[RESULT] 87,128,7,0.023043394,0.023041487,207,198,414
[RESULT] 87,128,8,0.022035599,0.022033691,207,198,414
[RESULT] 87,128,9,0.024010897,0.024009228,207,198,414
[RESULT] 3,128,4,0.025325060,0.025323629,225,215,450
[RESULT] 3,128,5,0.008837938,0.008836508,225,215,450
[RESULT] 3,128,6,0.007848501,0.007847309,225,215,450
[RESULT] 3,128,7,0.000144958,0.000143766,225,215,450
[RESULT] 3,128,8,0.001657963,0.001656532,225,215,450
[RESULT] 3,128,9,0.000253201,0.000251770,225,215,450
[RESULT] 88,128,0,0.028207302,0.028206110,216,207,432
[RESULT] 88,128,1,0.041244268,0.041243315,216,207,432
[RESULT] 88,128,2,0.015160799,0.015159607,216,207,432
[RESULT] 88,128,3,0.036059618,0.036058664,216,207,432
[RESULT] 88,128,4,0.025131941,0.025130749,216,207,432
[RESULT] 88,128,5,0.014694452,0.014693499,216,207,432
[RESULT] 88,128,6,0.026085854,0.026084900,216,207,432
[RESULT] 88,128,7,0.023083925,0.023082733,216,207,432
[RESULT] 88,128,8,0.022109509,0.022108316,216,207,432
[RESULT] 88,128,9,0.024009943,0.024008512,216,207,432
[RESULT] 89,128,0,0.028188705,0.028187513,219,210,438
[RESULT] 89,128,1,0.041285276,0.041284084,219,210,438
[RESULT] 89,128,2,0.015131474,0.015130281,219,210,438
[RESULT] 89,128,3,0.036027431,0.036025047,219,210,438
[RESULT] 89,128,4,0.025096655,0.025095463,219,210,438
[RESULT] 89,128,5,0.014668465,0.014667511,219,210,438
[RESULT] 89,128,6,0.026058197,0.026057005,219,210,438
[RESULT] 89,128,7,0.023074627,0.023073673,219,210,438
[RESULT] 89,128,8,0.022091866,0.022090673,219,210,438
[RESULT] 89,128,9,0.023990631,0.023989439,219,210,438
[RESULT] 90,128,0,0.028181553,0.028180361,228,219,456
[RESULT] 90,128,1,0.041321278,0.041320086,228,219,456
[RESULT] 90,128,2,0.015140057,0.015139103,228,219,456
[RESULT] 90,128,3,0.036059380,0.036058187,228,219,456
[RESULT] 90,128,4,0.025117874,0.025116920,228,219,456
[RESULT] 90,128,5,0.014692068,0.014690876,228,219,456
[RESULT] 90,128,6,0.026019812,0.026018381,228,219,456
[RESULT] 90,128,7,0.023026466,0.023025274,228,219,456
[RESULT] 90,128,8,0.022061825,0.022060633,228,219,456
[RESULT] 90,128,9,0.023985147,0.023983955,228,219,456
[RESULT] 91,128,0,0.028132200,0.028131008,215,206,430
[RESULT] 91,128,1,0.041258335,0.041257143,215,206,430
[RESULT] 91,128,2,0.015086651,0.015085459,215,206,430
[RESULT] 91,128,3,0.036001921,0.036000729,215,206,430
[RESULT] 91,128,4,0.025066376,0.025065184,215,206,430
[RESULT] 91,128,5,0.014668941,0.014667749,215,206,430
[RESULT] 91,128,6,0.025974751,0.025973558,215,206,430
[RESULT] 91,128,7,0.022964954,0.022963762,215,206,430
[RESULT] 91,128,8,0.021990776,0.021989584,215,206,430
[RESULT] 91,128,9,0.023975611,0.023974419,215,206,430
[RESULT] 74,128,0,0.028224945,0.028223515,226,217,452
[RESULT] 74,128,1,0.041262865,0.041261911,226,217,452
[RESULT] 74,128,2,0.015136003,0.015135050,226,217,452
[RESULT] 74,128,3,0.036155939,0.036154747,226,217,452
[RESULT] 74,128,4,0.025166750,0.025165319,226,217,452
[RESULT] 74,128,5,0.014770746,0.014769316,226,217,452
[RESULT] 74,128,6,0.026144505,0.026143312,226,217,452
[RESULT] 74,128,7,0.023134708,0.023133278,226,217,452
[RESULT] 74,128,8,0.022164345,0.022163153,226,217,452
[RESULT] 74,128,9,0.024129152,0.024127960,226,217,452
[RESULT] 75,128,0,0.028465748,0.028464794,201,192,402
[RESULT] 75,128,1,0.041248083,0.041247129,201,192,402
[RESULT] 75,128,2,0.015135050,0.015134096,201,192,402
[RESULT] 75,128,3,0.036157846,0.036156654,201,192,402
[RESULT] 75,128,4,0.025189161,0.025188208,201,192,402
[RESULT] 75,128,5,0.014693260,0.014692307,201,192,402
[RESULT] 75,128,6,0.026121855,0.026120663,201,192,402
[RESULT] 75,128,7,0.023131132,0.023130178,201,192,402
[RESULT] 75,128,8,0.022160769,0.022159815,201,192,402
[RESULT] 75,128,9,0.024111986,0.024110794,201,192,402
[RESULT] 76,128,0,0.028322697,0.028321266,210,201,420
[RESULT] 76,128,1,0.041360617,0.041359425,210,201,420
[RESULT] 76,128,2,0.015225887,0.015224457,210,201,420
[RESULT] 76,128,3,0.036228180,0.036226988,210,201,420
[RESULT] 76,128,4,0.025264740,0.025263786,210,201,420
[RESULT] 76,128,5,0.014755249,0.014754295,210,201,420
[RESULT] 76,128,6,0.026249170,0.026248217,210,201,420
[RESULT] 76,128,7,0.023162127,0.023160934,210,201,420
[RESULT] 76,128,8,0.022185802,0.022184610,210,201,420
[RESULT] 76,128,9,0.024106026,0.024104834,210,201,420
[RESULT] 77,128,0,0.028467178,0.028465986,211,202,422
[RESULT] 77,128,1,0.041373730,0.041372776,211,202,422
[RESULT] 77,128,2,0.015233040,0.015232086,211,202,422
[RESULT] 77,128,3,0.036188364,0.036184788,211,202,422
[RESULT] 77,128,4,0.025258303,0.025257349,211,202,422
[RESULT] 77,128,5,0.014739513,0.014738321,211,202,422
[RESULT] 77,128,6,0.026252747,0.026251793,211,202,422
[RESULT] 77,128,7,0.023217201,0.023216248,211,202,422
[RESULT] 77,128,8,0.022196293,0.022195339,211,202,422
[RESULT] 77,128,9,0.024121046,0.024119854,211,202,422
[RESULT] 78,128,0,0.028477669,0.028475046,220,211,440
[RESULT] 78,128,1,0.041288376,0.041287184,220,211,440
[RESULT] 78,128,2,0.015163183,0.015162230,220,211,440
[RESULT] 78,128,3,0.036130190,0.036127329,220,211,440
[RESULT] 78,128,4,0.025185108,0.025183201,220,211,440
[RESULT] 78,128,5,0.014657736,0.014656544,220,211,440
[RESULT] 78,128,6,0.026189566,0.026188135,220,211,440
[RESULT] 78,128,7,0.023120880,0.023119926,220,211,440
[RESULT] 78,128,8,0.022198200,0.022196531,220,211,440
[RESULT] 78,128,9,0.024091721,0.024090528,220,211,440
[RESULT] 79,128,0,0.028305292,0.028304338,217,208,434
[RESULT] 79,128,1,0.041358948,0.041357756,217,208,434
[RESULT] 79,128,2,0.015219212,0.015218258,217,208,434
[RESULT] 79,128,3,0.036172867,0.036171675,217,208,434
[RESULT] 79,128,4,0.025251627,0.025250435,217,208,434
[RESULT] 79,128,5,0.014753342,0.014752388,217,208,434
[RESULT] 79,128,6,0.026211023,0.026209831,217,208,434
[RESULT] 79,128,7,0.023185253,0.023184061,217,208,434
[RESULT] 79,128,8,0.022189617,0.022188425,217,208,434
[RESULT] 79,128,9,0.024091482,0.024090528,217,208,434
[RESULT] 80,128,0,0.028323650,0.028322458,226,217,452
[RESULT] 80,128,1,0.041326761,0.041325569,226,217,452
[RESULT] 80,128,2,0.015195131,0.015193939,226,217,452
[RESULT] 80,128,3,0.036205769,0.036204576,226,217,452
[RESULT] 80,128,4,0.025201797,0.025200605,226,217,452
[RESULT] 80,128,5,0.014668941,0.014667511,226,217,452
[RESULT] 80,128,6,0.026214600,0.026213169,226,217,452
[RESULT] 80,128,7,0.023170471,0.023169279,226,217,452
[RESULT] 80,128,8,0.022181034,0.022180080,226,217,452
[RESULT] 80,128,9,0.024096251,0.024094820,226,217,452
[RESULT] 81,128,0,0.027886629,0.027885199,209,200,418
[RESULT] 81,128,1,0.041343451,0.041342258,209,200,418
[RESULT] 81,128,2,0.014848232,0.014847040,209,200,418
[RESULT] 81,128,3,0.036161423,0.036159515,209,200,418
[RESULT] 81,128,4,0.025238037,0.025236607,209,200,418
[RESULT] 81,128,5,0.014772415,0.014771461,209,200,418
[RESULT] 81,128,6,0.026194334,0.026193380,209,200,418
[RESULT] 81,128,7,0.023177862,0.023176908,209,200,418
[RESULT] 81,128,8,0.022163391,0.022162199,209,200,418
[RESULT] 81,128,9,0.024097443,0.024096251,209,200,418
[RESULT] 82,128,0,0.028280497,0.028279066,218,209,436
[RESULT] 82,128,1,0.041299582,0.041298389,218,209,436
[RESULT] 82,128,2,0.015176058,0.015174866,218,209,436
[RESULT] 82,128,3,0.036134481,0.036131382,218,209,436
[RESULT] 82,128,4,0.025223255,0.025222063,218,209,436
[RESULT] 82,128,5,0.014734507,0.014733076,218,209,436
[RESULT] 82,128,6,0.026176453,0.026175261,218,209,436
[RESULT] 82,128,7,0.023139954,0.023138523,218,209,436
[RESULT] 82,128,8,0.022172213,0.022171259,218,209,436
[RESULT] 82,128,9,0.024068832,0.024067163,218,209,436
[RESULT] 19,128,0,0.015018463,0.015017271,225,215,450
[RESULT] 19,128,1,0.027112722,0.027111530,225,215,450
[RESULT] 19,128,2,0.042042255,0.042041063,225,215,450
[RESULT] 19,128,3,0.041095495,0.041094303,225,215,450
[RESULT] 19,128,4,0.021042585,0.021041393,225,215,450
[RESULT] 19,128,5,0.019409895,0.019408703,225,215,450
[RESULT] 19,128,6,0.013133526,0.013132572,225,215,450
[RESULT] 72,128,0,0.028290033,0.028288603,234,225,468
[RESULT] 72,128,1,0.050068855,0.050067663,234,225,468
[RESULT] 72,128,2,0.024011374,0.024010181,234,225,468
[RESULT] 72,128,3,0.055977106,0.055973768,234,225,468
[RESULT] 72,128,4,0.025985956,0.025984526,234,225,468
[RESULT] 72,128,5,0.014786959,0.014785767,234,225,468
[RESULT] 72,128,6,0.026246071,0.026244879,234,225,468
[RESULT] 72,128,7,0.026060343,0.026059151,234,225,468
[RESULT] 72,128,8,0.035076380,0.035075188,234,225,468
[RESULT] 72,128,9,0.026990414,0.026989222,234,225,468
[RESULT] 118,128,0,0.031994343,0.031992197,214,205,428
[RESULT] 118,128,1,0.000103474,0.000102043,214,205,428
[RESULT] 118,128,2,0.000090599,0.000088930,214,205,428
[RESULT] 118,128,3,0.000091314,0.000090122,214,205,428
[RESULT] 118,128,4,0.000417948,0.000416756,214,205,428
[RESULT] 118,128,5,0.004944801,0.004943609,214,205,428
[RESULT] 118,128,6,0.004850626,0.004848957,214,205,428
[RESULT] 118,128,7,0.000090837,0.000089407,214,205,428
[RESULT] 118,128,8,0.000093222,0.000092030,214,205,428
[RESULT] 118,128,9,0.000092268,0.000091314,214,205,428
[RESULT] 73,128,0,0.028218508,0.028217316,217,208,434
[RESULT] 73,128,1,0.049985647,0.049984455,217,208,434
[RESULT] 73,128,2,0.023914337,0.023913145,217,208,434
[RESULT] 73,128,3,0.055957794,0.055953979,217,208,434
[RESULT] 73,128,4,0.025963783,0.025962353,217,208,434
[RESULT] 73,128,5,0.014746666,0.014745712,217,208,434
[RESULT] 73,128,6,0.026216984,0.026215792,217,208,434
[RESULT] 73,128,7,0.025988579,0.025987625,217,208,434
[RESULT] 73,128,8,0.035003424,0.035002232,217,208,434
[RESULT] 73,128,9,0.026968718,0.026967287,217,208,434
[RESULT] 1,128,0,0.030022144,0.030019522,211,201,422
[RESULT] 1,128,1,0.038127899,0.038125515,211,201,422
[RESULT] 1,128,2,0.026022673,0.026021242,211,201,422
[RESULT] 1,128,3,0.049099207,0.049097061,211,201,422
[RESULT] 1,128,4,0.013030529,0.013029099,211,201,422
[RESULT] 1,128,5,0.015502930,0.015499592,211,201,422
[RESULT] 1,128,6,0.009098768,0.009097576,211,201,422
[RESULT] 1,128,7,0.022118568,0.022117138,211,201,422
[RESULT] 1,128,8,0.035079002,0.035077572,211,201,422
[RESULT] 1,128,9,0.027098894,0.027097702,211,201,422
[RESULT] 17,128,0,0.039098263,0.039095879,217,207,434
[RESULT] 17,128,1,0.042994499,0.042992830,217,207,434
[RESULT] 17,128,2,0.043001652,0.043000460,217,207,434
[RESULT] 17,128,3,0.036092043,0.036090851,217,207,434
[RESULT] 17,128,4,0.017002583,0.017001390,217,207,434
[RESULT] 17,128,5,0.009066105,0.009060860,217,207,434
[RESULT] 17,128,6,0.009142399,0.009141207,217,207,434
[RESULT] 17,128,7,0.026090860,0.026089430,217,207,434
[RESULT] 17,128,8,0.025991678,0.025990486,217,207,434
[RESULT] 17,128,9,0.022102833,0.022101402,217,207,434
[RESULT] 19,128,7,0.011072874,0.011071682,225,215,450
[RESULT] 19,128,8,0.036253691,0.036252499,225,215,450
[RESULT] 19,128,9,0.021110773,0.021109581,225,215,450
[RESULT] 0,128,0,0.029114246,0.029111862,215,205,430
[RESULT] 0,128,1,0.050191164,0.050188780,215,205,430
[RESULT] 0,128,2,0.035017490,0.035016060,215,205,430
[RESULT] 0,128,3,0.056074619,0.056072950,215,205,430
[RESULT] 0,128,4,0.032003403,0.032002211,215,205,430
[RESULT] 0,128,5,0.015505314,0.015503883,215,205,430
[RESULT] 0,128,6,0.017058134,0.017056942,215,205,430
[RESULT] 0,128,7,0.026087523,0.026086092,215,205,430
[RESULT] 0,128,8,0.040071487,0.040070057,215,205,430
[RESULT] 0,128,9,0.027138233,0.027136564,215,205,430
[RESULT] 119,128,0,0.014082432,0.014080524,201,192,402
[RESULT] 119,128,1,0.000150919,0.000149250,201,192,402
[RESULT] 119,128,2,0.000141859,0.000140667,201,192,402
[RESULT] 119,128,3,0.000123739,0.000122309,201,192,402
[RESULT] 119,128,4,0.000128984,0.000127554,201,192,402
[RESULT] 119,128,5,0.013998270,0.013997078,201,192,402
[RESULT] 119,128,6,0.000139475,0.000138283,201,192,402
[RESULT] 119,128,7,0.000142097,0.000140667,201,192,402
[RESULT] 119,128,8,0.000131369,0.000129700,201,192,402
[RESULT] 119,128,9,0.000133991,0.000132322,201,192,402
[RESULT] 120,128,0,0.028013229,0.028012276,210,201,420
[RESULT] 120,128,1,0.050124884,0.050123692,210,201,420
[RESULT] 120,128,2,0.024136782,0.024135590,210,201,420
[RESULT] 120,128,3,0.056080103,0.056078911,210,201,420
[RESULT] 120,128,4,0.026105404,0.026104450,210,201,420
[RESULT] 120,128,5,0.009516239,0.009515285,210,201,420
[RESULT] 120,128,6,0.013141394,0.013140440,210,201,420
[RESULT] 120,128,7,0.026132345,0.026131392,210,201,420
[RESULT] 120,128,8,0.035125256,0.035124063,210,201,420
[RESULT] 120,128,9,0.027126789,0.027125835,210,201,420

Benchmark Summary
Processes: 128
Iterations: 10
Matrix NNZ: 28675
Total execution time: 1.245 seconds
[RESULT] 60,128,0,0.028374434,0.028372288,233,223,466
[RESULT] 60,128,1,0.050184488,0.050181627,233,223,466
[RESULT] 60,128,2,0.024153233,0.024152040,233,223,466
[RESULT] 60,128,3,0.056156158,0.056154728,233,223,466
[RESULT] 60,128,4,0.026136398,0.026135206,233,223,466
[RESULT] 60,128,5,0.014610052,0.014608622,233,223,466
[RESULT] 60,128,6,0.026073694,0.026072264,233,223,466
[RESULT] 60,128,7,0.026125193,0.026124001,233,223,466
[RESULT] 60,128,8,0.035175562,0.035174370,233,223,466
[RESULT] 60,128,9,0.027135372,0.027134180,233,223,466
[RESULT] 121,128,0,0.028008699,0.028007030,207,198,414
[RESULT] 121,128,1,0.050133705,0.050132275,207,198,414
[RESULT] 121,128,2,0.024125814,0.024124384,207,198,414
[RESULT] 121,128,3,0.056090355,0.056089401,207,198,414
[RESULT] 121,128,4,0.026120186,0.026119232,207,198,414
[RESULT] 121,128,5,0.009497166,0.009496212,207,198,414
[RESULT] 121,128,6,0.013130426,0.013129473,207,198,414
[RESULT] 121,128,7,0.026122570,0.026121616,207,198,414
[RESULT] 121,128,8,0.035135746,0.035134792,207,198,414
[RESULT] 121,128,9,0.027114391,0.027113199,207,198,414
[RESULT] 62,128,0,0.028403521,0.028401852,239,229,478
[RESULT] 62,128,1,0.050207376,0.050204039,239,229,478
[RESULT] 62,128,2,0.024188280,0.024186850,239,229,478
[RESULT] 62,128,3,0.056134701,0.056133509,239,229,478
[RESULT] 62,128,4,0.026123285,0.026122093,239,229,478
[RESULT] 62,128,5,0.014621735,0.014620543,239,229,478
[RESULT] 62,128,6,0.026066542,0.026065350,239,229,478
[RESULT] 62,128,7,0.026119709,0.026118279,239,229,478
[RESULT] 62,128,8,0.035137415,0.035136223,239,229,478
[RESULT] 62,128,9,0.027115345,0.027114153,239,229,478
[RESULT] 122,128,0,0.027994156,0.027992249,216,207,432
[RESULT] 122,128,1,0.050122023,0.050120115,216,207,432
[RESULT] 122,128,2,0.024088383,0.024086237,216,207,432
[RESULT] 122,128,3,0.056075811,0.056074381,216,207,432
[RESULT] 122,128,4,0.026119709,0.026118755,216,207,432
[RESULT] 122,128,5,0.009494305,0.009493351,216,207,432
[RESULT] 122,128,6,0.013117552,0.013116360,216,207,432
[RESULT] 122,128,7,0.026117802,0.026116610,216,207,432
[RESULT] 122,128,8,0.035117865,0.035116911,216,207,432
[RESULT] 122,128,9,0.027110577,0.027109385,216,207,432
[RESULT] 69,128,0,0.028315067,0.028313875,223,213,446
[RESULT] 69,128,1,0.050260782,0.050259590,223,213,446
[RESULT] 69,128,2,0.024245739,0.024244547,223,213,446
[RESULT] 69,128,3,0.056077242,0.056075811,223,213,446
[RESULT] 69,128,4,0.026066542,0.026065350,223,213,446
[RESULT] 69,128,5,0.014620543,0.014619350,223,213,446
[RESULT] 69,128,6,0.026138783,0.026137829,223,213,446
[RESULT] 69,128,7,0.026183367,0.026182175,223,213,446
[RESULT] 69,128,8,0.035044909,0.035043716,223,213,446
[RESULT] 69,128,9,0.027077198,0.027076006,223,213,446
[RESULT] 123,128,0,0.024004698,0.024002790,219,210,438
[RESULT] 123,128,1,0.050104141,0.050102711,219,210,438
[RESULT] 123,128,2,0.024477005,0.024475813,219,210,438
[RESULT] 123,128,3,0.056050539,0.056049109,219,210,438
[RESULT] 123,128,4,0.026085138,0.026083708,219,210,438
[RESULT] 123,128,5,0.015550375,0.015549183,219,210,438
[RESULT] 123,128,6,0.013119459,0.013118505,219,210,438
[RESULT] 123,128,7,0.026110172,0.026108980,219,210,438
[RESULT] 123,128,8,0.035106897,0.035105944,219,210,438
[RESULT] 123,128,9,0.027111769,0.027110815,219,210,438
[RESULT] 70,128,0,0.028289318,0.028287172,233,223,466
[RESULT] 70,128,1,0.050195456,0.050193787,233,223,466
[RESULT] 70,128,2,0.024128199,0.024127007,233,223,466
[RESULT] 70,128,3,0.056140661,0.056138992,233,223,466
[RESULT] 70,128,4,0.026053667,0.026052237,233,223,466
[RESULT] 70,128,5,0.014625311,0.014624357,233,223,466
[RESULT] 70,128,6,0.026130438,0.026129007,233,223,466
[RESULT] 70,128,7,0.026056767,0.026055574,233,223,466
[RESULT] 70,128,8,0.035043478,0.035041809,233,223,466
[RESULT] 70,128,9,0.027069569,0.027068377,233,223,466
[RESULT] 124,128,0,0.024013996,0.024012327,228,219,456
[RESULT] 124,128,1,0.050114632,0.050112963,228,219,456
[RESULT] 124,128,2,0.024481773,0.024480581,228,219,456
[RESULT] 124,128,3,0.056073189,0.056071997,228,219,456
[RESULT] 124,128,4,0.026102066,0.026100874,228,219,456
[RESULT] 124,128,5,0.015548944,0.015547991,228,219,456
[RESULT] 124,128,6,0.013098955,0.013097763,228,219,456
[RESULT] 124,128,7,0.026120186,0.026118994,228,219,456
[RESULT] 124,128,8,0.035128593,0.035127401,228,219,456
[RESULT] 124,128,9,0.027087212,0.027086258,228,219,456
[RESULT] 71,128,0,0.028264761,0.028262615,243,233,486
[RESULT] 71,128,1,0.050123453,0.050122261,243,233,486
[RESULT] 71,128,2,0.024081707,0.024080276,243,233,486
[RESULT] 71,128,3,0.056065321,0.056063890,243,233,486
[RESULT] 71,128,4,0.026024580,0.026023149,243,233,486
[RESULT] 71,128,5,0.014614820,0.014613628,243,233,486
[RESULT] 71,128,6,0.026109457,0.026108265,243,233,486
[RESULT] 71,128,7,0.026021719,0.026020527,243,233,486
[RESULT] 71,128,8,0.035028934,0.035027504,243,233,486
[RESULT] 71,128,9,0.027029037,0.027027845,243,233,486
[RESULT] 125,128,0,0.024081707,0.024080515,215,206,430
[RESULT] 125,128,1,0.050101757,0.050100565,215,206,430
[RESULT] 125,128,2,0.024454117,0.024452925,215,206,430
[RESULT] 125,128,3,0.056053162,0.056051970,215,206,430
[RESULT] 125,128,4,0.026086092,0.026084900,215,206,430
[RESULT] 125,128,5,0.015518188,0.015516996,215,206,430
[RESULT] 125,128,6,0.013094425,0.013093233,215,206,430
[RESULT] 125,128,7,0.026107788,0.026106834,215,206,430
[RESULT] 125,128,8,0.035088539,0.035087585,215,206,430
[RESULT] 125,128,9,0.027099371,0.027098417,215,206,430
[RESULT] 56,128,0,0.039034843,0.039033413,258,248,516
[RESULT] 56,128,1,0.050223589,0.050222397,258,248,516
[RESULT] 56,128,2,0.024199486,0.024198294,258,248,516
[RESULT] 56,128,3,0.056207657,0.056206465,258,248,516
[RESULT] 56,128,4,0.026170015,0.026164293,258,248,516
[RESULT] 56,128,5,0.014611483,0.014610052,258,248,516
[RESULT] 56,128,6,0.026255369,0.026253939,258,248,516
[RESULT] 56,128,7,0.026172638,0.026171446,258,248,516
[RESULT] 56,128,8,0.035215855,0.035214663,258,248,516
[RESULT] 56,128,9,0.027176619,0.027175426,258,248,516
[RESULT] 126,128,0,0.024066687,0.024065018,224,215,448
[RESULT] 126,128,1,0.050100327,0.050098896,224,215,448
[RESULT] 126,128,2,0.024442673,0.024441242,224,215,448
[RESULT] 126,128,3,0.056056976,0.056056023,224,215,448
[RESULT] 126,128,4,0.026098490,0.026097298,224,215,448
[RESULT] 126,128,5,0.015511036,0.015509605,224,215,448
[RESULT] 126,128,6,0.013111591,0.013110399,224,215,448
[RESULT] 126,128,7,0.026110172,0.026108980,224,215,448
[RESULT] 126,128,8,0.035103559,0.035102367,224,215,448
[RESULT] 126,128,9,0.027083874,0.027082920,224,215,448
[RESULT] 57,128,0,0.028428793,0.028426886,246,236,492
[RESULT] 57,128,1,0.050278425,0.050276995,246,236,492
[RESULT] 57,128,2,0.024223328,0.024221182,246,236,492
[RESULT] 57,128,3,0.056204557,0.056203365,246,236,492
[RESULT] 57,128,4,0.026192427,0.026190996,246,236,492
[RESULT] 57,128,5,0.014608860,0.014607668,246,236,492
[RESULT] 57,128,6,0.026242256,0.026240826,246,236,492
[RESULT] 57,128,7,0.026177168,0.026175737,246,236,492
[RESULT] 57,128,8,0.035190105,0.035188675,246,236,492
[RESULT] 57,128,9,0.027171850,0.027170420,246,236,492
[RESULT] 127,128,0,0.028956413,0.028955221,205,196,410
[RESULT] 127,128,1,0.050086260,0.050084591,205,196,410
[RESULT] 127,128,2,0.035067558,0.035066366,205,196,410
[RESULT] 127,128,3,0.056045532,0.056044102,205,196,410
[RESULT] 127,128,4,0.026079893,0.026078939,205,196,410
[RESULT] 127,128,5,0.015503407,0.015502453,205,196,410
[RESULT] 127,128,6,0.013095617,0.013094425,205,196,410
[RESULT] 127,128,7,0.026102304,0.026101112,205,196,410
[RESULT] 127,128,8,0.035089016,0.035088062,205,196,410
[RESULT] 127,128,9,0.027072430,0.027071476,205,196,410
[RESULT] 58,128,0,0.028434038,0.028432369,256,246,512
[RESULT] 58,128,1,0.050216913,0.050215483,256,246,512
[RESULT] 58,128,2,0.024212599,0.024211168,256,246,512
[RESULT] 58,128,3,0.056174040,0.056172609,256,246,512
[RESULT] 58,128,4,0.026204824,0.026203394,256,246,512
[RESULT] 58,128,5,0.014613628,0.014612198,256,246,512
[RESULT] 58,128,6,0.026228189,0.026226759,256,246,512
[RESULT] 58,128,7,0.026153088,0.026151896,256,246,512
[RESULT] 58,128,8,0.035194635,0.035193443,256,246,512
[RESULT] 58,128,9,0.027157784,0.027156353,256,246,512
[RESULT] 39,128,0,0.040990114,0.040988684,239,229,478
[RESULT] 39,128,1,0.050144434,0.050143003,239,229,478
[RESULT] 39,128,2,0.042001486,0.041999817,239,229,478
[RESULT] 39,128,3,0.056130886,0.056129456,239,229,478
[RESULT] 39,128,4,0.030011654,0.030010223,239,229,478
[RESULT] 39,128,5,0.019486189,0.019484997,239,229,478
[RESULT] 39,128,6,0.026066542,0.026065350,239,229,478
[RESULT] 39,128,7,0.026167154,0.026165724,239,229,478
[RESULT] 39,128,8,0.035170078,0.035168886,239,229,478
[RESULT] 39,128,9,0.027188063,0.027186871,239,229,478
[RESULT] 59,128,0,0.028399944,0.028398514,238,228,476
[RESULT] 59,128,1,0.050214052,0.050212622,238,228,476
[RESULT] 59,128,2,0.024188995,0.024187565,238,228,476
[RESULT] 59,128,3,0.056184530,0.056183100,238,228,476
[RESULT] 59,128,4,0.026200294,0.026199102,238,228,476
[RESULT] 59,128,5,0.014622450,0.014621258,238,228,476
[RESULT] 59,128,6,0.026206017,0.026204824,238,228,476
[RESULT] 59,128,7,0.026154041,0.026153088,238,228,476
[RESULT] 59,128,8,0.035164118,0.035162687,238,228,476
[RESULT] 59,128,9,0.027150869,0.027149916,238,228,476
[RESULT] 61,128,0,0.028419495,0.028417587,229,219,458
[RESULT] 61,128,1,0.050225735,0.050223112,229,219,458
[RESULT] 61,128,2,0.024209261,0.024208069,229,219,458
[RESULT] 61,128,3,0.056170464,0.056169510,229,219,458
[RESULT] 61,128,4,0.026169538,0.026168346,229,219,458
[RESULT] 61,128,5,0.014604807,0.014603615,229,219,458
[RESULT] 61,128,6,0.026064157,0.026062965,229,219,458
[RESULT] 61,128,7,0.026128769,0.026127815,229,219,458
[RESULT] 61,128,8,0.035140753,0.035139561,229,219,458
[RESULT] 61,128,9,0.027197838,0.027196646,229,219,458
[RESULT] 2,128,0,0.010906696,0.010904312,221,211,442
[RESULT] 2,128,1,0.027116299,0.027113914,221,211,442
[RESULT] 2,128,2,0.034858942,0.034856796,221,211,442
[RESULT] 2,128,3,0.067982197,0.067980289,221,211,442
[RESULT] 2,128,4,0.016434193,0.016428471,221,211,442
[RESULT] 2,128,5,0.010918140,0.010916710,221,211,442
[RESULT] 2,128,6,0.004954815,0.004953384,221,211,442
[RESULT] 2,128,7,0.008044481,0.008043289,221,211,442
[RESULT] 2,128,8,0.022041082,0.022039652,221,211,442
[RESULT] 2,128,9,0.015000820,0.014999151,221,211,442
[RESULT] 67,128,0,0.028373003,0.028371334,226,216,452
[RESULT] 67,128,1,0.050262690,0.050261497,226,216,452
[RESULT] 67,128,2,0.024246693,0.024245739,226,216,452
[RESULT] 67,128,3,0.056209326,0.056208134,226,216,452
[RESULT] 67,128,4,0.026144981,0.026143789,226,216,452
[RESULT] 41,128,0,0.042984962,0.042983532,225,215,450
[RESULT] 41,128,1,0.050303698,0.050302267,225,215,450
[RESULT] 41,128,2,0.041992426,0.041991234,225,215,450
[RESULT] 41,128,3,0.056263924,0.056262493,225,215,450
[RESULT] 41,128,4,0.029996634,0.029995441,225,215,450
[RESULT] 41,128,5,0.019369841,0.019368649,225,215,450
[RESULT] 41,128,6,0.026293278,0.026292324,225,215,450
[RESULT] 68,128,0,0.028296471,0.028294563,236,226,472
[RESULT] 68,128,1,0.050217152,0.050215483,236,226,472
[RESULT] 68,128,2,0.024236202,0.024234772,236,226,472
[RESULT] 68,128,3,0.056139708,0.056138277,236,226,472
[RESULT] 68,128,4,0.026076317,0.026075125,236,226,472
[RESULT] 68,128,5,0.014621258,0.014619827,236,226,472
[RESULT] 68,128,6,0.026164532,0.026163340,236,226,472
[RESULT] 68,128,7,0.026181698,0.026180506,236,226,472
[RESULT] 68,128,8,0.035067081,0.035066128,236,226,472
[RESULT] 68,128,9,0.028229237,0.028228045,236,226,472
[RESULT] 43,128,0,0.042979717,0.042978525,219,209,438
[RESULT] 43,128,1,0.050306082,0.050304651,219,209,438
[RESULT] 43,128,2,0.041977882,0.041976690,219,209,438
[RESULT] 43,128,3,0.056254864,0.056253910,219,209,438
[RESULT] 43,128,4,0.029990196,0.029989243,219,209,438
[RESULT] 43,128,5,0.019358635,0.019357681,219,209,438
[RESULT] 43,128,6,0.026284933,0.026283979,219,209,438
[RESULT] 43,128,7,0.030009031,0.030007839,219,209,438
[RESULT] 43,128,8,0.040018797,0.040017605,219,209,438
[RESULT] 43,128,9,0.028285980,0.028284788,219,209,438
[RESULT] 63,128,0,0.028514385,0.028512239,243,233,486
[RESULT] 63,128,1,0.050305367,0.050303936,243,233,486
[RESULT] 63,128,2,0.024282932,0.024281740,243,233,486
[RESULT] 63,128,3,0.056221247,0.056219578,243,233,486
[RESULT] 63,128,4,0.026186705,0.026185274,243,233,486
[RESULT] 46,128,0,0.042970896,0.042968988,249,239,498
[RESULT] 46,128,1,0.053994179,0.053992987,249,239,498
[RESULT] 46,128,2,0.041974068,0.041972637,249,239,498
[RESULT] 46,128,3,0.056259871,0.056258202,249,239,498
[RESULT] 46,128,4,0.029981852,0.029980898,249,239,498
[RESULT] 46,128,5,0.019361973,0.019360542,249,239,498
[RESULT] 46,128,6,0.026288033,0.026286840,249,239,498
[RESULT] 46,128,7,0.030004501,0.030003309,249,239,498
[RESULT] 46,128,8,0.040006876,0.040005684,249,239,498
[RESULT] 46,128,9,0.028293133,0.028291941,249,239,498
[RESULT] 64,128,0,0.028401613,0.028399944,253,243,506
[RESULT] 64,128,1,0.050311804,0.050308943,253,243,506
[RESULT] 64,128,2,0.024292707,0.024291277,253,243,506
[RESULT] 64,128,3,0.056226969,0.056225300,253,243,506
[RESULT] 64,128,4,0.026215315,0.026213884,253,243,506
[RESULT] 64,128,5,0.014624596,0.014623404,253,243,506
[RESULT] 64,128,6,0.026241064,0.026239634,253,243,506
[RESULT] 64,128,7,0.026216269,0.026215076,253,243,506
[RESULT] 64,128,8,0.035201550,0.035200119,253,243,506
[RESULT] 64,128,9,0.028254747,0.028253317,253,243,506
[RESULT] 65,128,0,0.028416872,0.028414965,243,233,486
[RESULT] 65,128,1,0.050291300,0.050290108,243,233,486
[RESULT] 65,128,2,0.024274111,0.024272919,243,233,486
[RESULT] 65,128,3,0.056233168,0.056231737,243,233,486
[RESULT] 65,128,4,0.026223183,0.026221991,243,233,486
[RESULT] 65,128,5,0.014623165,0.014621735,243,233,486
[RESULT] 65,128,6,0.026237011,0.026235580,243,233,486
[RESULT] 65,128,7,0.026220083,0.026218653,243,233,486
[RESULT] 65,128,8,0.035233974,0.035232544,243,233,486
[RESULT] 65,128,9,0.028263569,0.028262377,243,233,486
[RESULT] 66,128,0,0.028506756,0.028505325,250,240,500
[RESULT] 66,128,1,0.050288200,0.050286531,250,240,500
[RESULT] 66,128,2,0.024268150,0.024266481,250,240,500
[RESULT] 66,128,3,0.056200981,0.056198835,250,240,500
[RESULT] 66,128,4,0.026204586,0.026203156,250,240,500
[RESULT] 66,128,5,0.014626265,0.014625072,250,240,500
[RESULT] 66,128,6,0.026254177,0.026252508,250,240,500
[RESULT] 66,128,7,0.026251793,0.026250601,250,240,500
[RESULT] 66,128,8,0.035202265,0.035200596,250,240,500
[RESULT] 66,128,9,0.028252840,0.028251410,250,240,500
[RESULT] 40,128,0,0.040987492,0.040984392,249,239,498
[RESULT] 40,128,1,0.050323725,0.050321102,249,239,498
[RESULT] 40,128,2,0.042006254,0.042004347,249,239,498
[RESULT] 40,128,3,0.056268454,0.056266308,249,239,498
[RESULT] 40,128,4,0.030013084,0.030011415,249,239,498
[RESULT] 40,128,5,0.019480944,0.019479275,249,239,498
[RESULT] 40,128,6,0.026295185,0.026293993,249,239,498
[RESULT] 40,128,7,0.026297808,0.026296377,249,239,498
[RESULT] 40,128,8,0.035275698,0.035274029,249,239,498
[RESULT] 40,128,9,0.028306723,0.028304577,249,239,498
[RESULT] 67,128,5,0.014621258,0.014620304,226,216,452
[RESULT] 67,128,6,0.026199102,0.026197910,226,216,452
[RESULT] 67,128,7,0.026211977,0.026211023,226,216,452
[RESULT] 67,128,8,0.035091877,0.035090923,226,216,452
[RESULT] 67,128,9,0.028243780,0.028242588,226,216,452
[RESULT] 41,128,7,0.030034304,0.030033112,225,215,450
[RESULT] 41,128,8,0.040043831,0.040042639,225,215,450
[RESULT] 41,128,9,0.028300285,0.028299093,225,215,450
[RESULT] 63,128,5,0.014602661,0.014601469,243,233,486
[RESULT] 63,128,6,0.026296139,0.026294947,243,233,486
[RESULT] 63,128,7,0.026223421,0.026222229,243,233,486
[RESULT] 63,128,8,0.035180569,0.035179377,243,233,486
[RESULT] 63,128,9,0.028263092,0.028261900,243,233,486
[RESULT] 42,128,0,0.042992115,0.042990208,217,207,434
[RESULT] 42,128,1,0.050314426,0.050309181,217,207,434
[RESULT] 42,128,2,0.041997433,0.041996241,217,207,434
[RESULT] 42,128,3,0.056256771,0.056255579,217,207,434
[RESULT] 42,128,4,0.030008554,0.030007362,217,207,434
[RESULT] 42,128,5,0.019419670,0.019418716,217,207,434
[RESULT] 42,128,6,0.026290894,0.026289701,217,207,434
[RESULT] 42,128,7,0.030039072,0.030038118,217,207,434
[RESULT] 42,128,8,0.040029049,0.040027857,217,207,434
[RESULT] 42,128,9,0.028292894,0.028291941,217,207,434
[RESULT] 44,128,0,0.042983055,0.042981625,229,219,458
[RESULT] 44,128,1,0.050313711,0.050305128,229,219,458
[RESULT] 44,128,2,0.041989088,0.041987896,229,219,458
[RESULT] 44,128,3,0.056257725,0.056256533,229,219,458
[RESULT] 44,128,4,0.029994249,0.029993296,229,219,458
[RESULT] 44,128,5,0.019365072,0.019363880,229,219,458
[RESULT] 44,128,6,0.026293755,0.026292801,229,219,458
[RESULT] 44,128,7,0.030007839,0.030006409,229,219,458
[RESULT] 44,128,8,0.040021658,0.040020704,229,219,458
[RESULT] 44,128,9,0.028295040,0.028294086,229,219,458
[RESULT] 45,128,0,0.042973995,0.042972326,239,229,478
[RESULT] 45,128,1,0.054005861,0.054004192,239,229,478
[RESULT] 45,128,2,0.041985989,0.041984558,239,229,478
[RESULT] 45,128,3,0.056256533,0.056255102,239,229,478
[RESULT] 45,128,4,0.029994488,0.029993296,239,229,478
[RESULT] 45,128,5,0.019352674,0.019351482,239,229,478
[RESULT] 45,128,6,0.026296854,0.026295424,239,229,478
[RESULT] 45,128,7,0.030001640,0.030000448,239,229,478
[RESULT] 45,128,8,0.040012836,0.040011644,239,229,478
[RESULT] 45,128,9,0.028323412,0.028322220,239,229,478
[RESULT] 6,128,0,0.025016546,0.025015116,233,223,466
[RESULT] 6,128,1,0.043993711,0.043992519,233,223,466
[RESULT] 6,128,2,0.035005808,0.035004616,233,223,466
[RESULT] 6,128,3,0.026036263,0.026035070,233,223,466
[RESULT] 6,128,4,0.025992870,0.025991440,233,223,466
[RESULT] 6,128,5,0.026012421,0.026010752,233,223,466
[RESULT] 6,128,6,0.004850149,0.004848957,233,223,466
[RESULT] 6,128,7,0.023092031,0.023090601,233,223,466
[RESULT] 9,128,0,0.023027658,0.023025990,212,202,424
[RESULT] 9,128,1,0.046074867,0.046073675,212,202,424
[RESULT] 9,128,2,0.032037735,0.032036304,212,202,424
[RESULT] 9,128,3,0.035031319,0.035030365,212,202,424
[RESULT] 9,128,4,0.025058508,0.025057316,212,202,424
[RESULT] 9,128,5,0.028547287,0.028546095,212,202,424
[RESULT] 9,128,6,0.022144794,0.022143602,212,202,424
[RESULT] 9,128,7,0.009069204,0.009068012,212,202,424
[RESULT] 9,128,8,0.024268866,0.024267912,212,202,424
[RESULT] 9,128,9,0.030067444,0.030066252,212,202,424
[RESULT] 10,128,0,0.023024321,0.023022890,222,212,444
[RESULT] 10,128,1,0.026070118,0.026068926,222,212,444
[RESULT] 10,128,2,0.032039404,0.032038212,222,212,444
[RESULT] 10,128,3,0.041010857,0.041009665,222,212,444
[RESULT] 10,128,4,0.034045458,0.034044266,222,212,444
[RESULT] 10,128,5,0.028542280,0.028541327,222,212,444
[RESULT] 10,128,6,0.020144939,0.020143986,222,212,444
[RESULT] 10,128,7,0.012940645,0.012939453,222,212,444
[RESULT] 10,128,8,0.022288561,0.022287369,222,212,444
[RESULT] 10,128,9,0.030064106,0.030062914,222,212,444
[RESULT] 11,128,0,0.023018599,0.023017406,229,219,458
[RESULT] 11,128,1,0.026071787,0.026070595,229,219,458
[RESULT] 11,128,2,0.032039165,0.032037973,229,219,458
[RESULT] 11,128,3,0.041009903,0.041008949,229,219,458
[RESULT] 11,128,4,0.013064384,0.013063431,229,219,458
[RESULT] 11,128,5,0.026005507,0.026004076,229,219,458
[RESULT] 11,128,6,0.007146835,0.007145643,229,219,458
[RESULT] 11,128,7,0.018871307,0.018870115,229,219,458
[RESULT] 11,128,8,0.015049696,0.015048504,229,219,458
[RESULT] 11,128,9,0.030062437,0.030061245,229,219,458
[RESULT] 13,128,0,0.025099754,0.025098324,223,213,446
[RESULT] 13,128,1,0.046966314,0.046965122,223,213,446
[RESULT] 13,128,2,0.032099247,0.032098293,223,213,446
[RESULT] 13,128,3,0.028054237,0.028053045,223,213,446
[RESULT] 13,128,4,0.025056601,0.025055408,223,213,446
[RESULT] 13,128,5,0.027055740,0.027054548,223,213,446
[RESULT] 13,128,6,0.018137455,0.018136263,223,213,446
[RESULT] 13,128,7,0.013061762,0.013060570,223,213,446
[RESULT] 13,128,8,0.031055450,0.031054258,223,213,446
[RESULT] 13,128,9,0.030066252,0.030064821,223,213,446
[RESULT] 14,128,0,0.025100231,0.025099039,230,220,460
[RESULT] 14,128,1,0.027980804,0.027978420,230,220,460
[RESULT] 14,128,2,0.027061224,0.027059555,230,220,460
[RESULT] 14,128,3,0.026999950,0.026998758,230,220,460
[RESULT] 14,128,4,0.026067019,0.026065588,230,220,460
[RESULT] 14,128,5,0.027056932,0.027055740,230,220,460
[RESULT] 14,128,6,0.018136024,0.018134832,230,220,460
[RESULT] 14,128,7,0.013065815,0.013064623,230,220,460
[RESULT] 14,128,8,0.031054020,0.031052828,230,220,460
[RESULT] 14,128,9,0.030064583,0.030063629,230,220,460
[RESULT] 22,128,0,0.029086828,0.029084444,232,222,464
[RESULT] 22,128,1,0.045103550,0.045101643,232,222,464
[RESULT] 22,128,2,0.036062241,0.036059141,232,222,464
[RESULT] 22,128,3,0.047084808,0.047083378,232,222,464
[RESULT] 22,128,4,0.034046650,0.034039259,232,222,464
[RESULT] 22,128,5,0.027062893,0.027061224,232,222,464
[RESULT] 22,128,6,0.018131971,0.018130541,232,222,464
[RESULT] 22,128,7,0.027084351,0.027082920,232,222,464
[RESULT] 22,128,8,0.030016184,0.030014992,232,222,464
[RESULT] 22,128,9,0.028080463,0.028078794,232,222,464
[RESULT] 6,128,8,0.004668474,0.004667044,233,223,466
[RESULT] 6,128,9,0.026083469,0.026081800,233,223,466
[RESULT] 12,128,0,0.025105000,0.025102139,239,229,478
[RESULT] 12,128,1,0.051971197,0.051968813,239,229,478
[RESULT] 12,128,2,0.032107592,0.032103300,239,229,478
[RESULT] 12,128,3,0.026130915,0.026127338,239,229,478
[RESULT] 12,128,4,0.034044504,0.034043074,239,229,478
[RESULT] 12,128,5,0.027058840,0.027057409,239,229,478
[RESULT] 12,128,6,0.018140316,0.018138647,239,229,478
[RESULT] 12,128,7,0.013065815,0.013064146,239,229,478
[RESULT] 12,128,8,0.026048899,0.026046753,239,229,478
[RESULT] 12,128,9,0.030066967,0.030065060,239,229,478
[RESULT] 15,128,0,0.025095224,0.025093317,206,196,412
[RESULT] 15,128,1,0.009095430,0.009094238,206,196,412
[RESULT] 15,128,2,0.027059317,0.027057648,206,196,412
[RESULT] 15,128,3,0.020094156,0.020092964,206,196,412
[RESULT] 15,128,4,0.024497986,0.024496317,206,196,412
[RESULT] 15,128,5,0.027054071,0.027052641,206,196,412
[RESULT] 15,128,6,0.020115852,0.020114899,206,196,412
[RESULT] 15,128,7,0.020112991,0.020111322,206,196,412
[RESULT] 15,128,8,0.022591591,0.022589445,206,196,412
[RESULT] 15,128,9,0.030060530,0.030059338,206,196,412
[RESULT] 16,128,0,0.041083574,0.041081429,216,206,432
[RESULT] 16,128,1,0.050089598,0.050088167,216,206,432
[RESULT] 16,128,2,0.042047024,0.042045593,216,206,432
[RESULT] 16,128,3,0.056071043,0.056069613,216,206,432
[RESULT] 16,128,4,0.034047842,0.034046173,216,206,432
[RESULT] 16,128,5,0.028550148,0.028548479,216,206,432
[RESULT] 16,128,6,0.026129723,0.026128531,216,206,432
[RESULT] 21,128,0,0.043075562,0.043072462,222,212,444
[RESULT] 21,128,1,0.051002264,0.050999880,222,212,444
[RESULT] 21,128,2,0.050981283,0.050979614,222,212,444
[RESULT] 21,128,3,0.051990986,0.051989317,222,212,444
[RESULT] 21,128,4,0.026010036,0.026008129,222,212,444
[RESULT] 21,128,5,0.026009321,0.026007891,222,212,444
[RESULT] 21,128,6,0.012147665,0.012146235,222,212,444
[RESULT] 21,128,7,0.026083231,0.026081800,222,212,444
[RESULT] 21,128,8,0.030013561,0.030012131,222,212,444
[RESULT] 21,128,9,0.028079748,0.028078079,222,212,444
[RESULT] 16,128,7,0.026085138,0.026083946,216,206,432
[RESULT] 16,128,8,0.035083532,0.035082340,216,206,432
[RESULT] 16,128,9,0.030075550,0.030073404,216,206,432
[RESULT] 36,128,0,0.041008949,0.041007042,235,225,470
[RESULT] 36,128,1,0.050172567,0.050170898,235,225,470
[RESULT] 36,128,2,0.035162926,0.035161495,235,225,470
[RESULT] 36,128,3,0.056127787,0.056126356,235,225,470
[RESULT] 36,128,4,0.033988476,0.033987284,235,225,470
[RESULT] 36,128,5,0.028488159,0.028486967,235,225,470
[RESULT] 36,128,6,0.026066065,0.026064634,235,225,470
[RESULT] 36,128,7,0.026170492,0.026169538,235,225,470
[RESULT] 36,128,8,0.035153151,0.035151958,235,225,470
[RESULT] 36,128,9,0.030017853,0.030016899,235,225,470
[RESULT] 37,128,0,0.041005373,0.041003704,245,235,490
[RESULT] 37,128,1,0.050149441,0.050148010,245,235,490
[RESULT] 37,128,2,0.042019606,0.042018175,245,235,490
[RESULT] 37,128,3,0.056126356,0.056124926,245,235,490
[RESULT] 37,128,4,0.033976555,0.033975124,245,235,490
[RESULT] 37,128,5,0.028486490,0.028485060,245,235,490
[RESULT] 37,128,6,0.026065826,0.026064634,245,235,490
[RESULT] 37,128,7,0.026160002,0.026158810,245,235,490
[RESULT] 37,128,8,0.035156250,0.035155058,245,235,490
[RESULT] 37,128,9,0.030002356,0.030001163,245,235,490
[RESULT] 38,128,0,0.041000605,0.040998697,255,245,510
[RESULT] 38,128,1,0.050151348,0.050149441,255,245,510
[RESULT] 38,128,2,0.042013645,0.042011976,255,245,510
[RESULT] 38,128,3,0.056138992,0.056137323,255,245,510
[RESULT] 38,128,4,0.030019760,0.030018568,255,245,510
[RESULT] 38,128,5,0.019510269,0.019508839,255,245,510
[RESULT] 38,128,6,0.026065588,0.026064396,255,245,510
[RESULT] 38,128,7,0.026168585,0.026167154,255,245,510
[RESULT] 38,128,8,0.035179377,0.035178185,255,245,510
[RESULT] 38,128,9,0.029992819,0.029991627,255,245,510
[RESULT] 18,128,0,0.015019178,0.015017748,227,217,454
[RESULT] 18,128,1,0.027115822,0.027114630,227,217,454
[RESULT] 18,128,2,0.042042732,0.042041779,227,217,454
[RESULT] 18,128,3,0.055078983,0.055077791,227,217,454
[RESULT] 18,128,4,0.030026674,0.030025482,227,217,454
[RESULT] 18,128,5,0.025480032,0.025478363,227,217,454
[RESULT] 18,128,6,0.026005507,0.026004076,227,217,454
[RESULT] 18,128,7,0.011075735,0.011074543,227,217,454
[RESULT] 18,128,8,0.038064241,0.038062572,227,217,454
[RESULT] 18,128,9,0.026025295,0.026022673,227,217,454
[RESULT] 23,128,0,0.027113438,0.027109861,220,210,440
[RESULT] 23,128,1,0.051090717,0.051088095,220,210,440
[RESULT] 23,128,2,0.053985357,0.053983212,220,210,440
[RESULT] 23,128,3,0.029099226,0.029097795,220,210,440
[RESULT] 23,128,4,0.026002645,0.026001453,220,210,440
[RESULT] 23,128,5,0.025989294,0.025988102,220,210,440
[RESULT] 23,128,6,0.005141020,0.005139828,220,210,440
[RESULT] 23,128,7,0.026067972,0.026066542,220,210,440
[RESULT] 23,128,8,0.026090384,0.026088715,220,210,440
[RESULT] 23,128,9,0.026108980,0.026107311,220,210,440
[RESULT] 48,128,0,0.043011665,0.043009520,243,233,486
[RESULT] 48,128,1,0.060025692,0.060024500,243,233,486
[RESULT] 48,128,2,0.035057306,0.035055876,243,233,486
[RESULT] 48,128,3,0.056284189,0.056282997,243,233,486
[RESULT] 48,128,4,0.026274920,0.026273727,243,233,486
[RESULT] 48,128,5,0.017518997,0.017517567,243,233,486
[RESULT] 48,128,6,0.026314259,0.026313066,243,233,486
[RESULT] 48,128,7,0.033993244,0.033991814,243,233,486
[RESULT] 48,128,8,0.043014765,0.043013096,243,233,486
[RESULT] 48,128,9,0.035015583,0.035014391,243,233,486
[RESULT] 50,128,0,0.043003321,0.043001652,241,231,482
[RESULT] 50,128,1,0.060095072,0.060093880,241,231,482
[RESULT] 50,128,2,0.035056829,0.035055399,241,231,482
[RESULT] 50,128,3,0.056264877,0.056263447,241,231,482
[RESULT] 50,128,4,0.026263952,0.026262760,241,231,482
[RESULT] 50,128,5,0.017498493,0.017497301,241,231,482
[RESULT] 50,128,6,0.026293278,0.026292324,241,231,482
[RESULT] 50,128,7,0.033980608,0.033979416,241,231,482
[RESULT] 50,128,8,0.043057203,0.043056011,241,231,482
[RESULT] 50,128,9,0.034998894,0.034997702,241,231,482
[RESULT] 51,128,0,0.042991161,0.042989969,217,207,434
[RESULT] 51,128,1,0.060077190,0.060075998,217,207,434
[RESULT] 51,128,2,0.035033941,0.035032988,217,207,434
[RESULT] 51,128,3,0.056258440,0.056257248,217,207,434
[RESULT] 51,128,4,0.026257515,0.026256561,217,207,434
[RESULT] 51,128,5,0.017482758,0.017481565,217,207,434
[RESULT] 51,128,6,0.026285648,0.026284218,217,207,434
[RESULT] 51,128,7,0.033964396,0.033963442,217,207,434
[RESULT] 51,128,8,0.043041706,0.043040514,217,207,434
[RESULT] 51,128,9,0.034994841,0.034993887,217,207,434
[RESULT] 52,128,0,0.042995453,0.042993307,227,217,454
[RESULT] 52,128,1,0.060057640,0.060056448,227,217,454
[RESULT] 52,128,2,0.034990788,0.034989595,227,217,454
[RESULT] 52,128,3,0.056252718,0.056251526,227,217,454
[RESULT] 52,128,4,0.026247978,0.026247025,227,217,454
[RESULT] 52,128,5,0.017491817,0.017490625,227,217,454
[RESULT] 52,128,6,0.026291370,0.026289940,227,217,454
[RESULT] 52,128,7,0.033964872,0.033963680,227,217,454
[RESULT] 52,128,8,0.042986631,0.042985201,227,217,454
[RESULT] 52,128,9,0.034987211,0.034986019,227,217,454
[RESULT] 53,128,0,0.042989254,0.042987823,225,215,450
[RESULT] 53,128,1,0.060002565,0.059999704,225,215,450
[RESULT] 53,128,2,0.032980919,0.032979727,225,215,450
[RESULT] 53,128,3,0.056245565,0.056244373,225,215,450
[RESULT] 53,128,4,0.026236296,0.026235342,225,215,450
[RESULT] 53,128,5,0.014569283,0.014565706,225,215,450
[RESULT] 53,128,6,0.026259661,0.026257277,225,215,450
[RESULT] 53,128,7,0.033970118,0.033967972,225,215,450
[RESULT] 53,128,8,0.042992353,0.042990446,225,215,450
[RESULT] 53,128,9,0.034987211,0.034985304,225,215,450
[RESULT] 54,128,0,0.042982340,0.042980433,244,234,488
[RESULT] 54,128,1,0.059991598,0.059989929,244,234,488
[RESULT] 54,128,2,0.032977819,0.032976627,244,234,488
[RESULT] 54,128,3,0.056208372,0.056207418,244,234,488
[RESULT] 54,128,4,0.026212454,0.026211500,244,234,488
[RESULT] 54,128,5,0.014546633,0.014545441,244,234,488
[RESULT] 54,128,6,0.026257038,0.026255846,244,234,488
[RESULT] 54,128,7,0.033962250,0.033960819,244,234,488
[RESULT] 54,128,8,0.042979717,0.042978525,244,234,488
[RESULT] 54,128,9,0.034986019,0.034984827,244,234,488
[RESULT] 55,128,0,0.042971134,0.042969227,248,238,496
[RESULT] 55,128,1,0.059981823,0.059980392,248,238,496
[RESULT] 55,128,2,0.032972574,0.032971382,248,238,496
[RESULT] 55,128,3,0.056193590,0.056192398,248,238,496
[RESULT] 55,128,4,0.026193380,0.026192188,248,238,496
[RESULT] 55,128,5,0.014528513,0.014527321,248,238,496
[RESULT] 55,128,6,0.026255369,0.026253939,248,238,496
[RESULT] 55,128,7,0.033949375,0.033948183,248,238,496
[RESULT] 55,128,8,0.042989254,0.042988062,248,238,496
[RESULT] 55,128,9,0.034971476,0.034970045,248,238,496
[RESULT] 24,128,0,0.043095589,0.043093920,230,220,460
[RESULT] 24,128,1,0.060050726,0.060049295,230,220,460
[RESULT] 24,128,2,0.042020798,0.042019367,230,220,460
[RESULT] 24,128,3,0.056137323,0.056135893,230,220,460
[RESULT] 24,128,4,0.034049273,0.034047842,230,220,460
[RESULT] 24,128,5,0.028546095,0.028544664,230,220,460
[RESULT] 24,128,6,0.026130676,0.026129484,230,220,460
[RESULT] 24,128,7,0.034115553,0.034114361,230,220,460
[RESULT] 24,128,8,0.043087006,0.043085098,230,220,460
[RESULT] 24,128,9,0.035091877,0.035090923,230,220,460
[RESULT] 25,128,0,0.043060303,0.043058872,202,192,404
[RESULT] 25,128,1,0.060035706,0.060034275,202,192,404
[RESULT] 25,128,2,0.035148621,0.035147429,202,192,404
[RESULT] 25,128,3,0.056134224,0.056133032,202,192,404
[RESULT] 25,128,4,0.034037113,0.034036160,202,192,404
[RESULT] 25,128,5,0.028537273,0.028536320,202,192,404
[RESULT] 25,128,6,0.026132107,0.026130915,202,192,404
[RESULT] 25,128,7,0.034063816,0.034062862,202,192,404
[RESULT] 25,128,8,0.043063879,0.043062925,202,192,404
[RESULT] 25,128,9,0.035077333,0.035076380,202,192,404
[RESULT] 26,128,0,0.043043613,0.043042183,212,202,424
[RESULT] 26,128,1,0.060037136,0.060036182,212,202,424
[RESULT] 26,128,2,0.035206318,0.035205126,212,202,424
[RESULT] 26,128,3,0.056146622,0.056145430,212,202,424
[RESULT] 26,128,4,0.034049511,0.034048080,212,202,424
[RESULT] 26,128,5,0.028553486,0.028552294,212,202,424
[RESULT] 26,128,6,0.026110888,0.026109695,212,202,424
[RESULT] 26,128,7,0.034070492,0.034069538,212,202,424
[RESULT] 26,128,8,0.043065786,0.043064594,212,202,424
[RESULT] 26,128,9,0.035071135,0.035070181,212,202,424
[RESULT] 49,128,0,0.043047428,0.043045521,231,221,462
[RESULT] 49,128,1,0.060078621,0.060077429,231,221,462
[RESULT] 49,128,2,0.035021067,0.035019875,231,221,462
[RESULT] 49,128,3,0.056273937,0.056272745,231,221,462
[RESULT] 49,128,4,0.026269674,0.026268482,231,221,462
[RESULT] 49,128,5,0.017506838,0.017505646,231,221,462
[RESULT] 49,128,6,0.026332378,0.026331186,231,221,462
[RESULT] 49,128,7,0.033976555,0.033975363,231,221,462
[RESULT] 49,128,8,0.043065786,0.043064594,231,221,462
[RESULT] 49,128,9,0.035058975,0.035057783,231,221,462
[RESULT] 27,128,0,0.043033123,0.043031693,223,213,446
[RESULT] 27,128,1,0.060035706,0.060034513,223,213,446
[RESULT] 27,128,2,0.035191059,0.035189867,223,213,446
[RESULT] 27,128,3,0.056135178,0.056133986,223,213,446
[RESULT] 27,128,4,0.034029961,0.034028769,223,213,446
[RESULT] 27,128,5,0.028539896,0.028538704,223,213,446
[RESULT] 27,128,6,0.026117563,0.026116371,223,213,446
[RESULT] 27,128,7,0.034073114,0.034071922,223,213,446
[RESULT] 27,128,8,0.043074369,0.043072939,223,213,446
[RESULT] 27,128,9,0.035084963,0.035083532,223,213,446
[RESULT] 28,128,0,0.043041945,0.043040514,233,223,466
[RESULT] 28,128,1,0.060028315,0.060027122,233,223,466
[RESULT] 28,128,2,0.035171270,0.035169840,233,223,466
[RESULT] 28,128,3,0.056131124,0.056129932,233,223,466
[RESULT] 28,128,4,0.034022331,0.034021139,233,223,466
[RESULT] 28,128,5,0.028523207,0.028522015,233,223,466
[RESULT] 28,128,6,0.026110172,0.026109219,233,223,466
[RESULT] 28,128,7,0.034065247,0.034064054,233,223,466
[RESULT] 28,128,8,0.043062210,0.043061018,233,223,466
[RESULT] 28,128,9,0.035062551,0.035061359,233,223,466
[RESULT] 29,128,0,0.043025970,0.043024063,237,227,474
[RESULT] 29,128,1,0.060019732,0.060018539,237,227,474
[RESULT] 29,128,2,0.035158157,0.035156965,237,227,474
[RESULT] 29,128,3,0.056137085,0.056135893,237,227,474
[RESULT] 29,128,4,0.034019232,0.034017801,237,227,474
[RESULT] 29,128,5,0.028523684,0.028522491,237,227,474
[RESULT] 29,128,6,0.026093960,0.026092768,237,227,474
[RESULT] 29,128,7,0.034107685,0.034106493,237,227,474
[RESULT] 29,128,8,0.043059826,0.043058634,237,227,474
[RESULT] 29,128,9,0.035066843,0.035065651,237,227,474
[RESULT] 30,128,0,0.043017864,0.043016195,247,237,494
[RESULT] 30,128,1,0.060009003,0.060007811,247,237,494
[RESULT] 30,128,2,0.035155773,0.035154343,247,237,494
[RESULT] 30,128,3,0.056131124,0.056129932,247,237,494
[RESULT] 30,128,4,0.034013033,0.034011602,247,237,494
[RESULT] 30,128,5,0.028524876,0.028523445,247,237,494
[RESULT] 30,128,6,0.026092768,0.026091576,247,237,494
[RESULT] 30,128,7,0.034048796,0.034047604,247,237,494
[RESULT] 30,128,8,0.043050528,0.043049335,247,237,494
[RESULT] 30,128,9,0.035050154,0.035048962,247,237,494
[RESULT] 31,128,0,0.043004036,0.043002605,237,227,474
[RESULT] 31,128,1,0.060005665,0.060004473,237,227,474
[RESULT] 31,128,2,0.035122395,0.035121202,237,227,474
[RESULT] 31,128,3,0.056128979,0.056127787,237,227,474
[RESULT] 31,128,4,0.034011602,0.034010410,237,227,474
[RESULT] 31,128,5,0.028509140,0.028507948,237,227,474
[RESULT] 31,128,6,0.026092529,0.026091099,237,227,474
[RESULT] 31,128,7,0.034024477,0.034023285,237,227,474
[RESULT] 31,128,8,0.043040514,0.043039322,237,227,474
[RESULT] 31,128,9,0.035049200,0.035048008,237,227,474
[RESULT] 32,128,0,0.043009281,0.043006897,247,237,494
[RESULT] 32,128,1,0.060009003,0.060007095,247,237,494
[RESULT] 32,128,2,0.035070896,0.035069227,247,237,494
[RESULT] 32,128,3,0.056128502,0.056127071,247,237,494
[RESULT] 32,128,4,0.034006596,0.034005404,247,237,494
[RESULT] 32,128,5,0.028505087,0.028504133,247,237,494
[RESULT] 32,128,6,0.026102066,0.026101112,247,237,494
[RESULT] 32,128,7,0.034028530,0.034027100,247,237,494
[RESULT] 32,128,8,0.043039083,0.043037891,247,237,494
[RESULT] 32,128,9,0.035045862,0.035044670,247,237,494
[RESULT] 33,128,0,0.042992830,0.042991400,207,197,414
[RESULT] 33,128,1,0.060010433,0.060009003,207,197,414
[RESULT] 33,128,2,0.035156965,0.035155773,207,197,414
[RESULT] 33,128,3,0.056132317,0.056131124,207,197,414
[RESULT] 33,128,4,0.034012318,0.034011126,207,197,414
[RESULT] 33,128,5,0.028509855,0.028508663,207,197,414
[RESULT] 33,128,6,0.026091814,0.026090622,207,197,414
[RESULT] 33,128,7,0.034051180,0.034049988,207,197,414
[RESULT] 33,128,8,0.043046713,0.043045759,207,197,414
[RESULT] 33,128,9,0.035057545,0.035056591,207,197,414
[RESULT] 34,128,0,0.042989731,0.042988062,217,207,434
[RESULT] 34,128,1,0.060004234,0.060003042,217,207,434
[RESULT] 34,128,2,0.035113573,0.035112143,217,207,434
[RESULT] 34,128,3,0.056126595,0.056125402,217,207,434
[RESULT] 34,128,4,0.033999920,0.033998489,217,207,434
[RESULT] 34,128,5,0.028491735,0.028490543,217,207,434
[RESULT] 34,128,6,0.026077509,0.026076317,217,207,434
[RESULT] 34,128,7,0.034020185,0.034018993,217,207,434
[RESULT] 34,128,8,0.043029070,0.043027878,217,207,434
[RESULT] 34,128,9,0.035034895,0.035033703,217,207,434
[RESULT] 35,128,0,0.043002844,0.043001175,213,203,426
[RESULT] 35,128,1,0.059995890,0.059994459,213,203,426
[RESULT] 35,128,2,0.035154581,0.035153151,213,203,426
[RESULT] 35,128,3,0.056117535,0.056116104,213,203,426
[RESULT] 35,128,4,0.033989429,0.033988237,213,203,426
[RESULT] 35,128,5,0.028493881,0.028492928,213,203,426
[RESULT] 35,128,6,0.026077271,0.026075840,213,203,426
[RESULT] 35,128,7,0.034083128,0.034082174,213,203,426
[RESULT] 35,128,8,0.043028831,0.043027639,213,203,426
[RESULT] 35,128,9,0.035028458,0.035027504,213,203,426
[RESULT] 47,128,0,0.042977810,0.042976379,233,223,466
[RESULT] 47,128,1,0.059979200,0.059977531,233,223,466
[RESULT] 47,128,2,0.035098076,0.035096645,233,223,466
[RESULT] 47,128,3,0.056248426,0.056246996,233,223,466
[RESULT] 47,128,4,0.026243925,0.026242733,233,223,466
[RESULT] 47,128,5,0.019351482,0.019340038,233,223,466
[RESULT] 47,128,6,0.026271105,0.026269913,233,223,466
[RESULT] 47,128,7,0.034017563,0.034016371,233,223,466
[RESULT] 47,128,8,0.043023109,0.043021917,233,223,466
[RESULT] 47,128,9,0.035022020,0.035020590,233,223,466
[RESULT] 20,128,0,0.043073654,0.043071985,235,225,470
[RESULT] 20,128,1,0.050085545,0.050084114,235,225,470
[RESULT] 20,128,2,0.042044640,0.042043447,235,225,470
[RESULT] 20,128,3,0.047086954,0.047085762,235,225,470
[RESULT] 20,128,4,0.030026913,0.030025244,235,225,470
[RESULT] 20,128,5,0.017930031,0.017927647,235,225,470
[RESULT] 20,128,6,0.016151905,0.016149282,235,225,470
[RESULT] 20,128,7,0.033970356,0.033967257,235,225,470
[RESULT] 20,128,8,0.033995867,0.033993006,235,225,470
[RESULT] 20,128,9,0.033968925,0.033966303,235,225,470
[RESULT] 8,128,0,0.023026228,0.023024797,216,206,432
[RESULT] 8,128,1,0.046077967,0.046076775,216,206,432
[RESULT] 8,128,2,0.032038212,0.032037020,216,206,432
[RESULT] 8,128,3,0.042006493,0.042005539,216,206,432
[RESULT] 8,128,4,0.034046650,0.034045696,216,206,432
[RESULT] 8,128,5,0.028545618,0.028544426,216,206,432
[RESULT] 8,128,6,0.026126623,0.026125431,216,206,432
[RESULT] 8,128,7,0.026002169,0.026000977,216,206,432
[RESULT] 8,128,8,0.022124290,0.022123098,216,206,432
[RESULT] 8,128,9,0.039988279,0.039986849,216,206,432
[RESULT] 7,128,0,0.025015354,0.025013924,209,199,418
[RESULT] 7,128,1,0.040071964,0.040070772,209,199,418
[RESULT] 7,128,2,0.029023170,0.029021978,209,199,418
[RESULT] 7,128,3,0.026031733,0.026030779,209,199,418
[RESULT] 7,128,4,0.014068604,0.014067650,209,199,418
[RESULT] 7,128,5,0.022064924,0.022063732,209,199,418
[RESULT] 7,128,6,0.000156164,0.000154972,209,199,418
[RESULT] 7,128,7,0.026013613,0.026012421,209,199,418
[RESULT] 7,128,8,0.000150919,0.000149727,209,199,418
[RESULT] 7,128,9,0.026003599,0.026002169,209,199,418
