Retrieving the matrix from '../data/msdoor.mtx'...
Real Matrix (Strong Scaling): Rows=415863 | Cols=415863 | NNZ=10328399 | Procs=64
Matrix distributed and converted to CSR
Ghost columns identified: 151608 total ghost values needed
Local vector initialized (size=6498 per process)
[RESULT] 31,64,0,0.309640408,0.308040142,162864,154780,325728
[RESULT] 31,64,1,0.313750029,0.312037468,162864,154780,325728
[RESULT] 31,64,2,0.283755064,0.282104015,162864,154780,325728
[RESULT] 31,64,3,0.266813040,0.265043974,162864,154780,325728
[RESULT] 31,64,4,0.310804844,0.309034109,162864,154780,325728
[RESULT] 31,64,5,0.309848785,0.308034897,162864,154780,325728
[RESULT] 31,64,6,0.265831232,0.264056206,162864,154780,325728
[RESULT] 31,64,7,0.265914440,0.264065742,162864,154780,325728
[RESULT] 31,64,8,0.265882254,0.264037848,162864,154780,325728
[RESULT] 31,64,9,0.223862648,0.222092390,162864,154780,325728
[RESULT] 30,64,0,0.354640722,0.352062464,161554,153492,323108
[RESULT] 30,64,1,0.354640484,0.352065802,161554,153492,323108
[RESULT] 30,64,2,0.354642630,0.352067947,161554,153492,323108
[RESULT] 30,64,3,0.310612917,0.308070421,161554,153492,323108
[RESULT] 30,64,4,0.266618729,0.264059305,161554,153492,323108
[RESULT] 30,64,5,0.263678074,0.261120558,161554,153492,323108
[RESULT] 30,64,6,0.266725779,0.264140129,161554,153492,323108
[RESULT] 30,64,7,0.270644188,0.268073082,161554,153492,323108
[RESULT] 30,64,8,0.267209768,0.264748573,161554,153492,323108
[RESULT] 30,64,9,0.266702652,0.264180422,161554,153492,323108
[RESULT] 27,64,0,0.311357498,0.310027599,163950,155886,327900
[RESULT] 27,64,1,0.309382439,0.308052778,163950,155886,327900
[RESULT] 27,64,2,0.309493065,0.308148384,163950,155886,327900
[RESULT] 27,64,3,0.307561874,0.306219578,163950,155886,327900
[RESULT] 27,64,4,0.353511572,0.352159977,163950,155886,327900
[RESULT] 27,64,5,0.309515715,0.308209419,163950,155886,327900
[RESULT] 27,64,6,0.309494257,0.308137894,163950,155886,327900
[RESULT] 27,64,7,0.309520006,0.308149815,163950,155886,327900
[RESULT] 27,64,8,0.265385151,0.264182806,163950,155886,327900
[RESULT] 27,64,9,0.265289068,0.264084816,163950,155886,327900
[RESULT] 19,64,0,0.309506893,0.308069468,163460,155356,326920
[RESULT] 19,64,1,0.267498970,0.266142368,163460,155356,326920
[RESULT] 19,64,2,0.265586853,0.264199018,163460,155356,326920
[RESULT] 19,64,3,0.266697407,0.265181065,163460,155356,326920
[RESULT] 19,64,4,0.266710758,0.265175819,163460,155356,326920
[RESULT] 19,64,5,0.309577703,0.308049917,163460,155356,326920
[RESULT] 19,64,6,0.310608864,0.309036016,163460,155356,326920
[RESULT] 19,64,7,0.269708633,0.268229008,163460,155356,326920
[RESULT] 19,64,8,0.221658468,0.220186710,163460,155356,326920
[RESULT] 19,64,9,0.221571445,0.220078707,163460,155356,326920
[RESULT] 29,64,0,0.321398735,0.320024967,161274,153199,322548
[RESULT] 29,64,1,0.281340361,0.280024767,161274,153199,322548
[RESULT] 29,64,2,0.281314135,0.280032873,161274,153199,322548
[RESULT] 29,64,3,0.281313896,0.280026913,161274,153199,322548
[RESULT] 29,64,4,0.282338619,0.281047583,161274,153199,322548
[RESULT] 29,64,5,0.241382599,0.240133286,161274,153199,322548
[RESULT] 29,64,6,0.243328571,0.242094994,161274,153199,322548
[RESULT] 29,64,7,0.241399527,0.240120173,161274,153199,322548
[RESULT] 29,64,8,0.241400242,0.240114689,161274,153199,322548
[RESULT] 29,64,9,0.241396189,0.240114927,161274,153199,322548
[RESULT] 34,64,0,0.105807781,0.104600668,162160,154115,324320
[RESULT] 34,64,1,0.105508804,0.104285479,162160,154115,324320
[RESULT] 34,64,2,0.105447292,0.104235411,162160,154115,324320
[RESULT] 34,64,3,0.105474472,0.104272366,162160,154115,324320
[RESULT] 34,64,4,0.105477333,0.104273319,162160,154115,324320
[RESULT] 34,64,5,0.105766296,0.104601383,162160,154115,324320
[RESULT] 34,64,6,0.105773211,0.104593992,162160,154115,324320
[RESULT] 34,64,7,0.105771065,0.104585409,162160,154115,324320
[RESULT] 34,64,8,0.105759382,0.104572296,162160,154115,324320
[RESULT] 34,64,9,0.105765581,0.104568005,162160,154115,324320
[RESULT] 8,64,0,0.312450409,0.310029030,159751,151367,319502
[RESULT] 8,64,1,0.266333818,0.264148951,159751,151367,319502
[RESULT] 8,64,2,0.178244829,0.176074982,159751,151367,319502
[RESULT] 8,64,3,0.178264856,0.176067114,159751,151367,319502
[RESULT] 8,64,4,0.310237646,0.308052063,159751,151367,319502
[RESULT] 8,64,5,0.295322895,0.293054581,159751,151367,319502
[RESULT] 8,64,6,0.310503483,0.308064699,159751,151367,319502
[RESULT] 8,64,7,0.354575396,0.352048397,159751,151367,319502
[RESULT] 8,64,8,0.310557365,0.308136940,159751,151367,319502
[RESULT] 8,64,9,0.310522318,0.308100462,159751,151367,319502
[RESULT] 12,64,0,0.310573101,0.308058500,159418,151042,318836
[RESULT] 12,64,1,0.267395973,0.265000105,159418,151042,318836
[RESULT] 12,64,2,0.266693354,0.264206886,159418,151042,318836
[RESULT] 12,64,3,0.266661644,0.264140368,159418,151042,318836
[RESULT] 12,64,4,0.266604662,0.264061928,159418,151042,318836
[RESULT] 12,64,5,0.346226692,0.301562548,159418,151042,318836
[RESULT] 12,64,6,0.310650826,0.308068037,159418,151042,318836
[RESULT] 12,64,7,0.310519218,0.308000565,159418,151042,318836
[RESULT] 12,64,8,0.266656160,0.264128208,159418,151042,318836
[RESULT] 12,64,9,0.266748667,0.264125586,159418,151042,318836
[RESULT] 63,64,0,0.309413195,0.308022976,162531,154118,325062
[RESULT] 63,64,1,0.265334368,0.264016390,162531,154118,325062
[RESULT] 63,64,2,0.221199036,0.220057487,162531,154118,325062
[RESULT] 63,64,3,0.219231606,0.218077898,162531,154118,325062
[RESULT] 63,64,4,0.265262842,0.264083862,162531,154118,325062
[RESULT] 63,64,5,0.265385389,0.264145851,162531,154118,325062
[RESULT] 63,64,6,0.265407085,0.264125824,162531,154118,325062
[RESULT] 63,64,7,0.265449047,0.264168024,162531,154118,325062
[RESULT] 63,64,8,0.265305996,0.264027119,162531,154118,325062
[RESULT] 63,64,9,0.265266418,0.264096737,162531,154118,325062
[RESULT] 13,64,0,0.309462547,0.308064938,160883,152622,321766
[RESULT] 13,64,1,0.308436155,0.307038784,160883,152622,321766
[RESULT] 13,64,2,0.309426308,0.308035851,160883,152622,321766
[RESULT] 13,64,3,0.306583166,0.305045605,160883,152622,321766
[RESULT] 13,64,4,0.306613684,0.305042028,160883,152622,321766
[RESULT] 13,64,5,0.309502602,0.308035135,160883,152622,321766
[RESULT] 13,64,6,0.306570530,0.305034161,160883,152622,321766
[RESULT] 13,64,7,0.309530735,0.308015108,160883,152622,321766
[RESULT] 13,64,8,0.265557289,0.264105082,160883,152622,321766
[RESULT] 13,64,9,0.265684128,0.264191866,160883,152622,321766
[RESULT] 5,64,0,0.322640657,0.321299076,160501,152102,321002
[RESULT] 5,64,1,0.281398535,0.280029058,160501,152102,321002
[RESULT] 5,64,2,0.282374144,0.281064749,160501,152102,321002
[RESULT] 5,64,3,0.281332254,0.280030012,160501,152102,321002
[RESULT] 5,64,4,0.282315969,0.281021118,160501,152102,321002
[RESULT] 5,64,5,0.281304836,0.280007362,160501,152102,321002
[RESULT] 5,64,6,0.283297300,0.282011032,160501,152102,321002
[RESULT] 5,64,7,0.281314373,0.280021191,160501,152102,321002
[RESULT] 5,64,8,0.281291962,0.280018330,160501,152102,321002
[RESULT] 5,64,9,0.281416416,0.280110359,160501,152102,321002
[RESULT] 52,64,0,0.313425779,0.312006474,159447,151265,318894
[RESULT] 52,64,1,0.315394163,0.314005852,159447,151265,318894
[RESULT] 52,64,2,0.311414957,0.310007811,159447,151265,318894
[RESULT] 52,64,3,0.312410116,0.311003447,159447,151265,318894
[RESULT] 52,64,4,0.314332485,0.312957048,159447,151265,318894
[RESULT] 52,64,5,0.212504864,0.211180210,159447,151265,318894
[RESULT] 52,64,6,0.209427834,0.208124161,159447,151265,318894
[RESULT] 52,64,7,0.209503412,0.208191872,159447,151265,318894
[RESULT] 52,64,8,0.209514856,0.208199978,159447,151265,318894
[RESULT] 52,64,9,0.209539652,0.208238840,159447,151265,318894
[RESULT] 50,64,0,0.312460661,0.310046673,161100,152838,322200
[RESULT] 50,64,1,0.310498238,0.308030367,161100,152838,322200
[RESULT] 50,64,2,0.222457647,0.220028639,161100,152838,322200
[RESULT] 50,64,3,0.179214716,0.176891565,161100,152838,322200
[RESULT] 50,64,4,0.310349226,0.308005333,161100,152838,322200
[RESULT] 50,64,5,0.287374496,0.285040617,161100,152838,322200
[RESULT] 50,64,6,0.310594559,0.308057308,161100,152838,322200
[RESULT] 50,64,7,0.354578733,0.352051735,161100,152838,322200
[RESULT] 50,64,8,0.354515314,0.311945438,161100,152838,322200
[RESULT] 50,64,9,0.310546875,0.308157444,161100,152838,322200
[RESULT] 6,64,0,0.310731888,0.308113575,160798,152426,321596
[RESULT] 6,64,1,0.310697317,0.308109760,160798,152426,321596
[RESULT] 6,64,2,0.310634851,0.308060646,160798,152426,321596
[RESULT] 6,64,3,0.266771317,0.264211416,160798,152426,321596
[RESULT] 6,64,4,0.266759634,0.264100790,160798,152426,321596
[RESULT] 6,64,5,0.311668396,0.309106112,160798,152426,321596
[RESULT] 6,64,6,0.314677477,0.312100887,160798,152426,321596
[RESULT] 6,64,7,0.310451031,0.267830372,160798,152426,321596
[RESULT] 6,64,8,0.266765118,0.264132500,160798,152426,321596
[RESULT] 6,64,9,0.266799688,0.264169216,160798,152426,321596
[RESULT] 43,64,0,0.309544325,0.308039665,163647,155411,327294
[RESULT] 43,64,1,0.305578947,0.304033756,163647,155411,327294
[RESULT] 43,64,2,0.256601572,0.255029440,163647,155411,327294
[RESULT] 43,64,3,0.262634993,0.261042595,163647,155411,327294
[RESULT] 43,64,4,0.265733480,0.264039040,163647,155411,327294
[RESULT] 43,64,5,0.265665531,0.264067411,163647,155411,327294
[RESULT] 43,64,6,0.265745878,0.264046907,163647,155411,327294
[RESULT] 43,64,7,0.223594189,0.222064257,163647,155411,327294
[RESULT] 43,64,8,0.221672297,0.220080853,163647,155411,327294
[RESULT] 43,64,9,0.221762419,0.220227480,163647,155411,327294
[RESULT] 33,64,0,0.309388638,0.308040857,161388,153336,322776
[RESULT] 33,64,1,0.309353113,0.308032036,161388,153336,322776
[RESULT] 33,64,2,0.309352636,0.308041811,161388,153336,322776
[RESULT] 33,64,3,0.311361551,0.269974947,161388,153336,322776
[RESULT] 33,64,4,0.309326172,0.308032036,161388,153336,322776
[RESULT] 33,64,5,0.309309244,0.308031321,161388,153336,322776
[RESULT] 33,64,6,0.309402943,0.308035612,161388,153336,322776
[RESULT] 33,64,7,0.265244961,0.264096260,161388,153336,322776
[RESULT] 33,64,8,0.265241385,0.264067173,161388,153336,322776
[RESULT] 33,64,9,0.267563581,0.266332388,161388,153336,322776
[RESULT] 53,64,0,0.361397982,0.360028267,160448,152171,320896
[RESULT] 53,64,1,0.321447372,0.320023298,160448,152171,320896
[RESULT] 53,64,2,0.321433067,0.320024014,160448,152171,320896
[RESULT] 53,64,3,0.321421146,0.320021152,160448,152171,320896
[RESULT] 53,64,4,0.322438717,0.321020365,160448,152171,320896
[RESULT] 53,64,5,0.281402111,0.280042410,160448,152171,320896
[RESULT] 53,64,6,0.283410072,0.282041788,160448,152171,320896
[RESULT] 53,64,7,0.281394958,0.280044794,160448,152171,320896
[RESULT] 53,64,8,0.281411648,0.280038118,160448,152171,320896
[RESULT] 53,64,9,0.281491995,0.280094385,160448,152171,320896
[RESULT] 46,64,0,0.105542183,0.104307175,161654,153506,323308
[RESULT] 46,64,1,0.209321737,0.208006859,161654,153506,323308
[RESULT] 46,64,2,0.207375765,0.206007242,161654,153506,323308
[RESULT] 46,64,3,0.208332777,0.207005978,161654,153506,323308
[RESULT] 46,64,4,0.210345030,0.209004641,161654,153506,323308
[RESULT] 46,64,5,0.105491400,0.104285240,161654,153506,323308
[RESULT] 46,64,6,0.105463743,0.104262352,161654,153506,323308
[RESULT] 46,64,7,0.105507135,0.104304314,161654,153506,323308
[RESULT] 46,64,8,0.105477571,0.104291439,161654,153506,323308
[RESULT] 46,64,9,0.105542660,0.104301453,161654,153506,323308
[RESULT] 18,64,0,0.310623407,0.308049202,161910,153708,323820
[RESULT] 18,64,1,0.266822100,0.264376402,161910,153708,323820
[RESULT] 18,64,2,0.266722918,0.264271259,161910,153708,323820
[RESULT] 18,64,3,0.266744852,0.264125109,161910,153708,323820
[RESULT] 18,64,4,0.266736984,0.264054537,161910,153708,323820
[RESULT] 18,64,5,0.311644793,0.309052706,161910,153708,323820
[RESULT] 18,64,6,0.308581114,0.265809774,161910,153708,323820
[RESULT] 18,64,7,0.266750574,0.264236212,161910,153708,323820
[RESULT] 18,64,8,0.266715050,0.264145136,161910,153708,323820
[RESULT] 18,64,9,0.266171694,0.263502359,161910,153708,323820
[RESULT] 26,64,0,0.309576750,0.307172775,162802,154734,325604
[RESULT] 26,64,1,0.310410976,0.308047533,162802,154734,325604
[RESULT] 26,64,2,0.222419977,0.220053196,162802,154734,325604
[RESULT] 26,64,3,0.222405195,0.220052481,162802,154734,325604
[RESULT] 26,64,4,0.354403257,0.352046728,162802,154734,325604
[RESULT] 26,64,5,0.315359831,0.313034773,162802,154734,325604
[RESULT] 26,64,6,0.309465885,0.266919851,162802,154734,325604
[RESULT] 26,64,7,0.310520649,0.308156013,162802,154734,325604
[RESULT] 26,64,8,0.310459614,0.308056355,162802,154734,325604
[RESULT] 26,64,9,0.310409307,0.308053493,162802,154734,325604
[RESULT] 61,64,0,0.309776306,0.308027506,161157,152893,322314
[RESULT] 61,64,1,0.309732676,0.308023930,161157,152893,322314
[RESULT] 61,64,2,0.220717669,0.219090939,161157,152893,322314
[RESULT] 61,64,3,0.223003387,0.221123695,161157,152893,322314
[RESULT] 61,64,4,0.266858578,0.264999151,161157,152893,322314
[RESULT] 61,64,5,0.265957594,0.264052629,161157,152893,322314
[RESULT] 61,64,6,0.265918732,0.264064312,161157,152893,322314
[RESULT] 61,64,7,0.305866241,0.304043531,161157,152893,322314
[RESULT] 61,64,8,0.309892654,0.308040142,161157,152893,322314
[RESULT] 61,64,9,0.266266346,0.264350891,161157,152893,322314
[RESULT] 15,64,0,0.265288830,0.264073372,162830,154577,325660
[RESULT] 15,64,1,0.309276104,0.308038235,162830,154577,325660
[RESULT] 15,64,2,0.309286594,0.308040380,162830,154577,325660
[RESULT] 15,64,3,0.287264109,0.286053658,162830,154577,325660
[RESULT] 15,64,4,0.309232950,0.308028460,162830,154577,325660
[RESULT] 15,64,5,0.309301138,0.308028221,162830,154577,325660
[RESULT] 15,64,6,0.266085386,0.264937162,162830,154577,325660
[RESULT] 15,64,7,0.265264034,0.264085293,162830,154577,325660
[RESULT] 15,64,8,0.265217781,0.264029264,162830,154577,325660
[RESULT] 15,64,9,0.267336845,0.266091585,162830,154577,325660
[RESULT] 17,64,0,0.321362972,0.320035934,161420,153157,322840
[RESULT] 17,64,1,0.243971109,0.242705345,161420,153157,322840
[RESULT] 17,64,2,0.243940115,0.242708921,161420,153157,322840
[RESULT] 17,64,3,0.281526327,0.280191183,161420,153157,322840
[RESULT] 17,64,4,0.282526970,0.281189919,161420,153157,322840
[RESULT] 17,64,5,0.281503201,0.280155182,161420,153157,322840
[RESULT] 17,64,6,0.283468008,0.282138348,161420,153157,322840
[RESULT] 17,64,7,0.281442881,0.280129433,161420,153157,322840
[RESULT] 17,64,8,0.281530380,0.280195951,161420,153157,322840
[RESULT] 17,64,9,0.281503439,0.280132771,161420,153157,322840
[RESULT] 42,64,0,0.354757071,0.352062225,162509,154318,325018
[RESULT] 42,64,1,0.310800791,0.308055639,162509,154318,325018
[RESULT] 42,64,2,0.310777903,0.308056355,162509,154318,325018
[RESULT] 42,64,3,0.310825586,0.308065414,162509,154318,325018
[RESULT] 42,64,4,0.266822338,0.264070272,162509,154318,325018
[RESULT] 42,64,5,0.267791748,0.265112400,162509,154318,325018
[RESULT] 42,64,6,0.266760588,0.264067650,162509,154318,325018
[RESULT] 42,64,7,0.266640186,0.223817110,162509,154318,325018
[RESULT] 42,64,8,0.266924143,0.264158964,162509,154318,325018
[RESULT] 42,64,9,0.265965462,0.263187408,162509,154318,325018
[RESULT] 38,64,0,0.313631535,0.311166525,161257,153103,322514
[RESULT] 38,64,1,0.310433388,0.308039665,161257,153103,322514
[RESULT] 38,64,2,0.222395897,0.220028400,161257,153103,322514
[RESULT] 38,64,3,0.222407103,0.220033169,161257,153103,322514
[RESULT] 38,64,4,0.310304403,0.308033705,161257,153103,322514
[RESULT] 38,64,5,0.311440945,0.309047937,161257,153103,322514
[RESULT] 38,64,6,0.309766769,0.267119169,161257,153103,322514
[RESULT] 38,64,7,0.310425282,0.308064222,161257,153103,322514
[RESULT] 38,64,8,0.310492992,0.308042526,161257,153103,322514
[RESULT] 38,64,9,0.310603857,0.308206558,161257,153103,322514
[RESULT] 25,64,0,0.353546143,0.352039099,162395,154287,324790
[RESULT] 25,64,1,0.309525490,0.308033466,162395,154287,324790
[RESULT] 25,64,2,0.309552670,0.308042526,162395,154287,324790
[RESULT] 25,64,3,0.310595274,0.309044361,162395,154287,324790
[RESULT] 25,64,4,0.310592413,0.309049606,162395,154287,324790
[RESULT] 25,64,5,0.309889078,0.308200121,162395,154287,324790
[RESULT] 25,64,6,0.271624327,0.270112514,162395,154287,324790
[RESULT] 25,64,7,0.265715599,0.264210701,162395,154287,324790
[RESULT] 25,64,8,0.265774965,0.264128208,162395,154287,324790
[RESULT] 25,64,9,0.266578913,0.265003204,162395,154287,324790
[RESULT] 0,64,0,0.397219419,0.354358435,159890,151608,319780
[RESULT] 0,64,1,0.310609818,0.308068037,159890,151608,319780
[RESULT] 0,64,2,0.310579538,0.308009148,159890,151608,319780
[RESULT] 0,64,3,0.310761213,0.308141232,159890,151608,319780
[RESULT] 0,64,4,0.310664892,0.308104515,159890,151608,319780
[RESULT] 0,64,5,0.351639986,0.349114180,159890,151608,319780
[RESULT] 0,64,6,0.354547739,0.352010489,159890,151608,319780
[RESULT] 0,64,7,0.310636759,0.308059931,159890,151608,319780
[RESULT] 0,64,8,0.310607910,0.308030605,159890,151608,319780
[RESULT] 0,64,9,0.309596300,0.307055235,159890,151608,319780

Benchmark Summary
Processes: 64
Iterations: 10
Matrix NNZ: 10328399
Total execution time: 101.541 seconds
[RESULT] 23,64,0,0.321450710,0.320046902,162907,154814,325814
[RESULT] 23,64,1,0.281475544,0.280038118,162907,154814,325814
[RESULT] 23,64,2,0.281443119,0.280035496,162907,154814,325814
[RESULT] 23,64,3,0.281457186,0.280042410,162907,154814,325814
[RESULT] 23,64,4,0.318446636,0.317043781,162907,154814,325814
[RESULT] 23,64,5,0.281399965,0.280021667,162907,154814,325814
[RESULT] 23,64,6,0.283372164,0.282026529,162907,154814,325814
[RESULT] 23,64,7,0.281356096,0.280016899,162907,154814,325814
[RESULT] 23,64,8,0.281359196,0.280024767,162907,154814,325814
[RESULT] 23,64,9,0.281473160,0.280090809,162907,154814,325814
[RESULT] 56,64,0,0.308594227,0.306034803,159974,151726,319948
[RESULT] 56,64,1,0.266359091,0.264027119,159974,151726,319948
[RESULT] 56,64,2,0.134151697,0.132073641,159974,151726,319948
[RESULT] 56,64,3,0.134165049,0.132039547,159974,151726,319948
[RESULT] 56,64,4,0.266188145,0.264044046,159974,151726,319948
[RESULT] 56,64,5,0.271422863,0.269148588,159974,151726,319948
[RESULT] 56,64,6,0.310513735,0.308037519,159974,151726,319948
[RESULT] 56,64,7,0.354486227,0.311915159,159974,151726,319948
[RESULT] 56,64,8,0.310443163,0.308056593,159974,151726,319948
[RESULT] 56,64,9,0.310547829,0.308113337,159974,151726,319948
[RESULT] 9,64,0,0.309391260,0.308035135,161097,152699,322194
[RESULT] 9,64,1,0.265388966,0.264162302,161097,152699,322194
[RESULT] 9,64,2,0.265341759,0.264123440,161097,152699,322194
[RESULT] 9,64,3,0.267331839,0.266061544,161097,152699,322194
[RESULT] 9,64,4,0.309295177,0.308038235,161097,152699,322194
[RESULT] 9,64,5,0.309372663,0.308045626,161097,152699,322194
[RESULT] 9,64,6,0.265332460,0.264138699,161097,152699,322194
[RESULT] 9,64,7,0.265329123,0.264087439,161097,152699,322194
[RESULT] 9,64,8,0.265287161,0.264037609,161097,152699,322194
[RESULT] 9,64,9,0.269681215,0.268367529,161097,152699,322194
[RESULT] 1,64,0,0.397490263,0.395998478,161210,152826,322420
[RESULT] 1,64,1,0.312428713,0.311009645,161210,152826,322420
[RESULT] 1,64,2,0.313433409,0.311999559,161210,152826,322420
[RESULT] 1,64,3,0.306582928,0.305009842,161210,152826,322420
[RESULT] 1,64,4,0.279565334,0.278102875,161210,152826,322420
[RESULT] 1,64,5,0.310480356,0.308998585,161210,152826,322420
[RESULT] 1,64,6,0.310510635,0.309016705,161210,152826,322420
[RESULT] 1,64,7,0.309584141,0.308012009,161210,152826,322420
[RESULT] 1,64,8,0.309601784,0.308003426,161210,152826,322420
[RESULT] 1,64,9,0.310718536,0.309106112,161210,152826,322420
[RESULT] 41,64,0,0.321439028,0.320034742,161684,153492,323368
[RESULT] 41,64,1,0.281455040,0.280023098,161684,153492,323368
[RESULT] 41,64,2,0.281456232,0.280027390,161684,153492,323368
[RESULT] 41,64,3,0.281410217,0.280024290,161684,153492,323368
[RESULT] 41,64,4,0.286061525,0.248629332,161684,153492,323368
[RESULT] 41,64,5,0.241597891,0.240187168,161684,153492,323368
[RESULT] 41,64,6,0.243571997,0.242153883,161684,153492,323368
[RESULT] 41,64,7,0.241540670,0.240131617,161684,153492,323368
[RESULT] 41,64,8,0.241634369,0.240240812,161684,153492,323368
[RESULT] 41,64,9,0.241691351,0.240261078,161684,153492,323368
[RESULT] 24,64,0,0.354755402,0.352099895,160792,152550,321584
[RESULT] 24,64,1,0.354732990,0.352084637,160792,152550,321584
[RESULT] 24,64,2,0.354760647,0.352093697,160792,152550,321584
[RESULT] 24,64,3,0.354718447,0.352092505,160792,152550,321584
[RESULT] 24,64,4,0.309636354,0.266730309,160792,152550,321584
[RESULT] 24,64,5,0.330137491,0.285330772,160792,152550,321584
[RESULT] 24,64,6,0.310724258,0.308060646,160792,152550,321584
[RESULT] 24,64,7,0.310681105,0.308052778,160792,152550,321584
[RESULT] 24,64,8,0.310828209,0.308083057,160792,152550,321584
[RESULT] 24,64,9,0.309927464,0.307182312,160792,152550,321584
[RESULT] 20,64,0,0.288458109,0.286025524,159971,151686,319942
[RESULT] 20,64,1,0.222284794,0.220202923,159971,151686,319942
[RESULT] 20,64,2,0.134199858,0.132150888,159971,151686,319942
[RESULT] 20,64,3,0.134177208,0.132059097,159971,151686,319942
[RESULT] 20,64,4,0.266191483,0.264029741,159971,151686,319942
[RESULT] 20,64,5,0.270162106,0.227981567,159971,151686,319942
[RESULT] 20,64,6,0.222343206,0.220119953,159971,151686,319942
[RESULT] 20,64,7,0.266474962,0.264066696,159971,151686,319942
[RESULT] 20,64,8,0.266486168,0.264066458,159971,151686,319942
[RESULT] 20,64,9,0.266559362,0.264140606,159971,151686,319942
[RESULT] 21,64,0,0.223067522,0.221868992,160648,152434,321296
[RESULT] 21,64,1,0.265337706,0.264137506,160648,152434,321296
[RESULT] 21,64,2,0.265319347,0.264106274,160648,152434,321296
[RESULT] 21,64,3,0.267322063,0.266051531,160648,152434,321296
[RESULT] 21,64,4,0.309269905,0.308031321,160648,152434,321296
[RESULT] 21,64,5,0.266020298,0.264863014,160648,152434,321296
[RESULT] 21,64,6,0.265290976,0.264100313,160648,152434,321296
[RESULT] 21,64,7,0.265267372,0.264044523,160648,152434,321296
[RESULT] 21,64,8,0.265272856,0.264029741,160648,152434,321296
[RESULT] 21,64,9,0.269394875,0.268069267,160648,152434,321296
[RESULT] 7,64,0,0.309605837,0.308137417,161977,153689,323954
[RESULT] 7,64,1,0.308490515,0.307052851,161977,153689,323954
[RESULT] 7,64,2,0.305527687,0.304055929,161977,153689,323954
[RESULT] 7,64,3,0.310552597,0.309046268,161977,153689,323954
[RESULT] 7,64,4,0.266620636,0.265156746,161977,153689,323954
[RESULT] 7,64,5,0.309673071,0.308032751,161977,153689,323954
[RESULT] 7,64,6,0.265660048,0.264117241,161977,153689,323954
[RESULT] 7,64,7,0.265561342,0.264060020,161977,153689,323954
[RESULT] 7,64,8,0.309633255,0.308061600,161977,153689,323954
[RESULT] 7,64,9,0.310853481,0.309323788,161977,153689,323954
[RESULT] 60,64,0,0.354607821,0.352065563,160274,152054,320548
[RESULT] 60,64,1,0.310642719,0.308048725,160274,152054,320548
[RESULT] 60,64,2,0.310581684,0.308063745,160274,152054,320548
[RESULT] 60,64,3,0.266736746,0.264178514,160274,152054,320548
[RESULT] 60,64,4,0.266661167,0.264134645,160274,152054,320548
[RESULT] 60,64,5,0.319758654,0.317150354,160274,152054,320548
[RESULT] 60,64,6,0.306616306,0.304074526,160274,152054,320548
[RESULT] 60,64,7,0.266685724,0.264090300,160274,152054,320548
[RESULT] 60,64,8,0.266704559,0.264103413,160274,152054,320548
[RESULT] 60,64,9,0.265635967,0.263090372,160274,152054,320548
[RESULT] 11,64,0,0.281457901,0.280108213,162970,154728,325940
[RESULT] 11,64,1,0.241444111,0.240085602,162970,154728,325940
[RESULT] 11,64,2,0.241421461,0.240116358,162970,154728,325940
[RESULT] 11,64,3,0.241484404,0.240187883,162970,154728,325940
[RESULT] 11,64,4,0.242424250,0.241127729,162970,154728,325940
[RESULT] 11,64,5,0.243121386,0.241850615,162970,154728,325940
[RESULT] 11,64,6,0.279239416,0.241851091,162970,154728,325940
[RESULT] 11,64,7,0.277484655,0.276102304,162970,154728,325940
[RESULT] 11,64,8,0.281558037,0.280194044,162970,154728,325940
[RESULT] 11,64,9,0.281501532,0.280098915,162970,154728,325940
[RESULT] 22,64,0,0.105817080,0.104609728,161365,153281,322730
[RESULT] 22,64,1,0.105792761,0.104590893,161365,153281,322730
[RESULT] 22,64,2,0.105734825,0.104556084,161365,153281,322730
[RESULT] 22,64,3,0.105804682,0.104609966,161365,153281,322730
[RESULT] 22,64,4,0.105791807,0.104593277,161365,153281,322730
[RESULT] 22,64,5,0.105451584,0.104250431,161365,153281,322730
[RESULT] 22,64,6,0.102519035,0.101299763,161365,153281,322730
[RESULT] 22,64,7,0.105526447,0.104284763,161365,153281,322730
[RESULT] 22,64,8,0.105549097,0.104262829,161365,153281,322730
[RESULT] 22,64,9,0.105548382,0.104299545,161365,153281,322730
[RESULT] 14,64,0,0.268380404,0.266137362,161712,153457,323424
[RESULT] 14,64,1,0.266230822,0.264070511,161712,153457,323424
[RESULT] 14,64,2,0.178203344,0.176041126,161712,153457,323424
[RESULT] 14,64,3,0.178209543,0.176025391,161712,153457,323424
[RESULT] 14,64,4,0.310228586,0.308018923,161712,153457,323424
[RESULT] 14,64,5,0.267164946,0.265135288,161712,153457,323424
[RESULT] 14,64,6,0.266470194,0.264159918,161712,153457,323424
[RESULT] 14,64,7,0.310401917,0.308045626,161712,153457,323424
[RESULT] 14,64,8,0.310464382,0.308031082,161712,153457,323424
[RESULT] 14,64,9,0.310572624,0.308128595,161712,153457,323424
[RESULT] 3,64,0,0.309341192,0.308079481,163071,154651,326142
[RESULT] 3,64,1,0.309283018,0.308019161,163071,154651,326142
[RESULT] 3,64,2,0.309259892,0.308005810,163071,154651,326142
[RESULT] 3,64,3,0.311304569,0.310010433,163071,154651,326142
[RESULT] 3,64,4,0.352124453,0.310907364,163071,154651,326142
[RESULT] 3,64,5,0.309315443,0.308114767,163071,154651,326142
[RESULT] 3,64,6,0.309318542,0.308056593,163071,154651,326142
[RESULT] 3,64,7,0.309289932,0.308008194,163071,154651,326142
[RESULT] 3,64,8,0.309278488,0.307995796,163071,154651,326142
[RESULT] 3,64,9,0.315723658,0.314357996,163071,154651,326142
[RESULT] 47,64,0,0.321412086,0.320025921,162891,154647,325782
[RESULT] 47,64,1,0.243988752,0.242623329,162891,154647,325782
[RESULT] 47,64,2,0.281435728,0.280028105,162891,154647,325782
[RESULT] 47,64,3,0.281387568,0.280024290,162891,154647,325782
[RESULT] 47,64,4,0.246356249,0.245024443,162891,154647,325782
[RESULT] 36,64,0,0.354699373,0.352096081,159123,151007,318246
[RESULT] 36,64,1,0.354720831,0.352064133,159123,151007,318246
[RESULT] 36,64,2,0.354711056,0.352055311,159123,151007,318246
[RESULT] 36,64,3,0.353694677,0.310806274,159123,151007,318246
[RESULT] 36,64,4,0.266695023,0.264053106,159123,151007,318246
[RESULT] 36,64,5,0.307667494,0.305080652,159123,151007,318246
[RESULT] 36,64,6,0.309011936,0.266032457,159123,151007,318246
[RESULT] 36,64,7,0.266768694,0.264136314,159123,151007,318246
[RESULT] 36,64,8,0.310827971,0.308111429,159123,151007,318246
[RESULT] 36,64,9,0.309815884,0.307177544,159123,151007,318246
[RESULT] 47,64,5,0.241523981,0.240154982,162891,154647,325782
[RESULT] 47,64,6,0.239541292,0.238159418,162891,154647,325782
[RESULT] 47,64,7,0.245512247,0.244131327,162891,154647,325782
[RESULT] 47,64,8,0.241554499,0.240200758,162891,154647,325782
[RESULT] 47,64,9,0.241611719,0.240183830,162891,154647,325782
[RESULT] 55,64,0,0.309568882,0.308023691,162214,153924,324428
[RESULT] 55,64,1,0.300534248,0.299034119,162214,153924,324428
[RESULT] 55,64,2,0.264552832,0.263030529,162214,153924,324428
[RESULT] 55,64,3,0.266760111,0.265099525,162214,153924,324428
[RESULT] 55,64,4,0.306771755,0.305114985,162214,153924,324428
[RESULT] 55,64,5,0.309738398,0.308075666,162214,153924,324428
[RESULT] 55,64,6,0.262636900,0.261090517,162214,153924,324428
[RESULT] 55,64,7,0.265811443,0.264153004,162214,153924,324428
[RESULT] 55,64,8,0.265849829,0.264181376,162214,153924,324428
[RESULT] 55,64,9,0.267174959,0.265461206,162214,153924,324428
[RESULT] 32,64,0,0.312442541,0.310039043,160245,152163,320490
[RESULT] 32,64,1,0.310400724,0.308032990,160245,152163,320490
[RESULT] 32,64,2,0.222424030,0.220049858,160245,152163,320490
[RESULT] 32,64,3,0.178291798,0.176046848,160245,152163,320490
[RESULT] 32,64,4,0.310313225,0.308032513,160245,152163,320490
[RESULT] 32,64,5,0.263149261,0.261102200,160245,152163,320490
[RESULT] 32,64,6,0.266392946,0.264070749,160245,152163,320490
[RESULT] 32,64,7,0.310498238,0.308060169,160245,152163,320490
[RESULT] 32,64,8,0.310521364,0.308028698,160245,152163,320490
[RESULT] 32,64,9,0.310539007,0.308080673,160245,152163,320490
[RESULT] 51,64,0,0.311207294,0.309887171,162411,154068,324822
[RESULT] 51,64,1,0.309393406,0.308018446,162411,154068,324822
[RESULT] 51,64,2,0.309432745,0.308023453,162411,154068,324822
[RESULT] 51,64,3,0.311427355,0.310024738,162411,154068,324822
[RESULT] 51,64,4,0.309390545,0.308039188,162411,154068,324822
[RESULT] 51,64,5,0.309430122,0.308031321,162411,154068,324822
[RESULT] 51,64,6,0.266168594,0.264861584,162411,154068,324822
[RESULT] 51,64,7,0.265372515,0.264055729,162411,154068,324822
[RESULT] 51,64,8,0.265384197,0.264048815,162411,154068,324822
[RESULT] 51,64,9,0.315534353,0.314112186,162411,154068,324822
[RESULT] 59,64,0,0.321434975,0.320019484,163491,155133,326982
[RESULT] 59,64,1,0.241408825,0.240044355,163491,155133,326982
[RESULT] 59,64,2,0.241387606,0.240036964,163491,155133,326982
[RESULT] 59,64,3,0.241355419,0.240030050,163491,155133,326982
[RESULT] 59,64,4,0.242364407,0.241027355,163491,155133,326982
[RESULT] 59,64,5,0.281375408,0.280019760,163491,155133,326982
[RESULT] 59,64,6,0.279391766,0.278018713,163491,155133,326982
[RESULT] 59,64,7,0.281398296,0.280022621,163491,155133,326982
[RESULT] 59,64,8,0.281367779,0.280020475,163491,155133,326982
[RESULT] 59,64,9,0.281476736,0.280058622,163491,155133,326982
[RESULT] 54,64,0,0.310747147,0.308065414,160954,152653,321908
[RESULT] 54,64,1,0.310725212,0.308046579,160954,152653,321908
[RESULT] 54,64,2,0.310716867,0.308048248,160954,152653,321908
[RESULT] 54,64,3,0.266811371,0.264102936,160954,152653,321908
[RESULT] 54,64,4,0.266706467,0.264057875,160954,152653,321908
[RESULT] 54,64,5,0.307840824,0.305176020,160954,152653,321908
[RESULT] 54,64,6,0.266800880,0.264131308,160954,152653,321908
[RESULT] 54,64,7,0.266836166,0.264144182,160954,152653,321908
[RESULT] 54,64,8,0.266880035,0.264167309,160954,152653,321908
[RESULT] 54,64,9,0.265841007,0.263213634,160954,152653,321908
[RESULT] 62,64,0,0.308424473,0.306031942,161078,152706,322156
[RESULT] 62,64,1,0.266159773,0.264030695,161078,152706,322156
[RESULT] 62,64,2,0.178131580,0.176030636,161078,152706,322156
[RESULT] 62,64,3,0.178187847,0.176030159,161078,152706,322156
[RESULT] 62,64,4,0.266032696,0.264120579,161078,152706,322156
[RESULT] 62,64,5,0.263117552,0.261070967,161078,152706,322156
[RESULT] 62,64,6,0.266292095,0.264045715,161078,152706,322156
[RESULT] 62,64,7,0.310419559,0.308046579,161078,152706,322156
[RESULT] 62,64,8,0.310436010,0.308040619,161078,152706,322156
[RESULT] 62,64,9,0.310463428,0.308058500,161078,152706,322156
[RESULT] 39,64,0,0.309317112,0.307966709,162374,154189,324748
[RESULT] 39,64,1,0.309431314,0.308037758,162374,154189,324748
[RESULT] 39,64,2,0.309266329,0.267851114,162374,154189,324748
[RESULT] 39,64,3,0.263393402,0.262027264,162374,154189,324748
[RESULT] 39,64,4,0.309408665,0.308027029,162374,154189,324748
[RESULT] 39,64,5,0.266477346,0.265235186,162374,154189,324748
[RESULT] 39,64,6,0.265395164,0.264105558,162374,154189,324748
[RESULT] 39,64,7,0.265489578,0.264194965,162374,154189,324748
[RESULT] 39,64,8,0.265339375,0.264040232,162374,154189,324748
[RESULT] 39,64,9,0.271498680,0.270113945,162374,154189,324748
[RESULT] 35,64,0,0.321446419,0.320035934,162906,154826,325812
[RESULT] 35,64,1,0.241393566,0.240022898,162906,154826,325812
[RESULT] 35,64,2,0.241383076,0.240028381,162906,154826,325812
[RESULT] 35,64,3,0.241462946,0.240106583,162906,154826,325812
[RESULT] 35,64,4,0.238445044,0.237087965,162906,154826,325812
[RESULT] 35,64,5,0.241560698,0.240179777,162906,154826,325812
[RESULT] 35,64,6,0.254948616,0.217574120,162906,154826,325812
[RESULT] 35,64,7,0.241424799,0.240040302,162906,154826,325812
[RESULT] 35,64,8,0.241404533,0.240042686,162906,154826,325812
[RESULT] 35,64,9,0.241567135,0.240114450,162906,154826,325812
[RESULT] 37,64,0,0.309494495,0.308053493,160569,152420,321138
[RESULT] 37,64,1,0.287578344,0.286119461,160569,152420,321138
[RESULT] 37,64,2,0.264531851,0.263038874,160569,152420,321138
[RESULT] 37,64,3,0.266563654,0.265035152,160569,152420,321138
[RESULT] 37,64,4,0.265580893,0.264037848,160569,152420,321138
[RESULT] 37,64,5,0.265678406,0.264171124,160569,152420,321138
[RESULT] 37,64,6,0.269821405,0.268191338,160569,152420,321138
[RESULT] 37,64,7,0.265741348,0.264112949,160569,152420,321138
[RESULT] 10,64,0,0.209472179,0.208145857,161462,153172,322924
[RESULT] 10,64,1,0.211480856,0.210172892,161462,153172,322924
[RESULT] 10,64,2,0.209434986,0.208176851,161462,153172,322924
[RESULT] 10,64,3,0.209453821,0.208175182,161462,153172,322924
[RESULT] 10,64,4,0.209474564,0.208153963,161462,153172,322924
[RESULT] 10,64,5,0.209495306,0.208154202,161462,153172,322924
[RESULT] 10,64,6,0.206507921,0.205156565,161462,153172,322924
[RESULT] 10,64,7,0.209464550,0.208178043,161462,153172,322924
[RESULT] 10,64,8,0.209476471,0.208140373,161462,153172,322924
[RESULT] 10,64,9,0.209573269,0.208146572,161462,153172,322924
[RESULT] 37,64,8,0.265949726,0.264344215,160569,152420,321138
[RESULT] 37,64,9,0.267073631,0.265396118,160569,152420,321138
[RESULT] 44,64,0,0.308415890,0.306045532,159868,151687,319736
[RESULT] 44,64,1,0.309252739,0.266950130,159868,151687,319736
[RESULT] 44,64,2,0.178250551,0.176059961,159868,151687,319736
[RESULT] 44,64,3,0.178293705,0.176035166,159868,151687,319736
[RESULT] 44,64,4,0.310333252,0.308036804,159868,151687,319736
[RESULT] 44,64,5,0.263189793,0.261113167,159868,151687,319736
[RESULT] 44,64,6,0.266419172,0.264160395,159868,151687,319736
[RESULT] 44,64,7,0.310647488,0.308165550,159868,151687,319736
[RESULT] 44,64,8,0.310681581,0.308251858,159868,151687,319736
[RESULT] 44,64,9,0.310741901,0.308306456,159868,151687,319736
[RESULT] 45,64,0,0.309392929,0.308057547,160761,152642,321522
[RESULT] 45,64,1,0.309204340,0.267862082,160761,152642,321522
[RESULT] 45,64,2,0.265328407,0.264047146,160761,152642,321522
[RESULT] 45,64,3,0.263372660,0.262047291,160761,152642,321522
[RESULT] 45,64,4,0.309379339,0.308037758,160761,152642,321522
[RESULT] 45,64,5,0.265401840,0.264191628,160761,152642,321522
[RESULT] 45,64,6,0.265347719,0.264102697,160761,152642,321522
[RESULT] 45,64,7,0.265475035,0.264204502,160761,152642,321522
[RESULT] 45,64,8,0.265438318,0.264180183,160761,152642,321522
[RESULT] 45,64,9,0.271511078,0.270121098,160761,152642,321522
[RESULT] 48,64,0,0.354601622,0.352060795,159890,151776,319780
[RESULT] 48,64,1,0.354609251,0.352057457,159890,151776,319780
[RESULT] 48,64,2,0.311349630,0.308801651,159890,151776,319780
[RESULT] 48,64,3,0.310573101,0.308047295,159890,151776,319780
[RESULT] 48,64,4,0.310585022,0.308060884,159890,151776,319780
[RESULT] 48,64,5,0.307684898,0.305105686,159890,151776,319780
[RESULT] 48,64,6,0.310752869,0.308166265,159890,151776,319780
[RESULT] 48,64,7,0.306743145,0.304162502,159890,151776,319780
[RESULT] 48,64,8,0.310662746,0.308174849,159890,151776,319780
[RESULT] 48,64,9,0.313849926,0.311257124,159890,151776,319780
[RESULT] 49,64,0,0.353708029,0.352031231,160581,152427,321162
[RESULT] 49,64,1,0.336718798,0.335022926,160581,152427,321162
[RESULT] 49,64,2,0.309721470,0.308020592,160581,152427,321162
[RESULT] 49,64,3,0.317948580,0.276089430,160581,152427,321162
[RESULT] 49,64,4,0.306902409,0.305124521,160581,152427,321162
[RESULT] 49,64,5,0.309945107,0.308167696,160581,152427,321162
[RESULT] 49,64,6,0.269831657,0.268123388,160581,152427,321162
[RESULT] 49,64,7,0.310050249,0.308250904,160581,152427,321162
[RESULT] 49,64,8,0.310032845,0.308245182,160581,152427,321162
[RESULT] 49,64,9,0.311477661,0.309710979,160581,152427,321162
[RESULT] 2,64,0,0.352527380,0.350006342,161704,153262,323408
[RESULT] 2,64,1,0.310255051,0.308005810,161704,153262,323408
[RESULT] 2,64,2,0.222279787,0.220016479,161704,153262,323408
[RESULT] 2,64,3,0.178135157,0.176070929,161704,153262,323408
[RESULT] 2,64,4,0.310235262,0.308134317,161704,153262,323408
[RESULT] 2,64,5,0.307337046,0.305180073,161704,153262,323408
[RESULT] 2,64,6,0.310457230,0.308151245,161704,153262,323408
[RESULT] 2,64,7,0.350990295,0.348513365,161704,153262,323408
[RESULT] 2,64,8,0.354494572,0.352027655,161704,153262,323408
[RESULT] 2,64,9,0.354590178,0.352134943,161704,153262,323408
[RESULT] 57,64,0,0.309420586,0.308030605,160966,152677,321932
[RESULT] 57,64,1,0.265315056,0.264024019,160966,152677,321932
[RESULT] 57,64,2,0.265330315,0.264029741,160966,152677,321932
[RESULT] 57,64,3,0.215295076,0.214116096,160966,152677,321932
[RESULT] 57,64,4,0.265319109,0.264134169,160966,152677,321932
[RESULT] 57,64,5,0.265447617,0.264209032,160966,152677,321932
[RESULT] 57,64,6,0.261425257,0.260143280,160966,152677,321932
[RESULT] 57,64,7,0.265422583,0.264140606,160966,152677,321932
[RESULT] 57,64,8,0.265337944,0.264046669,160966,152677,321932
[RESULT] 57,64,9,0.315447330,0.314074755,160966,152677,321932
[RESULT] 58,64,0,0.209511280,0.208118677,162160,153905,324320
[RESULT] 58,64,1,0.209430933,0.208038568,162160,153905,324320
[RESULT] 58,64,2,0.209432602,0.208046675,162160,153905,324320
[RESULT] 58,64,3,0.209345818,0.207986116,162160,153905,324320
[RESULT] 58,64,4,0.206377745,0.205026627,162160,153905,324320
[RESULT] 58,64,5,0.209428310,0.208058596,162160,153905,324320
[RESULT] 58,64,6,0.210394859,0.209014177,162160,153905,324320
[RESULT] 58,64,7,0.209408998,0.208010674,162160,153905,324320
[RESULT] 58,64,8,0.209480047,0.208017111,162160,153905,324320
[RESULT] 58,64,9,0.209487677,0.208016872,162160,153905,324320
[RESULT] 16,64,0,0.209406376,0.207999706,160412,152131,320824
[RESULT] 16,64,1,0.209337473,0.208003521,160412,152131,320824
[RESULT] 16,64,2,0.209390402,0.208049536,160412,152131,320824
[RESULT] 16,64,3,0.208328724,0.207008123,160412,152131,320824
[RESULT] 16,64,4,0.206338644,0.205002308,160412,152131,320824
[RESULT] 16,64,5,0.209344387,0.208003283,160412,152131,320824
[RESULT] 16,64,6,0.210367441,0.209005594,160412,152131,320824
[RESULT] 16,64,7,0.209397793,0.208007097,160412,152131,320824
[RESULT] 16,64,8,0.209373951,0.208006144,160412,152131,320824
[RESULT] 16,64,9,0.209468126,0.208010674,160412,152131,320824
[RESULT] 28,64,0,0.209663868,0.208106279,160029,151929,320058
[RESULT] 28,64,1,0.209455252,0.208018541,160029,151929,320058
[RESULT] 28,64,2,0.209321022,0.208009243,160029,151929,320058
[RESULT] 28,64,3,0.208347321,0.207015753,160029,151929,320058
[RESULT] 28,64,4,0.210355282,0.209028244,160029,151929,320058
[RESULT] 28,64,5,0.209307671,0.207999706,160029,151929,320058
[RESULT] 28,64,6,0.210310698,0.209001780,160029,151929,320058
[RESULT] 28,64,7,0.209339380,0.208004236,160029,151929,320058
[RESULT] 28,64,8,0.209320307,0.208001852,160029,151929,320058
[RESULT] 28,64,9,0.209437132,0.208005428,160029,151929,320058
[RESULT] 4,64,0,0.313410997,0.311992407,159363,150946,318726
[RESULT] 4,64,1,0.311306238,0.309953451,159363,150946,318726
[RESULT] 4,64,2,0.313338518,0.311951637,159363,150946,318726
[RESULT] 4,64,3,0.312300444,0.310955048,159363,150946,318726
[RESULT] 4,64,4,0.314301014,0.312956572,159363,150946,318726
[RESULT] 4,64,5,0.312326193,0.310958862,159363,150946,318726
[RESULT] 4,64,6,0.314340353,0.312968731,159363,150946,318726
[RESULT] 4,64,7,0.313352823,0.311961889,159363,150946,318726
[RESULT] 4,64,8,0.313321829,0.311960220,159363,150946,318726
[RESULT] 4,64,9,0.313442230,0.311963320,159363,150946,318726
[RESULT] 40,64,0,0.209407330,0.208004236,160297,152095,320594
[RESULT] 40,64,1,0.209324360,0.207993031,160297,152095,320594
[RESULT] 40,64,2,0.207353115,0.205994368,160297,152095,320594
[RESULT] 40,64,3,0.208389997,0.207005024,160297,152095,320594
[RESULT] 40,64,4,0.210325956,0.209001780,160297,152095,320594
[RESULT] 40,64,5,0.209362268,0.208013773,160297,152095,320594
[RESULT] 40,64,6,0.210379601,0.209015131,160297,152095,320594
[RESULT] 40,64,7,0.209371090,0.208015680,160297,152095,320594
[RESULT] 40,64,8,0.209340334,0.208009720,160297,152095,320594
[RESULT] 40,64,9,0.209526300,0.208035707,160297,152095,320594
