Retrieving the matrix from '../data/bcsstk27.mtx'...
Real Matrix (Strong Scaling): Rows=1224 | Cols=1224 | NNZ=28675 | Procs=16
Matrix distributed and converted to CSR
Ghost columns identified: 1691 total ghost values needed
Local vector initialized (size=77 per process)
[RESULT] 0,16,0,0.000114679,0.000107050,1838,1691,3676
[RESULT] 0,16,1,0.000126362,0.000119209,1838,1691,3676
[RESULT] 0,16,2,0.000123024,0.000115395,1838,1691,3676
[RESULT] 0,16,3,0.000142097,0.000134945,1838,1691,3676
[RESULT] 0,16,4,0.000121593,0.000114441,1838,1691,3676
[RESULT] 0,16,5,0.000116348,0.000109196,1838,1691,3676
[RESULT] 0,16,6,0.000122070,0.000114679,1838,1691,3676
[RESULT] 0,16,7,0.000115633,0.000108480,1838,1691,3676
[RESULT] 0,16,8,0.000138044,0.000130892,1838,1691,3676
[RESULT] 0,16,9,0.000107765,0.000100613,1838,1691,3676

Benchmark Summary
Processes: 16
Iterations: 10
Matrix NNZ: 28675
Total execution time: 0.026 seconds
[RESULT] 3,16,0,0.000130415,0.000123501,1739,1594,3478
[RESULT] 3,16,1,0.000112534,0.000105858,1739,1594,3478
[RESULT] 3,16,2,0.000129461,0.000122786,1739,1594,3478
[RESULT] 3,16,3,0.000118017,0.000111580,1739,1594,3478
[RESULT] 4,16,0,0.000112295,0.000104904,1828,1681,3656
[RESULT] 4,16,1,0.000126362,0.000119209,1828,1681,3656
[RESULT] 4,16,2,0.000125170,0.000118256,1828,1681,3656
[RESULT] 4,16,3,0.000140905,0.000133991,1828,1681,3656
[RESULT] 4,16,4,0.000119448,0.000112057,1828,1681,3656
[RESULT] 4,16,5,0.000116825,0.000109434,1828,1681,3656
[RESULT] 4,16,6,0.000147343,0.000140190,1828,1681,3656
[RESULT] 4,16,7,0.000123262,0.000116110,1828,1681,3656
[RESULT] 4,16,8,0.000149488,0.000142097,1828,1681,3656
[RESULT] 4,16,9,0.000113964,0.000106812,1828,1681,3656
[RESULT] 2,16,0,0.000133514,0.000125170,1830,1684,3660
[RESULT] 2,16,1,0.000132799,0.000124931,1830,1684,3660
[RESULT] 2,16,2,0.000150919,0.000143051,1830,1684,3660
[RESULT] 2,16,3,0.000147343,0.000139475,1830,1684,3660
[RESULT] 2,16,4,0.000125647,0.000117779,1830,1684,3660
[RESULT] 2,16,5,0.000171661,0.000163794,1830,1684,3660
[RESULT] 2,16,6,0.000144243,0.000136375,1830,1684,3660
[RESULT] 2,16,7,0.000144958,0.000137091,1830,1684,3660
[RESULT] 2,16,8,0.000170469,0.000162840,1830,1684,3660
[RESULT] 2,16,9,0.000147343,0.000139475,1830,1684,3660
[RESULT] 7,16,0,0.000125885,0.000119209,1774,1625,3548
[RESULT] 7,16,1,0.000111341,0.000104904,1774,1625,3548
[RESULT] 7,16,2,0.000125885,0.000119209,1774,1625,3548
[RESULT] 7,16,3,0.000134706,0.000128269,1774,1625,3548
[RESULT] 7,16,4,0.000111818,0.000105381,1774,1625,3548
[RESULT] 7,16,5,0.000120401,0.000113726,1774,1625,3548
[RESULT] 7,16,6,0.000111103,0.000104666,1774,1625,3548
[RESULT] 7,16,7,0.000102758,0.000096321,1774,1625,3548
[RESULT] 7,16,8,0.000122547,0.000116110,1774,1625,3548
[RESULT] 7,16,9,0.000111580,0.000105143,1774,1625,3548
[RESULT] 8,16,0,0.000117302,0.000109673,1829,1682,3658
[RESULT] 8,16,1,0.000128269,0.000121117,1829,1682,3658
[RESULT] 8,16,2,0.000116587,0.000109196,1829,1682,3658
[RESULT] 8,16,3,0.000145435,0.000138283,1829,1682,3658
[RESULT] 8,16,4,0.000126123,0.000118971,1829,1682,3658
[RESULT] 8,16,5,0.000118256,0.000111341,1829,1682,3658
[RESULT] 8,16,6,0.000128508,0.000121117,1829,1682,3658
[RESULT] 8,16,7,0.000118494,0.000111103,1829,1682,3658
[RESULT] 8,16,8,0.000150204,0.000143051,1829,1682,3658
[RESULT] 8,16,9,0.000106096,0.000098944,1829,1682,3658
[RESULT] 6,16,0,0.000135899,0.000127792,1833,1684,3666
[RESULT] 6,16,1,0.000138760,0.000130653,1833,1684,3666
[RESULT] 6,16,2,0.000144243,0.000136614,1833,1684,3666
[RESULT] 6,16,3,0.000159740,0.000152111,1833,1684,3666
[RESULT] 6,16,4,0.000117779,0.000109911,1833,1684,3666
[RESULT] 6,16,5,0.000166655,0.000158787,1833,1684,3666
[RESULT] 6,16,6,0.000142574,0.000134706,1833,1684,3666
[RESULT] 6,16,7,0.000138283,0.000130653,1833,1684,3666
[RESULT] 6,16,8,0.000170946,0.000163078,1833,1684,3666
[RESULT] 6,16,9,0.000152111,0.000144005,1833,1684,3666
[RESULT] 11,16,0,0.000122309,0.000115633,1761,1615,3522
[RESULT] 11,16,1,0.000099421,0.000092983,1761,1615,3522
[RESULT] 11,16,2,0.000130177,0.000123978,1761,1615,3522
[RESULT] 11,16,3,0.000114918,0.000108480,1761,1615,3522
[RESULT] 11,16,4,0.000102997,0.000096798,1761,1615,3522
[RESULT] 11,16,5,0.000104904,0.000098467,1761,1615,3522
[RESULT] 11,16,6,0.000098944,0.000092506,1761,1615,3522
[RESULT] 11,16,7,0.000088692,0.000082254,1761,1615,3522
[RESULT] 11,16,8,0.000114202,0.000108004,1761,1615,3522
[RESULT] 11,16,9,0.000118256,0.000111818,1761,1615,3522
[RESULT] 1,16,0,0.000130653,0.000122547,1756,1610,3512
[RESULT] 1,16,1,0.000117302,0.000109911,1756,1610,3512
[RESULT] 1,16,2,0.000146627,0.000139236,1756,1610,3512
[RESULT] 1,16,3,0.000113010,0.000106096,1756,1610,3512
[RESULT] 1,16,4,0.000116825,0.000109911,1756,1610,3512
[RESULT] 1,16,5,0.000111580,0.000104666,1756,1610,3512
[RESULT] 1,16,6,0.000119686,0.000113010,1756,1610,3512
[RESULT] 1,16,7,0.000127077,0.000120401,1756,1610,3512
[RESULT] 1,16,8,0.000109911,0.000102997,1756,1610,3512
[RESULT] 1,16,9,0.000125647,0.000118971,1756,1610,3512
[RESULT] 12,16,0,0.000124216,0.000116587,1822,1676,3644
[RESULT] 12,16,1,0.000130177,0.000123024,1822,1676,3644
[RESULT] 12,16,2,0.000120163,0.000113010,1822,1676,3644
[RESULT] 12,16,3,0.000135183,0.000128031,1822,1676,3644
[RESULT] 12,16,4,0.000120163,0.000113249,1822,1676,3644
[RESULT] 12,16,5,0.000115156,0.000107765,1822,1676,3644
[RESULT] 12,16,6,0.000122309,0.000115156,1822,1676,3644
[RESULT] 12,16,7,0.000126600,0.000119448,1822,1676,3644
[RESULT] 12,16,8,0.000132561,0.000125408,1822,1676,3644
[RESULT] 12,16,9,0.000110388,0.000103235,1822,1676,3644
[RESULT] 10,16,0,0.000139952,0.000132084,1811,1667,3622
[RESULT] 10,16,1,0.000143290,0.000135899,1811,1667,3622
[RESULT] 10,16,2,0.000142813,0.000135422,1811,1667,3622
[RESULT] 10,16,3,0.000145435,0.000138283,1811,1667,3622
[RESULT] 10,16,4,0.000124693,0.000117540,1811,1667,3622
[RESULT] 10,16,5,0.000173807,0.000166655,1811,1667,3622
[RESULT] 10,16,6,0.000136137,0.000128984,1811,1667,3622
[RESULT] 10,16,7,0.000140429,0.000133276,1811,1667,3622
[RESULT] 10,16,8,0.000171900,0.000164747,1811,1667,3622
[RESULT] 10,16,9,0.000142336,0.000135183,1811,1667,3622
[RESULT] 3,16,4,0.000118017,0.000111818,1739,1594,3478
[RESULT] 3,16,5,0.000124931,0.000118494,1739,1594,3478
[RESULT] 3,16,6,0.000129461,0.000123024,1739,1594,3478
[RESULT] 3,16,7,0.000106573,0.000100136,1739,1594,3478
[RESULT] 3,16,8,0.000121117,0.000114918,1739,1594,3478
[RESULT] 3,16,9,0.000116587,0.000110388,1739,1594,3478
[RESULT] 5,16,0,0.000149727,0.000141859,1747,1599,3494
[RESULT] 5,16,1,0.000120878,0.000113726,1747,1599,3494
[RESULT] 5,16,2,0.000149250,0.000142097,1747,1599,3494
[RESULT] 5,16,3,0.000113249,0.000106573,1747,1599,3494
[RESULT] 5,16,4,0.000127792,0.000121117,1747,1599,3494
[RESULT] 5,16,5,0.000113726,0.000107050,1747,1599,3494
[RESULT] 5,16,6,0.000116348,0.000109673,1747,1599,3494
[RESULT] 5,16,7,0.000129938,0.000123262,1747,1599,3494
[RESULT] 5,16,8,0.000112295,0.000105619,1747,1599,3494
[RESULT] 5,16,9,0.000132084,0.000125170,1747,1599,3494
[RESULT] 14,16,0,0.000135899,0.000128031,1833,1686,3666
[RESULT] 14,16,1,0.000138521,0.000130653,1833,1686,3666
[RESULT] 14,16,2,0.000151157,0.000143528,1833,1686,3666
[RESULT] 14,16,3,0.000134706,0.000127077,1833,1686,3666
[RESULT] 14,16,4,0.000118256,0.000110626,1833,1686,3666
[RESULT] 14,16,5,0.000167131,0.000159502,1833,1686,3666
[RESULT] 14,16,6,0.000128269,0.000120640,1833,1686,3666
[RESULT] 14,16,7,0.000136852,0.000129223,1833,1686,3666
[RESULT] 14,16,8,0.000159740,0.000152111,1833,1686,3666
[RESULT] 14,16,9,0.000143051,0.000135422,1833,1686,3666
[RESULT] 15,16,0,0.000135899,0.000129223,1761,1615,3522
[RESULT] 15,16,1,0.000105858,0.000099421,1761,1615,3522
[RESULT] 15,16,2,0.000125885,0.000119686,1761,1615,3522
[RESULT] 15,16,3,0.000116110,0.000109911,1761,1615,3522
[RESULT] 15,16,4,0.000107527,0.000100851,1761,1615,3522
[RESULT] 15,16,5,0.000123501,0.000117064,1761,1615,3522
[RESULT] 15,16,6,0.000094652,0.000088215,1761,1615,3522
[RESULT] 15,16,7,0.000090837,0.000084639,1761,1615,3522
[RESULT] 15,16,8,0.000118256,0.000111818,1761,1615,3522
[RESULT] 15,16,9,0.000130415,0.000123978,1761,1615,3522
[RESULT] 9,16,0,0.000147104,0.000139713,1753,1608,3506
[RESULT] 9,16,1,0.000127554,0.000120640,1753,1608,3506
[RESULT] 9,16,2,0.000139713,0.000132799,1753,1608,3506
[RESULT] 9,16,3,0.000116825,0.000110149,1753,1608,3506
[RESULT] 9,16,4,0.000128746,0.000121593,1753,1608,3506
[RESULT] 9,16,5,0.000111818,0.000104904,1753,1608,3506
[RESULT] 9,16,6,0.000125647,0.000118732,1753,1608,3506
[RESULT] 9,16,7,0.000119448,0.000112772,1753,1608,3506
[RESULT] 9,16,8,0.000109673,0.000102758,1753,1608,3506
[RESULT] 9,16,9,0.000131369,0.000124454,1753,1608,3506
[RESULT] 13,16,0,0.000137091,0.000129700,1760,1613,3520
[RESULT] 13,16,1,0.000123978,0.000117302,1760,1613,3520
[RESULT] 13,16,2,0.000128746,0.000122070,1760,1613,3520
[RESULT] 13,16,3,0.000113726,0.000107050,1760,1613,3520
[RESULT] 13,16,4,0.000123978,0.000117302,1760,1613,3520
[RESULT] 13,16,5,0.000117064,0.000110388,1760,1613,3520
[RESULT] 13,16,6,0.000132322,0.000125647,1760,1613,3520
[RESULT] 13,16,7,0.000116110,0.000109434,1760,1613,3520
[RESULT] 13,16,8,0.000111580,0.000104904,1760,1613,3520
[RESULT] 13,16,9,0.000134468,0.000127792,1760,1613,3520
