Retrieving the matrix from '../data/msdoor.mtx'...
Real Matrix (Strong Scaling): Rows=415863 | Cols=415863 | NNZ=10328399 | Procs=64
Matrix distributed and converted to CSR
Ghost columns identified: 151608 total ghost values needed
Local vector initialized (size=6498 per process)
[RESULT] 58,64,0,0.015918732,0.014436483,162160,153905,324320
[RESULT] 58,64,1,0.015217066,0.013778210,162160,153905,324320
[RESULT] 58,64,2,0.015381575,0.013926506,162160,153905,324320
[RESULT] 58,64,3,0.015137672,0.013702393,162160,153905,324320
[RESULT] 58,64,4,0.015213966,0.013801575,162160,153905,324320
[RESULT] 58,64,5,0.015303373,0.013902426,162160,153905,324320
[RESULT] 58,64,6,0.015130758,0.013715506,162160,153905,324320
[RESULT] 58,64,7,0.015107155,0.013737202,162160,153905,324320
[RESULT] 58,64,8,0.014907598,0.013521671,162160,153905,324320
[RESULT] 58,64,9,0.014657021,0.013276577,162160,153905,324320
[RESULT] 62,64,0,0.014058352,0.012768030,161078,152706,322156
[RESULT] 62,64,1,0.013406515,0.012163639,161078,152706,322156
[RESULT] 62,64,2,0.013726711,0.012474537,161078,152706,322156
[RESULT] 62,64,3,0.015573502,0.014198065,161078,152706,322156
[RESULT] 62,64,4,0.014293671,0.013018370,161078,152706,322156
[RESULT] 62,64,5,0.014162064,0.012885809,161078,152706,322156
[RESULT] 62,64,6,0.013839483,0.012575865,161078,152706,322156
[RESULT] 62,64,7,0.013972998,0.012691021,161078,152706,322156
[RESULT] 62,64,8,0.014968872,0.013590574,161078,152706,322156
[RESULT] 62,64,9,0.014824152,0.013510466,161078,152706,322156
[RESULT] 60,64,0,0.015924931,0.014512539,160274,152054,320548
[RESULT] 60,64,1,0.015336275,0.013934374,160274,152054,320548
[RESULT] 60,64,2,0.015252352,0.013897181,160274,152054,320548
[RESULT] 60,64,3,0.015618801,0.014243126,160274,152054,320548
[RESULT] 60,64,4,0.014965534,0.013664722,160274,152054,320548
[RESULT] 60,64,5,0.015068531,0.013756752,160274,152054,320548
[RESULT] 60,64,6,0.015162230,0.013800621,160274,152054,320548
[RESULT] 60,64,7,0.015221834,0.013904810,160274,152054,320548
[RESULT] 60,64,8,0.015303373,0.013956785,160274,152054,320548
[RESULT] 60,64,9,0.014933586,0.013608932,160274,152054,320548
[RESULT] 61,64,0,0.015833378,0.014384270,161157,152893,322314
[RESULT] 61,64,1,0.015144587,0.013720989,161157,152893,322314
[RESULT] 61,64,2,0.015266418,0.013845444,161157,152893,322314
[RESULT] 61,64,3,0.015620947,0.014210224,161157,152893,322314
[RESULT] 57,64,0,0.016150475,0.014460564,160966,152677,321932
[RESULT] 61,64,4,0.014881849,0.013514757,161157,152893,322314
[RESULT] 61,64,5,0.015015364,0.013639927,161157,152893,322314
[RESULT] 61,64,6,0.015350103,0.013959169,161157,152893,322314
[RESULT] 61,64,7,0.015334129,0.013986349,161157,152893,322314
[RESULT] 61,64,8,0.015287876,0.013897657,161157,152893,322314
[RESULT] 61,64,9,0.015124798,0.013771772,161157,152893,322314
[RESULT] 56,64,0,0.016116142,0.014547348,159974,151726,319948
[RESULT] 56,64,1,0.015595675,0.014034271,159974,151726,319948
[RESULT] 56,64,2,0.015517712,0.013988495,159974,151726,319948
[RESULT] 56,64,3,0.015563250,0.014000416,159974,151726,319948
[RESULT] 56,64,4,0.015318394,0.013793230,159974,151726,319948
[RESULT] 57,64,1,0.015440226,0.013804436,160966,152677,321932
[RESULT] 57,64,2,0.015571356,0.013951778,160966,152677,321932
[RESULT] 57,64,3,0.015456200,0.013741970,160966,152677,321932
[RESULT] 57,64,4,0.015235662,0.013610363,160966,152677,321932
[RESULT] 57,64,5,0.015344381,0.013680696,160966,152677,321932
[RESULT] 57,64,6,0.015485048,0.013780594,160966,152677,321932
[RESULT] 57,64,7,0.015430927,0.013761759,160966,152677,321932
[RESULT] 57,64,8,0.015178680,0.013598680,160966,152677,321932
[RESULT] 57,64,9,0.015135527,0.013421535,160966,152677,321932
[RESULT] 56,64,5,0.015333891,0.013803482,159974,151726,319948
[RESULT] 56,64,6,0.015381813,0.013829708,159974,151726,319948
[RESULT] 56,64,7,0.015430689,0.013913155,159974,151726,319948
[RESULT] 56,64,8,0.015428782,0.013920784,159974,151726,319948
[RESULT] 56,64,9,0.015191555,0.013676643,159974,151726,319948
[RESULT] 20,64,0,0.017585039,0.015798569,159971,151686,319942
[RESULT] 20,64,1,0.016297340,0.014790058,159971,151686,319942
[RESULT] 20,64,2,0.016574860,0.015142441,159971,151686,319942
[RESULT] 20,64,3,0.016607523,0.015293837,159971,151686,319942
[RESULT] 20,64,4,0.015966177,0.014782429,159971,151686,319942
[RESULT] 20,64,5,0.016328096,0.014949322,159971,151686,319942
[RESULT] 20,64,6,0.016352654,0.015040159,159971,151686,319942
[RESULT] 20,64,7,0.016470432,0.015048265,159971,151686,319942
[RESULT] 20,64,8,0.015784740,0.014564991,159971,151686,319942
[RESULT] 20,64,9,0.015742064,0.014572620,159971,151686,319942
[RESULT] 17,64,0,0.017617464,0.015966654,161420,153157,322840
[RESULT] 17,64,1,0.016336679,0.014794588,161420,153157,322840
[RESULT] 17,64,2,0.016753912,0.015228510,161420,153157,322840
[RESULT] 17,64,3,0.016774654,0.015289545,161420,153157,322840
[RESULT] 17,64,4,0.016282082,0.014857292,161420,153157,322840
[RESULT] 22,64,0,0.017296314,0.015688181,161365,153281,322730
[RESULT] 22,64,1,0.016403437,0.014845610,161365,153281,322730
[RESULT] 22,64,2,0.016618967,0.015095234,161365,153281,322730
[RESULT] 22,64,3,0.016557932,0.015102148,161365,153281,322730
[RESULT] 22,64,4,0.016174316,0.014732838,161365,153281,322730
[RESULT] 22,64,5,0.016355515,0.014887810,161365,153281,322730
[RESULT] 22,64,6,0.016507387,0.014967442,161365,153281,322730
[RESULT] 22,64,7,0.016497850,0.014976263,161365,153281,322730
[RESULT] 22,64,8,0.016004801,0.014550924,161365,153281,322730
[RESULT] 22,64,9,0.016026020,0.014554262,161365,153281,322730
[RESULT] 15,64,0,0.017184019,0.015645504,162830,154577,325660
[RESULT] 15,64,1,0.016398668,0.014911890,162830,154577,325660
[RESULT] 15,64,2,0.016599417,0.015136719,162830,154577,325660
[RESULT] 15,64,3,0.016666651,0.015219688,162830,154577,325660
[RESULT] 15,64,4,0.016169786,0.014782190,162830,154577,325660
[RESULT] 15,64,5,0.016366720,0.014965534,162830,154577,325660
[RESULT] 15,64,6,0.016548157,0.015102863,162830,154577,325660
[RESULT] 15,64,7,0.016555309,0.015125513,162830,154577,325660
[RESULT] 15,64,8,0.016017437,0.014590740,162830,154577,325660
[RESULT] 15,64,9,0.016055346,0.014633417,162830,154577,325660
[RESULT] 17,64,5,0.016516209,0.015056610,161420,153157,322840
[RESULT] 17,64,6,0.016653061,0.015150070,161420,153157,322840
[RESULT] 17,64,7,0.016693592,0.015186548,161420,153157,322840
[RESULT] 17,64,8,0.016063452,0.014622688,161420,153157,322840
[RESULT] 17,64,9,0.016046524,0.014611006,161420,153157,322840
[RESULT] 46,64,0,0.019732237,0.018285513,161654,153506,323308
[RESULT] 46,64,1,0.017594337,0.016169310,161654,153506,323308
[RESULT] 46,64,2,0.018969774,0.017510653,161654,153506,323308
[RESULT] 46,64,3,0.019194841,0.017776489,161654,153506,323308
[RESULT] 46,64,4,0.019338131,0.017894983,161654,153506,323308
[RESULT] 46,64,5,0.019052029,0.017630816,161654,153506,323308
[RESULT] 46,64,6,0.017987251,0.016582966,161654,153506,323308
[RESULT] 46,64,7,0.018978596,0.017538071,161654,153506,323308
[RESULT] 46,64,8,0.019617796,0.018161058,161654,153506,323308
[RESULT] 46,64,9,0.016653061,0.015230656,161654,153506,323308
[RESULT] 47,64,0,0.019039869,0.017567396,162891,154647,325782
[RESULT] 47,64,1,0.017541647,0.016057730,162891,154647,325782
[RESULT] 47,64,2,0.019016981,0.017484665,162891,154647,325782
[RESULT] 47,64,3,0.019204855,0.017698526,162891,154647,325782
[RESULT] 47,64,4,0.019522905,0.018002272,162891,154647,325782
[RESULT] 47,64,5,0.019525051,0.018001080,162891,154647,325782
[RESULT] 47,64,6,0.019335747,0.017801762,162891,154647,325782
[RESULT] 47,64,7,0.019303083,0.017765999,162891,154647,325782
[RESULT] 47,64,8,0.020435572,0.018775463,162891,154647,325782
[RESULT] 47,64,9,0.016837358,0.015346050,162891,154647,325782
[RESULT] 16,64,0,0.018956184,0.016156435,160412,152131,320824
[RESULT] 16,64,1,0.017663240,0.014850616,160412,152131,320824
[RESULT] 16,64,2,0.017924786,0.015302181,160412,152131,320824
[RESULT] 16,64,3,0.017886877,0.015464544,160412,152131,320824
[RESULT] 16,64,4,0.017323494,0.014963388,160412,152131,320824
[RESULT] 16,64,5,0.017577887,0.015177727,160412,152131,320824
[RESULT] 16,64,6,0.017778397,0.015264511,160412,152131,320824
[RESULT] 16,64,7,0.017865658,0.015336752,160412,152131,320824
[RESULT] 18,64,0,0.019018173,0.016094923,161910,153708,323820
[RESULT] 18,64,1,0.017886400,0.015086889,161910,153708,323820
[RESULT] 18,64,2,0.017914772,0.015185356,161910,153708,323820
[RESULT] 18,64,3,0.017835617,0.015287638,161910,153708,323820
[RESULT] 18,64,4,0.017249107,0.014810085,161910,153708,323820
[RESULT] 18,64,5,0.017610788,0.015105486,161910,153708,323820
[RESULT] 18,64,6,0.017736197,0.015081167,161910,153708,323820
[RESULT] 18,64,7,0.017833710,0.015099049,161910,153708,323820
[RESULT] 18,64,8,0.016937733,0.014595985,161910,153708,323820
[RESULT] 21,64,0,0.018949270,0.016023397,160648,152434,321296
[RESULT] 21,64,1,0.017844915,0.015058279,160648,152434,321296
[RESULT] 21,64,2,0.017826080,0.015111446,160648,152434,321296
[RESULT] 21,64,3,0.017729998,0.015160084,160648,152434,321296
[RESULT] 21,64,4,0.017211914,0.014740467,160648,152434,321296
[RESULT] 21,64,5,0.017489910,0.014901400,160648,152434,321296
[RESULT] 21,64,6,0.017701149,0.014986515,160648,152434,321296
[RESULT] 21,64,7,0.017779350,0.015002012,160648,152434,321296
[RESULT] 21,64,8,0.016916037,0.014557838,160648,152434,321296
[RESULT] 21,64,9,0.016954660,0.014566422,160648,152434,321296
[RESULT] 16,64,8,0.016919851,0.014640808,160412,152131,320824
[RESULT] 16,64,9,0.016937017,0.014631510,160412,152131,320824
[RESULT] 18,64,9,0.016949177,0.014602423,161910,153708,323820
[RESULT] 19,64,0,0.018939018,0.015831709,163460,155356,326920
[RESULT] 19,64,1,0.017798185,0.014847279,163460,155356,326920
[RESULT] 19,64,2,0.017921925,0.015163422,163460,155356,326920
[RESULT] 19,64,3,0.017811775,0.015192509,163460,155356,326920
[RESULT] 19,64,4,0.017304659,0.014786959,163460,155356,326920
[RESULT] 19,64,5,0.017545223,0.014967203,163460,155356,326920
[RESULT] 19,64,6,0.017766237,0.015115976,163460,155356,326920
[RESULT] 19,64,7,0.017861128,0.015065670,163460,155356,326920
[RESULT] 19,64,8,0.016947031,0.014577389,163460,155356,326920
[RESULT] 19,64,9,0.016992092,0.014583826,163460,155356,326920
[RESULT] 23,64,0,0.018918276,0.015960932,162907,154814,325814
[RESULT] 23,64,1,0.017704248,0.014733315,162907,154814,325814
[RESULT] 23,64,2,0.017864227,0.015087128,162907,154814,325814
[RESULT] 23,64,3,0.017745495,0.015048742,162907,154814,325814
[RESULT] 23,64,4,0.017194986,0.014701128,162907,154814,325814
[RESULT] 23,64,5,0.017498732,0.014837742,162907,154814,325814
[RESULT] 23,64,6,0.017670393,0.014928818,162907,154814,325814
[RESULT] 23,64,7,0.017762899,0.014934540,162907,154814,325814
[RESULT] 23,64,8,0.016935349,0.014540672,162907,154814,325814
[RESULT] 23,64,9,0.016945839,0.014548302,162907,154814,325814
[RESULT] 63,64,0,0.015483141,0.014049530,162531,154118,325062
[RESULT] 63,64,1,0.015160322,0.013728142,162531,154118,325062
[RESULT] 63,64,2,0.015086889,0.013668537,162531,154118,325062
[RESULT] 63,64,3,0.015592813,0.014185905,162531,154118,325062
[RESULT] 63,64,4,0.015121222,0.013752937,162531,154118,325062
[RESULT] 63,64,5,0.014937401,0.013583422,162531,154118,325062
[RESULT] 63,64,6,0.014910936,0.013556719,162531,154118,325062
[RESULT] 63,64,7,0.015061855,0.013714314,162531,154118,325062
[RESULT] 63,64,8,0.014971733,0.013584137,162531,154118,325062
[RESULT] 63,64,9,0.015295982,0.013902426,162531,154118,325062
[RESULT] 59,64,0,0.015915632,0.014276505,163491,155133,326982
[RESULT] 59,64,1,0.015609503,0.013929844,163491,155133,326982
[RESULT] 59,64,2,0.015373468,0.013700962,163491,155133,326982
[RESULT] 59,64,3,0.015329838,0.013685465,163491,155133,326982
[RESULT] 59,64,4,0.015191555,0.013524771,163491,155133,326982
[RESULT] 59,64,5,0.015306473,0.013688087,163491,155133,326982
[RESULT] 59,64,6,0.015459061,0.013772488,163491,155133,326982
[RESULT] 59,64,7,0.015421867,0.013760090,163491,155133,326982
[RESULT] 59,64,8,0.015175581,0.013503551,163491,155133,326982
[RESULT] 59,64,9,0.015655994,0.013961077,163491,155133,326982
[RESULT] 53,64,0,0.017226219,0.015640020,160448,152171,320896
[RESULT] 53,64,1,0.016938210,0.015347004,160448,152171,320896
[RESULT] 53,64,2,0.017621040,0.016065359,160448,152171,320896
[RESULT] 53,64,3,0.015547276,0.013970137,160448,152171,320896
[RESULT] 53,64,4,0.016920328,0.015366077,160448,152171,320896
[RESULT] 53,64,5,0.016664743,0.015122175,160448,152171,320896
[RESULT] 53,64,6,0.015535355,0.013967037,160448,152171,320896
[RESULT] 53,64,7,0.016484737,0.014940023,160448,152171,320896
[RESULT] 53,64,8,0.017119646,0.015584469,160448,152171,320896
[RESULT] 53,64,9,0.015848398,0.014283895,160448,152171,320896
[RESULT] 52,64,0,0.016865492,0.015374422,159447,151265,318894
[RESULT] 52,64,1,0.016331911,0.014858246,159447,151265,318894
[RESULT] 52,64,2,0.016353607,0.014890194,159447,151265,318894
[RESULT] 52,64,3,0.017129421,0.015679836,159447,151265,318894
[RESULT] 52,64,4,0.016345024,0.014908552,159447,151265,318894
[RESULT] 52,64,5,0.015825748,0.014433861,159447,151265,318894
[RESULT] 52,64,6,0.015727758,0.014314413,159447,151265,318894
[RESULT] 52,64,7,0.016296625,0.014908791,159447,151265,318894
[RESULT] 52,64,8,0.016999245,0.015607357,159447,151265,318894
[RESULT] 52,64,9,0.015996456,0.014564037,159447,151265,318894
[RESULT] 55,64,0,0.016145468,0.014623642,162214,153924,324428
[RESULT] 55,64,1,0.014884710,0.013481140,162214,153924,324428
[RESULT] 55,64,2,0.015164852,0.013748884,162214,153924,324428
[RESULT] 55,64,3,0.015187979,0.013773441,162214,153924,324428
[RESULT] 55,64,4,0.016548872,0.015040874,162214,153924,324428
[RESULT] 55,64,5,0.016032457,0.014595509,162214,153924,324428
[RESULT] 55,64,6,0.015653849,0.014193773,162214,153924,324428
[RESULT] 55,64,7,0.016609192,0.015146017,162214,153924,324428
[RESULT] 55,64,8,0.015219450,0.013830662,162214,153924,324428
[RESULT] 55,64,9,0.016157627,0.014659882,162214,153924,324428
[RESULT] 49,64,0,0.016864777,0.016023874,160581,152427,321162
[RESULT] 49,64,1,0.016013384,0.015181065,160581,152427,321162
[RESULT] 49,64,2,0.015822411,0.014990091,160581,152427,321162
[RESULT] 49,64,3,0.017251730,0.016425371,160581,152427,321162
[RESULT] 49,64,4,0.016697407,0.015875101,160581,152427,321162
[RESULT] 49,64,5,0.017325878,0.016497374,160581,152427,321162
[RESULT] 49,64,6,0.016668081,0.015836000,160581,152427,321162
[RESULT] 49,64,7,0.016731501,0.015905142,160581,152427,321162
[RESULT] 54,64,0,0.016359568,0.014848709,160954,152653,321908
[RESULT] 54,64,1,0.015298843,0.013852358,160954,152653,321908
[RESULT] 54,64,2,0.015002251,0.013581276,160954,152653,321908
[RESULT] 54,64,3,0.015288115,0.013887882,160954,152653,321908
[RESULT] 54,64,4,0.016599655,0.015146971,160954,152653,321908
[RESULT] 54,64,5,0.016163826,0.014715433,160954,152653,321908
[RESULT] 54,64,6,0.015750408,0.014303684,160954,152653,321908
[RESULT] 54,64,7,0.016697884,0.015253544,160954,152653,321908
[RESULT] 49,64,8,0.018556118,0.017727852,160581,152427,321162
[RESULT] 49,64,9,0.016243458,0.015424252,160581,152427,321162
[RESULT] 54,64,8,0.015073299,0.013682604,160954,152653,321908
[RESULT] 54,64,9,0.016234398,0.014759302,160954,152653,321908
[RESULT] 50,64,0,0.017375946,0.015864372,161100,152838,322200
[RESULT] 50,64,1,0.016494274,0.015010357,161100,152838,322200
[RESULT] 50,64,2,0.016216040,0.014752150,161100,152838,322200
[RESULT] 50,64,3,0.017947197,0.016467571,161100,152838,322200
[RESULT] 50,64,4,0.016721487,0.015254021,161100,152838,322200
[RESULT] 50,64,5,0.017653704,0.016211271,161100,152838,322200
[RESULT] 50,64,6,0.016591549,0.015130997,161100,152838,322200
[RESULT] 50,64,7,0.016957521,0.015495777,161100,152838,322200
[RESULT] 50,64,8,0.017834425,0.016382933,161100,152838,322200
[RESULT] 50,64,9,0.016484261,0.014986038,161100,152838,322200
[RESULT] 51,64,0,0.017795086,0.016290665,162411,154068,324822
[RESULT] 51,64,1,0.016767025,0.015295744,162411,154068,324822
[RESULT] 51,64,2,0.016655684,0.015194893,162411,154068,324822
[RESULT] 51,64,3,0.017801762,0.016336918,162411,154068,324822
[RESULT] 14,64,0,0.017855644,0.015960455,161712,153457,323424
[RESULT] 14,64,1,0.017412663,0.015917778,161712,153457,323424
[RESULT] 14,64,2,0.017690659,0.016216755,161712,153457,323424
[RESULT] 14,64,3,0.018409729,0.017135143,161712,153457,323424
[RESULT] 14,64,4,0.017537117,0.016266823,161712,153457,323424
[RESULT] 14,64,5,0.018759251,0.017483234,161712,153457,323424
[RESULT] 14,64,6,0.017005444,0.015644073,161712,153457,323424
[RESULT] 14,64,7,0.018014908,0.016718388,161712,153457,323424
[RESULT] 14,64,8,0.015808344,0.014614105,161712,153457,323424
[RESULT] 14,64,9,0.017813444,0.016601086,161712,153457,323424
[RESULT] 51,64,4,0.017257690,0.015786409,162411,154068,324822
[RESULT] 51,64,5,0.016993523,0.015549660,162411,154068,324822
[RESULT] 51,64,6,0.016474247,0.015014648,162411,154068,324822
[RESULT] 51,64,7,0.016797304,0.015350580,162411,154068,324822
[RESULT] 51,64,8,0.018032312,0.016589642,162411,154068,324822
[RESULT] 51,64,9,0.016520023,0.014976740,162411,154068,324822
[RESULT] 48,64,0,0.018548965,0.017016172,159890,151776,319780
[RESULT] 48,64,1,0.016679764,0.015095949,159890,151776,319780
[RESULT] 48,64,2,0.018952608,0.017407894,159890,151776,319780
[RESULT] 48,64,3,0.019010544,0.017461777,159890,151776,319780
[RESULT] 48,64,4,0.019446850,0.017927170,159890,151776,319780
[RESULT] 48,64,5,0.018986464,0.017460823,159890,151776,319780
[RESULT] 48,64,6,0.018658638,0.017139912,159890,151776,319780
[RESULT] 48,64,7,0.018944502,0.017400980,159890,151776,319780
[RESULT] 48,64,8,0.020284414,0.018723249,159890,151776,319780
[RESULT] 48,64,9,0.016998053,0.015295744,159890,151776,319780
[RESULT] 43,64,0,0.020004511,0.018493414,163647,155411,327294
[RESULT] 43,64,1,0.017941713,0.016393185,163647,155411,327294
[RESULT] 43,64,2,0.019706964,0.018071413,163647,155411,327294
[RESULT] 43,64,3,0.019999504,0.018464088,163647,155411,327294
[RESULT] 43,64,4,0.020433903,0.018773556,163647,155411,327294
[RESULT] 43,64,5,0.018673658,0.017177582,163647,155411,327294
[RESULT] 10,64,0,0.018057823,0.016072035,161462,153172,322924
[RESULT] 10,64,1,0.016816854,0.015151262,161462,153172,322924
[RESULT] 10,64,2,0.016816854,0.015209675,161462,153172,322924
[RESULT] 10,64,3,0.016581059,0.014966011,161462,153172,322924
[RESULT] 10,64,4,0.016322851,0.015009642,161462,153172,322924
[RESULT] 10,64,5,0.016514063,0.015040874,161462,153172,322924
[RESULT] 10,64,6,0.017089367,0.015622616,161462,153172,322924
[RESULT] 10,64,7,0.016692638,0.015197277,161462,153172,322924
[RESULT] 43,64,6,0.018401384,0.016904116,163647,155411,327294
[RESULT] 43,64,7,0.019523621,0.017955542,163647,155411,327294
[RESULT] 43,64,8,0.020517349,0.018855333,163647,155411,327294
[RESULT] 43,64,9,0.018473148,0.016887903,163647,155411,327294
[RESULT] 10,64,8,0.019389391,0.018047094,161462,153172,322924
[RESULT] 10,64,9,0.018518209,0.017134190,161462,153172,322924
[RESULT] 7,64,0,0.017968416,0.016088009,161977,153689,323954
[RESULT] 7,64,1,0.016919851,0.015305519,161977,153689,323954
[RESULT] 7,64,2,0.016892672,0.015320539,161977,153689,323954
[RESULT] 7,64,3,0.016641617,0.015265942,161977,153689,323954
[RESULT] 7,64,4,0.020833492,0.019494534,161977,153689,323954
[RESULT] 7,64,5,0.018643618,0.017339230,161977,153689,323954
[RESULT] 7,64,6,0.020794392,0.019459963,161977,153689,323954
[RESULT] 7,64,7,0.020637989,0.019326210,161977,153689,323954
[RESULT] 7,64,8,0.018836975,0.017565012,161977,153689,323954
[RESULT] 7,64,9,0.018585920,0.017178059,161977,153689,323954
[RESULT] 45,64,0,0.020065546,0.018592834,160761,152642,321522
[RESULT] 45,64,1,0.017693043,0.016191244,160761,152642,321522
[RESULT] 45,64,2,0.018692493,0.017239094,160761,152642,321522
[RESULT] 45,64,3,0.019579887,0.018099070,160761,152642,321522
[RESULT] 45,64,4,0.019265652,0.017812490,160761,152642,321522
[RESULT] 6,64,0,0.017838478,0.015975952,160798,152426,321596
[RESULT] 6,64,1,0.017307997,0.015472889,160798,152426,321596
[RESULT] 6,64,2,0.017707348,0.015935183,160798,152426,321596
[RESULT] 6,64,3,0.019659519,0.017935276,160798,152426,321596
[RESULT] 6,64,4,0.021126270,0.019519567,160798,152426,321596
[RESULT] 6,64,5,0.020366669,0.018673420,160798,152426,321596
[RESULT] 6,64,6,0.016758442,0.014900684,160798,152426,321596
[RESULT] 6,64,7,0.016681194,0.014855623,160798,152426,321596
[RESULT] 6,64,8,0.018827915,0.017012358,160798,152426,321596
[RESULT] 6,64,9,0.018828392,0.017066002,160798,152426,321596
[RESULT] 45,64,5,0.019257069,0.017746925,160761,152642,321522
[RESULT] 45,64,6,0.018858194,0.017352104,160761,152642,321522
[RESULT] 45,64,7,0.018961906,0.017476559,160761,152642,321522
[RESULT] 45,64,8,0.019755840,0.018220901,160761,152642,321522
[RESULT] 45,64,9,0.018802643,0.017219067,160761,152642,321522
[RESULT] 4,64,0,0.017743587,0.015530348,159363,150946,318726
[RESULT] 4,64,1,0.016648531,0.015039682,159363,150946,318726
[RESULT] 4,64,2,0.017034054,0.015510798,159363,150946,318726
[RESULT] 4,64,3,0.021314859,0.020048380,159363,150946,318726
[RESULT] 4,64,4,0.017767906,0.016503096,159363,150946,318726
[RESULT] 4,64,5,0.016116858,0.014337301,159363,150946,318726
[RESULT] 4,64,6,0.016396284,0.014870644,159363,150946,318726
[RESULT] 4,64,7,0.016416073,0.014720678,159363,150946,318726
[RESULT] 4,64,8,0.019781590,0.018465996,159363,150946,318726
[RESULT] 4,64,9,0.018873692,0.017479181,159363,150946,318726
[RESULT] 44,64,0,0.021137714,0.019615412,159868,151687,319736
[RESULT] 44,64,1,0.017470360,0.015989304,159868,151687,319736
[RESULT] 44,64,2,0.019759893,0.018151522,159868,151687,319736
[RESULT] 44,64,3,0.020790577,0.019243479,159868,151687,319736
[RESULT] 39,64,0,0.020997763,0.019436121,162374,154189,324748
[RESULT] 39,64,1,0.018942833,0.017345190,162374,154189,324748
[RESULT] 39,64,2,0.019152880,0.017574787,162374,154189,324748
[RESULT] 44,64,4,0.019903898,0.018333197,159868,151687,319736
[RESULT] 44,64,5,0.019305229,0.017782688,159868,151687,319736
[RESULT] 44,64,6,0.019195795,0.017667770,159868,151687,319736
[RESULT] 44,64,7,0.019268274,0.017755270,159868,151687,319736
[RESULT] 44,64,8,0.019843102,0.018282890,159868,151687,319736
[RESULT] 44,64,9,0.018939734,0.017325401,159868,151687,319736
[RESULT] 39,64,3,0.019854546,0.018317223,162374,154189,324748
[RESULT] 39,64,4,0.019850254,0.018246412,162374,154189,324748
[RESULT] 39,64,5,0.020731449,0.019092560,162374,154189,324748
[RESULT] 39,64,6,0.019718885,0.018115282,162374,154189,324748
[RESULT] 39,64,7,0.020155907,0.018497705,162374,154189,324748
[RESULT] 39,64,8,0.020510674,0.018852472,162374,154189,324748
[RESULT] 39,64,9,0.018957853,0.017288208,162374,154189,324748
[RESULT] 41,64,0,0.021646261,0.020118713,161684,153492,323368
[RESULT] 41,64,1,0.017873049,0.016370058,161684,153492,323368
[RESULT] 41,64,2,0.020098448,0.018412113,161684,153492,323368
[RESULT] 41,64,3,0.021091223,0.019507885,161684,153492,323368
[RESULT] 41,64,4,0.020603180,0.018961906,161684,153492,323368
[RESULT] 41,64,5,0.020124197,0.018533230,161684,153492,323368
[RESULT] 41,64,6,0.020336151,0.018715858,161684,153492,323368
[RESULT] 41,64,7,0.019795895,0.018252850,161684,153492,323368
[RESULT] 41,64,8,0.019931793,0.018348217,161684,153492,323368
[RESULT] 41,64,9,0.019013166,0.017349482,161684,153492,323368
[RESULT] 42,64,0,0.021021128,0.019548893,162509,154318,325018
[RESULT] 42,64,1,0.018224001,0.016713142,162509,154318,325018
[RESULT] 42,64,2,0.019288301,0.017743349,162509,154318,325018
[RESULT] 42,64,3,0.020813227,0.019265890,162509,154318,325018
[RESULT] 42,64,4,0.019898415,0.018365145,162509,154318,325018
[RESULT] 42,64,5,0.019072294,0.017611265,162509,154318,325018
[RESULT] 42,64,6,0.019152403,0.017691851,162509,154318,325018
[RESULT] 42,64,7,0.019883871,0.018311262,162509,154318,325018
[RESULT] 42,64,8,0.020304680,0.018680334,162509,154318,325018
[RESULT] 42,64,9,0.019096136,0.017421007,162509,154318,325018
[RESULT] 2,64,0,0.018615723,0.016922235,161704,153262,323408
[RESULT] 2,64,1,0.018074751,0.016667366,161704,153262,323408
[RESULT] 2,64,2,0.018166304,0.016747475,161704,153262,323408
[RESULT] 2,64,3,0.018983126,0.017722368,161704,153262,323408
[RESULT] 2,64,4,0.019448996,0.018197060,161704,153262,323408
[RESULT] 2,64,5,0.019669771,0.018373966,161704,153262,323408
[RESULT] 2,64,6,0.019043207,0.017795563,161704,153262,323408
[RESULT] 2,64,7,0.019326448,0.018047571,161704,153262,323408
[RESULT] 2,64,8,0.020046234,0.018726349,161704,153262,323408
[RESULT] 2,64,9,0.018976212,0.017610550,161704,153262,323408
[RESULT] 5,64,0,0.017760992,0.016038418,160501,152102,321002
[RESULT] 5,64,1,0.016349077,0.014966965,160501,152102,321002
[RESULT] 5,64,2,0.016291857,0.014859438,160501,152102,321002
[RESULT] 5,64,3,0.016445875,0.015139341,160501,152102,321002
[RESULT] 5,64,4,0.016913414,0.015716076,160501,152102,321002
[RESULT] 5,64,5,0.021104574,0.019839048,160501,152102,321002
[RESULT] 5,64,6,0.020596266,0.019414663,160501,152102,321002
[RESULT] 5,64,7,0.020779371,0.019573450,160501,152102,321002
[RESULT] 5,64,8,0.020599604,0.019375563,160501,152102,321002
[RESULT] 5,64,9,0.019081831,0.017793894,160501,152102,321002
[RESULT] 11,64,0,0.017959833,0.016056299,162970,154728,325940
[RESULT] 11,64,1,0.016721249,0.015135050,162970,154728,325940
[RESULT] 11,64,2,0.016705036,0.015183449,162970,154728,325940
[RESULT] 11,64,3,0.017515659,0.016197920,162970,154728,325940
[RESULT] 11,64,4,0.020966530,0.019656181,162970,154728,325940
[RESULT] 11,64,5,0.016435385,0.015025616,162970,154728,325940
[RESULT] 11,64,6,0.020739794,0.019417763,162970,154728,325940
[RESULT] 11,64,7,0.016590595,0.015100718,162970,154728,325940
[RESULT] 11,64,8,0.020479441,0.019140720,162970,154728,325940
[RESULT] 11,64,9,0.019093990,0.017682552,162970,154728,325940
[RESULT] 1,64,0,0.017515898,0.015810490,161210,152826,322420
[RESULT] 1,64,1,0.017850399,0.016240835,161210,152826,322420
[RESULT] 1,64,2,0.018891811,0.017316818,161210,152826,322420
[RESULT] 1,64,3,0.020152092,0.018574953,161210,152826,322420
[RESULT] 1,64,4,0.021203995,0.019604683,161210,152826,322420
[RESULT] 1,64,5,0.020009995,0.018415451,161210,152826,322420
[RESULT] 1,64,6,0.019357443,0.017785072,161210,152826,322420
[RESULT] 1,64,7,0.017794847,0.016175985,161210,152826,322420
[RESULT] 1,64,8,0.019473076,0.017900944,161210,152826,322420
[RESULT] 1,64,9,0.019257307,0.017562866,161210,152826,322420
[RESULT] 40,64,0,0.022182941,0.020566463,160297,152095,320594
[RESULT] 40,64,1,0.018836975,0.017278910,160297,152095,320594
[RESULT] 40,64,2,0.020127296,0.018472195,160297,152095,320594
[RESULT] 40,64,3,0.021399736,0.019762278,160297,152095,320594
[RESULT] 0,64,0,0.018591404,0.016921759,159890,151608,319780
[RESULT] 0,64,1,0.017329931,0.015654087,159890,151608,319780
[RESULT] 0,64,2,0.018602848,0.017015696,159890,151608,319780
[RESULT] 0,64,3,0.020990610,0.019407272,159890,151608,319780
[RESULT] 0,64,4,0.021123409,0.019506216,159890,151608,319780
[RESULT] 0,64,5,0.020807266,0.019217730,159890,151608,319780
[RESULT] 0,64,6,0.019724607,0.018150091,159890,151608,319780
[RESULT] 29,64,0,0.023326159,0.021770000,161274,153199,322548
[RESULT] 29,64,1,0.020497322,0.018909931,161274,153199,322548
[RESULT] 29,64,2,0.020445108,0.018856764,161274,153199,322548
[RESULT] 29,64,3,0.022091150,0.020527601,161274,153199,322548
[RESULT] 29,64,4,0.021234512,0.019642115,161274,153199,322548
[RESULT] 29,64,5,0.021441698,0.019873142,161274,153199,322548
[RESULT] 29,64,6,0.021039248,0.019482374,161274,153199,322548
[RESULT] 29,64,7,0.021104336,0.019523859,161274,153199,322548
[RESULT] 29,64,8,0.020866871,0.019277096,161274,153199,322548
[RESULT] 0,64,7,0.020665407,0.019116879,159890,151608,319780
[RESULT] 0,64,8,0.020736694,0.019183159,159890,151608,319780
[RESULT] 0,64,9,0.019350052,0.017703533,159890,151608,319780

Benchmark Summary
Processes: 64
Iterations: 10
Matrix NNZ: 10328399
Total execution time: 5.758 seconds
[RESULT] 40,64,4,0.020819187,0.019152164,160297,152095,320594
[RESULT] 40,64,5,0.021097660,0.019438267,160297,152095,320594
[RESULT] 40,64,6,0.021059990,0.019393921,160297,152095,320594
[RESULT] 40,64,7,0.020821571,0.019153118,160297,152095,320594
[RESULT] 40,64,8,0.020831108,0.019159079,160297,152095,320594
[RESULT] 40,64,9,0.019311905,0.017644882,160297,152095,320594
[RESULT] 8,64,0,0.017979860,0.015959263,159751,151367,319502
[RESULT] 8,64,1,0.016877413,0.015072584,159751,151367,319502
[RESULT] 8,64,2,0.016943455,0.015239477,159751,151367,319502
[RESULT] 29,64,9,0.019315243,0.017727137,161274,153199,322548
[RESULT] 8,64,3,0.017387152,0.015687943,159751,151367,319502
[RESULT] 8,64,4,0.021260500,0.019648790,159751,151367,319502
[RESULT] 8,64,5,0.018193007,0.016483784,159751,151367,319502
[RESULT] 8,64,6,0.016993046,0.015272617,159751,151367,319502
[RESULT] 8,64,7,0.017572165,0.015873909,159751,151367,319502
[RESULT] 8,64,8,0.019990683,0.018293381,159751,151367,319502
[RESULT] 8,64,9,0.019397974,0.017642736,159751,151367,319502
[RESULT] 35,64,0,0.023068905,0.021376371,162906,154826,325812
[RESULT] 35,64,1,0.019501686,0.017894268,162906,154826,325812
[RESULT] 35,64,2,0.020556211,0.018869877,162906,154826,325812
[RESULT] 31,64,0,0.023349047,0.021664381,162864,154780,325728
[RESULT] 31,64,1,0.019972563,0.018306732,162864,154780,325728
[RESULT] 31,64,2,0.020518303,0.018840313,162864,154780,325728
[RESULT] 31,64,3,0.022187233,0.020507574,162864,154780,325728
[RESULT] 9,64,0,0.017827511,0.015869617,161097,152699,322194
[RESULT] 9,64,1,0.016803980,0.014999628,161097,152699,322194
[RESULT] 9,64,2,0.016957760,0.015217543,161097,152699,322194
[RESULT] 9,64,3,0.016790628,0.015011311,161097,152699,322194
[RESULT] 9,64,4,0.018411160,0.016756535,161097,152699,322194
[RESULT] 9,64,5,0.016804218,0.015079975,161097,152699,322194
[RESULT] 35,64,3,0.021800995,0.020136595,162906,154826,325812
[RESULT] 35,64,4,0.021085024,0.019381523,162906,154826,325812
[RESULT] 35,64,5,0.021467209,0.019738436,162906,154826,325812
[RESULT] 35,64,6,0.021127939,0.019433498,162906,154826,325812
[RESULT] 35,64,7,0.021081448,0.019395113,162906,154826,325812
[RESULT] 35,64,8,0.020899534,0.019194603,162906,154826,325812
[RESULT] 35,64,9,0.019392729,0.017697096,162906,154826,325812
[RESULT] 9,64,6,0.016852856,0.015073538,161097,152699,322194
[RESULT] 9,64,7,0.016894817,0.015108109,161097,152699,322194
[RESULT] 9,64,8,0.018612862,0.016913891,161097,152699,322194
[RESULT] 9,64,9,0.019440174,0.017663240,161097,152699,322194
[RESULT] 31,64,4,0.021272421,0.019595623,162864,154780,325728
[RESULT] 31,64,5,0.021202326,0.019515276,162864,154780,325728
[RESULT] 31,64,6,0.021010876,0.019357443,162864,154780,325728
[RESULT] 31,64,7,0.020834923,0.019188166,162864,154780,325728
[RESULT] 31,64,8,0.020737171,0.019072533,162864,154780,325728
[RESULT] 31,64,9,0.019434690,0.017775774,162864,154780,325728
[RESULT] 24,64,0,0.023462534,0.021828175,160792,152550,321584
[RESULT] 24,64,1,0.020666599,0.019003868,160792,152550,321584
[RESULT] 24,64,2,0.020215034,0.018599749,160792,152550,321584
[RESULT] 24,64,3,0.022111893,0.020481348,160792,152550,321584
[RESULT] 24,64,4,0.021080256,0.019443274,160792,152550,321584
[RESULT] 24,64,5,0.021497726,0.019838572,160792,152550,321584
[RESULT] 24,64,6,0.021109343,0.019468784,160792,152550,321584
[RESULT] 24,64,7,0.021078587,0.019440413,160792,152550,321584
[RESULT] 24,64,8,0.020763397,0.019138336,160792,152550,321584
[RESULT] 24,64,9,0.019479752,0.017817736,160792,152550,321584
[RESULT] 26,64,0,0.023446560,0.021773577,162802,154734,325604
[RESULT] 26,64,1,0.020756960,0.019042015,162802,154734,325604
[RESULT] 26,64,2,0.020362139,0.018688679,162802,154734,325604
[RESULT] 26,64,3,0.022112370,0.020432472,162802,154734,325604
[RESULT] 26,64,4,0.021298647,0.019599676,162802,154734,325604
[RESULT] 26,64,5,0.021573782,0.019872904,162802,154734,325604
[RESULT] 26,64,6,0.021190405,0.019495726,162802,154734,325604
[RESULT] 26,64,7,0.021216631,0.019538164,162802,154734,325604
[RESULT] 28,64,0,0.022757292,0.021199942,160029,151929,320058
[RESULT] 28,64,1,0.020626307,0.018998146,160029,151929,320058
[RESULT] 28,64,2,0.020428419,0.018813372,160029,151929,320058
[RESULT] 28,64,3,0.021921396,0.020322800,160029,151929,320058
[RESULT] 28,64,4,0.021217823,0.019603968,160029,151929,320058
[RESULT] 32,64,0,0.022953749,0.021324873,160245,152163,320490
[RESULT] 32,64,1,0.020570755,0.018952370,160245,152163,320490
[RESULT] 32,64,2,0.020285130,0.018654346,160245,152163,320490
[RESULT] 32,64,3,0.021468878,0.019866228,160245,152163,320490
[RESULT] 32,64,4,0.021089077,0.019433975,160245,152163,320490
[RESULT] 32,64,5,0.021187067,0.019565344,160245,152163,320490
[RESULT] 32,64,6,0.020992279,0.019383907,160245,152163,320490
[RESULT] 32,64,7,0.020914316,0.019287348,160245,152163,320490
[RESULT] 32,64,8,0.020767689,0.019122839,160245,152163,320490
[RESULT] 32,64,9,0.019476652,0.017843485,160245,152163,320490
[RESULT] 33,64,0,0.022593975,0.020988226,161388,153336,322776
[RESULT] 33,64,1,0.020509481,0.018882036,161388,153336,322776
[RESULT] 33,64,2,0.020280838,0.018660307,161388,153336,322776
[RESULT] 33,64,3,0.021738052,0.020114183,161388,153336,322776
[RESULT] 33,64,4,0.021002531,0.019376993,161388,153336,322776
[RESULT] 33,64,5,0.021386385,0.019759178,161388,153336,322776
[RESULT] 33,64,6,0.020716190,0.019109249,161388,153336,322776
[RESULT] 33,64,7,0.020965815,0.019345522,161388,153336,322776
[RESULT] 33,64,8,0.020938396,0.019302368,161388,153336,322776
[RESULT] 33,64,9,0.019497395,0.017850876,161388,153336,322776
[RESULT] 34,64,0,0.022604704,0.020995378,162160,154115,324320
[RESULT] 34,64,1,0.020068645,0.018446922,162160,154115,324320
[RESULT] 34,64,2,0.020191431,0.018543243,162160,154115,324320
[RESULT] 34,64,3,0.021227121,0.019622803,162160,154115,324320
[RESULT] 34,64,4,0.020977497,0.019327164,162160,154115,324320
[RESULT] 34,64,5,0.020997524,0.019362211,162160,154115,324320
[RESULT] 34,64,6,0.020637274,0.019007683,162160,154115,324320
[RESULT] 34,64,7,0.020916939,0.019280910,162160,154115,324320
[RESULT] 34,64,8,0.020950794,0.019292831,162160,154115,324320
[RESULT] 34,64,9,0.019510984,0.017846107,162160,154115,324320
[RESULT] 36,64,0,0.022752285,0.021101713,159123,151007,318246
[RESULT] 36,64,1,0.019887447,0.018251657,159123,151007,318246
[RESULT] 36,64,2,0.020447016,0.018777370,159123,151007,318246
[RESULT] 36,64,3,0.021868944,0.020218372,159123,151007,318246
[RESULT] 36,64,4,0.021239281,0.019559860,159123,151007,318246
[RESULT] 36,64,5,0.021169186,0.019517422,159123,151007,318246
[RESULT] 36,64,6,0.020709515,0.019042969,159123,151007,318246
[RESULT] 36,64,7,0.020869732,0.019212246,159123,151007,318246
[RESULT] 36,64,8,0.020949841,0.019277811,159123,151007,318246
[RESULT] 36,64,9,0.019483805,0.017791986,159123,151007,318246
[RESULT] 25,64,0,0.023428917,0.021823645,162395,154287,324790
[RESULT] 25,64,1,0.020738840,0.019118547,162395,154287,324790
[RESULT] 25,64,2,0.020519257,0.018881321,162395,154287,324790
[RESULT] 25,64,3,0.022098780,0.020466089,162395,154287,324790
[RESULT] 25,64,4,0.021242142,0.019587040,162395,154287,324790
[RESULT] 25,64,5,0.021448851,0.019805193,162395,154287,324790
[RESULT] 25,64,6,0.021090508,0.019445419,162395,154287,324790
[RESULT] 25,64,7,0.021153927,0.019504309,162395,154287,324790
[RESULT] 25,64,8,0.020898104,0.019235611,162395,154287,324790
[RESULT] 25,64,9,0.019545317,0.017867327,162395,154287,324790
[RESULT] 26,64,8,0.020958662,0.019279242,162802,154734,325604
[RESULT] 26,64,9,0.019480944,0.017775059,162802,154734,325604
[RESULT] 28,64,5,0.021308661,0.019710302,160029,151929,320058
[RESULT] 28,64,6,0.021034479,0.019450188,160029,151929,320058
[RESULT] 28,64,7,0.021120310,0.019519567,160029,151929,320058
[RESULT] 28,64,8,0.020944357,0.019328833,160029,151929,320058
[RESULT] 28,64,9,0.019512415,0.017889977,160029,151929,320058
[RESULT] 13,64,0,0.018855333,0.016007662,160883,152622,321766
[RESULT] 13,64,1,0.017783880,0.015127420,160883,152622,321766
[RESULT] 13,64,2,0.017788172,0.015205860,160883,152622,321766
[RESULT] 13,64,3,0.017853737,0.015450954,160883,152622,321766
[RESULT] 13,64,4,0.017255306,0.014933825,160883,152622,321766
[RESULT] 30,64,0,0.023045540,0.021417141,161554,153492,323108
[RESULT] 30,64,1,0.020382404,0.018763781,161554,153492,323108
[RESULT] 30,64,2,0.020421267,0.018773317,161554,153492,323108
[RESULT] 30,64,3,0.021996975,0.020370483,161554,153492,323108
[RESULT] 30,64,4,0.021235943,0.019589663,161554,153492,323108
[RESULT] 30,64,5,0.021527529,0.019879580,161554,153492,323108
[RESULT] 30,64,6,0.021001101,0.019352913,161554,153492,323108
[RESULT] 30,64,7,0.021080494,0.019412756,161554,153492,323108
[RESULT] 30,64,8,0.020974398,0.019324303,161554,153492,323108
[RESULT] 30,64,9,0.019556522,0.017890692,161554,153492,323108
[RESULT] 37,64,0,0.022499561,0.020843506,160569,152420,321138
[RESULT] 37,64,1,0.019987583,0.018335819,160569,152420,321138
[RESULT] 37,64,2,0.020405531,0.018733501,160569,152420,321138
[RESULT] 37,64,3,0.021837950,0.020174742,160569,152420,321138
[RESULT] 37,64,4,0.021054983,0.019366026,160569,152420,321138
[RESULT] 37,64,5,0.020700932,0.019078970,160569,152420,321138
[RESULT] 37,64,6,0.020603180,0.018952370,160569,152420,321138
[RESULT] 37,64,7,0.020646095,0.018980026,160569,152420,321138
[RESULT] 37,64,8,0.020560503,0.018900871,160569,152420,321138
[RESULT] 37,64,9,0.019527674,0.017830372,160569,152420,321138
[RESULT] 13,64,5,0.021606207,0.019394875,160883,152622,321766
[RESULT] 13,64,6,0.017761946,0.015273333,160883,152622,321766
[RESULT] 13,64,7,0.017840385,0.015332937,160883,152622,321766
[RESULT] 13,64,8,0.020179272,0.017892838,160883,152622,321766
[RESULT] 13,64,9,0.019589424,0.017130852,160883,152622,321766
[RESULT] 38,64,0,0.022720575,0.021087885,161257,153103,322514
[RESULT] 38,64,1,0.020318985,0.018625259,161257,153103,322514
[RESULT] 38,64,2,0.020358801,0.018689871,161257,153103,322514
[RESULT] 38,64,3,0.021635771,0.019996881,161257,153103,322514
[RESULT] 38,64,4,0.020915031,0.019249439,161257,153103,322514
[RESULT] 38,64,5,0.021014929,0.019336939,161257,153103,322514
[RESULT] 38,64,6,0.020932674,0.019277573,161257,153103,322514
[RESULT] 38,64,7,0.020726442,0.019068241,161257,153103,322514
[RESULT] 38,64,8,0.020862818,0.019163609,161257,153103,322514
[RESULT] 38,64,9,0.019513130,0.017809153,161257,153103,322514
[RESULT] 27,64,0,0.023332834,0.021637201,163950,155886,327900
[RESULT] 27,64,1,0.020743370,0.019006729,163950,155886,327900
[RESULT] 27,64,2,0.020546198,0.018828392,163950,155886,327900
[RESULT] 27,64,3,0.022096872,0.020396948,163950,155886,327900
[RESULT] 27,64,4,0.021350145,0.019626141,163950,155886,327900
[RESULT] 27,64,5,0.021548033,0.019814968,163950,155886,327900
[RESULT] 27,64,6,0.021135807,0.019428253,163950,155886,327900
[RESULT] 27,64,7,0.021271467,0.019552231,163950,155886,327900
[RESULT] 27,64,8,0.021059990,0.019339561,163950,155886,327900
[RESULT] 27,64,9,0.019646645,0.017920971,163950,155886,327900
[RESULT] 3,64,0,0.018749475,0.015306950,163071,154651,326142
[RESULT] 3,64,1,0.017710686,0.014767647,163071,154651,326142
[RESULT] 3,64,2,0.019216299,0.016717911,163071,154651,326142
[RESULT] 3,64,3,0.022230148,0.019887924,163071,154651,326142
[RESULT] 3,64,4,0.018910646,0.016471863,163071,154651,326142
[RESULT] 3,64,5,0.018502235,0.016021490,163071,154651,326142
[RESULT] 3,64,6,0.018339634,0.015743732,163071,154651,326142
[RESULT] 3,64,7,0.017669916,0.014698982,163071,154651,326142
[RESULT] 3,64,8,0.021150112,0.018693209,163071,154651,326142
[RESULT] 3,64,9,0.020237446,0.017650604,163071,154651,326142
[RESULT] 12,64,0,0.018870592,0.015986681,159418,151042,318836
[RESULT] 12,64,1,0.017744064,0.015020847,159418,151042,318836
[RESULT] 12,64,2,0.017825127,0.015202522,159418,151042,318836
[RESULT] 12,64,3,0.017801285,0.015367985,159418,151042,318836
[RESULT] 12,64,4,0.021870375,0.019531727,159418,151042,318836
[RESULT] 12,64,5,0.017519951,0.015066385,159418,151042,318836
[RESULT] 12,64,6,0.017692804,0.015186787,159418,151042,318836
[RESULT] 12,64,7,0.017889261,0.015374660,159418,151042,318836
[RESULT] 12,64,8,0.019447088,0.017158747,159418,151042,318836
[RESULT] 12,64,9,0.020267248,0.017754078,159418,151042,318836
