Retrieving the matrix from '../data/msdoor.mtx'...
Real Matrix (Strong Scaling): Rows=415863 | Cols=415863 | NNZ=10328399 | Procs=8
Matrix distributed and converted to CSR
Ghost columns identified: 1093631 total ghost values needed
Local vector initialized (size=51983 per process)
[RESULT] 4,8,0,0.020645618,0.008877993,1277493,1092082,2554986
[RESULT] 4,8,1,0.018402338,0.007266045,1277493,1092082,2554986
[RESULT] 4,8,2,0.018624544,0.007293224,1277493,1092082,2554986
[RESULT] 4,8,3,0.018189430,0.006722450,1277493,1092082,2554986
[RESULT] 4,8,4,0.018733740,0.007612467,1277493,1092082,2554986
[RESULT] 4,8,5,0.018619061,0.007296801,1277493,1092082,2554986
[RESULT] 4,8,6,0.018223047,0.006831408,1277493,1092082,2554986
[RESULT] 4,8,7,0.018488646,0.007047892,1277493,1092082,2554986
[RESULT] 4,8,8,0.017927408,0.006911993,1277493,1092082,2554986
[RESULT] 4,8,9,0.018116713,0.006783724,1277493,1092082,2554986
[RESULT] 6,8,0,0.021343946,0.009388685,1290372,1105085,2580744
[RESULT] 6,8,1,0.018196106,0.006862879,1290372,1105085,2580744
[RESULT] 6,8,2,0.018570423,0.006953001,1290372,1105085,2580744
[RESULT] 6,8,3,0.017765999,0.006065845,1290372,1105085,2580744
[RESULT] 6,8,4,0.018836021,0.007434607,1290372,1105085,2580744
[RESULT] 6,8,5,0.017869234,0.006241083,1290372,1105085,2580744
[RESULT] 6,8,6,0.018804312,0.007080793,1290372,1105085,2580744
[RESULT] 6,8,7,0.018676758,0.006907701,1290372,1105085,2580744
[RESULT] 6,8,8,0.017779350,0.006481647,1290372,1105085,2580744
[RESULT] 6,8,9,0.018380642,0.006769657,1290372,1105085,2580744
[RESULT] 2,8,0,0.020662069,0.008648157,1295807,1108342,2591614
[RESULT] 2,8,1,0.018672228,0.007295370,1295807,1108342,2591614
[RESULT] 2,8,2,0.018006563,0.006505489,1295807,1108342,2591614
[RESULT] 2,8,3,0.018898249,0.007105589,1295807,1108342,2591614
[RESULT] 2,8,4,0.018491030,0.007116556,1295807,1108342,2591614
[RESULT] 2,8,5,0.018720150,0.007200241,1295807,1108342,2591614
[RESULT] 2,8,6,0.018989563,0.007364035,1295807,1108342,2591614
[RESULT] 2,8,7,0.018311262,0.006517887,1295807,1108342,2591614
[RESULT] 2,8,8,0.018039703,0.006746769,1295807,1108342,2591614
[RESULT] 2,8,9,0.018514156,0.006859064,1295807,1108342,2591614
[RESULT] 0,8,0,0.021188974,0.009315014,1281251,1093631,2562502
[RESULT] 0,8,1,0.018577814,0.007384300,1281251,1093631,2562502
[RESULT] 0,8,2,0.018187761,0.006760359,1281251,1093631,2562502
[RESULT] 0,8,3,0.018204212,0.006601095,1281251,1093631,2562502
[RESULT] 0,8,4,0.018533230,0.007288218,1281251,1093631,2562502
[RESULT] 0,8,5,0.018084049,0.006666899,1281251,1093631,2562502
[RESULT] 0,8,6,0.018817425,0.007249594,1281251,1093631,2562502
[RESULT] 0,8,7,0.018282413,0.006721973,1281251,1093631,2562502
[RESULT] 0,8,8,0.018020868,0.006792068,1281251,1093631,2562502
[RESULT] 0,8,9,0.018757582,0.007186890,1281251,1093631,2562502

Benchmark Summary
Processes: 8
Iterations: 10
Matrix NNZ: 10328399
Total execution time: 5.856 seconds
[RESULT] 5,8,0,0.020516157,0.009230614,1286241,1100460,2572482
[RESULT] 5,8,1,0.018075943,0.007006168,1286241,1100460,2572482
[RESULT] 5,8,2,0.018655062,0.007562876,1286241,1100460,2572482
[RESULT] 5,8,3,0.017560244,0.007125854,1286241,1100460,2572482
[RESULT] 5,8,4,0.018211842,0.007103443,1286241,1100460,2572482
[RESULT] 5,8,5,0.018537760,0.007403374,1286241,1100460,2572482
[RESULT] 5,8,6,0.018612623,0.007620811,1286241,1100460,2572482
[RESULT] 5,8,7,0.018081665,0.007560253,1286241,1100460,2572482
[RESULT] 5,8,8,0.017838478,0.006923199,1286241,1100460,2572482
[RESULT] 5,8,9,0.018903971,0.007930279,1286241,1100460,2572482
[RESULT] 3,8,0,0.020747185,0.009406567,1305906,1118212,2611812
[RESULT] 3,8,1,0.018806219,0.007614613,1305906,1118212,2611812
[RESULT] 3,8,2,0.018911362,0.007767677,1305906,1118212,2611812
[RESULT] 3,8,3,0.018114805,0.007568121,1305906,1118212,2611812
[RESULT] 3,8,4,0.018799305,0.007666349,1305906,1118212,2611812
[RESULT] 7,8,0,0.020663738,0.009384632,1300588,1114832,2601176
[RESULT] 7,8,1,0.018762827,0.007558346,1300588,1114832,2601176
[RESULT] 7,8,2,0.018887520,0.007826567,1300588,1114832,2601176
[RESULT] 7,8,3,0.018109322,0.007623434,1300588,1114832,2601176
[RESULT] 7,8,4,0.018264055,0.007218122,1300588,1114832,2601176
[RESULT] 7,8,5,0.018344879,0.007451773,1300588,1114832,2601176
[RESULT] 7,8,6,0.018411875,0.007350683,1300588,1114832,2601176
[RESULT] 7,8,7,0.018453598,0.007833004,1300588,1114832,2601176
[RESULT] 7,8,8,0.018554926,0.007554293,1300588,1114832,2601176
[RESULT] 7,8,9,0.019025803,0.008063555,1300588,1114832,2601176
[RESULT] 3,8,5,0.018651724,0.007608891,1305906,1118212,2611812
[RESULT] 3,8,6,0.018734932,0.007615805,1305906,1118212,2611812
[RESULT] 3,8,7,0.018415213,0.007776976,1305906,1118212,2611812
[RESULT] 3,8,8,0.018707275,0.007608414,1305906,1118212,2611812
[RESULT] 3,8,9,0.019037247,0.008006573,1305906,1118212,2611812
[RESULT] 1,8,0,0.021144152,0.009158611,1290741,1102943,2581482
[RESULT] 1,8,1,0.018197298,0.006831646,1290741,1102943,2581482
[RESULT] 1,8,2,0.018525839,0.006939173,1290741,1102943,2581482
[RESULT] 1,8,3,0.019039869,0.007273912,1290741,1102943,2581482
[RESULT] 1,8,4,0.018171549,0.006808043,1290741,1102943,2581482
[RESULT] 1,8,5,0.019125938,0.007516384,1290741,1102943,2581482
[RESULT] 1,8,6,0.018484116,0.006834030,1290741,1102943,2581482
[RESULT] 1,8,7,0.019063473,0.007282019,1290741,1102943,2581482
[RESULT] 1,8,8,0.018625498,0.007284164,1290741,1102943,2581482
[RESULT] 1,8,9,0.019232273,0.007504463,1290741,1102943,2581482
