Retrieving the matrix from '../data/msdoor.mtx'...
Real Matrix (Strong Scaling): Rows=415863 | Cols=415863 | NNZ=10328399 | Procs=2
Matrix distributed and converted to CSR
Ghost columns identified: 2512743 total ghost values needed
Local vector initialized (size=207932 per process)
[RESULT] 0,2,0,0.034744024,0.013046741,5144923,2512743,10289846
[RESULT] 0,2,1,0.033640623,0.011920452,5144923,2512743,10289846
[RESULT] 0,2,2,0.033865690,0.011966228,5144923,2512743,10289846
[RESULT] 0,2,3,0.033865213,0.012018204,5144923,2512743,10289846
[RESULT] 0,2,4,0.033842087,0.012059212,5144923,2512743,10289846
[RESULT] 0,2,5,0.033794165,0.012005568,5144923,2512743,10289846
[RESULT] 0,2,6,0.033813238,0.012049198,5144923,2512743,10289846
[RESULT] 0,2,7,0.033802032,0.012038708,5144923,2512743,10289846
[RESULT] 0,2,8,0.033776045,0.012010813,5144923,2512743,10289846
[RESULT] 0,2,9,0.033581018,0.011979580,5144923,2512743,10289846

Benchmark Summary
Processes: 2
Iterations: 10
Matrix NNZ: 10328399
Total execution time: 4.862 seconds
[RESULT] 1,2,0,0.035332918,0.013056040,5183476,2545401,10366952
[RESULT] 1,2,1,0.034240484,0.011924505,5183476,2545401,10366952
[RESULT] 1,2,2,0.033728838,0.011959076,5183476,2545401,10366952
[RESULT] 1,2,3,0.033758163,0.012011528,5183476,2545401,10366952
[RESULT] 1,2,4,0.033771038,0.012052536,5183476,2545401,10366952
[RESULT] 1,2,5,0.033747911,0.011998892,5183476,2545401,10366952
[RESULT] 1,2,6,0.033972979,0.012041092,5183476,2545401,10366952
[RESULT] 1,2,7,0.033778906,0.012025118,5183476,2545401,10366952
[RESULT] 1,2,8,0.033772945,0.012002945,5183476,2545401,10366952
[RESULT] 1,2,9,0.033810616,0.011976004,5183476,2545401,10366952
