Retrieving the matrix from '../data/bcsstk27.mtx'...
Real Matrix (Strong Scaling): Rows=1224 | Cols=1224 | NNZ=28675 | Procs=4
Matrix distributed and converted to CSR
Ghost columns identified: 5395 total ghost values needed
Local vector initialized (size=306 per process)
[RESULT] 2,4,0,0.000130177,0.000101328,7307,5390,14614
[RESULT] 2,4,1,0.000117540,0.000089169,7307,5390,14614
[RESULT] 2,4,2,0.000120401,0.000091314,7307,5390,14614
[RESULT] 2,4,3,0.000120163,0.000092030,7307,5390,14614
[RESULT] 2,4,4,0.000113010,0.000085115,7307,5390,14614
[RESULT] 2,4,5,0.000106812,0.000078917,7307,5390,14614
[RESULT] 2,4,6,0.000117779,0.000090122,7307,5390,14614
[RESULT] 2,4,7,0.000127316,0.000099659,7307,5390,14614
[RESULT] 2,4,8,0.000138044,0.000103951,7307,5390,14614
[RESULT] 2,4,9,0.000120878,0.000092983,7307,5390,14614
[RESULT] 0,4,0,0.000118256,0.000091314,7317,5395,14634
[RESULT] 0,4,1,0.000147581,0.000121355,7317,5395,14634
[RESULT] 0,4,2,0.000144243,0.000118256,7317,5395,14634
[RESULT] 0,4,3,0.000139236,0.000113249,7317,5395,14634
[RESULT] 0,4,4,0.000133514,0.000107527,7317,5395,14634
[RESULT] 0,4,5,0.000129461,0.000103474,7317,5395,14634
[RESULT] 0,4,6,0.000134945,0.000108957,7317,5395,14634
[RESULT] 0,4,7,0.000129223,0.000103235,7317,5395,14634
[RESULT] 0,4,8,0.000137329,0.000111341,7317,5395,14634
[RESULT] 0,4,9,0.000165224,0.000122786,7317,5395,14634

Benchmark Summary
Processes: 4
Iterations: 10
Matrix NNZ: 28675
Total execution time: 0.020 seconds
[RESULT] 3,4,0,0.000114918,0.000092506,7035,5115,14070
[RESULT] 3,4,1,0.000117540,0.000095367,7035,5115,14070
[RESULT] 3,4,2,0.000094175,0.000072479,7035,5115,14070
[RESULT] 3,4,3,0.000100136,0.000078678,7035,5115,14070
[RESULT] 3,4,4,0.000113249,0.000091791,7035,5115,14070
[RESULT] 3,4,5,0.000104189,0.000082731,7035,5115,14070
[RESULT] 3,4,6,0.000091553,0.000070333,7035,5115,14070
[RESULT] 3,4,7,0.000091553,0.000070095,7035,5115,14070
[RESULT] 3,4,8,0.000092745,0.000071287,7035,5115,14070
[RESULT] 3,4,9,0.000100851,0.000079632,7035,5115,14070
[RESULT] 1,4,0,0.000126362,0.000100851,7016,5098,14032
[RESULT] 1,4,1,0.000096321,0.000070810,7016,5098,14032
[RESULT] 1,4,2,0.000110626,0.000085354,7016,5098,14032
[RESULT] 1,4,3,0.000110865,0.000086069,7016,5098,14032
[RESULT] 1,4,4,0.000102758,0.000078201,7016,5098,14032
[RESULT] 1,4,5,0.000111580,0.000086784,7016,5098,14032
[RESULT] 1,4,6,0.000105858,0.000081062,7016,5098,14032
[RESULT] 1,4,7,0.000112772,0.000087976,7016,5098,14032
[RESULT] 1,4,8,0.000114918,0.000090122,7016,5098,14032
[RESULT] 1,4,9,0.000118494,0.000087500,7016,5098,14032
