Retrieving the matrix from '../data/Andrews.mtx'...
Real Matrix (Strong Scaling): Rows=60000 | Cols=60000 | NNZ=410077 | Procs=1
Matrix distributed and converted to CSR
Ghost columns identified: 0 total ghost values needed
Local vector initialized (size=60000 per process)
[RESULT] 0,1,0,0.001739740,0.000001192,410077,0,820154
[RESULT] 0,1,1,0.001757860,0.000000954,410077,0,820154
[RESULT] 0,1,2,0.001743555,0.000000715,410077,0,820154
[RESULT] 0,1,3,0.001766205,0.000000715,410077,0,820154
[RESULT] 0,1,4,0.001710176,0.000000715,410077,0,820154
[RESULT] 0,1,5,0.001710415,0.000000715,410077,0,820154
[RESULT] 0,1,6,0.001717567,0.000000954,410077,0,820154
[RESULT] 0,1,7,0.001716375,0.000000715,410077,0,820154
[RESULT] 0,1,8,0.001714945,0.000000715,410077,0,820154
[RESULT] 0,1,9,0.001707554,0.000000715,410077,0,820154

Benchmark Summary
Processes: 1
Iterations: 10
Matrix NNZ: 410077
Total execution time: 0.209 seconds
