Retrieving the matrix from '../data/Andrews.mtx'...
Real Matrix (Strong Scaling): Rows=60000 | Cols=60000 | NNZ=410077 | Procs=1
Matrix distributed and converted to CSR
Ghost columns identified: 0 total ghost values needed
Local vector initialized (size=60000 per process)
[RESULT] 0,1,0,0.001626492,0.000000715,410077,0,820154
[RESULT] 0,1,1,0.001622677,0.000000954,410077,0,820154
[RESULT] 0,1,2,0.001608133,0.000000954,410077,0,820154
[RESULT] 0,1,3,0.001605749,0.000000715,410077,0,820154
[RESULT] 0,1,4,0.001634836,0.000000477,410077,0,820154
[RESULT] 0,1,5,0.001657248,0.000000715,410077,0,820154
[RESULT] 0,1,6,0.001660109,0.000000715,410077,0,820154
[RESULT] 0,1,7,0.001651049,0.000000477,410077,0,820154
[RESULT] 0,1,8,0.001661062,0.000000715,410077,0,820154
[RESULT] 0,1,9,0.001659870,0.000000715,410077,0,820154

Benchmark Summary
Processes: 1
Iterations: 10
Matrix NNZ: 410077
Total execution time: 0.158 seconds
