Retrieving the matrix from '../data/Hook_1498.mtx'...
Real Matrix (Strong Scaling): Rows=1498023 | Cols=1498023 | NNZ=31207734 | Procs=2
Matrix distributed and converted to CSR
Ghost columns identified: 7596746 total ghost values needed
Local vector initialized (size=749012 per process)
[RESULT] 1,2,0,0.206497431,0.100253582,15604598,7598405,31209196
[RESULT] 1,2,1,0.203999043,0.098135710,15604598,7598405,31209196
[RESULT] 1,2,2,0.202722311,0.096175671,15604598,7598405,31209196
[RESULT] 1,2,3,0.203079462,0.096199989,15604598,7598405,31209196
[RESULT] 1,2,4,0.202784538,0.095914364,15604598,7598405,31209196
[RESULT] 1,2,5,0.201821089,0.095726490,15604598,7598405,31209196
[RESULT] 1,2,6,0.202284575,0.096642494,15604598,7598405,31209196
[RESULT] 1,2,7,0.203998089,0.097397804,15604598,7598405,31209196
[RESULT] 1,2,8,0.203898430,0.097512960,15604598,7598405,31209196
[RESULT] 1,2,9,0.203737020,0.097515345,15604598,7598405,31209196
[RESULT] 0,2,0,0.205685139,0.098774910,15603136,7596746,31206272
[RESULT] 0,2,1,0.203697920,0.097443104,15603136,7596746,31206272
[RESULT] 0,2,2,0.200640917,0.095303535,15603136,7596746,31206272
[RESULT] 0,2,3,0.200870275,0.095531940,15603136,7596746,31206272
[RESULT] 0,2,4,0.201397896,0.095957041,15603136,7596746,31206272
[RESULT] 0,2,5,0.201544762,0.096221447,15603136,7596746,31206272
[RESULT] 0,2,6,0.202282906,0.097039461,15603136,7596746,31206272
[RESULT] 0,2,7,0.204462528,0.098959446,15603136,7596746,31206272
[RESULT] 0,2,8,0.205093861,0.099330664,15603136,7596746,31206272
[RESULT] 0,2,9,0.208244324,0.099721909,15603136,7596746,31206272

Benchmark Summary
Processes: 2
Iterations: 10
Matrix NNZ: 31207734
Total execution time: 17.216 seconds
