Retrieving the matrix from '../data/msdoor.mtx'...
Real Matrix (Strong Scaling): Rows=415863 | Cols=415863 | NNZ=10328399 | Procs=128
Matrix distributed and converted to CSR
Ghost columns identified: 75744 total ghost values needed
Local vector initialized (size=3249 per process)
[RESULT] 49,128,0,1.537892103,1.537032127,80478,76825,160956
[RESULT] 49,128,1,1.536864519,1.536027193,80478,76825,160956
[RESULT] 49,128,2,1.664906025,1.664054632,80478,76825,160956
[RESULT] 49,128,3,1.667889833,1.667056799,80478,76825,160956
[RESULT] 49,128,4,1.790912867,1.790062904,80478,76825,160956
[RESULT] 49,128,5,1.792879343,1.792030573,80478,76825,160956
[RESULT] 49,128,6,1.790864706,1.790026426,80478,76825,160956
[RESULT] 49,128,7,1.410864592,1.410081863,80478,76825,160956
[RESULT] 49,128,8,1.408856869,1.408064604,80478,76825,160956
[RESULT] 49,128,9,1.410851002,1.410061598,80478,76825,160956
[RESULT] 48,128,0,1.543056011,1.542075634,80174,76544,160348
[RESULT] 48,128,1,1.536041021,1.535070658,80174,76544,160348
[RESULT] 48,128,2,1.794036865,1.793097496,80174,76544,160348
[RESULT] 48,128,3,1.920007467,1.919080257,80174,76544,160348
[RESULT] 48,128,4,1.792051077,1.791105747,80174,76544,160348
[RESULT] 48,128,5,1.914004564,1.913069725,80174,76544,160348
[RESULT] 48,128,6,1.921005487,1.920068264,80174,76544,160348
[RESULT] 48,128,7,1.537015676,1.536101341,80174,76544,160348
[RESULT] 48,128,8,1.538032532,1.537097692,80174,76544,160348
[RESULT] 48,128,9,1.534061432,1.533128977,80174,76544,160348
[RESULT] 57,128,0,1.409869194,1.409041882,80667,76934,161334
[RESULT] 57,128,1,1.408863306,1.408044100,80667,76934,161334
[RESULT] 57,128,2,1.660869837,1.660027981,80667,76934,161334
[RESULT] 57,128,3,1.667870045,1.667033195,80667,76934,161334
[RESULT] 57,128,4,1.794875622,1.794030905,80667,76934,161334
[RESULT] 57,128,5,1.664862394,1.664033175,80667,76934,161334
[RESULT] 57,128,6,1.666858435,1.666031837,80667,76934,161334
[RESULT] 57,128,7,1.406846285,1.406041622,80667,76934,161334
[RESULT] 57,128,8,1.408869028,1.408046484,80667,76934,161334
[RESULT] 57,128,9,1.408859491,1.408053637,80667,76934,161334
[RESULT] 36,128,0,1.535096645,1.534102917,79130,75498,158260
[RESULT] 36,128,1,1.536052227,1.535071373,79130,75498,158260
[RESULT] 36,128,2,1.794053555,1.793096066,79130,75498,158260
[RESULT] 36,128,3,1.792728901,1.791102171,79130,75498,158260
[RESULT] 36,128,4,1.796042919,1.795085669,79130,75498,158260
[RESULT] 36,128,5,2.046015978,2.045058012,79130,75498,158260
[RESULT] 36,128,6,1.921025753,1.920076370,79130,75498,158260
[RESULT] 36,128,7,1.665015697,1.664073706,79130,75498,158260
[RESULT] 36,128,8,1.538048983,1.537098169,79130,75498,158260
[RESULT] 36,128,9,1.536062002,1.535099745,79130,75498,158260
[RESULT] 50,128,0,1.408941507,1.408049583,80763,77056,161526
[RESULT] 50,128,1,1.536005497,1.535064459,80763,77056,161526
[RESULT] 50,128,2,1.729011297,1.728071928,80763,77056,161526
[RESULT] 50,128,3,1.792929888,1.792044878,80763,77056,161526
[RESULT] 50,128,4,1.666387320,1.665501595,80763,77056,161526
[RESULT] 50,128,5,1.790938616,1.790043831,80763,77056,161526
[RESULT] 50,128,6,1.797930241,1.797046900,80763,77056,161526
[RESULT] 50,128,7,1.407013655,1.406075954,80763,77056,161526
[RESULT] 50,128,8,1.405957937,1.405075788,80763,77056,161526
[RESULT] 50,128,9,1.407942295,1.407065630,80763,77056,161526
[RESULT] 42,128,0,1.408983946,1.408051729,81082,77406,162164
[RESULT] 42,128,1,1.532002211,1.531052351,81082,77406,162164
[RESULT] 42,128,2,1.667411327,1.666511059,81082,77406,162164
[RESULT] 42,128,3,1.666954517,1.666057348,81082,77406,162164
[RESULT] 42,128,4,1.792958975,1.792051315,81082,77406,162164
[RESULT] 42,128,5,1.918967009,1.918046951,81082,77406,162164
[RESULT] 42,128,6,1.917958498,1.917042255,81082,77406,162164
[RESULT] 42,128,7,1.539043665,1.538066864,81082,77406,162164
[RESULT] 42,128,8,1.405955791,1.405048132,81082,77406,162164
[RESULT] 42,128,9,1.409349918,1.408446550,81082,77406,162164
[RESULT] 54,128,0,1.408942699,1.408051252,80510,76797,161020
[RESULT] 54,128,1,1.535998821,1.535052776,80510,76797,161020
[RESULT] 54,128,2,1.789026499,1.788066864,80510,76797,161020
[RESULT] 54,128,3,1.664939165,1.664048433,80510,76797,161020
[RESULT] 54,128,4,1.664946556,1.664059162,80510,76797,161020
[RESULT] 54,128,5,1.534943581,1.534044981,80510,76797,161020
[RESULT] 54,128,6,1.533960342,1.533055305,80510,76797,161020
[RESULT] 54,128,7,1.351017714,1.350064754,80510,76797,161020
[RESULT] 54,128,8,1.405919313,1.405040741,80510,76797,161020
[RESULT] 54,128,9,1.410818338,1.409927368,80510,76797,161020
[RESULT] 40,128,0,1.515060425,1.514063835,79517,75844,159034
[RESULT] 40,128,1,1.536067963,1.535070896,79517,75844,159034
[RESULT] 40,128,2,1.794105291,1.793096304,79517,75844,159034
[RESULT] 40,128,3,1.796019077,1.795086861,79517,75844,159034
[RESULT] 40,128,4,1.792053699,1.791092396,79517,75844,159034
[RESULT] 40,128,5,1.922014952,1.921070337,79517,75844,159034
[RESULT] 40,128,6,1.921002865,1.920064926,79517,75844,159034
[RESULT] 40,128,7,1.665035486,1.664066076,79517,75844,159034
[RESULT] 40,128,8,1.534052849,1.533074141,79517,75844,159034
[RESULT] 40,128,9,1.542058229,1.541092873,79517,75844,159034
[RESULT] 59,128,0,1.411904812,1.411007881,82120,78353,164240
[RESULT] 59,128,1,1.417890549,1.417006969,82120,78353,164240
[RESULT] 59,128,2,1.407002926,1.406112671,82120,78353,164240
[RESULT] 59,128,3,1.418017864,1.417103767,82120,78353,164240
[RESULT] 59,128,4,1.400990486,1.400105000,82120,78353,164240
[RESULT] 59,128,5,1.407907963,1.407009125,82120,78353,164240
[RESULT] 59,128,6,1.407911062,1.407012463,82120,78353,164240
[RESULT] 59,128,7,1.060212135,1.059359789,82120,78353,164240
[RESULT] 59,128,8,1.055993319,1.055138826,82120,78353,164240
[RESULT] 59,128,9,1.056210041,1.055382252,82120,78353,164240
[RESULT] 74,128,0,1.280993462,1.280065298,80737,77005,161474
[RESULT] 74,128,1,1.412062645,1.411063194,80737,77005,161474
[RESULT] 74,128,2,1.665034056,1.664062500,80737,77005,161474
[RESULT] 74,128,3,1.793016195,1.792045116,80737,77005,161474
[RESULT] 74,128,4,1.789977074,1.789057493,80737,77005,161474
[RESULT] 74,128,5,1.662959337,1.662044525,80737,77005,161474
[RESULT] 74,128,6,1.666996956,1.666063547,80737,77005,161474
[RESULT] 74,128,7,1.667016983,1.666055679,80737,77005,161474
[RESULT] 74,128,8,1.660971165,1.660046577,80737,77005,161474
[RESULT] 74,128,9,1.537979603,1.537069559,80737,77005,161474
[RESULT] 79,128,0,1.406996965,1.406137943,81848,78158,163696
[RESULT] 79,128,1,1.056799412,1.055174589,81848,78158,163696
[RESULT] 79,128,2,1.385206699,1.384383917,81848,78158,163696
[RESULT] 79,128,3,1.747927427,1.747010946,81848,78158,163696
[RESULT] 79,128,4,1.763902187,1.763008118,81848,78158,163696
[RESULT] 79,128,5,1.407543898,1.406732082,81848,78158,163696
[RESULT] 79,128,6,1.754954100,1.754083395,81848,78158,163696
[RESULT] 79,128,7,1.769893646,1.768998146,81848,78158,163696
[RESULT] 79,128,8,1.406874895,1.406005383,81848,78158,163696
[RESULT] 79,128,9,1.408226967,1.407402754,81848,78158,163696
[RESULT] 53,128,0,1.537875891,1.537024975,80258,76548,160516
[RESULT] 53,128,1,1.537454367,1.536039352,80258,76548,160516
[RESULT] 53,128,2,1.536881208,1.536062241,80258,76548,160516
[RESULT] 53,128,3,1.667887926,1.667041063,80258,76548,160516
[RESULT] 53,128,4,1.790881872,1.790035963,80258,76548,160516
[RESULT] 53,128,5,1.576854229,1.576038599,80258,76548,160516
[RESULT] 53,128,6,1.534850359,1.534035921,80258,76548,160516
[RESULT] 53,128,7,1.406845808,1.406039000,80258,76548,160516
[RESULT] 53,128,8,1.282650948,1.281867504,80258,76548,160516
[RESULT] 53,128,9,1.408852100,1.408033371,80258,76548,160516
[RESULT] 80,128,0,1.399057150,1.398111582,80464,76740,160928
[RESULT] 80,128,1,1.409092903,1.408126593,80464,76740,160928
[RESULT] 80,128,2,1.794046164,1.793087006,80464,76740,160928
[RESULT] 80,128,3,1.792016268,1.791086435,80464,76740,160928
[RESULT] 80,128,4,1.792018890,1.791077137,80464,76740,160928
[RESULT] 80,128,5,1.534339190,1.533461809,80464,76740,160928
[RESULT] 80,128,6,1.665016890,1.664080381,80464,76740,160928
[RESULT] 80,128,7,1.665024757,1.664084911,80464,76740,160928
[RESULT] 80,128,8,1.670041084,1.669072151,80464,76740,160928
[RESULT] 80,128,9,1.543074369,1.542112112,80464,76740,160928
[RESULT] 37,128,0,1.373888254,1.373050690,79772,76126,159544
[RESULT] 37,128,1,1.409460783,1.408054352,79772,76126,159544
[RESULT] 37,128,2,1.540857077,1.540057898,79772,76126,159544
[RESULT] 37,128,3,1.659876823,1.659030914,79772,76126,159544
[RESULT] 37,128,4,1.794885635,1.794045210,79772,76126,159544
[RESULT] 37,128,5,1.924888134,1.924033403,79772,76126,159544
[RESULT] 37,128,6,1.922880411,1.922033310,79772,76126,159544
[RESULT] 37,128,7,1.534872532,1.534048796,79772,76126,159544
[RESULT] 37,128,8,1.536856651,1.536039352,79772,76126,159544
[RESULT] 37,128,9,1.534894705,1.534064770,79772,76126,159544
[RESULT] 70,128,0,1.276967764,1.276053429,80120,76325,160240
[RESULT] 70,128,1,1.404029846,1.403073311,80120,76325,160240
[RESULT] 70,128,2,1.793036699,1.792066097,80120,76325,160240
[RESULT] 70,128,3,1.734944105,1.734055758,80120,76325,160240
[RESULT] 70,128,4,1.792957067,1.792060137,80120,76325,160240
[RESULT] 70,128,5,1.539004803,1.538084030,80120,76325,160240
[RESULT] 70,128,6,1.657954216,1.657051802,80120,76325,160240
[RESULT] 70,128,7,1.667028904,1.666059732,80120,76325,160240
[RESULT] 70,128,8,1.668941736,1.668044090,80120,76325,160240
[RESULT] 70,128,9,1.539020061,1.538090944,80120,76325,160240
[RESULT] 56,128,0,1.423062563,1.422072172,80218,76504,160436
[RESULT] 56,128,1,1.409049034,1.408063889,80218,76504,160436
[RESULT] 56,128,2,1.794060469,1.793113232,80218,76504,160436
[RESULT] 56,128,3,1.792026758,1.791104078,80218,76504,160436
[RESULT] 56,128,4,1.792043209,1.791100502,80218,76504,160436
[RESULT] 56,128,5,1.662029505,1.661073208,80218,76504,160436
[RESULT] 56,128,6,1.665015459,1.664068460,80218,76504,160436
[RESULT] 56,128,7,1.537019014,1.536072731,80218,76504,160436
[RESULT] 56,128,8,1.415050507,1.414100409,80218,76504,160436
[RESULT] 56,128,9,1.540990591,1.540034771,80218,76504,160436
[RESULT] 52,128,0,1.407046080,1.406061888,79937,76282,159874
[RESULT] 52,128,1,1.408052921,1.407065868,79937,76282,159874
[RESULT] 52,128,2,1.793159246,1.668133497,79937,76282,159874
[RESULT] 52,128,3,1.792037487,1.791081429,79937,76282,159874
[RESULT] 52,128,4,1.796027422,1.795076847,79937,76282,159874
[RESULT] 52,128,5,1.578029394,1.577075958,79937,76282,159874
[RESULT] 52,128,6,1.665021420,1.664076328,79937,76282,159874
[RESULT] 52,128,7,1.537026644,1.536078930,79937,76282,159874
[RESULT] 52,128,8,1.414041758,1.413108826,79937,76282,159874
[RESULT] 52,128,9,1.548055649,1.547096252,79937,76282,159874
[RESULT] 45,128,0,1.409843206,1.409027815,80251,76585,160502
[RESULT] 45,128,1,1.409447432,1.408049345,80251,76585,160502
[RESULT] 45,128,2,1.664873123,1.664052248,80251,76585,160502
[RESULT] 45,128,3,1.659875393,1.659060478,80251,76585,160502
[RESULT] 45,128,4,1.794880867,1.794058323,80251,76585,160502
[RESULT] 45,128,5,1.924866199,1.924037695,80251,76585,160502
[RESULT] 45,128,6,1.922866583,1.922035456,80251,76585,160502
[RESULT] 45,128,7,1.534816504,1.534043312,80251,76585,160502
[RESULT] 45,128,8,1.536841154,1.536046505,80251,76585,160502
[RESULT] 45,128,9,1.408844471,1.408040047,80251,76585,160502
[RESULT] 62,128,0,1.152955532,1.152066708,80778,77019,161556
[RESULT] 62,128,1,1.276000023,1.275072336,80778,77019,161556
[RESULT] 62,128,2,1.792997360,1.792062759,80778,77019,161556
[RESULT] 62,128,3,1.664913893,1.664047956,80778,77019,161556
[RESULT] 62,128,4,1.664906263,1.664039612,80778,77019,161556
[RESULT] 62,128,5,1.540922642,1.540048838,80778,77019,161556
[RESULT] 62,128,6,1.541908741,1.541043043,80778,77019,161556
[RESULT] 62,128,7,1.406947851,1.406053782,80778,77019,161556
[RESULT] 62,128,8,1.282190800,1.281359434,80778,77019,161556
[RESULT] 62,128,9,1.356555700,1.355673075,80778,77019,161556
[RESULT] 13,128,0,1.537873983,1.537034035,80378,76733,160756
[RESULT] 13,128,1,1.536880970,1.536045313,80378,76733,160756
[RESULT] 13,128,2,1.536846161,1.536056042,80378,76733,160756
[RESULT] 13,128,3,1.659843922,1.659056902,80378,76733,160756
[RESULT] 13,128,4,1.790866375,1.790038109,80378,76733,160756
[RESULT] 13,128,5,1.920864344,1.920042038,80378,76733,160756
[RESULT] 13,128,6,1.978855133,1.978029728,80378,76733,160756
[RESULT] 13,128,7,1.606858969,1.606031656,80378,76733,160756
[RESULT] 13,128,8,1.664874077,1.664045334,80378,76733,160756
[RESULT] 13,128,9,1.534870148,1.534056902,80378,76733,160756
[RESULT] 26,128,0,1.412990332,1.412071705,81632,77999,163264
[RESULT] 26,128,1,1.544050694,1.543081999,81632,77999,163264
[RESULT] 26,128,2,1.668948174,1.668059349,81632,77999,163264
[RESULT] 26,128,3,1.666927576,1.666051865,81632,77999,163264
[RESULT] 26,128,4,1.792956829,1.792041779,81632,77999,163264
[RESULT] 26,128,5,1.922959805,1.922049999,81632,77999,163264
[RESULT] 26,128,6,1.913960218,1.913052082,81632,77999,163264
[RESULT] 26,128,7,1.671007633,1.670059681,81632,77999,163264
[RESULT] 26,128,8,1.668953896,1.668039799,81632,77999,163264
[RESULT] 26,128,9,1.546224833,1.545258284,81632,77999,163264
[RESULT] 72,128,0,1.535058737,1.534070730,79643,75849,159286
[RESULT] 72,128,1,1.533053875,1.532074928,79643,75849,159286
[RESULT] 72,128,2,1.798045158,1.797086954,79643,75849,159286
[RESULT] 72,128,3,1.792001724,1.791065931,79643,75849,159286
[RESULT] 72,128,4,1.792036295,1.791074038,79643,75849,159286
[RESULT] 72,128,5,1.538044930,1.537114143,79643,75849,159286
[RESULT] 72,128,6,1.665021181,1.664068699,79643,75849,159286
[RESULT] 72,128,7,1.665032625,1.664086580,79643,75849,159286
[RESULT] 72,128,8,1.670044184,1.669080973,79643,75849,159286
[RESULT] 72,128,9,1.542045593,1.541086435,79643,75849,159286
[RESULT] 22,128,0,1.404957533,1.404054880,80533,76911,161066
[RESULT] 22,128,1,1.536021233,1.535061598,80533,76911,161066
[RESULT] 22,128,2,1.668924570,1.668054819,80533,76911,161066
[RESULT] 22,128,3,1.666925669,1.666052580,80533,76911,161066
[RESULT] 22,128,4,1.792947531,1.792046309,80533,76911,161066
[RESULT] 22,128,5,1.922937632,1.922049522,80533,76911,161066
[RESULT] 22,128,6,1.913939714,1.913047075,80533,76911,161066
[RESULT] 22,128,7,1.662996769,1.662060261,80533,76911,161066
[RESULT] 22,128,8,1.668954372,1.668050528,80533,76911,161066
[RESULT] 22,128,9,1.547776222,1.546856165,80533,76911,161066
[RESULT] 39,128,0,1.407011032,1.406128883,80629,76963,161258
[RESULT] 39,128,1,1.407015085,1.406140804,80629,76963,161258
[RESULT] 39,128,2,1.418239355,1.417425394,80629,76963,161258
[RESULT] 39,128,3,1.409031630,1.407467842,80629,76963,161258
[RESULT] 39,128,4,1.412228107,1.411405802,80629,76963,161258
[RESULT] 39,128,5,1.759928465,1.759027958,80629,76963,161258
[RESULT] 39,128,6,1.776912689,1.776009083,80629,76963,161258
[RESULT] 39,128,7,1.395913839,1.395020723,80629,76963,161258
[RESULT] 39,128,8,1.407912970,1.407018900,80629,76963,161258
[RESULT] 39,128,9,1.397020578,1.396133184,80629,76963,161258
[RESULT] 41,128,0,1.537908792,1.537028790,80440,76767,160880
[RESULT] 41,128,1,1.410357237,1.408926249,80440,76767,160880
[RESULT] 41,128,2,1.664905548,1.664059401,80440,76767,160880
[RESULT] 41,128,3,1.663893461,1.663048983,80440,76767,160880
[RESULT] 41,128,4,1.794892550,1.794050217,80440,76767,160880
[RESULT] 41,128,5,1.916889191,1.916030645,80440,76767,160880
[RESULT] 41,128,6,1.922880650,1.922034264,80440,76767,160880
[RESULT] 41,128,7,1.662881613,1.662035227,80440,76767,160880
[RESULT] 41,128,8,1.536863327,1.536031961,80440,76767,160880
[RESULT] 41,128,9,1.538907528,1.538051128,80440,76767,160880
[RESULT] 30,128,0,1.408955812,1.408071280,80364,76744,160728
[RESULT] 30,128,1,1.535993814,1.535071850,80364,76744,160728
[RESULT] 30,128,2,1.668919325,1.668067217,80364,76744,160728
[RESULT] 30,128,3,1.792894840,1.792019606,80364,76744,160728
[RESULT] 30,128,4,1.792925596,1.792046547,80364,76744,160728
[RESULT] 30,128,5,1.922915459,1.922045469,80364,76744,160728
[RESULT] 30,128,6,1.917916298,1.917042971,80364,76744,160728
[RESULT] 30,128,7,1.539012194,1.538074493,80364,76744,160728
[RESULT] 30,128,8,1.540929079,1.540052176,80364,76744,160728
[RESULT] 30,128,9,1.544959068,1.544077635,80364,76744,160728
[RESULT] 60,128,0,1.275047064,1.274092674,80236,76555,160472
[RESULT] 60,128,1,1.281048059,1.280084372,80236,76555,160472
[RESULT] 60,128,2,1.789991379,1.789073467,80236,76555,160472
[RESULT] 60,128,3,1.796700239,1.795108795,80236,76555,160472
[RESULT] 60,128,4,1.780047894,1.779079437,80236,76555,160472
[RESULT] 60,128,5,1.665962934,1.665064812,80236,76555,160472
[RESULT] 60,128,6,1.664993048,1.664063454,80236,76555,160472
[RESULT] 60,128,7,1.537034273,1.536090851,80236,76555,160472
[RESULT] 60,128,8,1.407199144,1.406345367,80236,76555,160472
[RESULT] 60,128,9,1.547034502,1.546108007,80236,76555,160472
[RESULT] 83,128,0,1.407219648,1.406401634,82082,78423,164164
[RESULT] 83,128,1,1.408125877,1.406527996,82082,78423,164164
[RESULT] 83,128,2,1.758914471,1.758020639,82082,78423,164164
[RESULT] 83,128,3,1.769980669,1.769064426,82082,78423,164164
[RESULT] 83,128,4,1.763976097,1.763066292,82082,78423,164164
[RESULT] 83,128,5,1.418518305,1.417695045,82082,78423,164164
[RESULT] 83,128,6,1.754895926,1.753997564,82082,78423,164164
[RESULT] 83,128,7,1.769932747,1.769002676,82082,78423,164164
[RESULT] 83,128,8,1.758895159,1.758010387,82082,78423,164164
[RESULT] 83,128,9,1.419260740,1.418424606,82082,78423,164164
[RESULT] 85,128,0,1.409869671,1.409041643,80636,76929,161272
[RESULT] 85,128,1,1.408861399,1.408042431,80636,76929,161272
[RESULT] 85,128,2,1.664891720,1.664047241,80636,76929,161272
[RESULT] 85,128,3,1.587834120,1.587039948,80636,76929,161272
[RESULT] 85,128,4,1.662828684,1.662040234,80636,76929,161272
[RESULT] 85,128,5,1.664856911,1.664041996,80636,76929,161272
[RESULT] 85,128,6,1.662864685,1.662034512,80636,76929,161272
[RESULT] 85,128,7,1.665884256,1.665045500,80636,76929,161272
[RESULT] 85,128,8,1.664874315,1.664033175,80636,76929,161272
[RESULT] 85,128,9,1.538988113,1.538141727,80636,76929,161272
[RESULT] 96,128,0,1.659064770,1.658067703,80438,76802,160876
[RESULT] 96,128,1,1.668068171,1.667084455,80438,76802,160876
[RESULT] 96,128,2,1.790060043,1.789088488,80438,76802,160876
[RESULT] 96,128,3,1.796029329,1.795079947,80438,76802,160876
[RESULT] 96,128,4,1.796077728,1.795083284,80438,76802,160876
[RESULT] 96,128,5,1.794007063,1.793067932,80438,76802,160876
[RESULT] 96,128,6,1.793055058,1.792095184,80438,76802,160876
[RESULT] 96,128,7,1.665033340,1.664074659,80438,76802,160876
[RESULT] 96,128,8,1.663050890,1.662082911,80438,76802,160876
[RESULT] 96,128,9,1.549093008,1.548138142,80438,76802,160876
[RESULT] 21,128,0,1.533897877,1.533048630,80012,76375,160024
[RESULT] 21,128,1,1.536890268,1.536038876,80012,76375,160024
[RESULT] 21,128,2,1.660865784,1.660037756,80012,76375,160024
[RESULT] 21,128,3,1.667872906,1.667040348,80012,76375,160024
[RESULT] 21,128,4,1.794873714,1.794032812,80012,76375,160024
[RESULT] 21,128,5,1.924883604,1.924039125,80012,76375,160024
[RESULT] 21,128,6,1.918894053,1.918044806,80012,76375,160024
[RESULT] 21,128,7,1.665875196,1.665005684,80012,76375,160024
[RESULT] 21,128,8,1.660893917,1.660026789,80012,76375,160024
[RESULT] 21,128,9,1.538907528,1.538069487,80012,76375,160024
[RESULT] 58,128,0,1.280958176,1.280058622,81406,77683,162812
[RESULT] 58,128,1,1.304031134,1.303064585,81406,77683,162812
[RESULT] 58,128,2,1.793020248,1.792065620,81406,77683,162812
[RESULT] 58,128,3,1.664935112,1.664039373,81406,77683,162812
[RESULT] 58,128,4,1.664937973,1.664042711,81406,77683,162812
[RESULT] 58,128,5,1.536943197,1.536036253,81406,77683,162812
[RESULT] 58,128,6,1.537955999,1.537052155,81406,77683,162812
[RESULT] 58,128,7,1.279038429,1.278070927,81406,77683,162812
[RESULT] 58,128,8,1.281937361,1.281053066,81406,77683,162812
[RESULT] 58,128,9,1.394001484,1.393072128,81406,77683,162812
[RESULT] 76,128,0,1.531011581,1.530061483,79820,76047,159640
[RESULT] 76,128,1,1.537021160,1.536061525,79820,76047,159640
[RESULT] 76,128,2,1.662009239,1.661074638,79820,76047,159640
[RESULT] 76,128,3,1.796689034,1.795076847,79820,76047,159640
[RESULT] 76,128,4,1.800017834,1.799078703,79820,76047,159640
[RESULT] 76,128,5,1.542040110,1.541137457,79820,76047,159640
[RESULT] 76,128,6,1.660968542,1.660061836,79820,76047,159640
[RESULT] 76,128,7,1.669001818,1.668070078,79820,76047,159640
[RESULT] 76,128,8,1.667018414,1.666070938,79820,76047,159640
[RESULT] 76,128,9,1.550543785,1.549552202,79820,76047,159640
[RESULT] 1,128,0,1.661867619,1.661017656,80095,76471,160190
[RESULT] 1,128,1,1.664573431,1.663073778,80095,76471,160190
[RESULT] 1,128,2,1.788835287,1.788008928,80095,76471,160190
[RESULT] 1,128,3,1.775842905,1.775025129,80095,76471,160190
[RESULT] 1,128,4,1.790837526,1.790032387,80095,76471,160190
[RESULT] 1,128,5,1.916850805,1.916042089,80095,76471,160190
[RESULT] 1,128,6,2.046836376,2.046014071,80095,76471,160190
[RESULT] 1,128,7,1.793869495,1.793032885,80095,76471,160190
[RESULT] 1,128,8,1.796861887,1.796016693,80095,76471,160190
[RESULT] 1,128,9,1.669613600,1.668769836,80095,76471,160190
[RESULT] 107,128,0,1.422949314,1.422021866,81908,78217,163816
[RESULT] 107,128,1,1.408702135,1.407018661,81908,78217,163816
[RESULT] 107,128,2,1.406940222,1.406018496,81908,78217,163816
[RESULT] 107,128,3,1.402974606,1.402030468,81908,78217,163816
[RESULT] 107,128,4,1.411947012,1.411021948,81908,78217,163816
[RESULT] 107,128,5,1.408017159,1.407095909,81908,78217,163816
[RESULT] 107,128,6,1.408213139,1.407351732,81908,78217,163816
[RESULT] 107,128,7,1.417937756,1.417009115,81908,78217,163816
[RESULT] 107,128,8,1.406932354,1.406009197,81908,78217,163816
[RESULT] 107,128,9,1.056292772,1.055423260,81908,78217,163816
[RESULT] 118,128,0,1.408968210,1.408046246,80444,76774,160888
[RESULT] 118,128,1,1.540019989,1.539057732,80444,76774,160888
[RESULT] 118,128,2,1.665045023,1.664059639,80444,76774,160888
[RESULT] 118,128,3,1.662970781,1.662046671,80444,76774,160888
[RESULT] 118,128,4,1.668950558,1.668034554,80444,76774,160888
[RESULT] 118,128,5,1.790952921,1.790047884,80444,76774,160888
[RESULT] 118,128,6,1.849950314,1.849046230,80444,76774,160888
[RESULT] 118,128,7,1.535000563,1.534070969,80444,76774,160888
[RESULT] 118,128,8,1.542052507,1.541076899,80444,76774,160888
[RESULT] 118,128,9,1.423626661,1.422691822,80444,76774,160888
[RESULT] 44,128,0,1.403023958,1.402084589,79628,75951,159256
[RESULT] 44,128,1,1.409023046,1.408075809,79628,75951,159256
[RESULT] 44,128,2,1.790042877,1.789088726,79628,75951,159256
[RESULT] 44,128,3,1.796030283,1.795101404,79628,75951,159256
[RESULT] 44,128,4,1.792033672,1.791097403,79628,75951,159256
[RESULT] 44,128,5,1.917956114,1.917062521,79628,75951,159256
[RESULT] 44,128,6,1.924954414,1.924065590,79628,75951,159256
[RESULT] 44,128,7,1.532991648,1.532065392,79628,75951,159256
[RESULT] 44,128,8,1.531008720,1.530063391,79628,75951,159256
[RESULT] 44,128,9,1.550112963,1.549171209,79628,75951,159256
[RESULT] 33,128,0,1.533894539,1.533055067,80185,76545,160370
[RESULT] 33,128,1,1.536881447,1.536045074,80185,76545,160370
[RESULT] 33,128,2,1.660863638,1.660059214,80185,76545,160370
[RESULT] 33,128,3,1.671878815,1.671066284,80185,76545,160370
[RESULT] 33,128,4,1.790855646,1.790059328,80185,76545,160370
[RESULT] 33,128,5,2.048877954,2.048037767,80185,76545,160370
[RESULT] 33,128,6,2.046872854,2.046033621,80185,76545,160370
[RESULT] 33,128,7,1.666854858,1.666030645,80185,76545,160370
[RESULT] 33,128,8,1.664860725,1.664032221,80185,76545,160370
[RESULT] 33,128,9,1.666892767,1.666047096,80185,76545,160370
[RESULT] 2,128,0,1.536902905,1.536005020,80487,76855,160974
[RESULT] 2,128,1,1.663963318,1.663018227,80487,76855,160974
[RESULT] 2,128,2,1.788963795,1.788010597,80487,76855,160974
[RESULT] 2,128,3,1.794905901,1.794019461,80487,76855,160974
[RESULT] 2,128,4,1.793905258,1.793021679,80487,76855,160974
[RESULT] 2,128,5,1.918889046,1.918019056,80487,76855,160974
[RESULT] 2,128,6,2.049890995,2.048993349,80487,76855,160974
[RESULT] 2,128,7,1.790965557,1.790041924,80487,76855,160974
[RESULT] 2,128,8,1.788992882,1.788038492,80487,76855,160974
[RESULT] 2,128,9,1.685191631,1.684242725,80487,76855,160974
[RESULT] 120,128,0,1.407073736,1.406091452,79756,76112,159512
[RESULT] 120,128,1,1.404124737,1.403114557,79756,76112,159512
[RESULT] 120,128,2,1.665071487,1.540053129,79756,76112,159512
[RESULT] 120,128,3,1.540706635,1.539113045,79756,76112,159512
[RESULT] 120,128,4,1.540126085,1.539102793,79756,76112,159512
[RESULT] 120,128,5,1.666031122,1.665076256,79756,76112,159512
[RESULT] 120,128,6,1.789041519,1.788074732,79756,76112,159512
[RESULT] 120,128,7,1.533061028,1.532105446,79756,76112,159512
[RESULT] 120,128,8,1.535079956,1.534103394,79756,76112,159512
[RESULT] 120,128,9,1.424201250,1.423207760,79756,76112,159512
[RESULT] 121,128,0,1.537857771,1.536989450,80299,76655,160598
[RESULT] 121,128,1,1.537486792,1.536039591,80299,76655,160598
[RESULT] 121,128,2,1.544901371,1.544040918,80299,76655,160598
[RESULT] 121,128,3,1.659879446,1.659031391,80299,76655,160598
[RESULT] 121,128,4,1.582882643,1.582040071,80299,76655,160598
[RESULT] 121,128,5,1.665894985,1.665052414,80299,76655,160598
[RESULT] 121,128,6,1.790893555,1.790034771,80299,76655,160598
[RESULT] 121,128,7,1.536933899,1.536073685,80299,76655,160598
[RESULT] 121,128,8,1.536910534,1.536069393,80299,76655,160598
[RESULT] 121,128,9,1.408920527,1.408061504,80299,76655,160598
[RESULT] 11,128,0,1.769937277,1.769021034,81366,77725,162732
[RESULT] 11,128,1,1.758953571,1.758019209,81366,77725,162732
[RESULT] 11,128,2,2.110913515,2.110013962,81366,77725,162732
[RESULT] 11,128,3,2.109940290,2.109010696,81366,77725,162732
[RESULT] 11,128,4,2.114950895,2.114032269,81366,77725,162732
[RESULT] 11,128,5,2.122040749,2.121147633,81366,77725,162732
[RESULT] 11,128,6,1.755040884,1.754176378,81366,77725,162732
[RESULT] 11,128,7,1.769947052,1.769024134,81366,77725,162732
[RESULT] 11,128,8,2.110917807,2.110016584,81366,77725,162732
[RESULT] 11,128,9,1.766105652,1.765235186,81366,77725,162732
[RESULT] 102,128,0,1.404992342,1.404058456,81056,77415,162112
[RESULT] 102,128,1,1.540006399,1.539054632,81056,77415,162112
[RESULT] 102,128,2,1.724205017,1.599223852,81056,77415,162112
[RESULT] 102,128,3,1.666972160,1.666068792,81056,77415,162112
[RESULT] 102,128,4,1.668964624,1.668055296,81056,77415,162112
[RESULT] 102,128,5,1.790956736,1.790046215,81056,77415,162112
[RESULT] 102,128,6,1.665933847,1.665044785,81056,77415,162112
[RESULT] 102,128,7,1.534997702,1.534068346,81056,77415,162112
[RESULT] 102,128,8,1.538056374,1.537071228,81056,77415,162112
[RESULT] 102,128,9,1.422888994,1.421916723,81056,77415,162112
[RESULT] 17,128,0,1.613878727,1.613039494,80337,76700,160674
[RESULT] 17,128,1,1.664448977,1.663043261,80337,76700,160674
[RESULT] 17,128,2,1.788847923,1.788039923,80337,76700,160674
[RESULT] 17,128,3,1.795848846,1.795034647,80337,76700,160674
[RESULT] 17,128,4,1.794858694,1.794045687,80337,76700,160674
[RESULT] 17,128,5,2.048884630,2.048052549,80337,76700,160674
[RESULT] 17,128,6,2.046874762,2.046046734,80337,76700,160674
[RESULT] 17,128,7,1.792874813,1.792039871,80337,76700,160674
[RESULT] 17,128,8,1.792877197,1.792034864,80337,76700,160674
[RESULT] 17,128,9,1.666917086,1.666074514,80337,76700,160674
[RESULT] 32,128,0,1.531028271,1.530036688,79807,76167,159614
[RESULT] 32,128,1,1.537070990,1.536093473,79807,76167,159614
[RESULT] 32,128,2,1.810038090,1.809097528,79807,76167,159614
[RESULT] 32,128,3,1.798348188,1.797431231,79807,76167,159614
[RESULT] 32,128,4,1.919424772,1.794433117,79807,76167,159614
[RESULT] 32,128,5,2.049999952,2.049068451,79807,76167,159614
[RESULT] 32,128,6,2.048982859,2.048068285,79807,76167,159614
[RESULT] 32,128,7,1.664990187,1.664069414,79807,76167,159614
[RESULT] 32,128,8,1.662020445,1.661070585,79807,76167,159614
[RESULT] 32,128,9,1.682211876,1.681285620,79807,76167,159614
[RESULT] 94,128,0,1.025005102,1.024097204,81190,77536,162380
[RESULT] 94,128,1,1.152058601,1.151094913,81190,77536,162380
[RESULT] 94,128,2,1.534893036,1.534027100,81190,77536,162380
[RESULT] 94,128,3,1.538911343,1.538037539,81190,77536,162380
[RESULT] 94,128,4,1.532890558,1.532031775,81190,77536,162380
[RESULT] 94,128,5,1.594919920,1.594040632,81190,77536,162380
[RESULT] 94,128,6,1.665906668,1.665032864,81190,77536,162380
[RESULT] 94,128,7,1.666991234,1.666081429,81190,77536,162380
[RESULT] 94,128,8,1.666012526,1.665064096,81190,77536,162380
[RESULT] 94,128,9,1.558100462,1.557170868,81190,77536,162380
[RESULT] 73,128,0,1.533866882,1.533028603,80412,76622,160824
[RESULT] 73,128,1,1.540449142,1.539037466,80412,76622,160824
[RESULT] 73,128,2,1.796943665,1.796047449,80412,76622,160824
[RESULT] 73,128,3,1.875892401,1.875039101,80412,76622,160824
[RESULT] 73,128,4,1.794896841,1.794040918,80412,76622,160824
[RESULT] 73,128,5,1.536856174,1.536045074,80412,76622,160824
[RESULT] 73,128,6,1.658851385,1.658029079,80412,76622,160824
[RESULT] 73,128,7,1.539713621,1.538888454,80412,76622,160824
[RESULT] 73,128,8,1.537784576,1.536946058,80412,76622,160824
[RESULT] 73,128,9,1.538914919,1.538050413,80412,76622,160824
[RESULT] 84,128,0,1.327083111,1.326091528,80086,76364,160172
[RESULT] 84,128,1,1.413102388,1.412113190,80086,76364,160172
[RESULT] 84,128,2,1.666065454,1.665089846,80086,76364,160172
[RESULT] 84,128,3,1.668029308,1.667083025,80086,76364,160172
[RESULT] 84,128,4,1.660057545,1.659085751,80086,76364,160172
[RESULT] 84,128,5,1.542057991,1.541181326,80086,76364,160172
[RESULT] 84,128,6,1.669035435,1.668070793,80086,76364,160172
[RESULT] 84,128,7,1.669034004,1.668079615,80086,76364,160172
[RESULT] 84,128,8,1.663057804,1.662085295,80086,76364,160172
[RESULT] 84,128,9,1.555683136,1.554710627,80086,76364,160172
[RESULT] 38,128,0,1.408962011,1.408062458,80201,76536,160402
[RESULT] 38,128,1,1.536028862,1.535079956,80201,76536,160402
[RESULT] 38,128,2,1.664938927,1.664055109,80201,76536,160402
[RESULT] 38,128,3,1.666944265,1.666061878,80201,76536,160402
[RESULT] 38,128,4,1.664937735,1.664057493,80201,76536,160402
[RESULT] 38,128,5,1.914953232,1.914047480,80201,76536,160402
[RESULT] 38,128,6,1.921952009,1.921040773,80201,76536,160402
[RESULT] 38,128,7,1.535022020,1.534054756,80201,76536,160402
[RESULT] 38,128,8,1.537960768,1.537047386,80201,76536,160402
[RESULT] 38,128,9,1.555775166,1.554853678,80201,76536,160402
[RESULT] 109,128,0,1.533860922,1.533026695,80510,76849,161020
[RESULT] 109,128,1,1.537465572,1.536046505,80510,76849,161020
[RESULT] 109,128,2,1.532840967,1.532056093,80510,76849,161020
[RESULT] 109,128,3,1.543848515,1.543047667,80510,76849,161020
[RESULT] 109,128,4,1.538848877,1.538055420,80510,76849,161020
[RESULT] 109,128,5,1.537896633,1.537097692,80510,76849,161020
[RESULT] 109,128,6,1.790871859,1.790055037,80510,76849,161020
[RESULT] 109,128,7,1.536871195,1.536050797,80510,76849,161020
[RESULT] 109,128,8,1.536858082,1.536048412,80510,76849,161020
[RESULT] 109,128,9,1.404896975,1.404069424,80510,76849,161020
[RESULT] 63,128,0,1.411907196,1.411006927,81639,77880,163278
[RESULT] 63,128,1,1.418635607,1.417015314,81639,77880,163278
[RESULT] 63,128,2,1.055945158,1.055096626,81639,77880,163278
[RESULT] 63,128,3,1.050978661,1.050100565,81639,77880,163278
[RESULT] 63,128,4,1.059956312,1.059091568,81639,77880,163278
[RESULT] 63,128,5,1.407883167,1.407007933,81639,77880,163278
[RESULT] 63,128,6,1.407898664,1.407010078,81639,77880,163278
[RESULT] 63,128,7,1.055181742,1.054358482,81639,77880,163278
[RESULT] 63,128,8,1.056163788,1.055340528,81639,77880,163278
[RESULT] 63,128,9,1.056015491,1.055154800,81639,77880,163278
[RESULT] 24,128,0,1.535100698,1.534088612,80408,76774,160816
[RESULT] 24,128,1,1.536115170,1.535093784,80408,76774,160816
[RESULT] 24,128,2,1.666080713,1.665093899,80408,76774,160816
[RESULT] 24,128,3,1.792055607,1.791080952,80408,76774,160816
[RESULT] 24,128,4,1.756090879,1.755102634,80408,76774,160816
[RESULT] 24,128,5,2.050037384,2.049085855,80408,76774,160816
[RESULT] 24,128,6,2.048977613,2.048028946,80408,76774,160816
[RESULT] 24,128,7,1.665019751,1.664079666,80408,76774,160816
[RESULT] 24,128,8,1.662056923,1.661087036,80408,76774,160816
[RESULT] 24,128,9,1.555094242,1.554125071,80408,76774,160816
[RESULT] 98,128,0,1.408968925,1.408056498,81435,77816,162870
[RESULT] 98,128,1,1.512025356,1.511060715,81435,77816,162870
[RESULT] 98,128,2,1.793048382,1.792077303,81435,77816,162870
[RESULT] 98,128,3,1.792969704,1.792055368,81435,77816,162870
[RESULT] 98,128,4,1.792955399,1.792047024,81435,77816,162870
[RESULT] 98,128,5,1.818953037,1.818046093,81435,77816,162870
[RESULT] 98,128,6,1.793920517,1.793036938,81435,77816,162870
[RESULT] 98,128,7,1.662968159,1.662057638,81435,77816,162870
[RESULT] 98,128,8,1.666061878,1.665067434,81435,77816,162870
[RESULT] 98,128,9,1.555118322,1.554167509,81435,77816,162870
[RESULT] 61,128,0,1.281855106,1.281046867,80935,77243,161870
[RESULT] 61,128,1,1.280840158,1.280048847,80935,77243,161870
[RESULT] 61,128,2,1.532867193,1.532039165,80935,77243,161870
[RESULT] 61,128,3,1.537856102,1.537047386,80935,77243,161870
[RESULT] 61,128,4,1.666859388,1.666043282,80935,77243,161870
[RESULT] 61,128,5,1.537828445,1.537034512,80935,77243,161870
[RESULT] 61,128,6,1.534840584,1.534037590,80935,77243,161870
[RESULT] 61,128,7,1.410845280,1.410041094,80935,77243,161870
[RESULT] 61,128,8,1.281091452,1.280316114,80935,77243,161870
[RESULT] 61,128,9,1.412853718,1.412025690,80935,77243,161870
[RESULT] 100,128,0,1.527072430,1.526071548,79993,76365,159986
[RESULT] 100,128,1,1.536084652,1.535080910,79993,76365,159986
[RESULT] 100,128,2,1.666080236,1.665081024,79993,76365,159986
[RESULT] 100,128,3,1.664695501,1.663098097,79993,76365,159986
[RESULT] 100,128,4,1.664088011,1.663087130,79993,76365,159986
[RESULT] 100,128,5,1.662032843,1.661089420,79993,76365,159986
[RESULT] 100,128,6,1.665018082,1.664090157,79993,76365,159986
[RESULT] 100,128,7,1.661054611,1.660087347,79993,76365,159986
[RESULT] 100,128,8,1.671064138,1.670083523,79993,76365,159986
[RESULT] 100,128,9,1.505111217,1.504137993,79993,76365,159986
[RESULT] 89,128,0,1.409853935,1.409040689,81096,77451,162192
[RESULT] 89,128,1,1.409442902,1.408074617,81096,77451,162192
[RESULT] 89,128,2,1.660884380,1.660042286,81096,77451,162192
[RESULT] 89,128,3,1.671872139,1.671029806,81096,77451,162192
[RESULT] 89,128,4,1.666871786,1.666037083,81096,77451,162192
[RESULT] 89,128,5,1.664870501,1.664039612,81096,77451,162192
[RESULT] 89,128,6,1.790877819,1.790037394,81096,77451,162192
[RESULT] 89,128,7,1.538882256,1.538058996,81096,77451,162192
[RESULT] 89,128,8,1.536883354,1.536068678,81096,77451,162192
[RESULT] 89,128,9,1.538937092,1.538075686,81096,77451,162192
[RESULT] 46,128,0,1.280934811,1.280053616,81099,77438,162198
[RESULT] 46,128,1,1.412747145,1.411103010,81099,77438,162198
[RESULT] 46,128,2,1.668977022,1.668059826,81099,77438,162198
[RESULT] 46,128,3,1.662925243,1.662060738,81099,77438,162198
[RESULT] 46,128,4,1.664929628,1.664057016,81099,77438,162198
[RESULT] 46,128,5,1.794918299,1.794033527,81099,77438,162198
[RESULT] 46,128,6,1.853918791,1.853039742,81099,77438,162198
[RESULT] 46,128,7,1.534981966,1.534056664,81099,77438,162198
[RESULT] 46,128,8,1.409945965,1.409036875,81099,77438,162198
[RESULT] 46,128,9,1.424745798,1.423857212,81099,77438,162198
[RESULT] 119,128,0,1.422926903,1.422016621,80828,77166,161656
[RESULT] 119,128,1,1.407974005,1.407060146,80828,77166,161656
[RESULT] 119,128,2,1.406921387,1.406012535,80828,77166,161656
[RESULT] 119,128,3,1.402928114,1.402005911,80828,77166,161656
[RESULT] 119,128,4,1.411915541,1.411010265,80828,77166,161656
[RESULT] 119,128,5,1.408018112,1.407127619,80828,77166,161656
[RESULT] 119,128,6,1.408042908,1.407163143,80828,77166,161656
[RESULT] 119,128,7,1.406927824,1.406017303,80828,77166,161656
[RESULT] 119,128,8,1.406904221,1.406019688,80828,77166,161656
[RESULT] 119,128,9,1.056082010,1.055200577,80828,77166,161656
[RESULT] 97,128,0,1.661907434,1.661038399,81203,77603,162406
[RESULT] 97,128,1,1.615911961,1.615043402,81203,77603,162406
[RESULT] 97,128,2,1.660893440,1.660046101,81203,77603,162406
[RESULT] 97,128,3,1.631862640,1.631040096,81203,77603,162406
[RESULT] 97,128,4,1.662873745,1.662049055,81203,77603,162406
[RESULT] 97,128,5,1.792881012,1.792022705,81203,77603,162406
[RESULT] 97,128,6,1.666913509,1.666068554,81203,77603,162406
[RESULT] 97,128,7,1.664920807,1.664043427,81203,77603,162406
[RESULT] 97,128,8,1.668904305,1.668040991,81203,77603,162406
[RESULT] 97,128,9,1.538947105,1.538072586,81203,77603,162406
[RESULT] 108,128,0,1.543043137,1.542071104,80240,76557,160480
[RESULT] 108,128,1,1.536042690,1.535072803,80240,76557,160480
[RESULT] 108,128,2,1.662026405,1.661071539,80240,76557,160480
[RESULT] 108,128,3,1.664011955,1.663073778,80240,76557,160480
[RESULT] 108,128,4,1.664013386,1.663071871,80240,76557,160480
[RESULT] 108,128,5,1.662039518,1.661087513,80240,76557,160480
[RESULT] 108,128,6,1.920992136,1.920076609,80240,76557,160480
[RESULT] 108,128,7,1.537065983,1.536120415,80240,76557,160480
[RESULT] 108,128,8,1.539051533,1.538108587,80240,76557,160480
[RESULT] 108,128,9,1.427126884,1.426183462,80240,76557,160480
[RESULT] 66,128,0,1.408944607,1.408047915,81217,77396,162434
[RESULT] 66,128,1,1.540004015,1.539051771,81217,77396,162434
[RESULT] 66,128,2,1.797003508,1.796055555,81217,77396,162434
[RESULT] 66,128,3,1.794928312,1.794043303,81217,77396,162434
[RESULT] 66,128,4,1.917936802,1.917048216,81217,77396,162434
[RESULT] 66,128,5,1.662951708,1.662059784,81217,77396,162434
[RESULT] 66,128,6,1.670946360,1.670054913,81217,77396,162434
[RESULT] 66,128,7,1.662996292,1.662068844,81217,77396,162434
[RESULT] 66,128,8,1.664947987,1.664056063,81217,77396,162434
[RESULT] 66,128,9,1.678438663,1.677505732,81217,77396,162434
[RESULT] 77,128,0,1.409832716,1.409040928,80505,76799,161010
[RESULT] 77,128,1,1.409415007,1.408045530,80505,76799,161010
[RESULT] 77,128,2,1.660842657,1.660030603,80505,76799,161010
[RESULT] 77,128,3,1.795861959,1.795035601,80505,76799,161010
[RESULT] 77,128,4,1.794862270,1.794034243,80505,76799,161010
[RESULT] 77,128,5,1.536829710,1.536052465,80505,76799,161010
[RESULT] 77,128,6,1.538846970,1.538078785,80505,76799,161010
[RESULT] 77,128,7,1.534811497,1.534005165,80505,76799,161010
[RESULT] 77,128,8,1.532835722,1.532040119,80505,76799,161010
[RESULT] 77,128,9,1.536901236,1.536057472,80505,76799,161010
[RESULT] 82,128,0,1.157040834,1.156099319,81243,77526,162486
[RESULT] 82,128,1,1.282042980,1.281089306,81243,77526,162486
[RESULT] 82,128,2,1.664960623,1.664063454,81243,77526,162486
[RESULT] 82,128,3,1.662930012,1.662049770,81243,77526,162486
[RESULT] 82,128,4,1.668926716,1.668045282,81243,77526,162486
[RESULT] 82,128,5,1.539001465,1.538117170,81243,77526,162486
[RESULT] 82,128,6,1.671035290,1.670138359,81243,77526,162486
[RESULT] 82,128,7,1.663063765,1.662126541,81243,77526,162486
[RESULT] 82,128,8,1.664972782,1.664083481,81243,77526,162486
[RESULT] 82,128,9,1.680088520,1.679148197,81243,77526,162486
[RESULT] 68,128,0,1.535087585,1.534083843,79640,75820,159280
[RESULT] 68,128,1,1.537082434,1.536103725,79640,75820,159280
[RESULT] 68,128,2,1.922058821,1.921077251,79640,75820,159280
[RESULT] 68,128,3,1.920679569,1.919087648,79640,75820,159280
[RESULT] 68,128,4,1.796037436,1.795068979,79640,75820,159280
[RESULT] 68,128,5,1.538028717,1.537110567,79640,75820,159280
[RESULT] 68,128,6,1.665035248,1.664083004,79640,75820,159280
[RESULT] 68,128,7,1.537023067,1.536088705,79640,75820,159280
[RESULT] 68,128,8,1.539049387,1.538084507,79640,75820,159280
[RESULT] 68,128,9,1.557114840,1.556147337,79640,75820,159280
[RESULT] 99,128,0,1.769923210,1.769017458,81874,78234,163748
[RESULT] 99,128,1,1.759645462,1.758016348,81874,78234,163748
[RESULT] 99,128,2,1.758917332,1.758018017,81874,78234,163748
[RESULT] 99,128,3,1.747964382,1.747032881,81874,78234,163748
[RESULT] 99,128,4,1.763931513,1.763015747,81874,78234,163748
[RESULT] 99,128,5,1.769925117,1.769012928,81874,78234,163748
[RESULT] 99,128,6,1.754985094,1.754082680,81874,78234,163748
[RESULT] 99,128,7,1.758921146,1.758017778,81874,78234,163748
[RESULT] 99,128,8,1.758935452,1.758015394,81874,78234,163748
[RESULT] 99,128,9,1.408077955,1.407169580,81874,78234,163748
[RESULT] 9,128,0,1.537891865,1.537050486,80685,77009,161370
[RESULT] 9,128,1,1.537427425,1.536039829,80685,77009,161370
[RESULT] 9,128,2,1.724893332,1.724038124,80685,77009,161370
[RESULT] 9,128,3,1.671889782,1.671052694,80685,77009,161370
[RESULT] 9,128,4,1.798882961,1.798023939,80685,77009,161370
[RESULT] 9,128,5,2.044896364,2.044034243,80685,77009,161370
[RESULT] 9,128,6,2.050895929,2.050040483,80685,77009,161370
[RESULT] 9,128,7,1.788904428,1.788031816,80685,77009,161370
[RESULT] 9,128,8,1.792901754,1.792031288,80685,77009,161370
[RESULT] 9,128,9,1.662950039,1.662068605,80685,77009,161370
[RESULT] 114,128,0,1.408966303,1.408058882,80337,76703,160674
[RESULT] 114,128,1,1.536755562,1.535109520,80337,76703,160674
[RESULT] 114,128,2,1.664968967,1.664014578,80337,76703,160674
[RESULT] 114,128,3,1.662950277,1.662050009,80337,76703,160674
[RESULT] 114,128,4,1.664944410,1.664042711,80337,76703,160674
[RESULT] 114,128,5,1.790923595,1.790044546,80337,76703,160674
[RESULT] 114,128,6,1.921926975,1.921036482,80337,76703,160674
[RESULT] 114,128,7,1.662987709,1.662067413,80337,76703,160674
[RESULT] 114,128,8,1.666031361,1.665071011,80337,76703,160674
[RESULT] 114,128,9,1.553663731,1.552738190,80337,76703,160674
[RESULT] 88,128,0,1.407069206,1.406081915,80384,76667,160768
[RESULT] 88,128,1,1.409105062,1.408089161,80384,76667,160768
[RESULT] 88,128,2,1.666047812,1.665063143,80384,76667,160768
[RESULT] 88,128,3,1.664028645,1.663070202,80384,76667,160768
[RESULT] 88,128,4,1.668100834,1.667077303,80384,76667,160768
[RESULT] 88,128,5,1.666032314,1.665075779,80384,76667,160768
[RESULT] 88,128,6,1.793072939,1.792080879,80384,76667,160768
[RESULT] 88,128,7,1.537061930,1.536113024,80384,76667,160768
[RESULT] 88,128,8,1.531081676,1.530119658,80384,76667,160768
[RESULT] 88,128,9,1.559257984,1.558260918,80384,76667,160768
[RESULT] 69,128,0,1.537886620,1.537044764,80088,76288,160176
[RESULT] 69,128,1,1.409445047,1.408056259,80088,76288,160176
[RESULT] 69,128,2,1.664886713,1.664058924,80088,76288,160176
[RESULT] 69,128,3,1.795879841,1.795034409,80088,76288,160176
[RESULT] 69,128,4,1.794749737,1.669873953,80088,76288,160176
[RESULT] 69,128,5,1.532830477,1.532036543,80088,76288,160176
[RESULT] 69,128,6,1.538846254,1.538035870,80088,76288,160176
[RESULT] 69,128,7,1.534858942,1.534037352,80088,76288,160176
[RESULT] 69,128,8,1.536844492,1.536034822,80088,76288,160176
[RESULT] 69,128,9,1.536927462,1.536074877,80088,76288,160176
[RESULT] 20,128,0,1.535057068,1.534069538,79885,76239,159770
[RESULT] 20,128,1,1.535999537,1.535005808,79885,76239,159770
[RESULT] 20,128,2,1.666018486,1.665065050,79885,76239,159770
[RESULT] 20,128,3,1.796707869,1.795090437,79885,76239,159770
[RESULT] 20,128,4,1.796038628,1.795074940,79885,76239,159770
[RESULT] 20,128,5,2.046080351,2.045079231,79885,76239,159770
[RESULT] 20,128,6,2.045024633,2.044080734,79885,76239,159770
[RESULT] 20,128,7,1.666951180,1.666010380,79885,76239,159770
[RESULT] 20,128,8,1.666040897,1.665083885,79885,76239,159770
[RESULT] 20,128,9,1.561304569,1.560344458,79885,76239,159770
[RESULT] 105,128,0,1.537914753,1.537033796,81244,77560,162488
[RESULT] 105,128,1,1.537507057,1.536042690,81244,77560,162488
[RESULT] 105,128,2,1.664905310,1.664054632,81244,77560,162488
[RESULT] 105,128,3,1.667885780,1.667031765,81244,77560,162488
[RESULT] 105,128,4,1.666895866,1.666041613,81244,77560,162488
[RESULT] 105,128,5,1.660895109,1.660039663,81244,77560,162488
[RESULT] 105,128,6,1.666924238,1.666078091,81244,77560,162488
[RESULT] 105,128,7,1.660915852,1.660038233,81244,77560,162488
[RESULT] 105,128,8,1.664905548,1.664034843,81244,77560,162488
[RESULT] 105,128,9,1.536961079,1.536069393,81244,77560,162488
[RESULT] 95,128,0,1.049202681,1.048382759,81791,78144,163582
[RESULT] 95,128,1,1.057146072,1.055547476,81791,78144,163582
[RESULT] 95,128,2,1.066207886,1.065387726,81791,78144,163582
[RESULT] 95,128,3,1.052211285,1.051388264,81791,78144,163582
[RESULT] 95,128,4,1.060250521,1.059421062,81791,78144,163582
[RESULT] 95,128,5,1.407899618,1.407010078,81791,78144,163582
[RESULT] 95,128,6,1.407899141,1.407002926,81791,78144,163582
[RESULT] 95,128,7,1.045192957,1.044375420,81791,78144,163582
[RESULT] 95,128,8,1.056253672,1.055437326,81791,78144,163582
[RESULT] 95,128,9,1.034034014,1.033142090,81791,78144,163582
[RESULT] 14,128,0,1.408929586,1.408054829,80888,77239,161776
[RESULT] 14,128,1,1.531960487,1.531052113,80888,77239,161776
[RESULT] 14,128,2,1.664914846,1.664044857,80888,77239,161776
[RESULT] 14,128,3,1.662926197,1.662048340,80888,77239,161776
[RESULT] 14,128,4,1.664905548,1.664041281,80888,77239,161776
[RESULT] 14,128,5,1.926941633,1.926050186,80888,77239,161776
[RESULT] 14,128,6,1.921905279,1.921041250,80888,77239,161776
[RESULT] 14,128,7,1.666960716,1.666058779,80888,77239,161776
[RESULT] 14,128,8,1.668931723,1.668052197,80888,77239,161776
[RESULT] 14,128,9,1.623090267,1.622185469,80888,77239,161776
[RESULT] 65,128,0,1.537898779,1.537055492,81115,77329,162230
[RESULT] 65,128,1,1.539893866,1.539060831,81115,77329,162230
[RESULT] 65,128,2,1.792872429,1.792048454,81115,77329,162230
[RESULT] 65,128,3,1.923887253,1.923034668,81115,77329,162230
[RESULT] 65,128,4,1.794876337,1.794049501,81115,77329,162230
[RESULT] 65,128,5,1.660845041,1.660043716,81115,77329,162230
[RESULT] 65,128,6,1.666850805,1.666036606,81115,77329,162230
[RESULT] 65,128,7,1.662880421,1.662046909,81115,77329,162230
[RESULT] 65,128,8,1.664871454,1.664042711,81115,77329,162230
[RESULT] 65,128,9,1.666933775,1.666068077,81115,77329,162230
[RESULT] 124,128,0,1.419044018,1.418068171,80038,76393,160076
[RESULT] 124,128,1,1.408052206,1.407081604,80038,76393,160076
[RESULT] 124,128,2,1.538027525,1.537081242,80038,76393,160076
[RESULT] 124,128,3,1.532714844,1.531087399,80038,76393,160076
[RESULT] 124,128,4,1.540050030,1.539098740,80038,76393,160076
[RESULT] 124,128,5,1.670003176,1.669092417,80038,76393,160076
[RESULT] 124,128,6,1.793038130,1.792077303,80038,76393,160076
[RESULT] 124,128,7,1.537003279,1.536087275,80038,76393,160076
[RESULT] 124,128,8,1.535066605,1.534101486,80038,76393,160076
[RESULT] 124,128,9,1.435265779,1.434322357,80038,76393,160076
[RESULT] 93,128,0,1.284693003,1.283878326,81009,77357,162018
[RESULT] 93,128,1,1.282260656,1.280909061,81009,77357,162018
[RESULT] 93,128,2,1.664879560,1.664030075,81009,77357,162018
[RESULT] 93,128,3,1.659868717,1.659035444,81009,77357,162018
[RESULT] 93,128,4,1.662869930,1.662034750,81009,77357,162018
[RESULT] 93,128,5,1.636851072,1.636035681,81009,77357,162018
[RESULT] 93,128,6,1.666853666,1.666040659,81009,77357,162018
[RESULT] 93,128,7,1.534869671,1.534063101,81009,77357,162018
[RESULT] 93,128,8,1.536860704,1.536052227,81009,77357,162018
[RESULT] 93,128,9,1.536929607,1.536079884,81009,77357,162018
[RESULT] 78,128,0,1.280937195,1.280051947,80824,77128,161648
[RESULT] 78,128,1,1.339970112,1.339043140,80824,77128,161648
[RESULT] 78,128,2,1.538922071,1.538046598,80824,77128,161648
[RESULT] 78,128,3,1.664912701,1.664040565,80824,77128,161648
[RESULT] 78,128,4,1.792925119,1.792039871,80824,77128,161648
[RESULT] 78,128,5,1.538933992,1.538053989,80824,77128,161648
[RESULT] 78,128,6,1.538951397,1.538080692,80824,77128,161648
[RESULT] 78,128,7,1.534988880,1.534076452,80824,77128,161648
[RESULT] 78,128,8,1.537941456,1.537053347,80824,77128,161648
[RESULT] 78,128,9,1.564734221,1.563836813,80824,77128,161648
[RESULT] 113,128,0,1.665896654,1.665037632,80103,76471,160206
[RESULT] 113,128,1,1.668893576,1.668034315,80103,76471,160206
[RESULT] 113,128,2,1.636874914,1.636033058,80103,76471,160206
[RESULT] 113,128,3,1.659876823,1.659029961,80103,76471,160206
[RESULT] 113,128,4,1.666874170,1.666034460,80103,76471,160206
[RESULT] 113,128,5,1.664860964,1.664047480,80103,76471,160206
[RESULT] 113,128,6,1.922884226,1.922038555,80103,76471,160206
[RESULT] 113,128,7,1.534883499,1.534061432,80103,76471,160206
[RESULT] 113,128,8,1.536888123,1.536076546,80103,76471,160206
[RESULT] 113,128,9,1.536946058,1.536076546,80103,76471,160206
[RESULT] 92,128,0,1.403055668,1.402083158,80361,76708,160722
[RESULT] 92,128,1,1.409066677,1.408108711,80361,76708,160722
[RESULT] 92,128,2,1.666008234,1.665069342,80361,76708,160722
[RESULT] 92,128,3,1.664712667,1.663083076,80361,76708,160722
[RESULT] 92,128,4,1.668042183,1.667078733,80361,76708,160722
[RESULT] 92,128,5,1.665993929,1.665068626,80361,76708,160722
[RESULT] 92,128,6,1.665585279,1.664647341,80361,76708,160722
[RESULT] 92,128,7,1.537023067,1.536095142,80361,76708,160722
[RESULT] 92,128,8,1.535048246,1.534111261,80361,76708,160722
[RESULT] 92,128,9,1.565474749,1.564522743,80361,76708,160722
[RESULT] 103,128,0,1.407008410,1.406096220,81745,78096,163490
[RESULT] 103,128,1,1.407754183,1.406105518,81745,78096,163490
[RESULT] 103,128,2,1.758910179,1.758002758,81745,78096,163490
[RESULT] 103,128,3,1.747947693,1.747005701,81745,78096,163490
[RESULT] 103,128,4,1.763939142,1.763011694,81745,78096,163490
[RESULT] 103,128,5,1.759948969,1.759004354,81745,78096,163490
[RESULT] 103,128,6,1.755015612,1.754104376,81745,78096,163490
[RESULT] 103,128,7,1.758934498,1.758009195,81745,78096,163490
[RESULT] 103,128,8,1.758918762,1.758006811,81745,78096,163490
[RESULT] 103,128,9,1.419115305,1.418180466,81745,78096,163490
[RESULT] 10,128,0,1.408993244,1.408073187,80725,77052,161450
[RESULT] 10,128,1,1.540045500,1.539073944,80725,77052,161450
[RESULT] 10,128,2,1.660947323,1.660068274,80725,77052,161450
[RESULT] 10,128,3,1.662964582,1.662070751,80725,77052,161450
[RESULT] 10,128,4,1.793958187,1.793051481,80725,77052,161450
[RESULT] 10,128,5,1.923140049,1.922235012,80725,77052,161450
[RESULT] 10,128,6,2.017945766,2.017044783,80725,77052,161450
[RESULT] 10,128,7,1.790996075,1.790057659,80725,77052,161450
[RESULT] 10,128,8,1.793051481,1.792068243,80725,77052,161450
[RESULT] 10,128,9,1.694540501,1.693543196,80725,77052,161450
[RESULT] 81,128,0,1.405916691,1.405101776,81083,77348,162166
[RESULT] 81,128,1,1.411907673,1.411098480,81083,77348,162166
[RESULT] 81,128,2,1.796900988,1.796051502,81083,77348,162166
[RESULT] 81,128,3,1.787890911,1.787056923,81083,77348,162166
[RESULT] 81,128,4,1.794891357,1.794053078,81083,77348,162166
[RESULT] 81,128,5,1.538316727,1.537516594,81083,77348,162166
[RESULT] 81,128,6,1.666857958,1.666042328,81083,77348,162166
[RESULT] 81,128,7,1.662866831,1.662026405,81083,77348,162166
[RESULT] 81,128,8,1.664849043,1.664030075,81083,77348,162166
[RESULT] 81,128,9,1.662935972,1.662068844,81083,77348,162166
[RESULT] 12,128,0,1.535032511,1.534074545,79598,75945,159196
[RESULT] 12,128,1,1.536058664,1.535094023,79598,75945,159196
[RESULT] 12,128,2,1.666012049,1.665073156,79598,75945,159196
[RESULT] 12,128,3,1.636730909,1.635114193,79598,75945,159196
[RESULT] 12,128,4,1.792035103,1.791073799,79598,75945,159196
[RESULT] 12,128,5,1.921986103,1.921070814,79598,75945,159196
[RESULT] 12,128,6,1.921009302,1.920072079,79598,75945,159196
[RESULT] 12,128,7,1.664970875,1.664071560,79598,75945,159196
[RESULT] 12,128,8,1.726998568,1.726058006,79598,75945,159196
[RESULT] 12,128,9,1.567483664,1.566542387,79598,75945,159196
[RESULT] 126,128,0,1.280948162,1.280067205,80300,76676,160600
[RESULT] 126,128,1,1.436702728,1.435089827,80300,76676,160600
[RESULT] 126,128,2,1.538992167,1.538050890,80300,76676,160600
[RESULT] 126,128,3,1.534919024,1.534036875,80300,76676,160600
[RESULT] 126,128,4,1.536924362,1.536049366,80300,76676,160600
[RESULT] 126,128,5,1.668918371,1.668051481,80300,76676,160600
[RESULT] 126,128,6,1.797914028,1.797034740,80300,76676,160600
[RESULT] 126,128,7,1.534950495,1.534063578,80300,76676,160600
[RESULT] 126,128,8,1.538003445,1.537063599,80300,76676,160600
[RESULT] 126,128,9,1.440195322,1.439304590,80300,76676,160600
[RESULT] 29,128,0,1.405862093,1.405055761,80265,76639,160530
[RESULT] 29,128,1,1.408871174,1.408060551,80265,76639,160530
[RESULT] 29,128,2,1.540873766,1.540082932,80265,76639,160530
[RESULT] 29,128,3,1.659878492,1.659041882,80265,76639,160530
[RESULT] 29,128,4,1.666831493,1.666008711,80265,76639,160530
[RESULT] 29,128,5,1.792861223,1.792033434,80265,76639,160530
[RESULT] 29,128,6,1.794856310,1.794038773,80265,76639,160530
[RESULT] 29,128,7,1.534869194,1.534036875,80265,76639,160530
[RESULT] 29,128,8,1.536815405,1.535994530,80265,76639,160530
[RESULT] 29,128,9,1.536927462,1.536069632,80265,76639,160530
[RESULT] 64,128,0,1.535070181,1.534090757,80513,76782,161026
[RESULT] 64,128,1,1.537080288,1.536103249,80513,76782,161026
[RESULT] 64,128,2,1.922023296,1.921071291,80513,76782,161026
[RESULT] 64,128,3,1.920025110,1.919082880,80513,76782,161026
[RESULT] 64,128,4,1.924018383,1.923067331,80513,76782,161026
[RESULT] 64,128,5,1.666018248,1.665084839,80513,76782,161026
[RESULT] 64,128,6,1.665028572,1.664081812,80513,76782,161026
[RESULT] 64,128,7,1.665024042,1.664085388,80513,76782,161026
[RESULT] 64,128,8,1.666031361,1.665078402,80513,76782,161026
[RESULT] 64,128,9,1.695100069,1.694153309,80513,76782,161026
[RESULT] 23,128,0,1.253201962,1.252376318,81366,77718,162732
[RESULT] 23,128,1,1.407263279,1.406426191,81366,77718,162732
[RESULT] 23,128,2,1.408237457,1.407410622,81366,77718,162732
[RESULT] 23,128,3,1.397208214,1.396378279,81366,77718,162732
[RESULT] 23,128,4,1.763925314,1.763007164,81366,77718,162732
[RESULT] 23,128,5,1.759995222,1.759107590,81366,77718,162732
[RESULT] 23,128,6,1.754992247,1.754096985,81366,77718,162732
[RESULT] 23,128,7,1.395995617,1.395112991,81366,77718,162732
[RESULT] 23,128,8,1.408020496,1.407127857,81366,77718,162732
[RESULT] 23,128,9,1.419077635,1.418151855,81366,77718,162732
[RESULT] 86,128,0,1.152969837,1.152064562,80832,77189,161664
[RESULT] 86,128,1,1.280035496,1.279066563,80832,77189,161664
[RESULT] 86,128,2,1.665031672,1.664059162,80832,77189,161664
[RESULT] 86,128,3,1.662950516,1.662047625,80832,77189,161664
[RESULT] 86,128,4,1.664939880,1.664042473,80832,77189,161664
[RESULT] 86,128,5,1.539032698,1.538096666,80832,77189,161664
[RESULT] 86,128,6,1.667014360,1.666121721,80832,77189,161664
[RESULT] 86,128,7,1.667018175,1.666075945,80832,77189,161664
[RESULT] 86,128,8,1.660976410,1.660074234,80832,77189,161664
[RESULT] 86,128,9,1.697974443,1.697024345,80832,77189,161664
[RESULT] 117,128,0,1.537896633,1.537037134,80190,76531,160380
[RESULT] 117,128,1,1.536905289,1.536042929,80190,76531,160380
[RESULT] 117,128,2,1.660906315,1.660036325,80190,76531,160380
[RESULT] 117,128,3,1.543873787,1.543038607,80190,76531,160380
[RESULT] 117,128,4,1.534881830,1.534042358,80190,76531,160380
[RESULT] 117,128,5,1.665897131,1.665064096,80190,76531,160380
[RESULT] 117,128,6,1.794879675,1.794031858,80190,76531,160380
[RESULT] 117,128,7,1.534922361,1.534069061,80190,76531,160380
[RESULT] 117,128,8,1.536907196,1.536062956,80190,76531,160380
[RESULT] 117,128,9,1.536946535,1.536060572,80190,76531,160380
[RESULT] 106,128,0,1.412983656,1.412043810,81427,77759,162854
[RESULT] 106,128,1,1.540034771,1.539063692,81427,77759,162854
[RESULT] 106,128,2,1.661041260,1.660062551,81427,77759,162854
[RESULT] 106,128,3,1.662992477,1.662056684,81427,77759,162854
[RESULT] 106,128,4,1.664961338,1.664039612,81427,77759,162854
[RESULT] 106,128,5,1.666950464,1.666046143,81427,77759,162854
[RESULT] 106,128,6,1.669967175,1.669072866,81427,77759,162854
[RESULT] 106,128,7,1.536132812,1.535188198,81427,77759,162854
[RESULT] 106,128,8,1.534013271,1.533080101,81427,77759,162854
[RESULT] 106,128,9,1.549118757,1.548174620,81427,77759,162854
[RESULT] 104,128,0,1.535081387,1.534067631,80780,77103,161560
[RESULT] 104,128,1,1.536088228,1.535072327,80780,77103,161560
[RESULT] 104,128,2,1.666095734,1.665094614,80780,77103,161560
[RESULT] 104,128,3,1.660060167,1.659091473,80780,77103,161560
[RESULT] 104,128,4,1.664061546,1.663073063,80780,77103,161560
[RESULT] 104,128,5,1.662049294,1.661090136,80780,77103,161560
[RESULT] 104,128,6,1.665053129,1.664125681,80780,77103,161560
[RESULT] 104,128,7,1.665036440,1.664069891,80780,77103,161560
[RESULT] 104,128,8,1.667058945,1.666068792,80780,77103,161560
[RESULT] 104,128,9,1.568319082,1.567338705,80780,77103,161560
[RESULT] 6,128,0,1.408962727,1.408054352,80678,77034,161356
[RESULT] 6,128,1,1.540706635,1.539076567,80678,77034,161356
[RESULT] 6,128,2,1.660942554,1.660058022,80678,77034,161356
[RESULT] 6,128,3,1.662954330,1.662060499,80678,77034,161356
[RESULT] 6,128,4,1.793948650,1.793045759,80678,77034,161356
[RESULT] 6,128,5,2.050959587,2.050049782,80678,77034,161356
[RESULT] 6,128,6,2.045937777,2.045039415,80678,77034,161356
[RESULT] 6,128,7,1.794986248,1.794060469,80678,77034,161356
[RESULT] 6,128,8,1.789047480,1.788069010,80678,77034,161356
[RESULT] 6,128,9,1.686864138,1.685932398,80678,77034,161356
[RESULT] 115,128,0,1.411909819,1.411003351,80812,77174,161624
[RESULT] 115,128,1,1.418697119,1.417049170,80812,77174,161624
[RESULT] 115,128,2,1.406898499,1.406010151,80812,77174,161624
[RESULT] 115,128,3,1.418929815,1.418017149,80812,77174,161624
[RESULT] 115,128,4,1.412005663,1.411109209,80812,77174,161624
[RESULT] 115,128,5,1.408256054,1.407419205,80812,77174,161624
[RESULT] 115,128,6,1.611973047,1.611077070,80812,77174,161624
[RESULT] 115,128,7,1.396242619,1.395405769,80812,77174,161624
[RESULT] 115,128,8,1.408240557,1.407406569,80812,77174,161624
[RESULT] 115,128,9,1.408070087,1.407171965,80812,77174,161624
[RESULT] 25,128,0,1.537879944,1.537039995,81299,77670,162598
[RESULT] 25,128,1,1.537476778,1.536064386,81299,77670,162598
[RESULT] 25,128,2,1.664861441,1.664042473,81299,77670,162598
[RESULT] 25,128,3,1.659854889,1.659039736,81299,77670,162598
[RESULT] 25,128,4,1.790902853,1.790033817,81299,77670,162598
[RESULT] 25,128,5,1.920898914,1.920042753,81299,77670,162598
[RESULT] 25,128,6,1.918892384,1.918034315,81299,77670,162598
[RESULT] 25,128,7,1.538893461,1.538053036,81299,77670,162598
[RESULT] 25,128,8,1.664901257,1.664032698,81299,77670,162598
[RESULT] 25,128,9,1.662964344,1.662065744,81299,77670,162598
[RESULT] 112,128,0,1.535059929,1.534084797,79716,76080,159432
[RESULT] 112,128,1,1.536060810,1.535083294,79716,76080,159432
[RESULT] 112,128,2,1.666076183,1.665099621,79716,76080,159432
[RESULT] 112,128,3,1.664031506,1.663082123,79716,76080,159432
[RESULT] 112,128,4,1.668056488,1.667071819,79716,76080,159432
[RESULT] 112,128,5,1.794063568,1.793080807,79716,76080,159432
[RESULT] 112,128,6,1.921016216,1.920071602,79716,76080,159432
[RESULT] 112,128,7,1.661039829,1.660084724,79716,76080,159432
[RESULT] 112,128,8,1.655034781,1.654083014,79716,76080,159432
[RESULT] 112,128,9,1.618449688,1.617468357,79716,76080,159432
[RESULT] 34,128,0,1.408927202,1.408022642,80725,77097,161450
[RESULT] 34,128,1,1.536040068,1.535071611,80725,77097,161450
[RESULT] 34,128,2,1.765018702,1.764055014,80725,77097,161450
[RESULT] 34,128,3,1.790932417,1.790040493,80725,77097,161450
[RESULT] 34,128,4,1.821946621,1.821041346,80725,77097,161450
[RESULT] 34,128,5,1.922957897,1.922046423,80725,77097,161450
[RESULT] 34,128,6,1.917937756,1.917042494,80725,77097,161450
[RESULT] 34,128,7,1.539029598,1.538057804,80725,77097,161450
[RESULT] 34,128,8,1.632957220,1.632044792,80725,77097,161450
[RESULT] 34,128,9,1.682118654,1.681149721,80725,77097,161450
[RESULT] 4,128,0,1.535068989,1.534091234,79723,76076,159446
[RESULT] 4,128,1,1.537058353,1.536072731,79723,76076,159446
[RESULT] 4,128,2,1.666046143,1.665082216,79723,76076,159446
[RESULT] 4,128,3,1.668750763,1.667109251,79723,76076,159446
[RESULT] 4,128,4,1.792036772,1.791079760,79723,76076,159446
[RESULT] 4,128,5,1.926023960,1.925093412,79723,76076,159446
[RESULT] 4,128,6,1.921060324,1.920115471,79723,76076,159446
[RESULT] 4,128,7,1.669031143,1.668090105,79723,76076,159446
[RESULT] 4,128,8,1.670103073,1.669093132,79723,76076,159446
[RESULT] 4,128,9,1.668625832,1.667641640,79723,76076,159446
[RESULT] 90,128,0,1.153015852,1.152064085,81170,77544,162340
[RESULT] 90,128,1,1.284043074,1.283065796,81170,77544,162340
[RESULT] 90,128,2,1.665028095,1.664047956,81170,77544,162340
[RESULT] 90,128,3,1.662973642,1.662045240,81170,77544,162340
[RESULT] 90,128,4,1.664954662,1.664033413,81170,77544,162340
[RESULT] 90,128,5,1.632744074,1.631818295,81170,77544,162340
[RESULT] 90,128,6,1.793968439,1.793044090,81170,77544,162340
[RESULT] 90,128,7,1.659020662,1.658066511,81170,77544,162340
[RESULT] 90,128,8,1.700964212,1.700043201,81170,77544,162340
[RESULT] 90,128,9,1.679892540,1.678919792,81170,77544,162340
[RESULT] 51,128,0,1.406966925,1.406102896,81599,77861,163198
[RESULT] 51,128,1,1.407826900,1.406193495,81599,77861,163198
[RESULT] 51,128,2,1.758880854,1.758008480,81599,77861,163198
[RESULT] 51,128,3,1.747898340,1.747005463,81599,77861,163198
[RESULT] 51,128,4,1.763905525,1.763021946,81599,77861,163198
[RESULT] 51,128,5,1.759921074,1.759022713,81599,77861,163198
[RESULT] 51,128,6,1.765944719,1.765041113,81599,77861,163198
[RESULT] 51,128,7,1.395916700,1.395028114,81599,77861,163198
[RESULT] 51,128,8,1.407910347,1.407021523,81599,77861,163198
[RESULT] 51,128,9,1.407911777,1.407020569,81599,77861,163198
[RESULT] 18,128,0,1.536937714,1.536041737,80667,77042,161334
[RESULT] 18,128,1,1.668020964,1.667059898,80667,77042,161334
[RESULT] 18,128,2,1.696892262,1.696030140,80667,77042,161334
[RESULT] 18,128,3,1.662922382,1.662062645,80667,77042,161334
[RESULT] 18,128,4,1.792905092,1.792032719,80667,77042,161334
[RESULT] 18,128,5,1.922931671,1.922060490,80667,77042,161334
[RESULT] 18,128,6,1.917909145,1.917050600,80667,77042,161334
[RESULT] 18,128,7,1.794968605,1.794058561,80667,77042,161334
[RESULT] 18,128,8,1.666997433,1.666097164,80667,77042,161334
[RESULT] 18,128,9,1.687032461,1.686123371,80667,77042,161334
[RESULT] 28,128,0,1.491044760,1.490080833,79668,76028,159336
[RESULT] 28,128,1,1.536011219,1.535076857,79668,76028,159336
[RESULT] 28,128,2,1.670052767,1.669094563,79668,76028,159336
[RESULT] 28,128,3,1.792701960,1.791108131,79668,76028,159336
[RESULT] 28,128,4,1.792027473,1.791093111,79668,76028,159336
[RESULT] 28,128,5,2.045988560,2.045072079,79668,76028,159336
[RESULT] 28,128,6,1.920994043,1.920081139,79668,76028,159336
[RESULT] 28,128,7,1.669021845,1.668081522,79668,76028,159336
[RESULT] 28,128,8,1.666007519,1.665075541,79668,76028,159336
[RESULT] 28,128,9,1.572141409,1.571190834,79668,76028,159336
[RESULT] 125,128,0,1.405844927,1.405008554,80222,76582,160444
[RESULT] 125,128,1,1.408861637,1.408026218,80222,76582,160444
[RESULT] 125,128,2,1.412864923,1.412032366,80222,76582,160444
[RESULT] 125,128,3,1.533862829,1.533036232,80222,76582,160444
[RESULT] 125,128,4,1.538869619,1.538049698,80222,76582,160444
[RESULT] 125,128,5,1.661865473,1.661040783,80222,76582,160444
[RESULT] 125,128,6,1.794859171,1.794040918,80222,76582,160444
[RESULT] 125,128,7,1.532879114,1.532049656,80222,76582,160444
[RESULT] 125,128,8,1.536879539,1.536053896,80222,76582,160444
[RESULT] 125,128,9,1.408921957,1.408078194,80222,76582,160444
[RESULT] 101,128,0,1.537897110,1.537054539,80797,77172,161594
[RESULT] 101,128,1,1.536896229,1.536043644,80797,77172,161594
[RESULT] 101,128,2,1.652903318,1.652037621,80797,77172,161594
[RESULT] 101,128,3,1.659903526,1.659045219,80797,77172,161594
[RESULT] 101,128,4,1.662897110,1.662036180,80797,77172,161594
[RESULT] 101,128,5,1.665853739,1.665007830,80797,77172,161594
[RESULT] 101,128,6,1.662902832,1.662069082,80797,77172,161594
[RESULT] 101,128,7,1.538897753,1.538048506,80797,77172,161594
[RESULT] 101,128,8,1.536881208,1.536046743,80797,77172,161594
[RESULT] 101,128,9,1.536951303,1.536066055,80797,77172,161594
[RESULT] 110,128,0,1.280952930,1.280060053,80555,76888,161110
[RESULT] 110,128,1,1.535988092,1.535067797,80555,76888,161110
[RESULT] 110,128,2,1.669020891,1.668067217,80555,76888,161110
[RESULT] 110,128,3,1.664946795,1.664053202,80555,76888,161110
[RESULT] 110,128,4,1.664947987,1.664057732,80555,76888,161110
[RESULT] 110,128,5,1.666916847,1.666044474,80555,76888,161110
[RESULT] 110,128,6,1.725926638,1.725049019,80555,76888,161110
[RESULT] 110,128,7,1.539000750,1.538086653,80555,76888,161110
[RESULT] 110,128,8,1.537959099,1.537078142,80555,76888,161110
[RESULT] 110,128,9,1.540723562,1.539824486,80555,76888,161110
[RESULT] 16,128,0,1.531026363,1.530078173,79948,76300,159896
[RESULT] 16,128,1,1.537047625,1.536086082,79948,76300,159896
[RESULT] 16,128,2,1.666084290,1.665091038,79948,76300,159896
[RESULT] 16,128,3,1.792017460,1.791096449,79948,76300,159896
[RESULT] 16,128,4,1.916047573,1.915069342,79948,76300,159896
[RESULT] 16,128,5,2.049991608,2.049075365,79948,76300,159896
[RESULT] 16,128,6,2.049020767,2.048091412,79948,76300,159896
[RESULT] 16,128,7,1.792994022,1.792063951,79948,76300,159896
[RESULT] 16,128,8,1.890041828,1.889066219,79948,76300,159896
[RESULT] 16,128,9,1.702267885,1.701298952,79948,76300,159896
[RESULT] 5,128,0,1.533881664,1.533033371,80413,76768,160826
[RESULT] 5,128,1,1.537484407,1.536041737,80413,76768,160826
[RESULT] 5,128,2,1.660857677,1.660035849,80413,76768,160826
[RESULT] 5,128,3,1.671873093,1.671042442,80413,76768,160826
[RESULT] 5,128,4,1.790882111,1.790052891,80413,76768,160826
[RESULT] 5,128,5,2.048888922,2.048043489,80413,76768,160826
[RESULT] 5,128,6,2.046884060,2.046046734,80413,76768,160826
[RESULT] 5,128,7,1.793896198,1.793039799,80413,76768,160826
[RESULT] 5,128,8,1.664895296,1.664048433,80413,76768,160826
[RESULT] 5,128,9,1.666946650,1.666064978,80413,76768,160826
[RESULT] 55,128,0,1.407002687,1.406113386,81386,77666,162772
[RESULT] 55,128,1,1.407005310,1.406130075,81386,77666,162772
[RESULT] 55,128,2,1.758890152,1.758011818,81386,77666,162772
[RESULT] 55,128,3,1.748657703,1.747008801,81386,77666,162772
[RESULT] 55,128,4,1.763921499,1.763020515,81386,77666,162772
[RESULT] 55,128,5,1.408023834,1.407137632,81386,77666,162772
[RESULT] 55,128,6,1.414026260,1.413170338,81386,77666,162772
[RESULT] 55,128,7,1.395912409,1.395016670,81386,77666,162772
[RESULT] 55,128,8,1.407843590,1.406946898,81386,77666,162772
[RESULT] 55,128,9,1.407925606,1.407024145,81386,77666,162772
[RESULT] 122,128,0,1.408972025,1.408044577,80754,77125,161508
[RESULT] 122,128,1,1.540023327,1.539061546,80754,77125,161508
[RESULT] 122,128,2,1.665041208,1.664056540,80754,77125,161508
[RESULT] 122,128,3,1.662965298,1.662039042,80754,77125,161508
[RESULT] 122,128,4,1.664974928,1.664045811,80754,77125,161508
[RESULT] 122,128,5,1.662940502,1.662053347,80754,77125,161508
[RESULT] 122,128,6,1.789947748,1.789040804,80754,77125,161508
[RESULT] 122,128,7,1.539045095,1.538097858,80754,77125,161508
[RESULT] 122,128,8,1.538051844,1.537083149,80754,77125,161508
[RESULT] 122,128,9,1.538517714,1.537460804,80754,77125,161508
[RESULT] 116,128,0,1.551065922,1.550067902,79510,75856,159020
[RESULT] 116,128,1,1.536085367,1.535074234,79510,75856,159020
[RESULT] 116,128,2,1.666063547,1.665084600,79510,75856,159020
[RESULT] 116,128,3,1.664041519,1.663076878,79510,75856,159020
[RESULT] 116,128,4,1.664047003,1.663067341,79510,75856,159020
[RESULT] 116,128,5,1.790014505,1.789076090,79510,75856,159020
[RESULT] 116,128,6,1.921012878,1.920068741,79510,75856,159020
[RESULT] 116,128,7,1.665015936,1.664080143,79510,75856,159020
[RESULT] 116,128,8,1.667037964,1.666076660,79510,75856,159020
[RESULT] 116,128,9,1.576314688,1.575339317,79510,75856,159020
[RESULT] 8,128,0,1.535095692,1.534090281,80108,76453,160216
[RESULT] 8,128,1,1.541084528,1.540093660,80108,76453,160216
[RESULT] 8,128,2,1.662086248,1.661099911,80108,76453,160216
[RESULT] 8,128,3,1.660773993,1.659119368,80108,76453,160216
[RESULT] 8,128,4,1.792060614,1.791072130,80108,76453,160216
[RESULT] 8,128,5,1.918048859,1.917079687,80108,76453,160216
[RESULT] 8,128,6,1.920996904,1.920034409,80108,76453,160216
[RESULT] 8,128,7,1.661023378,1.660086632,80108,76453,160216
[RESULT] 8,128,8,1.670046329,1.669084072,80108,76453,160216
[RESULT] 8,128,9,1.694381714,1.693382740,80108,76453,160216
[RESULT] 127,128,0,1.049002171,1.048134565,80892,77252,161784
[RESULT] 127,128,1,1.056803703,1.055193424,80892,77252,161784
[RESULT] 127,128,2,1.056005955,1.055128574,80892,77252,161784
[RESULT] 127,128,3,1.051983595,1.051127672,80892,77252,161784
[RESULT] 127,128,4,1.049007177,1.048146725,80892,77252,161784
[RESULT] 127,128,5,1.055895329,1.055012703,80892,77252,161784
[RESULT] 127,128,6,1.011911154,1.011017323,80892,77252,161784
[RESULT] 127,128,7,1.045001507,1.044144869,80892,77252,161784
[RESULT] 127,128,8,1.056009054,1.055165052,80892,77252,161784
[RESULT] 127,128,9,1.056033611,1.055095911,80892,77252,161784
[RESULT] 0,128,0,1.658944845,1.657994509,79377,75744,158754
[RESULT] 0,128,1,1.664995909,1.663996220,79377,75744,158754
[RESULT] 0,128,2,1.793975592,1.793013573,79377,75744,158754
[RESULT] 0,128,3,1.791966915,1.791006804,79377,75744,158754
[RESULT] 0,128,4,1.924005747,1.923000574,79377,75744,158754
[RESULT] 0,128,5,2.049943924,2.048976421,79377,75744,158754
[RESULT] 0,128,6,2.048934221,2.047988653,79377,75744,158754
[RESULT] 0,128,7,1.792959452,1.792013884,79377,75744,158754
[RESULT] 0,128,8,1.797973871,1.797012329,79377,75744,158754
[RESULT] 0,128,9,1.820595980,1.819627523,79377,75744,158754

Benchmark Summary
Processes: 128
Iterations: 10
Matrix NNZ: 10328399
Total execution time: 444.125 seconds
[RESULT] 27,128,0,1.769925356,1.769017458,81780,78163,163560
[RESULT] 27,128,1,1.759690762,1.758031845,81780,78163,163560
[RESULT] 27,128,2,1.758924723,1.758017778,81780,78163,163560
[RESULT] 27,128,3,1.551239967,1.550394773,81780,78163,163560
[RESULT] 27,128,4,1.412248850,1.411407948,81780,78163,163560
[RESULT] 27,128,5,1.759923220,1.759012461,81780,78163,163560
[RESULT] 27,128,6,1.776916742,1.776005507,81780,78163,163560
[RESULT] 27,128,7,1.395941973,1.395025730,81780,78163,163560
[RESULT] 27,128,8,1.407974243,1.407063961,81780,78163,163560
[RESULT] 27,128,9,1.407953262,1.407030106,81780,78163,163560
[RESULT] 31,128,0,1.407018661,1.406167746,81073,77437,162146
[RESULT] 31,128,1,1.407000065,1.406151295,81073,77437,162146
[RESULT] 31,128,2,1.408186913,1.407383919,81073,77437,162146
[RESULT] 31,128,3,1.747911692,1.747016430,81073,77437,162146
[RESULT] 31,128,4,1.411901951,1.411020041,81073,77437,162146
[RESULT] 31,128,5,1.407957315,1.407097816,81073,77437,162146
[RESULT] 31,128,6,1.407963991,1.407096386,81073,77437,162146
[RESULT] 31,128,7,1.153888226,1.153011084,81073,77437,162146
[RESULT] 31,128,8,1.407889128,1.407010078,81073,77437,162146
[RESULT] 31,128,9,1.407913923,1.407020807,81073,77437,162146
[RESULT] 43,128,0,1.407020569,1.406106710,81739,78026,163478
[RESULT] 43,128,1,1.407748461,1.406139612,81739,78026,163478
[RESULT] 43,128,2,1.407275438,1.406435251,81739,78026,163478
[RESULT] 43,128,3,1.408247232,1.407419682,81739,78026,163478
[RESULT] 43,128,4,1.401254654,1.400416613,81739,78026,163478
[RESULT] 43,128,5,1.759927034,1.759006977,81739,78026,163478
[RESULT] 43,128,6,1.776923180,1.776003122,81739,78026,163478
[RESULT] 43,128,7,1.406934500,1.406030655,81739,78026,163478
[RESULT] 43,128,8,1.407938957,1.407015324,81739,78026,163478
[RESULT] 43,128,9,1.407957077,1.407021999,81739,78026,163478
[RESULT] 111,128,0,1.048980236,1.048102617,81004,77351,162008
[RESULT] 111,128,1,1.055980444,1.055109262,81004,77351,162008
[RESULT] 111,128,2,1.056009054,1.055129766,81004,77351,162008
[RESULT] 111,128,3,1.063005209,1.062126637,81004,77351,162008
[RESULT] 111,128,4,1.049018145,1.048146248,81004,77351,162008
[RESULT] 111,128,5,1.056264400,1.055451870,81004,77351,162008
[RESULT] 111,128,6,1.407907009,1.407016277,81004,77351,162008
[RESULT] 111,128,7,1.056004763,1.055126667,81004,77351,162008
[RESULT] 111,128,8,1.056005716,1.055125952,81004,77351,162008
[RESULT] 111,128,9,1.055864334,1.054957867,81004,77351,162008
[RESULT] 47,128,0,1.323910952,1.323030949,81887,78190,163774
[RESULT] 47,128,1,1.408615351,1.407018900,81887,78190,163774
[RESULT] 47,128,2,1.406882763,1.406016111,81887,78190,163774
[RESULT] 47,128,3,1.276210785,1.275423765,81887,78190,163774
[RESULT] 47,128,4,1.401219368,1.400424480,81887,78190,163774
[RESULT] 47,128,5,1.759926796,1.759042501,81887,78190,163774
[RESULT] 47,128,6,1.765931368,1.765037060,81887,78190,163774
[RESULT] 47,128,7,1.406930208,1.406039238,81887,78190,163774
[RESULT] 47,128,8,1.407897472,1.407011509,81887,78190,163774
[RESULT] 47,128,9,1.407921314,1.407027245,81887,78190,163774
[RESULT] 19,128,0,1.748014450,1.747130156,81378,77742,162756
[RESULT] 19,128,1,1.759786606,1.758159876,81378,77742,162756
[RESULT] 19,128,2,1.758964777,1.758098125,81378,77742,162756
[RESULT] 19,128,3,1.770985126,1.770122528,81378,77742,162756
[RESULT] 19,128,4,1.751998663,1.751145601,81378,77742,162756
[RESULT] 19,128,5,2.110893250,2.110012054,81378,77742,162756
[RESULT] 19,128,6,2.121909857,2.121011972,81378,77742,162756
[RESULT] 19,128,7,1.758915663,1.758022785,81378,77742,162756
[RESULT] 19,128,8,1.758960485,1.758077145,81378,77742,162756
[RESULT] 19,128,9,1.759921551,1.759017467,81378,77742,162756
[RESULT] 7,128,0,1.418249369,1.417413950,81100,77436,162200
[RESULT] 7,128,1,1.408157349,1.406538486,81100,77436,162200
[RESULT] 7,128,2,2.110908508,2.110008240,81100,77436,162200
[RESULT] 7,128,3,2.099957466,2.099028111,81100,77436,162200
[RESULT] 7,128,4,2.114919662,2.114010096,81100,77436,162200
[RESULT] 7,128,5,2.078040361,2.077171803,81100,77436,162200
[RESULT] 7,128,6,2.100033283,2.099167585,81100,77436,162200
[RESULT] 7,128,7,1.967912436,1.967001915,81100,77436,162200
[RESULT] 7,128,8,1.758909702,1.758013964,81100,77436,162200
[RESULT] 7,128,9,1.759952068,1.759029865,81100,77436,162200
[RESULT] 67,128,0,1.747939587,1.747029543,81753,77938,163506
[RESULT] 67,128,1,1.759692669,1.758032322,81753,77938,163506
[RESULT] 67,128,2,1.759026289,1.758146763,81753,77938,163506
[RESULT] 67,128,3,1.771032810,1.770150423,81753,77938,163506
[RESULT] 67,128,4,1.764035463,1.763168097,81753,77938,163506
[RESULT] 67,128,5,1.758900642,1.758004665,81753,77938,163506
[RESULT] 67,128,6,1.754899502,1.753997326,81753,77938,163506
[RESULT] 67,128,7,1.769931316,1.769009113,81753,77938,163506
[RESULT] 67,128,8,1.725973368,1.725091219,81753,77938,163506
[RESULT] 67,128,9,1.760095835,1.759138346,81753,77938,163506
[RESULT] 35,128,0,1.758902073,1.758013010,81032,77391,162064
[RESULT] 35,128,1,1.681941032,1.681067467,81032,77391,162064
[RESULT] 35,128,2,1.759006262,1.758158922,81032,77391,162064
[RESULT] 35,128,3,1.771018028,1.770151138,81032,77391,162064
[RESULT] 35,128,4,1.752992392,1.752115250,81032,77391,162064
[RESULT] 35,128,5,2.110938072,2.110040903,81032,77391,162064
[RESULT] 35,128,6,2.121904135,2.121000528,81032,77391,162064
[RESULT] 35,128,7,1.769902468,1.768996954,81032,77391,162064
[RESULT] 35,128,8,1.769841433,1.768950462,81032,77391,162064
[RESULT] 35,128,9,1.759933710,1.759008646,81032,77391,162064
[RESULT] 123,128,0,1.049039602,1.048159361,81371,77740,162742
[RESULT] 123,128,1,1.056834936,1.055222273,81371,77740,162742
[RESULT] 123,128,2,1.056028605,1.055138350,81371,77740,162742
[RESULT] 123,128,3,1.052029371,1.051132202,81371,77740,162742
[RESULT] 123,128,4,1.125929594,1.125007868,81371,77740,162742
[RESULT] 123,128,5,1.407941818,1.407013655,81371,77740,162742
[RESULT] 123,128,6,1.407932520,1.406999826,81371,77740,162742
[RESULT] 123,128,7,1.417979479,1.417063475,81371,77740,162742
[RESULT] 123,128,8,1.418003798,1.417080164,81371,77740,162742
[RESULT] 123,128,9,1.407964706,1.407019854,81371,77740,162742
[RESULT] 75,128,0,1.593956470,1.593012571,81604,77880,163208
[RESULT] 75,128,1,1.429687977,1.428026199,81604,77880,163208
[RESULT] 75,128,2,1.759050131,1.758116484,81604,77880,163208
[RESULT] 75,128,3,1.771071672,1.770159960,81604,77880,163208
[RESULT] 75,128,4,1.764046431,1.763145447,81604,77880,163208
[RESULT] 75,128,5,1.759006023,1.758077860,81604,77880,163208
[RESULT] 75,128,6,1.755016565,1.754114389,81604,77880,163208
[RESULT] 75,128,7,1.769943237,1.769008160,81604,77880,163208
[RESULT] 75,128,8,1.417951107,1.417022228,81604,77880,163208
[RESULT] 75,128,9,1.759958029,1.759019852,81604,77880,163208
[RESULT] 15,128,0,1.411918163,1.411036253,80982,77314,161964
[RESULT] 15,128,1,1.417913675,1.417033434,80982,77314,161964
[RESULT] 15,128,2,1.758881807,1.758019447,80982,77314,161964
[RESULT] 15,128,3,1.769900084,1.769015551,80982,77314,161964
[RESULT] 15,128,4,1.763834953,1.762958288,80982,77314,161964
[RESULT] 15,128,5,2.109870195,2.109009981,80982,77314,161964
[RESULT] 15,128,6,1.759879827,1.759007454,80982,77314,161964
[RESULT] 15,128,7,1.417882204,1.417014837,80982,77314,161964
[RESULT] 15,128,8,1.758874416,1.758013010,80982,77314,161964
[RESULT] 15,128,9,1.759935856,1.759040833,80982,77314,161964
[RESULT] 87,128,0,1.407052755,1.406151295,81541,77910,163082
[RESULT] 87,128,1,1.407826900,1.406198025,81541,77910,163082
[RESULT] 87,128,2,1.407038450,1.406176090,81541,77910,163082
[RESULT] 87,128,3,1.408058167,1.407200575,81541,77910,163082
[RESULT] 87,128,4,1.412052155,1.411209822,81541,77910,163082
[RESULT] 87,128,5,1.408419371,1.407541513,81541,77910,163082
[RESULT] 87,128,6,1.425356150,1.424483538,81541,77910,163082
[RESULT] 87,128,7,1.396035671,1.395172119,81541,77910,163082
[RESULT] 87,128,8,1.408032179,1.407165051,81541,77910,163082
[RESULT] 87,128,9,1.407952070,1.407018185,81541,77910,163082
[RESULT] 71,128,0,1.758932114,1.758020639,80877,77144,161754
[RESULT] 71,128,1,1.769930124,1.769024849,80877,77144,161754
[RESULT] 71,128,2,1.758986473,1.758105040,80877,77144,161754
[RESULT] 71,128,3,1.771026373,1.770141602,80877,77144,161754
[RESULT] 71,128,4,1.764041662,1.763135672,80877,77144,161754
[RESULT] 71,128,5,1.758915663,1.758007765,80877,77144,161754
[RESULT] 71,128,6,1.754968643,1.754087687,80877,77144,161754
[RESULT] 71,128,7,1.769923687,1.769011497,80877,77144,161754
[RESULT] 71,128,8,1.758916616,1.758015156,80877,77144,161754
[RESULT] 71,128,9,1.759954214,1.759016991,80877,77144,161754
[RESULT] 91,128,0,1.411921978,1.410998106,82170,78540,164340
[RESULT] 91,128,1,1.407928944,1.407004118,82170,78540,164340
[RESULT] 91,128,2,1.406934261,1.406017780,82170,78540,164340
[RESULT] 91,128,3,1.418014050,1.417066097,82170,78540,164340
[RESULT] 91,128,4,1.412006140,1.411065340,82170,78540,164340
[RESULT] 91,128,5,1.407928467,1.407008171,82170,78540,164340
[RESULT] 91,128,6,1.407980204,1.407077551,82170,78540,164340
[RESULT] 91,128,7,1.417966604,1.417034149,82170,78540,164340
[RESULT] 91,128,8,1.406926632,1.406013012,82170,78540,164340
[RESULT] 91,128,9,1.407957792,1.407010794,82170,78540,164340
[RESULT] 3,128,0,1.758979082,1.758078575,81318,77682,162636
[RESULT] 3,128,1,1.758974552,1.758104324,81318,77682,162636
[RESULT] 3,128,2,2.110894680,2.109996796,81318,77682,162636
[RESULT] 3,128,3,2.098907948,2.097994328,81318,77682,162636
[RESULT] 3,128,4,2.114898920,2.114000320,81318,77682,162636
[RESULT] 3,128,5,2.100213766,2.099395990,81318,77682,162636
[RESULT] 3,128,6,2.451859236,2.450958729,81318,77682,162636
[RESULT] 3,128,7,2.121863842,2.120959282,81318,77682,162636
[RESULT] 3,128,8,2.110883236,2.109991550,81318,77682,162636
[RESULT] 3,128,9,2.106928587,2.106010199,81318,77682,162636
