Retrieving the matrix from '../data/tmt_sym.mtx'...
Real Matrix (Strong Scaling): Rows=726713 | Cols=726713 | NNZ=2903837 | Procs=8
Matrix distributed and converted to CSR
Ghost columns identified: 251661 total ghost values needed
Local vector initialized (size=90840 per process)
[RESULT] 3,8,0,0.006805658,0.004380465,362540,249164,725080
[RESULT] 3,8,1,0.006156921,0.003743649,362540,249164,725080
[RESULT] 3,8,2,0.006371975,0.003978014,362540,249164,725080
[RESULT] 3,8,3,0.006395578,0.003987551,362540,249164,725080
[RESULT] 3,8,4,0.006227016,0.003813505,362540,249164,725080
[RESULT] 3,8,5,0.006336689,0.003932238,362540,249164,725080
[RESULT] 3,8,6,0.006005526,0.003612041,362540,249164,725080
[RESULT] 3,8,7,0.006136894,0.003763676,362540,249164,725080
[RESULT] 3,8,8,0.006088257,0.003698826,362540,249164,725080
[RESULT] 3,8,9,0.005996704,0.003616810,362540,249164,725080
[RESULT] 7,8,0,0.006393909,0.003872871,363277,249681,726554
[RESULT] 7,8,1,0.006034851,0.003529310,363277,249681,726554
[RESULT] 7,8,2,0.006142378,0.003661871,363277,249681,726554
[RESULT] 7,8,3,0.006145000,0.003686666,363277,249681,726554
[RESULT] 7,8,4,0.005941153,0.003454685,363277,249681,726554
[RESULT] 7,8,5,0.006201982,0.003756762,363277,249681,726554
[RESULT] 0,8,0,0.007029533,0.004528284,362930,251661,725860
[RESULT] 0,8,1,0.006052971,0.003614902,362930,251661,725860
[RESULT] 0,8,2,0.006102085,0.003614902,362930,251661,725860
[RESULT] 0,8,3,0.006157875,0.003648281,362930,251661,725860
[RESULT] 0,8,4,0.006036282,0.003597736,362930,251661,725860
[RESULT] 0,8,5,0.006062031,0.003653526,362930,251661,725860
[RESULT] 0,8,6,0.006054163,0.003628016,362930,251661,725860
[RESULT] 0,8,7,0.006118536,0.003686905,362930,251661,725860
[RESULT] 0,8,8,0.006169081,0.003732204,362930,251661,725860
[RESULT] 0,8,9,0.006136656,0.003671169,362930,251661,725860

Benchmark Summary
Processes: 8
Iterations: 10
Matrix NNZ: 2903837
Total execution time: 1.688 seconds
[RESULT] 7,8,6,0.005885839,0.003418446,363277,249681,726554
[RESULT] 7,8,7,0.006145239,0.003692627,363277,249681,726554
[RESULT] 7,8,8,0.006033182,0.003573656,363277,249681,726554
[RESULT] 4,8,0,0.006970167,0.004507780,363190,251766,726380
[RESULT] 4,8,1,0.006242752,0.003802061,363190,251766,726380
[RESULT] 4,8,2,0.006358624,0.003866911,363190,251766,726380
[RESULT] 4,8,3,0.006381989,0.003893137,363190,251766,726380
[RESULT] 4,8,4,0.006023884,0.003558397,363190,251766,726380
[RESULT] 4,8,5,0.006214380,0.003821611,363190,251766,726380
[RESULT] 4,8,6,0.005962133,0.003541231,363190,251766,726380
[RESULT] 4,8,7,0.005783081,0.003376961,363190,251766,726380
[RESULT] 4,8,8,0.006155729,0.003724813,363190,251766,726380
[RESULT] 4,8,9,0.006071568,0.003605127,363190,251766,726380
[RESULT] 7,8,9,0.006035566,0.003571749,363277,249681,726554
[RESULT] 2,8,0,0.006981373,0.004420996,363275,247632,726550
[RESULT] 2,8,1,0.006093502,0.003596067,363275,247632,726550
[RESULT] 2,8,2,0.006339073,0.003855467,363275,247632,726550
[RESULT] 2,8,3,0.006303787,0.003817081,363275,247632,726550
[RESULT] 2,8,4,0.006093025,0.003526211,363275,247632,726550
[RESULT] 2,8,5,0.006199360,0.003706694,363275,247632,726550
[RESULT] 2,8,6,0.006011009,0.003544331,363275,247632,726550
[RESULT] 2,8,7,0.006141663,0.003629208,363275,247632,726550
[RESULT] 2,8,8,0.006022215,0.003544569,363275,247632,726550
[RESULT] 6,8,0,0.007035732,0.004493237,362781,247182,725562
[RESULT] 6,8,1,0.006203413,0.003695250,362781,247182,725562
[RESULT] 6,8,2,0.006403446,0.003914833,362781,247182,725562
[RESULT] 6,8,3,0.006362438,0.003889084,362781,247182,725562
[RESULT] 6,8,4,0.005982876,0.003513813,362781,247182,725562
[RESULT] 6,8,5,0.006314278,0.003857851,362781,247182,725562
[RESULT] 6,8,6,0.006111622,0.003643274,362781,247182,725562
[RESULT] 6,8,7,0.006156445,0.003693819,362781,247182,725562
[RESULT] 6,8,8,0.006192923,0.003738880,362781,247182,725562
[RESULT] 6,8,9,0.006063938,0.003636599,362781,247182,725562
[RESULT] 2,8,9,0.006040335,0.003581285,363275,247632,726550
[RESULT] 5,8,0,0.006882668,0.004435062,362813,249458,725626
[RESULT] 5,8,1,0.006105185,0.003668308,362813,249458,725626
[RESULT] 5,8,2,0.005979300,0.003543139,362813,249458,725626
[RESULT] 5,8,3,0.006132126,0.003707170,362813,249458,725626
[RESULT] 5,8,4,0.006093025,0.003691912,362813,249458,725626
[RESULT] 5,8,5,0.006222486,0.003818274,362813,249458,725626
[RESULT] 5,8,6,0.006038904,0.003649950,362813,249458,725626
[RESULT] 5,8,7,0.006007910,0.003579617,362813,249458,725626
[RESULT] 5,8,8,0.006420851,0.004008532,362813,249458,725626
[RESULT] 5,8,9,0.006200790,0.003785372,362813,249458,725626
[RESULT] 1,8,0,0.007322550,0.004827976,363031,249543,726062
[RESULT] 1,8,1,0.006456852,0.004022121,363031,249543,726062
[RESULT] 1,8,2,0.006875515,0.004406929,363031,249543,726062
[RESULT] 1,8,3,0.006683111,0.004170656,363031,249543,726062
[RESULT] 1,8,4,0.006387711,0.003975153,363031,249543,726062
[RESULT] 1,8,5,0.006474257,0.004081726,363031,249543,726062
[RESULT] 1,8,6,0.006179094,0.003741026,363031,249543,726062
[RESULT] 1,8,7,0.006333590,0.003882170,363031,249543,726062
[RESULT] 1,8,8,0.006544352,0.004140377,363031,249543,726062
[RESULT] 1,8,9,0.006533384,0.004122496,363031,249543,726062
