Retrieving the matrix from '../data/bcsstk27.mtx'...
Real Matrix (Strong Scaling): Rows=1224 | Cols=1224 | NNZ=28675 | Procs=8
Matrix distributed and converted to CSR
Ghost columns identified: 3137 total ghost values needed
Local vector initialized (size=153 per process)
[RESULT] 4,8,0,0.000097990,0.000070333,3650,3122,7300
[RESULT] 4,8,1,0.000086784,0.000062704,3650,3122,7300
[RESULT] 4,8,2,0.007968426,0.007867813,3650,3122,7300
[RESULT] 4,8,3,0.012337208,0.012271166,3650,3122,7300
[RESULT] 4,8,4,0.012347937,0.012280226,3650,3122,7300
[RESULT] 4,8,5,0.012339830,0.012273312,3650,3122,7300
[RESULT] 4,8,6,0.012374878,0.012273788,3650,3122,7300
[RESULT] 4,8,7,0.012341738,0.012271404,3650,3122,7300
[RESULT] 4,8,8,0.012290716,0.012270927,3650,3122,7300
[RESULT] 4,8,9,0.012290955,0.012273788,3650,3122,7300
[RESULT] 7,8,0,0.001842737,0.001750708,3535,3004,7070
[RESULT] 7,8,1,0.001833200,0.001747847,3535,3004,7070
[RESULT] 7,8,2,0.000579357,0.000491381,3535,3004,7070
[RESULT] 7,8,3,0.005037785,0.004950285,3535,3004,7070
[RESULT] 7,8,4,0.004967690,0.004952192,3535,3004,7070
[RESULT] 7,8,5,0.004955530,0.004942894,3535,3004,7070
[RESULT] 7,8,6,0.004965544,0.004951715,3535,3004,7070
[RESULT] 7,8,7,0.005234480,0.004940987,3535,3004,7070
[RESULT] 7,8,8,0.005710363,0.004945517,3535,3004,7070
[RESULT] 7,8,9,0.005005121,0.004951477,3535,3004,7070
[RESULT] 5,8,0,0.026050568,0.026002884,3507,2978,7014
[RESULT] 5,8,1,0.026096344,0.026007175,3507,2978,7014
[RESULT] 5,8,2,0.012733936,0.012646675,3507,2978,7014
[RESULT] 5,8,3,0.000164747,0.000075102,3507,2978,7014
[RESULT] 5,8,4,0.000175953,0.000084162,3507,2978,7014
[RESULT] 5,8,5,0.000165224,0.000073195,3507,2978,7014
[RESULT] 5,8,6,0.000187159,0.000071526,3507,2978,7014
[RESULT] 5,8,7,0.000174046,0.000084400,3507,2978,7014
[RESULT] 5,8,8,0.000158310,0.000072479,3507,2978,7014
[RESULT] 5,8,9,0.000164986,0.000071764,3507,2978,7014
[RESULT] 6,8,0,0.001364708,0.001281023,3666,3135,7332
[RESULT] 6,8,1,0.001338959,0.001273394,3666,3135,7332
[RESULT] 6,8,2,0.000097752,0.000060320,3666,3135,7332
[RESULT] 6,8,3,0.004634619,0.004528522,3666,3135,7332
[RESULT] 6,8,4,0.004599810,0.004524469,3666,3135,7332
[RESULT] 6,8,5,0.004615307,0.004519463,3666,3135,7332
[RESULT] 6,8,6,0.004610300,0.004533052,3666,3135,7332
[RESULT] 6,8,7,0.004632235,0.004528761,3666,3135,7332
[RESULT] 6,8,8,0.004597902,0.004521370,3666,3135,7332
[RESULT] 6,8,9,0.004621744,0.004520655,3666,3135,7332
[RESULT] 0,8,0,0.026004791,0.025981426,3667,3137,7334
[RESULT] 0,8,1,0.026053190,0.025994778,3667,3137,7334
[RESULT] 0,8,2,0.017031670,0.017012596,3667,3137,7334
[RESULT] 0,8,3,0.017916203,0.013748884,3667,3137,7334
[RESULT] 0,8,4,0.017800093,0.013652802,3667,3137,7334
[RESULT] 0,8,5,0.017991781,0.013660431,3667,3137,7334
[RESULT] 0,8,6,0.017900467,0.013665915,3667,3137,7334
[RESULT] 0,8,7,0.017858028,0.013661623,3667,3137,7334
[RESULT] 0,8,8,0.018002987,0.013675451,3667,3137,7334
[RESULT] 0,8,9,0.017389297,0.013227224,3667,3137,7334

Benchmark Summary
Processes: 8
Iterations: 10
Matrix NNZ: 28675
Total execution time: 0.761 seconds
[RESULT] 2,8,0,0.024883032,0.024790525,3641,3116,7282
[RESULT] 2,8,1,0.026080370,0.025996685,3641,3116,7282
[RESULT] 2,8,2,0.026084423,0.025990486,3641,3116,7282
[RESULT] 2,8,3,0.021635294,0.021565914,3641,3116,7282
[RESULT] 2,8,4,0.021541119,0.021472454,3641,3116,7282
[RESULT] 2,8,5,0.021552801,0.021480083,3641,3116,7282
[RESULT] 2,8,6,0.021536589,0.021468639,3641,3116,7282
[RESULT] 2,8,7,0.021545887,0.021478891,3641,3116,7282
[RESULT] 2,8,8,0.021479130,0.021406174,3641,3116,7282
[RESULT] 2,8,9,0.021090269,0.021013498,3641,3116,7282
[RESULT] 3,8,0,0.026997328,0.026003599,3500,2973,7000
[RESULT] 3,8,1,0.027004957,0.026010513,3500,2973,7000
[RESULT] 3,8,2,0.026345968,0.026007891,3500,2973,7000
[RESULT] 3,8,3,0.025087357,0.021093369,3500,2973,7000
[RESULT] 3,8,4,0.024991989,0.020997524,3500,2973,7000
[RESULT] 3,8,5,0.024997711,0.021006584,3500,2973,7000
[RESULT] 3,8,6,0.025680542,0.020993233,3500,2973,7000
[RESULT] 3,8,7,0.025900841,0.021004200,3500,2973,7000
[RESULT] 3,8,8,0.026375532,0.020997524,3500,2973,7000
[RESULT] 3,8,9,0.025393963,0.020616055,3500,2973,7000
[RESULT] 1,8,0,0.014757633,0.014665127,3509,2981,7018
[RESULT] 1,8,1,0.026927233,0.026836634,3509,2981,7018
[RESULT] 1,8,2,0.042989969,0.026021242,3509,2981,7018
[RESULT] 1,8,3,0.026068211,0.025979519,3509,2981,7018
[RESULT] 1,8,4,0.025968313,0.025879622,3509,2981,7018
[RESULT] 1,8,5,0.025987625,0.025890350,3509,2981,7018
[RESULT] 1,8,6,0.025967836,0.025878668,3509,2981,7018
[RESULT] 1,8,7,0.025966883,0.025890112,3509,2981,7018
[RESULT] 1,8,8,0.025983334,0.025889397,3509,2981,7018
[RESULT] 1,8,9,0.025501728,0.025403738,3509,2981,7018
