Retrieving the matrix from '../data/Hook_1498.mtx'...
Real Matrix (Strong Scaling): Rows=1498023 | Cols=1498023 | NNZ=31207734 | Procs=8
Matrix distributed and converted to CSR
Ghost columns identified: 3308781 total ghost values needed
Local vector initialized (size=187253 per process)
[RESULT] 5,8,0,0.755387783,0.744998217,3905099,3314954,7810198
[RESULT] 5,8,1,0.767474174,0.756995201,3905099,3314954,7810198
[RESULT] 5,8,2,0.784337282,0.773992777,3905099,3314954,7810198
[RESULT] 5,8,3,0.781522036,0.771007061,3905099,3314954,7810198
[RESULT] 5,8,4,0.745557785,0.734997511,3905099,3314954,7810198
[RESULT] 5,8,5,0.475204468,0.464792728,3905099,3314954,7810198
[RESULT] 5,8,6,0.765014887,0.754362822,3905099,3314954,7810198
[RESULT] 5,8,7,0.783107758,0.760724545,3905099,3314954,7810198
[RESULT] 5,8,8,0.783499956,0.773020506,3905099,3314954,7810198
[RESULT] 5,8,9,0.774624109,0.764000893,3905099,3314954,7810198
[RESULT] 4,8,0,0.791777611,0.780003309,3903936,3313492,7807872
[RESULT] 4,8,1,0.768568039,0.756991386,3903936,3313492,7807872
[RESULT] 4,8,2,0.762904167,0.750996113,3903936,3313492,7807872
[RESULT] 4,8,3,0.764873981,0.752992868,3903936,3313492,7807872
[RESULT] 4,8,4,0.765669107,0.753990889,3903936,3313492,7807872
[RESULT] 4,8,5,0.764472485,0.752994061,3903936,3313492,7807872
[RESULT] 4,8,6,0.764323950,0.752991915,3903936,3313492,7807872
[RESULT] 4,8,7,0.764418125,0.752985477,3903936,3313492,7807872
[RESULT] 4,8,8,0.790642738,0.779066086,3903936,3313492,7807872
[RESULT] 4,8,9,0.764190912,0.752992153,3903936,3313492,7807872
[RESULT] 1,8,0,0.781244993,0.771012306,3895764,3306649,7791528
[RESULT] 1,8,1,0.793378592,0.783015013,3895764,3306649,7791528
[RESULT] 1,8,2,0.809470415,0.799148798,3895764,3306649,7791528
[RESULT] 1,8,3,0.768999100,0.758268118,3895764,3306649,7791528
[RESULT] 1,8,4,0.765459776,0.755141497,3895764,3306649,7791528
[RESULT] 1,8,5,0.500249624,0.477972984,3895764,3306649,7791528
[RESULT] 1,8,6,0.785571098,0.775107622,3895764,3306649,7791528
[RESULT] 1,8,7,0.780808210,0.758299828,3895764,3306649,7791528
[RESULT] 1,8,8,0.803135872,0.778336763,3895764,3306649,7791528
[RESULT] 1,8,9,0.793382406,0.782937765,3895764,3306649,7791528
[RESULT] 0,8,0,0.810376883,0.797644138,3898612,3308781,7797224
[RESULT] 0,8,1,0.792416811,0.779810905,3898612,3308781,7797224
[RESULT] 0,8,2,0.803614140,0.779944897,3898612,3308781,7797224
[RESULT] 0,8,3,0.791624784,0.779121637,3898612,3308781,7797224
[RESULT] 0,8,4,0.792607546,0.780004025,3898612,3308781,7797224
[RESULT] 0,8,5,0.791466951,0.779014587,3898612,3308781,7797224
[RESULT] 0,8,6,0.791405439,0.779012680,3898612,3308781,7797224
[RESULT] 0,8,7,0.799524546,0.773548126,3898612,3308781,7797224
[RESULT] 0,8,8,0.790845156,0.779007196,3898612,3308781,7797224
[RESULT] 0,8,9,0.790597916,0.779300928,3898612,3308781,7797224

Benchmark Summary
Processes: 8
Iterations: 10
Matrix NNZ: 31207734
Total execution time: 67.203 seconds
[RESULT] 6,8,0,0.813391685,0.780004025,3904396,3313720,7808792
[RESULT] 6,8,1,0.787871838,0.753982544,3904396,3313720,7808792
[RESULT] 6,8,2,0.781401634,0.748002052,3904396,3313720,7808792
[RESULT] 6,8,3,0.785451412,0.752161980,3904396,3313720,7808792
[RESULT] 6,8,4,0.782210827,0.748994350,3904396,3313720,7808792
[RESULT] 6,8,5,0.792558908,0.758999109,3904396,3313720,7808792
[RESULT] 6,8,6,0.788075924,0.753983974,3904396,3313720,7808792
[RESULT] 6,8,7,0.815987825,0.781698227,3904396,3313720,7808792
[RESULT] 6,8,8,0.789621830,0.766089678,3904396,3313720,7808792
[RESULT] 6,8,9,0.786827803,0.752987862,3904396,3313720,7808792
[RESULT] 3,8,0,0.827363014,0.793731928,3900463,3310430,7800926
[RESULT] 3,8,1,0.811984539,0.780007839,3900463,3310430,7800926
[RESULT] 3,8,2,0.811983347,0.781004906,3900463,3310430,7800926
[RESULT] 3,8,3,0.817019701,0.790792704,3900463,3310430,7800926
[RESULT] 3,8,4,0.794490337,0.769006491,3900463,3310430,7800926
[RESULT] 3,8,5,0.813981295,0.780003786,3900463,3310430,7800926
[RESULT] 3,8,6,0.812973022,0.779992342,3900463,3310430,7800926
[RESULT] 3,8,7,0.808771849,0.774792433,3900463,3310430,7800926
[RESULT] 3,8,8,0.800761461,0.772746563,3900463,3310430,7800926
[RESULT] 3,8,9,0.803402901,0.770732164,3900463,3310430,7800926
[RESULT] 2,8,0,0.838993311,0.805999517,3896192,3307151,7792384
[RESULT] 2,8,1,0.809303045,0.780002356,3896192,3307151,7792384
[RESULT] 2,8,2,0.806645155,0.774237156,3896192,3307151,7792384
[RESULT] 2,8,3,0.803162813,0.772250175,3896192,3307151,7792384
[RESULT] 2,8,4,0.805254221,0.772268772,3896192,3307151,7792384
[RESULT] 2,8,5,0.817964792,0.784978867,3896192,3307151,7792384
[RESULT] 2,8,6,0.823988438,0.780006170,3896192,3307151,7792384
[RESULT] 2,8,7,0.816791058,0.783522844,3896192,3307151,7792384
[RESULT] 2,8,8,0.833978653,0.808286190,3896192,3307151,7792384
[RESULT] 2,8,9,0.812013388,0.778989315,3896192,3307151,7792384
[RESULT] 7,8,0,0.838994980,0.806018829,3903272,3312570,7806544
[RESULT] 7,8,1,0.786864281,0.754002571,3903272,3312570,7806544
[RESULT] 7,8,2,0.786789179,0.753997087,3903272,3312570,7806544
[RESULT] 7,8,3,0.863311291,0.754005194,3903272,3312570,7806544
[RESULT] 7,8,4,0.776681900,0.742997169,3903272,3312570,7806544
[RESULT] 7,8,5,0.788096905,0.754000902,3903272,3312570,7806544
[RESULT] 7,8,6,0.787706614,0.753993511,3903272,3312570,7806544
[RESULT] 7,8,7,0.788253069,0.754393339,3903272,3312570,7806544
[RESULT] 7,8,8,0.787388563,0.757207870,3903272,3312570,7806544
[RESULT] 7,8,9,0.812081099,0.780014992,3903272,3312570,7806544
