Retrieving the matrix from '../data/Andrews.mtx'...
Real Matrix (Strong Scaling): Rows=60000 | Cols=60000 | NNZ=410077 | Procs=8
Matrix distributed and converted to CSR
Ghost columns identified: 35617 total ghost values needed
Local vector initialized (size=7500 per process)
[RESULT] 1,8,0,0.027993679,0.014561415,51802,36707,103604
[RESULT] 1,8,1,0.026276350,0.026001453,51802,36707,103604
[RESULT] 1,8,2,0.026268244,0.025996208,51802,36707,103604
[RESULT] 1,8,3,0.037425041,0.037107468,51802,36707,103604
[RESULT] 1,8,4,0.026306391,0.025993824,51802,36707,103604
[RESULT] 1,8,5,0.026671171,0.026360273,51802,36707,103604
[RESULT] 1,8,6,0.026701689,0.026377439,51802,36707,103604
[RESULT] 1,8,7,0.026297569,0.026040792,51802,36707,103604
[RESULT] 1,8,8,0.026293278,0.026036263,51802,36707,103604
[RESULT] 1,8,9,0.026331902,0.026077986,51802,36707,103604
[RESULT] 4,8,0,0.000789165,0.000448465,50521,35725,101042
[RESULT] 4,8,1,0.000524044,0.000209808,50521,35725,101042
[RESULT] 4,8,2,0.000501871,0.000171900,50521,35725,101042
[RESULT] 4,8,3,0.000685930,0.000372887,50521,35725,101042
[RESULT] 4,8,4,0.002677202,0.002364874,50521,35725,101042
[RESULT] 4,8,5,0.000725269,0.000401974,50521,35725,101042
[RESULT] 4,8,6,0.000729084,0.000393629,50521,35725,101042
[RESULT] 4,8,7,0.000517368,0.000174761,50521,35725,101042
[RESULT] 4,8,8,0.000737906,0.000413895,50521,35725,101042
[RESULT] 4,8,9,0.000741720,0.000419617,50521,35725,101042
[RESULT] 6,8,0,0.002219200,0.001454592,50863,35902,101726
[RESULT] 6,8,1,0.001606464,0.001019716,50863,35902,101726
[RESULT] 6,8,2,0.001555920,0.000982761,50863,35902,101726
[RESULT] 6,8,3,0.001565456,0.000952721,50863,35902,101726
[RESULT] 6,8,4,0.003826141,0.003238440,50863,35902,101726
[RESULT] 6,8,5,0.001523972,0.000931740,50863,35902,101726
[RESULT] 6,8,6,0.001609802,0.000932455,50863,35902,101726
[RESULT] 6,8,7,0.001606226,0.000933647,50863,35902,101726
[RESULT] 6,8,8,0.001514435,0.000941992,50863,35902,101726
[RESULT] 6,8,9,0.001503944,0.000925779,50863,35902,101726
[RESULT] 3,8,0,0.027350664,0.026587963,51507,36280,103014
[RESULT] 3,8,1,0.026675940,0.026063681,51507,36280,103014
[RESULT] 3,8,2,0.026682138,0.026085138,51507,36280,103014
[RESULT] 3,8,3,0.026720285,0.026075125,51507,36280,103014
[RESULT] 3,8,4,0.029198408,0.028517485,51507,36280,103014
[RESULT] 3,8,5,0.026641130,0.026068687,51507,36280,103014
[RESULT] 3,8,6,0.026657343,0.026082754,51507,36280,103014
[RESULT] 3,8,7,0.026666641,0.026098251,51507,36280,103014
[RESULT] 3,8,8,0.026670694,0.026096582,51507,36280,103014
[RESULT] 3,8,9,0.026698112,0.026088476,51507,36280,103014
[RESULT] 5,8,0,0.000931978,0.000642061,52386,37119,104772
[RESULT] 5,8,1,0.028797150,0.026021242,52386,37119,104772
[RESULT] 5,8,2,0.028768539,0.026100397,52386,37119,104772
[RESULT] 5,8,3,0.024400234,0.024130344,52386,37119,104772
[RESULT] 5,8,4,0.000675678,0.000416517,52386,37119,104772
[RESULT] 5,8,5,0.029186249,0.026154518,52386,37119,104772
[RESULT] 5,8,6,0.029205799,0.026161909,52386,37119,104772
[RESULT] 5,8,7,0.028875113,0.026157856,52386,37119,104772
[RESULT] 5,8,8,0.028867245,0.026152611,52386,37119,104772
[RESULT] 5,8,9,0.028872967,0.026098490,52386,37119,104772
[RESULT] 2,8,0,0.026865005,0.025299788,50656,35748,101312
[RESULT] 2,8,1,0.025921106,0.025275707,50656,35748,101312
[RESULT] 2,8,2,0.025943041,0.025420904,50656,35748,101312
[RESULT] 2,8,3,0.025794983,0.025273323,50656,35748,101312
[RESULT] 2,8,4,0.026051998,0.025486469,50656,35748,101312
[RESULT] 2,8,5,0.026044369,0.025397539,50656,35748,101312
[RESULT] 2,8,6,0.026245117,0.025639057,50656,35748,101312
[RESULT] 2,8,7,0.026192904,0.025621891,50656,35748,101312
[RESULT] 2,8,8,0.026026726,0.025407791,50656,35748,101312
[RESULT] 2,8,9,0.025951862,0.025449991,50656,35748,101312
[RESULT] 0,8,0,0.026405334,0.026026726,50623,35617,101246
[RESULT] 0,8,1,0.026310682,0.025987864,50623,35617,101246
[RESULT] 0,8,2,0.026324511,0.025994539,50623,35617,101246
[RESULT] 0,8,3,0.026316404,0.025995493,50623,35617,101246
[RESULT] 0,8,4,0.026367426,0.026026726,50623,35617,101246
[RESULT] 0,8,5,0.026355267,0.025999069,50623,35617,101246
[RESULT] 0,8,6,0.026339054,0.025995731,50623,35617,101246
[RESULT] 0,8,7,0.026324034,0.025989532,50623,35617,101246
[RESULT] 0,8,8,0.026356459,0.025995493,50623,35617,101246
[RESULT] 0,8,9,0.026322603,0.025997162,50623,35617,101246

Benchmark Summary
Processes: 8
Iterations: 10
Matrix NNZ: 410077
Total execution time: 1.825 seconds
[RESULT] 7,8,0,0.026741982,0.026057720,51719,36647,103438
[RESULT] 7,8,1,0.026561022,0.026016951,51719,36647,103438
[RESULT] 7,8,2,0.026574135,0.026020527,51719,36647,103438
[RESULT] 7,8,3,0.026705503,0.026019096,51719,36647,103438
[RESULT] 7,8,4,0.026889563,0.026367426,51719,36647,103438
[RESULT] 7,8,5,0.026539326,0.026022434,51719,36647,103438
[RESULT] 7,8,6,0.026640892,0.026119471,51719,36647,103438
[RESULT] 7,8,7,0.026848078,0.026311636,51719,36647,103438
[RESULT] 7,8,8,0.026638269,0.026115894,51719,36647,103438
[RESULT] 7,8,9,0.026688099,0.026031256,51719,36647,103438
