Retrieving the matrix from '../data/bcsstk27.mtx'...
Real Matrix (Strong Scaling): Rows=1224 | Cols=1224 | NNZ=28675 | Procs=2
Matrix distributed and converted to CSR
Ghost columns identified: 7303 total ghost values needed
Local vector initialized (size=612 per process)
[RESULT] 0,2,0,0.000185490,0.000117064,14624,7303,29248
[RESULT] 0,2,1,0.000168562,0.000115395,14624,7303,29248
[RESULT] 0,2,2,0.000171423,0.000118971,14624,7303,29248
[RESULT] 0,2,3,0.000165224,0.000113010,14624,7303,29248
[RESULT] 0,2,4,0.000166178,0.000113726,14624,7303,29248
[RESULT] 0,2,5,0.000175714,0.000113487,14624,7303,29248
[RESULT] 0,2,6,0.000163317,0.000110865,14624,7303,29248
[RESULT] 0,2,7,0.000163078,0.000110626,14624,7303,29248
[RESULT] 0,2,8,0.000167608,0.000115395,14624,7303,29248
[RESULT] 0,2,9,0.000164509,0.000112057,14624,7303,29248

Benchmark Summary
Processes: 2
Iterations: 10
Matrix NNZ: 28675
Total execution time: 0.018 seconds
[RESULT] 1,2,0,0.000187159,0.000139713,14051,6730,28102
[RESULT] 1,2,1,0.000138998,0.000091791,14051,6730,28102
[RESULT] 1,2,2,0.000135422,0.000088215,14051,6730,28102
[RESULT] 1,2,3,0.000140429,0.000093222,14051,6730,28102
[RESULT] 1,2,4,0.000135422,0.000088453,14051,6730,28102
[RESULT] 1,2,5,0.000139236,0.000092268,14051,6730,28102
[RESULT] 1,2,6,0.000137568,0.000090599,14051,6730,28102
[RESULT] 1,2,7,0.000137329,0.000090361,14051,6730,28102
[RESULT] 1,2,8,0.000138998,0.000092268,14051,6730,28102
[RESULT] 1,2,9,0.000135899,0.000088930,14051,6730,28102
