Retrieving the matrix from '../data/tmt_sym.mtx'...
Real Matrix (Strong Scaling): Rows=726713 | Cols=726713 | NNZ=2903837 | Procs=32
Matrix distributed and converted to CSR
Ghost columns identified: 66721 total ghost values needed
Local vector initialized (size=22710 per process)
[RESULT] 25,32,0,0.272994280,0.264018774,90648,66787,181296
[RESULT] 25,32,1,0.176997185,0.175040007,90648,66787,181296
[RESULT] 25,32,2,0.183997631,0.176049709,90648,66787,181296
[RESULT] 25,32,3,0.185997009,0.184024334,90648,66787,181296
[RESULT] 25,32,4,0.167997837,0.167023182,90648,66787,181296
[RESULT] 25,32,5,0.183491945,0.176053286,90648,66787,181296
[RESULT] 25,32,6,0.177997112,0.176021814,90648,66787,181296
[RESULT] 25,32,7,0.179997444,0.176054001,90648,66787,181296
[RESULT] 25,32,8,0.176999569,0.176030397,90648,66787,181296
[RESULT] 25,32,9,0.089513063,0.089205027,90648,66787,181296
[RESULT] 20,32,0,0.288722277,0.288062334,90769,66710,181538
[RESULT] 20,32,1,0.288628578,0.288061857,90769,66710,181538
[RESULT] 20,32,2,0.289589405,0.289046526,90769,66710,181538
[RESULT] 20,32,3,0.385994434,0.288068295,90769,66710,181538
[RESULT] 20,32,4,0.192628384,0.192097664,90769,66710,181538
[RESULT] 20,32,5,0.192650080,0.192081690,90769,66710,181538
[RESULT] 20,32,6,0.192683697,0.192119360,90769,66710,181538
[RESULT] 20,32,7,0.192652464,0.192084312,90769,66710,181538
[RESULT] 20,32,8,0.192676067,0.192122698,90769,66710,181538
[RESULT] 20,32,9,0.192701578,0.192147255,90769,66710,181538
[RESULT] 13,32,0,0.193417549,0.192004442,90682,66527,181364
[RESULT] 13,32,1,0.192579031,0.192011356,90682,66527,181364
[RESULT] 13,32,2,0.192483902,0.192005157,90682,66527,181364
[RESULT] 13,32,3,0.096735239,0.096149445,90682,66527,181364
[RESULT] 13,32,4,0.096680403,0.096159220,90682,66527,181364
[RESULT] 13,32,5,0.096701384,0.096133232,90682,66527,181364
[RESULT] 13,32,6,0.096743584,0.096179485,90682,66527,181364
[RESULT] 13,32,7,0.096701622,0.096139431,90682,66527,181364
[RESULT] 13,32,8,0.096702814,0.096150875,90682,66527,181364
[RESULT] 13,32,9,0.096776962,0.096200943,90682,66527,181364
[RESULT] 26,32,0,0.176990747,0.176030636,90734,66482,181468
[RESULT] 26,32,1,0.176993847,0.176030874,90734,66482,181468
[RESULT] 26,32,2,0.091482639,0.091211081,90734,66482,181468
[RESULT] 26,32,3,0.173996687,0.173030138,90734,66482,181468
[RESULT] 26,32,4,0.178991079,0.178019285,90734,66482,181468
[RESULT] 26,32,5,0.182993889,0.176024675,90734,66482,181468
[RESULT] 26,32,6,0.176993370,0.176020145,90734,66482,181468
[RESULT] 26,32,7,0.177996159,0.176029205,90734,66482,181468
[RESULT] 26,32,8,0.178937674,0.176026344,90734,66482,181468
[RESULT] 26,32,9,0.090995789,0.088103533,90734,66482,181468
[RESULT] 22,32,0,0.192993641,0.192064762,90783,66576,181566
[RESULT] 22,32,1,0.194657803,0.192077637,90783,66576,181566
[RESULT] 22,32,2,0.193942308,0.192079782,90783,66576,181566
[RESULT] 22,32,3,0.287996292,0.192088604,90783,66576,181566
[RESULT] 22,32,4,0.287994385,0.192115784,90783,66576,181566
[RESULT] 22,32,5,0.192575932,0.192097664,90783,66576,181566
[RESULT] 22,32,6,0.194996119,0.192129850,90783,66576,181566
[RESULT] 22,32,7,0.194999933,0.192101717,90783,66576,181566
[RESULT] 22,32,8,0.192629337,0.192111731,90783,66576,181566
[RESULT] 22,32,9,0.192672968,0.192149162,90783,66576,181566
[RESULT] 24,32,0,0.266880512,0.264280558,90959,67087,181918
[RESULT] 24,32,1,0.263992071,0.263067722,90959,67087,181918
[RESULT] 24,32,2,0.181534290,0.176036358,90959,67087,181918
[RESULT] 24,32,3,0.261989594,0.261017084,90959,67087,181918
[RESULT] 24,32,4,0.178317785,0.178025246,90959,67087,181918
[RESULT] 24,32,5,0.269085407,0.262109995,90959,67087,181918
[RESULT] 24,32,6,0.176354408,0.176065683,90959,67087,181918
[RESULT] 24,32,7,0.256083965,0.253113985,90959,67087,181918
[RESULT] 24,32,8,0.264987946,0.264013052,90959,67087,181918
[RESULT] 24,32,9,0.176977634,0.176021814,90959,67087,181918
[RESULT] 6,32,0,0.287990332,0.192065716,90565,66295,181130
[RESULT] 6,32,1,0.195282698,0.192069769,90565,66295,181130
[RESULT] 6,32,2,0.192609310,0.192125320,90565,66295,181130
[RESULT] 6,32,3,0.192513466,0.192050695,90565,66295,181130
[RESULT] 6,32,4,0.096689224,0.096146345,90565,66295,181130
[RESULT] 6,32,5,0.096567631,0.096112967,90565,66295,181130
[RESULT] 6,32,6,0.097999334,0.096125126,90565,66295,181130
[RESULT] 6,32,7,0.096581936,0.096128702,90565,66295,181130
[RESULT] 6,32,8,0.096578836,0.096124172,90565,66295,181130
[RESULT] 6,32,9,0.093633652,0.093170166,90565,66295,181130
[RESULT] 23,32,0,0.191990137,0.096134663,90692,66634,181384
[RESULT] 23,32,1,0.191994905,0.096125841,90692,66634,181384
[RESULT] 23,32,2,0.097001314,0.096074104,90692,66634,181384
[RESULT] 23,32,3,0.194483757,0.192012072,90692,66634,181384
[RESULT] 23,32,4,0.192983389,0.192052841,90692,66634,181384
[RESULT] 23,32,5,0.192852974,0.192015409,90692,66634,181384
[RESULT] 23,32,6,0.193997622,0.192045450,90692,66634,181384
[RESULT] 23,32,7,0.192867756,0.192028761,90692,66634,181384
[RESULT] 23,32,8,0.192862749,0.192032337,90692,66634,181384
[RESULT] 23,32,9,0.190004587,0.189074039,90692,66634,181384
[RESULT] 7,32,0,0.193623781,0.192003489,90947,66907,181894
[RESULT] 7,32,1,0.194933891,0.192010880,90947,66907,181894
[RESULT] 7,32,2,0.194005251,0.192007542,90947,66907,181894
[RESULT] 7,32,3,0.096652031,0.096112967,90947,66907,181894
[RESULT] 7,32,4,0.097269535,0.096119404,90947,66907,181894
[RESULT] 7,32,5,0.097001314,0.096100330,90947,66907,181894
[RESULT] 7,32,6,0.097999573,0.096112251,90947,66907,181894
[RESULT] 7,32,7,0.096993685,0.096108198,90947,66907,181894
[RESULT] 7,32,8,0.097146273,0.096109629,90947,66907,181894
[RESULT] 7,32,9,0.093996525,0.093149185,90947,66907,181894
[RESULT] 10,32,0,0.192995548,0.192003727,90819,66572,181638
[RESULT] 10,32,1,0.195209026,0.192002058,90819,66572,181638
[RESULT] 10,32,2,0.193998814,0.192009211,90819,66572,181638
[RESULT] 10,32,3,0.191996574,0.096108437,90819,66572,181638
[RESULT] 10,32,4,0.191998482,0.096120358,90819,66572,181638
[RESULT] 10,32,5,0.097000599,0.096088648,90819,66572,181638
[RESULT] 10,32,6,0.192001343,0.096146345,90819,66572,181638
[RESULT] 10,32,7,0.191991568,0.096091032,90819,66572,181638
[RESULT] 10,32,8,0.097002029,0.096116543,90819,66572,181638
[RESULT] 10,32,9,0.112998724,0.096155643,90819,66572,181638
[RESULT] 2,32,0,0.287989378,0.192082405,90959,66699,181918
[RESULT] 2,32,1,0.287999153,0.192086220,90959,66699,181918
[RESULT] 2,32,2,0.192999125,0.192114592,90959,66699,181918
[RESULT] 2,32,3,0.193989515,0.192071676,90959,66699,181918
[RESULT] 2,32,4,0.193566084,0.192094088,90959,66699,181918
[RESULT] 2,32,5,0.193001270,0.192080975,90959,66699,181918
[RESULT] 2,32,6,0.193998337,0.192087173,90959,66699,181918
[RESULT] 2,32,7,0.192999601,0.192084312,90959,66699,181918
[RESULT] 2,32,8,0.193413734,0.192075491,90959,66699,181918
[RESULT] 2,32,9,0.193557024,0.193116188,90959,66699,181918
[RESULT] 29,32,0,0.177992582,0.176026583,90665,66497,181330
[RESULT] 29,32,1,0.176996469,0.176024199,90665,66497,181330
[RESULT] 29,32,2,0.094996691,0.088091612,90665,66497,181330
[RESULT] 29,32,3,0.173997879,0.173035622,90665,66497,181330
[RESULT] 29,32,4,0.090995312,0.090093613,90665,66497,181330
[RESULT] 29,32,5,0.182996273,0.176022530,90665,66497,181330
[RESULT] 29,32,6,0.088995457,0.088091135,90665,66497,181330
[RESULT] 29,32,7,0.180938959,0.176018238,90665,66497,181330
[RESULT] 29,32,8,0.088393211,0.088093758,90665,66497,181330
[RESULT] 29,32,9,0.088397503,0.088100910,90665,66497,181330
[RESULT] 19,32,0,0.191978216,0.096101046,90627,66278,181254
[RESULT] 19,32,1,0.191997051,0.096152782,90627,66278,181254
[RESULT] 19,32,2,0.192988873,0.096141100,90627,66278,181254
[RESULT] 19,32,3,0.213989258,0.096101522,90627,66278,181254
[RESULT] 19,32,4,0.287997723,0.192030907,90627,66278,181254
[RESULT] 19,32,5,0.287996769,0.192011833,90627,66278,181254
[RESULT] 19,32,6,0.287991762,0.192024946,90627,66278,181254
[RESULT] 19,32,7,0.287995338,0.192009211,90627,66278,181254
[RESULT] 19,32,8,0.194614410,0.192004204,90627,66278,181254
[RESULT] 19,32,9,0.194743872,0.193057537,90627,66278,181254
[RESULT] 4,32,0,0.287989140,0.192067623,90855,66736,181710
[RESULT] 4,32,1,0.288000822,0.192097902,90855,66736,181710
[RESULT] 4,32,2,0.287997246,0.192113876,90855,66736,181710
[RESULT] 4,32,3,0.301997423,0.192061901,90855,66736,181710
[RESULT] 4,32,4,0.287992239,0.192058325,90855,66736,181710
[RESULT] 4,32,5,0.193004131,0.192067623,90855,66736,181710
[RESULT] 4,32,6,0.193602562,0.192083597,90855,66736,181710
[RESULT] 4,32,7,0.192520142,0.192064285,90855,66736,181710
[RESULT] 4,32,8,0.192520380,0.192068577,90855,66736,181710
[RESULT] 4,32,9,0.193557024,0.193109035,90855,66736,181710
[RESULT] 1,32,0,0.192695618,0.192019701,90818,66786,181636
[RESULT] 1,32,1,0.192523003,0.192020178,90818,66786,181636
[RESULT] 1,32,2,0.192525387,0.192032337,90818,66786,181636
[RESULT] 1,32,3,0.192479849,0.192013741,90818,66786,181636
[RESULT] 1,32,4,0.192482710,0.192028284,90818,66786,181636
[RESULT] 1,32,5,0.192485809,0.192031384,90818,66786,181636
[RESULT] 1,32,6,0.188469887,0.188014269,90818,66786,181636
[RESULT] 1,32,7,0.192462921,0.192013025,90818,66786,181636
[RESULT] 1,32,8,0.192461729,0.192014694,90818,66786,181636
[RESULT] 1,32,9,0.193875551,0.193055868,90818,66786,181636
[RESULT] 31,32,0,0.177990913,0.176032782,90756,66838,181512
[RESULT] 31,32,1,0.090458393,0.090152502,90756,66838,181512
[RESULT] 31,32,2,0.092997313,0.088112116,90756,66838,181512
[RESULT] 31,32,3,0.092453003,0.092167854,90756,66838,181512
[RESULT] 31,32,4,0.090996265,0.090112925,90756,66838,181512
[RESULT] 31,32,5,0.182994604,0.176025152,90756,66838,181512
[RESULT] 31,32,6,0.088998079,0.088108063,90756,66838,181512
[RESULT] 31,32,7,0.179993629,0.176020145,90756,66838,181512
[RESULT] 31,32,8,0.088973045,0.088089466,90756,66838,181512
[RESULT] 31,32,9,0.089997530,0.088072300,90756,66838,181512
[RESULT] 5,32,0,0.096820116,0.096129179,90698,66358,181396
[RESULT] 5,32,1,0.096733570,0.096147299,90698,66358,181396
[RESULT] 5,32,2,0.096752167,0.096168041,90698,66358,181396
[RESULT] 5,32,3,0.225975513,0.096117496,90698,66358,181396
[RESULT] 5,32,4,0.192791939,0.192009926,90698,66358,181396
[RESULT] 5,32,5,0.192786455,0.192014694,90698,66358,181396
[RESULT] 5,32,6,0.192457914,0.192004204,90698,66358,181396
[RESULT] 5,32,7,0.192819357,0.192007780,90698,66358,181396
[RESULT] 5,32,8,0.192744493,0.192009926,90698,66358,181396
[RESULT] 5,32,9,0.193486929,0.193039656,90698,66358,181396
[RESULT] 3,32,0,0.192595959,0.192014933,90504,66172,181008
[RESULT] 3,32,1,0.192806721,0.192017317,90504,66172,181008
[RESULT] 3,32,2,0.192512512,0.192054749,90504,66172,181008
[RESULT] 3,32,3,0.192762613,0.192013025,90504,66172,181008
[RESULT] 3,32,4,0.193071842,0.192004681,90504,66172,181008
[RESULT] 3,32,5,0.193072796,0.192015171,90504,66172,181008
[RESULT] 3,32,6,0.192742348,0.192010641,90504,66172,181008
[RESULT] 3,32,7,0.192999601,0.192008018,90504,66172,181008
[RESULT] 3,32,8,0.193026304,0.192002296,90504,66172,181008
[RESULT] 3,32,9,0.193802834,0.193036318,90504,66172,181008
[RESULT] 15,32,0,0.191990614,0.096109629,90882,67014,181764
[RESULT] 15,32,1,0.192008018,0.096120596,90882,67014,181764
[RESULT] 15,32,2,0.097537041,0.096130371,90882,67014,181764
[RESULT] 15,32,3,0.099485636,0.096111059,90882,67014,181764
[RESULT] 15,32,4,0.097364664,0.096105099,90882,67014,181764
[RESULT] 15,32,5,0.097351313,0.096114397,90882,67014,181764
[RESULT] 15,32,6,0.096997738,0.096094131,90882,67014,181764
[RESULT] 15,32,7,0.097005129,0.096104622,90882,67014,181764
[RESULT] 15,32,8,0.097309828,0.096109629,90882,67014,181764
[RESULT] 15,32,9,0.098000765,0.097144365,90882,67014,181764
[RESULT] 0,32,0,0.288785696,0.288107395,90585,66721,181170
[RESULT] 0,32,1,0.289348602,0.288116693,90585,66721,181170
[RESULT] 0,32,2,0.293694019,0.293154716,90585,66721,181170
[RESULT] 0,32,3,0.288985968,0.288146019,90585,66721,181170
[RESULT] 0,32,4,0.289669752,0.289161444,90585,66721,181170
[RESULT] 0,32,5,0.289927721,0.288126230,90585,66721,181170
[RESULT] 0,32,6,0.288989544,0.288110971,90585,66721,181170
[RESULT] 0,32,7,0.284985781,0.283998728,90585,66721,181170
[RESULT] 0,32,8,0.289581537,0.288109064,90585,66721,181170
[RESULT] 0,32,9,0.289976597,0.289025545,90585,66721,181170

Benchmark Summary
Processes: 32
Iterations: 10
Matrix NNZ: 2903837
Total execution time: 91.991 seconds
[RESULT] 27,32,0,0.263979197,0.176019669,90618,66448,181236
[RESULT] 27,32,1,0.091995955,0.088079929,90618,66448,181236
[RESULT] 27,32,2,0.175993204,0.088079453,90618,66448,181236
[RESULT] 27,32,3,0.096353769,0.096065760,90618,66448,181236
[RESULT] 27,32,4,0.088986397,0.088069916,90618,66448,181236
[RESULT] 27,32,5,0.093470097,0.093174696,90618,66448,181236
[RESULT] 27,32,6,0.088369846,0.088077068,90618,66448,181236
[RESULT] 27,32,7,0.091497898,0.091209650,90618,66448,181236
[RESULT] 27,32,8,0.088361979,0.088077545,90618,66448,181236
[RESULT] 27,32,9,0.087446690,0.087155104,90618,66448,181236
[RESULT] 9,32,0,0.193037271,0.192013025,90753,66859,181506
[RESULT] 9,32,1,0.193633556,0.192003489,90753,66859,181506
[RESULT] 9,32,2,0.188483477,0.187986135,90753,66859,181506
[RESULT] 9,32,3,0.192756653,0.192006826,90753,66859,181506
[RESULT] 9,32,4,0.193955660,0.192001820,90753,66859,181506
[RESULT] 9,32,5,0.193630695,0.192013264,90753,66859,181506
[RESULT] 9,32,6,0.193005800,0.192013741,90753,66859,181506
[RESULT] 9,32,7,0.193002224,0.192011595,90753,66859,181506
[RESULT] 9,32,8,0.193880081,0.192006350,90753,66859,181506
[RESULT] 9,32,9,0.193996429,0.193041086,90753,66859,181506
[RESULT] 16,32,0,0.288694859,0.288055897,90685,66809,181370
[RESULT] 16,32,1,0.290853262,0.288063049,90685,66809,181370
[RESULT] 16,32,2,0.288584232,0.288070440,90685,66809,181370
[RESULT] 16,32,3,0.385995150,0.288058519,90685,66809,181370
[RESULT] 16,32,4,0.383993864,0.288054705,90685,66809,181370
[RESULT] 16,32,5,0.383995771,0.288072348,90685,66809,181370
[RESULT] 16,32,6,0.383992434,0.288088560,90685,66809,181370
[RESULT] 16,32,7,0.290254831,0.288064957,90685,66809,181370
[RESULT] 16,32,8,0.290215492,0.288054228,90685,66809,181370
[RESULT] 16,32,9,0.290002584,0.289116383,90685,66809,181370
[RESULT] 17,32,0,0.192991734,0.192012072,90812,66784,181624
[RESULT] 17,32,1,0.193949461,0.192033768,90812,66784,181624
[RESULT] 17,32,2,0.193999767,0.192017794,90812,66784,181624
[RESULT] 17,32,3,0.290994644,0.288007259,90812,66784,181624
[RESULT] 17,32,4,0.290001154,0.288009644,90812,66784,181624
[RESULT] 17,32,5,0.288471460,0.288008928,90812,66784,181624
[RESULT] 17,32,6,0.290992975,0.288006544,90812,66784,181624
[RESULT] 17,32,7,0.288467169,0.288015604,90812,66784,181624
[RESULT] 17,32,8,0.288996458,0.288004875,90812,66784,181624
[RESULT] 17,32,9,0.289996862,0.289005518,90812,66784,181624
[RESULT] 14,32,0,0.193019152,0.192056656,90586,66337,181172
[RESULT] 14,32,1,0.194233179,0.192071915,90586,66337,181172
[RESULT] 14,32,2,0.194270849,0.192056894,90586,66337,181172
[RESULT] 14,32,3,0.194999695,0.192039490,90586,66337,181172
[RESULT] 14,32,4,0.193999529,0.192057133,90586,66337,181172
[RESULT] 14,32,5,0.192512989,0.192055702,90586,66337,181172
[RESULT] 14,32,6,0.194994688,0.192050219,90586,66337,181172
[RESULT] 14,32,7,0.192524433,0.192065716,90586,66337,181172
[RESULT] 14,32,8,0.192997694,0.192049265,90586,66337,181172
[RESULT] 14,32,9,0.193999052,0.193057060,90586,66337,181172
[RESULT] 21,32,0,0.097047806,0.096106768,90768,66361,181536
[RESULT] 21,32,1,0.098511934,0.096114159,90768,66361,181536
[RESULT] 21,32,2,0.098563671,0.096119642,90768,66361,181536
[RESULT] 21,32,3,0.194992542,0.192003012,90768,66361,181536
[RESULT] 21,32,4,0.193996668,0.192003012,90768,66361,181536
[RESULT] 21,32,5,0.192790985,0.191998482,90768,66361,181536
[RESULT] 21,32,6,0.194994211,0.192003965,90768,66361,181536
[RESULT] 21,32,7,0.192788363,0.191983461,90768,66361,181536
[RESULT] 21,32,8,0.193001509,0.192003012,90768,66361,181536
[RESULT] 21,32,9,0.194003344,0.193015575,90768,66361,181536
[RESULT] 11,32,0,0.097115278,0.096096992,90791,66647,181582
[RESULT] 11,32,1,0.098783731,0.096090078,90791,66647,181582
[RESULT] 11,32,2,0.098841429,0.096128225,90791,66647,181582
[RESULT] 11,32,3,0.098999023,0.096107960,90791,66647,181582
[RESULT] 11,32,4,0.098001480,0.096121311,90791,66647,181582
[RESULT] 11,32,5,0.097004414,0.096118450,90791,66647,181582
[RESULT] 11,32,6,0.099000692,0.096118450,90791,66647,181582
[RESULT] 11,32,7,0.097000599,0.096122742,90791,66647,181582
[RESULT] 11,32,8,0.097003222,0.096100807,90791,66647,181582
[RESULT] 11,32,9,0.097996712,0.097113371,90791,66647,181582
[RESULT] 18,32,0,0.191989183,0.096123457,90763,66488,181526
[RESULT] 18,32,1,0.099003792,0.096120119,90763,66488,181526
[RESULT] 18,32,2,0.191992521,0.096157312,90763,66488,181526
[RESULT] 18,32,3,0.193003178,0.192012072,90763,66488,181526
[RESULT] 18,32,4,0.195757866,0.192050934,90763,66488,181526
[RESULT] 18,32,5,0.288002253,0.192023039,90763,66488,181526
[RESULT] 18,32,6,0.287994862,0.192053080,90763,66488,181526
[RESULT] 18,32,7,0.287993193,0.192018032,90763,66488,181526
[RESULT] 18,32,8,0.287993908,0.192047358,90763,66488,181526
[RESULT] 18,32,9,0.288996220,0.192075968,90763,66488,181526
[RESULT] 8,32,0,0.192656517,0.192065239,90701,66857,181402
[RESULT] 8,32,1,0.193032742,0.192084789,90701,66857,181402
[RESULT] 8,32,2,0.287997961,0.192114353,90701,66857,181402
[RESULT] 8,32,3,0.282343626,0.192050934,90701,66857,181402
[RESULT] 8,32,4,0.288547516,0.288039923,90701,66857,181402
[RESULT] 8,32,5,0.288512945,0.288048029,90701,66857,181402
[RESULT] 8,32,6,0.289364576,0.288050890,90701,66857,181402
[RESULT] 8,32,7,0.288505316,0.288047791,90701,66857,181402
[RESULT] 8,32,8,0.288508654,0.288045645,90701,66857,181402
[RESULT] 8,32,9,0.285517216,0.285064936,90701,66857,181402
[RESULT] 30,32,0,0.177978039,0.176047087,90847,66638,181694
[RESULT] 30,32,1,0.176973581,0.176043272,90847,66638,181694
[RESULT] 30,32,2,0.183996916,0.176069260,90847,66638,181694
[RESULT] 30,32,3,0.173994541,0.173053026,90847,66638,181694
[RESULT] 30,32,4,0.178965807,0.177994967,90847,66638,181694
[RESULT] 30,32,5,0.182990551,0.176063061,90847,66638,181694
[RESULT] 30,32,6,0.178904057,0.176024914,90847,66638,181694
[RESULT] 30,32,7,0.179971933,0.176051855,90847,66638,181694
[RESULT] 30,32,8,0.178869009,0.176025391,90847,66638,181694
[RESULT] 30,32,9,0.175342560,0.175029755,90847,66638,181694
[RESULT] 28,32,0,0.176763535,0.176484108,90812,66697,181624
[RESULT] 28,32,1,0.176503181,0.176057816,90812,66697,181624
[RESULT] 28,32,2,0.183992386,0.176042795,90812,66697,181624
[RESULT] 28,32,3,0.239831209,0.239024639,90812,66697,181624
[RESULT] 28,32,4,0.200994730,0.200042009,90812,66697,181624
[RESULT] 28,32,5,0.184997082,0.176056862,90812,66697,181624
[RESULT] 28,32,6,0.264318705,0.264029026,90812,66697,181624
[RESULT] 28,32,7,0.267997742,0.264049768,90812,66697,181624
[RESULT] 28,32,8,0.264316797,0.264025927,90812,66697,181624
[RESULT] 28,32,9,0.263331652,0.263029575,90812,66697,181624
[RESULT] 12,32,0,0.288643837,0.288052797,90754,66616,181508
[RESULT] 12,32,1,0.383998156,0.288082123,90754,66616,181508
[RESULT] 12,32,2,0.380997419,0.285073280,90754,66616,181508
[RESULT] 12,32,3,0.286491394,0.286056995,90754,66616,181508
[RESULT] 12,32,4,0.288529158,0.288051844,90754,66616,181508
[RESULT] 12,32,5,0.288530111,0.288051844,90754,66616,181508
[RESULT] 12,32,6,0.292522669,0.292056561,90754,66616,181508
[RESULT] 12,32,7,0.288538456,0.288056850,90754,66616,181508
[RESULT] 12,32,8,0.288544893,0.288057804,90754,66616,181508
[RESULT] 12,32,9,0.289542198,0.289064646,90754,66616,181508
