Retrieving the matrix from '../data/msdoor.mtx'...
Real Matrix (Strong Scaling): Rows=415863 | Cols=415863 | NNZ=10328399 | Procs=1
Matrix distributed and converted to CSR
Ghost columns identified: 0 total ghost values needed
Local vector initialized (size=415863 per process)
[RESULT] 0,1,0,0.023496389,0.000004292,10328399,0,20656798
[RESULT] 0,1,1,0.036321163,0.000005007,10328399,0,20656798
[RESULT] 0,1,2,0.024719477,0.000005245,10328399,0,20656798
[RESULT] 0,1,3,0.020904303,0.000005960,10328399,0,20656798
[RESULT] 0,1,4,0.017086506,0.000004292,10328399,0,20656798
[RESULT] 0,1,5,0.023926258,0.000005722,10328399,0,20656798
[RESULT] 0,1,6,0.030243158,0.000005245,10328399,0,20656798
[RESULT] 0,1,7,0.024736643,0.000005007,10328399,0,20656798
[RESULT] 0,1,8,0.023946762,0.000005245,10328399,0,20656798
[RESULT] 0,1,9,0.021404266,0.000004768,10328399,0,20656798

Benchmark Summary
Processes: 1
Iterations: 10
Matrix NNZ: 10328399
Total execution time: 5.090 seconds
