Retrieving the matrix from '../data/bcsstk27.mtx'...
Real Matrix (Strong Scaling): Rows=1224 | Cols=1224 | NNZ=28675 | Procs=2
Matrix distributed and converted to CSR
Ghost columns identified: 7303 total ghost values needed
Local vector initialized (size=612 per process)
[RESULT] 0,2,0,0.000111103,0.000091076,14624,7303,29248
[RESULT] 0,2,1,0.000113249,0.000093937,14624,7303,29248
[RESULT] 0,2,2,0.000104666,0.000085592,14624,7303,29248
[RESULT] 0,2,3,0.000101566,0.000082970,14624,7303,29248
[RESULT] 0,2,4,0.000119209,0.000092983,14624,7303,29248
[RESULT] 0,2,5,0.000122547,0.000103712,14624,7303,29248
[RESULT] 0,2,6,0.000129461,0.000110149,14624,7303,29248
[RESULT] 0,2,7,0.000135660,0.000117064,14624,7303,29248
[RESULT] 0,2,8,0.000161648,0.000140429,14624,7303,29248
[RESULT] 0,2,9,0.000130415,0.000111580,14624,7303,29248

Benchmark Summary
Processes: 2
Iterations: 10
Matrix NNZ: 28675
Total execution time: 0.042 seconds
[RESULT] 1,2,0,0.000217676,0.000117302,14051,6730,28102
[RESULT] 1,2,1,0.000128031,0.000110149,14051,6730,28102
[RESULT] 1,2,2,0.000139236,0.000120878,14051,6730,28102
[RESULT] 1,2,3,0.000133038,0.000115633,14051,6730,28102
[RESULT] 1,2,4,0.000121832,0.000104427,14051,6730,28102
[RESULT] 1,2,5,0.000112295,0.000094652,14051,6730,28102
[RESULT] 1,2,6,0.000106812,0.000089169,14051,6730,28102
[RESULT] 1,2,7,0.000099659,0.000081539,14051,6730,28102
[RESULT] 1,2,8,0.000083208,0.000064850,14051,6730,28102
[RESULT] 1,2,9,0.000110626,0.000092983,14051,6730,28102
