Retrieving the matrix from '../data/msdoor.mtx'...
Real Matrix (Strong Scaling): Rows=415863 | Cols=415863 | NNZ=10328399 | Procs=32
Matrix distributed and converted to CSR
Ghost columns identified: 299847 total ghost values needed
Local vector initialized (size=12996 per process)
[RESULT] 28,32,0,0.267974138,0.264029026,320303,300160,640606
[RESULT] 28,32,1,0.176939726,0.176117182,320303,300160,640606
[RESULT] 28,32,2,0.176899910,0.176049948,320303,300160,640606
[RESULT] 28,32,3,0.179871798,0.176118851,320303,300160,640606
[RESULT] 28,32,4,0.177058458,0.176177025,320303,300160,640606
[RESULT] 28,32,5,0.177000284,0.176150084,320303,300160,640606
[RESULT] 28,32,6,0.177834749,0.176070213,320303,300160,640606
[RESULT] 28,32,7,0.177043200,0.176170111,320303,300160,640606
[RESULT] 28,32,8,0.172966957,0.172109842,320303,300160,640606
[RESULT] 28,32,9,0.185185909,0.184343338,320303,300160,640606
[RESULT] 31,32,0,0.179978609,0.176123857,325395,304897,650790
[RESULT] 31,32,1,0.179547071,0.176112890,325395,304897,650790
[RESULT] 31,32,2,0.177505493,0.176081419,325395,304897,650790
[RESULT] 31,32,3,0.090996027,0.088254929,325395,304897,650790
[RESULT] 31,32,4,0.090992451,0.088358641,325395,304897,650790
[RESULT] 31,32,5,0.092656374,0.091865063,325395,304897,650790
[RESULT] 31,32,6,0.089553833,0.088217497,325395,304897,650790
[RESULT] 31,32,7,0.090251446,0.088346958,325395,304897,650790
[RESULT] 31,32,8,0.086255789,0.084268093,325395,304897,650790
[RESULT] 31,32,9,0.097990751,0.088633776,325395,304897,650790
[RESULT] 5,32,0,0.194213390,0.190999031,321070,300588,642140
[RESULT] 5,32,1,0.194849253,0.192037344,321070,300588,642140
[RESULT] 5,32,2,0.098451138,0.096664429,321070,300588,642140
[RESULT] 5,32,3,0.098678350,0.096939325,321070,300588,642140
[RESULT] 5,32,4,0.095389366,0.093685150,321070,300588,642140
[RESULT] 5,32,5,0.098493576,0.096786022,321070,300588,642140
[RESULT] 5,32,6,0.098599911,0.096911669,321070,300588,642140
[RESULT] 5,32,7,0.098437548,0.096728325,321070,300588,642140
[RESULT] 5,32,8,0.098524332,0.096827030,321070,300588,642140
[RESULT] 5,32,9,0.098424673,0.096681356,321070,300588,642140
[RESULT] 30,32,0,0.179100037,0.178254366,322632,302237,645264
[RESULT] 30,32,1,0.177479982,0.176102877,322632,302237,645264
[RESULT] 30,32,2,0.178206205,0.176082134,322632,302237,645264
[RESULT] 30,32,3,0.178983927,0.176041126,322632,302237,645264
[RESULT] 30,32,4,0.177500010,0.176115513,322632,302237,645264
[RESULT] 30,32,5,0.180993795,0.176123619,322632,302237,645264
[RESULT] 30,32,6,0.177497625,0.176038980,322632,302237,645264
[RESULT] 30,32,7,0.177511692,0.176118851,322632,302237,645264
[RESULT] 30,32,8,0.173502922,0.172083855,322632,302237,645264
[RESULT] 30,32,9,0.183958769,0.176170111,322632,302237,645264
[RESULT] 11,32,0,0.098658800,0.096723318,326617,306299,653234
[RESULT] 11,32,1,0.098497152,0.096722603,326617,306299,653234
[RESULT] 11,32,2,0.098527193,0.096779585,326617,306299,653234
[RESULT] 11,32,3,0.098818302,0.097100973,326617,306299,653234
[RESULT] 11,32,4,0.099506140,0.097774982,326617,306299,653234
[RESULT] 11,32,5,0.098526478,0.096789837,326617,306299,653234
[RESULT] 11,32,6,0.098568678,0.096857309,326617,306299,653234
[RESULT] 11,32,7,0.098476171,0.096789122,326617,306299,653234
[RESULT] 11,32,8,0.098541021,0.096829414,326617,306299,653234
[RESULT] 11,32,9,0.098442078,0.096742868,326617,306299,653234
[RESULT] 14,32,0,0.195563078,0.192457438,323366,303187,646732
[RESULT] 14,32,1,0.195436954,0.192377329,323366,303187,646732
[RESULT] 14,32,2,0.195455790,0.192451000,323366,303187,646732
[RESULT] 14,32,3,0.195829630,0.192529678,323366,303187,646732
[RESULT] 14,32,4,0.196476698,0.193448305,323366,303187,646732
[RESULT] 14,32,5,0.195407867,0.192446947,323366,303187,646732
[RESULT] 14,32,6,0.195532084,0.192478418,323366,303187,646732
[RESULT] 14,32,7,0.195218563,0.192417383,323366,303187,646732
[RESULT] 14,32,8,0.195599318,0.192432165,323366,303187,646732
[RESULT] 14,32,9,0.195303202,0.192550421,323366,303187,646732
[RESULT] 13,32,0,0.286980391,0.192437649,321644,301434,643288
[RESULT] 13,32,1,0.288992167,0.192386866,321644,301434,643288
[RESULT] 13,32,2,0.194231033,0.192399502,321644,301434,643288
[RESULT] 13,32,3,0.194704294,0.192517281,321644,301434,643288
[RESULT] 13,32,4,0.195397139,0.193344355,321644,301434,643288
[RESULT] 13,32,5,0.194103956,0.192409754,321644,301434,643288
[RESULT] 13,32,6,0.194105864,0.192456007,321644,301434,643288
[RESULT] 13,32,7,0.194061041,0.192371607,321644,301434,643288
[RESULT] 13,32,8,0.194496632,0.192395210,321644,301434,643288
[RESULT] 13,32,9,0.194006920,0.192345381,321644,301434,643288
[RESULT] 29,32,0,0.176952124,0.176097393,322431,302216,644862
[RESULT] 29,32,1,0.179593086,0.176065445,322431,302216,644862
[RESULT] 29,32,2,0.178988695,0.176018238,322431,302216,644862
[RESULT] 29,32,3,0.178986311,0.176018238,322431,302216,644862
[RESULT] 29,32,4,0.178987503,0.176068783,322431,302216,644862
[RESULT] 29,32,5,0.178987026,0.176018476,322431,302216,644862
[RESULT] 29,32,6,0.177497864,0.176014662,322431,302216,644862
[RESULT] 29,32,7,0.179991961,0.176076412,322431,302216,644862
[RESULT] 29,32,8,0.186982393,0.183012962,322431,302216,644862
[RESULT] 29,32,9,0.176954985,0.176064968,322431,302216,644862
[RESULT] 16,32,0,0.194226265,0.192304373,320302,300034,640604
[RESULT] 16,32,1,0.195731401,0.192287207,320302,300034,640604
[RESULT] 16,32,2,0.195695400,0.192246437,320302,300034,640604
[RESULT] 16,32,3,0.192972898,0.191297293,320302,300034,640604
[RESULT] 16,32,4,0.194972038,0.193275928,320302,300034,640604
[RESULT] 16,32,5,0.194020748,0.192342520,320302,300034,640604
[RESULT] 16,32,6,0.194005966,0.192330360,320302,300034,640604
[RESULT] 16,32,7,0.193921804,0.192274570,320302,300034,640604
[RESULT] 16,32,8,0.194072247,0.192361355,320302,300034,640604
[RESULT] 16,32,9,0.193999052,0.192310572,320302,300034,640604
[RESULT] 27,32,0,0.178214550,0.176021576,327441,306959,654882
[RESULT] 27,32,1,0.178985596,0.176043034,327441,306959,654882
[RESULT] 27,32,2,0.089089632,0.088251114,327441,306959,654882
[RESULT] 27,32,3,0.089089632,0.088245392,327441,306959,654882
[RESULT] 27,32,4,0.178988218,0.176044226,327441,306959,654882
[RESULT] 27,32,5,0.089137793,0.088269949,327441,306959,654882
[RESULT] 27,32,6,0.089409351,0.088544369,327441,306959,654882
[RESULT] 27,32,7,0.098054647,0.097211123,327441,306959,654882
[RESULT] 27,32,8,0.089430571,0.088564634,327441,306959,654882
[RESULT] 27,32,9,0.178291321,0.176171064,327441,306959,654882
[RESULT] 10,32,0,0.194086552,0.192167282,323971,303751,647942
[RESULT] 10,32,1,0.193885326,0.192137718,323971,303751,647942
[RESULT] 10,32,2,0.193820238,0.192130327,323971,303751,647942
[RESULT] 10,32,3,0.192909002,0.191183567,323971,303751,647942
[RESULT] 10,32,4,0.194843054,0.193115950,323971,303751,647942
[RESULT] 10,32,5,0.193813562,0.192130089,323971,303751,647942
[RESULT] 10,32,6,0.193870306,0.192177534,323971,303751,647942
[RESULT] 10,32,7,0.193801641,0.192129135,323971,303751,647942
[RESULT] 10,32,8,0.193917274,0.192236900,323971,303751,647942
[RESULT] 10,32,9,0.193830013,0.192160845,323971,303751,647942
[RESULT] 25,32,0,0.267981529,0.264085770,323361,302950,646722
[RESULT] 25,32,1,0.266992569,0.264407873,323361,302950,646722
[RESULT] 25,32,2,0.265536070,0.264065266,323361,302950,646722
[RESULT] 25,32,3,0.177723408,0.176756620,323361,302950,646722
[RESULT] 25,32,4,0.266980410,0.264830351,323361,302950,646722
[RESULT] 25,32,5,0.265539885,0.264075279,323361,302950,646722
[RESULT] 25,32,6,0.177673578,0.176554680,323361,302950,646722
[RESULT] 25,32,7,0.266994715,0.264066935,323361,302950,646722
[RESULT] 25,32,8,0.262788057,0.260069609,323361,302950,646722
[RESULT] 25,32,9,0.267761946,0.266773939,323361,302950,646722
[RESULT] 6,32,0,0.263008356,0.192094803,322055,301668,644110
[RESULT] 6,32,1,0.194877625,0.192136526,322055,301668,644110
[RESULT] 6,32,2,0.194830656,0.192125320,322055,301668,644110
[RESULT] 6,32,3,0.192997932,0.191226244,322055,301668,644110
[RESULT] 6,32,4,0.194896460,0.193161249,322055,301668,644110
[RESULT] 6,32,5,0.193902969,0.192212343,322055,301668,644110
[RESULT] 6,32,6,0.193936348,0.192259550,322055,301668,644110
[RESULT] 6,32,7,0.193851709,0.192162514,322055,301668,644110
[RESULT] 6,32,8,0.195232630,0.192099810,322055,301668,644110
[RESULT] 6,32,9,0.194924831,0.192091465,322055,301668,644110
[RESULT] 8,32,0,0.289240122,0.287122250,320048,299530,640096
[RESULT] 8,32,1,0.289855242,0.288144588,320048,299530,640096
[RESULT] 8,32,2,0.289837837,0.288147926,320048,299530,640096
[RESULT] 8,32,3,0.288896799,0.287200689,320048,299530,640096
[RESULT] 8,32,4,0.290809393,0.289129496,320048,299530,640096
[RESULT] 8,32,5,0.289796829,0.288136005,320048,299530,640096
[RESULT] 8,32,6,0.289845705,0.288191557,320048,299530,640096
[RESULT] 8,32,7,0.289804697,0.288136959,320048,299530,640096
[RESULT] 8,32,8,0.289828300,0.288142443,320048,299530,640096
[RESULT] 8,32,9,0.289819002,0.288134336,320048,299530,640096
[RESULT] 3,32,0,0.288922071,0.287019491,325977,305527,651954
[RESULT] 3,32,1,0.290776968,0.289028883,325977,305527,651954
[RESULT] 3,32,2,0.289710760,0.288022995,325977,305527,651954
[RESULT] 3,32,3,0.266838789,0.263025761,325977,305527,651954
[RESULT] 3,32,4,0.286652565,0.285025120,325977,305527,651954
[RESULT] 3,32,5,0.289701223,0.288027048,325977,305527,651954
[RESULT] 3,32,6,0.289694786,0.288026333,325977,305527,651954
[RESULT] 3,32,7,0.289690018,0.288033247,325977,305527,651954
[RESULT] 3,32,8,0.289684296,0.288026810,325977,305527,651954
[RESULT] 3,32,9,0.290803194,0.288082123,325977,305527,651954
[RESULT] 7,32,0,0.193984747,0.191056013,324351,304094,648702
[RESULT] 7,32,1,0.194901705,0.192060471,324351,304094,648702
[RESULT] 7,32,2,0.194789171,0.192106485,324351,304094,648702
[RESULT] 7,32,3,0.193856001,0.191165447,324351,304094,648702
[RESULT] 7,32,4,0.190817118,0.189117193,324351,304094,648702
[RESULT] 7,32,5,0.193844318,0.192122459,324351,304094,648702
[RESULT] 7,32,6,0.193875551,0.192168713,324351,304094,648702
[RESULT] 7,32,7,0.193807840,0.192109108,324351,304094,648702
[RESULT] 7,32,8,0.193805218,0.192116261,324351,304094,648702
[RESULT] 7,32,9,0.193814278,0.192122936,324351,304094,648702
[RESULT] 19,32,0,0.190981627,0.095542192,325871,305493,651742
[RESULT] 19,32,1,0.095780849,0.092533112,325871,305493,651742
[RESULT] 19,32,2,0.099802732,0.096508026,325871,305493,651742
[RESULT] 19,32,3,0.098814964,0.095488310,325871,305493,651742
[RESULT] 19,32,4,0.098265648,0.096503019,325871,305493,651742
[RESULT] 19,32,5,0.098285198,0.096564054,325871,305493,651742
[RESULT] 19,32,6,0.098337173,0.096612692,325871,305493,651742
[RESULT] 19,32,7,0.098243237,0.096561432,325871,305493,651742
[RESULT] 19,32,8,0.098276138,0.096572638,325871,305493,651742
[RESULT] 19,32,9,0.098297596,0.096585035,325871,305493,651742
[RESULT] 15,32,0,0.193287849,0.191036940,325721,305257,651442
[RESULT] 15,32,1,0.284992695,0.189060926,325721,305257,651442
[RESULT] 15,32,2,0.287995100,0.192054987,325721,305257,651442
[RESULT] 15,32,3,0.286996126,0.191055536,325721,305257,651442
[RESULT] 15,32,4,0.192001343,0.189049959,325721,305257,651442
[RESULT] 15,32,5,0.195005894,0.192056179,325721,305257,651442
[RESULT] 15,32,6,0.195000887,0.192050695,325721,305257,651442
[RESULT] 15,32,7,0.194994926,0.192051888,325721,305257,651442
[RESULT] 15,32,8,0.195110798,0.192051172,325721,305257,651442
[RESULT] 15,32,9,0.195211887,0.192200661,325721,305257,651442
[RESULT] 17,32,0,0.286980867,0.191020727,322001,301680,644002
[RESULT] 17,32,1,0.190744877,0.189024210,322001,301680,644002
[RESULT] 17,32,2,0.195522070,0.192028522,322001,301680,644002
[RESULT] 17,32,3,0.290990114,0.195022345,322001,301680,644002
[RESULT] 17,32,4,0.191045761,0.189026833,322001,301680,644002
[RESULT] 17,32,5,0.194096327,0.192026138,322001,301680,644002
[RESULT] 17,32,6,0.194077492,0.192033291,322001,301680,644002
[RESULT] 17,32,7,0.194576502,0.192027330,322001,301680,644002
[RESULT] 17,32,8,0.194422483,0.192028284,322001,301680,644002
[RESULT] 17,32,9,0.193876743,0.192025900,322001,301680,644002
[RESULT] 26,32,0,0.268678188,0.267567158,324962,304682,649924
[RESULT] 26,32,1,0.266987801,0.264813185,324962,304682,649924
[RESULT] 26,32,2,0.265284061,0.264066935,324962,304682,649924
[RESULT] 26,32,3,0.178239822,0.176124811,324962,304682,649924
[RESULT] 26,32,4,0.266991854,0.265755177,324962,304682,649924
[RESULT] 26,32,5,0.265830278,0.264064074,324962,304682,649924
[RESULT] 26,32,6,0.178242683,0.176124573,324962,304682,649924
[RESULT] 26,32,7,0.266401291,0.265561104,324962,304682,649924
[RESULT] 26,32,8,0.228526115,0.227057695,324962,304682,649924
[RESULT] 26,32,9,0.268046618,0.267084599,324962,304682,649924
[RESULT] 12,32,0,0.288979769,0.287137747,319286,298847,638572
[RESULT] 12,32,1,0.289851665,0.288141489,319286,298847,638572
[RESULT] 12,32,2,0.289852142,0.288171530,319286,298847,638572
[RESULT] 12,32,3,0.288917065,0.287228823,319286,298847,638572
[RESULT] 12,32,4,0.319442511,0.317051649,319286,298847,638572
[RESULT] 12,32,5,0.290028572,0.288052797,319286,298847,638572
[RESULT] 12,32,6,0.286197901,0.284039974,319286,298847,638572
[RESULT] 12,32,7,0.290998936,0.288060188,319286,298847,638572
[RESULT] 12,32,8,0.291156292,0.288054466,319286,298847,638572
[RESULT] 12,32,9,0.293691397,0.292058229,319286,298847,638572
[RESULT] 9,32,0,0.194190741,0.192235231,322781,302270,645562
[RESULT] 9,32,1,0.193973064,0.192255020,322781,302270,645562
[RESULT] 9,32,2,0.193952799,0.192239285,322781,302270,645562
[RESULT] 9,32,3,0.290997505,0.192499399,322781,302270,645562
[RESULT] 9,32,4,0.288992882,0.193279505,322781,302270,645562
[RESULT] 9,32,5,0.287991762,0.192335129,322781,302270,645562
[RESULT] 9,32,6,0.288000584,0.192419052,322781,302270,645562
[RESULT] 9,32,7,0.287992477,0.192335844,322781,302270,645562
[RESULT] 9,32,8,0.287999153,0.192345619,322781,302270,645562
[RESULT] 9,32,9,0.283986092,0.192288637,322781,302270,645562
[RESULT] 24,32,0,0.347217321,0.346324205,320766,300194,641532
[RESULT] 24,32,1,0.265509129,0.264121771,320766,300194,641532
[RESULT] 24,32,2,0.267883539,0.265793562,320766,300194,641532
[RESULT] 24,32,3,0.266965628,0.264082432,320766,300194,641532
[RESULT] 24,32,4,0.267027617,0.265371561,320766,300194,641532
[RESULT] 24,32,5,0.267476559,0.265845537,320766,300194,641532
[RESULT] 24,32,6,0.265503883,0.264077902,320766,300194,641532
[RESULT] 24,32,7,0.268298626,0.265300274,320766,300194,641532
[RESULT] 24,32,8,0.275357723,0.272745371,320766,300194,641532
[RESULT] 24,32,9,0.357328176,0.355315685,320766,300194,641532
[RESULT] 4,32,0,0.382994175,0.287016869,318486,298128,636972
[RESULT] 4,32,1,0.312991142,0.292033911,318486,298128,636972
[RESULT] 4,32,2,0.289778233,0.288009405,318486,298128,636972
[RESULT] 4,32,3,0.292685509,0.291012287,318486,298128,636972
[RESULT] 4,32,4,0.290701866,0.289028168,318486,298128,636972
[RESULT] 4,32,5,0.289680958,0.288024187,318486,298128,636972
[RESULT] 4,32,6,0.289671183,0.288021803,318486,298128,636972
[RESULT] 4,32,7,0.289687157,0.288031101,318486,298128,636972
[RESULT] 4,32,8,0.289700508,0.288022995,318486,298128,636972
[RESULT] 4,32,9,0.289687872,0.288034439,318486,298128,636972
[RESULT] 21,32,0,0.193914652,0.191028833,321096,300616,642192
[RESULT] 21,32,1,0.194726229,0.193025112,321096,300616,642192
[RESULT] 21,32,2,0.194598198,0.192030907,321096,300616,642192
[RESULT] 21,32,3,0.192697763,0.191034794,321096,300616,642192
[RESULT] 21,32,4,0.194668293,0.193021059,321096,300616,642192
[RESULT] 21,32,5,0.193739176,0.192037344,321096,300616,642192
[RESULT] 21,32,6,0.193697453,0.192024946,321096,300616,642192
[RESULT] 21,32,7,0.193729162,0.192034721,321096,300616,642192
[RESULT] 21,32,8,0.193706036,0.192038059,321096,300616,642192
[RESULT] 21,32,9,0.193701506,0.192034006,321096,300616,642192
[RESULT] 1,32,0,0.292950392,0.291012049,322598,302140,645196
[RESULT] 1,32,1,0.290790319,0.289026976,322598,302140,645196
[RESULT] 1,32,2,0.289763689,0.288043737,322598,302140,645196
[RESULT] 1,32,3,0.288789511,0.287126541,322598,302140,645196
[RESULT] 1,32,4,0.290683031,0.289009809,322598,302140,645196
[RESULT] 1,32,5,0.289695024,0.288009644,322598,302140,645196
[RESULT] 1,32,6,0.289768457,0.288101673,322598,302140,645196
[RESULT] 1,32,7,0.289689779,0.288014650,322598,302140,645196
[RESULT] 1,32,8,0.289838076,0.288139820,322598,302140,645196
[RESULT] 1,32,9,0.289723158,0.288022518,322598,302140,645196
[RESULT] 0,32,0,0.389655828,0.387017488,320135,299847,640270
[RESULT] 0,32,1,0.386767626,0.385020494,320135,299847,640270
[RESULT] 0,32,2,0.385705233,0.384019375,320135,299847,640270
[RESULT] 0,32,3,0.384796619,0.383126020,320135,299847,640270
[RESULT] 0,32,4,0.386678934,0.385015965,320135,299847,640270
[RESULT] 0,32,5,0.385686159,0.384019136,320135,299847,640270
[RESULT] 0,32,6,0.385792255,0.384114742,320135,299847,640270
[RESULT] 0,32,7,0.385702610,0.384020090,320135,299847,640270
[RESULT] 0,32,8,0.386930704,0.384104967,320135,299847,640270
[RESULT] 0,32,9,0.385831833,0.384015799,320135,299847,640270

Benchmark Summary
Processes: 32
Iterations: 10
Matrix NNZ: 10328399
Total execution time: 297.830 seconds
[RESULT] 23,32,0,0.198701382,0.195023060,325121,304819,650242
[RESULT] 23,32,1,0.195691586,0.193034172,325121,304819,650242
[RESULT] 23,32,2,0.194744825,0.192031622,325121,304819,650242
[RESULT] 23,32,3,0.193729877,0.191032648,325121,304819,650242
[RESULT] 23,32,4,0.195672989,0.193020582,325121,304819,650242
[RESULT] 23,32,5,0.194712400,0.192026615,325121,304819,650242
[RESULT] 23,32,6,0.194608927,0.192035675,325121,304819,650242
[RESULT] 23,32,7,0.194628716,0.192036152,325121,304819,650242
[RESULT] 23,32,8,0.195925713,0.192024469,325121,304819,650242
[RESULT] 23,32,9,0.193934202,0.192133904,325121,304819,650242
[RESULT] 2,32,0,0.482983589,0.387026548,323864,303467,647728
[RESULT] 2,32,1,0.388569593,0.385028839,323864,303467,647728
[RESULT] 2,32,2,0.387629747,0.384028673,323864,303467,647728
[RESULT] 2,32,3,0.386704922,0.383027792,323864,303467,647728
[RESULT] 2,32,4,0.388639688,0.385026932,323864,303467,647728
[RESULT] 2,32,5,0.387671709,0.384021282,323864,303467,647728
[RESULT] 2,32,6,0.387414455,0.384024382,323864,303467,647728
[RESULT] 2,32,7,0.387506008,0.384032488,323864,303467,647728
[RESULT] 2,32,8,0.479998827,0.384035826,323864,303467,647728
[RESULT] 2,32,9,0.386084318,0.384033918,323864,303467,647728
[RESULT] 20,32,0,0.289495468,0.287041664,319418,299106,638836
[RESULT] 20,32,1,0.290769100,0.289051771,319418,299106,638836
[RESULT] 20,32,2,0.289734364,0.288051128,319418,299106,638836
[RESULT] 20,32,3,0.288730621,0.287060976,319418,299106,638836
[RESULT] 20,32,4,0.290690660,0.289050102,319418,299106,638836
[RESULT] 20,32,5,0.289722681,0.288049698,319418,299106,638836
[RESULT] 20,32,6,0.289725304,0.288062811,319418,299106,638836
[RESULT] 20,32,7,0.289710283,0.288059473,319418,299106,638836
[RESULT] 20,32,8,0.289723396,0.288054943,319418,299106,638836
[RESULT] 20,32,9,0.289721966,0.288043737,319418,299106,638836
[RESULT] 22,32,0,0.288888693,0.287035465,322319,302070,644638
[RESULT] 22,32,1,0.290778160,0.289034605,322319,302070,644638
[RESULT] 22,32,2,0.289728880,0.288049936,322319,302070,644638
[RESULT] 22,32,3,0.288756132,0.287052155,322319,302070,644638
[RESULT] 22,32,4,0.290696383,0.289038658,322319,302070,644638
[RESULT] 22,32,5,0.289725542,0.288053989,322319,302070,644638
[RESULT] 22,32,6,0.289691210,0.288037539,322319,302070,644638
[RESULT] 22,32,7,0.289724588,0.288041115,322319,302070,644638
[RESULT] 22,32,8,0.289754391,0.288041115,322319,302070,644638
[RESULT] 22,32,9,0.285712004,0.284047604,322319,302070,644638
[RESULT] 18,32,0,0.193319082,0.191059828,323010,302564,646020
[RESULT] 18,32,1,0.284979105,0.189061642,323010,302564,646020
[RESULT] 18,32,2,0.193753004,0.192058802,323010,302564,646020
[RESULT] 18,32,3,0.192807913,0.191087008,323010,302564,646020
[RESULT] 18,32,4,0.192867041,0.189080477,323010,302564,646020
[RESULT] 18,32,5,0.195867300,0.192071915,323010,302564,646020
[RESULT] 18,32,6,0.195868969,0.192068338,323010,302564,646020
[RESULT] 18,32,7,0.195822716,0.192079306,323010,302564,646020
[RESULT] 18,32,8,0.287992716,0.192075491,323010,302564,646020
[RESULT] 18,32,9,0.283996344,0.192065954,323010,302564,646020
