Retrieving the matrix from '../data/msdoor.mtx'...
Real Matrix (Strong Scaling): Rows=415863 | Cols=415863 | NNZ=10328399 | Procs=2
Matrix distributed and converted to CSR
Ghost columns identified: 2512743 total ghost values needed
Local vector initialized (size=207932 per process)
[RESULT] 0,2,0,0.042703629,0.020720243,5144923,2512743,10289846
[RESULT] 0,2,1,0.042384863,0.020362377,5144923,2512743,10289846
[RESULT] 0,2,2,0.042351723,0.020366192,5144923,2512743,10289846
[RESULT] 0,2,3,0.042449713,0.020415068,5144923,2512743,10289846
[RESULT] 0,2,4,0.042375326,0.020364046,5144923,2512743,10289846
[RESULT] 0,2,5,0.042235613,0.020176888,5144923,2512743,10289846
[RESULT] 0,2,6,0.042273998,0.020272255,5144923,2512743,10289846
[RESULT] 0,2,7,0.042213917,0.020199299,5144923,2512743,10289846
[RESULT] 0,2,8,0.042373180,0.020300627,5144923,2512743,10289846
[RESULT] 0,2,9,0.042317629,0.020272017,5144923,2512743,10289846

Benchmark Summary
Processes: 2
Iterations: 10
Matrix NNZ: 10328399
Total execution time: 4.994 seconds
[RESULT] 1,2,0,0.043006897,0.020550013,5183476,2545401,10366952
[RESULT] 1,2,1,0.043107033,0.020691156,5183476,2545401,10366952
[RESULT] 1,2,2,0.042963266,0.020564318,5183476,2545401,10366952
[RESULT] 1,2,3,0.043080091,0.020693779,5183476,2545401,10366952
[RESULT] 1,2,4,0.042918682,0.020574331,5183476,2545401,10366952
[RESULT] 1,2,5,0.042996883,0.020625353,5183476,2545401,10366952
[RESULT] 1,2,6,0.043057442,0.020667791,5183476,2545401,10366952
[RESULT] 1,2,7,0.043233871,0.020835876,5183476,2545401,10366952
[RESULT] 1,2,8,0.043078184,0.020654678,5183476,2545401,10366952
[RESULT] 1,2,9,0.043428898,0.020656824,5183476,2545401,10366952
