Retrieving the matrix from '../data/Andrews.mtx'...
Real Matrix (Strong Scaling): Rows=60000 | Cols=60000 | NNZ=410077 | Procs=2
Matrix distributed and converted to CSR
Ghost columns identified: 53459 total ghost values needed
Local vector initialized (size=30000 per process)
[RESULT] 0,2,0,0.001807451,0.000299692,202663,53459,405326
[RESULT] 0,2,1,0.001802921,0.000301600,202663,53459,405326
[RESULT] 0,2,2,0.001802683,0.000298977,202663,53459,405326
[RESULT] 0,2,3,0.001795769,0.000293016,202663,53459,405326
[RESULT] 0,2,4,0.001805305,0.000301600,202663,53459,405326
[RESULT] 0,2,5,0.001796007,0.000296116,202663,53459,405326
[RESULT] 0,2,6,0.001805782,0.000302315,202663,53459,405326
[RESULT] 0,2,7,0.001798868,0.000298500,202663,53459,405326
[RESULT] 0,2,8,0.001800060,0.000299215,202663,53459,405326
[RESULT] 0,2,9,0.001804113,0.000294447,202663,53459,405326

Benchmark Summary
Processes: 2
Iterations: 10
Matrix NNZ: 410077
Total execution time: 0.142 seconds
[RESULT] 1,2,0,0.001936436,0.000304222,207414,54185,414828
[RESULT] 1,2,1,0.001968622,0.000306129,207414,54185,414828
[RESULT] 1,2,2,0.001938105,0.000303507,207414,54185,414828
[RESULT] 1,2,3,0.001931667,0.000297546,207414,54185,414828
[RESULT] 1,2,4,0.001936674,0.000306845,207414,54185,414828
[RESULT] 1,2,5,0.001928329,0.000300884,207414,54185,414828
[RESULT] 1,2,6,0.001937628,0.000306606,207414,54185,414828
[RESULT] 1,2,7,0.001934528,0.000303030,207414,54185,414828
[RESULT] 1,2,8,0.001932859,0.000303507,207414,54185,414828
[RESULT] 1,2,9,0.001933575,0.000299454,207414,54185,414828
