Retrieving the matrix from '../data/tmt_sym.mtx'...
Real Matrix (Strong Scaling): Rows=726713 | Cols=726713 | NNZ=2903837 | Procs=4
Matrix distributed and converted to CSR
Ghost columns identified: 453905 total ghost values needed
Local vector initialized (size=181679 per process)
[RESULT] 2,4,0,0.013249636,0.007877350,726056,453802,1452112
[RESULT] 2,4,1,0.010605335,0.005278349,726056,453802,1452112
[RESULT] 2,4,2,0.010066748,0.004709721,726056,453802,1452112
[RESULT] 2,4,3,0.009961843,0.004614353,726056,453802,1452112
[RESULT] 2,4,4,0.009655714,0.004302502,726056,453802,1452112
[RESULT] 2,4,5,0.009909868,0.004601955,726056,453802,1452112
[RESULT] 2,4,6,0.009693623,0.004362106,726056,453802,1452112
[RESULT] 2,4,7,0.009401083,0.004192829,726056,453802,1452112
[RESULT] 2,4,8,0.009350061,0.004111767,726056,453802,1452112
[RESULT] 2,4,9,0.009374380,0.004187584,726056,453802,1452112
[RESULT] 3,4,0,0.011823177,0.006473303,725817,453313,1451634
[RESULT] 3,4,1,0.010087729,0.004740953,725817,453313,1451634
[RESULT] 3,4,2,0.010121107,0.004777670,725817,453313,1451634
[RESULT] 3,4,3,0.009721041,0.004392147,725817,453313,1451634
[RESULT] 3,4,4,0.009383202,0.004032373,725817,453313,1451634
[RESULT] 3,4,5,0.009453773,0.004159212,725817,453313,1451634
[RESULT] 3,4,6,0.009610891,0.004287481,725817,453313,1451634
[RESULT] 3,4,7,0.009364367,0.004054070,725817,453313,1451634
[RESULT] 3,4,8,0.009173155,0.003784895,725817,453313,1451634
[RESULT] 3,4,9,0.009720564,0.004434824,725817,453313,1451634
[RESULT] 0,4,0,0.012243271,0.006917238,726120,453905,1452240
[RESULT] 0,4,1,0.010620356,0.005327940,726120,453905,1452240
[RESULT] 0,4,2,0.010779858,0.005506516,726120,453905,1452240
[RESULT] 0,4,3,0.010382175,0.005111217,726120,453905,1452240
[RESULT] 0,4,4,0.010264635,0.005011797,726120,453905,1452240
[RESULT] 0,4,5,0.009945154,0.004647493,726120,453905,1452240
[RESULT] 0,4,6,0.010036945,0.004684925,726120,453905,1452240
[RESULT] 0,4,7,0.010177135,0.004920721,726120,453905,1452240
[RESULT] 0,4,8,0.009818077,0.004551649,726120,453905,1452240
[RESULT] 0,4,9,0.010025024,0.004743338,726120,453905,1452240

Benchmark Summary
Processes: 4
Iterations: 10
Matrix NNZ: 2903837
Total execution time: 1.748 seconds
[RESULT] 1,4,0,0.012670040,0.007363081,725844,453588,1451688
[RESULT] 1,4,1,0.009760857,0.004453897,725844,453588,1451688
[RESULT] 1,4,2,0.009723902,0.004435062,725844,453588,1451688
[RESULT] 1,4,3,0.009156466,0.003821850,725844,453588,1451688
[RESULT] 1,4,4,0.009139299,0.003898859,725844,453588,1451688
[RESULT] 1,4,5,0.009300470,0.004039288,725844,453588,1451688
[RESULT] 1,4,6,0.009435892,0.004127979,725844,453588,1451688
[RESULT] 1,4,7,0.009409904,0.004158258,725844,453588,1451688
[RESULT] 1,4,8,0.009260893,0.004013300,725844,453588,1451688
[RESULT] 1,4,9,0.010042429,0.004752398,725844,453588,1451688
