Retrieving the matrix from '../data/tmt_sym.mtx'...
Real Matrix (Strong Scaling): Rows=726713 | Cols=726713 | NNZ=2903837 | Procs=64
Matrix distributed and converted to CSR
Ghost columns identified: 33631 total ghost values needed
Local vector initialized (size=11355 per process)
[RESULT] 17,64,0,0.003506422,0.002798557,45488,33850,90976
[RESULT] 17,64,1,0.003477335,0.002833843,45488,33850,90976
[RESULT] 17,64,2,0.003356218,0.002709389,45488,33850,90976
[RESULT] 17,64,3,0.003224373,0.002665043,45488,33850,90976
[RESULT] 17,64,4,0.003136158,0.002663612,45488,33850,90976
[RESULT] 17,64,5,0.003171682,0.002757072,45488,33850,90976
[RESULT] 17,64,6,0.003243685,0.002841234,45488,33850,90976
[RESULT] 17,64,7,0.003106833,0.002726316,45488,33850,90976
[RESULT] 17,64,8,0.003446579,0.002887964,45488,33850,90976
[RESULT] 17,64,9,0.003266811,0.002753019,45488,33850,90976
[RESULT] 22,64,0,0.003430367,0.002746105,45328,33650,90656
[RESULT] 22,64,1,0.003411531,0.002800703,45328,33650,90656
[RESULT] 22,64,2,0.003306866,0.002678633,45328,33650,90656
[RESULT] 22,64,3,0.003215075,0.002654791,45328,33650,90656
[RESULT] 22,64,4,0.002964258,0.002516747,45328,33650,90656
[RESULT] 22,64,5,0.003117561,0.002712250,45328,33650,90656
[RESULT] 22,64,6,0.003215075,0.002811670,45328,33650,90656
[RESULT] 22,64,7,0.003074646,0.002687693,45328,33650,90656
[RESULT] 22,64,8,0.003342628,0.002815962,45328,33650,90656
[RESULT] 22,64,9,0.003196478,0.002707005,45328,33650,90656
[RESULT] 57,64,0,0.004091740,0.003757477,45406,33785,90812
[RESULT] 57,64,1,0.003819227,0.003497124,45406,33785,90812
[RESULT] 57,64,2,0.003175735,0.002865553,45406,33785,90812
[RESULT] 57,64,3,0.003580332,0.003263712,45406,33785,90812
[RESULT] 57,64,4,0.003077745,0.002770424,45406,33785,90812
[RESULT] 57,64,5,0.003179550,0.002866268,45406,33785,90812
[RESULT] 57,64,6,0.003797054,0.003483534,45406,33785,90812
[RESULT] 57,64,7,0.003514767,0.003198147,45406,33785,90812
[RESULT] 57,64,8,0.003123760,0.002815723,45406,33785,90812
[RESULT] 57,64,9,0.003353596,0.003046989,45406,33785,90812
[RESULT] 2,64,0,0.004180193,0.003509521,45357,33666,90714
[RESULT] 2,64,1,0.003597498,0.002949953,45357,33666,90714
[RESULT] 2,64,2,0.003540516,0.002880573,45357,33666,90714
[RESULT] 2,64,3,0.003584862,0.003032446,45357,33666,90714
[RESULT] 59,64,0,0.004098892,0.003762245,45268,33573,90536
[RESULT] 59,64,1,0.003807068,0.003480911,45268,33573,90536
[RESULT] 59,64,2,0.003155708,0.002846718,45268,33573,90536
[RESULT] 59,64,3,0.003510714,0.003195286,45268,33573,90536
[RESULT] 59,64,4,0.003064394,0.002753735,45268,33573,90536
[RESULT] 59,64,5,0.003145218,0.002830744,45268,33573,90536
[RESULT] 59,64,6,0.003775597,0.003460169,45268,33573,90536
[RESULT] 59,64,7,0.003499031,0.003180504,45268,33573,90536
[RESULT] 59,64,8,0.003079176,0.002769232,45268,33573,90536
[RESULT] 59,64,9,0.003342390,0.003031969,45268,33573,90536
[RESULT] 10,64,0,0.003573418,0.002865076,45432,33669,90864
[RESULT] 10,64,1,0.003552914,0.002905130,45432,33669,90864
[RESULT] 10,64,2,0.003453016,0.002792597,45432,33669,90864
[RESULT] 10,64,3,0.003310204,0.002734184,45432,33669,90864
[RESULT] 10,64,4,0.003217697,0.002744198,45432,33669,90864
[RESULT] 10,64,5,0.003253222,0.002838612,45432,33669,90864
[RESULT] 10,64,6,0.003303766,0.002900362,45432,33669,90864
[RESULT] 10,64,7,0.003160954,0.002781391,45432,33669,90864
[RESULT] 10,64,8,0.003523111,0.002943516,45432,33669,90864
[RESULT] 10,64,9,0.003330946,0.002808809,45432,33669,90864
[RESULT] 49,64,0,0.004195929,0.003862143,45324,33673,90648
[RESULT] 49,64,1,0.003928185,0.003602505,45324,33673,90648
[RESULT] 49,64,2,0.003256321,0.002932072,45324,33673,90648
[RESULT] 49,64,3,0.003653765,0.003334284,45324,33673,90648
[RESULT] 49,64,4,0.003170490,0.002860546,45324,33673,90648
[RESULT] 49,64,5,0.003301382,0.002993584,45324,33673,90648
[RESULT] 1,64,0,0.004251003,0.003559351,45482,33769,90964
[RESULT] 1,64,1,0.003611565,0.002956867,45482,33769,90964
[RESULT] 1,64,2,0.003565073,0.002897739,45482,33769,90964
[RESULT] 1,64,3,0.003642559,0.003087044,45482,33769,90964
[RESULT] 1,64,4,0.003327847,0.002840519,45482,33769,90964
[RESULT] 1,64,5,0.003431559,0.003001928,45482,33769,90964
[RESULT] 54,64,0,0.004115105,0.003795147,45455,33784,90910
[RESULT] 54,64,1,0.003866911,0.003548861,45455,33784,90910
[RESULT] 54,64,2,0.003203630,0.002885342,45455,33784,90910
[RESULT] 54,64,3,0.003599405,0.003284693,45455,33784,90910
[RESULT] 54,64,4,0.003111839,0.002804995,45455,33784,90910
[RESULT] 54,64,5,0.003238201,0.002925634,45455,33784,90910
[RESULT] 54,64,6,0.003853798,0.003539562,45455,33784,90910
[RESULT] 54,64,7,0.003559113,0.003244162,45455,33784,90910
[RESULT] 54,64,8,0.003143311,0.002836227,45455,33784,90910
[RESULT] 54,64,9,0.003371000,0.003063202,45455,33784,90910
[RESULT] 2,64,4,0.003284693,0.002813339,45357,33666,90714
[RESULT] 2,64,5,0.003381729,0.002960682,45357,33666,90714
[RESULT] 2,64,6,0.003731489,0.003351212,45357,33666,90714
[RESULT] 2,64,7,0.003475666,0.003080368,45357,33666,90714
[RESULT] 2,64,8,0.003578901,0.003024578,45357,33666,90714
[RESULT] 2,64,9,0.003387690,0.002883673,45357,33666,90714
[RESULT] 49,64,6,0.003936529,0.003622293,45324,33673,90648
[RESULT] 49,64,7,0.003633976,0.003324986,45324,33673,90648
[RESULT] 49,64,8,0.003204823,0.002886295,45324,33673,90648
[RESULT] 49,64,9,0.003446579,0.003136635,45324,33673,90648
[RESULT] 1,64,6,0.003765345,0.003384829,45482,33769,90964
[RESULT] 1,64,7,0.003486156,0.003093243,45482,33769,90964
[RESULT] 1,64,8,0.003568888,0.003013611,45482,33769,90964
[RESULT] 1,64,9,0.003409863,0.002910852,45482,33769,90964
[RESULT] 7,64,0,0.003982306,0.003300667,45387,33742,90774
[RESULT] 7,64,1,0.003526211,0.002905846,45387,33742,90774
[RESULT] 7,64,2,0.003468513,0.002820253,45387,33742,90774
[RESULT] 7,64,3,0.003483295,0.002895355,45387,33742,90774
[RESULT] 7,64,4,0.003284931,0.002765894,45387,33742,90774
[RESULT] 7,64,5,0.003409386,0.002876043,45387,33742,90774
[RESULT] 7,64,6,0.003382444,0.002916574,45387,33742,90774
[RESULT] 7,64,7,0.003264189,0.002814770,45387,33742,90774
[RESULT] 7,64,8,0.003557444,0.002968073,45387,33742,90774
[RESULT] 7,64,9,0.003382206,0.002823353,45387,33742,90774
[RESULT] 12,64,0,0.003809690,0.002869844,45352,33688,90704
[RESULT] 12,64,1,0.003681898,0.002891541,45352,33688,90704
[RESULT] 12,64,2,0.003625393,0.002787828,45352,33688,90704
[RESULT] 12,64,3,0.003480196,0.002735376,45352,33688,90704
[RESULT] 12,64,4,0.003392696,0.002714634,45352,33688,90704
[RESULT] 12,64,5,0.003404617,0.002831936,45352,33688,90704
[RESULT] 12,64,6,0.003569603,0.002943039,45352,33688,90704
[RESULT] 12,64,7,0.003394604,0.002826691,45352,33688,90704
[RESULT] 12,64,8,0.003559828,0.002927065,45352,33688,90704
[RESULT] 12,64,9,0.003420830,0.002816916,45352,33688,90704
[RESULT] 9,64,0,0.003897667,0.002907515,45334,33674,90668
[RESULT] 9,64,1,0.003747702,0.002917767,45334,33674,90668
[RESULT] 9,64,2,0.003694534,0.002828121,45334,33674,90668
[RESULT] 23,64,0,0.003797054,0.002753973,45390,33680,90780
[RESULT] 23,64,1,0.003676653,0.002807140,45390,33680,90780
[RESULT] 23,64,2,0.003579378,0.002666712,45390,33680,90780
[RESULT] 23,64,3,0.003490925,0.002647161,45390,33680,90780
[RESULT] 23,64,4,0.003287554,0.002505779,45390,33680,90780
[RESULT] 23,64,5,0.003312826,0.002689362,45390,33680,90780
[RESULT] 23,64,6,0.003539324,0.002821207,45390,33680,90780
[RESULT] 23,64,7,0.003365040,0.002711535,45390,33680,90780
[RESULT] 23,64,8,0.003525496,0.002816916,45390,33680,90780
[RESULT] 23,64,9,0.003437281,0.002700806,45390,33680,90780
[RESULT] 0,64,0,0.004367828,0.003690958,45253,33631,90506
[RESULT] 0,64,1,0.004035234,0.003409624,45253,33631,90506
[RESULT] 0,64,2,0.003576994,0.002911329,45253,33631,90506
[RESULT] 0,64,3,0.003715277,0.003114939,45253,33631,90506
[RESULT] 0,64,4,0.003355026,0.002836943,45253,33631,90506
[RESULT] 0,64,5,0.003520727,0.002994299,45253,33631,90506
[RESULT] 0,64,6,0.003859520,0.003402948,45253,33631,90506
[RESULT] 9,64,3,0.003518820,0.002803564,45334,33674,90668
[RESULT] 9,64,4,0.003434181,0.002753258,45334,33674,90668
[RESULT] 9,64,5,0.003456354,0.002874613,45334,33674,90668
[RESULT] 9,64,6,0.003560543,0.002921581,45334,33674,90668
[RESULT] 9,64,7,0.003391743,0.002784729,45334,33674,90668
[RESULT] 9,64,8,0.003598213,0.002970934,45334,33674,90668
[RESULT] 9,64,9,0.003476858,0.002822638,45334,33674,90668
[RESULT] 0,64,7,0.003623486,0.003148556,45253,33631,90506
[RESULT] 0,64,8,0.003602743,0.003030062,45253,33631,90506
[RESULT] 0,64,9,0.003502369,0.002955437,45253,33631,90506

Benchmark Summary
Processes: 64
Iterations: 10
Matrix NNZ: 2903837
Total execution time: 1.849 seconds
[RESULT] 52,64,0,0.004410744,0.003829241,45409,33727,90818
[RESULT] 52,64,1,0.004128218,0.003567696,45409,33727,90818
[RESULT] 52,64,2,0.003451586,0.002911091,45409,33727,90818
[RESULT] 21,64,0,0.003688812,0.002766848,45393,33539,90786
[RESULT] 21,64,1,0.003740788,0.002816200,45393,33539,90786
[RESULT] 21,64,2,0.003607988,0.002685785,45393,33539,90786
[RESULT] 21,64,3,0.003406286,0.002643108,45393,33539,90786
[RESULT] 21,64,4,0.003302574,0.002574921,45393,33539,90786
[RESULT] 21,64,5,0.003439665,0.002712250,45393,33539,90786
[RESULT] 55,64,0,0.004382133,0.003786802,45302,33565,90604
[RESULT] 55,64,1,0.004089832,0.003532410,45302,33565,90604
[RESULT] 55,64,2,0.003414869,0.002878904,45302,33565,90604
[RESULT] 55,64,3,0.003826380,0.003282070,45302,33565,90604
[RESULT] 55,64,4,0.003327131,0.002794027,45302,33565,90604
[RESULT] 55,64,5,0.003441334,0.002913475,45302,33565,90604
[RESULT] 55,64,6,0.004050493,0.003523827,45302,33565,90604
[RESULT] 55,64,7,0.003752232,0.003223896,45302,33565,90604
[RESULT] 16,64,0,0.003754139,0.002804279,45256,33575,90512
[RESULT] 16,64,1,0.003791571,0.002848387,45256,33575,90512
[RESULT] 16,64,2,0.003681660,0.002729177,45256,33575,90512
[RESULT] 16,64,3,0.003498077,0.002696514,45256,33575,90512
[RESULT] 16,64,4,0.003439665,0.002667904,45256,33575,90512
[RESULT] 16,64,5,0.003521919,0.002766848,45256,33575,90512
[RESULT] 56,64,0,0.004353046,0.003778219,45394,33768,90788
[RESULT] 56,64,1,0.004067898,0.003517151,45394,33768,90788
[RESULT] 56,64,2,0.003404617,0.002878428,45394,33768,90788
[RESULT] 56,64,3,0.003808498,0.003278971,45394,33768,90788
[RESULT] 56,64,4,0.003303289,0.002782345,45394,33768,90788
[RESULT] 56,64,5,0.003463984,0.002948284,45394,33768,90788
[RESULT] 56,64,6,0.004031420,0.003509760,45394,33768,90788
[RESULT] 56,64,7,0.003736973,0.003217459,45394,33768,90788
[RESULT] 56,64,8,0.003336906,0.002815008,45394,33768,90788
[RESULT] 56,64,9,0.003580332,0.003054380,45394,33768,90788
[RESULT] 18,64,0,0.003781796,0.002813816,45413,33624,90826
[RESULT] 18,64,1,0.003778458,0.002827168,45413,33624,90826
[RESULT] 18,64,2,0.003669500,0.002717257,45413,33624,90826
[RESULT] 18,64,3,0.003473759,0.002662182,45413,33624,90826
[RESULT] 18,64,4,0.003423929,0.002645254,45413,33624,90826
[RESULT] 18,64,5,0.003497362,0.002739906,45413,33624,90826
[RESULT] 18,64,6,0.003566742,0.002833843,45413,33624,90826
[RESULT] 18,64,7,0.003459930,0.002717257,45413,33624,90826
[RESULT] 18,64,8,0.003872156,0.002876520,45413,33624,90826
[RESULT] 18,64,9,0.003631115,0.002742529,45413,33624,90826
[RESULT] 51,64,0,0.004403353,0.003823996,45372,33704,90744
[RESULT] 51,64,1,0.004135370,0.003576994,45372,33704,90744
[RESULT] 51,64,2,0.003447056,0.002920866,45372,33704,90744
[RESULT] 51,64,3,0.003844261,0.003304243,45372,33704,90744
[RESULT] 51,64,4,0.003361464,0.002835274,45372,33704,90744
[RESULT] 51,64,5,0.003457308,0.002936602,45372,33704,90744
[RESULT] 51,64,6,0.004105568,0.003577948,45372,33704,90744
[RESULT] 51,64,7,0.003827572,0.003297091,45372,33704,90744
[RESULT] 51,64,8,0.003410339,0.002876282,45372,33704,90744
[RESULT] 51,64,9,0.003628254,0.003102779,45372,33704,90744
[RESULT] 21,64,6,0.003548145,0.002824306,45393,33539,90786
[RESULT] 21,64,7,0.003407717,0.002695322,45393,33539,90786
[RESULT] 21,64,8,0.003830433,0.002862453,45393,33539,90786
[RESULT] 21,64,9,0.003604650,0.002729416,45393,33539,90786
[RESULT] 52,64,3,0.003847361,0.003309250,45409,33727,90818
[RESULT] 52,64,4,0.003348589,0.002826691,45409,33727,90818
[RESULT] 52,64,5,0.003473759,0.002956390,45409,33727,90818
[RESULT] 52,64,6,0.004110098,0.003586769,45409,33727,90818
[RESULT] 52,64,7,0.003802061,0.003292322,45409,33727,90818
[RESULT] 52,64,8,0.003409863,0.002881527,45409,33727,90818
[RESULT] 52,64,9,0.003600597,0.003086567,45409,33727,90818
[RESULT] 16,64,6,0.003589153,0.002861023,45256,33575,90512
[RESULT] 16,64,7,0.003479004,0.002740860,45256,33575,90512
[RESULT] 16,64,8,0.003919363,0.002912521,45256,33575,90512
[RESULT] 16,64,9,0.003651857,0.002764940,45256,33575,90512
[RESULT] 55,64,8,0.003360271,0.002823114,45302,33565,90604
[RESULT] 55,64,9,0.003569841,0.003045559,45302,33565,90604
[RESULT] 11,64,0,0.003824949,0.002853394,45426,33697,90852
[RESULT] 11,64,1,0.003852606,0.002879143,45426,33697,90852
[RESULT] 11,64,2,0.003765583,0.002769947,45426,33697,90852
[RESULT] 11,64,3,0.003533363,0.002717018,45426,33697,90852
[RESULT] 60,64,0,0.004386663,0.003744841,45363,33624,90726
[RESULT] 60,64,1,0.004106760,0.003473997,45363,33624,90726
[RESULT] 60,64,2,0.003457308,0.002832413,45363,33624,90726
[RESULT] 60,64,3,0.003885984,0.003254414,45363,33624,90726
[RESULT] 60,64,4,0.003352165,0.002745390,45363,33624,90726
[RESULT] 60,64,5,0.003426790,0.002822638,45363,33624,90726
[RESULT] 60,64,6,0.004044533,0.003434181,45363,33624,90726
[RESULT] 60,64,7,0.003781080,0.003175974,45363,33624,90726
[RESULT] 60,64,8,0.003364563,0.002770901,45363,33624,90726
[RESULT] 60,64,9,0.003630877,0.003025532,45363,33624,90726
[RESULT] 13,64,0,0.003812075,0.002826691,45371,33638,90742
[RESULT] 13,64,1,0.003840923,0.002869844,45371,33638,90742
[RESULT] 13,64,2,0.003746271,0.002763033,45371,33638,90742
[RESULT] 13,64,3,0.003543615,0.002715588,45371,33638,90742
[RESULT] 13,64,4,0.003490686,0.002696276,45371,33638,90742
[RESULT] 13,64,5,0.003592253,0.002818584,45371,33638,90742
[RESULT] 13,64,6,0.003620148,0.002870560,45371,33638,90742
[RESULT] 13,64,7,0.003511906,0.002753019,45371,33638,90742
[RESULT] 48,64,0,0.004438639,0.003861666,45429,33775,90858
[RESULT] 48,64,1,0.004161119,0.003605366,45429,33775,90858
[RESULT] 48,64,2,0.004140377,0.003622770,45429,33775,90858
[RESULT] 48,64,3,0.003875017,0.003327370,45429,33775,90858
[RESULT] 48,64,4,0.003541470,0.003002405,45429,33775,90858
[RESULT] 48,64,5,0.003515005,0.002991438,45429,33775,90858
[RESULT] 48,64,6,0.004153252,0.003622770,45429,33775,90858
[RESULT] 48,64,7,0.003846169,0.003330469,45429,33775,90858
[RESULT] 48,64,8,0.003458023,0.002921820,45429,33775,90858
[RESULT] 48,64,9,0.003647566,0.003138304,45429,33775,90858
[RESULT] 14,64,0,0.003783703,0.002817631,45261,33491,90522
[RESULT] 14,64,1,0.003839493,0.002871275,45261,33491,90522
[RESULT] 14,64,2,0.003745556,0.002761602,45261,33491,90522
[RESULT] 14,64,3,0.003531933,0.002717972,45261,33491,90522
[RESULT] 14,64,4,0.003497601,0.002693176,45261,33491,90522
[RESULT] 14,64,5,0.003601551,0.002811670,45261,33491,90522
[RESULT] 14,64,6,0.003616810,0.002860785,45261,33491,90522
[RESULT] 14,64,7,0.003525257,0.002746344,45261,33491,90522
[RESULT] 63,64,0,0.004438877,0.003710270,45414,33777,90828
[RESULT] 63,64,1,0.004122019,0.003425837,45414,33777,90828
[RESULT] 63,64,2,0.003627062,0.002930641,45414,33777,90828
[RESULT] 63,64,3,0.003813028,0.003130436,45414,33777,90828
[RESULT] 63,64,4,0.003535986,0.002851725,45414,33777,90828
[RESULT] 63,64,5,0.003657818,0.002987623,45414,33777,90828
[RESULT] 63,64,6,0.004063845,0.003395081,45414,33777,90828
[RESULT] 63,64,7,0.003792763,0.003125906,45414,33777,90828
[RESULT] 63,64,8,0.003691912,0.003022194,45414,33777,90828
[RESULT] 63,64,9,0.003645897,0.002978086,45414,33777,90828
[RESULT] 11,64,4,0.003510237,0.002722502,45426,33697,90852
[RESULT] 11,64,5,0.003594398,0.002828598,45426,33697,90852
[RESULT] 11,64,6,0.003643274,0.002912521,45426,33697,90852
[RESULT] 11,64,7,0.003523588,0.002775908,45426,33697,90852
[RESULT] 11,64,8,0.003952980,0.002926111,45426,33697,90852
[RESULT] 11,64,9,0.003686190,0.002786398,45426,33697,90852
[RESULT] 61,64,0,0.004449606,0.003719807,45411,33719,90822
[RESULT] 61,64,1,0.004156113,0.003456831,45411,33719,90822
[RESULT] 61,64,2,0.003505945,0.002821207,45411,33719,90822
[RESULT] 13,64,8,0.003936052,0.002912760,45371,33638,90742
[RESULT] 13,64,9,0.003704309,0.002794743,45371,33638,90742
[RESULT] 42,64,0,0.004521608,0.003817558,45387,33633,90774
[RESULT] 42,64,1,0.004276037,0.003577471,45387,33633,90774
[RESULT] 42,64,2,0.003923178,0.003312826,45387,33633,90774
[RESULT] 42,64,3,0.003955603,0.003259182,45387,33633,90774
[RESULT] 42,64,4,0.003876448,0.003216982,45387,33633,90774
[RESULT] 42,64,5,0.003574848,0.002945662,45387,33633,90774
[RESULT] 42,64,6,0.004251003,0.003564596,45387,33633,90774
[RESULT] 42,64,7,0.003962755,0.003267527,45387,33633,90774
[RESULT] 42,64,8,0.003480911,0.002851009,45387,33633,90774
[RESULT] 42,64,9,0.003731251,0.003101587,45387,33633,90774
[RESULT] 62,64,0,0.004454374,0.003723383,45389,33679,90778
[RESULT] 62,64,1,0.004153728,0.003448009,45389,33679,90778
[RESULT] 62,64,2,0.003706217,0.003007650,45389,33679,90778
[RESULT] 62,64,3,0.003913641,0.003167629,45389,33679,90778
[RESULT] 62,64,4,0.003623962,0.002943277,45389,33679,90778
[RESULT] 14,64,8,0.003946066,0.002909184,45261,33491,90522
[RESULT] 14,64,9,0.003706217,0.002779722,45261,33491,90522
[RESULT] 61,64,3,0.003834248,0.003152132,45411,33719,90822
[RESULT] 61,64,4,0.003428459,0.002747536,45411,33719,90822
[RESULT] 61,64,5,0.003446817,0.002775669,45411,33719,90822
[RESULT] 61,64,6,0.004099131,0.003420353,45411,33719,90822
[RESULT] 61,64,7,0.003827810,0.003145933,45411,33719,90822
[RESULT] 61,64,8,0.003428698,0.002756119,45411,33719,90822
[RESULT] 61,64,9,0.003717899,0.003030539,45411,33719,90822
[RESULT] 5,64,0,0.004224300,0.003329515,45335,33665,90670
[RESULT] 5,64,1,0.003913403,0.002923489,45335,33665,90670
[RESULT] 5,64,2,0.003839970,0.002849102,45335,33665,90670
[RESULT] 5,64,3,0.003777742,0.002993345,45335,33665,90670
[RESULT] 44,64,0,0.004509449,0.003814459,45402,33723,90804
[RESULT] 44,64,1,0.004245281,0.003570557,45402,33723,90804
[RESULT] 44,64,2,0.003930092,0.003332376,45402,33723,90804
[RESULT] 44,64,3,0.003915787,0.003250360,45402,33723,90804
[RESULT] 44,64,4,0.003980875,0.003318071,45402,33723,90804
[RESULT] 44,64,5,0.003536701,0.002916813,45402,33723,90804
[RESULT] 44,64,6,0.004228830,0.003557444,45402,33723,90804
[RESULT] 44,64,7,0.003919601,0.003265381,45402,33723,90804
[RESULT] 44,64,8,0.003464937,0.002856255,45402,33723,90804
[RESULT] 44,64,9,0.003701210,0.003104210,45402,33723,90804
[RESULT] 62,64,5,0.003717899,0.003047705,45389,33679,90778
[RESULT] 62,64,6,0.004166126,0.003443480,45389,33679,90778
[RESULT] 62,64,7,0.003882885,0.003172636,45389,33679,90778
[RESULT] 62,64,8,0.003749609,0.003079176,45389,33679,90778
[RESULT] 62,64,9,0.003712416,0.003025055,45389,33679,90778
[RESULT] 6,64,0,0.004216671,0.003329515,45305,33514,90610
[RESULT] 6,64,1,0.003910780,0.002923727,45305,33514,90610
[RESULT] 6,64,2,0.003812551,0.002824783,45305,33514,90610
[RESULT] 6,64,3,0.003761530,0.002978563,45305,33514,90610
[RESULT] 6,64,4,0.003589153,0.002770662,45305,33514,90610
[RESULT] 6,64,5,0.003664255,0.002891064,45305,33514,90610
[RESULT] 6,64,6,0.003671646,0.002925158,45305,33514,90610
[RESULT] 6,64,7,0.003615618,0.002856016,45305,33514,90610
[RESULT] 6,64,8,0.004011631,0.002987385,45305,33514,90610
[RESULT] 6,64,9,0.003762484,0.002839088,45305,33514,90610
[RESULT] 45,64,0,0.004511118,0.003808737,45311,33584,90622
[RESULT] 45,64,1,0.004265547,0.003570080,45311,33584,90622
[RESULT] 45,64,2,0.003689766,0.003098488,45311,33584,90622
[RESULT] 45,64,3,0.003928900,0.003243446,45311,33584,90622
[RESULT] 45,64,4,0.003720522,0.003077745,45311,33584,90622
[RESULT] 45,64,5,0.003602982,0.002958536,45311,33584,90622
[RESULT] 45,64,6,0.004235744,0.003557444,45311,33584,90622
[RESULT] 45,64,7,0.003939867,0.003262281,45311,33584,90622
[RESULT] 45,64,8,0.003479719,0.002840996,45311,33584,90622
[RESULT] 45,64,9,0.003737211,0.003098488,45311,33584,90622
[RESULT] 53,64,0,0.004520655,0.003801107,45375,33506,90750
[RESULT] 53,64,1,0.004275084,0.003569365,45375,33506,90750
[RESULT] 53,64,2,0.003589630,0.002892017,45375,33506,90750
[RESULT] 3,64,0,0.004282713,0.003456593,45289,33444,90578
[RESULT] 3,64,1,0.003922701,0.002954960,45289,33444,90578
[RESULT] 3,64,2,0.003839731,0.002879381,45289,33444,90578
[RESULT] 3,64,3,0.003788948,0.003009796,45289,33444,90578
[RESULT] 3,64,4,0.003611088,0.002806425,45289,33444,90578
[RESULT] 3,64,5,0.003731251,0.002962589,45289,33444,90578
[RESULT] 3,64,6,0.003973722,0.003338099,45289,33444,90578
[RESULT] 3,64,7,0.003796577,0.003073692,45289,33444,90578
[RESULT] 3,64,8,0.004028320,0.002999783,45289,33444,90578
[RESULT] 3,64,9,0.003806114,0.002892256,45289,33444,90578
[RESULT] 46,64,0,0.004506588,0.003810406,45325,33564,90650
[RESULT] 46,64,1,0.004247427,0.003564358,45325,33564,90650
[RESULT] 46,64,2,0.003966808,0.003350258,45325,33564,90650
[RESULT] 46,64,3,0.003918409,0.003244400,45325,33564,90650
[RESULT] 46,64,4,0.003888369,0.003227949,45325,33564,90650
[RESULT] 46,64,5,0.003567934,0.002940178,45325,33564,90650
[RESULT] 46,64,6,0.004221678,0.003552914,45325,33564,90650
[RESULT] 46,64,7,0.003926516,0.003260374,45325,33564,90650
[RESULT] 46,64,8,0.003500700,0.002871990,45325,33564,90650
[RESULT] 46,64,9,0.003723383,0.003098011,45325,33564,90650
[RESULT] 53,64,3,0.003981829,0.003295422,45375,33506,90750
[RESULT] 53,64,4,0.003499985,0.002815247,45375,33506,90750
[RESULT] 53,64,5,0.003623486,0.002945185,45375,33506,90750
[RESULT] 53,64,6,0.004242182,0.003558874,45375,33506,90750
[RESULT] 53,64,7,0.003932476,0.003252029,45375,33506,90750
[RESULT] 53,64,8,0.003517866,0.002840996,45375,33506,90750
[RESULT] 5,64,4,0.003598213,0.002782583,45335,33665,90670
[RESULT] 5,64,5,0.003702879,0.002935410,45335,33665,90670
[RESULT] 5,64,6,0.003675699,0.002924442,45335,33665,90670
[RESULT] 5,64,7,0.003645420,0.002892494,45335,33665,90670
[RESULT] 5,64,8,0.004023552,0.003000259,45335,33665,90670
[RESULT] 5,64,9,0.003778219,0.002864599,45335,33665,90670
[RESULT] 47,64,0,0.004500389,0.003805161,45387,33737,90774
[RESULT] 47,64,1,0.004240036,0.003559589,45387,33737,90774
[RESULT] 47,64,2,0.004029751,0.003421783,45387,33737,90774
[RESULT] 47,64,3,0.003917694,0.003242493,45387,33737,90774
[RESULT] 47,64,4,0.003991604,0.003337145,45387,33737,90774
[RESULT] 47,64,5,0.003537893,0.002908468,45387,33737,90774
[RESULT] 47,64,6,0.004225969,0.003554583,45387,33737,90774
[RESULT] 47,64,7,0.003912210,0.003256083,45387,33737,90774
[RESULT] 47,64,8,0.003602743,0.002961397,45387,33737,90774
[RESULT] 47,64,9,0.003731728,0.003098011,45387,33737,90774
[RESULT] 53,64,9,0.003763437,0.003070831,45375,33506,90750
[RESULT] 8,64,0,0.004850864,0.003294945,45402,33750,90804
[RESULT] 8,64,1,0.004460573,0.002924681,45402,33750,90804
[RESULT] 8,64,2,0.004308462,0.002823114,45402,33750,90804
[RESULT] 8,64,3,0.004139423,0.002884150,45402,33750,90804
[RESULT] 8,64,4,0.003679752,0.002783298,45402,33750,90804
[RESULT] 8,64,5,0.003610611,0.002882004,45402,33750,90804
[RESULT] 8,64,6,0.003557682,0.002912045,45402,33750,90804
[RESULT] 8,64,7,0.003416300,0.002791166,45402,33750,90804
[RESULT] 34,64,0,0.004571915,0.003835201,45602,33915,91204
[RESULT] 34,64,1,0.004305601,0.003595829,45602,33915,91204
[RESULT] 34,64,2,0.004209518,0.003568172,45602,33915,91204
[RESULT] 34,64,3,0.003998756,0.003285646,45602,33915,91204
[RESULT] 34,64,4,0.004040241,0.003340244,45602,33915,91204
[RESULT] 34,64,5,0.003823519,0.003165245,45602,33915,91204
[RESULT] 34,64,6,0.004326582,0.003627062,45602,33915,91204
[RESULT] 58,64,0,0.004521132,0.003789902,45373,33667,90746
[RESULT] 58,64,1,0.004229307,0.003503323,45373,33667,90746
[RESULT] 58,64,2,0.003564596,0.002861738,45373,33667,90746
[RESULT] 58,64,3,0.003987074,0.003301382,45373,33667,90746
[RESULT] 8,64,8,0.004415751,0.002974272,45402,33750,90804
[RESULT] 8,64,9,0.003824234,0.002845049,45402,33750,90804
[RESULT] 43,64,0,0.004539967,0.003817081,45365,33634,90730
[RESULT] 43,64,1,0.004265308,0.003565788,45365,33634,90730
[RESULT] 43,64,2,0.004209280,0.003568649,45365,33634,90730
[RESULT] 43,64,3,0.003960371,0.003253222,45365,33634,90730
[RESULT] 43,64,4,0.004092455,0.003431082,45365,33634,90730
[RESULT] 43,64,5,0.003545284,0.002899170,45365,33634,90730
[RESULT] 43,64,6,0.004253149,0.003555298,45365,33634,90730
[RESULT] 43,64,7,0.003949165,0.003262758,45365,33634,90730
[RESULT] 43,64,8,0.003556252,0.002896547,45365,33634,90730
[RESULT] 43,64,9,0.003799915,0.003134012,45365,33634,90730
[RESULT] 50,64,0,0.004551172,0.003839016,45350,33556,90700
[RESULT] 50,64,1,0.004286051,0.003588676,45350,33556,90700
[RESULT] 50,64,2,0.003671169,0.002922058,45350,33556,90700
[RESULT] 50,64,3,0.003998756,0.003314018,45350,33556,90700
[RESULT] 50,64,4,0.003577948,0.002854586,45350,33556,90700
[RESULT] 19,64,0,0.004413366,0.002779245,45255,33591,90510
[RESULT] 19,64,1,0.004315615,0.002822876,45255,33591,90510
[RESULT] 19,64,2,0.004150391,0.002700806,45255,33591,90510
[RESULT] 19,64,3,0.003891706,0.002660036,45255,33591,90510
[RESULT] 19,64,4,0.003593445,0.002637863,45255,33591,90510
[RESULT] 19,64,5,0.003524303,0.002731085,45255,33591,90510
[RESULT] 32,64,0,0.004595041,0.003886938,45332,33699,90664
[RESULT] 32,64,1,0.004339933,0.003639698,45332,33699,90664
[RESULT] 32,64,2,0.004309893,0.003662825,45332,33699,90664
[RESULT] 32,64,3,0.004006386,0.003311157,45332,33699,90664
[RESULT] 32,64,4,0.003937721,0.003260136,45332,33699,90664
[RESULT] 32,64,5,0.003844976,0.003193378,45332,33699,90664
[RESULT] 32,64,6,0.004321098,0.003630877,45332,33699,90664
[RESULT] 32,64,7,0.004028559,0.003352404,45332,33699,90664
[RESULT] 32,64,8,0.003726959,0.003060818,45332,33699,90664
[RESULT] 32,64,9,0.003841877,0.003184080,45332,33699,90664
[RESULT] 58,64,4,0.003465176,0.002759457,45373,33667,90746
[RESULT] 58,64,5,0.003622532,0.002895117,45373,33667,90746
[RESULT] 58,64,6,0.004246712,0.003493547,45373,33667,90746
[RESULT] 58,64,7,0.003954887,0.003226995,45373,33667,90746
[RESULT] 58,64,8,0.003510952,0.002795696,45373,33667,90746
[RESULT] 58,64,9,0.003777981,0.003035069,45373,33667,90746
[RESULT] 20,64,0,0.004405260,0.002772093,45360,33658,90720
[RESULT] 20,64,1,0.004333496,0.002826452,45360,33658,90720
[RESULT] 20,64,2,0.004134417,0.002694130,45360,33658,90720
[RESULT] 20,64,3,0.003907204,0.002669334,45360,33658,90720
[RESULT] 20,64,4,0.003593683,0.002650738,45360,33658,90720
[RESULT] 20,64,5,0.003490925,0.002724886,45360,33658,90720
[RESULT] 20,64,6,0.003510714,0.002839088,45360,33658,90720
[RESULT] 20,64,7,0.003359318,0.002694845,45360,33658,90720
[RESULT] 34,64,7,0.004039764,0.003349304,45602,33915,91204
[RESULT] 34,64,8,0.003708601,0.003039837,45602,33915,91204
[RESULT] 34,64,9,0.003815651,0.003166437,45602,33915,91204
[RESULT] 50,64,5,0.003653526,0.002978802,45350,33556,90700
[RESULT] 50,64,6,0.004258871,0.003589869,45350,33556,90700
[RESULT] 50,64,7,0.003969908,0.003303766,45350,33556,90700
[RESULT] 50,64,8,0.003571033,0.002893448,45350,33556,90700
[RESULT] 50,64,9,0.003800392,0.003116369,45350,33556,90700
[RESULT] 15,64,0,0.004449606,0.002817392,45495,33844,90990
[RESULT] 15,64,1,0.004377604,0.002853632,45495,33844,90990
[RESULT] 36,64,0,0.004545689,0.003832340,45454,33751,90908
[RESULT] 36,64,1,0.004291773,0.003589153,45454,33751,90908
[RESULT] 36,64,2,0.004410505,0.003763199,45454,33751,90908
[RESULT] 36,64,3,0.003963232,0.003267527,45454,33751,90908
[RESULT] 36,64,4,0.003926754,0.003253937,45454,33751,90908
[RESULT] 36,64,5,0.003983498,0.003350258,45454,33751,90908
[RESULT] 36,64,6,0.004323006,0.003638029,45454,33751,90908
[RESULT] 36,64,7,0.004015207,0.003341198,45454,33751,90908
[RESULT] 19,64,6,0.003537893,0.002825022,45255,33591,90510
[RESULT] 19,64,7,0.003404140,0.002699852,45255,33591,90510
[RESULT] 19,64,8,0.004173994,0.002872229,45255,33591,90510
[RESULT] 19,64,9,0.003883600,0.002717257,45255,33591,90510
[RESULT] 41,64,0,0.004534245,0.003823757,45419,33751,90838
[RESULT] 41,64,1,0.004295349,0.003578186,45419,33751,90838
[RESULT] 41,64,2,0.004185677,0.003550053,45419,33751,90838
[RESULT] 41,64,3,0.003959179,0.003256559,45419,33751,90838
[RESULT] 41,64,4,0.003836393,0.003185749,45419,33751,90838
[RESULT] 41,64,5,0.003690958,0.003048897,45419,33751,90838
[RESULT] 41,64,6,0.004258156,0.003562927,45419,33751,90838
[RESULT] 41,64,7,0.003960609,0.003273010,45419,33751,90838
[RESULT] 41,64,8,0.003541231,0.002907991,45419,33751,90838
[RESULT] 41,64,9,0.003850937,0.003209114,45419,33751,90838
[RESULT] 20,64,8,0.004197836,0.002890348,45360,33658,90720
[RESULT] 20,64,9,0.003903627,0.002733946,45360,33658,90720
[RESULT] 27,64,0,0.004473925,0.003760099,45350,33668,90700
[RESULT] 27,64,1,0.004385471,0.003703833,45350,33668,90700
[RESULT] 27,64,2,0.004326344,0.003685951,45350,33668,90700
[RESULT] 27,64,3,0.003977299,0.003290653,45350,33668,90700
[RESULT] 27,64,4,0.004117012,0.003461599,45350,33668,90700
[RESULT] 27,64,5,0.003803492,0.003176689,45350,33668,90700
[RESULT] 27,64,6,0.004277706,0.003598928,45350,33668,90700
[RESULT] 27,64,7,0.003939390,0.003263235,45350,33668,90700
[RESULT] 27,64,8,0.003630638,0.003011942,45350,33668,90700
[RESULT] 27,64,9,0.003894091,0.003251314,45350,33668,90700
[RESULT] 15,64,2,0.004196405,0.002737999,45495,33844,90990
[RESULT] 15,64,3,0.003955364,0.002701283,45495,33844,90990
[RESULT] 15,64,4,0.003635168,0.002687931,45495,33844,90990
[RESULT] 15,64,5,0.003528118,0.002762079,45495,33844,90990
[RESULT] 15,64,6,0.003527641,0.002843380,45495,33844,90990
[RESULT] 15,64,7,0.003405809,0.002728462,45495,33844,90990
[RESULT] 15,64,8,0.004183292,0.002903700,45495,33844,90990
[RESULT] 15,64,9,0.003937483,0.002785444,45495,33844,90990
[RESULT] 28,64,0,0.004285574,0.003655672,45449,33700,90898
[RESULT] 28,64,1,0.004121542,0.003503084,45449,33700,90898
[RESULT] 28,64,2,0.004111528,0.003557205,45449,33700,90898
[RESULT] 28,64,3,0.003774643,0.003164291,45449,33700,90898
[RESULT] 28,64,4,0.004029989,0.003441095,45449,33700,90898
[RESULT] 28,64,5,0.003723145,0.003144503,45449,33700,90898
[RESULT] 28,64,6,0.003990412,0.003391981,45449,33700,90898
[RESULT] 29,64,0,0.004503727,0.003750086,45254,33564,90508
[RESULT] 29,64,1,0.004420757,0.003693342,45254,33564,90508
[RESULT] 29,64,2,0.004338980,0.003672361,45254,33564,90508
[RESULT] 29,64,3,0.003974676,0.003252506,45254,33564,90508
[RESULT] 29,64,4,0.004095316,0.003384590,45254,33564,90508
[RESULT] 29,64,5,0.003648996,0.002977610,45254,33564,90508
[RESULT] 29,64,6,0.004299164,0.003580332,45254,33564,90508
[RESULT] 29,64,7,0.003961802,0.003256798,45254,33564,90508
[RESULT] 29,64,8,0.003674746,0.003000021,45254,33564,90508
[RESULT] 29,64,9,0.003903389,0.003223896,45254,33564,90508
[RESULT] 36,64,8,0.003831625,0.003174305,45454,33751,90908
[RESULT] 36,64,9,0.003869772,0.003213406,45454,33751,90908
[RESULT] 37,64,0,0.004570961,0.003827095,45363,33689,90726
[RESULT] 37,64,1,0.004312754,0.003588438,45363,33689,90726
[RESULT] 37,64,2,0.004330873,0.003679991,45363,33689,90726
[RESULT] 37,64,3,0.003968000,0.003261566,45363,33689,90726
[RESULT] 37,64,4,0.004100084,0.003395557,45363,33689,90726
[RESULT] 37,64,5,0.003898382,0.003245115,45363,33689,90726
[RESULT] 37,64,6,0.004318237,0.003613472,45363,33689,90726
[RESULT] 37,64,7,0.003974438,0.003281116,45363,33689,90726
[RESULT] 37,64,8,0.003756762,0.003088713,45363,33689,90726
[RESULT] 37,64,9,0.003890038,0.003226280,45363,33689,90726
[RESULT] 28,64,7,0.003726959,0.003135681,45449,33700,90898
[RESULT] 28,64,8,0.003645658,0.003075600,45449,33700,90898
[RESULT] 28,64,9,0.003915787,0.003329754,45449,33700,90898
[RESULT] 30,64,0,0.004262209,0.003584146,45458,33758,90916
[RESULT] 30,64,1,0.004145145,0.003471136,45458,33758,90916
[RESULT] 30,64,2,0.004513979,0.003885746,45458,33758,90916
[RESULT] 30,64,3,0.003965855,0.003284931,45458,33758,90916
[RESULT] 33,64,0,0.004593611,0.003889561,45336,33622,90672
[RESULT] 33,64,1,0.004339933,0.003638744,45336,33622,90672
[RESULT] 33,64,2,0.004465818,0.003774166,45336,33622,90672
[RESULT] 33,64,3,0.004028320,0.003323555,45336,33622,90672
[RESULT] 33,64,4,0.003861189,0.003198862,45336,33622,90672
[RESULT] 33,64,5,0.004002094,0.003344059,45336,33622,90672
[RESULT] 33,64,6,0.004318714,0.003633022,45336,33622,90672
[RESULT] 33,64,7,0.004039288,0.003364563,45336,33622,90672
[RESULT] 35,64,0,0.004545927,0.003834486,45215,33377,90430
[RESULT] 35,64,1,0.004299402,0.003590584,45215,33377,90430
[RESULT] 35,64,2,0.004530430,0.003851652,45215,33377,90430
[RESULT] 35,64,3,0.003975630,0.003266335,45215,33377,90430
[RESULT] 35,64,4,0.004209042,0.003546238,45215,33377,90430
[RESULT] 35,64,5,0.004052162,0.003387451,45215,33377,90430
[RESULT] 35,64,6,0.004294872,0.003607988,45215,33377,90430
[RESULT] 35,64,7,0.003986835,0.003299475,45215,33377,90430
[RESULT] 35,64,8,0.003994465,0.003333569,45215,33377,90430
[RESULT] 35,64,9,0.004085779,0.003393888,45215,33377,90430
[RESULT] 38,64,0,0.004551172,0.003826141,45260,33458,90520
[RESULT] 38,64,1,0.004281759,0.003577948,45260,33458,90520
[RESULT] 38,64,2,0.004469872,0.003822803,45260,33458,90520
[RESULT] 38,64,3,0.004009008,0.003309965,45260,33458,90520
[RESULT] 38,64,4,0.003977299,0.003296375,45260,33458,90520
[RESULT] 38,64,5,0.003983259,0.003335238,45260,33458,90520
[RESULT] 38,64,6,0.004262447,0.003567696,45260,33458,90520
[RESULT] 38,64,7,0.003963470,0.003273249,45260,33458,90520
[RESULT] 38,64,8,0.003850698,0.003185987,45260,33458,90520
[RESULT] 38,64,9,0.004095793,0.003434420,45260,33458,90520
[RESULT] 25,64,0,0.004193544,0.003531694,45242,33617,90484
[RESULT] 25,64,1,0.004128933,0.003476143,45242,33617,90484
[RESULT] 25,64,2,0.004552126,0.003899336,45242,33617,90484
[RESULT] 25,64,3,0.003957510,0.003290892,45242,33617,90484
[RESULT] 25,64,4,0.004033566,0.003382921,45242,33617,90484
[RESULT] 25,64,5,0.004060030,0.003419161,45242,33617,90484
[RESULT] 30,64,4,0.004017830,0.003340483,45458,33758,90916
[RESULT] 30,64,5,0.004040480,0.003409863,45458,33758,90916
[RESULT] 30,64,6,0.003999710,0.003344059,45458,33758,90916
[RESULT] 30,64,7,0.003845692,0.003184319,45458,33758,90916
[RESULT] 30,64,8,0.003930807,0.003290892,45458,33758,90916
[RESULT] 30,64,9,0.004081249,0.003422499,45458,33758,90916
[RESULT] 4,64,0,0.004940271,0.003432751,45401,33704,90802
[RESULT] 4,64,1,0.004455566,0.002931595,45401,33704,90802
[RESULT] 4,64,2,0.004328251,0.002868652,45401,33704,90802
[RESULT] 4,64,3,0.004234791,0.003008366,45401,33704,90802
[RESULT] 4,64,4,0.003702641,0.002792358,45401,33704,90802
[RESULT] 4,64,5,0.003679037,0.002939939,45401,33704,90802
[RESULT] 4,64,6,0.003947496,0.003324509,45401,33704,90802
[RESULT] 4,64,7,0.003724098,0.003036261,45401,33704,90802
[RESULT] 4,64,8,0.004232168,0.003004074,45401,33704,90802
[RESULT] 4,64,9,0.003983498,0.002873659,45401,33704,90802
[RESULT] 31,64,0,0.004365444,0.003642797,45342,33702,90684
[RESULT] 31,64,1,0.004091263,0.003408194,45342,33702,90684
[RESULT] 31,64,2,0.004486084,0.003827333,45342,33702,90684
[RESULT] 31,64,3,0.003798008,0.003095388,45342,33702,90684
[RESULT] 31,64,4,0.004095793,0.003401279,45342,33702,90684
[RESULT] 31,64,5,0.004012585,0.003361940,45342,33702,90684
[RESULT] 31,64,6,0.004007578,0.003330469,45342,33702,90684
[RESULT] 31,64,7,0.003746986,0.003068447,45342,33702,90684
[RESULT] 31,64,8,0.003871202,0.003216505,45342,33702,90684
[RESULT] 31,64,9,0.004102707,0.003440619,45342,33702,90684
[RESULT] 33,64,8,0.003977776,0.003304005,45336,33622,90672
[RESULT] 33,64,9,0.004078150,0.003397465,45336,33622,90672
[RESULT] 24,64,0,0.004374743,0.003691912,45565,33935,91130
[RESULT] 24,64,1,0.004267693,0.003598928,45565,33935,91130
[RESULT] 24,64,2,0.004626989,0.003978968,45565,33935,91130
[RESULT] 24,64,3,0.004002571,0.003327847,45565,33935,91130
[RESULT] 24,64,4,0.004157305,0.003514528,45565,33935,91130
[RESULT] 24,64,5,0.004143476,0.003501415,45565,33935,91130
[RESULT] 25,64,6,0.003994942,0.003361464,45242,33617,90484
[RESULT] 25,64,7,0.003867626,0.003215075,45242,33617,90484
[RESULT] 25,64,8,0.003989935,0.003360033,45242,33617,90484
[RESULT] 25,64,9,0.004145145,0.003491402,45242,33617,90484
[RESULT] 26,64,0,0.004298687,0.003617764,45361,33637,90722
[RESULT] 26,64,1,0.004125595,0.003471613,45361,33637,90722
[RESULT] 26,64,2,0.004547358,0.003887177,45361,33637,90722
[RESULT] 26,64,3,0.003906488,0.003235579,45361,33637,90722
[RESULT] 26,64,4,0.004013777,0.003353596,45361,33637,90722
[RESULT] 26,64,5,0.004020691,0.003375769,45361,33637,90722
[RESULT] 26,64,6,0.003937244,0.003310442,45361,33637,90722
[RESULT] 26,64,7,0.003733158,0.003102064,45361,33637,90722
[RESULT] 26,64,8,0.003894806,0.003251076,45361,33637,90722
[RESULT] 26,64,9,0.004178524,0.003516436,45361,33637,90722
[RESULT] 39,64,0,0.004560709,0.003826141,45560,33921,91120
[RESULT] 39,64,1,0.004301310,0.003575325,45560,33921,91120
[RESULT] 39,64,2,0.004570961,0.003916264,45560,33921,91120
[RESULT] 39,64,3,0.004006147,0.003293276,45560,33921,91120
[RESULT] 39,64,4,0.003869772,0.003190041,45560,33921,91120
[RESULT] 39,64,5,0.004066229,0.003420830,45560,33921,91120
[RESULT] 39,64,6,0.004272223,0.003562689,45560,33921,91120
[RESULT] 39,64,7,0.003970623,0.003276110,45560,33921,91120
[RESULT] 39,64,8,0.004011154,0.003367424,45560,33921,91120
[RESULT] 39,64,9,0.004163742,0.003500700,45560,33921,91120
[RESULT] 40,64,0,0.004594564,0.003831625,45299,33642,90598
[RESULT] 40,64,1,0.004319668,0.003586769,45299,33642,90598
[RESULT] 40,64,2,0.004547119,0.003869772,45299,33642,90598
[RESULT] 40,64,3,0.003993988,0.003260136,45299,33642,90598
[RESULT] 40,64,4,0.003980637,0.003270864,45299,33642,90598
[RESULT] 40,64,5,0.004068375,0.003397703,45299,33642,90598
[RESULT] 40,64,6,0.004296541,0.003564596,45299,33642,90598
[RESULT] 40,64,7,0.003990889,0.003279209,45299,33642,90598
[RESULT] 40,64,8,0.003954649,0.003278017,45299,33642,90598
[RESULT] 40,64,9,0.004184246,0.003499746,45299,33642,90598
[RESULT] 24,64,6,0.004269838,0.003607273,45565,33935,91130
[RESULT] 24,64,7,0.003971577,0.003299475,45565,33935,91130
[RESULT] 24,64,8,0.004062176,0.003432989,45565,33935,91130
[RESULT] 24,64,9,0.004193544,0.003541231,45565,33935,91130
