Retrieving the matrix from '../data/bcsstk27.mtx'...
Real Matrix (Strong Scaling): Rows=1224 | Cols=1224 | NNZ=28675 | Procs=8
Matrix distributed and converted to CSR
Ghost columns identified: 3137 total ghost values needed
Local vector initialized (size=153 per process)
[RESULT] 0,8,0,0.000136375,0.000121355,3667,3137,7334
[RESULT] 0,8,1,0.000124931,0.000110388,3667,3137,7334
[RESULT] 0,8,2,0.000117064,0.000102758,3667,3137,7334
[RESULT] 0,8,3,0.000094414,0.000080109,3667,3137,7334
[RESULT] 0,8,4,0.000104427,0.000090361,3667,3137,7334
[RESULT] 0,8,5,0.000134230,0.000119686,3667,3137,7334
[RESULT] 0,8,6,0.000102758,0.000087976,3667,3137,7334
[RESULT] 0,8,7,0.000121117,0.000106335,3667,3137,7334
[RESULT] 0,8,8,0.000121355,0.000106573,3667,3137,7334
[RESULT] 0,8,9,0.000111580,0.000096798,3667,3137,7334

Benchmark Summary
Processes: 8
Iterations: 10
Matrix NNZ: 28675
Total execution time: 0.023 seconds
[RESULT] 7,8,0,0.000089407,0.000076294,3535,3004,7070
[RESULT] 7,8,1,0.000075102,0.000062466,3535,3004,7070
[RESULT] 7,8,2,0.000076771,0.000064135,3535,3004,7070
[RESULT] 7,8,3,0.000089407,0.000076771,3535,3004,7070
[RESULT] 2,8,0,0.000123024,0.000107765,3641,3116,7282
[RESULT] 2,8,1,0.000104427,0.000089645,3641,3116,7282
[RESULT] 2,8,2,0.000114918,0.000100374,3641,3116,7282
[RESULT] 2,8,3,0.000132799,0.000118256,3641,3116,7282
[RESULT] 2,8,4,0.000125170,0.000110626,3641,3116,7282
[RESULT] 4,8,0,0.000130892,0.000114679,3650,3122,7300
[RESULT] 4,8,1,0.000120163,0.000105858,3650,3122,7300
[RESULT] 4,8,2,0.000114441,0.000100136,3650,3122,7300
[RESULT] 4,8,3,0.000100851,0.000086784,3650,3122,7300
[RESULT] 4,8,4,0.000116110,0.000102043,3650,3122,7300
[RESULT] 4,8,5,0.000128508,0.000114202,3650,3122,7300
[RESULT] 4,8,6,0.000099182,0.000084639,3650,3122,7300
[RESULT] 4,8,7,0.000124454,0.000110149,3650,3122,7300
[RESULT] 4,8,8,0.000121593,0.000107288,3650,3122,7300
[RESULT] 4,8,9,0.000116110,0.000101566,3650,3122,7300
[RESULT] 3,8,0,0.000099421,0.000087738,3500,2973,7000
[RESULT] 3,8,1,0.000086784,0.000075579,3500,2973,7000
[RESULT] 3,8,2,0.000094414,0.000082970,3500,2973,7000
[RESULT] 3,8,3,0.000103235,0.000091791,3500,2973,7000
[RESULT] 3,8,4,0.000098705,0.000087500,3500,2973,7000
[RESULT] 3,8,5,0.000095367,0.000083923,3500,2973,7000
[RESULT] 3,8,6,0.000091314,0.000079870,3500,2973,7000
[RESULT] 6,8,0,0.000127792,0.000112057,3666,3135,7332
[RESULT] 6,8,1,0.000114918,0.000095367,3666,3135,7332
[RESULT] 6,8,2,0.000121593,0.000107288,3666,3135,7332
[RESULT] 6,8,3,0.000116825,0.000102520,3666,3135,7332
[RESULT] 6,8,4,0.000125170,0.000110626,3666,3135,7332
[RESULT] 6,8,5,0.000113964,0.000095367,3666,3135,7332
[RESULT] 6,8,6,0.000138521,0.000123978,3666,3135,7332
[RESULT] 6,8,7,0.000118732,0.000104189,3666,3135,7332
[RESULT] 6,8,8,0.000118971,0.000104666,3666,3135,7332
[RESULT] 6,8,9,0.000121355,0.000106812,3666,3135,7332
[RESULT] 5,8,0,0.000097990,0.000083685,3507,2978,7014
[RESULT] 5,8,1,0.000100613,0.000087023,3507,2978,7014
[RESULT] 5,8,2,0.000108480,0.000095129,3507,2978,7014
[RESULT] 5,8,3,0.000100136,0.000087261,3507,2978,7014
[RESULT] 5,8,4,0.000096083,0.000082970,3507,2978,7014
[RESULT] 5,8,5,0.000106096,0.000092983,3507,2978,7014
[RESULT] 5,8,6,0.000105143,0.000091791,3507,2978,7014
[RESULT] 5,8,7,0.000084639,0.000071526,3507,2978,7014
[RESULT] 5,8,8,0.000100851,0.000087261,3507,2978,7014
[RESULT] 5,8,9,0.000098228,0.000084877,3507,2978,7014
[RESULT] 7,8,4,0.000081301,0.000068665,3535,3004,7070
[RESULT] 7,8,5,0.000081539,0.000069141,3535,3004,7070
[RESULT] 7,8,6,0.000078917,0.000066519,3535,3004,7070
[RESULT] 7,8,7,0.000087261,0.000074863,3535,3004,7070
[RESULT] 7,8,8,0.000074387,0.000061989,3535,3004,7070
[RESULT] 7,8,9,0.000081539,0.000069141,3535,3004,7070
[RESULT] 2,8,5,0.000097275,0.000082731,3641,3116,7282
[RESULT] 2,8,6,0.000127792,0.000097036,3641,3116,7282
[RESULT] 2,8,7,0.000123978,0.000109434,3641,3116,7282
[RESULT] 2,8,8,0.000118017,0.000103235,3641,3116,7282
[RESULT] 2,8,9,0.000114441,0.000099897,3641,3116,7282
[RESULT] 1,8,0,0.000090837,0.000076056,3509,2981,7018
[RESULT] 1,8,1,0.000106812,0.000092745,3509,2981,7018
[RESULT] 1,8,2,0.000114441,0.000100374,3509,2981,7018
[RESULT] 1,8,3,0.000118017,0.000104666,3509,2981,7018
[RESULT] 1,8,4,0.000083923,0.000070572,3509,2981,7018
[RESULT] 1,8,5,0.000116825,0.000102520,3509,2981,7018
[RESULT] 1,8,6,0.000116587,0.000102282,3509,2981,7018
[RESULT] 1,8,7,0.000083923,0.000069380,3509,2981,7018
[RESULT] 1,8,8,0.000106096,0.000091791,3509,2981,7018
[RESULT] 1,8,9,0.000111341,0.000097036,3509,2981,7018
[RESULT] 3,8,7,0.000094652,0.000083685,3500,2973,7000
[RESULT] 3,8,8,0.000096321,0.000085115,3500,2973,7000
[RESULT] 3,8,9,0.000096083,0.000084639,3500,2973,7000
