Retrieving the matrix from '../data/Hook_1498.mtx'...
Real Matrix (Strong Scaling): Rows=1498023 | Cols=1498023 | NNZ=31207734 | Procs=1
Matrix distributed and converted to CSR
Ghost columns identified: 0 total ghost values needed
Local vector initialized (size=1498023 per process)
[RESULT] 0,1,0,0.045164585,0.000025988,31207734,0,62415468
[RESULT] 0,1,1,0.049279690,0.000006437,31207734,0,62415468
[RESULT] 0,1,2,0.064404249,0.000005960,31207734,0,62415468
[RESULT] 0,1,3,0.065491199,0.000005960,31207734,0,62415468
[RESULT] 0,1,4,0.052003622,0.000005007,31207734,0,62415468
[RESULT] 0,1,5,0.061713219,0.000006199,31207734,0,62415468
[RESULT] 0,1,6,0.038762808,0.000006199,31207734,0,62415468
[RESULT] 0,1,7,0.065395117,0.000005007,31207734,0,62415468
[RESULT] 0,1,8,0.057646036,0.000006199,31207734,0,62415468
[RESULT] 0,1,9,0.051004648,0.000005007,31207734,0,62415468

Benchmark Summary
Processes: 1
Iterations: 10
Matrix NNZ: 31207734
Total execution time: 16.904 seconds
