Retrieving the matrix from '../data/Andrews.mtx'...
Real Matrix (Strong Scaling): Rows=60000 | Cols=60000 | NNZ=410077 | Procs=16
Matrix distributed and converted to CSR
Ghost columns identified: 19812 total ghost values needed
Local vector initialized (size=3750 per process)
[RESULT] 0,16,0,0.000344992,0.000130653,25418,19812,50836
[RESULT] 0,16,1,0.000291586,0.000077248,25418,19812,50836
[RESULT] 0,16,2,0.000298262,0.000076294,25418,19812,50836
[RESULT] 0,16,3,0.000290394,0.000077009,25418,19812,50836
[RESULT] 0,16,4,0.000289440,0.000075817,25418,19812,50836
[RESULT] 0,16,5,0.000304222,0.000080824,25418,19812,50836
[RESULT] 0,16,6,0.000289917,0.000076771,25418,19812,50836
[RESULT] 0,16,7,0.000288725,0.000074387,25418,19812,50836
[RESULT] 0,16,8,0.000300884,0.000088215,25418,19812,50836
[RESULT] 0,16,9,0.000294447,0.000074387,25418,19812,50836

Benchmark Summary
Processes: 16
Iterations: 10
Matrix NNZ: 410077
Total execution time: 0.155 seconds
[RESULT] 2,16,0,0.000360966,0.000142813,25361,19701,50722
[RESULT] 2,16,1,0.000295639,0.000079155,25361,19701,50722
[RESULT] 2,16,2,0.000303030,0.000077248,25361,19701,50722
[RESULT] 2,16,3,0.000292301,0.000078440,25361,19701,50722
[RESULT] 2,16,4,0.000293970,0.000078440,25361,19701,50722
[RESULT] 2,16,5,0.000304937,0.000083447,25361,19701,50722
[RESULT] 2,16,6,0.000293732,0.000078678,25361,19701,50722
[RESULT] 2,16,7,0.000292063,0.000076532,25361,19701,50722
[RESULT] 2,16,8,0.000302315,0.000087023,25361,19701,50722
[RESULT] 2,16,9,0.000290871,0.000077248,25361,19701,50722
[RESULT] 3,16,0,0.000363350,0.000142336,25702,20023,51404
[RESULT] 3,16,1,0.000296593,0.000078678,25702,20023,51404
[RESULT] 3,16,2,0.000305414,0.000073433,25702,20023,51404
[RESULT] 3,16,3,0.000290871,0.000073910,25702,20023,51404
[RESULT] 3,16,4,0.000287294,0.000070810,25702,20023,51404
[RESULT] 3,16,5,0.000310898,0.000092983,25702,20023,51404
[RESULT] 3,16,6,0.000293970,0.000076532,25702,20023,51404
[RESULT] 3,16,7,0.000288486,0.000071526,25702,20023,51404
[RESULT] 3,16,8,0.000305653,0.000086308,25702,20023,51404
[RESULT] 3,16,9,0.000285387,0.000067949,25702,20023,51404
[RESULT] 4,16,0,0.000359058,0.000144482,25296,19731,50592
[RESULT] 4,16,1,0.000287771,0.000076771,25296,19731,50592
[RESULT] 4,16,2,0.000295162,0.000078440,25296,19731,50592
[RESULT] 4,16,3,0.000286102,0.000075102,25296,19731,50592
[RESULT] 4,16,4,0.000286341,0.000074863,25296,19731,50592
[RESULT] 4,16,5,0.000306606,0.000094891,25296,19731,50592
[RESULT] 4,16,6,0.000285149,0.000075579,25296,19731,50592
[RESULT] 4,16,7,0.000278950,0.000069380,25296,19731,50592
[RESULT] 4,16,8,0.000296116,0.000084162,25296,19731,50592
[RESULT] 4,16,9,0.000282764,0.000072956,25296,19731,50592
[RESULT] 10,16,0,0.000353575,0.000133753,25295,19711,50590
[RESULT] 10,16,1,0.000288248,0.000076056,25295,19711,50590
[RESULT] 10,16,2,0.000303268,0.000083923,25295,19711,50590
[RESULT] 10,16,3,0.000286818,0.000075340,25295,19711,50590
[RESULT] 10,16,4,0.000287056,0.000078201,25295,19711,50590
[RESULT] 10,16,5,0.000316620,0.000106096,25295,19711,50590
[RESULT] 10,16,6,0.000286102,0.000074387,25295,19711,50590
[RESULT] 10,16,7,0.000285387,0.000073433,25295,19711,50590
[RESULT] 10,16,8,0.000300407,0.000088692,25295,19711,50590
[RESULT] 10,16,9,0.000288486,0.000078201,25295,19711,50590
[RESULT] 1,16,0,0.000349283,0.000128031,25973,20247,51946
[RESULT] 1,16,1,0.000298738,0.000076056,25973,20247,51946
[RESULT] 1,16,2,0.000302553,0.000073910,25973,20247,51946
[RESULT] 1,16,3,0.000288248,0.000067711,25973,20247,51946
[RESULT] 1,16,4,0.000290871,0.000069857,25973,20247,51946
[RESULT] 1,16,5,0.000313282,0.000081301,25973,20247,51946
[RESULT] 1,16,6,0.000294924,0.000075102,25973,20247,51946
[RESULT] 1,16,7,0.000289440,0.000070810,25973,20247,51946
[RESULT] 1,16,8,0.000304937,0.000084639,25973,20247,51946
[RESULT] 1,16,9,0.000289917,0.000069141,25973,20247,51946
[RESULT] 5,16,0,0.000361443,0.000139713,26090,20417,52180
[RESULT] 5,16,1,0.000301838,0.000081301,26090,20417,52180
[RESULT] 5,16,2,0.000305414,0.000076294,26090,20417,52180
[RESULT] 5,16,3,0.000293732,0.000072718,26090,20417,52180
[RESULT] 5,16,4,0.000296593,0.000075102,26090,20417,52180
[RESULT] 5,16,5,0.000319004,0.000098467,26090,20417,52180
[RESULT] 5,16,6,0.000293493,0.000071526,26090,20417,52180
[RESULT] 5,16,7,0.000289679,0.000070810,26090,20417,52180
[RESULT] 5,16,8,0.000302553,0.000081301,26090,20417,52180
[RESULT] 5,16,9,0.000291824,0.000072718,26090,20417,52180
[RESULT] 6,16,0,0.000369072,0.000146627,25361,19736,50722
[RESULT] 6,16,1,0.000303745,0.000089645,25361,19736,50722
[RESULT] 6,16,2,0.000311136,0.000089645,25361,19736,50722
[RESULT] 6,16,3,0.000303507,0.000089884,25361,19736,50722
[RESULT] 6,16,4,0.000300646,0.000087023,25361,19736,50722
[RESULT] 6,16,5,0.000315428,0.000101566,25361,19736,50722
[RESULT] 6,16,6,0.000303268,0.000088215,25361,19736,50722
[RESULT] 6,16,7,0.000302792,0.000087261,25361,19736,50722
[RESULT] 6,16,8,0.000311852,0.000097275,25361,19736,50722
[RESULT] 6,16,9,0.000300169,0.000087261,25361,19736,50722
[RESULT] 7,16,0,0.000363350,0.000145435,25792,20161,51584
[RESULT] 7,16,1,0.000291348,0.000067234,25792,20161,51584
[RESULT] 7,16,2,0.000304937,0.000078678,25792,20161,51584
[RESULT] 7,16,3,0.000285387,0.000068903,25792,20161,51584
[RESULT] 7,16,4,0.000290871,0.000073671,25792,20161,51584
[RESULT] 7,16,5,0.000319004,0.000100613,25792,20161,51584
[RESULT] 7,16,6,0.000291824,0.000071526,25792,20161,51584
[RESULT] 7,16,7,0.000282526,0.000067234,25792,20161,51584
[RESULT] 7,16,8,0.000297070,0.000079632,25792,20161,51584
[RESULT] 7,16,9,0.000289440,0.000071287,25792,20161,51584
[RESULT] 8,16,0,0.000364780,0.000149250,25205,19622,50410
[RESULT] 8,16,1,0.000298500,0.000086308,25205,19622,50410
[RESULT] 8,16,2,0.000309467,0.000089169,25205,19622,50410
[RESULT] 8,16,3,0.000302553,0.000088215,25205,19622,50410
[RESULT] 8,16,4,0.000301361,0.000088453,25205,19622,50410
[RESULT] 8,16,5,0.000315905,0.000102997,25205,19622,50410
[RESULT] 8,16,6,0.000298977,0.000086784,25205,19622,50410
[RESULT] 8,16,7,0.000300169,0.000087500,25205,19622,50410
[RESULT] 8,16,8,0.000312328,0.000098944,25205,19622,50410
[RESULT] 8,16,9,0.000302792,0.000088930,25205,19622,50410
[RESULT] 9,16,0,0.000353813,0.000133991,25829,20214,51658
[RESULT] 9,16,1,0.000291586,0.000072241,25829,20214,51658
[RESULT] 9,16,2,0.000305653,0.000082016,25829,20214,51658
[RESULT] 9,16,3,0.000284195,0.000066996,25829,20214,51658
[RESULT] 9,16,4,0.000293732,0.000075817,25829,20214,51658
[RESULT] 9,16,5,0.000320196,0.000102997,25829,20214,51658
[RESULT] 9,16,6,0.000292778,0.000076056,25829,20214,51658
[RESULT] 9,16,7,0.000285625,0.000068426,25829,20214,51658
[RESULT] 9,16,8,0.000300407,0.000083208,25829,20214,51658
[RESULT] 9,16,9,0.000291109,0.000073195,25829,20214,51658
[RESULT] 11,16,0,0.000351429,0.000130892,25805,20119,51610
[RESULT] 11,16,1,0.000289917,0.000070810,25805,20119,51610
[RESULT] 11,16,2,0.000296593,0.000067234,25805,20119,51610
[RESULT] 11,16,3,0.000291109,0.000071287,25805,20119,51610
[RESULT] 11,16,4,0.000288010,0.000068665,25805,20119,51610
[RESULT] 11,16,5,0.000320911,0.000102043,25805,20119,51610
[RESULT] 11,16,6,0.000290155,0.000070810,25805,20119,51610
[RESULT] 11,16,7,0.000284195,0.000065565,25805,20119,51610
[RESULT] 11,16,8,0.000300884,0.000083208,25805,20119,51610
[RESULT] 11,16,9,0.000300169,0.000073910,25805,20119,51610
[RESULT] 12,16,0,0.000362873,0.000149012,25225,19644,50450
[RESULT] 12,16,1,0.000296354,0.000083685,25225,19644,50450
[RESULT] 12,16,2,0.000310421,0.000089169,25225,19644,50450
[RESULT] 12,16,3,0.000296593,0.000084162,25225,19644,50450
[RESULT] 12,16,4,0.000300646,0.000087976,25225,19644,50450
[RESULT] 12,16,5,0.000319242,0.000111341,25225,19644,50450
[RESULT] 12,16,6,0.000299454,0.000086546,25225,19644,50450
[RESULT] 12,16,7,0.000296831,0.000086784,25225,19644,50450
[RESULT] 12,16,8,0.000310659,0.000098228,25225,19644,50450
[RESULT] 12,16,9,0.000298023,0.000087261,25225,19644,50450
[RESULT] 13,16,0,0.000384331,0.000154495,26296,20631,52592
[RESULT] 13,16,1,0.000311136,0.000090599,26296,20631,52592
[RESULT] 13,16,2,0.000323534,0.000103474,26296,20631,52592
[RESULT] 13,16,3,0.000311613,0.000092030,26296,20631,52592
[RESULT] 13,16,4,0.000313282,0.000093937,26296,20631,52592
[RESULT] 13,16,5,0.000337124,0.000115395,26296,20631,52592
[RESULT] 13,16,6,0.000312090,0.000092745,26296,20631,52592
[RESULT] 13,16,7,0.000323772,0.000094175,26296,20631,52592
[RESULT] 13,16,8,0.000324726,0.000103712,26296,20631,52592
[RESULT] 13,16,9,0.000316381,0.000095129,26296,20631,52592
[RESULT] 14,16,0,0.000379086,0.000157118,25502,19882,51004
[RESULT] 14,16,1,0.000326157,0.000089407,25502,19882,51004
[RESULT] 14,16,2,0.000324965,0.000090361,25502,19882,51004
[RESULT] 14,16,3,0.000325441,0.000090361,25502,19882,51004
[RESULT] 14,16,4,0.000317097,0.000091076,25502,19882,51004
[RESULT] 14,16,5,0.000352383,0.000117064,25502,19882,51004
[RESULT] 14,16,6,0.000306606,0.000086308,25502,19882,51004
[RESULT] 14,16,7,0.000309467,0.000089884,25502,19882,51004
[RESULT] 14,16,8,0.000324011,0.000102758,25502,19882,51004
[RESULT] 14,16,9,0.000308514,0.000089884,25502,19882,51004
[RESULT] 15,16,0,0.000388861,0.000160933,25927,20263,51854
[RESULT] 15,16,1,0.000337362,0.000095129,25927,20263,51854
[RESULT] 15,16,2,0.000336647,0.000103235,25927,20263,51854
[RESULT] 15,16,3,0.000327587,0.000093222,25927,20263,51854
[RESULT] 15,16,4,0.000331163,0.000095129,25927,20263,51854
[RESULT] 15,16,5,0.000362158,0.000120163,25927,20263,51854
[RESULT] 15,16,6,0.000314236,0.000091076,25927,20263,51854
[RESULT] 15,16,7,0.000319004,0.000092268,25927,20263,51854
[RESULT] 15,16,8,0.000330687,0.000105381,25927,20263,51854
[RESULT] 15,16,9,0.000319004,0.000093699,25927,20263,51854
