Retrieving the matrix from '../data/Hook_1498.mtx'...
Real Matrix (Strong Scaling): Rows=1498023 | Cols=1498023 | NNZ=31207734 | Procs=64
Matrix distributed and converted to CSR
Ghost columns identified: 457392 total ghost values needed
Local vector initialized (size=23407 per process)
[RESULT] 22,64,0,0.257149220,0.252150536,488612,460139,977224
[RESULT] 22,64,1,0.253747463,0.248606205,488612,460139,977224
[RESULT] 22,64,2,0.259492874,0.254443169,488612,460139,977224
[RESULT] 22,64,3,0.259338140,0.254464865,488612,460139,977224
[RESULT] 22,64,4,0.248051167,0.242834806,488612,460139,977224
[RESULT] 22,64,5,0.271273136,0.266154528,488612,460139,977224
[RESULT] 22,64,6,0.414695978,0.409659863,488612,460139,977224
[RESULT] 22,64,7,0.411016941,0.406000614,488612,460139,977224
[RESULT] 22,64,8,0.266998529,0.261922121,488612,460139,977224
[RESULT] 22,64,9,0.263810158,0.258690357,488612,460139,977224
[RESULT] 19,64,0,0.257220984,0.252202988,486593,458265,973186
[RESULT] 19,64,1,0.254490376,0.249357700,486593,458265,973186
[RESULT] 19,64,2,0.258882999,0.253908396,486593,458265,973186
[RESULT] 19,64,3,0.260275841,0.255210400,486593,458265,973186
[RESULT] 19,64,4,0.247949600,0.242722750,486593,458265,973186
[RESULT] 19,64,5,0.271290541,0.266202688,486593,458265,973186
[RESULT] 19,64,6,0.067413568,0.062464952,486593,458265,973186
[RESULT] 19,64,7,0.267327547,0.262269735,486593,458265,973186
[RESULT] 19,64,8,0.267087936,0.262007475,486593,458265,973186
[RESULT] 19,64,9,0.263843536,0.258740187,486593,458265,973186
[RESULT] 21,64,0,0.244319439,0.239226818,488704,460352,977408
[RESULT] 21,64,1,0.241641760,0.236289501,488704,460352,977408
[RESULT] 21,64,2,0.254347086,0.249250889,488704,460352,977408
[RESULT] 21,64,3,0.260294437,0.255257130,488704,460352,977408
[RESULT] 21,64,4,0.248142481,0.242804766,488704,460352,977408
[RESULT] 21,64,5,0.271337748,0.266166210,488704,460352,977408
[RESULT] 21,64,6,0.414846659,0.409712553,488704,460352,977408
[RESULT] 21,64,7,0.411131859,0.406000614,488704,460352,977408
[RESULT] 21,64,8,0.267988682,0.261951447,488704,460352,977408
[RESULT] 21,64,9,0.263905764,0.258706570,488704,460352,977408
[RESULT] 16,64,0,0.257789850,0.252750397,487463,459055,974926
[RESULT] 16,64,1,0.254466534,0.249287128,487463,459055,974926
[RESULT] 16,64,2,0.257891655,0.252796173,487463,459055,974926
[RESULT] 16,64,3,0.260335922,0.255129814,487463,459055,974926
[RESULT] 16,64,4,0.246897221,0.241702080,487463,459055,974926
[RESULT] 23,64,0,0.262670517,0.252142668,489318,460893,978636
[RESULT] 23,64,1,0.253784418,0.248579025,489318,460893,978636
[RESULT] 23,64,2,0.267854214,0.262879372,489318,460893,978636
[RESULT] 23,64,3,0.263026237,0.254452944,489318,460893,978636
[RESULT] 23,64,4,0.253183842,0.242887735,489318,460893,978636
[RESULT] 23,64,5,0.273938894,0.266155720,489318,460893,978636
[RESULT] 23,64,6,0.416785240,0.411054373,489318,460893,978636
[RESULT] 16,64,5,0.271440029,0.266287327,487463,459055,974926
[RESULT] 16,64,6,0.067397356,0.062396526,487463,459055,974926
[RESULT] 16,64,7,0.267274618,0.262313128,487463,459055,974926
[RESULT] 16,64,8,0.267549992,0.262438297,487463,459055,974926
[RESULT] 16,64,9,0.263962984,0.258813143,487463,459055,974926
[RESULT] 17,64,0,0.270510435,0.252773285,486753,458374,973506
[RESULT] 17,64,1,0.264527798,0.259501219,486753,458374,973506
[RESULT] 17,64,2,0.258764267,0.254035473,486753,458374,973506
[RESULT] 17,64,3,0.252020121,0.247368574,486753,458374,973506
[RESULT] 17,64,4,0.247740984,0.242872477,486753,458374,973506
[RESULT] 17,64,5,0.271284580,0.266276121,486753,458374,973506
[RESULT] 17,64,6,0.067240000,0.062591076,486753,458374,973506
[RESULT] 17,64,7,0.267132282,0.262299299,486753,458374,973506
[RESULT] 17,64,8,0.266986847,0.262031555,486753,458374,973506
[RESULT] 17,64,9,0.263967037,0.258786201,486753,458374,973506
[RESULT] 23,64,7,0.411243200,0.406055450,489318,460893,978636
[RESULT] 23,64,8,0.267341137,0.261889935,489318,460893,978636
[RESULT] 23,64,9,0.263936996,0.258667707,489318,460893,978636
[RESULT] 18,64,0,0.257292032,0.252230406,486517,458183,973034
[RESULT] 18,64,1,0.254513264,0.249327183,486517,458183,973034
[RESULT] 18,64,2,0.259424686,0.253818750,486517,458183,973034
[RESULT] 18,64,3,0.260156393,0.255188704,486517,458183,973034
[RESULT] 18,64,4,0.248035908,0.242663383,486517,458183,973034
[RESULT] 18,64,5,0.271377087,0.266238213,486517,458183,973034
[RESULT] 18,64,6,0.067770004,0.062378645,486517,458183,973034
[RESULT] 18,64,7,0.267428875,0.262304306,486517,458183,973034
[RESULT] 18,64,8,0.267107725,0.262012720,486517,458183,973034
[RESULT] 18,64,9,0.264112949,0.258765697,486517,458183,973034
[RESULT] 20,64,0,0.257328987,0.252189636,487302,458968,974604
[RESULT] 20,64,1,0.254042864,0.248646021,487302,458968,974604
[RESULT] 20,64,2,0.260058641,0.254400253,487302,458968,974604
[RESULT] 20,64,3,0.260423183,0.255244255,487302,458968,974604
[RESULT] 20,64,4,0.248118639,0.242734432,487302,458968,974604
[RESULT] 20,64,5,0.271538258,0.266195536,487302,458968,974604
[RESULT] 20,64,6,0.251779318,0.246570349,487302,458968,974604
[RESULT] 20,64,7,0.267410278,0.262234926,487302,458968,974604
[RESULT] 20,64,8,0.267187357,0.261977911,487302,458968,974604
[RESULT] 20,64,9,0.264389992,0.258723974,487302,458968,974604
[RESULT] 14,64,0,0.257440567,0.252695799,487818,459452,975636
[RESULT] 14,64,1,0.253554583,0.248672724,487818,459452,975636
[RESULT] 14,64,2,0.266121387,0.261665821,487818,459452,975636
[RESULT] 14,64,3,0.259678125,0.255037069,487818,459452,975636
[RESULT] 14,64,4,0.246897697,0.241962671,487818,459452,975636
[RESULT] 14,64,5,0.411517620,0.406655550,487818,459452,975636
[RESULT] 14,64,6,0.409642935,0.404921055,487818,459452,975636
[RESULT] 14,64,7,0.266941071,0.262336969,487818,459452,975636
[RESULT] 14,64,8,0.267316341,0.262392998,487818,459452,975636
[RESULT] 14,64,9,0.409654379,0.404798031,487818,459452,975636
[RESULT] 13,64,0,0.249553204,0.244600534,487820,459433,975640
[RESULT] 13,64,1,0.264394522,0.259444952,487820,459433,975640
[RESULT] 13,64,2,0.267078876,0.262079716,487820,459433,975640
[RESULT] 13,64,3,0.417067528,0.411929846,487820,459433,975640
[RESULT] 13,64,4,0.247096300,0.241950989,487820,459433,975640
[RESULT] 13,64,5,0.411628962,0.406580448,487820,459433,975640
[RESULT] 13,64,6,0.409659863,0.404702187,487820,459433,975640
[RESULT] 13,64,7,0.267387629,0.262377977,487820,459433,975640
[RESULT] 13,64,8,0.267461777,0.262368441,487820,459433,975640
[RESULT] 13,64,9,0.409809589,0.404753447,487820,459433,975640
[RESULT] 6,64,0,0.262033463,0.257194996,488044,459734,976088
[RESULT] 6,64,1,0.263979197,0.259341478,488044,459734,976088
[RESULT] 6,64,2,0.413203716,0.408234596,488044,459734,976088
[RESULT] 6,64,3,0.417020798,0.412009001,488044,459734,976088
[RESULT] 6,64,4,0.246617079,0.241564989,488044,459734,976088
[RESULT] 6,64,5,0.414274931,0.409288168,488044,459734,976088
[RESULT] 6,64,6,0.417633772,0.412720442,488044,459734,976088
[RESULT] 6,64,7,0.412230253,0.407406807,488044,459734,976088
[RESULT] 6,64,8,0.267582655,0.262549400,488044,459734,976088
[RESULT] 6,64,9,0.409946442,0.405012846,488044,459734,976088
[RESULT] 9,64,0,0.262257099,0.257419109,487018,458576,974036
[RESULT] 9,64,1,0.254313469,0.249417782,487018,458576,974036
[RESULT] 9,64,2,0.413116217,0.408093452,487018,458576,974036
[RESULT] 9,64,3,0.409147263,0.404128790,487018,458576,974036
[RESULT] 9,64,4,0.246602535,0.241573572,487018,458576,974036
[RESULT] 9,64,5,0.413569927,0.408568144,487018,458576,974036
[RESULT] 9,64,6,0.417361975,0.412429094,487018,458576,974036
[RESULT] 9,64,7,0.412323475,0.407356977,487018,458576,974036
[RESULT] 9,64,8,0.267712831,0.262667894,487018,458576,974036
[RESULT] 9,64,9,0.409966469,0.404983282,487018,458576,974036
[RESULT] 11,64,0,0.262394667,0.257490396,487617,459112,975234
[RESULT] 11,64,1,0.254472733,0.249503613,487617,459112,975234
[RESULT] 11,64,2,0.412752628,0.407754898,487617,459112,975234
[RESULT] 11,64,3,0.417017460,0.412024260,487617,459112,975234
[RESULT] 11,64,4,0.246649504,0.241584063,487617,459112,975234
[RESULT] 11,64,5,0.412231207,0.407233477,487617,459112,975234
[RESULT] 11,64,6,0.416887045,0.411992788,487617,459112,975234
[RESULT] 11,64,7,0.267228603,0.262431383,487617,459112,975234
[RESULT] 11,64,8,0.267092705,0.262080908,487617,459112,975234
[RESULT] 11,64,9,0.410022974,0.405063629,487617,459112,975234
[RESULT] 10,64,0,0.262336731,0.257480383,487460,459020,974920
[RESULT] 10,64,1,0.254346371,0.249468565,487460,459020,974920
[RESULT] 10,64,2,0.413040161,0.407998323,487460,459020,974920
[RESULT] 10,64,3,0.416859150,0.411827564,487460,459020,974920
[RESULT] 10,64,4,0.246676683,0.241586447,487460,459020,974920
[RESULT] 10,64,5,0.412565708,0.407558680,487460,459020,974920
[RESULT] 10,64,6,0.417324543,0.412364244,487460,459020,974920
[RESULT] 10,64,7,0.267336369,0.262418509,487460,459020,974920
[RESULT] 10,64,8,0.267761469,0.262726545,487460,459020,974920
[RESULT] 10,64,9,0.410026789,0.405034781,487460,459020,974920
[RESULT] 5,64,0,0.249347448,0.244566679,488199,459905,976398
[RESULT] 5,64,1,0.240747929,0.235955000,488199,459905,976398
[RESULT] 5,64,2,0.421096563,0.416068554,488199,459905,976398
[RESULT] 5,64,3,0.425909281,0.420871019,488199,459905,976398
[RESULT] 5,64,4,0.258869886,0.240822077,488199,459905,976398
[RESULT] 5,64,5,0.427432775,0.409352541,488199,459905,976398
[RESULT] 5,64,6,0.423302412,0.418231249,488199,459905,976398
[RESULT] 5,64,7,0.412774801,0.407845020,488199,459905,976398
[RESULT] 5,64,8,0.277004004,0.271990538,488199,459905,976398
[RESULT] 5,64,9,0.410104752,0.405103445,488199,459905,976398
[RESULT] 8,64,0,0.264867306,0.257397652,487482,459110,974964
[RESULT] 8,64,1,0.267058372,0.259440184,487482,459110,974964
[RESULT] 8,64,2,0.416205645,0.408157587,487482,459110,974964
[RESULT] 8,64,3,0.417930603,0.411733150,487482,459110,974964
[RESULT] 8,64,4,0.246838808,0.241575241,487482,459110,974964
[RESULT] 8,64,5,0.413955927,0.408843040,487482,459110,974964
[RESULT] 1,64,0,0.260124445,0.251856565,485798,457454,971596
[RESULT] 1,64,1,0.254078865,0.248278141,485798,457454,971596
[RESULT] 1,64,2,0.413349390,0.408271790,485798,457454,971596
[RESULT] 1,64,3,0.417390823,0.412311316,485798,457454,971596
[RESULT] 8,64,6,0.417579889,0.412505150,487482,459110,974964
[RESULT] 8,64,7,0.412967205,0.407910347,487482,459110,974964
[RESULT] 8,64,8,0.267700911,0.262608051,487482,459110,974964
[RESULT] 8,64,9,0.410172224,0.405081511,487482,459110,974964
[RESULT] 1,64,4,0.248888969,0.243851185,485798,457454,971596
[RESULT] 1,64,5,0.414259672,0.409227610,485798,457454,971596
[RESULT] 1,64,6,0.418545723,0.413630962,485798,457454,971596
[RESULT] 1,64,7,0.412525892,0.407675982,485798,457454,971596
[RESULT] 1,64,8,0.412340164,0.407489061,485798,457454,971596
[RESULT] 1,64,9,0.410215855,0.405210495,485798,457454,971596
[RESULT] 2,64,0,0.261980057,0.257059574,485637,457315,971274
[RESULT] 2,64,1,0.254992008,0.250013590,485637,457315,971274
[RESULT] 2,64,2,0.413384914,0.408380747,485637,457315,971274
[RESULT] 2,64,3,0.417073488,0.412012815,485637,457315,971274
[RESULT] 2,64,4,0.246233463,0.240801334,485637,457315,971274
[RESULT] 2,64,5,0.414054871,0.409065008,485637,457315,971274
[RESULT] 2,64,6,0.418422699,0.413486242,485637,457315,971274
[RESULT] 2,64,7,0.413182497,0.408261299,485637,457315,971274
[RESULT] 2,64,8,0.412248373,0.407431364,485637,457315,971274
[RESULT] 2,64,9,0.410239220,0.405272722,485637,457315,971274
[RESULT] 4,64,0,0.262163401,0.257130861,487679,459310,975358
[RESULT] 4,64,1,0.253683329,0.248253822,487679,459310,975358
[RESULT] 4,64,2,0.413137436,0.408040285,487679,459310,975358
[RESULT] 4,64,3,0.416985989,0.411834717,487679,459310,975358
[RESULT] 4,64,4,0.246376991,0.240803480,487679,459310,975358
[RESULT] 4,64,5,0.412902117,0.407774448,487679,459310,975358
[RESULT] 4,64,6,0.417830706,0.412796021,487679,459310,975358
[RESULT] 4,64,7,0.412711859,0.407738924,487679,459310,975358
[RESULT] 4,64,8,0.412045240,0.407172680,487679,459310,975358
[RESULT] 4,64,9,0.410271645,0.405133963,487679,459310,975358
[RESULT] 12,64,0,0.259582996,0.252653360,488443,459957,976886
[RESULT] 12,64,1,0.257415771,0.249585152,488443,459957,976886
[RESULT] 12,64,2,0.413484812,0.407680273,488443,459957,976886
[RESULT] 12,64,3,0.418875933,0.411891937,488443,459957,976886
[RESULT] 12,64,4,0.247659922,0.241603613,488443,459957,976886
[RESULT] 12,64,5,0.412421227,0.407399654,488443,459957,976886
[RESULT] 12,64,6,0.409444332,0.404497623,488443,459957,976886
[RESULT] 12,64,7,0.267369032,0.262392282,488443,459957,976886
[RESULT] 12,64,8,0.267444372,0.262323618,488443,459957,976886
[RESULT] 12,64,9,0.410353422,0.404888153,488443,459957,976886
[RESULT] 3,64,0,0.262845039,0.256990433,487042,458557,974084
[RESULT] 3,64,1,0.254343987,0.248311520,487042,458557,974084
[RESULT] 3,64,2,0.414230824,0.408174992,487042,458557,974084
[RESULT] 3,64,3,0.418033838,0.411928415,487042,458557,974084
[RESULT] 3,64,4,0.246957541,0.240809917,487042,458557,974084
[RESULT] 3,64,5,0.413778067,0.407784462,487042,458557,974084
[RESULT] 3,64,6,0.418698788,0.412819147,487042,458557,974084
[RESULT] 3,64,7,0.413500309,0.407635212,487042,458557,974084
[RESULT] 3,64,8,0.413055182,0.407197237,487042,458557,974084
[RESULT] 3,64,9,0.411567926,0.405617237,487042,458557,974084
[RESULT] 31,64,0,0.265728712,0.252531767,487673,459317,975346
[RESULT] 31,64,1,0.263476849,0.250128746,487673,459317,975346
[RESULT] 31,64,2,0.273330688,0.264231205,487673,459317,975346
[RESULT] 31,64,3,0.264921904,0.255876303,487673,459317,975346
[RESULT] 31,64,4,0.258773327,0.243612051,487673,459317,975346
[RESULT] 31,64,5,0.421488047,0.407033920,487673,459317,975346
[RESULT] 31,64,6,0.427065611,0.411937475,487673,459317,975346
[RESULT] 31,64,7,0.432667732,0.410137892,487673,459317,975346
[RESULT] 31,64,8,0.416522264,0.411470175,487673,459317,975346
[RESULT] 31,64,9,0.412607431,0.407558203,487673,459317,975346
[RESULT] 60,64,0,0.227906704,0.223377943,488595,460317,977190
[RESULT] 60,64,1,0.251706839,0.247046471,488595,460317,977190
[RESULT] 60,64,2,0.413132191,0.408493996,488595,460317,977190
[RESULT] 60,64,3,0.417289734,0.412646770,488595,460317,977190
[RESULT] 60,64,4,0.248923063,0.244258165,488595,460317,977190
[RESULT] 60,64,5,0.414648056,0.409964085,488595,460317,977190
[RESULT] 60,64,6,0.418432236,0.413829565,488595,460317,977190
[RESULT] 60,64,7,0.415887117,0.408410072,488595,460317,977190
[RESULT] 60,64,8,0.415287018,0.410611629,488595,460317,977190
[RESULT] 60,64,9,0.412776232,0.408157349,488595,460317,977190
[RESULT] 63,64,0,0.251821756,0.247342348,486981,458660,973962
[RESULT] 63,64,1,0.251742363,0.247110367,486981,458660,973962
[RESULT] 63,64,2,0.412936449,0.408319712,486981,458660,973962
[RESULT] 63,64,3,0.416921854,0.412301540,486981,458660,973962
[RESULT] 63,64,4,0.248647213,0.244025469,486981,458660,973962
[RESULT] 63,64,5,0.414254427,0.409632206,486981,458660,973962
[RESULT] 63,64,6,0.418021679,0.413405657,486981,458660,973962
[RESULT] 63,64,7,0.415353060,0.408457756,486981,458660,973962
[RESULT] 63,64,8,0.411765814,0.407289267,486981,458660,973962
[RESULT] 63,64,9,0.412724972,0.408098221,486981,458660,973962
[RESULT] 61,64,0,0.237143517,0.232474327,488304,460081,976608
[RESULT] 61,64,1,0.252139330,0.247231245,488304,460081,976608
[RESULT] 61,64,2,0.413428068,0.408542871,488304,460081,976608
[RESULT] 61,64,3,0.417484045,0.412457705,488304,460081,976608
[RESULT] 61,64,4,0.248796463,0.243815184,488304,460081,976608
[RESULT] 61,64,5,0.414849520,0.409865379,488304,460081,976608
[RESULT] 61,64,6,0.420769691,0.413596630,488304,460081,976608
[RESULT] 61,64,7,0.413487196,0.408489466,488304,460081,976608
[RESULT] 61,64,8,0.415454626,0.410650253,488304,460081,976608
[RESULT] 61,64,9,0.412816763,0.408153296,488304,460081,976608
[RESULT] 57,64,0,0.227438211,0.222861052,487743,459458,975486
[RESULT] 57,64,1,0.252155066,0.247421026,487743,459458,975486
[RESULT] 57,64,2,0.413463831,0.408723593,487743,459458,975486
[RESULT] 57,64,3,0.417153597,0.412454605,487743,459458,975486
[RESULT] 57,64,4,0.248860121,0.244131804,487743,459458,975486
[RESULT] 57,64,5,0.414774179,0.410041094,487743,459458,975486
[RESULT] 57,64,6,0.419208050,0.414491653,487743,459458,975486
[RESULT] 57,64,7,0.415921688,0.408431053,487743,459458,975486
[RESULT] 57,64,8,0.415445328,0.410726786,487743,459458,975486
[RESULT] 57,64,9,0.412917137,0.408220530,487743,459458,975486
[RESULT] 49,64,0,0.246576548,0.241910458,486465,458116,972930
[RESULT] 49,64,1,0.252625227,0.247877836,486465,458116,972930
[RESULT] 49,64,2,0.413746834,0.409026146,486465,458116,972930
[RESULT] 49,64,3,0.418590069,0.413663626,486465,458116,972930
[RESULT] 49,64,4,0.249283314,0.244414330,486465,458116,972930
[RESULT] 15,64,0,0.260043621,0.252753735,487168,458754,974336
[RESULT] 15,64,1,0.257382870,0.249258757,487168,458754,974336
[RESULT] 15,64,2,0.260930777,0.252861261,487168,458754,974336
[RESULT] 15,64,3,0.263095379,0.255090714,487168,458754,974336
[RESULT] 15,64,4,0.249931335,0.241724968,487168,458754,974336
[RESULT] 15,64,5,0.274411440,0.266309738,487168,458754,974336
[RESULT] 15,64,6,0.274732828,0.266669989,487168,458754,974336
[RESULT] 15,64,7,0.270331621,0.262361050,487168,458754,974336
[RESULT] 15,64,8,0.270544291,0.262414932,487168,458754,974336
[RESULT] 15,64,9,0.412758827,0.404714346,487168,458754,974336
[RESULT] 49,64,5,0.415242672,0.410325050,486465,458116,972930
[RESULT] 49,64,6,0.419128180,0.414264679,486465,458116,972930
[RESULT] 49,64,7,0.414125204,0.409224510,486465,458116,972930
[RESULT] 49,64,8,0.415630341,0.410999775,486465,458116,972930
[RESULT] 49,64,9,0.413086414,0.408582926,486465,458116,972930
[RESULT] 55,64,0,0.227895498,0.223089457,486765,458402,973530
[RESULT] 55,64,1,0.252459049,0.247576952,486765,458402,973530
[RESULT] 54,64,0,0.228516102,0.223898888,487350,459041,974700
[RESULT] 54,64,1,0.251915216,0.247192621,487350,459041,974700
[RESULT] 54,64,2,0.413540602,0.408861160,487350,459041,974700
[RESULT] 54,64,3,0.417596340,0.412928104,487350,459041,974700
[RESULT] 54,64,4,0.248934269,0.244232655,487350,459041,974700
[RESULT] 55,64,2,0.413856030,0.408983231,486765,458402,973530
[RESULT] 55,64,3,0.417585850,0.412559748,486765,458402,973530
[RESULT] 55,64,4,0.249323606,0.244326591,486765,458402,973530
[RESULT] 55,64,5,0.414225578,0.409294605,486765,458402,973530
[RESULT] 55,64,6,0.419232130,0.414295673,486765,458402,973530
[RESULT] 55,64,7,0.413871765,0.408878803,486765,458402,973530
[RESULT] 55,64,8,0.415630579,0.410857439,486765,458402,973530
[RESULT] 55,64,9,0.413128614,0.408427715,486765,458402,973530
[RESULT] 59,64,0,0.227914810,0.223455667,488382,460031,976764
[RESULT] 59,64,1,0.252066851,0.247369289,488382,460031,976764
[RESULT] 59,64,2,0.415322304,0.408461094,488382,460031,976764
[RESULT] 59,64,3,0.417286873,0.412566423,488382,460031,976764
[RESULT] 59,64,4,0.248626947,0.243909597,488382,460031,976764
[RESULT] 59,64,5,0.414584637,0.409824610,488382,460031,976764
[RESULT] 59,64,6,0.417954445,0.413327932,488382,460031,976764
[RESULT] 59,64,7,0.413290262,0.408395529,488382,460031,976764
[RESULT] 59,64,8,0.415421009,0.410663605,488382,460031,976764
[RESULT] 59,64,9,0.413103580,0.408386469,488382,460031,976764
[RESULT] 52,64,0,0.228390932,0.223876953,488211,459748,976422
[RESULT] 52,64,1,0.252048492,0.247421980,488211,459748,976422
[RESULT] 52,64,2,0.413727999,0.409073114,488211,459748,976422
[RESULT] 52,64,3,0.417088270,0.412519217,488211,459748,976422
[RESULT] 52,64,4,0.248999119,0.244398117,488211,459748,976422
[RESULT] 52,64,5,0.414762735,0.410130501,488211,459748,976422
[RESULT] 52,64,6,0.419221640,0.414619207,488211,459748,976422
[RESULT] 52,64,7,0.413841009,0.408995867,488211,459748,976422
[RESULT] 52,64,8,0.415517092,0.410899401,488211,459748,976422
[RESULT] 52,64,9,0.413157701,0.408559084,488211,459748,976422
[RESULT] 53,64,0,0.228629351,0.223833799,487794,459434,975588
[RESULT] 53,64,1,0.252377272,0.247511625,487794,459434,975588
[RESULT] 53,64,2,0.413560629,0.408778906,487794,459434,975588
[RESULT] 53,64,3,0.417765141,0.412771225,487794,459434,975588
[RESULT] 53,64,4,0.249340057,0.244376421,487794,459434,975588
[RESULT] 53,64,5,0.415161133,0.410204649,487794,459434,975588
[RESULT] 53,64,6,0.419496059,0.414577961,487794,459434,975588
[RESULT] 53,64,7,0.416514635,0.408833742,487794,459434,975588
[RESULT] 53,64,8,0.415641546,0.410929203,487794,459434,975588
[RESULT] 53,64,9,0.413131237,0.408465385,487794,459434,975588
[RESULT] 54,64,5,0.414283276,0.409579992,487350,459041,974700
[RESULT] 54,64,6,0.419231892,0.414533377,487350,459041,974700
[RESULT] 54,64,7,0.413548231,0.408665895,487350,459041,974700
[RESULT] 54,64,8,0.415639162,0.410933733,487350,459041,974700
[RESULT] 54,64,9,0.413132429,0.408454418,487350,459041,974700
[RESULT] 56,64,0,0.228346586,0.223537207,487437,459113,974874
[RESULT] 56,64,1,0.252128601,0.247226238,487437,459113,974874
[RESULT] 56,64,2,0.413750887,0.408856153,487437,459113,974874
[RESULT] 56,64,3,0.417282343,0.412293673,487437,459113,974874
[RESULT] 56,64,4,0.249228001,0.244239330,487437,459113,974874
[RESULT] 56,64,5,0.414972067,0.409978390,487437,459113,974874
[RESULT] 56,64,6,0.418683290,0.413743734,487437,459113,974874
[RESULT] 56,64,7,0.413733244,0.408723831,487437,459113,974874
[RESULT] 56,64,8,0.415627003,0.410844803,487437,459113,974874
[RESULT] 56,64,9,0.413259268,0.408562183,487437,459113,974874
[RESULT] 58,64,0,0.228475809,0.223613501,488679,460409,977358
[RESULT] 58,64,1,0.252257586,0.247322321,488679,460409,977358
[RESULT] 58,64,2,0.413269997,0.408404112,488679,460409,977358
[RESULT] 58,64,3,0.417651653,0.412621975,488679,460409,977358
[RESULT] 58,64,4,0.249268293,0.244243622,488679,460409,977358
[RESULT] 58,64,5,0.417678833,0.409919262,488679,460409,977358
[RESULT] 58,64,6,0.418956041,0.413973570,488679,460409,977358
[RESULT] 58,64,7,0.413855553,0.408809185,488679,460409,977358
[RESULT] 58,64,8,0.415855408,0.411028624,488679,460409,977358
[RESULT] 58,64,9,0.413216352,0.408482075,488679,460409,977358
[RESULT] 51,64,0,0.228681803,0.223864555,487554,459285,975108
[RESULT] 51,64,1,0.252548695,0.247694969,487554,459285,975108
[RESULT] 51,64,2,0.413771391,0.408901930,487554,459285,975108
[RESULT] 51,64,3,0.417808533,0.412808657,487554,459285,975108
[RESULT] 51,64,4,0.249253511,0.244306564,487554,459285,975108
[RESULT] 51,64,5,0.415223598,0.410262585,487554,459285,975108
[RESULT] 51,64,6,0.419516563,0.414591074,487554,459285,975108
[RESULT] 51,64,7,0.413959742,0.408977032,487554,459285,975108
[RESULT] 51,64,8,0.415811539,0.411043644,487554,459285,975108
[RESULT] 51,64,9,0.413385868,0.408736944,487554,459285,975108
[RESULT] 0,64,0,0.256945848,0.251820564,485623,457392,971246
[RESULT] 0,64,1,0.253928423,0.249132872,485623,457392,971246
[RESULT] 0,64,2,0.413266420,0.408231735,485623,457392,971246
[RESULT] 0,64,3,0.417135715,0.412062883,485623,457392,971246
[RESULT] 0,64,4,0.248617411,0.243931770,485623,457392,971246
[RESULT] 0,64,5,0.414784431,0.409774780,485623,457392,971246
[RESULT] 0,64,6,0.418079615,0.413149118,485623,457392,971246
[RESULT] 0,64,7,0.413212538,0.408300400,485623,457392,971246
[RESULT] 0,64,8,0.412505388,0.407610655,485623,457392,971246
[RESULT] 0,64,9,0.413437128,0.408512831,485623,457392,971246

Benchmark Summary
Processes: 64
Iterations: 10
Matrix NNZ: 31207734
Total execution time: 21.982 seconds
[RESULT] 62,64,0,0.251773596,0.247325897,487023,458699,974046
[RESULT] 62,64,1,0.251995325,0.247373343,487023,458699,974046
[RESULT] 62,64,2,0.413300991,0.408660650,487023,458699,974046
[RESULT] 62,64,3,0.416818142,0.412223577,487023,458699,974046
[RESULT] 62,64,4,0.248639584,0.244081974,487023,458699,974046
[RESULT] 62,64,5,0.413599730,0.409071445,487023,458699,974046
[RESULT] 62,64,6,0.418146610,0.413593531,487023,458699,974046
[RESULT] 62,64,7,0.413202286,0.408421516,487023,458699,974046
[RESULT] 62,64,8,0.411873341,0.407444715,487023,458699,974046
[RESULT] 62,64,9,0.414858580,0.408159971,487023,458699,974046
[RESULT] 48,64,0,0.247269154,0.242625237,488376,459934,976752
[RESULT] 48,64,1,0.252348423,0.247563362,488376,459934,976752
[RESULT] 48,64,2,0.414828300,0.410114288,488376,459934,976752
[RESULT] 48,64,3,0.417941332,0.412956953,488376,459934,976752
[RESULT] 48,64,4,0.249230385,0.244368553,488376,459934,976752
[RESULT] 48,64,5,0.415254354,0.410313129,488376,459934,976752
[RESULT] 48,64,6,0.420082092,0.415262222,488376,459934,976752
[RESULT] 48,64,7,0.413984537,0.409008265,488376,459934,976752
[RESULT] 48,64,8,0.415802240,0.411158085,488376,459934,976752
[RESULT] 48,64,9,0.415075064,0.408558607,488376,459934,976752
[RESULT] 50,64,0,0.245811462,0.241428137,487071,458748,974142
[RESULT] 50,64,1,0.252625465,0.248035192,487071,458748,974142
[RESULT] 50,64,2,0.413691282,0.409074545,487071,458748,974142
[RESULT] 50,64,3,0.419846535,0.412755489,487071,458748,974142
[RESULT] 50,64,4,0.249020576,0.244416714,487071,458748,974142
[RESULT] 50,64,5,0.415003777,0.410374403,487071,458748,974142
[RESULT] 50,64,6,0.421631098,0.414491892,487071,458748,974142
[RESULT] 50,64,7,0.413924456,0.409117937,487071,458748,974142
[RESULT] 50,64,8,0.415657043,0.411066771,487071,458748,974142
[RESULT] 50,64,9,0.415699720,0.408570051,487071,458748,974142
[RESULT] 47,64,0,0.250938177,0.242978334,489267,460798,978534
[RESULT] 47,64,1,0.260356903,0.247831583,489267,460798,978534
[RESULT] 47,64,2,0.419935465,0.409301281,489267,460798,978534
[RESULT] 47,64,3,0.422420740,0.412517786,489267,460798,978534
[RESULT] 47,64,4,0.259130001,0.244090557,489267,460798,978534
[RESULT] 47,64,5,0.424575567,0.409120321,489267,460798,978534
[RESULT] 47,64,6,0.425875425,0.414851427,489267,460798,978534
[RESULT] 47,64,7,0.425159931,0.409024000,489267,460798,978534
[RESULT] 47,64,8,0.422150135,0.410729647,489267,460798,978534
[RESULT] 47,64,9,0.417792082,0.408218145,489267,460798,978534
[RESULT] 45,64,0,0.256826639,0.249163389,489417,460999,978834
[RESULT] 45,64,1,0.258502483,0.248805761,489417,460999,978834
[RESULT] 45,64,2,0.417081833,0.409165621,489417,460999,978834
[RESULT] 45,64,3,0.418606758,0.412584782,489417,460999,978834
[RESULT] 45,64,4,0.258714914,0.244198799,489417,460999,978834
[RESULT] 45,64,5,0.419811726,0.409377337,489417,460999,978834
[RESULT] 45,64,6,0.425650120,0.414715052,489417,460999,978834
[RESULT] 45,64,7,0.419810057,0.408862591,489417,460999,978834
[RESULT] 45,64,8,0.422134876,0.410788536,489417,460999,978834
[RESULT] 45,64,9,0.418134451,0.408255816,489417,460999,978834
[RESULT] 7,64,0,0.262250662,0.257271290,487961,459577,975922
[RESULT] 7,64,1,0.253861427,0.248716593,487961,459577,975922
[RESULT] 7,64,2,0.413251400,0.408172131,487961,459577,975922
[RESULT] 7,64,3,0.416929722,0.411799669,487961,459577,975922
[RESULT] 7,64,4,0.246899366,0.241569996,487961,459577,975922
[RESULT] 7,64,5,0.413941145,0.408879995,487961,459577,975922
[RESULT] 7,64,6,0.425127983,0.420170784,487961,459577,975922
[RESULT] 7,64,7,0.412696838,0.407682180,487961,459577,975922
[RESULT] 7,64,8,0.276994228,0.272005558,487961,459577,975922
[RESULT] 7,64,9,0.419061184,0.413663626,487961,459577,975922
[RESULT] 28,64,0,0.265700340,0.252474546,488144,459838,976288
[RESULT] 28,64,1,0.263157368,0.249830961,488144,459838,976288
[RESULT] 28,64,2,0.273151159,0.263884306,488144,459838,976288
[RESULT] 28,64,3,0.264303207,0.255794287,488144,459838,976288
[RESULT] 28,64,4,0.258532763,0.243562937,488144,459838,976288
[RESULT] 28,64,5,0.421383381,0.407009125,488144,459838,976288
[RESULT] 28,64,6,0.425428391,0.410434008,488144,459838,976288
[RESULT] 28,64,7,0.421397448,0.407203674,488144,459838,976288
[RESULT] 28,64,8,0.424651623,0.410242081,488144,459838,976288
[RESULT] 28,64,9,0.420835257,0.407644987,488144,459838,976288
[RESULT] 29,64,0,0.265635967,0.252510071,488730,460404,977460
[RESULT] 29,64,1,0.263359785,0.250039339,488730,460404,977460
[RESULT] 29,64,2,0.273555994,0.263993025,488730,460404,977460
[RESULT] 29,64,3,0.264596701,0.255424023,488730,460404,977460
[RESULT] 29,64,4,0.258561134,0.243609905,488730,460404,977460
[RESULT] 29,64,5,0.421293736,0.407022238,488730,460404,977460
[RESULT] 29,64,6,0.425579071,0.410508633,488730,460404,977460
[RESULT] 29,64,7,0.427740812,0.410052538,488730,460404,977460
[RESULT] 29,64,8,0.425860405,0.412078142,488730,460404,977460
[RESULT] 29,64,9,0.420881271,0.407637596,488730,460404,977460
[RESULT] 30,64,0,0.265749693,0.252535582,487831,459539,975662
[RESULT] 30,64,1,0.263360977,0.250047922,487831,459539,975662
[RESULT] 30,64,2,0.273391962,0.264113426,487831,459539,975662
[RESULT] 30,64,3,0.264329910,0.255141735,487831,459539,975662
[RESULT] 30,64,4,0.258726835,0.243661880,487831,459539,975662
[RESULT] 30,64,5,0.421308279,0.407025814,487831,459539,975662
[RESULT] 30,64,6,0.425645828,0.410575151,487831,459539,975662
[RESULT] 30,64,7,0.423657894,0.409697533,487831,459539,975662
[RESULT] 30,64,8,0.426042557,0.411380053,487831,459539,975662
[RESULT] 30,64,9,0.420936584,0.407643557,487831,459539,975662
[RESULT] 25,64,0,0.265801191,0.252448559,487895,459539,975790
[RESULT] 25,64,1,0.263570547,0.250205994,487895,459539,975790
[RESULT] 25,64,2,0.272764444,0.262467384,487895,459539,975790
[RESULT] 25,64,3,0.264960051,0.255900383,487895,459539,975790
[RESULT] 25,64,4,0.258887768,0.243553162,487895,459539,975790
[RESULT] 25,64,5,0.421589375,0.406977892,487895,459539,975790
[RESULT] 24,64,0,0.265917063,0.252737284,487495,459139,974990
[RESULT] 24,64,1,0.263237476,0.249862909,487495,459139,974990
[RESULT] 24,64,2,0.273032427,0.262417078,487495,459139,974990
[RESULT] 24,64,3,0.265176296,0.256023884,487495,459139,974990
[RESULT] 24,64,4,0.258821249,0.243582726,487495,459139,974990
[RESULT] 24,64,5,0.421533346,0.406981230,487495,459139,974990
[RESULT] 24,64,6,0.424545050,0.409658670,487495,459139,974990
[RESULT] 24,64,7,0.426847935,0.406939507,487495,459139,974990
[RESULT] 24,64,8,0.425015450,0.410223484,487495,459139,974990
[RESULT] 24,64,9,0.421060085,0.407636642,487495,459139,974990
[RESULT] 25,64,6,0.426223993,0.411668301,487895,459539,975790
[RESULT] 25,64,7,0.422715902,0.408610582,487895,459539,975790
[RESULT] 25,64,8,0.424992323,0.410256147,487895,459539,975790
[RESULT] 25,64,9,0.421068907,0.407646656,487895,459539,975790
[RESULT] 26,64,0,0.265872717,0.252508640,486678,458305,973356
[RESULT] 26,64,1,0.263305426,0.249739408,486678,458305,973356
[RESULT] 26,64,2,0.272526741,0.262387753,486678,458305,973356
[RESULT] 26,64,3,0.264943361,0.255995274,486678,458305,973356
[RESULT] 26,64,4,0.258916616,0.243591070,486678,458305,973356
[RESULT] 27,64,0,0.265925169,0.252637386,488479,460162,976958
[RESULT] 27,64,1,0.263604641,0.250213861,488479,460162,976958
[RESULT] 27,64,2,0.275999546,0.267198086,488479,460162,976958
[RESULT] 27,64,3,0.264973164,0.256173611,488479,460162,976958
[RESULT] 27,64,4,0.258883238,0.243625164,488479,460162,976958
[RESULT] 27,64,5,0.421564341,0.406994343,488479,460162,976958
[RESULT] 27,64,6,0.425631285,0.410380363,488479,460162,976958
[RESULT] 27,64,7,0.427048445,0.407291889,488479,460162,976958
[RESULT] 27,64,8,0.425172329,0.410254955,488479,460162,976958
[RESULT] 27,64,9,0.421139240,0.407640457,488479,460162,976958
[RESULT] 26,64,5,0.421636343,0.406990051,486678,458305,973356
[RESULT] 26,64,6,0.425653696,0.410326242,486678,458305,973356
[RESULT] 26,64,7,0.421632051,0.407003641,486678,458305,973356
[RESULT] 26,64,8,0.425039291,0.410253525,486678,458305,973356
[RESULT] 26,64,9,0.421152115,0.407644749,486678,458305,973356
[RESULT] 32,64,0,0.265536547,0.252362013,487122,458801,974244
[RESULT] 32,64,1,0.263394833,0.250101328,487122,458801,974244
[RESULT] 32,64,2,0.273538351,0.264305353,487122,458801,974244
[RESULT] 32,64,3,0.264330149,0.255106926,487122,458801,974244
[RESULT] 32,64,4,0.258624792,0.243608475,487122,458801,974244
[RESULT] 32,64,5,0.421324253,0.407023191,487122,458801,974244
[RESULT] 32,64,6,0.426393032,0.411893606,487122,458801,974244
[RESULT] 32,64,7,0.423878431,0.410067797,487122,458801,974244
[RESULT] 32,64,8,0.426116467,0.411564350,487122,458801,974244
[RESULT] 32,64,9,0.421444178,0.409315586,487122,458801,974244
[RESULT] 46,64,0,0.250898361,0.242626190,490596,462194,981192
[RESULT] 46,64,1,0.260483027,0.247789383,490596,462194,981192
[RESULT] 46,64,2,0.419830799,0.409233570,490596,462194,981192
[RESULT] 46,64,3,0.422146082,0.412451267,490596,462194,981192
[RESULT] 46,64,4,0.259186745,0.244143724,490596,462194,981192
[RESULT] 46,64,5,0.421962023,0.408949852,490596,462194,981192
[RESULT] 46,64,6,0.428182125,0.414793015,490596,462194,981192
[RESULT] 46,64,7,0.423294783,0.408908844,490596,462194,981192
[RESULT] 46,64,8,0.425529957,0.410756826,490596,462194,981192
[RESULT] 46,64,9,0.421567440,0.408227921,490596,462194,981192
[RESULT] 44,64,0,0.259799719,0.248309135,489534,461052,979068
[RESULT] 44,64,1,0.260433197,0.247736216,489534,461052,979068
[RESULT] 44,64,2,0.419525146,0.409370661,489534,461052,979068
[RESULT] 44,64,3,0.421503305,0.411233664,489534,461052,979068
[RESULT] 44,64,4,0.260152817,0.245438576,489534,461052,979068
[RESULT] 44,64,5,0.422540426,0.409320116,489534,461052,979068
[RESULT] 44,64,6,0.428181410,0.414619684,489534,461052,979068
[RESULT] 44,64,7,0.423404217,0.408805370,489534,461052,979068
[RESULT] 44,64,8,0.425648212,0.410832644,489534,461052,979068
[RESULT] 44,64,9,0.421748877,0.408306360,489534,461052,979068
[RESULT] 33,64,0,0.265637636,0.252312422,487129,458777,974258
[RESULT] 33,64,1,0.262505293,0.249189854,487129,458777,974258
[RESULT] 33,64,2,0.418621778,0.407327414,487129,458777,974258
[RESULT] 33,64,3,0.263861895,0.255152941,487129,458777,974258
[RESULT] 33,64,4,0.259329319,0.245429993,487129,458777,974258
[RESULT] 33,64,5,0.421521664,0.407032251,487129,458777,974258
[RESULT] 33,64,6,0.426717281,0.411945581,487129,458777,974258
[RESULT] 33,64,7,0.423255205,0.408692122,487129,458777,974258
[RESULT] 33,64,8,0.426171541,0.411646366,487129,458777,974258
[RESULT] 33,64,9,0.421977758,0.408849955,487129,458777,974258
[RESULT] 34,64,0,0.265870571,0.252474070,486944,458706,973888
[RESULT] 34,64,1,0.262616634,0.249185562,486944,458706,973888
[RESULT] 34,64,2,0.418675423,0.407325268,486944,458706,973888
[RESULT] 34,64,3,0.421481371,0.411151409,486944,458706,973888
[RESULT] 34,64,4,0.259778500,0.244761944,486944,458706,973888
[RESULT] 34,64,5,0.422501802,0.409357548,486944,458706,973888
[RESULT] 34,64,6,0.427132130,0.411975145,486944,458706,973888
[RESULT] 34,64,7,0.423483610,0.408981323,486944,458706,973888
[RESULT] 34,64,8,0.426308155,0.411701441,486944,458706,973888
[RESULT] 34,64,9,0.422210693,0.408909321,486944,458706,973888
[RESULT] 35,64,0,0.265882730,0.252396107,486609,458436,973218
[RESULT] 35,64,1,0.263276339,0.249616623,486609,458436,973218
[RESULT] 35,64,2,0.418711662,0.407304049,486609,458436,973218
[RESULT] 35,64,3,0.421525717,0.411164999,486609,458436,973218
[RESULT] 35,64,4,0.259929419,0.244826078,486609,458436,973218
[RESULT] 35,64,5,0.422648668,0.408658504,486609,458436,973218
[RESULT] 35,64,6,0.427039862,0.411977768,486609,458436,973218
[RESULT] 35,64,7,0.423579931,0.409089804,486609,458436,973218
[RESULT] 35,64,8,0.426356316,0.411779404,486609,458436,973218
[RESULT] 35,64,9,0.422280312,0.408985376,486609,458436,973218
[RESULT] 36,64,0,0.265848637,0.252366781,486028,457784,972056
[RESULT] 36,64,1,0.263365269,0.249814034,486028,457784,972056
[RESULT] 36,64,2,0.418717623,0.407342911,486028,457784,972056
[RESULT] 36,64,3,0.421479940,0.411185026,486028,457784,972056
[RESULT] 36,64,4,0.259936094,0.244922638,486028,457784,972056
[RESULT] 36,64,5,0.422657251,0.408769846,486028,457784,972056
[RESULT] 36,64,6,0.427127600,0.412030935,486028,457784,972056
[RESULT] 36,64,7,0.423393965,0.409210443,486028,457784,972056
[RESULT] 36,64,8,0.425943613,0.411874533,486028,457784,972056
[RESULT] 36,64,9,0.422306538,0.409032822,486028,457784,972056
[RESULT] 38,64,0,0.265838385,0.252392292,487122,458746,974244
[RESULT] 38,64,1,0.263384581,0.250035286,487122,458746,974244
[RESULT] 38,64,2,0.418770790,0.407401323,487122,458746,974244
[RESULT] 38,64,3,0.421514273,0.411238194,487122,458746,974244
[RESULT] 38,64,4,0.260010004,0.245101213,487122,458746,974244
[RESULT] 38,64,5,0.422747850,0.408915281,487122,458746,974244
[RESULT] 38,64,6,0.427099705,0.412018538,487122,458746,974244
[RESULT] 38,64,7,0.423721790,0.409368277,487122,458746,974244
[RESULT] 38,64,8,0.426408529,0.412011862,487122,458746,974244
[RESULT] 38,64,9,0.422343731,0.409136772,487122,458746,974244
[RESULT] 39,64,0,0.264733076,0.251437426,488139,459719,976278
[RESULT] 39,64,1,0.263788462,0.250309467,488139,459719,976278
[RESULT] 39,64,2,0.418718338,0.407376766,488139,459719,976278
[RESULT] 39,64,3,0.421453238,0.411210537,488139,459719,976278
[RESULT] 41,64,0,0.264356613,0.251165867,486963,458594,973926
[RESULT] 41,64,1,0.260304928,0.248288393,486963,458594,973926
[RESULT] 41,64,2,0.418689728,0.407388687,486963,458594,973926
[RESULT] 41,64,3,0.421437740,0.411230326,486963,458594,973926
[RESULT] 41,64,4,0.260060549,0.245293856,486963,458594,973926
[RESULT] 41,64,5,0.422820091,0.409180880,486963,458594,973926
[RESULT] 41,64,6,0.427106142,0.412017822,486963,458594,973926
[RESULT] 41,64,7,0.422825575,0.408969402,486963,458594,973926
[RESULT] 41,64,8,0.425882339,0.410903931,486963,458594,973926
[RESULT] 37,64,0,0.265518665,0.252186537,486131,457909,972262
[RESULT] 37,64,1,0.263412714,0.249943733,486131,457909,972262
[RESULT] 37,64,2,0.418632746,0.407366037,486131,457909,972262
[RESULT] 37,64,3,0.421388388,0.411196470,486131,457909,972262
[RESULT] 37,64,4,0.259904385,0.245033503,486131,457909,972262
[RESULT] 37,64,5,0.422617435,0.408837795,486131,457909,972262
[RESULT] 37,64,6,0.427015305,0.411982536,486131,457909,972262
[RESULT] 37,64,7,0.428218126,0.409318209,486131,457909,972262
[RESULT] 37,64,8,0.426389933,0.411926985,486131,457909,972262
[RESULT] 37,64,9,0.422312975,0.409106970,486131,457909,972262
[RESULT] 39,64,4,0.260022163,0.245161295,488139,459719,976278
[RESULT] 39,64,5,0.422770500,0.409024000,488139,459719,976278
[RESULT] 39,64,6,0.426828384,0.412029505,488139,459719,976278
[RESULT] 39,64,7,0.428385973,0.409480572,488139,459719,976278
[RESULT] 39,64,8,0.426437378,0.412038803,488139,459719,976278
[RESULT] 39,64,9,0.422376394,0.409181833,488139,459719,976278
[RESULT] 40,64,0,0.264240980,0.251057148,487614,459131,975228
[RESULT] 40,64,1,0.263542891,0.249801874,487614,459131,975228
[RESULT] 40,64,2,0.418648005,0.407351255,487614,459131,975228
[RESULT] 40,64,3,0.421359062,0.411234856,487614,459131,975228
[RESULT] 40,64,4,0.260036469,0.245196342,487614,459131,975228
[RESULT] 40,64,5,0.422807932,0.409096241,487614,459131,975228
[RESULT] 40,64,6,0.427077055,0.412001371,487614,459131,975228
[RESULT] 41,64,9,0.422405481,0.409247637,486963,458594,973926
[RESULT] 40,64,7,0.423842669,0.409521818,487614,459131,975228
[RESULT] 40,64,8,0.426474571,0.412122488,487614,459131,975228
[RESULT] 40,64,9,0.422436714,0.409234285,487614,459131,975228
[RESULT] 43,64,0,0.264401197,0.251118660,488187,459822,976374
[RESULT] 43,64,1,0.261992931,0.248568058,488187,459822,976374
[RESULT] 43,64,2,0.418639421,0.407368660,488187,459822,976374
[RESULT] 43,64,3,0.421586275,0.411255121,488187,459822,976374
[RESULT] 43,64,4,0.260225058,0.245396614,488187,459822,976374
[RESULT] 42,64,0,0.263814211,0.250659227,487206,458849,974412
[RESULT] 42,64,1,0.263680220,0.250016928,487206,458849,974412
[RESULT] 42,64,2,0.418816090,0.407411814,487206,458849,974412
[RESULT] 42,64,3,0.421559334,0.411234856,487206,458849,974412
[RESULT] 42,64,4,0.260174990,0.245360374,487206,458849,974412
[RESULT] 42,64,5,0.422956228,0.409244061,487206,458849,974412
[RESULT] 42,64,6,0.428052664,0.414829254,487206,458849,974412
[RESULT] 42,64,7,0.423228025,0.408509493,487206,458849,974412
[RESULT] 42,64,8,0.425880909,0.410876751,487206,458849,974412
[RESULT] 42,64,9,0.422553539,0.409293413,487206,458849,974412
[RESULT] 43,64,5,0.422966480,0.409276247,488187,459822,976374
[RESULT] 43,64,6,0.427968502,0.414660215,488187,459822,976374
[RESULT] 43,64,7,0.423484564,0.408722639,488187,459822,976374
[RESULT] 43,64,8,0.425863981,0.410858154,488187,459822,976374
[RESULT] 43,64,9,0.422543526,0.409336090,488187,459822,976374
