Retrieving the matrix from '../data/Andrews.mtx'...
Real Matrix (Strong Scaling): Rows=60000 | Cols=60000 | NNZ=410077 | Procs=128
Matrix distributed and converted to CSR
Ghost columns identified: 2690 total ghost values needed
Local vector initialized (size=469 per process)
[RESULT] 39,128,0,0.769059181,0.769022465,3231,2726,6462
[RESULT] 39,128,1,0.768037081,0.768006563,3231,2726,6462
[RESULT] 39,128,2,0.641053915,0.641024828,3231,2726,6462
[RESULT] 39,128,3,0.767050505,0.767021894,3231,2726,6462
[RESULT] 39,128,4,0.643226862,0.643198013,3231,2726,6462
[RESULT] 39,128,5,0.768048286,0.768017530,3231,2726,6462
[RESULT] 39,128,6,0.640042543,0.640014887,3231,2726,6462
[RESULT] 39,128,7,0.640988350,0.640959263,3231,2726,6462
[RESULT] 39,128,8,0.640239954,0.640211105,3231,2726,6462
[RESULT] 39,128,9,0.642187119,0.642158270,3231,2726,6462
[RESULT] 36,128,0,0.641106367,0.641050577,3093,2585,6186
[RESULT] 36,128,1,0.642109871,0.642050982,3093,2585,6186
[RESULT] 36,128,2,0.640108347,0.640050411,3093,2585,6186
[RESULT] 36,128,3,0.767091990,0.767024994,3093,2585,6186
[RESULT] 36,128,4,0.640107155,0.640048504,3093,2585,6186
[RESULT] 36,128,5,0.638113737,0.638055801,3093,2585,6186
[RESULT] 36,128,6,0.766112804,0.766053438,3093,2585,6186
[RESULT] 36,128,7,0.768115044,0.768057823,3093,2585,6186
[RESULT] 36,128,8,0.640112400,0.640057802,3093,2585,6186
[RESULT] 36,128,9,0.613372326,0.613313437,3093,2585,6186
[RESULT] 51,128,0,0.637080908,0.637044191,3116,2625,6232
[RESULT] 51,128,1,0.640073299,0.640042782,3116,2625,6232
[RESULT] 51,128,2,0.640081167,0.640051126,3116,2625,6232
[RESULT] 51,128,3,0.595081568,0.595051527,3116,2625,6232
[RESULT] 51,128,4,0.640071392,0.640043736,3116,2625,6232
[RESULT] 51,128,5,0.640075445,0.640045404,3116,2625,6232
[RESULT] 51,128,6,0.640071154,0.640043497,3116,2625,6232
[RESULT] 51,128,7,0.640074015,0.640045881,3116,2625,6232
[RESULT] 51,128,8,0.768046141,0.768017530,3116,2625,6232
[RESULT] 51,128,9,0.639281511,0.639254570,3116,2625,6232
[RESULT] 92,128,0,0.509106874,0.509049654,3267,2765,6534
[RESULT] 92,128,1,0.510249138,0.510184288,3267,2765,6534
[RESULT] 92,128,2,0.512245893,0.512183905,3267,2765,6534
[RESULT] 92,128,3,0.767104387,0.767044306,3267,2765,6534
[RESULT] 92,128,4,0.768090725,0.768030643,3267,2765,6534
[RESULT] 92,128,5,0.766079903,0.766023159,3267,2765,6534
[RESULT] 92,128,6,0.766094685,0.766034126,3267,2765,6534
[RESULT] 92,128,7,0.644255877,0.644188643,3267,2765,6534
[RESULT] 92,128,8,0.640089273,0.640028000,3267,2765,6534
[RESULT] 92,128,9,0.515255690,0.515187263,3267,2765,6534
[RESULT] 70,128,0,0.640306473,0.640250683,3186,2683,6372
[RESULT] 70,128,1,0.636134863,0.636076450,3186,2683,6372
[RESULT] 70,128,2,0.639057636,0.638999462,3186,2683,6372
[RESULT] 70,128,3,0.640112877,0.640055418,3186,2683,6372
[RESULT] 70,128,4,0.610109329,0.610052586,3186,2683,6372
[RESULT] 70,128,5,0.640355349,0.640292645,3186,2683,6372
[RESULT] 70,128,6,0.640129089,0.640069723,3186,2683,6372
[RESULT] 70,128,7,0.636170387,0.636109829,3186,2683,6372
[RESULT] 70,128,8,0.641975164,0.641920567,3186,2683,6372
[RESULT] 70,128,9,0.640119791,0.640065193,3186,2683,6372
[RESULT] 43,128,0,0.641090393,0.641053438,3187,2683,6374
[RESULT] 43,128,1,0.640087366,0.640054941,3187,2683,6374
[RESULT] 43,128,2,0.640092134,0.640061617,3187,2683,6374
[RESULT] 43,128,3,0.643081665,0.643052340,3187,2683,6374
[RESULT] 43,128,4,0.636077404,0.636048794,3187,2683,6374
[RESULT] 43,128,5,0.640083790,0.640054703,3187,2683,6374
[RESULT] 43,128,6,0.644077778,0.644048929,3187,2683,6374
[RESULT] 43,128,7,0.640076876,0.640048027,3187,2683,6374
[RESULT] 43,128,8,0.644096613,0.644068956,3187,2683,6374
[RESULT] 43,128,9,0.639096737,0.639066696,3187,2683,6374
[RESULT] 100,128,0,0.637101412,0.637045383,3189,2697,6378
[RESULT] 100,128,1,0.638116837,0.638060331,3189,2697,6378
[RESULT] 100,128,2,0.640121937,0.640068769,3189,2697,6378
[RESULT] 100,128,3,0.895093918,0.895036459,3189,2697,6378
[RESULT] 100,128,4,0.768247843,0.768193960,3189,2697,6378
[RESULT] 100,128,5,0.894084692,0.894029140,3189,2697,6378
[RESULT] 100,128,6,0.766252279,0.766193151,3189,2697,6378
[RESULT] 100,128,7,0.896077156,0.896018028,3189,2697,6378
[RESULT] 100,128,8,0.640251637,0.640196323,3189,2697,6378
[RESULT] 100,128,9,0.643298864,0.643235207,3189,2697,6378
[RESULT] 113,128,0,0.649111271,0.649057627,3243,2737,6486
[RESULT] 113,128,1,0.641117096,0.641066790,3243,2737,6486
[RESULT] 113,128,2,0.648076534,0.648027897,3243,2737,6486
[RESULT] 113,128,3,0.515122175,0.515069246,3243,2737,6486
[RESULT] 113,128,4,0.640115738,0.640061617,3243,2737,6486
[RESULT] 113,128,5,0.643104553,0.643051624,3243,2737,6486
[RESULT] 113,128,6,0.643096685,0.643045187,3243,2737,6486
[RESULT] 113,128,7,0.641107321,0.641054869,3243,2737,6486
[RESULT] 113,128,8,0.645101786,0.645049334,3243,2737,6486
[RESULT] 113,128,9,0.655447245,0.655392885,3243,2737,6486
[RESULT] 110,128,0,0.640141964,0.640081882,3229,2731,6458
[RESULT] 110,128,1,0.513107777,0.513049126,3229,2731,6458
[RESULT] 110,128,2,0.511902332,0.511843681,3229,2731,6458
[RESULT] 110,128,3,0.640127182,0.640068769,3229,2731,6458
[RESULT] 110,128,4,0.643113136,0.643054485,3229,2731,6458
[RESULT] 110,128,5,0.640117168,0.640060186,3229,2731,6458
[RESULT] 110,128,6,0.512339592,0.512280464,3229,2731,6458
[RESULT] 110,128,7,0.516119003,0.516056538,3229,2731,6458
[RESULT] 110,128,8,0.384320974,0.384265900,3229,2731,6458
[RESULT] 110,128,9,0.384274006,0.384222269,3229,2731,6458
[RESULT] 53,128,0,0.645145655,0.645081043,3308,2806,6616
[RESULT] 53,128,1,0.641122341,0.641068697,3308,2806,6616
[RESULT] 53,128,2,0.644088268,0.644036293,3308,2806,6616
[RESULT] 53,128,3,0.515101433,0.515047550,3308,2806,6616
[RESULT] 53,128,4,0.663109541,0.663053989,3308,2806,6616
[RESULT] 53,128,5,0.657113791,0.657057762,3308,2806,6616
[RESULT] 53,128,6,0.679767847,0.679713726,3308,2806,6616
[RESULT] 53,128,7,0.766102314,0.766046762,3308,2806,6616
[RESULT] 53,128,8,0.777113199,0.777060032,3308,2806,6616
[RESULT] 53,128,9,0.644113302,0.644060850,3308,2806,6616
[RESULT] 31,128,0,0.641040087,0.641003132,3271,2767,6542
[RESULT] 31,128,1,0.640207529,0.640177488,3271,2767,6542
[RESULT] 31,128,2,0.640090704,0.640062571,3271,2767,6542
[RESULT] 31,128,3,0.771048069,0.771019697,3271,2767,6542
[RESULT] 31,128,4,0.644093513,0.644065142,3271,2767,6542
[RESULT] 31,128,5,0.640095234,0.640066385,3271,2767,6542
[RESULT] 31,128,6,0.636080742,0.636054277,3271,2767,6542
[RESULT] 31,128,7,0.640100002,0.640072346,3271,2767,6542
[RESULT] 31,128,8,0.636092186,0.636065006,3271,2767,6542
[RESULT] 31,128,9,0.639112473,0.639085054,3271,2767,6542
[RESULT] 80,128,0,0.641096354,0.641035557,3250,2753,6500
[RESULT] 80,128,1,0.766081810,0.766023636,3250,2753,6500
[RESULT] 80,128,2,0.768091679,0.768033743,3250,2753,6500
[RESULT] 80,128,3,0.895079851,0.895023108,3250,2753,6500
[RESULT] 80,128,4,0.896082401,0.896025658,3250,2753,6500
[RESULT] 80,128,5,0.898086071,0.898026943,3250,2753,6500
[RESULT] 80,128,6,0.770245314,0.770181417,3250,2753,6500
[RESULT] 80,128,7,0.900069952,0.900011539,3250,2753,6500
[RESULT] 80,128,8,0.768086910,0.768029928,3250,2753,6500
[RESULT] 80,128,9,0.664153337,0.664082289,3250,2753,6500
[RESULT] 30,128,0,0.640120745,0.640061140,3246,2751,6492
[RESULT] 30,128,1,0.512179613,0.512120485,3246,2751,6492
[RESULT] 30,128,2,0.511177301,0.511116028,3246,2751,6492
[RESULT] 30,128,3,0.648120642,0.648061514,3246,2751,6492
[RESULT] 30,128,4,0.515165091,0.515110970,3246,2751,6492
[RESULT] 30,128,5,0.512173414,0.512115717,3246,2751,6492
[RESULT] 30,128,6,0.512161493,0.512107611,3246,2751,6492
[RESULT] 30,128,7,0.512167454,0.512109995,3246,2751,6492
[RESULT] 30,128,8,0.512170076,0.512115240,3246,2751,6492
[RESULT] 30,128,9,0.512132168,0.512081146,3246,2751,6492
[RESULT] 65,128,0,0.637282610,0.637220144,3216,2719,6432
[RESULT] 65,128,1,0.769140244,0.769082785,3216,2719,6432
[RESULT] 65,128,2,0.868086576,0.868031979,3216,2719,6432
[RESULT] 65,128,3,0.635263443,0.635198116,3216,2719,6432
[RESULT] 65,128,4,0.639114380,0.639054775,3216,2719,6432
[RESULT] 65,128,5,0.641123533,0.641057968,3216,2719,6432
[RESULT] 65,128,6,0.651120901,0.651065350,3216,2719,6432
[RESULT] 65,128,7,0.645266533,0.645208836,3216,2719,6432
[RESULT] 65,128,8,0.777056217,0.777000666,3216,2719,6432
[RESULT] 65,128,9,0.765117645,0.765065670,3216,2719,6432
[RESULT] 3,128,0,0.893038750,0.893005133,3160,2661,6320
[RESULT] 3,128,1,0.768075466,0.768048763,3160,2661,6320
[RESULT] 3,128,2,0.768066883,0.768040419,3160,2661,6320
[RESULT] 3,128,3,0.895033836,0.895006657,3160,2661,6320
[RESULT] 3,128,4,0.897019863,0.896993160,3160,2661,6320
[RESULT] 3,128,5,0.896017313,0.895990849,3160,2661,6320
[RESULT] 3,128,6,0.768061876,0.768037319,3160,2661,6320
[RESULT] 3,128,7,0.896019936,0.895992041,3160,2661,6320
[RESULT] 3,128,8,0.768073082,0.768047333,3160,2661,6320
[RESULT] 3,128,9,0.767087221,0.767061949,3160,2661,6320
[RESULT] 20,128,0,0.641104698,0.641048908,3146,2651,6292
[RESULT] 20,128,1,0.642096758,0.642041445,3146,2651,6292
[RESULT] 20,128,2,0.636095762,0.636041641,3146,2651,6292
[RESULT] 20,128,3,0.771103144,0.771047592,3146,2651,6292
[RESULT] 20,128,4,0.768093824,0.768040657,3146,2651,6292
[RESULT] 20,128,5,0.766088486,0.766036749,3146,2651,6292
[RESULT] 20,128,6,0.766116858,0.766063452,3146,2651,6292
[RESULT] 20,128,7,0.896075726,0.896018505,3146,2651,6292
[RESULT] 20,128,8,0.640102863,0.640049934,3146,2651,6292
[RESULT] 20,128,9,0.643125296,0.643066883,3146,2651,6292
[RESULT] 42,128,0,0.640160799,0.640104532,3231,2733,6462
[RESULT] 42,128,1,0.640166521,0.640106916,3231,2733,6462
[RESULT] 42,128,2,0.639170408,0.639112473,3231,2733,6462
[RESULT] 42,128,3,0.640154839,0.640096903,3231,2733,6462
[RESULT] 42,128,4,0.643136024,0.643080235,3231,2733,6462
[RESULT] 42,128,5,0.640141487,0.640085936,3231,2733,6462
[RESULT] 42,128,6,0.640146255,0.640087605,3231,2733,6462
[RESULT] 42,128,7,0.640164375,0.640103340,3231,2733,6462
[RESULT] 42,128,8,0.640146732,0.640090942,3231,2733,6462
[RESULT] 42,128,9,0.636126518,0.636075020,3231,2733,6462
[RESULT] 125,128,0,0.379105330,0.379054546,3160,2671,6320
[RESULT] 125,128,1,0.502270699,0.502219200,3160,2671,6320
[RESULT] 125,128,2,0.516085625,0.516037703,3160,2671,6320
[RESULT] 125,128,3,0.367697001,0.367644072,3160,2671,6320
[RESULT] 125,128,4,0.514114618,0.514062166,3160,2671,6320
[RESULT] 125,128,5,0.523267746,0.523213863,3160,2671,6320
[RESULT] 125,128,6,0.513493538,0.513443708,3160,2671,6320
[RESULT] 125,128,7,0.529569626,0.529518843,3160,2671,6320
[RESULT] 125,128,8,0.521128893,0.521077156,3160,2671,6320
[RESULT] 125,128,9,0.516327143,0.516274214,3160,2671,6320
[RESULT] 99,128,0,0.769066572,0.769034147,3212,2715,6424
[RESULT] 99,128,1,0.644088030,0.644058466,3212,2715,6424
[RESULT] 99,128,2,0.640085459,0.640058279,3212,2715,6424
[RESULT] 99,128,3,0.771055937,0.771028996,3212,2715,6424
[RESULT] 99,128,4,0.640086412,0.640059710,3212,2715,6424
[RESULT] 99,128,5,0.640084743,0.640057564,3212,2715,6424
[RESULT] 99,128,6,0.636083841,0.636058092,3212,2715,6424
[RESULT] 99,128,7,0.640204191,0.640177727,3212,2715,6424
[RESULT] 99,128,8,0.640087605,0.640062094,3212,2715,6424
[RESULT] 99,128,9,0.639115572,0.639086723,3212,2715,6424
[RESULT] 60,128,0,0.384117365,0.384059906,3084,2583,6168
[RESULT] 60,128,1,0.382103920,0.382050276,3084,2583,6168
[RESULT] 60,128,2,0.384105921,0.384052515,3084,2583,6168
[RESULT] 60,128,3,0.512098312,0.512041807,3084,2583,6168
[RESULT] 60,128,4,0.512097120,0.512042999,3084,2583,6168
[RESULT] 60,128,5,0.510089874,0.510033607,3084,2583,6168
[RESULT] 60,128,6,0.511087894,0.511030912,3084,2583,6168
[RESULT] 60,128,7,0.513098717,0.513042927,3084,2583,6168
[RESULT] 60,128,8,0.384108067,0.384056091,3084,2583,6168
[RESULT] 60,128,9,0.387136221,0.387081861,3084,2583,6168
[RESULT] 46,128,0,0.512178421,0.512116909,3215,2710,6430
[RESULT] 46,128,1,0.512185812,0.512124062,3215,2710,6430
[RESULT] 46,128,2,0.511177778,0.511120319,3215,2710,6430
[RESULT] 46,128,3,0.508162022,0.508103132,3215,2710,6430
[RESULT] 46,128,4,0.515149593,0.515093327,3215,2710,6430
[RESULT] 46,128,5,0.512150764,0.512090683,3215,2710,6430
[RESULT] 46,128,6,0.512133837,0.512075186,3215,2710,6430
[RESULT] 46,128,7,0.512147188,0.512088060,3215,2710,6430
[RESULT] 46,128,8,0.512147665,0.512092829,3215,2710,6430
[RESULT] 46,128,9,0.516136408,0.516085386,3215,2710,6430
[RESULT] 37,128,0,0.667622566,0.667567253,3295,2794,6590
[RESULT] 37,128,1,0.779117823,0.779062510,3295,2794,6590
[RESULT] 37,128,2,0.644087791,0.644034386,3295,2794,6590
[RESULT] 37,128,3,0.765065670,0.765010118,3295,2794,6590
[RESULT] 37,128,4,0.655126572,0.655070305,3295,2794,6590
[RESULT] 37,128,5,0.761120796,0.761065245,3295,2794,6590
[RESULT] 37,128,6,0.644132376,0.644076347,3295,2794,6590
[RESULT] 37,128,7,0.724143982,0.724085093,3295,2794,6590
[RESULT] 37,128,8,0.653129101,0.653073788,3295,2794,6590
[RESULT] 37,128,9,0.769114494,0.769062757,3295,2794,6590
[RESULT] 91,128,0,0.757062912,0.757028103,3238,2749,6476
[RESULT] 91,128,1,0.636087894,0.636059523,3238,2749,6476
[RESULT] 91,128,2,0.644085169,0.644057989,3238,2749,6476
[RESULT] 91,128,3,0.771045923,0.771018028,3238,2749,6476
[RESULT] 91,128,4,0.640079260,0.640051126,3238,2749,6476
[RESULT] 91,128,5,0.640202045,0.640174627,3238,2749,6476
[RESULT] 91,128,6,0.648071051,0.648042440,3238,2749,6476
[RESULT] 91,128,7,0.640094757,0.640065908,3238,2749,6476
[RESULT] 91,128,8,0.640094757,0.640066385,3238,2749,6476
[RESULT] 91,128,9,0.639126301,0.639098883,3238,2749,6476
[RESULT] 32,128,0,0.736117601,0.736060381,3204,2711,6408
[RESULT] 32,128,1,0.638112307,0.638057947,3204,2711,6408
[RESULT] 32,128,2,0.636111021,0.636054039,3204,2711,6408
[RESULT] 32,128,3,0.895082712,0.895020723,3204,2711,6408
[RESULT] 32,128,4,0.768105745,0.768050194,3204,2711,6408
[RESULT] 32,128,5,0.762104273,0.762048244,3204,2711,6408
[RESULT] 32,128,6,0.766106606,0.766052246,3204,2711,6408
[RESULT] 32,128,7,0.768112898,0.768054724,3204,2711,6408
[RESULT] 32,128,8,0.640117884,0.640065193,3204,2711,6408
[RESULT] 32,128,9,0.643141031,0.643083096,3204,2711,6408
[RESULT] 74,128,0,0.768135786,0.768073559,3144,2645,6288
[RESULT] 74,128,1,0.640152931,0.640093327,3144,2645,6288
[RESULT] 74,128,2,0.639152527,0.639096737,3144,2645,6288
[RESULT] 74,128,3,0.640327215,0.640270472,3144,2645,6288
[RESULT] 74,128,4,0.643131256,0.643073320,3144,2645,6288
[RESULT] 74,128,5,0.640136480,0.640079021,3144,2645,6288
[RESULT] 74,128,6,0.640115976,0.640060425,3144,2645,6288
[RESULT] 74,128,7,0.640151739,0.640091658,3144,2645,6288
[RESULT] 74,128,8,0.640161991,0.640108109,3144,2645,6288
[RESULT] 74,128,9,0.640142679,0.640094519,3144,2645,6288
[RESULT] 13,128,0,0.645116568,0.645064592,3299,2801,6598
[RESULT] 13,128,1,0.763102055,0.763048172,3299,2801,6598
[RESULT] 13,128,2,0.768796921,0.768497705,3299,2801,6598
[RESULT] 13,128,3,0.837101460,0.837048054,3299,2801,6598
[RESULT] 13,128,4,0.647122622,0.647070885,3299,2801,6598
[RESULT] 13,128,5,0.717088223,0.717034817,3299,2801,6598
[RESULT] 13,128,6,0.652414322,0.652343988,3299,2801,6598
[RESULT] 13,128,7,0.657135963,0.657081604,3299,2801,6598
[RESULT] 13,128,8,0.625122070,0.625071049,3299,2801,6598
[RESULT] 13,128,9,0.768026829,0.767976284,3299,2801,6598
[RESULT] 127,128,0,0.512056112,0.512022495,3212,2721,6424
[RESULT] 127,128,1,0.384093523,0.384065151,3212,2721,6424
[RESULT] 127,128,2,0.384088755,0.384061337,3212,2721,6424
[RESULT] 127,128,3,0.387214661,0.387188673,3212,2721,6424
[RESULT] 127,128,4,0.384087086,0.384059668,3212,2721,6424
[RESULT] 127,128,5,0.384096146,0.384069443,3212,2721,6424
[RESULT] 127,128,6,0.384094477,0.384066582,3212,2721,6424
[RESULT] 127,128,7,0.384087563,0.384059668,3212,2721,6424
[RESULT] 127,128,8,0.384085178,0.384058714,3212,2721,6424
[RESULT] 127,128,9,0.383130789,0.383100986,3212,2721,6424
[RESULT] 116,128,0,0.513115883,0.513058662,3193,2700,6386
[RESULT] 116,128,1,0.642098665,0.642043591,3193,2700,6386
[RESULT] 116,128,2,0.640095234,0.640033722,3193,2700,6386
[RESULT] 116,128,3,0.771118879,0.771060228,3193,2700,6386
[RESULT] 116,128,4,0.768100739,0.768045187,3193,2700,6386
[RESULT] 116,128,5,0.770113945,0.770054340,3193,2700,6386
[RESULT] 116,128,6,0.726112843,0.726054192,3193,2700,6386
[RESULT] 116,128,7,0.640113592,0.640056849,3193,2700,6386
[RESULT] 116,128,8,0.512123346,0.512067080,3193,2700,6386
[RESULT] 116,128,9,0.511160135,0.511092901,3193,2700,6386
[RESULT] 38,128,0,0.640166998,0.640109301,3163,2661,6326
[RESULT] 38,128,1,0.640173435,0.640115738,3163,2661,6326
[RESULT] 38,128,2,0.639185190,0.639123201,3163,2661,6326
[RESULT] 38,128,3,0.768112183,0.768055439,3163,2661,6326
[RESULT] 38,128,4,0.643068075,0.643013954,3163,2661,6326
[RESULT] 38,128,5,0.640159607,0.640102863,3163,2661,6326
[RESULT] 38,128,6,0.640134335,0.640076637,3163,2661,6326
[RESULT] 38,128,7,0.640136957,0.640080452,3163,2661,6326
[RESULT] 38,128,8,0.640146971,0.640095234,3163,2661,6326
[RESULT] 38,128,9,0.640142918,0.640092850,3163,2661,6326
[RESULT] 29,128,0,0.649124146,0.649073839,3464,2961,6928
[RESULT] 29,128,1,0.632123947,0.632068634,3464,2961,6928
[RESULT] 29,128,2,0.512092352,0.512043238,3464,2961,6928
[RESULT] 29,128,3,0.643125772,0.643075466,3464,2961,6928
[RESULT] 29,128,4,0.655114412,0.655062199,3464,2961,6928
[RESULT] 29,128,5,0.643103838,0.643051624,3464,2961,6928
[RESULT] 29,128,6,0.643115044,0.643062592,3464,2961,6928
[RESULT] 29,128,7,0.548404694,0.548352480,3464,2961,6928
[RESULT] 29,128,8,0.521136999,0.521072626,3464,2961,6928
[RESULT] 29,128,9,0.640123367,0.640072823,3464,2961,6928
[RESULT] 67,128,0,0.765080929,0.765044212,3286,2791,6572
[RESULT] 67,128,1,0.768070936,0.768041849,3286,2791,6572
[RESULT] 67,128,2,0.768072128,0.768043518,3286,2791,6572
[RESULT] 67,128,3,0.771057367,0.771028519,3286,2791,6572
[RESULT] 67,128,4,0.768052578,0.768025398,3286,2791,6572
[RESULT] 67,128,5,0.768042803,0.768015385,3286,2791,6572
[RESULT] 67,128,6,0.768042803,0.768013954,3286,2791,6572
[RESULT] 67,128,7,0.768062115,0.768034458,3286,2791,6572
[RESULT] 67,128,8,0.768074036,0.768045664,3286,2791,6572
[RESULT] 67,128,9,0.767124414,0.767096758,3286,2791,6572
[RESULT] 84,128,0,0.641125917,0.641067505,3203,2705,6406
[RESULT] 84,128,1,0.642105341,0.642050505,3203,2705,6406
[RESULT] 84,128,2,0.640113354,0.640056133,3203,2705,6406
[RESULT] 84,128,3,0.767222643,0.767164707,3203,2705,6406
[RESULT] 84,128,4,0.768092871,0.768036127,3203,2705,6406
[RESULT] 84,128,5,0.766100407,0.766046762,3203,2705,6406
[RESULT] 84,128,6,0.770101786,0.770044804,3203,2705,6406
[RESULT] 84,128,7,0.768104792,0.768050432,3203,2705,6406
[RESULT] 84,128,8,0.640105009,0.640049219,3203,2705,6406
[RESULT] 84,128,9,0.639161110,0.639102936,3203,2705,6406
[RESULT] 82,128,0,0.768114090,0.768054008,3290,2796,6580
[RESULT] 82,128,1,0.640157938,0.640096664,3290,2796,6580
[RESULT] 82,128,2,0.639171124,0.639107943,3290,2796,6580
[RESULT] 82,128,3,0.640313148,0.640255690,3290,2796,6580
[RESULT] 82,128,4,0.643133163,0.643080473,3290,2796,6580
[RESULT] 82,128,5,0.640134573,0.640075445,3290,2796,6580
[RESULT] 82,128,6,0.640123606,0.640063286,3290,2796,6580
[RESULT] 82,128,7,0.640142202,0.640079260,3290,2796,6580
[RESULT] 82,128,8,0.640151024,0.640093565,3290,2796,6580
[RESULT] 82,128,9,0.640146017,0.640091181,3290,2796,6580
[RESULT] 93,128,0,0.515106201,0.515048027,3306,2806,6612
[RESULT] 93,128,1,0.645105600,0.645049810,3306,2806,6612
[RESULT] 93,128,2,0.536085129,0.536034107,3306,2806,6612
[RESULT] 93,128,3,0.517050028,0.516996145,3306,2806,6612
[RESULT] 93,128,4,0.514124393,0.514068604,3306,2806,6612
[RESULT] 93,128,5,0.559102774,0.559046745,3306,2806,6612
[RESULT] 93,128,6,0.571104765,0.571048975,3306,2806,6612
[RESULT] 93,128,7,0.507671833,0.507616043,3306,2806,6612
[RESULT] 93,128,8,0.513128281,0.513072491,3306,2806,6612
[RESULT] 93,128,9,0.512124300,0.512071609,3306,2806,6612
[RESULT] 87,128,0,0.769077301,0.769041300,3286,2788,6572
[RESULT] 87,128,1,0.640211821,0.640181541,3286,2788,6572
[RESULT] 87,128,2,0.640218258,0.640188694,3286,2788,6572
[RESULT] 87,128,3,0.771048546,0.771017790,3286,2788,6572
[RESULT] 87,128,4,0.768052816,0.768023491,3286,2788,6572
[RESULT] 87,128,5,0.764046669,0.764016628,3286,2788,6572
[RESULT] 87,128,6,0.640214920,0.640185833,3286,2788,6572
[RESULT] 87,128,7,0.640218973,0.640189648,3286,2788,6572
[RESULT] 87,128,8,0.642431259,0.642402887,3286,2788,6572
[RESULT] 87,128,9,0.639129877,0.639098883,3286,2788,6572
[RESULT] 76,128,0,0.641088009,0.641031504,3077,2583,6154
[RESULT] 76,128,1,0.638086319,0.638028860,3077,2583,6154
[RESULT] 76,128,2,0.640088797,0.640032053,3077,2583,6154
[RESULT] 76,128,3,0.767083168,0.767027140,3077,2583,6154
[RESULT] 76,128,4,0.768086433,0.768028021,3077,2583,6154
[RESULT] 76,128,5,0.694081306,0.694023371,3077,2583,6154
[RESULT] 76,128,6,0.646080732,0.646023035,3077,2583,6154
[RESULT] 76,128,7,0.764093876,0.764036655,3077,2583,6154
[RESULT] 76,128,8,0.508104324,0.508049250,3077,2583,6154
[RESULT] 76,128,9,0.511168718,0.511113405,3077,2583,6154
[RESULT] 106,128,0,0.768121004,0.768059254,3196,2696,6392
[RESULT] 106,128,1,0.644098520,0.644037247,3196,2696,6392
[RESULT] 106,128,2,0.639158010,0.639100790,3196,2696,6392
[RESULT] 106,128,3,0.640333652,0.640279531,3196,2696,6392
[RESULT] 106,128,4,0.643149376,0.643094063,3196,2696,6392
[RESULT] 106,128,5,0.640152454,0.640099049,3196,2696,6392
[RESULT] 106,128,6,0.640154123,0.640094995,3196,2696,6392
[RESULT] 106,128,7,0.512149334,0.512094975,3196,2696,6392
[RESULT] 106,128,8,0.512138128,0.512084484,3196,2696,6392
[RESULT] 106,128,9,0.512143612,0.512093544,3196,2696,6392
[RESULT] 41,128,0,0.581124783,0.581073761,3235,2728,6470
[RESULT] 41,128,1,0.641128778,0.641074657,3235,2728,6470
[RESULT] 41,128,2,0.636090517,0.636040688,3235,2728,6470
[RESULT] 41,128,3,0.769057751,0.769004583,3235,2728,6470
[RESULT] 41,128,4,0.778115749,0.778062820,3235,2728,6470
[RESULT] 41,128,5,0.795102119,0.795049906,3235,2728,6470
[RESULT] 41,128,6,0.752126217,0.752071619,3235,2728,6470
[RESULT] 41,128,7,0.734023094,0.608936071,3235,2728,6470
[RESULT] 41,128,8,0.645290852,0.645232439,3235,2728,6470
[RESULT] 41,128,9,0.764137030,0.764086246,3235,2728,6470
[RESULT] 75,128,0,0.765193462,0.765155554,3308,2808,6616
[RESULT] 75,128,1,0.768077135,0.768045902,3308,2808,6616
[RESULT] 75,128,2,0.768066883,0.768037796,3308,2808,6616
[RESULT] 75,128,3,0.767067909,0.767037868,3308,2808,6616
[RESULT] 75,128,4,0.768050909,0.768020868,3308,2808,6616
[RESULT] 75,128,5,0.768056393,0.768027067,3308,2808,6616
[RESULT] 75,128,6,0.768055916,0.768027306,3308,2808,6616
[RESULT] 75,128,7,0.768070459,0.768042088,3308,2808,6616
[RESULT] 75,128,8,0.768079996,0.768051386,3308,2808,6616
[RESULT] 75,128,9,0.767150879,0.767119884,3308,2808,6616
[RESULT] 72,128,0,0.769089460,0.769029379,3212,2717,6424
[RESULT] 72,128,1,0.642101288,0.642045021,3212,2717,6424
[RESULT] 72,128,2,0.640103340,0.640045881,3212,2717,6424
[RESULT] 72,128,3,0.767104387,0.767046928,3212,2717,6424
[RESULT] 72,128,4,0.768082142,0.768024445,3212,2717,6424
[RESULT] 72,128,5,0.766085625,0.766028404,3212,2717,6424
[RESULT] 72,128,6,0.766080141,0.766022444,3212,2717,6424
[RESULT] 72,128,7,0.764094114,0.764036655,3212,2717,6424
[RESULT] 72,128,8,0.640108585,0.640051126,3212,2717,6424
[RESULT] 72,128,9,0.639174700,0.639094830,3212,2717,6424
[RESULT] 94,128,0,0.512319565,0.512264490,3271,2777,6542
[RESULT] 94,128,1,0.512159586,0.512094498,3271,2777,6542
[RESULT] 94,128,2,0.511158466,0.511098623,3271,2777,6542
[RESULT] 94,128,3,0.512152672,0.512098789,3271,2777,6542
[RESULT] 94,128,4,0.512112856,0.512055159,3271,2777,6542
[RESULT] 94,128,5,0.512149811,0.512090921,3271,2777,6542
[RESULT] 94,128,6,0.512145042,0.512085676,3271,2777,6542
[RESULT] 94,128,7,0.512145042,0.512091875,3271,2777,6542
[RESULT] 94,128,8,0.512125492,0.512069225,3271,2777,6542
[RESULT] 94,128,9,0.512146711,0.512094259,3271,2777,6542
[RESULT] 97,128,0,0.641127825,0.641072035,3260,2765,6520
[RESULT] 97,128,1,0.763082027,0.763026953,3260,2765,6520
[RESULT] 97,128,2,0.772883892,0.772828341,3260,2765,6520
[RESULT] 97,128,3,0.633078337,0.633023739,3260,2765,6520
[RESULT] 97,128,4,0.709721565,0.709665775,3260,2765,6520
[RESULT] 97,128,5,0.665121078,0.665065050,3260,2765,6520
[RESULT] 97,128,6,0.632120371,0.632066488,3260,2765,6520
[RESULT] 97,128,7,0.596300602,0.596238613,3260,2765,6520
[RESULT] 97,128,8,0.649127722,0.649072886,3260,2765,6520
[RESULT] 97,128,9,0.785136938,0.785074472,3260,2765,6520
[RESULT] 55,128,0,0.637082100,0.637049675,3297,2813,6594
[RESULT] 55,128,1,0.640092134,0.640063763,3297,2813,6594
[RESULT] 55,128,2,0.640068054,0.640040398,3297,2813,6594
[RESULT] 55,128,3,0.639049768,0.639022827,3297,2813,6594
[RESULT] 55,128,4,0.640053034,0.640026331,3297,2813,6594
[RESULT] 55,128,5,0.640055418,0.640027761,3297,2813,6594
[RESULT] 55,128,6,0.640054703,0.640027523,3297,2813,6594
[RESULT] 55,128,7,0.640057087,0.640031099,3297,2813,6594
[RESULT] 55,128,8,0.640083551,0.640055895,3297,2813,6594
[RESULT] 55,128,9,0.639140368,0.639112234,3297,2813,6594
[RESULT] 112,128,0,0.641088724,0.641031027,3168,2668,6336
[RESULT] 112,128,1,0.646110535,0.646054745,3168,2668,6336
[RESULT] 112,128,2,0.644132137,0.644077063,3168,2668,6336
[RESULT] 112,128,3,0.767115116,0.767058134,3168,2668,6336
[RESULT] 112,128,4,0.768106222,0.768048048,3168,2668,6336
[RESULT] 112,128,5,0.766100168,0.766044617,3168,2668,6336
[RESULT] 112,128,6,0.766103983,0.766047955,3168,2668,6336
[RESULT] 112,128,7,0.764106035,0.764049530,3168,2668,6336
[RESULT] 112,128,8,0.644102097,0.644046783,3168,2668,6336
[RESULT] 112,128,9,0.639171839,0.639105320,3168,2668,6336
[RESULT] 98,128,0,0.768175125,0.768117905,3094,2589,6188
[RESULT] 98,128,1,0.768157959,0.768099546,3094,2589,6188
[RESULT] 98,128,2,0.767141581,0.767083406,3094,2589,6188
[RESULT] 98,128,3,0.768159628,0.768102169,3094,2589,6188
[RESULT] 98,128,4,0.767120123,0.767063141,3094,2589,6188
[RESULT] 98,128,5,0.768141747,0.768084049,3094,2589,6188
[RESULT] 98,128,6,0.768128395,0.768072367,3094,2589,6188
[RESULT] 98,128,7,0.640130520,0.640074968,3094,2589,6188
[RESULT] 98,128,8,0.640139103,0.640084267,3094,2589,6188
[RESULT] 98,128,9,0.640156746,0.640106201,3094,2589,6188
[RESULT] 117,128,0,0.511120796,0.511067867,3278,2775,6556
[RESULT] 117,128,1,0.627100468,0.627008915,3278,2775,6556
[RESULT] 117,128,2,0.644089460,0.644038916,3278,2775,6556
[RESULT] 117,128,3,0.517111540,0.517058372,3278,2775,6556
[RESULT] 117,128,4,0.602121353,0.602067471,3278,2775,6556
[RESULT] 117,128,5,0.519111633,0.519058943,3278,2775,6556
[RESULT] 117,128,6,0.502114534,0.502061605,3278,2775,6556
[RESULT] 117,128,7,0.504117727,0.504065275,3278,2775,6556
[RESULT] 117,128,8,0.506110907,0.506058455,3278,2775,6556
[RESULT] 117,128,9,0.640128851,0.640078068,3278,2775,6556
[RESULT] 19,128,0,0.681097984,0.681060553,3295,2789,6590
[RESULT] 19,128,1,0.768081427,0.768051147,3295,2789,6590
[RESULT] 19,128,2,0.768070698,0.768041611,3295,2789,6590
[RESULT] 19,128,3,0.767083645,0.767056465,3295,2789,6590
[RESULT] 19,128,4,0.768080473,0.768052816,3295,2789,6590
[RESULT] 19,128,5,0.768094063,0.768066406,3295,2789,6590
[RESULT] 19,128,6,0.768083334,0.768056870,3295,2789,6590
[RESULT] 19,128,7,0.768085241,0.768058062,3295,2789,6590
[RESULT] 19,128,8,0.768078327,0.768051147,3295,2789,6590
[RESULT] 19,128,9,0.767153502,0.767124176,3295,2789,6590
[RESULT] 56,128,0,0.513103485,0.513045311,3116,2614,6232
[RESULT] 56,128,1,0.510100603,0.510042429,3116,2614,6232
[RESULT] 56,128,2,0.512098551,0.512044907,3116,2614,6232
[RESULT] 56,128,3,0.639088869,0.639033318,3116,2614,6232
[RESULT] 56,128,4,0.640079498,0.640023708,3116,2614,6232
[RESULT] 56,128,5,0.646080017,0.646025419,3116,2614,6232
[RESULT] 56,128,6,0.646087408,0.646032333,3116,2614,6232
[RESULT] 56,128,7,0.636088610,0.636032343,3116,2614,6232
[RESULT] 56,128,8,0.508099794,0.508045435,3116,2614,6232
[RESULT] 56,128,9,0.511175632,0.511106968,3116,2614,6232
[RESULT] 66,128,0,0.768129826,0.768073559,3245,2750,6490
[RESULT] 66,128,1,0.768142700,0.768080711,3245,2750,6490
[RESULT] 66,128,2,0.767135859,0.767081022,3245,2750,6490
[RESULT] 66,128,3,0.768118620,0.768057585,3245,2750,6490
[RESULT] 66,128,4,0.639328957,0.639272928,3245,2750,6490
[RESULT] 66,128,5,0.640312910,0.640259027,3245,2750,6490
[RESULT] 66,128,6,0.640327454,0.640270472,3245,2750,6490
[RESULT] 66,128,7,0.768120766,0.768067122,3245,2750,6490
[RESULT] 66,128,8,0.768167496,0.768114328,3245,2750,6490
[RESULT] 66,128,9,0.768157959,0.768107653,3245,2750,6490
[RESULT] 1,128,0,0.774097919,0.774040937,3345,2847,6690
[RESULT] 1,128,1,0.911015511,0.910957336,3345,2847,6690
[RESULT] 1,128,2,0.912025213,0.911967754,3345,2847,6690
[RESULT] 1,128,3,0.894053221,0.893997908,3345,2847,6690
[RESULT] 1,128,4,0.898036003,0.897978783,3345,2847,6690
[RESULT] 1,128,5,0.901050806,0.900993109,3345,2847,6690
[RESULT] 1,128,6,0.912054300,0.911997557,3345,2847,6690
[RESULT] 1,128,7,0.788054228,0.787999153,3345,2847,6690
[RESULT] 1,128,8,0.805055857,0.805002451,3345,2847,6690
[RESULT] 1,128,9,0.894185781,0.894129992,3345,2847,6690
[RESULT] 119,128,0,0.640054464,0.640018702,3142,2653,6284
[RESULT] 119,128,1,0.512089729,0.512061357,3142,2653,6284
[RESULT] 119,128,2,0.512097836,0.512070179,3142,2653,6284
[RESULT] 119,128,3,0.647053957,0.647024870,3142,2653,6284
[RESULT] 119,128,4,0.512073040,0.512044191,3142,2653,6284
[RESULT] 119,128,5,0.512082100,0.512053490,3142,2653,6284
[RESULT] 119,128,6,0.508077145,0.508047104,3142,2653,6284
[RESULT] 119,128,7,0.512075424,0.512046814,3142,2653,6284
[RESULT] 119,128,8,0.512076139,0.512048960,3142,2653,6284
[RESULT] 119,128,9,0.511145592,0.511114836,3142,2653,6284
[RESULT] 0,128,0,0.772088766,0.772033930,3184,2690,6368
[RESULT] 0,128,1,0.770069599,0.770015717,3184,2690,6368
[RESULT] 0,128,2,0.768087864,0.768035173,3184,2690,6368
[RESULT] 0,128,3,0.895049572,0.894996643,3184,2690,6368
[RESULT] 0,128,4,0.896066427,0.896013498,3184,2690,6368
[RESULT] 0,128,5,0.898055792,0.898001671,3184,2690,6368
[RESULT] 0,128,6,0.900068760,0.900012970,3184,2690,6368
[RESULT] 0,128,7,0.892058611,0.892005682,3184,2690,6368
[RESULT] 0,128,8,0.768080950,0.768026829,3184,2690,6368
[RESULT] 0,128,9,0.768139839,0.768081665,3184,2690,6368

Benchmark Summary
Processes: 128
Iterations: 10
Matrix NNZ: 410077
Total execution time: 49.366 seconds
[RESULT] 14,128,0,0.640164614,0.640111446,3102,2606,6204
[RESULT] 14,128,1,0.640160561,0.640105247,3102,2606,6204
[RESULT] 14,128,2,0.639142990,0.639090300,3102,2606,6204
[RESULT] 14,128,3,0.640141726,0.640088797,3102,2606,6204
[RESULT] 14,128,4,0.639174700,0.639123201,3102,2606,6204
[RESULT] 14,128,5,0.640146494,0.640097857,3102,2606,6204
[RESULT] 14,128,6,0.640137672,0.640085936,3102,2606,6204
[RESULT] 14,128,7,0.640120268,0.640072107,3102,2606,6204
[RESULT] 14,128,8,0.640126705,0.640075922,3102,2606,6204
[RESULT] 14,128,9,0.640167713,0.640119076,3102,2606,6204
[RESULT] 57,128,0,0.767101049,0.767045498,3288,2797,6576
[RESULT] 57,128,1,0.771061897,0.771003962,3288,2797,6576
[RESULT] 57,128,2,0.777098656,0.777040958,3288,2797,6576
[RESULT] 57,128,3,0.637103081,0.637047529,3288,2797,6576
[RESULT] 57,128,4,0.771105766,0.771048307,3288,2797,6576
[RESULT] 57,128,5,0.645126581,0.645067215,3288,2797,6576
[RESULT] 57,128,6,0.652126551,0.652069569,3288,2797,6576
[RESULT] 57,128,7,0.657111406,0.657054901,3288,2797,6576
[RESULT] 57,128,8,0.677132607,0.677077532,3288,2797,6576
[RESULT] 57,128,9,0.640141010,0.640079498,3288,2797,6576
[RESULT] 23,128,0,0.641087055,0.641052961,3218,2718,6436
[RESULT] 23,128,1,0.768072128,0.768040657,3218,2718,6436
[RESULT] 23,128,2,0.768083334,0.768054724,3218,2718,6436
[RESULT] 23,128,3,0.767080784,0.767052650,3218,2718,6436
[RESULT] 23,128,4,0.768083811,0.768055677,3218,2718,6436
[RESULT] 23,128,5,0.768083096,0.768054008,3218,2718,6436
[RESULT] 23,128,6,0.772079468,0.772051811,3218,2718,6436
[RESULT] 23,128,7,0.768073797,0.768046141,3218,2718,6436
[RESULT] 23,128,8,0.768076420,0.768049240,3218,2718,6436
[RESULT] 23,128,9,0.767163992,0.767134428,3218,2718,6436
[RESULT] 52,128,0,0.641085625,0.641031027,3182,2684,6364
[RESULT] 52,128,1,0.566116333,0.566061735,3182,2684,6364
[RESULT] 52,128,2,0.512106419,0.512050867,3182,2684,6364
[RESULT] 52,128,3,0.639090776,0.639034986,3182,2684,6364
[RESULT] 52,128,4,0.640092134,0.640038729,3182,2684,6364
[RESULT] 52,128,5,0.642083645,0.642029047,3182,2684,6364
[RESULT] 52,128,6,0.642089844,0.642031193,3182,2684,6364
[RESULT] 52,128,7,0.636087894,0.636031151,3182,2684,6364
[RESULT] 52,128,8,0.512104750,0.512048960,3182,2684,6364
[RESULT] 52,128,9,0.511167526,0.511103868,3182,2684,6364
[RESULT] 78,128,0,0.640135288,0.640080214,3124,2620,6248
[RESULT] 78,128,1,0.640137911,0.640080452,3124,2620,6248
[RESULT] 78,128,2,0.639055252,0.638999224,3124,2620,6248
[RESULT] 78,128,3,0.636131048,0.636073351,3124,2620,6248
[RESULT] 78,128,4,0.639122009,0.639065742,3124,2620,6248
[RESULT] 78,128,5,0.640117407,0.640062571,3124,2620,6248
[RESULT] 78,128,6,0.640123844,0.640062571,3124,2620,6248
[RESULT] 78,128,7,0.640118599,0.640064240,3124,2620,6248
[RESULT] 78,128,8,0.640147686,0.640091181,3124,2620,6248
[RESULT] 78,128,9,0.640159369,0.640110254,3124,2620,6248
[RESULT] 109,128,0,0.531280994,0.531221867,3195,2707,6390
[RESULT] 109,128,1,0.644119024,0.644069433,3195,2707,6390
[RESULT] 109,128,2,0.644087791,0.644037247,3195,2707,6390
[RESULT] 109,128,3,0.509577751,0.509525061,3195,2707,6390
[RESULT] 109,128,4,0.590055227,0.590002775,3195,2707,6390
[RESULT] 109,128,5,0.527123928,0.527073383,3195,2707,6390
[RESULT] 109,128,6,0.596066475,0.596015215,3195,2707,6390
[RESULT] 109,128,7,0.509106636,0.509052515,3195,2707,6390
[RESULT] 109,128,8,0.514112949,0.514060974,3195,2707,6390
[RESULT] 109,128,9,0.640140772,0.640088558,3195,2707,6390
[RESULT] 95,128,0,0.637075901,0.637040377,3208,2712,6416
[RESULT] 95,128,1,0.640028477,0.639999390,3208,2712,6416
[RESULT] 95,128,2,0.644071102,0.644041061,3208,2712,6416
[RESULT] 95,128,3,0.643085241,0.643055677,3208,2712,6416
[RESULT] 95,128,4,0.640067101,0.640038013,3208,2712,6416
[RESULT] 95,128,5,0.636070728,0.636041641,3208,2712,6416
[RESULT] 95,128,6,0.640060902,0.640031815,3208,2712,6416
[RESULT] 95,128,7,0.640066862,0.640037298,3208,2712,6416
[RESULT] 95,128,8,0.640077353,0.640048265,3208,2712,6416
[RESULT] 95,128,9,0.639143467,0.639113426,3208,2712,6416
[RESULT] 104,128,0,0.513118744,0.513062954,3224,2730,6448
[RESULT] 104,128,1,0.642110825,0.642051935,3224,2730,6448
[RESULT] 104,128,2,0.640104771,0.640047550,3224,2730,6448
[RESULT] 104,128,3,0.771120548,0.771061420,3224,2730,6448
[RESULT] 104,128,4,0.768113613,0.768054962,3224,2730,6448
[RESULT] 104,128,5,0.770102978,0.770046711,3224,2730,6448
[RESULT] 104,128,6,0.770102978,0.770046711,3224,2730,6448
[RESULT] 104,128,7,0.764104366,0.764045000,3224,2730,6448
[RESULT] 104,128,8,0.640107393,0.640049219,3224,2730,6448
[RESULT] 104,128,9,0.639176130,0.639115334,3224,2730,6448
[RESULT] 58,128,0,0.512120247,0.512063265,3159,2657,6318
[RESULT] 58,128,1,0.512137175,0.512077808,3159,2657,6318
[RESULT] 58,128,2,0.511135817,0.511074543,3159,2657,6318
[RESULT] 58,128,3,0.640109062,0.640054226,3159,2657,6318
[RESULT] 58,128,4,0.639104605,0.639047146,3159,2657,6318
[RESULT] 58,128,5,0.640105247,0.640051126,3159,2657,6318
[RESULT] 58,128,6,0.640107632,0.640051603,3159,2657,6318
[RESULT] 58,128,7,0.640116215,0.640060663,3159,2657,6318
[RESULT] 58,128,8,0.640135765,0.640077114,3159,2657,6318
[RESULT] 58,128,9,0.640168190,0.640117407,3159,2657,6318
[RESULT] 45,128,0,0.645085335,0.645032406,3281,2785,6562
[RESULT] 45,128,1,0.641103029,0.641049862,3281,2785,6562
[RESULT] 45,128,2,0.649093151,0.649040937,3281,2785,6562
[RESULT] 45,128,3,0.637037516,0.636982679,3281,2785,6562
[RESULT] 45,128,4,0.767102242,0.767049074,3281,2785,6562
[RESULT] 45,128,5,0.773088455,0.773032188,3281,2785,6562
[RESULT] 45,128,6,0.649986506,0.649925709,3281,2785,6562
[RESULT] 45,128,7,0.524111032,0.524054766,3281,2785,6562
[RESULT] 45,128,8,0.621258020,0.621202707,3281,2785,6562
[RESULT] 45,128,9,0.768155575,0.768098593,3281,2785,6562
[RESULT] 107,128,0,0.645102978,0.645069122,3263,2765,6526
[RESULT] 107,128,1,0.640064716,0.640033722,3263,2765,6526
[RESULT] 107,128,2,0.636061192,0.636031151,3263,2765,6526
[RESULT] 107,128,3,0.635081768,0.635052443,3263,2765,6526
[RESULT] 107,128,4,0.640044451,0.640014887,3263,2765,6526
[RESULT] 107,128,5,0.644083977,0.644054413,3263,2765,6526
[RESULT] 107,128,6,0.640080452,0.640052557,3263,2765,6526
[RESULT] 107,128,7,0.640077353,0.640047073,3263,2765,6526
[RESULT] 107,128,8,0.640068293,0.640040874,3263,2765,6526
[RESULT] 107,128,9,0.639168501,0.639137983,3263,2765,6526
[RESULT] 8,128,0,0.769106627,0.769052505,3066,2573,6132
[RESULT] 8,128,1,0.770099640,0.770046949,3066,2573,6132
[RESULT] 8,128,2,0.768089533,0.768037558,3066,2573,6132
[RESULT] 8,128,3,0.899104357,0.899053097,3066,2573,6132
[RESULT] 8,128,4,0.896096706,0.896042347,3066,2573,6132
[RESULT] 8,128,5,0.898097277,0.898042917,3066,2573,6132
[RESULT] 8,128,6,0.896096706,0.896044016,3066,2573,6132
[RESULT] 8,128,7,0.892100811,0.892046690,3066,2573,6132
[RESULT] 8,128,8,0.768094063,0.768041134,3066,2573,6132
[RESULT] 8,128,9,0.768173933,0.768113136,3066,2573,6132
[RESULT] 26,128,0,0.640145540,0.640091419,3128,2627,6256
[RESULT] 26,128,1,0.640149355,0.640091658,3128,2627,6256
[RESULT] 26,128,2,0.639059305,0.639003038,3128,2627,6256
[RESULT] 26,128,3,0.640154123,0.640098333,3128,2627,6256
[RESULT] 26,128,4,0.639140129,0.639084101,3128,2627,6256
[RESULT] 26,128,5,0.640133142,0.640081882,3128,2627,6256
[RESULT] 26,128,6,0.640144348,0.640084982,3128,2627,6256
[RESULT] 26,128,7,0.640121937,0.640069723,3128,2627,6256
[RESULT] 26,128,8,0.640136957,0.640083313,3128,2627,6256
[RESULT] 26,128,9,0.640182018,0.640130520,3128,2627,6256
[RESULT] 33,128,0,0.759122133,0.759070158,3133,2634,6266
[RESULT] 33,128,1,0.764120340,0.764067173,3133,2634,6266
[RESULT] 33,128,2,0.761111975,0.760700464,3133,2634,6266
[RESULT] 33,128,3,0.849048138,0.848995447,3133,2634,6266
[RESULT] 33,128,4,0.766120672,0.766066551,3133,2634,6266
[RESULT] 33,128,5,0.805110931,0.805058241,3133,2634,6266
[RESULT] 33,128,6,0.768841982,0.768788099,3133,2634,6266
[RESULT] 33,128,7,0.793108463,0.793055058,3133,2634,6266
[RESULT] 33,128,8,0.769116879,0.769065857,3133,2634,6266
[RESULT] 33,128,9,0.897146225,0.897094488,3133,2634,6266
[RESULT] 63,128,0,0.512061119,0.512027025,3294,2799,6588
[RESULT] 63,128,1,0.512079954,0.512049675,3294,2799,6588
[RESULT] 63,128,2,0.512067080,0.512037754,3294,2799,6588
[RESULT] 63,128,3,0.383088350,0.383059978,3294,2799,6588
[RESULT] 63,128,4,0.512074471,0.512045860,3294,2799,6588
[RESULT] 63,128,5,0.512084246,0.512054682,3294,2799,6588
[RESULT] 63,128,6,0.512080431,0.512051344,3294,2799,6588
[RESULT] 63,128,7,0.640050173,0.640020609,3294,2799,6588
[RESULT] 63,128,8,0.512066841,0.512039423,3294,2799,6588
[RESULT] 63,128,9,0.511168480,0.511137009,3294,2799,6588
[RESULT] 44,128,0,0.641105175,0.641045570,3216,2713,6432
[RESULT] 44,128,1,0.514117956,0.514059067,3216,2713,6432
[RESULT] 44,128,2,0.512110949,0.512053251,3216,2713,6432
[RESULT] 44,128,3,0.639069319,0.639010668,3216,2713,6432
[RESULT] 44,128,4,0.640095711,0.640038729,3216,2713,6432
[RESULT] 44,128,5,0.638095379,0.638036251,3216,2713,6432
[RESULT] 44,128,6,0.642101526,0.642042637,3216,2713,6432
[RESULT] 44,128,7,0.672091722,0.672034502,3216,2713,6432
[RESULT] 44,128,8,0.512119293,0.512060165,3216,2713,6432
[RESULT] 44,128,9,0.511197329,0.511127949,3216,2713,6432
[RESULT] 6,128,0,0.768157721,0.768102407,3190,2685,6380
[RESULT] 6,128,1,0.768135786,0.768081903,3190,2685,6380
[RESULT] 6,128,2,0.767140150,0.767082214,3190,2685,6380
[RESULT] 6,128,3,0.768135071,0.768081188,3190,2685,6380
[RESULT] 6,128,4,0.767133474,0.767076731,3190,2685,6380
[RESULT] 6,128,5,0.768127441,0.768074274,3190,2685,6380
[RESULT] 6,128,6,0.768136978,0.768080950,3190,2685,6380
[RESULT] 6,128,7,0.768130302,0.768076897,3190,2685,6380
[RESULT] 6,128,8,0.768130302,0.768074751,3190,2685,6380
[RESULT] 6,128,9,0.768186092,0.768133640,3190,2685,6380
[RESULT] 89,128,0,0.649101019,0.649049282,3224,2730,6448
[RESULT] 89,128,1,0.641123772,0.641072273,3224,2730,6448
[RESULT] 89,128,2,0.749082327,0.749030113,3224,2730,6448
[RESULT] 89,128,3,0.637100697,0.637046337,3224,2730,6448
[RESULT] 89,128,4,0.506257057,0.506195068,3224,2730,6448
[RESULT] 89,128,5,0.527101755,0.527049065,3224,2730,6448
[RESULT] 89,128,6,0.664102077,0.664049149,3224,2730,6448
[RESULT] 89,128,7,0.637112856,0.637060165,3224,2730,6448
[RESULT] 89,128,8,0.641112804,0.641060591,3224,2730,6448
[RESULT] 89,128,9,0.640143394,0.640091658,3224,2730,6448
[RESULT] 111,128,0,0.641090631,0.641058445,3208,2714,6416
[RESULT] 111,128,1,0.640071869,0.640043259,3208,2714,6416
[RESULT] 111,128,2,0.640064716,0.640036106,3208,2714,6416
[RESULT] 111,128,3,0.639080286,0.639053583,3208,2714,6416
[RESULT] 111,128,4,0.640077829,0.640050650,3208,2714,6416
[RESULT] 111,128,5,0.640040636,0.640012264,3208,2714,6416
[RESULT] 111,128,6,0.640062809,0.640035629,3208,2714,6416
[RESULT] 111,128,7,0.640070200,0.640042305,3208,2714,6416
[RESULT] 111,128,8,0.640065432,0.640037060,3208,2714,6416
[RESULT] 111,128,9,0.639166594,0.639137268,3208,2714,6416
[RESULT] 120,128,0,0.513115406,0.513060093,3076,2580,6152
[RESULT] 120,128,1,0.642092228,0.642038107,3076,2580,6152
[RESULT] 120,128,2,0.640088320,0.640035391,3076,2580,6152
[RESULT] 120,128,3,0.771125793,0.771069765,3076,2580,6152
[RESULT] 120,128,4,0.768092394,0.768039465,3076,2580,6152
[RESULT] 120,128,5,0.770092964,0.770040512,3076,2580,6152
[RESULT] 120,128,6,0.766095400,0.766041040,3076,2580,6152
[RESULT] 120,128,7,0.768100500,0.768045664,3076,2580,6152
[RESULT] 120,128,8,0.640087843,0.640034676,3076,2580,6152
[RESULT] 120,128,9,0.639185905,0.639121056,3076,2580,6152
[RESULT] 114,128,0,0.768113852,0.768051624,3123,2625,6246
[RESULT] 114,128,1,0.640169382,0.640112877,3123,2625,6246
[RESULT] 114,128,2,0.639164209,0.639109850,3123,2625,6246
[RESULT] 114,128,3,0.768139362,0.768080473,3123,2625,6246
[RESULT] 114,128,4,0.767136097,0.767075062,3123,2625,6246
[RESULT] 114,128,5,0.768126011,0.768064499,3123,2625,6246
[RESULT] 114,128,6,0.768141985,0.768082142,3123,2625,6246
[RESULT] 114,128,7,0.640134811,0.640079021,3123,2625,6246
[RESULT] 114,128,8,0.640152454,0.640090466,3123,2625,6246
[RESULT] 114,128,9,0.640184402,0.640131474,3123,2625,6246
[RESULT] 25,128,0,0.740938187,0.740886450,3181,2684,6362
[RESULT] 25,128,1,0.641131401,0.641078711,3181,2684,6362
[RESULT] 25,128,2,0.644083977,0.644033432,3181,2684,6362
[RESULT] 25,128,3,0.765093565,0.765040398,3181,2684,6362
[RESULT] 25,128,4,0.771099806,0.771046400,3181,2684,6362
[RESULT] 25,128,5,0.785058022,0.785003185,3181,2684,6362
[RESULT] 25,128,6,0.676150084,0.676097631,3181,2684,6362
[RESULT] 25,128,7,0.644114017,0.644060850,3181,2684,6362
[RESULT] 25,128,8,0.641111135,0.641058445,3181,2684,6362
[RESULT] 25,128,9,0.768137455,0.768085957,3181,2684,6362
[RESULT] 123,128,0,0.512080669,0.512046099,3206,2709,6412
[RESULT] 123,128,1,0.512069225,0.512039423,3206,2709,6412
[RESULT] 123,128,2,0.512058496,0.512029648,3206,2709,6412
[RESULT] 123,128,3,0.511064529,0.511035442,3206,2709,6412
[RESULT] 123,128,4,0.508063793,0.508035183,3206,2709,6412
[RESULT] 123,128,5,0.512067795,0.512039185,3206,2709,6412
[RESULT] 123,128,6,0.512063980,0.512035370,3206,2709,6412
[RESULT] 123,128,7,0.512071133,0.512042046,3206,2709,6412
[RESULT] 123,128,8,0.512052774,0.512025118,3206,2709,6412
[RESULT] 123,128,9,0.511166811,0.511137247,3206,2709,6412
[RESULT] 88,128,0,0.513102531,0.513046980,3219,2719,6438
[RESULT] 88,128,1,0.642086983,0.642033815,3219,2719,6438
[RESULT] 88,128,2,0.640079737,0.640020370,3219,2719,6438
[RESULT] 88,128,3,0.771097422,0.771038771,3219,2719,6438
[RESULT] 88,128,4,0.768095493,0.768038988,3219,2719,6438
[RESULT] 88,128,5,0.770092487,0.770034790,3219,2719,6438
[RESULT] 88,128,6,0.766084433,0.766027212,3219,2719,6438
[RESULT] 88,128,7,0.768091917,0.768035173,3219,2719,6438
[RESULT] 88,128,8,0.640104532,0.640046120,3219,2719,6438
[RESULT] 88,128,9,0.639182806,0.639116287,3219,2719,6438
[RESULT] 54,128,0,0.512125015,0.512070179,3161,2661,6322
[RESULT] 54,128,1,0.512129545,0.512072325,3161,2661,6322
[RESULT] 54,128,2,0.511135340,0.511080980,3161,2661,6322
[RESULT] 54,128,3,0.640120745,0.640062332,3161,2661,6322
[RESULT] 54,128,4,0.639134407,0.639070511,3161,2661,6322
[RESULT] 54,128,5,0.640120745,0.640065432,3161,2661,6322
[RESULT] 54,128,6,0.640125513,0.640065193,3161,2661,6322
[RESULT] 54,128,7,0.640118122,0.640062332,3161,2661,6322
[RESULT] 54,128,8,0.640134573,0.640077591,3161,2661,6322
[RESULT] 54,128,9,0.640184641,0.640134811,3161,2661,6322
[RESULT] 49,128,0,0.771106482,0.771053791,3199,2700,6398
[RESULT] 49,128,1,0.763109207,0.763055086,3199,2700,6398
[RESULT] 49,128,2,0.773092031,0.773038387,3199,2700,6398
[RESULT] 49,128,3,0.651110411,0.651055813,3199,2700,6398
[RESULT] 49,128,4,0.766103745,0.766050339,3199,2700,6398
[RESULT] 49,128,5,0.783086300,0.783033609,3199,2700,6398
[RESULT] 49,128,6,0.764113426,0.764060259,3199,2700,6398
[RESULT] 49,128,7,0.770106792,0.770053864,3199,2700,6398
[RESULT] 49,128,8,0.769122601,0.769069910,3199,2700,6398
[RESULT] 49,128,9,0.768149376,0.768095255,3199,2700,6398
[RESULT] 83,128,0,0.769089460,0.769054174,3193,2689,6386
[RESULT] 83,128,1,0.768060923,0.768029451,3193,2689,6386
[RESULT] 83,128,2,0.768062592,0.768033266,3193,2689,6386
[RESULT] 83,128,3,0.767061472,0.767033100,3193,2689,6386
[RESULT] 83,128,4,0.772054672,0.772026777,3193,2689,6386
[RESULT] 83,128,5,0.768056393,0.768027544,3193,2689,6386
[RESULT] 83,128,6,0.768052340,0.768024206,3193,2689,6386
[RESULT] 83,128,7,0.768050194,0.768022060,3193,2689,6386
[RESULT] 83,128,8,0.768058062,0.768030882,3193,2689,6386
[RESULT] 83,128,9,0.767166853,0.767136335,3193,2689,6386
[RESULT] 64,128,0,0.637115240,0.637056112,3115,2619,6230
[RESULT] 64,128,1,0.766093969,0.766036749,3115,2619,6230
[RESULT] 64,128,2,0.768096924,0.768042088,3115,2619,6230
[RESULT] 64,128,3,0.771252394,0.771187782,3115,2619,6230
[RESULT] 64,128,4,0.768110514,0.768049002,3115,2619,6230
[RESULT] 64,128,5,0.770105600,0.770046711,3115,2619,6230
[RESULT] 64,128,6,0.766094923,0.766036034,3115,2619,6230
[RESULT] 64,128,7,0.900088072,0.900031328,3115,2619,6230
[RESULT] 64,128,8,0.768099070,0.768043995,3115,2619,6230
[RESULT] 64,128,9,0.764187098,0.764129400,3115,2619,6230
[RESULT] 86,128,0,0.640148163,0.640090704,3129,2631,6258
[RESULT] 86,128,1,0.640125990,0.640073061,3129,2631,6258
[RESULT] 86,128,2,0.639138222,0.639080524,3129,2631,6258
[RESULT] 86,128,3,0.640143394,0.640084505,3129,2631,6258
[RESULT] 86,128,4,0.639125824,0.639068127,3129,2631,6258
[RESULT] 86,128,5,0.640124321,0.640065193,3129,2631,6258
[RESULT] 86,128,6,0.640112400,0.640055180,3129,2631,6258
[RESULT] 86,128,7,0.640124798,0.640067577,3129,2631,6258
[RESULT] 86,128,8,0.640137911,0.640078306,3129,2631,6258
[RESULT] 86,128,9,0.640185356,0.640135765,3129,2631,6258
[RESULT] 61,128,0,0.641278505,0.641218901,3397,2903,6794
[RESULT] 61,128,1,0.767092943,0.767040730,3397,2903,6794
[RESULT] 61,128,2,0.652098417,0.652046442,3397,2903,6794
[RESULT] 61,128,3,0.507119417,0.507065535,3397,2903,6794
[RESULT] 61,128,4,0.639107943,0.639052153,3397,2903,6794
[RESULT] 61,128,5,0.665094137,0.665038347,3397,2903,6794
[RESULT] 61,128,6,0.559127092,0.559069395,3397,2903,6794
[RESULT] 61,128,7,0.641114950,0.641062498,3397,2903,6794
[RESULT] 61,128,8,0.641106606,0.641054392,3397,2903,6794
[RESULT] 61,128,9,0.640147686,0.640095711,3397,2903,6794
[RESULT] 11,128,0,0.769073486,0.769037962,3195,2697,6390
[RESULT] 11,128,1,0.768051863,0.768021584,3195,2697,6390
[RESULT] 11,128,2,0.768058062,0.768028259,3195,2697,6390
[RESULT] 11,128,3,0.767055750,0.767027378,3195,2697,6390
[RESULT] 11,128,4,0.768053055,0.768024206,3195,2697,6390
[RESULT] 11,128,5,0.768043518,0.768014431,3195,2697,6390
[RESULT] 11,128,6,0.768061638,0.768032312,3195,2697,6390
[RESULT] 11,128,7,0.768066883,0.768038511,3195,2697,6390
[RESULT] 11,128,8,0.768061638,0.768033266,3195,2697,6390
[RESULT] 11,128,9,0.747174978,0.747142792,3195,2697,6390
[RESULT] 24,128,0,0.769078970,0.769021749,3165,2673,6330
[RESULT] 24,128,1,0.639408588,0.639345407,3165,2673,6330
[RESULT] 24,128,2,0.640244246,0.640177488,3165,2673,6330
[RESULT] 24,128,3,0.895089626,0.895034313,3165,2673,6330
[RESULT] 24,128,4,0.896082640,0.896025896,3165,2673,6330
[RESULT] 24,128,5,0.894083261,0.894028902,3165,2673,6330
[RESULT] 24,128,6,0.898085594,0.898027182,3165,2673,6330
[RESULT] 24,128,7,0.900081873,0.900025845,3165,2673,6330
[RESULT] 24,128,8,0.768082142,0.768027306,3165,2673,6330
[RESULT] 24,128,9,0.643194199,0.643135071,3165,2673,6330
[RESULT] 10,128,0,0.768139362,0.768080711,3130,2629,6260
[RESULT] 10,128,1,0.768120289,0.768067360,3130,2629,6260
[RESULT] 10,128,2,0.767120123,0.767060995,3130,2629,6260
[RESULT] 10,128,3,0.768130779,0.768072844,3130,2629,6260
[RESULT] 10,128,4,0.767124414,0.767067671,3130,2629,6260
[RESULT] 10,128,5,0.768127680,0.768070698,3130,2629,6260
[RESULT] 10,128,6,0.768129349,0.768071651,3130,2629,6260
[RESULT] 10,128,7,0.768117428,0.768062353,3130,2629,6260
[RESULT] 10,128,8,0.768132210,0.768073320,3130,2629,6260
[RESULT] 10,128,9,0.768190145,0.768140793,3130,2629,6260
[RESULT] 5,128,0,0.825116634,0.825061798,3279,2779,6558
[RESULT] 5,128,1,0.895108223,0.895053387,3279,2779,6558
[RESULT] 5,128,2,0.811086655,0.811032295,3279,2779,6558
[RESULT] 5,128,3,0.784122944,0.784070253,3279,2779,6558
[RESULT] 5,128,4,0.774101496,0.774048805,3279,2779,6558
[RESULT] 5,128,5,0.779106617,0.779052734,3279,2779,6558
[RESULT] 5,128,6,0.768113852,0.768059492,3279,2779,6558
[RESULT] 5,128,7,0.770107985,0.770054102,3279,2779,6558
[RESULT] 5,128,8,0.769109249,0.769056559,3279,2779,6558
[RESULT] 5,128,9,0.897156239,0.897104502,3279,2779,6558
[RESULT] 71,128,0,0.769076586,0.769038439,3303,2794,6606
[RESULT] 71,128,1,0.768064737,0.768032074,3303,2794,6606
[RESULT] 71,128,2,0.768072844,0.768040180,3303,2794,6606
[RESULT] 71,128,3,0.767049074,0.767019510,3303,2794,6606
[RESULT] 71,128,4,0.768052816,0.768023252,3303,2794,6606
[RESULT] 71,128,5,0.768046618,0.768017054,3303,2794,6606
[RESULT] 71,128,6,0.640197039,0.640168190,3303,2794,6606
[RESULT] 71,128,7,0.768052816,0.768023729,3303,2794,6606
[RESULT] 71,128,8,0.768065453,0.768037319,3303,2794,6606
[RESULT] 71,128,9,0.771181107,0.771147490,3303,2794,6606
[RESULT] 48,128,0,0.641117096,0.641062498,3114,2621,6228
[RESULT] 48,128,1,0.638105869,0.638050795,3114,2621,6228
[RESULT] 48,128,2,0.640107155,0.640049696,3114,2621,6228
[RESULT] 48,128,3,0.771089315,0.771032810,3114,2621,6228
[RESULT] 48,128,4,0.768088102,0.768031597,3114,2621,6228
[RESULT] 48,128,5,0.770092249,0.770036936,3114,2621,6228
[RESULT] 48,128,6,0.738096714,0.738039255,3114,2621,6228
[RESULT] 48,128,7,0.768089056,0.768034697,3114,2621,6228
[RESULT] 48,128,8,0.640087605,0.640032053,3114,2621,6228
[RESULT] 48,128,9,0.639197350,0.639135599,3114,2621,6228
[RESULT] 126,128,0,0.512147665,0.512098074,3137,2630,6274
[RESULT] 126,128,1,0.512139797,0.512082100,3137,2630,6274
[RESULT] 126,128,2,0.511158943,0.511099815,3137,2630,6274
[RESULT] 126,128,3,0.644068241,0.644014835,3137,2630,6274
[RESULT] 126,128,4,0.639138937,0.639085531,3137,2630,6274
[RESULT] 126,128,5,0.640149593,0.640090466,3137,2630,6274
[RESULT] 126,128,6,0.636111498,0.636058092,3137,2630,6274
[RESULT] 126,128,7,0.512125731,0.512071133,3137,2630,6274
[RESULT] 126,128,8,0.512124062,0.512070417,3137,2630,6274
[RESULT] 126,128,9,0.512211800,0.512161493,3137,2630,6274
[RESULT] 77,128,0,0.637094021,0.637037039,3194,2693,6388
[RESULT] 77,128,1,0.641117334,0.641062737,3194,2693,6388
[RESULT] 77,128,2,0.644079924,0.644028664,3194,2693,6388
[RESULT] 77,128,3,0.649115801,0.649059296,3194,2693,6388
[RESULT] 77,128,4,0.650101185,0.650044441,3194,2693,6388
[RESULT] 77,128,5,0.657263517,0.657207966,3194,2693,6388
[RESULT] 77,128,6,0.583288193,0.583234549,3194,2693,6388
[RESULT] 77,128,7,0.641106844,0.641051292,3194,2693,6388
[RESULT] 77,128,8,0.514099598,0.514045477,3194,2693,6388
[RESULT] 77,128,9,0.640089512,0.640035629,3194,2693,6388
[RESULT] 35,128,0,0.769069433,0.769033432,3165,2663,6330
[RESULT] 35,128,1,0.768073320,0.768043041,3165,2663,6330
[RESULT] 35,128,2,0.768065214,0.768035889,3165,2663,6330
[RESULT] 35,128,3,0.767065287,0.767037392,3165,2663,6330
[RESULT] 35,128,4,0.768066883,0.768039227,3165,2663,6330
[RESULT] 35,128,5,0.768064260,0.768035650,3165,2663,6330
[RESULT] 35,128,6,0.768055439,0.768028259,3165,2663,6330
[RESULT] 35,128,7,0.768065453,0.768036842,3165,2663,6330
[RESULT] 35,128,8,0.768059731,0.768031836,3165,2663,6330
[RESULT] 35,128,9,0.771187544,0.771156788,3165,2663,6330
[RESULT] 40,128,0,0.640377522,0.640318871,3127,2630,6254
[RESULT] 40,128,1,0.638079405,0.638021469,3127,2630,6254
[RESULT] 40,128,2,0.512239456,0.512177706,3127,2630,6254
[RESULT] 40,128,3,0.767081738,0.767024517,3127,2630,6254
[RESULT] 40,128,4,0.640100479,0.640041590,3127,2630,6254
[RESULT] 40,128,5,0.766079664,0.766021490,3127,2630,6254
[RESULT] 40,128,6,0.770096302,0.770037889,3127,2630,6254
[RESULT] 40,128,7,0.768092871,0.768035412,3127,2630,6254
[RESULT] 40,128,8,0.640090466,0.640032053,3127,2630,6254
[RESULT] 40,128,9,0.635200024,0.635131598,3127,2630,6254
[RESULT] 34,128,0,0.768108606,0.768052578,3141,2646,6282
[RESULT] 34,128,1,0.768100262,0.768047810,3141,2646,6282
[RESULT] 34,128,2,0.747122288,0.747066021,3141,2646,6282
[RESULT] 34,128,3,0.768120289,0.768067598,3141,2646,6282
[RESULT] 34,128,4,0.767126799,0.767068624,3141,2646,6282
[RESULT] 34,128,5,0.768130541,0.768073559,3141,2646,6282
[RESULT] 34,128,6,0.772132874,0.772078514,3141,2646,6282
[RESULT] 34,128,7,0.768115282,0.768061161,3141,2646,6282
[RESULT] 34,128,8,0.768120050,0.768063307,3141,2646,6282
[RESULT] 34,128,9,0.768214464,0.768164635,3141,2646,6282
[RESULT] 85,128,0,0.657101870,0.657042980,3285,2787,6570
[RESULT] 85,128,1,0.641125679,0.641072035,3285,2787,6570
[RESULT] 85,128,2,0.648081064,0.648028851,3285,2787,6570
[RESULT] 85,128,3,0.629294157,0.629153013,3285,2787,6570
[RESULT] 85,128,4,0.510116816,0.510061264,3285,2787,6570
[RESULT] 85,128,5,0.527101755,0.527045012,3285,2787,6570
[RESULT] 85,128,6,0.608120441,0.608063698,3285,2787,6570
[RESULT] 85,128,7,0.641100645,0.641043425,3285,2787,6570
[RESULT] 85,128,8,0.641103745,0.641046762,3285,2787,6570
[RESULT] 85,128,9,0.640155554,0.640099525,3285,2787,6570
[RESULT] 47,128,0,0.641059160,0.641022205,3225,2726,6450
[RESULT] 47,128,1,0.640060902,0.640030622,3225,2726,6450
[RESULT] 47,128,2,0.640062809,0.640033484,3225,2726,6450
[RESULT] 47,128,3,0.639046192,0.639017105,3225,2726,6450
[RESULT] 47,128,4,0.640055180,0.640026093,3225,2726,6450
[RESULT] 47,128,5,0.640053988,0.640025616,3225,2726,6450
[RESULT] 47,128,6,0.640051126,0.640022993,3225,2726,6450
[RESULT] 47,128,7,0.640052319,0.640023470,3225,2726,6450
[RESULT] 47,128,8,0.640069723,0.640041590,3225,2726,6450
[RESULT] 47,128,9,0.643177986,0.643146992,3225,2726,6450
[RESULT] 28,128,0,0.641096115,0.641040802,3146,2647,6292
[RESULT] 28,128,1,0.642092705,0.642039061,3146,2647,6292
[RESULT] 28,128,2,0.640095472,0.640037775,3146,2647,6292
[RESULT] 28,128,3,0.767100096,0.767046452,3146,2647,6292
[RESULT] 28,128,4,0.768089533,0.768034220,3146,2647,6292
[RESULT] 28,128,5,0.770097494,0.770043135,3146,2647,6292
[RESULT] 28,128,6,0.766093493,0.766038656,3146,2647,6292
[RESULT] 28,128,7,0.764096498,0.764038563,3146,2647,6292
[RESULT] 28,128,8,0.640091896,0.640036821,3146,2647,6292
[RESULT] 28,128,9,0.643188953,0.643131256,3146,2647,6292
[RESULT] 50,128,0,0.644111156,0.644053221,3186,2681,6372
[RESULT] 50,128,1,0.640126228,0.640070438,3186,2681,6372
[RESULT] 50,128,2,0.643124819,0.643065929,3186,2681,6372
[RESULT] 50,128,3,0.768107176,0.768049955,3186,2681,6372
[RESULT] 50,128,4,0.767115593,0.767059803,3186,2681,6372
[RESULT] 50,128,5,0.768106461,0.768051863,3186,2681,6372
[RESULT] 50,128,6,0.768112183,0.768054724,3186,2681,6372
[RESULT] 50,128,7,0.772118092,0.772059202,3186,2681,6372
[RESULT] 50,128,8,0.768138409,0.768078089,3186,2681,6372
[RESULT] 50,128,9,0.764192581,0.764142752,3186,2681,6372
[RESULT] 9,128,0,0.675109148,0.675060511,3184,2694,6368
[RESULT] 9,128,1,0.713118553,0.713071585,3184,2694,6368
[RESULT] 9,128,2,0.766076565,0.766027927,3184,2694,6368
[RESULT] 9,128,3,0.773217440,0.773155928,3184,2694,6368
[RESULT] 9,128,4,0.778120995,0.778070211,3184,2694,6368
[RESULT] 9,128,5,0.795102358,0.795049429,3184,2694,6368
[RESULT] 9,128,6,0.772116661,0.772063017,3184,2694,6368
[RESULT] 9,128,7,0.770105839,0.770052910,3184,2694,6368
[RESULT] 9,128,8,0.769109488,0.769056559,3184,2694,6368
[RESULT] 9,128,9,0.897161722,0.897110939,3184,2694,6368
[RESULT] 7,128,0,0.769078970,0.769044399,3160,2661,6320
[RESULT] 7,128,1,0.768062830,0.768032312,3160,2661,6320
[RESULT] 7,128,2,0.768059492,0.768030882,3160,2661,6320
[RESULT] 7,128,3,0.767063618,0.767035723,3160,2661,6320
[RESULT] 7,128,4,0.768059015,0.768030643,3160,2661,6320
[RESULT] 7,128,5,0.768062353,0.768034220,3160,2661,6320
[RESULT] 7,128,6,0.768058062,0.768029451,3160,2661,6320
[RESULT] 7,128,7,0.768069744,0.768041849,3160,2661,6320
[RESULT] 7,128,8,0.768042564,0.768015385,3160,2661,6320
[RESULT] 7,128,9,0.771206379,0.771173239,3160,2661,6320
[RESULT] 16,128,0,0.769114494,0.769049883,3205,2705,6410
[RESULT] 16,128,1,0.770098686,0.770037174,3205,2705,6410
[RESULT] 16,128,2,0.768095255,0.768038273,3205,2705,6410
[RESULT] 16,128,3,0.895095825,0.895039082,3205,2705,6410
[RESULT] 16,128,4,0.896088600,0.896033764,3205,2705,6410
[RESULT] 16,128,5,0.898094654,0.898035288,3205,2705,6410
[RESULT] 16,128,6,0.898095608,0.898036480,3205,2705,6410
[RESULT] 16,128,7,0.896094084,0.896035194,3205,2705,6410
[RESULT] 16,128,8,0.768091917,0.768032074,3205,2705,6410
[RESULT] 16,128,9,0.768197536,0.768129110,3205,2705,6410
[RESULT] 22,128,0,0.636126518,0.636069298,3155,2656,6310
[RESULT] 22,128,1,0.640124321,0.640067577,3155,2656,6310
[RESULT] 22,128,2,0.643113852,0.643057108,3155,2656,6310
[RESULT] 22,128,3,0.640125275,0.640068769,3155,2656,6310
[RESULT] 22,128,4,0.639129400,0.639073133,3155,2656,6310
[RESULT] 22,128,5,0.640127420,0.640069723,3155,2656,6310
[RESULT] 22,128,6,0.640122414,0.640061378,3155,2656,6310
[RESULT] 22,128,7,0.636118174,0.636058331,3155,2656,6310
[RESULT] 22,128,8,0.640131712,0.640072823,3155,2656,6310
[RESULT] 22,128,9,0.644205332,0.644152880,3155,2656,6310
[RESULT] 73,128,0,0.649114609,0.649060488,3233,2727,6466
[RESULT] 73,128,1,0.763056040,0.763003826,3233,2727,6466
[RESULT] 73,128,2,0.777052402,0.776998997,3233,2727,6466
[RESULT] 73,128,3,0.765057325,0.765003681,3233,2727,6466
[RESULT] 73,128,4,0.771112919,0.771057844,3233,2727,6466
[RESULT] 73,128,5,0.773092031,0.773036957,3233,2727,6466
[RESULT] 73,128,6,0.652110338,0.652056932,3233,2727,6466
[RESULT] 73,128,7,0.734105587,0.734051466,3233,2727,6466
[RESULT] 73,128,8,0.649098635,0.649045229,3233,2727,6466
[RESULT] 73,128,9,0.732167959,0.732117414,3233,2727,6466
[RESULT] 115,128,0,0.641089439,0.641053677,3275,2776,6550
[RESULT] 115,128,1,0.640054226,0.640023708,3275,2776,6550
[RESULT] 115,128,2,0.640052557,0.640023232,3275,2776,6550
[RESULT] 115,128,3,0.639075279,0.639046431,3275,2776,6550
[RESULT] 115,128,4,0.640060663,0.640032768,3275,2776,6550
[RESULT] 115,128,5,0.640064716,0.640036345,3275,2776,6550
[RESULT] 115,128,6,0.640057325,0.640028954,3275,2776,6550
[RESULT] 115,128,7,0.640069246,0.640040636,3275,2776,6550
[RESULT] 115,128,8,0.640063524,0.640033722,3275,2776,6550
[RESULT] 115,128,9,0.643211365,0.643178701,3275,2776,6550
[RESULT] 68,128,0,0.641094208,0.641036987,3193,2688,6386
[RESULT] 68,128,1,0.766092777,0.766035080,3193,2688,6386
[RESULT] 68,128,2,0.768092632,0.768034935,3193,2688,6386
[RESULT] 68,128,3,0.767231226,0.767167568,3193,2688,6386
[RESULT] 68,128,4,0.768105030,0.768048286,3193,2688,6386
[RESULT] 68,128,5,0.770100117,0.770042658,3193,2688,6386
[RESULT] 68,128,6,0.770100594,0.770041466,3193,2688,6386
[RESULT] 68,128,7,0.896084309,0.896026850,3193,2688,6386
[RESULT] 68,128,8,0.768098354,0.768040419,3193,2688,6386
[RESULT] 68,128,9,0.768210411,0.768143654,3193,2688,6386
[RESULT] 90,128,0,0.640151978,0.640094995,3152,2662,6304
[RESULT] 90,128,1,0.640124559,0.640070200,3152,2662,6304
[RESULT] 90,128,2,0.643120766,0.643067598,3152,2662,6304
[RESULT] 90,128,3,0.640125036,0.640070438,3152,2662,6304
[RESULT] 90,128,4,0.639140129,0.639082193,3152,2662,6304
[RESULT] 90,128,5,0.640133142,0.640071869,3152,2662,6304
[RESULT] 90,128,6,0.640114546,0.640051603,3152,2662,6304
[RESULT] 90,128,7,0.640123606,0.640062332,3152,2662,6304
[RESULT] 90,128,8,0.640129805,0.640070677,3152,2662,6304
[RESULT] 90,128,9,0.640206337,0.640154123,3152,2662,6304
[RESULT] 21,128,0,0.771111727,0.771055937,3239,2737,6478
[RESULT] 21,128,1,0.641128063,0.641073942,3239,2737,6478
[RESULT] 21,128,2,0.648047924,0.647992373,3239,2737,6478
[RESULT] 21,128,3,0.769109011,0.769055367,3239,2737,6478
[RESULT] 21,128,4,0.771100521,0.771043777,3239,2737,6478
[RESULT] 21,128,5,0.665136576,0.665081024,3239,2737,6478
[RESULT] 21,128,6,0.648117065,0.648060799,3239,2737,6478
[RESULT] 21,128,7,0.637111425,0.637054920,3239,2737,6478
[RESULT] 21,128,8,0.641117096,0.641060352,3239,2737,6478
[RESULT] 21,128,9,0.772170305,0.772114038,3239,2737,6478
[RESULT] 79,128,0,0.769065619,0.769029856,3202,2701,6404
[RESULT] 79,128,1,0.768044472,0.768013239,3202,2701,6404
[RESULT] 79,128,2,0.768053532,0.768024206,3202,2701,6404
[RESULT] 79,128,3,0.767056942,0.767028093,3202,2701,6404
[RESULT] 79,128,4,0.768055677,0.768026352,3202,2701,6404
[RESULT] 79,128,5,0.768058062,0.768028975,3202,2701,6404
[RESULT] 79,128,6,0.640188456,0.640160799,3202,2701,6404
[RESULT] 79,128,7,0.768052101,0.768022299,3202,2701,6404
[RESULT] 79,128,8,0.768058538,0.768029690,3202,2701,6404
[RESULT] 79,128,9,0.767205954,0.767171383,3202,2701,6404
[RESULT] 96,128,0,0.637105942,0.637047291,3178,2692,6356
[RESULT] 96,128,1,0.638269663,0.638212204,3178,2692,6356
[RESULT] 96,128,2,0.640245199,0.640191793,3178,2692,6356
[RESULT] 96,128,3,0.895081282,0.895027637,3178,2692,6356
[RESULT] 96,128,4,0.896084070,0.896027565,3178,2692,6356
[RESULT] 96,128,5,0.894078016,0.894022942,3178,2692,6356
[RESULT] 96,128,6,0.767312050,0.767255306,3178,2692,6356
[RESULT] 96,128,7,0.872083664,0.872030020,3178,2692,6356
[RESULT] 96,128,8,0.768083096,0.768028736,3178,2692,6356
[RESULT] 96,128,9,0.768197775,0.768131733,3178,2692,6356
[RESULT] 102,128,0,0.768158197,0.768101454,3216,2727,6432
[RESULT] 102,128,1,0.768090963,0.768003941,3216,2727,6432
[RESULT] 102,128,2,0.771121264,0.771064281,3216,2727,6432
[RESULT] 102,128,3,0.768147230,0.768090010,3216,2727,6432
[RESULT] 102,128,4,0.767142057,0.767079115,3216,2727,6432
[RESULT] 102,128,5,0.764125109,0.764068127,3216,2727,6432
[RESULT] 102,128,6,0.768127680,0.768069983,3216,2727,6432
[RESULT] 102,128,7,0.640118599,0.640059710,3216,2727,6432
[RESULT] 102,128,8,0.640130043,0.640068293,3216,2727,6432
[RESULT] 102,128,9,0.640222073,0.640168667,3216,2727,6432
[RESULT] 105,128,0,0.645108223,0.645057440,3248,2747,6496
[RESULT] 105,128,1,0.641267538,0.641215801,3248,2747,6496
[RESULT] 105,128,2,0.648097515,0.648046494,3248,2747,6496
[RESULT] 105,128,3,0.637105227,0.637052774,3248,2747,6496
[RESULT] 105,128,4,0.522293568,0.522235632,3248,2747,6496
[RESULT] 105,128,5,0.645129681,0.645076990,3248,2747,6496
[RESULT] 105,128,6,0.548266172,0.548216105,3248,2747,6496
[RESULT] 105,128,7,0.649092674,0.649038792,3248,2747,6496
[RESULT] 105,128,8,0.518001080,0.517939568,3248,2747,6496
[RESULT] 105,128,9,0.772175074,0.772120953,3248,2747,6496
[RESULT] 15,128,0,0.769071579,0.769037962,3307,2806,6614
[RESULT] 15,128,1,0.640060663,0.640032530,3307,2806,6614
[RESULT] 15,128,2,0.768053532,0.768026114,3307,2806,6614
[RESULT] 15,128,3,0.767053604,0.767026424,3307,2806,6614
[RESULT] 15,128,4,0.768054724,0.768027306,3307,2806,6614
[RESULT] 15,128,5,0.768059969,0.768032074,3307,2806,6614
[RESULT] 15,128,6,0.768050194,0.768023968,3307,2806,6614
[RESULT] 15,128,7,0.768059969,0.768033266,3307,2806,6614
[RESULT] 15,128,8,0.768055439,0.768029451,3307,2806,6614
[RESULT] 15,128,9,0.767203093,0.767174244,3307,2806,6614
[RESULT] 12,128,0,0.769093513,0.769039631,3050,2553,6100
[RESULT] 12,128,1,0.766086578,0.766033173,3050,2553,6100
[RESULT] 12,128,2,0.768084288,0.768030643,3050,2553,6100
[RESULT] 12,128,3,0.895087481,0.895034790,3050,2553,6100
[RESULT] 12,128,4,0.896088362,0.896032810,3050,2553,6100
[RESULT] 12,128,5,0.898090601,0.898035288,3050,2553,6100
[RESULT] 12,128,6,0.898093462,0.898037672,3050,2553,6100
[RESULT] 12,128,7,0.900093555,0.900038481,3050,2553,6100
[RESULT] 12,128,8,0.768086433,0.768034935,3050,2553,6100
[RESULT] 12,128,9,0.768185377,0.768129349,3050,2553,6100
[RESULT] 18,128,0,0.768120766,0.768064499,3134,2627,6268
[RESULT] 18,128,1,0.768104315,0.768047333,3134,2627,6268
[RESULT] 18,128,2,0.771118402,0.771064043,3134,2627,6268
[RESULT] 18,128,3,0.768121958,0.768067837,3134,2627,6268
[RESULT] 18,128,4,0.767119169,0.767062187,3134,2627,6268
[RESULT] 18,128,5,0.772117376,0.772060633,3134,2627,6268
[RESULT] 18,128,6,0.768119097,0.768063784,3134,2627,6268
[RESULT] 18,128,7,0.768125534,0.768063545,3134,2627,6268
[RESULT] 18,128,8,0.768125057,0.768064499,3134,2627,6268
[RESULT] 18,128,9,0.768212318,0.768160820,3134,2627,6268
[RESULT] 81,128,0,0.629273415,0.629221678,3302,2797,6604
[RESULT] 81,128,1,0.768117666,0.768068075,3302,2797,6604
[RESULT] 81,128,2,0.770076275,0.770027399,3302,2797,6604
[RESULT] 81,128,3,0.643090248,0.643037081,3302,2797,6604
[RESULT] 81,128,4,0.638379812,0.638326883,3302,2797,6604
[RESULT] 81,128,5,0.712438583,0.712385654,3302,2797,6604
[RESULT] 81,128,6,0.656111479,0.656057835,3302,2797,6604
[RESULT] 81,128,7,0.647968292,0.647917032,3302,2797,6604
[RESULT] 81,128,8,0.709096193,0.709043026,3302,2797,6604
[RESULT] 81,128,9,0.756160736,0.756106853,3302,2797,6604
[RESULT] 59,128,0,0.516076803,0.516041279,3175,2674,6350
[RESULT] 59,128,1,0.512070656,0.512041092,3175,2674,6350
[RESULT] 59,128,2,0.508076906,0.508048058,3175,2674,6350
[RESULT] 59,128,3,0.519058228,0.519027948,3175,2674,6350
[RESULT] 59,128,4,0.640053034,0.640024900,3175,2674,6350
[RESULT] 59,128,5,0.640055180,0.640026569,3175,2674,6350
[RESULT] 59,128,6,0.636046886,0.636019230,3175,2674,6350
[RESULT] 59,128,7,0.640057325,0.640029907,3175,2674,6350
[RESULT] 59,128,8,0.640051365,0.640022039,3175,2674,6350
[RESULT] 59,128,9,0.639219522,0.639186859,3175,2674,6350
[RESULT] 4,128,0,0.769103050,0.769050360,3097,2601,6194
[RESULT] 4,128,1,0.766092777,0.766037464,3097,2601,6194
[RESULT] 4,128,2,0.768082857,0.768029690,3097,2601,6194
[RESULT] 4,128,3,0.895091534,0.895038843,3097,2601,6194
[RESULT] 4,128,4,0.896111727,0.896058083,3097,2601,6194
[RESULT] 4,128,5,0.894090652,0.894035339,3097,2601,6194
[RESULT] 4,128,6,0.898094177,0.898040533,3097,2601,6194
[RESULT] 4,128,7,0.900097370,0.900042534,3097,2601,6194
[RESULT] 4,128,8,0.768085241,0.768029928,3097,2601,6194
[RESULT] 4,128,9,0.767207384,0.767152309,3097,2601,6194
[RESULT] 62,128,0,0.384173870,0.384117842,3178,2684,6356
[RESULT] 62,128,1,0.512103796,0.512049437,3178,2684,6356
[RESULT] 62,128,2,0.511106730,0.511055470,3178,2684,6356
[RESULT] 62,128,3,0.512159824,0.512101412,3178,2684,6356
[RESULT] 62,128,4,0.511152029,0.511091232,3178,2684,6356
[RESULT] 62,128,5,0.512141705,0.512078762,3178,2684,6356
[RESULT] 62,128,6,0.512126923,0.512071609,3178,2684,6356
[RESULT] 62,128,7,0.512321949,0.512264252,3178,2684,6356
[RESULT] 62,128,8,0.640136003,0.640076160,3178,2684,6356
[RESULT] 62,128,9,0.640219688,0.640169621,3178,2684,6356
[RESULT] 121,128,0,0.515115738,0.515062571,3236,2749,6472
[RESULT] 121,128,1,0.641094685,0.641041279,3236,2749,6472
[RESULT] 121,128,2,0.649086714,0.649034977,3236,2749,6472
[RESULT] 121,128,3,0.510113001,0.510059357,3236,2749,6472
[RESULT] 121,128,4,0.646099806,0.646048546,3236,2749,6472
[RESULT] 121,128,5,0.647095442,0.647041798,3236,2749,6472
[RESULT] 121,128,6,0.651098728,0.651046515,3236,2749,6472
[RESULT] 121,128,7,0.524257183,0.524202585,3236,2749,6472
[RESULT] 121,128,8,0.649087667,0.649035454,3236,2749,6472
[RESULT] 121,128,9,0.644186020,0.644133329,3236,2749,6472
[RESULT] 27,128,0,0.641058445,0.641023159,3233,2739,6466
[RESULT] 27,128,1,0.768049955,0.768020391,3233,2739,6466
[RESULT] 27,128,2,0.768047333,0.768018007,3233,2739,6466
[RESULT] 27,128,3,0.767052412,0.767023087,3233,2739,6466
[RESULT] 27,128,4,0.768052816,0.768023729,3233,2739,6466
[RESULT] 27,128,5,0.768049955,0.768021822,3233,2739,6466
[RESULT] 27,128,6,0.768050432,0.768022299,3233,2739,6466
[RESULT] 27,128,7,0.768053293,0.768025637,3233,2739,6466
[RESULT] 27,128,8,0.768051147,0.768022060,3233,2739,6466
[RESULT] 27,128,9,0.767188549,0.767155647,3233,2739,6466
[RESULT] 108,128,0,0.513106585,0.513048887,3177,2672,6354
[RESULT] 108,128,1,0.642067432,0.642007589,3177,2672,6354
[RESULT] 108,128,2,0.640084743,0.640025616,3177,2672,6354
[RESULT] 108,128,3,0.735107183,0.735049963,3177,2672,6354
[RESULT] 108,128,4,0.640109301,0.640053749,3177,2672,6354
[RESULT] 108,128,5,0.642104387,0.642049074,3177,2672,6354
[RESULT] 108,128,6,0.642115831,0.642057419,3177,2672,6354
[RESULT] 108,128,7,0.772090197,0.772032022,3177,2672,6354
[RESULT] 108,128,8,0.640084743,0.640027285,3177,2672,6354
[RESULT] 108,128,9,0.639215946,0.639148235,3177,2672,6354
[RESULT] 122,128,0,0.640131712,0.640077114,3155,2664,6310
[RESULT] 122,128,1,0.640125751,0.640069962,3155,2664,6310
[RESULT] 122,128,2,0.639123678,0.639067173,3155,2664,6310
[RESULT] 122,128,3,0.768121719,0.768065929,3155,2664,6310
[RESULT] 122,128,4,0.767127514,0.767068386,3155,2664,6310
[RESULT] 122,128,5,0.768118143,0.768058300,3155,2664,6310
[RESULT] 122,128,6,0.768123865,0.768063784,3155,2664,6310
[RESULT] 122,128,7,0.640120268,0.640063047,3155,2664,6310
[RESULT] 122,128,8,0.640119076,0.640064478,3155,2664,6310
[RESULT] 122,128,9,0.640235424,0.640186787,3155,2664,6310
[RESULT] 69,128,0,0.645279646,0.645219564,3226,2722,6452
[RESULT] 69,128,1,0.769127131,0.769070864,3226,2722,6452
[RESULT] 69,128,2,0.754089355,0.754036903,3226,2722,6452
[RESULT] 69,128,3,0.631271124,0.631203890,3226,2722,6452
[RESULT] 69,128,4,0.643271446,0.643193483,3226,2722,6452
[RESULT] 69,128,5,0.541500330,0.541444778,3226,2722,6452
[RESULT] 69,128,6,0.600126982,0.600070238,3226,2722,6452
[RESULT] 69,128,7,0.657141209,0.657084703,3226,2722,6452
[RESULT] 69,128,8,0.637128592,0.637074471,3226,2722,6452
[RESULT] 69,128,9,0.776180506,0.776125431,3226,2722,6452
[RESULT] 118,128,0,0.640132904,0.640074968,3161,2665,6322
[RESULT] 118,128,1,0.640115261,0.640056849,3161,2665,6322
[RESULT] 118,128,2,0.639116049,0.639061213,3161,2665,6322
[RESULT] 118,128,3,0.768126488,0.768068790,3161,2665,6322
[RESULT] 118,128,4,0.767048120,0.766991377,3161,2665,6322
[RESULT] 118,128,5,0.768123865,0.768067360,3161,2665,6322
[RESULT] 118,128,6,0.768126726,0.768066168,3161,2665,6322
[RESULT] 118,128,7,0.640140772,0.640079498,3161,2665,6322
[RESULT] 118,128,8,0.640129566,0.640069008,3161,2665,6322
[RESULT] 118,128,9,0.640241623,0.640190125,3161,2665,6322
[RESULT] 17,128,0,0.769842148,0.769789219,3275,2769,6550
[RESULT] 17,128,1,0.779526472,0.779473543,3275,2769,6550
[RESULT] 17,128,2,0.772086143,0.772026777,3275,2769,6550
[RESULT] 17,128,3,0.765113831,0.765061140,3275,2769,6550
[RESULT] 17,128,4,0.751114368,0.751061916,3275,2769,6550
[RESULT] 17,128,5,0.769107580,0.769054651,3275,2769,6550
[RESULT] 17,128,6,0.772115707,0.772062302,3275,2769,6550
[RESULT] 17,128,7,0.762109518,0.762052298,3275,2769,6550
[RESULT] 17,128,8,0.773104191,0.773050785,3275,2769,6550
[RESULT] 17,128,9,0.905164480,0.905111313,3275,2769,6550
[RESULT] 2,128,0,0.896040440,0.895977974,3148,2648,6296
[RESULT] 2,128,1,0.896030426,0.895972252,3148,2648,6296
[RESULT] 2,128,2,0.894982100,0.894927263,3148,2648,6296
[RESULT] 2,128,3,0.896062374,0.896008492,3148,2648,6296
[RESULT] 2,128,4,0.895076752,0.895016670,3148,2648,6296
[RESULT] 2,128,5,0.896055222,0.896003246,3148,2648,6296
[RESULT] 2,128,6,0.896057367,0.895997524,3148,2648,6296
[RESULT] 2,128,7,0.896052599,0.895999908,3148,2648,6296
[RESULT] 2,128,8,0.896034002,0.895979881,3148,2648,6296
[RESULT] 2,128,9,0.896172523,0.896120787,3148,2648,6296
[RESULT] 101,128,0,0.649097204,0.649043560,3180,2689,6360
[RESULT] 101,128,1,0.691106081,0.691054344,3180,2689,6360
[RESULT] 101,128,2,0.764892817,0.764599562,3180,2689,6360
[RESULT] 101,128,3,0.633109093,0.633056879,3180,2689,6360
[RESULT] 101,128,4,0.638107061,0.638053656,3180,2689,6360
[RESULT] 101,128,5,0.693091393,0.693038464,3180,2689,6360
[RESULT] 101,128,6,0.523115635,0.523063421,3180,2689,6360
[RESULT] 101,128,7,0.520128727,0.520076036,3180,2689,6360
[RESULT] 101,128,8,0.637114763,0.637063265,3180,2689,6360
[RESULT] 101,128,9,0.767938614,0.767885923,3180,2689,6360
[RESULT] 103,128,0,0.641072750,0.641040325,3155,2653,6310
[RESULT] 103,128,1,0.640057087,0.640028238,3155,2653,6310
[RESULT] 103,128,2,0.640053749,0.640025854,3155,2653,6310
[RESULT] 103,128,3,0.643051863,0.643024206,3155,2653,6310
[RESULT] 103,128,4,0.640055418,0.640027761,3155,2653,6310
[RESULT] 103,128,5,0.644052029,0.644024849,3155,2653,6310
[RESULT] 103,128,6,0.515056372,0.515029907,3155,2653,6310
[RESULT] 103,128,7,0.640052557,0.640025139,3155,2653,6310
[RESULT] 103,128,8,0.514105320,0.514079332,3155,2653,6310
[RESULT] 103,128,9,0.639204741,0.639172792,3155,2653,6310
[RESULT] 124,128,0,0.509103775,0.509046078,3208,2709,6416
[RESULT] 124,128,1,0.510105133,0.510048866,3208,2709,6416
[RESULT] 124,128,2,0.512115240,0.512059689,3208,2709,6416
[RESULT] 124,128,3,0.767090321,0.767031908,3208,2709,6416
[RESULT] 124,128,4,0.768085957,0.768029451,3208,2709,6416
[RESULT] 124,128,5,0.766064405,0.766005039,3208,2709,6416
[RESULT] 124,128,6,0.766089439,0.766030550,3208,2709,6416
[RESULT] 124,128,7,0.768089294,0.768030405,3208,2709,6416
[RESULT] 124,128,8,0.640084267,0.640024900,3208,2709,6416
[RESULT] 124,128,9,0.643211126,0.643149614,3208,2709,6416
