Retrieving the matrix from '../data/Hook_1498.mtx'...
Real Matrix (Strong Scaling): Rows=1498023 | Cols=1498023 | NNZ=31207734 | Procs=2
Matrix distributed and converted to CSR
Ghost columns identified: 7596746 total ghost values needed
Local vector initialized (size=749012 per process)
[RESULT] 0,2,0,0.176194429,0.078879118,15603136,7596746,31206272
[RESULT] 0,2,1,0.174976110,0.077970266,15603136,7596746,31206272
[RESULT] 0,2,2,0.175811052,0.078196764,15603136,7596746,31206272
[RESULT] 0,2,3,0.175860882,0.078026533,15603136,7596746,31206272
[RESULT] 0,2,4,0.176003456,0.078606844,15603136,7596746,31206272
[RESULT] 0,2,5,0.174777508,0.077957869,15603136,7596746,31206272
[RESULT] 0,2,6,0.175374746,0.078201056,15603136,7596746,31206272
[RESULT] 0,2,7,0.175421476,0.078250885,15603136,7596746,31206272
[RESULT] 0,2,8,0.176121473,0.079083920,15603136,7596746,31206272
[RESULT] 0,2,9,0.175132513,0.078073502,15603136,7596746,31206272

Benchmark Summary
Processes: 2
Iterations: 10
Matrix NNZ: 31207734
Total execution time: 14.899 seconds
[RESULT] 1,2,0,0.178965569,0.081322908,15604598,7598405,31209196
[RESULT] 1,2,1,0.175636530,0.078280449,15604598,7598405,31209196
[RESULT] 1,2,2,0.175933361,0.078482389,15604598,7598405,31209196
[RESULT] 1,2,3,0.175476074,0.078350544,15604598,7598405,31209196
[RESULT] 1,2,4,0.176090956,0.078902483,15604598,7598405,31209196
[RESULT] 1,2,5,0.176224232,0.078264236,15604598,7598405,31209196
[RESULT] 1,2,6,0.176665545,0.078477621,15604598,7598405,31209196
[RESULT] 1,2,7,0.176162481,0.078539133,15604598,7598405,31209196
[RESULT] 1,2,8,0.176379204,0.079027176,15604598,7598405,31209196
[RESULT] 1,2,9,0.175788641,0.078374624,15604598,7598405,31209196
