Retrieving the matrix from '../data/msdoor.mtx'...
Real Matrix (Strong Scaling): Rows=415863 | Cols=415863 | NNZ=10328399 | Procs=2
Matrix distributed and converted to CSR
Ghost columns identified: 2512743 total ghost values needed
Local vector initialized (size=207932 per process)
[RESULT] 0,2,0,0.028005838,0.021640539,5144923,2512743,10289846
[RESULT] 0,2,1,0.027359009,0.020978689,5144923,2512743,10289846
[RESULT] 0,2,2,0.027199268,0.020836115,5144923,2512743,10289846
[RESULT] 0,2,3,0.027017117,0.020675898,5144923,2512743,10289846
[RESULT] 0,2,4,0.027055025,0.020686388,5144923,2512743,10289846
[RESULT] 0,2,5,0.027169228,0.020761490,5144923,2512743,10289846
[RESULT] 0,2,6,0.027137756,0.020720482,5144923,2512743,10289846
[RESULT] 0,2,7,0.027142048,0.020715475,5144923,2512743,10289846
[RESULT] 0,2,8,0.027053833,0.020650148,5144923,2512743,10289846
[RESULT] 0,2,9,0.027022362,0.020692587,5144923,2512743,10289846

Benchmark Summary
Processes: 2
Iterations: 10
Matrix NNZ: 10328399
Total execution time: 5.317 seconds
[RESULT] 1,2,0,0.027312994,0.021269083,5183476,2545401,10366952
[RESULT] 1,2,1,0.026849031,0.020839930,5183476,2545401,10366952
[RESULT] 1,2,2,0.026848078,0.020829678,5183476,2545401,10366952
[RESULT] 1,2,3,0.027034998,0.021007538,5183476,2545401,10366952
[RESULT] 1,2,4,0.027048588,0.021004677,5183476,2545401,10366952
[RESULT] 1,2,5,0.026897669,0.020880699,5183476,2545401,10366952
[RESULT] 1,2,6,0.026960850,0.020928621,5183476,2545401,10366952
[RESULT] 1,2,7,0.027095556,0.021095276,5183476,2545401,10366952
[RESULT] 1,2,8,0.026862144,0.020847797,5183476,2545401,10366952
[RESULT] 1,2,9,0.027062654,0.021071196,5183476,2545401,10366952
