Retrieving the matrix from '../data/Andrews.mtx'...
Real Matrix (Strong Scaling): Rows=60000 | Cols=60000 | NNZ=410077 | Procs=64
Matrix distributed and converted to CSR
Ghost columns identified: 5239 total ghost values needed
Local vector initialized (size=938 per process)
[RESULT] 17,64,0,0.000965357,0.000924587,6577,5510,13154
[RESULT] 17,64,1,0.000832081,0.000792980,6577,5510,13154
[RESULT] 17,64,2,0.000798941,0.000760317,6577,5510,13154
[RESULT] 17,64,3,0.000845909,0.000807047,6577,5510,13154
[RESULT] 17,64,4,0.000879049,0.000840664,6577,5510,13154
[RESULT] 17,64,5,0.000814438,0.000776291,6577,5510,13154
[RESULT] 17,64,6,0.000857592,0.000813723,6577,5510,13154
[RESULT] 17,64,7,0.000869036,0.000830889,6577,5510,13154
[RESULT] 17,64,8,0.000869036,0.000830650,6577,5510,13154
[RESULT] 17,64,9,0.000736952,0.000698805,6577,5510,13154
[RESULT] 18,64,0,0.000947714,0.000905752,6424,5361,12848
[RESULT] 18,64,1,0.000739336,0.000699282,6424,5361,12848
[RESULT] 18,64,2,0.000759840,0.000719786,6424,5361,12848
[RESULT] 18,64,3,0.000844240,0.000804901,6424,5361,12848
[RESULT] 18,64,4,0.000870466,0.000829697,6424,5361,12848
[RESULT] 18,64,5,0.000800848,0.000762463,6424,5361,12848
[RESULT] 18,64,6,0.000847340,0.000808716,6424,5361,12848
[RESULT] 18,64,7,0.000861406,0.000823259,6424,5361,12848
[RESULT] 18,64,8,0.000744820,0.000694275,6424,5361,12848
[RESULT] 18,64,9,0.000744343,0.000706434,6424,5361,12848
[RESULT] 16,64,0,0.000969172,0.000926256,6455,5396,12910
[RESULT] 16,64,1,0.000839472,0.000799179,6455,5396,12910
[RESULT] 16,64,2,0.000808716,0.000769138,6455,5396,12910
[RESULT] 16,64,3,0.000880480,0.000841379,6455,5396,12910
[RESULT] 16,64,4,0.000889540,0.000850201,6455,5396,12910
[RESULT] 16,64,5,0.000827074,0.000786543,6455,5396,12910
[RESULT] 16,64,6,0.000864267,0.000819921,6455,5396,12910
[RESULT] 16,64,7,0.000870943,0.000831366,6455,5396,12910
[RESULT] 16,64,8,0.000878811,0.000839949,6455,5396,12910
[RESULT] 16,64,9,0.000832081,0.000793457,6455,5396,12910
[RESULT] 19,64,0,0.000898123,0.000856876,6488,5422,12976
[RESULT] 19,64,1,0.000796080,0.000756264,6488,5422,12976
[RESULT] 19,64,2,0.000778198,0.000739098,6488,5422,12976
[RESULT] 19,64,3,0.000809669,0.000770569,6488,5422,12976
[RESULT] 19,64,4,0.000832319,0.000793219,6488,5422,12976
[RESULT] 19,64,5,0.000764132,0.000725031,6488,5422,12976
[RESULT] 19,64,6,0.000868559,0.000823259,6488,5422,12976
[RESULT] 19,64,7,0.000851631,0.000812054,6488,5422,12976
[RESULT] 19,64,8,0.000795126,0.000755787,6488,5422,12976
[RESULT] 19,64,9,0.000814438,0.000775337,6488,5422,12976
[RESULT] 20,64,0,0.000878811,0.000837803,6349,5293,12698
[RESULT] 20,64,1,0.000796556,0.000756502,6349,5293,12698
[RESULT] 20,64,2,0.000897646,0.000857830,6349,5293,12698
[RESULT] 20,64,3,0.000786066,0.000746250,6349,5293,12698
[RESULT] 20,64,4,0.000808239,0.000769615,6349,5293,12698
[RESULT] 20,64,5,0.000729322,0.000690699,6349,5293,12698
[RESULT] 20,64,6,0.000790834,0.000751972,6349,5293,12698
[RESULT] 20,64,7,0.000769854,0.000730753,6349,5293,12698
[RESULT] 20,64,8,0.000809431,0.000768423,6349,5293,12698
[RESULT] 20,64,9,0.000792027,0.000753641,6349,5293,12698
[RESULT] 21,64,0,0.000882149,0.000839710,6524,5460,13048
[RESULT] 21,64,1,0.000772953,0.000731945,6524,5460,13048
[RESULT] 21,64,2,0.000884771,0.000844479,6524,5460,13048
[RESULT] 21,64,3,0.000788212,0.000747681,6524,5460,13048
[RESULT] 21,64,4,0.000810385,0.000769615,6524,5460,13048
[RESULT] 21,64,5,0.000756264,0.000715971,6524,5460,13048
[RESULT] 21,64,6,0.000767708,0.000728369,6524,5460,13048
[RESULT] 21,64,7,0.000779390,0.000730991,6524,5460,13048
[RESULT] 21,64,8,0.000813007,0.000773191,6524,5460,13048
[RESULT] 21,64,9,0.000849247,0.000789642,6524,5460,13048
[RESULT] 22,64,0,0.000874996,0.000835896,6284,5239,12568
[RESULT] 22,64,1,0.000782251,0.000743389,6284,5239,12568
[RESULT] 22,64,2,0.000878096,0.000838518,6284,5239,12568
[RESULT] 22,64,3,0.000778437,0.000740290,6284,5239,12568
[RESULT] 22,64,4,0.000807524,0.000769615,6284,5239,12568
[RESULT] 22,64,5,0.000715017,0.000676870,6284,5239,12568
[RESULT] 22,64,6,0.000763655,0.000726223,6284,5239,12568
[RESULT] 22,64,7,0.000748396,0.000711203,6284,5239,12568
[RESULT] 22,64,8,0.000786066,0.000748158,6284,5239,12568
[RESULT] 22,64,9,0.000818491,0.000763893,6284,5239,12568
[RESULT] 23,64,0,0.000873804,0.000832319,6504,5452,13008
[RESULT] 23,64,1,0.000771999,0.000731707,6504,5452,13008
[RESULT] 23,64,2,0.000929117,0.000889540,6504,5452,13008
[RESULT] 23,64,3,0.000779867,0.000740290,6504,5452,13008
[RESULT] 23,64,4,0.000795364,0.000756025,6504,5452,13008
[RESULT] 23,64,5,0.000763178,0.000724316,6504,5452,13008
[RESULT] 23,64,6,0.000770330,0.000731230,6504,5452,13008
[RESULT] 23,64,7,0.000747442,0.000708103,6504,5452,13008
[RESULT] 23,64,8,0.000784874,0.000745535,6504,5452,13008
[RESULT] 23,64,9,0.000803232,0.000763893,6504,5452,13008
[RESULT] 9,64,0,0.001004696,0.000963211,6417,5371,12834
[RESULT] 9,64,1,0.000890493,0.000850439,6417,5371,12834
[RESULT] 9,64,2,0.000907898,0.000868320,6417,5371,12834
[RESULT] 49,64,0,0.000883102,0.000833988,6442,5357,12884
[RESULT] 49,64,1,0.000849962,0.000803709,6442,5357,12884
[RESULT] 49,64,2,0.000910044,0.000863314,6442,5357,12884
[RESULT] 49,64,3,0.000854254,0.000808954,6442,5357,12884
[RESULT] 49,64,4,0.000847340,0.000802994,6442,5357,12884
[RESULT] 49,64,5,0.000988483,0.000941753,6442,5357,12884
[RESULT] 49,64,6,0.000840425,0.000796318,6442,5357,12884
[RESULT] 49,64,7,0.000827789,0.000782967,6442,5357,12884
[RESULT] 49,64,8,0.000835657,0.000791311,6442,5357,12884
[RESULT] 49,64,9,0.000836372,0.000791788,6442,5357,12884
[RESULT] 10,64,0,0.001002073,0.000962734,6274,5205,12548
[RESULT] 10,64,1,0.000888586,0.000850677,6274,5205,12548
[RESULT] 10,64,2,0.000880957,0.000844240,6274,5205,12548
[RESULT] 10,64,3,0.000900984,0.000864267,6274,5205,12548
[RESULT] 10,64,4,0.000924587,0.000887632,6274,5205,12548
[RESULT] 10,64,5,0.000860691,0.000824213,6274,5205,12548
[RESULT] 10,64,6,0.000892639,0.000856400,6274,5205,12548
[RESULT] 10,64,7,0.000899315,0.000862598,6274,5205,12548
[RESULT] 10,64,8,0.000919580,0.000883341,6274,5205,12548
[RESULT] 39,64,0,0.000856400,0.000805378,6386,5319,12772
[RESULT] 39,64,1,0.000874519,0.000824690,6386,5319,12772
[RESULT] 39,64,2,0.000912666,0.000863552,6386,5319,12772
[RESULT] 39,64,3,0.000851631,0.000802517,6386,5319,12772
[RESULT] 39,64,4,0.000871658,0.000813723,6386,5319,12772
[RESULT] 39,64,5,0.000849009,0.000800848,6386,5319,12772
[RESULT] 39,64,6,0.000845432,0.000797749,6386,5319,12772
[RESULT] 39,64,7,0.000821590,0.000771284,6386,5319,12772
[RESULT] 39,64,8,0.000868797,0.000820875,6386,5319,12772
[RESULT] 39,64,9,0.000890255,0.000841379,6386,5319,12772
[RESULT] 56,64,0,0.001005173,0.000956774,6192,5133,12384
[RESULT] 56,64,1,0.000910044,0.000857830,6192,5133,12384
[RESULT] 11,64,0,0.000988722,0.000944376,6503,5456,13006
[RESULT] 11,64,1,0.000897169,0.000853300,6503,5456,13006
[RESULT] 11,64,2,0.000888586,0.000845432,6503,5456,13006
[RESULT] 11,64,3,0.000906467,0.000864506,6503,5456,13006
[RESULT] 11,64,4,0.000926256,0.000883818,6503,5456,13006
[RESULT] 11,64,5,0.000853300,0.000810862,6503,5456,13006
[RESULT] 11,64,6,0.000906706,0.000864983,6503,5456,13006
[RESULT] 11,64,7,0.000899076,0.000856876,6503,5456,13006
[RESULT] 11,64,8,0.000928402,0.000886679,6503,5456,13006
[RESULT] 11,64,9,0.000887632,0.000845671,6503,5456,13006
[RESULT] 42,64,0,0.000916481,0.000869036,6427,5371,12854
[RESULT] 42,64,1,0.000896454,0.000849962,6427,5371,12854
[RESULT] 42,64,2,0.000922680,0.000875235,6427,5371,12854
[RESULT] 42,64,3,0.000862360,0.000816822,6427,5371,12854
[RESULT] 42,64,4,0.000870466,0.000818968,6427,5371,12854
[RESULT] 42,64,5,0.000857592,0.000812531,6427,5371,12854
[RESULT] 42,64,6,0.000869751,0.000825167,6427,5371,12854
[RESULT] 42,64,7,0.000846624,0.000802279,6427,5371,12854
[RESULT] 42,64,8,0.000866413,0.000821829,6427,5371,12854
[RESULT] 42,64,9,0.000886202,0.000841379,6427,5371,12854
[RESULT] 61,64,0,0.000998259,0.000950336,6557,5528,13114
[RESULT] 61,64,1,0.000900984,0.000847816,6557,5528,13114
[RESULT] 61,64,2,0.000920773,0.000875235,6557,5528,13114
[RESULT] 61,64,3,0.000907421,0.000862122,6557,5528,13114
[RESULT] 61,64,4,0.000895500,0.000850201,6557,5528,13114
[RESULT] 12,64,0,0.000980854,0.000940800,6127,5076,12254
[RESULT] 12,64,1,0.000889540,0.000850201,6127,5076,12254
[RESULT] 12,64,2,0.000873804,0.000836611,6127,5076,12254
[RESULT] 12,64,3,0.000903845,0.000867128,6127,5076,12254
[RESULT] 12,64,4,0.000936985,0.000900269,6127,5076,12254
[RESULT] 12,64,5,0.000842810,0.000806808,6127,5076,12254
[RESULT] 12,64,6,0.000893593,0.000846624,6127,5076,12254
[RESULT] 12,64,7,0.000888586,0.000852346,6127,5076,12254
[RESULT] 12,64,8,0.000902653,0.000866890,6127,5076,12254
[RESULT] 12,64,9,0.000881195,0.000845432,6127,5076,12254
[RESULT] 43,64,0,0.000860214,0.000806332,6450,5395,12900
[RESULT] 43,64,1,0.000861883,0.000812054,6450,5395,12900
[RESULT] 43,64,2,0.000913858,0.000864267,6450,5395,12900
[RESULT] 43,64,3,0.000846148,0.000796795,6450,5395,12900
[RESULT] 43,64,4,0.000878572,0.000820875,6450,5395,12900
[RESULT] 43,64,5,0.000823736,0.000775337,6450,5395,12900
[RESULT] 43,64,6,0.000842333,0.000793934,6450,5395,12900
[RESULT] 43,64,7,0.000834465,0.000786781,6450,5395,12900
[RESULT] 43,64,8,0.000866413,0.000818491,6450,5395,12900
[RESULT] 43,64,9,0.000884533,0.000836611,6450,5395,12900
[RESULT] 62,64,0,0.001000643,0.000953197,6315,5259,12630
[RESULT] 62,64,1,0.000899553,0.000848055,6315,5259,12630
[RESULT] 62,64,2,0.000906467,0.000861168,6315,5259,12630
[RESULT] 62,64,3,0.000900984,0.000856400,6315,5259,12630
[RESULT] 62,64,4,0.000903845,0.000859737,6315,5259,12630
[RESULT] 62,64,5,0.000879765,0.000836372,6315,5259,12630
[RESULT] 62,64,6,0.000887394,0.000844240,6315,5259,12630
[RESULT] 62,64,7,0.000900030,0.000855684,6315,5259,12630
[RESULT] 62,64,8,0.000904083,0.000859499,6315,5259,12630
[RESULT] 62,64,9,0.000886917,0.000843525,6315,5259,12630
[RESULT] 13,64,0,0.000980854,0.000939846,6493,5433,12986
[RESULT] 13,64,1,0.000865221,0.000824928,6493,5433,12986
[RESULT] 13,64,2,0.000831366,0.000791550,6493,5433,12986
[RESULT] 13,64,3,0.000884056,0.000844479,6493,5433,12986
[RESULT] 13,64,4,0.000910044,0.000870943,6493,5433,12986
[RESULT] 13,64,5,0.000818729,0.000778913,6493,5433,12986
[RESULT] 13,64,6,0.000888586,0.000840425,6493,5433,12986
[RESULT] 13,64,7,0.000883818,0.000844717,6493,5433,12986
[RESULT] 13,64,8,0.000886202,0.000847340,6493,5433,12986
[RESULT] 13,64,9,0.000870466,0.000828028,6493,5433,12986
[RESULT] 45,64,0,0.000872612,0.000822067,6476,5448,12952
[RESULT] 45,64,1,0.000867128,0.000818253,6476,5448,12952
[RESULT] 45,64,2,0.000913620,0.000864983,6476,5448,12952
[RESULT] 45,64,3,0.000854254,0.000805378,6476,5448,12952
[RESULT] 45,64,4,0.000883341,0.000825644,6476,5448,12952
[RESULT] 45,64,5,0.000878811,0.000830650,6476,5448,12952
[RESULT] 45,64,6,0.000858784,0.000811100,6476,5448,12952
[RESULT] 45,64,7,0.000837088,0.000789642,6476,5448,12952
[RESULT] 45,64,8,0.000868797,0.000821114,6476,5448,12952
[RESULT] 45,64,9,0.000869513,0.000822306,6476,5448,12952
[RESULT] 48,64,0,0.000905275,0.000852108,6282,5236,12564
[RESULT] 48,64,1,0.000905514,0.000849962,6282,5236,12564
[RESULT] 48,64,2,0.000917435,0.000868797,6282,5236,12564
[RESULT] 48,64,3,0.000893354,0.000841856,6282,5236,12564
[RESULT] 48,64,4,0.000888109,0.000840664,6282,5236,12564
[RESULT] 48,64,5,0.001014709,0.000967264,6282,5236,12564
[RESULT] 48,64,6,0.000885010,0.000838280,6282,5236,12564
[RESULT] 14,64,0,0.000970602,0.000926495,6226,5174,12452
[RESULT] 14,64,1,0.000869274,0.000826597,6226,5174,12452
[RESULT] 14,64,2,0.000824213,0.000781775,6226,5174,12452
[RESULT] 14,64,3,0.000885010,0.000843048,6226,5174,12452
[RESULT] 14,64,4,0.000894070,0.000852823,6226,5174,12452
[RESULT] 14,64,5,0.000831842,0.000790596,6226,5174,12452
[RESULT] 14,64,6,0.000888586,0.000841379,6226,5174,12452
[RESULT] 14,64,7,0.000892878,0.000850916,6226,5174,12452
[RESULT] 14,64,8,0.000885248,0.000843525,6226,5174,12452
[RESULT] 14,64,9,0.000864029,0.000821829,6226,5174,12452
[RESULT] 26,64,0,0.000929832,0.000883102,6280,5236,12560
[RESULT] 26,64,1,0.000936031,0.000890493,6280,5236,12560
[RESULT] 26,64,2,0.000952721,0.000907660,6280,5236,12560
[RESULT] 26,64,3,0.000912905,0.000868559,6280,5236,12560
[RESULT] 26,64,4,0.000940561,0.000896454,6280,5236,12560
[RESULT] 26,64,5,0.000900507,0.000855923,6280,5236,12560
[RESULT] 26,64,6,0.000937223,0.000893116,6280,5236,12560
[RESULT] 26,64,7,0.000916719,0.000872612,6280,5236,12560
[RESULT] 26,64,8,0.000941753,0.000898123,6280,5236,12560
[RESULT] 26,64,9,0.000959158,0.000915051,6280,5236,12560
[RESULT] 53,64,0,0.001016378,0.000956535,6586,5514,13172
[RESULT] 53,64,1,0.000944376,0.000881910,6586,5514,13172
[RESULT] 53,64,2,0.000918388,0.000865698,6586,5514,13172
[RESULT] 53,64,3,0.000933886,0.000880957,6586,5514,13172
[RESULT] 53,64,4,0.000916243,0.000867128,6586,5514,13172
[RESULT] 53,64,5,0.000935793,0.000886679,6586,5514,13172
[RESULT] 15,64,0,0.000957966,0.000916243,6509,5452,13018
[RESULT] 15,64,1,0.000867605,0.000827312,6509,5452,13018
[RESULT] 15,64,2,0.000818014,0.000777960,6509,5452,13018
[RESULT] 15,64,3,0.000889540,0.000849485,6509,5452,13018
[RESULT] 15,64,4,0.000886679,0.000847816,6509,5452,13018
[RESULT] 15,64,5,0.000811815,0.000772476,6509,5452,13018
[RESULT] 15,64,6,0.000891924,0.000844955,6509,5452,13018
[RESULT] 15,64,7,0.000881195,0.000842333,6509,5452,13018
[RESULT] 15,64,8,0.000895262,0.000856161,6509,5452,13018
[RESULT] 15,64,9,0.000858068,0.000815630,6509,5452,13018
[RESULT] 30,64,0,0.000993729,0.000941992,6517,5461,13034
[RESULT] 30,64,1,0.000895262,0.000845671,6517,5461,13034
[RESULT] 30,64,2,0.000929594,0.000880241,6517,5461,13034
[RESULT] 30,64,3,0.000930548,0.000881910,6517,5461,13034
[RESULT] 30,64,4,0.000922918,0.000874043,6517,5461,13034
[RESULT] 30,64,5,0.000886440,0.000837803,6517,5461,13034
[RESULT] 30,64,6,0.000924826,0.000876904,6517,5461,13034
[RESULT] 30,64,7,0.000898600,0.000850677,6517,5461,13034
[RESULT] 30,64,8,0.000921011,0.000872374,6517,5461,13034
[RESULT] 30,64,9,0.000931978,0.000882864,6517,5461,13034
[RESULT] 54,64,0,0.001004219,0.000959158,6322,5260,12644
[RESULT] 54,64,1,0.000906706,0.000855684,6322,5260,12644
[RESULT] 54,64,2,0.000920057,0.000876427,6322,5260,12644
[RESULT] 54,64,3,0.000909090,0.000866175,6322,5260,12644
[RESULT] 54,64,4,0.000907421,0.000865221,6322,5260,12644
[RESULT] 54,64,5,0.000987768,0.000945091,6322,5260,12644
[RESULT] 54,64,6,0.000895739,0.000853777,6322,5260,12644
[RESULT] 54,64,7,0.000896454,0.000854015,6322,5260,12644
[RESULT] 54,64,8,0.000914097,0.000872374,6322,5260,12644
[RESULT] 54,64,9,0.000896931,0.000854254,6322,5260,12644
[RESULT] 0,64,0,0.001039743,0.000999451,6299,5239,12598
[RESULT] 0,64,1,0.000933886,0.000895023,6299,5239,12598
[RESULT] 0,64,2,0.001003027,0.000964403,6299,5239,12598
[RESULT] 0,64,3,0.000962973,0.000924826,6299,5239,12598
[RESULT] 0,64,4,0.000971317,0.000933647,6299,5239,12598
[RESULT] 0,64,5,0.000898600,0.000860929,6299,5239,12598
[RESULT] 0,64,6,0.000943422,0.000905275,6299,5239,12598
[RESULT] 0,64,7,0.000961781,0.000924349,6299,5239,12598
[RESULT] 0,64,8,0.000970125,0.000932693,6299,5239,12598
[RESULT] 0,64,9,0.000940084,0.000899553,6299,5239,12598

Benchmark Summary
Processes: 64
Iterations: 10
Matrix NNZ: 410077
Total execution time: 0.177 seconds
[RESULT] 31,64,0,0.000918865,0.000870705,6479,5426,12958
[RESULT] 31,64,1,0.000922680,0.000875235,6479,5426,12958
[RESULT] 31,64,2,0.000924349,0.000878096,6479,5426,12958
[RESULT] 31,64,3,0.000892162,0.000845432,6479,5426,12958
[RESULT] 31,64,4,0.000892878,0.000837088,6479,5426,12958
[RESULT] 31,64,5,0.000860453,0.000814676,6479,5426,12958
[RESULT] 31,64,6,0.000896692,0.000850677,6479,5426,12958
[RESULT] 31,64,7,0.000882864,0.000837088,6479,5426,12958
[RESULT] 31,64,8,0.000904322,0.000858545,6479,5426,12958
[RESULT] 31,64,9,0.000918865,0.000873566,6479,5426,12958
[RESULT] 56,64,2,0.000931025,0.000884056,6192,5133,12384
[RESULT] 56,64,3,0.000918388,0.000873089,6192,5133,12384
[RESULT] 56,64,4,0.000914335,0.000869989,6192,5133,12384
[RESULT] 56,64,5,0.000905991,0.000862122,6192,5133,12384
[RESULT] 56,64,6,0.000902176,0.000858307,6192,5133,12384
[RESULT] 56,64,7,0.000909567,0.000865936,6192,5133,12384
[RESULT] 56,64,8,0.000913143,0.000870228,6192,5133,12384
[RESULT] 56,64,9,0.000897884,0.000854015,6192,5133,12384
[RESULT] 1,64,0,0.001035452,0.000993490,6561,5512,13122
[RESULT] 1,64,1,0.000936508,0.000895500,6561,5512,13122
[RESULT] 1,64,2,0.001003504,0.000963449,6561,5512,13122
[RESULT] 1,64,3,0.000956774,0.000917196,6561,5512,13122
[RESULT] 1,64,4,0.000960827,0.000921249,6561,5512,13122
[RESULT] 1,64,5,0.000893831,0.000854969,6561,5512,13122
[RESULT] 1,64,6,0.000939846,0.000900984,6561,5512,13122
[RESULT] 1,64,7,0.000966072,0.000927687,6561,5512,13122
[RESULT] 1,64,8,0.000968933,0.000930309,6561,5512,13122
[RESULT] 1,64,9,0.000934362,0.000895500,6561,5512,13122
[RESULT] 32,64,0,0.000927448,0.000880480,6382,5350,12764
[RESULT] 32,64,1,0.000923634,0.000877857,6382,5350,12764
[RESULT] 32,64,2,0.000924826,0.000878811,6382,5350,12764
[RESULT] 32,64,3,0.000900507,0.000855207,6382,5350,12764
[RESULT] 32,64,4,0.000919342,0.000874043,6382,5350,12764
[RESULT] 32,64,5,0.000877619,0.000832319,6382,5350,12764
[RESULT] 32,64,6,0.000899315,0.000854015,6382,5350,12764
[RESULT] 32,64,7,0.000878096,0.000833035,6382,5350,12764
[RESULT] 32,64,8,0.000897169,0.000852346,6382,5350,12764
[RESULT] 32,64,9,0.000906944,0.000862122,6382,5350,12764
[RESULT] 57,64,0,0.001002550,0.000952244,6524,5482,13048
[RESULT] 57,64,1,0.000905991,0.000852585,6524,5482,13048
[RESULT] 57,64,2,0.000929117,0.000882864,6524,5482,13048
[RESULT] 57,64,3,0.000912189,0.000866890,6524,5482,13048
[RESULT] 57,64,4,0.000905752,0.000860691,6524,5482,13048
[RESULT] 57,64,5,0.000901461,0.000856400,6524,5482,13048
[RESULT] 57,64,6,0.000900507,0.000855923,6524,5482,13048
[RESULT] 57,64,7,0.000904799,0.000860214,6524,5482,13048
[RESULT] 57,64,8,0.000910521,0.000866413,6524,5482,13048
[RESULT] 57,64,9,0.000889063,0.000844240,6524,5482,13048
[RESULT] 2,64,0,0.001040459,0.000996113,6393,5340,12786
[RESULT] 2,64,1,0.000924826,0.000885725,6393,5340,12786
[RESULT] 2,64,2,0.000973701,0.000934839,6393,5340,12786
[RESULT] 2,64,3,0.000954628,0.000915766,6393,5340,12786
[RESULT] 2,64,4,0.000969648,0.000931501,6393,5340,12786
[RESULT] 2,64,5,0.000884533,0.000846148,6393,5340,12786
[RESULT] 2,64,6,0.000930071,0.000891685,6393,5340,12786
[RESULT] 2,64,7,0.000934124,0.000895739,6393,5340,12786
[RESULT] 2,64,8,0.000938654,0.000900507,6393,5340,12786
[RESULT] 2,64,9,0.000937462,0.000895977,6393,5340,12786
[RESULT] 33,64,0,0.000896692,0.000848770,6393,5335,12786
[RESULT] 33,64,1,0.000877857,0.000830889,6393,5335,12786
[RESULT] 33,64,2,0.000920296,0.000874281,6393,5335,12786
[RESULT] 33,64,3,0.000916958,0.000870705,6393,5335,12786
[RESULT] 33,64,4,0.000907898,0.000853300,6393,5335,12786
[RESULT] 33,64,5,0.000865698,0.000820637,6393,5335,12786
[RESULT] 33,64,6,0.000909567,0.000864267,6393,5335,12786
[RESULT] 33,64,7,0.000866413,0.000821352,6393,5335,12786
[RESULT] 33,64,8,0.000904083,0.000859261,6393,5335,12786
[RESULT] 33,64,9,0.000928640,0.000883579,6393,5335,12786
[RESULT] 58,64,0,0.001000166,0.000951767,6314,5261,12628
[RESULT] 58,64,1,0.000910044,0.000859261,6314,5261,12628
[RESULT] 58,64,2,0.000928164,0.000883818,6314,5261,12628
[RESULT] 58,64,3,0.000912428,0.000868082,6314,5261,12628
[RESULT] 58,64,4,0.000905275,0.000861168,6314,5261,12628
[RESULT] 58,64,5,0.000901699,0.000857830,6314,5261,12628
[RESULT] 58,64,6,0.000894547,0.000850439,6314,5261,12628
[RESULT] 58,64,7,0.000900507,0.000856638,6314,5261,12628
[RESULT] 58,64,8,0.000916481,0.000872612,6314,5261,12628
[RESULT] 58,64,9,0.000890493,0.000847340,6314,5261,12628
[RESULT] 3,64,0,0.001022100,0.000980854,6446,5400,12892
[RESULT] 3,64,1,0.000926018,0.000888348,6446,5400,12892
[RESULT] 3,64,2,0.000968933,0.000931025,6446,5400,12892
[RESULT] 3,64,3,0.000940323,0.000902414,6446,5400,12892
[RESULT] 3,64,4,0.000948668,0.000911474,6446,5400,12892
[RESULT] 3,64,5,0.000879526,0.000841856,6446,5400,12892
[RESULT] 3,64,6,0.000933170,0.000896215,6446,5400,12892
[RESULT] 3,64,7,0.000934124,0.000897408,6446,5400,12892
[RESULT] 3,64,8,0.000946283,0.000909567,6446,5400,12892
[RESULT] 3,64,9,0.000908136,0.000871181,6446,5400,12892
[RESULT] 35,64,0,0.000973940,0.000926495,6377,5318,12754
[RESULT] 35,64,1,0.000952244,0.000905514,6377,5318,12754
[RESULT] 35,64,2,0.000934839,0.000888348,6377,5318,12754
[RESULT] 35,64,3,0.000907898,0.000862122,6377,5318,12754
[RESULT] 35,64,4,0.000926733,0.000881672,6377,5318,12754
[RESULT] 35,64,5,0.000892401,0.000847101,6377,5318,12754
[RESULT] 35,64,6,0.000906229,0.000861168,6377,5318,12754
[RESULT] 35,64,7,0.000894070,0.000849485,6377,5318,12754
[RESULT] 35,64,8,0.000926256,0.000881433,6377,5318,12754
[RESULT] 35,64,9,0.000942469,0.000898361,6377,5318,12754
[RESULT] 59,64,0,0.001000166,0.000948429,6381,5325,12762
[RESULT] 59,64,1,0.000911236,0.000856400,6381,5325,12762
[RESULT] 59,64,2,0.000926733,0.000878096,6381,5325,12762
[RESULT] 59,64,3,0.000915289,0.000866175,6381,5325,12762
[RESULT] 59,64,4,0.000909328,0.000859976,6381,5325,12762
[RESULT] 59,64,5,0.000881672,0.000833273,6381,5325,12762
[RESULT] 59,64,6,0.000893593,0.000844717,6381,5325,12762
[RESULT] 59,64,7,0.000905514,0.000858068,6381,5325,12762
[RESULT] 59,64,8,0.000913858,0.000866652,6381,5325,12762
[RESULT] 59,64,9,0.000886202,0.000838518,6381,5325,12762
[RESULT] 4,64,0,0.001020670,0.000979185,6290,5229,12580
[RESULT] 4,64,1,0.000913143,0.000874043,6290,5229,12580
[RESULT] 4,64,2,0.000959396,0.000921011,6290,5229,12580
[RESULT] 4,64,3,0.000946999,0.000908613,6290,5229,12580
[RESULT] 4,64,4,0.000958204,0.000919819,6290,5229,12580
[RESULT] 4,64,5,0.000887871,0.000849247,6290,5229,12580
[RESULT] 4,64,6,0.000924349,0.000886202,6290,5229,12580
[RESULT] 4,64,7,0.000939131,0.000901222,6290,5229,12580
[RESULT] 4,64,8,0.000926495,0.000888824,6290,5229,12580
[RESULT] 4,64,9,0.000912428,0.000874758,6290,5229,12580
[RESULT] 37,64,0,0.000983715,0.000935793,6475,5417,12950
[RESULT] 37,64,1,0.000964403,0.000918150,6475,5417,12950
[RESULT] 37,64,2,0.000949621,0.000903845,6475,5417,12950
[RESULT] 37,64,3,0.000971079,0.000918388,6475,5417,12950
[RESULT] 37,64,4,0.001012087,0.000966549,6475,5417,12950
[RESULT] 37,64,5,0.000914097,0.000869036,6475,5417,12950
[RESULT] 37,64,6,0.000943899,0.000898361,6475,5417,12950
[RESULT] 37,64,7,0.000932455,0.000887394,6475,5417,12950
[RESULT] 37,64,8,0.000957012,0.000911951,6475,5417,12950
[RESULT] 37,64,9,0.000977278,0.000932217,6475,5417,12950
[RESULT] 60,64,0,0.001006842,0.000956059,6292,5238,12584
[RESULT] 60,64,1,0.000903845,0.000847816,6292,5238,12584
[RESULT] 60,64,2,0.000931740,0.000883341,6292,5238,12584
[RESULT] 60,64,3,0.000909090,0.000861406,6292,5238,12584
[RESULT] 60,64,4,0.000910282,0.000862598,6292,5238,12584
[RESULT] 60,64,5,0.000882864,0.000833988,6292,5238,12584
[RESULT] 60,64,6,0.000892639,0.000845432,6292,5238,12584
[RESULT] 60,64,7,0.000901461,0.000854731,6292,5238,12584
[RESULT] 60,64,8,0.000913620,0.000866413,6292,5238,12584
[RESULT] 60,64,9,0.000894308,0.000847101,6292,5238,12584
[RESULT] 5,64,0,0.001008272,0.000960588,6505,5448,13010
[RESULT] 5,64,1,0.000908613,0.000864267,6505,5448,13010
[RESULT] 5,64,2,0.000962496,0.000919104,6505,5448,13010
[RESULT] 5,64,3,0.000934124,0.000891209,6505,5448,13010
[RESULT] 5,64,4,0.000945330,0.000902414,6505,5448,13010
[RESULT] 5,64,5,0.000876188,0.000832796,6505,5448,13010
[RESULT] 5,64,6,0.000919580,0.000876904,6505,5448,13010
[RESULT] 5,64,7,0.000932455,0.000890017,6505,5448,13010
[RESULT] 5,64,8,0.000923157,0.000880718,6505,5448,13010
[RESULT] 5,64,9,0.000910521,0.000868320,6505,5448,13010
[RESULT] 38,64,0,0.000888109,0.000838518,6379,5326,12758
[RESULT] 38,64,1,0.000910759,0.000864744,6379,5326,12758
[RESULT] 38,64,2,0.000916481,0.000870943,6379,5326,12758
[RESULT] 38,64,3,0.000887871,0.000842094,6379,5326,12758
[RESULT] 38,64,4,0.000917196,0.000871897,6379,5326,12758
[RESULT] 38,64,5,0.000898361,0.000853539,6379,5326,12758
[RESULT] 38,64,6,0.000901222,0.000856638,6379,5326,12758
[RESULT] 38,64,7,0.000876904,0.000832319,6379,5326,12758
[RESULT] 38,64,8,0.000916481,0.000871181,6379,5326,12758
[RESULT] 38,64,9,0.000930548,0.000885725,6379,5326,12758
[RESULT] 61,64,5,0.000877857,0.000832558,6557,5528,13114
[RESULT] 61,64,6,0.000889778,0.000844955,6557,5528,13114
[RESULT] 61,64,7,0.000902414,0.000856876,6557,5528,13114
[RESULT] 61,64,8,0.000904083,0.000859022,6557,5528,13114
[RESULT] 61,64,9,0.000887394,0.000842810,6557,5528,13114
[RESULT] 6,64,0,0.001012325,0.000970840,6376,5302,12752
[RESULT] 6,64,1,0.000907183,0.000866413,6376,5302,12752
[RESULT] 6,64,2,0.000955582,0.000914097,6376,5302,12752
[RESULT] 6,64,3,0.000929117,0.000889301,6376,5302,12752
[RESULT] 6,64,4,0.000950813,0.000910997,6376,5302,12752
[RESULT] 6,64,5,0.000874281,0.000835419,6376,5302,12752
[RESULT] 6,64,6,0.000917196,0.000878572,6376,5302,12752
[RESULT] 6,64,7,0.000935555,0.000897169,6376,5302,12752
[RESULT] 6,64,8,0.000920057,0.000880957,6376,5302,12752
[RESULT] 6,64,9,0.000910521,0.000867605,6376,5302,12752
[RESULT] 40,64,0,0.000989676,0.000937700,6351,5311,12702
[RESULT] 40,64,1,0.000965834,0.000917196,6351,5311,12702
[RESULT] 40,64,2,0.000998735,0.000950336,6351,5311,12702
[RESULT] 40,64,3,0.000965118,0.000907183,6351,5311,12702
[RESULT] 40,64,4,0.001003265,0.000955343,6351,5311,12702
[RESULT] 40,64,5,0.000907660,0.000859737,6351,5311,12702
[RESULT] 40,64,6,0.000973225,0.000926018,6351,5311,12702
[RESULT] 40,64,7,0.000936270,0.000889063,6351,5311,12702
[RESULT] 40,64,8,0.000969172,0.000921249,6351,5311,12702
[RESULT] 40,64,9,0.000964642,0.000917912,6351,5311,12702
[RESULT] 63,64,0,0.000983953,0.000932932,6506,5465,13012
[RESULT] 63,64,1,0.000903845,0.000846863,6506,5465,13012
[RESULT] 63,64,2,0.000896931,0.000846863,6506,5465,13012
[RESULT] 63,64,3,0.000895977,0.000846863,6506,5465,13012
[RESULT] 63,64,4,0.000904083,0.000855207,6506,5465,13012
[RESULT] 63,64,5,0.000880241,0.000830889,6506,5465,13012
[RESULT] 63,64,6,0.000891447,0.000843287,6506,5465,13012
[RESULT] 63,64,7,0.000893593,0.000845194,6506,5465,13012
[RESULT] 63,64,8,0.000907421,0.000859261,6506,5465,13012
[RESULT] 63,64,9,0.000882149,0.000834703,6506,5465,13012
[RESULT] 7,64,0,0.001012325,0.000966072,6463,5406,12926
[RESULT] 7,64,1,0.000899076,0.000854731,6463,5406,12926
[RESULT] 7,64,2,0.000952244,0.000908136,6463,5406,12926
[RESULT] 7,64,3,0.000918388,0.000875473,6463,5406,12926
[RESULT] 7,64,4,0.000950336,0.000907660,6463,5406,12926
[RESULT] 7,64,5,0.000871658,0.000828028,6463,5406,12926
[RESULT] 7,64,6,0.000907183,0.000864029,6463,5406,12926
[RESULT] 7,64,7,0.000925303,0.000882626,6463,5406,12926
[RESULT] 7,64,8,0.000914574,0.000871897,6463,5406,12926
[RESULT] 7,64,9,0.000895739,0.000853539,6463,5406,12926
[RESULT] 41,64,0,0.000979900,0.000931740,6483,5413,12966
[RESULT] 41,64,1,0.000946760,0.000899792,6483,5413,12966
[RESULT] 41,64,2,0.000998974,0.000952005,6483,5413,12966
[RESULT] 41,64,3,0.000960112,0.000907660,6483,5413,12966
[RESULT] 41,64,4,0.000999212,0.000953913,6483,5413,12966
[RESULT] 41,64,5,0.000888586,0.000843287,6483,5413,12966
[RESULT] 41,64,6,0.000953913,0.000908136,6483,5413,12966
[RESULT] 41,64,7,0.000928402,0.000881195,6483,5413,12966
[RESULT] 41,64,8,0.000947714,0.000902176,6483,5413,12966
[RESULT] 41,64,9,0.000956297,0.000911236,6483,5413,12966
[RESULT] 48,64,7,0.000877619,0.000827551,6282,5236,12564
[RESULT] 48,64,8,0.000885248,0.000835419,6282,5236,12564
[RESULT] 48,64,9,0.000895739,0.000849009,6282,5236,12564
[RESULT] 8,64,0,0.001019716,0.000979424,6278,5232,12556
[RESULT] 8,64,1,0.000897408,0.000858545,6278,5232,12556
[RESULT] 8,64,2,0.000927687,0.000889778,6278,5232,12556
[RESULT] 8,64,3,0.000916243,0.000877857,6278,5232,12556
[RESULT] 8,64,4,0.000949383,0.000911713,6278,5232,12556
[RESULT] 8,64,5,0.000869274,0.000831604,6278,5232,12556
[RESULT] 8,64,6,0.000916481,0.000878811,6278,5232,12556
[RESULT] 8,64,7,0.000926733,0.000889063,6278,5232,12556
[RESULT] 8,64,8,0.000921011,0.000883341,6278,5232,12556
[RESULT] 8,64,9,0.000910521,0.000869036,6278,5232,12556
[RESULT] 44,64,0,0.000910997,0.000862598,6393,5325,12786
[RESULT] 44,64,1,0.000961781,0.000915051,6393,5325,12786
[RESULT] 44,64,2,0.000985146,0.000938654,6393,5325,12786
[RESULT] 44,64,3,0.000957966,0.000903606,6393,5325,12786
[RESULT] 44,64,4,0.000933409,0.000887394,6393,5325,12786
[RESULT] 44,64,5,0.000860929,0.000815153,6393,5325,12786
[RESULT] 44,64,6,0.000948668,0.000902891,6393,5325,12786
[RESULT] 44,64,7,0.000921965,0.000877380,6393,5325,12786
[RESULT] 44,64,8,0.000949144,0.000904322,6393,5325,12786
[RESULT] 44,64,9,0.000944376,0.000899315,6393,5325,12786
[RESULT] 50,64,0,0.001048326,0.000991821,6309,5253,12618
[RESULT] 50,64,1,0.000982761,0.000933170,6309,5253,12618
[RESULT] 50,64,2,0.000795841,0.000748158,6309,5253,12618
[RESULT] 50,64,3,0.001003265,0.000955820,6309,5253,12618
[RESULT] 50,64,4,0.000987291,0.000939131,6309,5253,12618
[RESULT] 50,64,5,0.000998259,0.000950336,6309,5253,12618
[RESULT] 50,64,6,0.000974894,0.000927448,6309,5253,12618
[RESULT] 50,64,7,0.000975132,0.000927925,6309,5253,12618
[RESULT] 50,64,8,0.000972271,0.000924587,6309,5253,12618
[RESULT] 50,64,9,0.000971079,0.000924110,6309,5253,12618
[RESULT] 9,64,3,0.000909090,0.000870228,6417,5371,12834
[RESULT] 9,64,4,0.000934124,0.000895977,6417,5371,12834
[RESULT] 9,64,5,0.000855923,0.000817776,6417,5371,12834
[RESULT] 9,64,6,0.000907183,0.000869036,6417,5371,12834
[RESULT] 9,64,7,0.000900269,0.000862598,6417,5371,12834
[RESULT] 9,64,8,0.000924587,0.000887156,6417,5371,12834
[RESULT] 9,64,9,0.000896931,0.000855207,6417,5371,12834
[RESULT] 46,64,0,0.000921726,0.000871181,6444,5384,12888
[RESULT] 46,64,1,0.000871658,0.000821352,6444,5384,12888
[RESULT] 46,64,2,0.000910521,0.000862122,6444,5384,12888
[RESULT] 46,64,3,0.000832319,0.000783443,6444,5384,12888
[RESULT] 46,64,4,0.000869036,0.000809908,6444,5384,12888
[RESULT] 46,64,5,0.000843763,0.000795364,6444,5384,12888
[RESULT] 46,64,6,0.000862122,0.000812531,6444,5384,12888
[RESULT] 46,64,7,0.000843048,0.000794649,6444,5384,12888
[RESULT] 46,64,8,0.000874758,0.000826597,6444,5384,12888
[RESULT] 46,64,9,0.000911236,0.000862837,6444,5384,12888
[RESULT] 51,64,0,0.000886917,0.000824928,6391,5336,12782
[RESULT] 51,64,1,0.000999451,0.000949621,6391,5336,12782
[RESULT] 51,64,2,0.000779152,0.000729561,6391,5336,12782
[RESULT] 51,64,3,0.000817537,0.000767708,6391,5336,12782
[RESULT] 51,64,4,0.000879526,0.000829935,6391,5336,12782
[RESULT] 51,64,5,0.000999689,0.000950813,6391,5336,12782
[RESULT] 51,64,6,0.000871897,0.000822783,6391,5336,12782
[RESULT] 51,64,7,0.000859976,0.000810623,6391,5336,12782
[RESULT] 51,64,8,0.000890970,0.000841856,6391,5336,12782
[RESULT] 51,64,9,0.000897646,0.000848532,6391,5336,12782
[RESULT] 10,64,9,0.000894070,0.000857353,6274,5205,12548
[RESULT] 47,64,0,0.000917435,0.000865936,6433,5369,12866
[RESULT] 47,64,1,0.000891209,0.000840187,6433,5369,12866
[RESULT] 47,64,2,0.000986099,0.000933886,6433,5369,12866
[RESULT] 47,64,3,0.000943184,0.000893831,6433,5369,12866
[RESULT] 47,64,4,0.000994921,0.000946283,6433,5369,12866
[RESULT] 47,64,5,0.000874758,0.000825882,6433,5369,12866
[RESULT] 47,64,6,0.000931740,0.000882864,6433,5369,12866
[RESULT] 47,64,7,0.000911713,0.000862360,6433,5369,12866
[RESULT] 47,64,8,0.000944853,0.000896454,6433,5369,12866
[RESULT] 47,64,9,0.000958681,0.000910759,6433,5369,12866
[RESULT] 52,64,0,0.001019001,0.000959635,6375,5328,12750
[RESULT] 52,64,1,0.000987291,0.000938654,6375,5328,12750
[RESULT] 52,64,2,0.000991106,0.000942707,6375,5328,12750
[RESULT] 52,64,3,0.000983477,0.000936985,6375,5328,12750
[RESULT] 52,64,4,0.000963926,0.000917196,6375,5328,12750
[RESULT] 52,64,5,0.000998497,0.000952244,6375,5328,12750
[RESULT] 52,64,6,0.000971794,0.000925303,6375,5328,12750
[RESULT] 52,64,7,0.000958204,0.000911713,6375,5328,12750
[RESULT] 52,64,8,0.000952721,0.000906706,6375,5328,12750
[RESULT] 52,64,9,0.000968933,0.000916719,6375,5328,12750
[RESULT] 24,64,0,0.001034260,0.000984907,6384,5333,12768
[RESULT] 24,64,1,0.001004219,0.000958204,6384,5333,12768
[RESULT] 24,64,2,0.001024485,0.000978708,6384,5333,12768
[RESULT] 24,64,3,0.001003981,0.000953674,6384,5333,12768
[RESULT] 24,64,4,0.001058817,0.001013756,6384,5333,12768
[RESULT] 24,64,5,0.000955105,0.000910044,6384,5333,12768
[RESULT] 24,64,6,0.000993967,0.000948429,6384,5333,12768
[RESULT] 24,64,7,0.000975370,0.000931263,6384,5333,12768
[RESULT] 24,64,8,0.001002073,0.000957489,6384,5333,12768
[RESULT] 24,64,9,0.001010418,0.000964880,6384,5333,12768
[RESULT] 53,64,6,0.000923634,0.000874996,6586,5514,13172
[RESULT] 53,64,7,0.000910997,0.000861406,6586,5514,13172
[RESULT] 53,64,8,0.000930786,0.000881195,6586,5514,13172
[RESULT] 53,64,9,0.000932693,0.000882864,6586,5514,13172
[RESULT] 25,64,0,0.001038313,0.000986576,6405,5352,12810
[RESULT] 25,64,1,0.001004457,0.000954866,6405,5352,12810
[RESULT] 25,64,2,0.001020432,0.000971556,6405,5352,12810
[RESULT] 25,64,3,0.001009703,0.000961304,6405,5352,12810
[RESULT] 25,64,4,0.001062393,0.001014233,6405,5352,12810
[RESULT] 25,64,5,0.000956297,0.000908375,6405,5352,12810
[RESULT] 25,64,6,0.001000404,0.000951529,6405,5352,12810
[RESULT] 25,64,7,0.000978947,0.000931025,6405,5352,12810
[RESULT] 25,64,8,0.001006365,0.000958204,6405,5352,12810
[RESULT] 25,64,9,0.001014948,0.000966549,6405,5352,12810
[RESULT] 55,64,0,0.001017094,0.000957489,6439,5408,12878
[RESULT] 55,64,1,0.000933409,0.000877619,6439,5408,12878
[RESULT] 55,64,2,0.000871181,0.000823975,6439,5408,12878
[RESULT] 55,64,3,0.000936270,0.000888586,6439,5408,12878
[RESULT] 55,64,4,0.000803232,0.000753403,6439,5408,12878
[RESULT] 55,64,5,0.000939131,0.000885010,6439,5408,12878
[RESULT] 55,64,6,0.000872135,0.000824928,6439,5408,12878
[RESULT] 55,64,7,0.000829697,0.000779629,6439,5408,12878
[RESULT] 55,64,8,0.000943422,0.000895500,6439,5408,12878
[RESULT] 55,64,9,0.000930786,0.000883818,6439,5408,12878
[RESULT] 27,64,0,0.001003504,0.000952244,6471,5435,12942
[RESULT] 27,64,1,0.001008749,0.000959873,6471,5435,12942
[RESULT] 27,64,2,0.001015902,0.000967026,6471,5435,12942
[RESULT] 27,64,3,0.001002789,0.000942469,6471,5435,12942
[RESULT] 27,64,4,0.001042604,0.000993967,6471,5435,12942
[RESULT] 27,64,5,0.000929832,0.000881910,6471,5435,12942
[RESULT] 27,64,6,0.001003265,0.000954390,6471,5435,12942
[RESULT] 27,64,7,0.000953913,0.000905991,6471,5435,12942
[RESULT] 27,64,8,0.000989199,0.000939131,6471,5435,12942
[RESULT] 27,64,9,0.000988245,0.000940561,6471,5435,12942
[RESULT] 28,64,0,0.001012564,0.000964403,6413,5340,12826
[RESULT] 28,64,1,0.000992775,0.000944138,6413,5340,12826
[RESULT] 28,64,2,0.001006365,0.000960350,6413,5340,12826
[RESULT] 28,64,3,0.000989199,0.000937462,6413,5340,12826
[RESULT] 28,64,4,0.001041889,0.000995874,6413,5340,12826
[RESULT] 28,64,5,0.000939846,0.000893593,6413,5340,12826
[RESULT] 28,64,6,0.000982046,0.000936508,6413,5340,12826
[RESULT] 28,64,7,0.000967026,0.000922441,6413,5340,12826
[RESULT] 28,64,8,0.000987768,0.000940561,6413,5340,12826
[RESULT] 28,64,9,0.000999451,0.000953674,6413,5340,12826
[RESULT] 29,64,0,0.000944376,0.000894785,6770,5706,13540
[RESULT] 29,64,1,0.000951290,0.000903845,6770,5706,13540
[RESULT] 29,64,2,0.000941515,0.000892878,6770,5706,13540
[RESULT] 29,64,3,0.000927448,0.000880003,6770,5706,13540
[RESULT] 29,64,4,0.000951052,0.000903845,6770,5706,13540
[RESULT] 29,64,5,0.000927925,0.000880718,6770,5706,13540
[RESULT] 29,64,6,0.000929594,0.000882864,6770,5706,13540
[RESULT] 29,64,7,0.000929832,0.000882626,6770,5706,13540
[RESULT] 29,64,8,0.000947952,0.000900984,6770,5706,13540
[RESULT] 29,64,9,0.000987291,0.000941038,6770,5706,13540
[RESULT] 34,64,0,0.001007557,0.000960350,6235,5180,12470
[RESULT] 34,64,1,0.000977993,0.000931501,6235,5180,12470
[RESULT] 34,64,2,0.000963449,0.000917673,6235,5180,12470
[RESULT] 34,64,3,0.000983238,0.000931501,6235,5180,12470
[RESULT] 34,64,4,0.001034021,0.000989199,6235,5180,12470
[RESULT] 34,64,5,0.000918388,0.000873327,6235,5180,12470
[RESULT] 34,64,6,0.000971556,0.000927210,6235,5180,12470
[RESULT] 34,64,7,0.000947237,0.000902176,6235,5180,12470
[RESULT] 34,64,8,0.000971794,0.000926733,6235,5180,12470
[RESULT] 34,64,9,0.000985146,0.000940561,6235,5180,12470
[RESULT] 36,64,0,0.001006126,0.000953674,6282,5227,12564
[RESULT] 36,64,1,0.000988007,0.000939131,6282,5227,12564
[RESULT] 36,64,2,0.000987291,0.000938892,6282,5227,12564
[RESULT] 36,64,3,0.000984907,0.000925779,6282,5227,12564
[RESULT] 36,64,4,0.001034975,0.000987053,6282,5227,12564
[RESULT] 36,64,5,0.000905752,0.000857592,6282,5227,12564
[RESULT] 36,64,6,0.000980377,0.000932932,6282,5227,12564
[RESULT] 36,64,7,0.000949860,0.000902653,6282,5227,12564
[RESULT] 36,64,8,0.000973463,0.000925779,6282,5227,12564
[RESULT] 36,64,9,0.000983477,0.000935793,6282,5227,12564
