Retrieving the matrix from '../data/Hook_1498.mtx'...
Real Matrix (Strong Scaling): Rows=1498023 | Cols=1498023 | NNZ=31207734 | Procs=128
Matrix distributed and converted to CSR
Ghost columns identified: 229699 total ghost values needed
Local vector initialized (size=11704 per process)
[RESULT] 29,128,0,0.043485641,0.040614128,244284,231434,488568
[RESULT] 29,128,1,0.043308020,0.040441990,244284,231434,488568
[RESULT] 29,128,2,0.042817831,0.039995670,244284,231434,488568
[RESULT] 29,128,3,0.043662548,0.040665865,244284,231434,488568
[RESULT] 29,128,4,0.042954922,0.039936781,244284,231434,488568
[RESULT] 29,128,5,0.045658588,0.042788506,244284,231434,488568
[RESULT] 29,128,6,0.043241978,0.040429115,244284,231434,488568
[RESULT] 29,128,7,0.043061256,0.040309191,244284,231434,488568
[RESULT] 29,128,8,0.043173790,0.040397644,244284,231434,488568
[RESULT] 29,128,9,0.041322231,0.038610458,244284,231434,488568
[RESULT] 126,128,0,0.043230534,0.040498734,243120,230255,486240
[RESULT] 126,128,1,0.043573618,0.040767670,243120,230255,486240
[RESULT] 126,128,2,0.041810989,0.039094448,243120,230255,486240
[RESULT] 126,128,3,0.043395042,0.040526390,243120,230255,486240
[RESULT] 126,128,4,0.042363167,0.039632797,243120,230255,486240
[RESULT] 126,128,5,0.044812918,0.042043924,243120,230255,486240
[RESULT] 126,128,6,0.043345213,0.040580750,243120,230255,486240
[RESULT] 126,128,7,0.042191267,0.039430380,243120,230255,486240
[RESULT] 126,128,8,0.042187691,0.039474487,243120,230255,486240
[RESULT] 126,128,9,0.042298794,0.039517879,243120,230255,486240
[RESULT] 114,128,0,0.044188261,0.041350126,244185,231310,488370
[RESULT] 114,128,1,0.043585539,0.040767908,244185,231310,488370
[RESULT] 114,128,2,0.042922258,0.040053129,244185,231310,488370
[RESULT] 114,128,3,0.043954849,0.040960550,244185,231310,488370
[RESULT] 114,128,4,0.042754412,0.039882183,244185,231310,488370
[RESULT] 114,128,5,0.044986963,0.042042017,244185,231310,488370
[RESULT] 114,128,6,0.043167114,0.040106058,244185,231310,488370
[RESULT] 114,128,7,0.042405367,0.039361477,244185,231310,488370
[RESULT] 114,128,8,0.042559385,0.039550543,244185,231310,488370
[RESULT] 114,128,9,0.042573929,0.039534330,244185,231310,488370
[RESULT] 10,128,0,0.043537140,0.040718794,243503,230571,487006
[RESULT] 10,128,1,0.043051720,0.040268898,243503,230571,487006
[RESULT] 10,128,2,0.042664528,0.039859772,243503,230571,487006
[RESULT] 10,128,3,0.044044256,0.041067123,243503,230571,487006
[RESULT] 10,128,4,0.042560339,0.039746761,243503,230571,487006
[RESULT] 33,128,0,0.043694973,0.040806293,243211,230296,486422
[RESULT] 33,128,1,0.043528795,0.040732384,243211,230296,486422
[RESULT] 33,128,2,0.043627501,0.040790796,243211,230296,486422
[RESULT] 33,128,3,0.044144392,0.041337013,243211,230296,486422
[RESULT] 33,128,4,0.043024302,0.040195942,243211,230296,486422
[RESULT] 33,128,5,0.045853138,0.043103218,243211,230296,486422
[RESULT] 33,128,6,0.044306755,0.041485310,243211,230296,486422
[RESULT] 33,128,7,0.043433666,0.040717840,243211,230296,486422
[RESULT] 33,128,8,0.043673992,0.040940523,243211,230296,486422
[RESULT] 33,128,9,0.042548418,0.039751053,243211,230296,486422
[RESULT] 10,128,5,0.044583082,0.041785002,243503,230571,487006
[RESULT] 10,128,6,0.043579817,0.040755033,243503,230571,487006
[RESULT] 10,128,7,0.042704582,0.039881468,243503,230571,487006
[RESULT] 10,128,8,0.042571068,0.039787769,243503,230571,487006
[RESULT] 10,128,9,0.042653322,0.039830208,243503,230571,487006
[RESULT] 118,128,0,0.043990135,0.041050911,243141,230325,486282
[RESULT] 118,128,1,0.042896748,0.039981365,243141,230325,486282
[RESULT] 118,128,2,0.042903662,0.040036917,243141,230325,486282
[RESULT] 118,128,3,0.043653250,0.040580034,243141,230325,486282
[RESULT] 118,128,4,0.042727232,0.039751768,243141,230325,486282
[RESULT] 118,128,5,0.045259953,0.042345047,243141,230325,486282
[RESULT] 118,128,6,0.044092178,0.041170359,243141,230325,486282
[RESULT] 118,128,7,0.043016434,0.040155411,243141,230325,486282
[RESULT] 118,128,8,0.042826653,0.039824486,243141,230325,486282
[RESULT] 118,128,9,0.042645693,0.039559841,243141,230325,486282
[RESULT] 6,128,0,0.044276476,0.041403532,243241,230382,486482
[RESULT] 6,128,1,0.043570757,0.040686846,243241,230382,486482
[RESULT] 6,128,2,0.042953253,0.040040493,243241,230382,486482
[RESULT] 6,128,3,0.043960094,0.040947199,243241,230382,486482
[RESULT] 6,128,4,0.043318987,0.040467024,243241,230382,486482
[RESULT] 6,128,5,0.045094013,0.042103767,243241,230382,486482
[RESULT] 6,128,6,0.043722630,0.040778399,243241,230382,486482
[RESULT] 6,128,7,0.042797565,0.039795399,243241,230382,486482
[RESULT] 6,128,8,0.042608500,0.039533377,243241,230382,486482
[RESULT] 6,128,9,0.042771101,0.039747477,243241,230382,486482
[RESULT] 14,128,0,0.043816090,0.041055679,243756,230853,487512
[RESULT] 14,128,1,0.043572426,0.040833473,243756,230853,487512
[RESULT] 14,128,2,0.043281317,0.040559769,243756,230853,487512
[RESULT] 14,128,3,0.044006109,0.041106224,243756,230853,487512
[RESULT] 14,128,4,0.043191910,0.040435791,243756,230853,487512
[RESULT] 40,128,0,0.044228315,0.040918589,243486,230628,486972
[RESULT] 40,128,1,0.043543100,0.040442228,243486,230628,486972
[RESULT] 40,128,2,0.042894125,0.039719105,243486,230628,486972
[RESULT] 40,128,3,0.043864727,0.040619850,243486,230628,486972
[RESULT] 40,128,4,0.043093920,0.040052652,243486,230628,486972
[RESULT] 40,128,5,0.045477152,0.042444706,243486,230628,486972
[RESULT] 40,128,6,0.043526173,0.040323019,243486,230628,486972
[RESULT] 40,128,7,0.042959929,0.039793968,243486,230628,486972
[RESULT] 40,128,8,0.043047667,0.039843798,243486,230628,486972
[RESULT] 40,128,9,0.042634726,0.039527655,243486,230628,486972
[RESULT] 82,128,0,0.043855906,0.040405512,243216,230335,486432
[RESULT] 82,128,1,0.043203592,0.039688826,243216,230335,486432
[RESULT] 82,128,2,0.043228865,0.039741516,243216,230335,486432
[RESULT] 82,128,3,0.044018745,0.040271997,243216,230335,486432
[RESULT] 82,128,4,0.043527603,0.040314198,243216,230335,486432
[RESULT] 82,128,5,0.044276953,0.041389704,243216,230335,486432
[RESULT] 82,128,6,0.043913126,0.040682077,243216,230335,486432
[RESULT] 82,128,7,0.042855024,0.039725065,243216,230335,486432
[RESULT] 82,128,8,0.042790651,0.039669275,243216,230335,486432
[RESULT] 101,128,0,0.043936253,0.041024446,242796,229977,485592
[RESULT] 101,128,1,0.042256832,0.039327383,242796,229977,485592
[RESULT] 101,128,2,0.043028355,0.040110826,242796,229977,485592
[RESULT] 101,128,3,0.043895006,0.041122675,242796,229977,485592
[RESULT] 101,128,4,0.041851759,0.039118767,242796,229977,485592
[RESULT] 101,128,5,0.045265913,0.042458773,242796,229977,485592
[RESULT] 101,128,6,0.042906046,0.040085793,242796,229977,485592
[RESULT] 101,128,7,0.042636395,0.039899111,242796,229977,485592
[RESULT] 101,128,8,0.041194201,0.038388252,242796,229977,485592
[RESULT] 101,128,9,0.042734385,0.039799690,242796,229977,485592
[RESULT] 60,128,0,0.041924477,0.038769960,245178,232337,490356
[RESULT] 60,128,1,0.042320490,0.039252281,245178,232337,490356
[RESULT] 60,128,2,0.042537451,0.039450407,245178,232337,490356
[RESULT] 60,128,3,0.043885708,0.040678024,245178,232337,490356
[RESULT] 60,128,4,0.042923927,0.039950848,245178,232337,490356
[RESULT] 60,128,5,0.045627356,0.042641401,245178,232337,490356
[RESULT] 60,128,6,0.044185877,0.041081190,245178,232337,490356
[RESULT] 60,128,7,0.043265820,0.040146112,245178,232337,490356
[RESULT] 60,128,8,0.043251991,0.040078640,245178,232337,490356
[RESULT] 60,128,9,0.042778015,0.039635897,245178,232337,490356
[RESULT] 14,128,5,0.045204878,0.042438745,243756,230853,487512
[RESULT] 14,128,6,0.044031382,0.041273594,243756,230853,487512
[RESULT] 14,128,7,0.042821169,0.040085316,243756,230853,487512
[RESULT] 14,128,8,0.042832851,0.040068150,243756,230853,487512
[RESULT] 14,128,9,0.042844772,0.040092945,243756,230853,487512
[RESULT] 24,128,0,0.044263840,0.041087389,243652,230823,487304
[RESULT] 24,128,1,0.043586969,0.040560246,243652,230823,487304
[RESULT] 24,128,2,0.043204784,0.040023088,243652,230823,487304
[RESULT] 24,128,3,0.043890953,0.040685415,243652,230823,487304
[RESULT] 24,128,4,0.043008566,0.040004730,243652,230823,487304
[RESULT] 24,128,5,0.043148994,0.040256977,243652,230823,487304
[RESULT] 24,128,6,0.044107676,0.040967941,243652,230823,487304
[RESULT] 24,128,7,0.042953491,0.039813757,243652,230823,487304
[RESULT] 82,128,9,0.042816162,0.039545298,243216,230335,486432
[RESULT] 116,128,0,0.044211149,0.041000605,243693,230772,487386
[RESULT] 116,128,1,0.043837309,0.040645838,243693,230772,487386
[RESULT] 116,128,2,0.043315887,0.040090799,243693,230772,487386
[RESULT] 116,128,3,0.044265270,0.041045189,243693,230772,487386
[RESULT] 116,128,4,0.042994499,0.039706945,243693,230772,487386
[RESULT] 116,128,5,0.045205116,0.042095661,243693,230772,487386
[RESULT] 116,128,6,0.044330835,0.041046619,243693,230772,487386
[RESULT] 116,128,7,0.043224096,0.039903641,243693,230772,487386
[RESULT] 74,128,0,0.042191505,0.038957357,243957,231078,487914
[RESULT] 74,128,1,0.042968273,0.039415598,243957,231078,487914
[RESULT] 24,128,8,0.042977333,0.039779663,243652,230823,487304
[RESULT] 24,128,9,0.042888403,0.039705276,243652,230823,487304
[RESULT] 74,128,2,0.043262005,0.039709568,243957,231078,487914
[RESULT] 74,128,3,0.044481277,0.040528297,243957,231078,487914
[RESULT] 74,128,4,0.042934895,0.039676189,243957,231078,487914
[RESULT] 74,128,5,0.045368910,0.042113304,243957,231078,487914
[RESULT] 74,128,6,0.044133186,0.040760994,243957,231078,487914
[RESULT] 74,128,7,0.042680979,0.039504290,243957,231078,487914
[RESULT] 74,128,8,0.042722702,0.039527178,243957,231078,487914
[RESULT] 116,128,8,0.042802572,0.039272547,243693,230772,487386
[RESULT] 116,128,9,0.042831898,0.039342880,243693,230772,487386
[RESULT] 74,128,9,0.042877674,0.039582491,243957,231078,487914
[RESULT] 85,128,0,0.043546438,0.040709734,244710,231853,489420
[RESULT] 85,128,1,0.042896032,0.040166140,244710,231853,489420
[RESULT] 85,128,2,0.042670965,0.039937973,244710,231853,489420
[RESULT] 85,128,3,0.042860270,0.040133715,244710,231853,489420
[RESULT] 85,128,4,0.042352676,0.039629936,244710,231853,489420
[RESULT] 85,128,5,0.044726610,0.042041540,244710,231853,489420
[RESULT] 85,128,6,0.043617725,0.040882587,244710,231853,489420
[RESULT] 85,128,7,0.043030262,0.040331364,244710,231853,489420
[RESULT] 52,128,0,0.043035269,0.039831638,244518,231643,489036
[RESULT] 52,128,1,0.041899204,0.038880110,244518,231643,489036
[RESULT] 52,128,2,0.043223381,0.040035009,244518,231643,489036
[RESULT] 52,128,3,0.043828487,0.040609121,244518,231643,489036
[RESULT] 52,128,4,0.043450117,0.040474653,244518,231643,489036
[RESULT] 52,128,5,0.045093298,0.042103291,244518,231643,489036
[RESULT] 110,128,0,0.044502020,0.041705608,245412,232549,490824
[RESULT] 110,128,1,0.043501854,0.040715456,245412,232549,490824
[RESULT] 110,128,2,0.042299271,0.039564848,245412,232549,490824
[RESULT] 110,128,3,0.043707371,0.040788651,245412,232549,490824
[RESULT] 110,128,4,0.042282104,0.039529800,245412,232549,490824
[RESULT] 110,128,5,0.044470310,0.041711569,245412,232549,490824
[RESULT] 110,128,6,0.042625427,0.039929867,245412,232549,490824
[RESULT] 110,128,7,0.042079926,0.039314270,245412,232549,490824
[RESULT] 110,128,8,0.042614698,0.039807320,245412,232549,490824
[RESULT] 52,128,6,0.043118715,0.039960861,244518,231643,489036
[RESULT] 52,128,7,0.042827845,0.039675951,244518,231643,489036
[RESULT] 52,128,8,0.043059349,0.039849281,244518,231643,489036
[RESULT] 52,128,9,0.042924166,0.039756775,244518,231643,489036
[RESULT] 34,128,0,0.043725491,0.040297508,242858,229992,485716
[RESULT] 34,128,1,0.043301105,0.039769173,242858,229992,485716
[RESULT] 85,128,8,0.042860508,0.040171146,244710,231853,489420
[RESULT] 85,128,9,0.042860746,0.040084600,244710,231853,489420
[RESULT] 0,128,0,0.044093609,0.040946007,242533,229699,485066
[RESULT] 0,128,1,0.043844223,0.040830374,242533,229699,485066
[RESULT] 110,128,9,0.042916775,0.040097475,245412,232549,490824
[RESULT] 0,128,2,0.042483568,0.039408922,242533,229699,485066
[RESULT] 0,128,3,0.046130896,0.040707588,242533,229699,485066
[RESULT] 0,128,4,0.042603970,0.039705753,242533,229699,485066
[RESULT] 0,128,5,0.044562340,0.041573048,242533,229699,485066
[RESULT] 0,128,6,0.042704582,0.039602995,242533,229699,485066
[RESULT] 0,128,7,0.042920828,0.039785862,242533,229699,485066
[RESULT] 0,128,8,0.042980909,0.039824963,242533,229699,485066
[RESULT] 34,128,2,0.043762684,0.040261507,242858,229992,485716
[RESULT] 34,128,3,0.044372559,0.040519953,242858,229992,485716
[RESULT] 34,128,4,0.042894363,0.039721727,242858,229992,485716
[RESULT] 34,128,5,0.045711040,0.042591095,242858,229992,485716
[RESULT] 34,128,6,0.044526815,0.041144133,242858,229992,485716
[RESULT] 34,128,7,0.043282270,0.040071487,242858,229992,485716
[RESULT] 34,128,8,0.043451309,0.040236473,242858,229992,485716
[RESULT] 34,128,9,0.042948723,0.039637089,242858,229992,485716
[RESULT] 64,128,0,0.040439367,0.037468433,243090,230222,486180
[RESULT] 64,128,1,0.043033123,0.039982796,243090,230222,486180
[RESULT] 64,128,2,0.043001413,0.039907455,243090,230222,486180
[RESULT] 64,128,3,0.043289661,0.040162563,243090,230222,486180
[RESULT] 64,128,4,0.043262959,0.040327549,243090,230222,486180
[RESULT] 117,128,0,0.043824673,0.041027069,243537,230673,487074
[RESULT] 117,128,1,0.043148279,0.040399790,243537,230673,487074
[RESULT] 117,128,2,0.042615891,0.039852142,243537,230673,487074
[RESULT] 117,128,3,0.043578386,0.040864229,243537,230673,487074
[RESULT] 117,128,4,0.043101072,0.040364027,243537,230673,487074
[RESULT] 117,128,5,0.045361519,0.042649746,243537,230673,487074
[RESULT] 117,128,6,0.043306351,0.040587425,243537,230673,487074
[RESULT] 117,128,7,0.042627096,0.039915323,243537,230673,487074
[RESULT] 117,128,8,0.042471409,0.039779663,243537,230673,487074
[RESULT] 117,128,9,0.042924643,0.040116072,243537,230673,487074
[RESULT] 0,128,9,0.042984724,0.039814472,242533,229699,485066

Benchmark Summary
Processes: 128
Iterations: 10
Matrix NNZ: 31207734
Total execution time: 31.427 seconds
[RESULT] 97,128,0,0.043720245,0.040836334,243918,231099,487836
[RESULT] 97,128,1,0.043316603,0.040502310,243918,231099,487836
[RESULT] 97,128,2,0.042948484,0.040104389,243918,231099,487836
[RESULT] 97,128,3,0.043303967,0.040456057,243918,231099,487836
[RESULT] 97,128,4,0.043552399,0.040718317,243918,231099,487836
[RESULT] 97,128,5,0.045192003,0.042397499,243918,231099,487836
[RESULT] 97,128,6,0.043387413,0.040599823,243918,231099,487836
[RESULT] 64,128,5,0.044624329,0.041691542,243090,230222,486180
[RESULT] 64,128,6,0.043207884,0.040120363,243090,230222,486180
[RESULT] 64,128,7,0.042722940,0.039635420,243090,230222,486180
[RESULT] 64,128,8,0.043425083,0.040292263,243090,230222,486180
[RESULT] 64,128,9,0.043027878,0.039903641,243090,230222,486180
[RESULT] 92,128,0,0.043647051,0.040415764,243615,230804,487230
[RESULT] 92,128,1,0.043006420,0.039907694,243615,230804,487230
[RESULT] 92,128,2,0.043109894,0.039958239,243615,230804,487230
[RESULT] 92,128,3,0.043905973,0.040678501,243615,230804,487230
[RESULT] 92,128,4,0.042877913,0.039888620,243615,230804,487230
[RESULT] 92,128,5,0.045469284,0.042447329,243615,230804,487230
[RESULT] 122,128,0,0.044514656,0.041583538,244173,231385,488346
[RESULT] 122,128,1,0.044056177,0.041175127,244173,231385,488346
[RESULT] 122,128,2,0.043010712,0.040059328,244173,231385,488346
[RESULT] 122,128,3,0.044186115,0.041135550,244173,231385,488346
[RESULT] 122,128,4,0.043567896,0.040679693,244173,231385,488346
[RESULT] 36,128,0,0.043047428,0.039858580,243055,230247,486110
[RESULT] 36,128,1,0.042755127,0.039734364,243055,230247,486110
[RESULT] 36,128,2,0.042925119,0.039795637,243055,230247,486110
[RESULT] 36,128,3,0.043625355,0.040422440,243055,230247,486110
[RESULT] 36,128,4,0.043100119,0.040094376,243055,230247,486110
[RESULT] 36,128,5,0.045504332,0.042476654,243055,230247,486110
[RESULT] 36,128,6,0.043581009,0.040436029,243055,230247,486110
[RESULT] 36,128,7,0.043055534,0.039904118,243055,230247,486110
[RESULT] 54,128,0,0.044237614,0.040757418,244209,231346,488418
[RESULT] 54,128,1,0.043222189,0.039677620,244209,231346,488418
[RESULT] 54,128,2,0.043639898,0.040102243,244209,231346,488418
[RESULT] 54,128,3,0.045138597,0.041143894,244209,231346,488418
[RESULT] 54,128,4,0.043217659,0.039952040,244209,231346,488418
[RESULT] 54,128,5,0.045681477,0.042536974,244209,231346,488418
[RESULT] 54,128,6,0.044289827,0.040959597,244209,231346,488418
[RESULT] 54,128,7,0.043504715,0.040305138,244209,231346,488418
[RESULT] 54,128,8,0.042894125,0.039715767,244209,231346,488418
[RESULT] 54,128,9,0.043113470,0.039756536,244209,231346,488418
[RESULT] 97,128,7,0.043008804,0.040259600,243918,231099,487836
[RESULT] 97,128,8,0.043017149,0.040199757,243918,231099,487836
[RESULT] 97,128,9,0.042971134,0.040114403,243918,231099,487836
[RESULT] 92,128,6,0.044198036,0.041078806,243615,230804,487230
[RESULT] 92,128,7,0.042945862,0.039787531,243615,230804,487230
[RESULT] 92,128,8,0.042361975,0.039191008,243615,230804,487230
[RESULT] 92,128,9,0.043065071,0.039910316,243615,230804,487230
[RESULT] 122,128,5,0.045066118,0.042057037,244173,231385,488346
[RESULT] 122,128,6,0.044109821,0.041161537,244173,231385,488346
[RESULT] 122,128,7,0.042887688,0.039846897,244173,231385,488346
[RESULT] 122,128,8,0.043170452,0.040195227,244173,231385,488346
[RESULT] 122,128,9,0.043080091,0.040091038,244173,231385,488346
[RESULT] 25,128,0,0.043802500,0.040913105,244289,231498,488578
[RESULT] 25,128,1,0.043425560,0.040516853,244289,231498,488578
[RESULT] 25,128,2,0.043030977,0.040126562,244289,231498,488578
[RESULT] 25,128,3,0.043606281,0.040567398,244289,231498,488578
[RESULT] 25,128,4,0.043212175,0.040175200,244289,231498,488578
[RESULT] 25,128,5,0.045369387,0.042395115,244289,231498,488578
[RESULT] 25,128,6,0.043935061,0.041015148,244289,231498,488578
[RESULT] 25,128,7,0.043044567,0.040239811,244289,231498,488578
[RESULT] 25,128,8,0.043117285,0.040246010,244289,231498,488578
[RESULT] 25,128,9,0.043029070,0.040102959,244289,231498,488578
[RESULT] 96,128,0,0.043316364,0.040079117,243915,231081,487830
[RESULT] 96,128,1,0.043900728,0.040810108,243915,231081,487830
[RESULT] 96,128,2,0.043205976,0.040048122,243915,231081,487830
[RESULT] 96,128,3,0.044600487,0.041431427,243915,231081,487830
[RESULT] 96,128,4,0.043106318,0.040089130,243915,231081,487830
[RESULT] 96,128,5,0.045728207,0.042676449,243915,231081,487830
[RESULT] 96,128,6,0.044527054,0.041420221,243915,231081,487830
[RESULT] 96,128,7,0.043106794,0.039952040,243915,231081,487830
[RESULT] 96,128,8,0.042572260,0.039371729,243915,231081,487830
[RESULT] 96,128,9,0.043084621,0.039912939,243915,231081,487830
[RESULT] 125,128,0,0.043847322,0.041058064,243153,230340,486306
[RESULT] 125,128,1,0.043071985,0.040292263,243153,230340,486306
[RESULT] 125,128,2,0.042998075,0.040180683,243153,230340,486306
[RESULT] 125,128,3,0.043426275,0.040699959,243153,230340,486306
[RESULT] 125,128,4,0.043090105,0.040336370,243153,230340,486306
[RESULT] 125,128,5,0.045189619,0.042421579,243153,230340,486306
[RESULT] 125,128,6,0.043953657,0.041163683,243153,230340,486306
[RESULT] 125,128,7,0.043027878,0.040329456,243153,230340,486306
[RESULT] 125,128,8,0.043076754,0.040232420,243153,230340,486306
[RESULT] 125,128,9,0.043036699,0.040206909,243153,230340,486306
[RESULT] 36,128,8,0.043609381,0.040465832,243055,230247,486110
[RESULT] 36,128,9,0.043086290,0.040022612,243055,230247,486110
[RESULT] 88,128,0,0.042613029,0.039370537,243843,230928,487686
[RESULT] 88,128,1,0.042717934,0.039599419,243843,230928,487686
[RESULT] 88,128,2,0.043250561,0.040054798,243843,230928,487686
[RESULT] 88,128,3,0.043818474,0.040544033,243843,230928,487686
[RESULT] 13,128,0,0.043905973,0.041020632,243398,230511,486796
[RESULT] 13,128,1,0.043646097,0.040798664,243398,230511,486796
[RESULT] 13,128,2,0.043079138,0.040197849,243398,230511,486796
[RESULT] 13,128,3,0.044085264,0.041112185,243398,230511,486796
[RESULT] 13,128,4,0.043203354,0.040256739,243398,230511,486796
[RESULT] 13,128,5,0.045863867,0.042904377,243398,230511,486796
[RESULT] 13,128,6,0.043964624,0.041117668,243398,230511,486796
[RESULT] 13,128,7,0.043183565,0.040400505,243398,230511,486796
[RESULT] 13,128,8,0.043090582,0.040268183,243398,230511,486796
[RESULT] 13,128,9,0.043105125,0.040217876,243398,230511,486796
[RESULT] 88,128,4,0.041673422,0.038745642,243843,230928,487686
[RESULT] 88,128,5,0.044597626,0.041548014,243843,230928,487686
[RESULT] 88,128,6,0.042832613,0.039652348,243843,230928,487686
[RESULT] 88,128,7,0.042982340,0.039797544,243843,230928,487686
[RESULT] 88,128,8,0.042714357,0.039488077,243843,230928,487686
[RESULT] 88,128,9,0.043136358,0.039920092,243843,230928,487686
[RESULT] 104,128,0,0.044089794,0.040667772,244128,231199,488256
[RESULT] 104,128,1,0.042491198,0.039254427,244128,231199,488256
[RESULT] 104,128,2,0.043188572,0.039810896,244128,231199,488256
[RESULT] 104,128,3,0.044022322,0.040662289,244128,231199,488256
[RESULT] 104,128,4,0.042982340,0.039706469,244128,231199,488256
[RESULT] 104,128,5,0.045340300,0.042121649,244128,231199,488256
[RESULT] 104,128,6,0.043308258,0.039979458,244128,231199,488256
[RESULT] 104,128,7,0.042756319,0.039413691,244128,231199,488256
[RESULT] 49,128,0,0.043669701,0.040798903,243186,230328,486372
[RESULT] 49,128,1,0.042083502,0.039288044,243186,230328,486372
[RESULT] 49,128,2,0.043316364,0.040504217,243186,230328,486372
[RESULT] 49,128,3,0.044188499,0.041355133,243186,230328,486372
[RESULT] 49,128,4,0.042603493,0.039879322,243186,230328,486372
[RESULT] 49,128,5,0.045723915,0.042977571,243186,230328,486372
[RESULT] 49,128,6,0.043853283,0.041050196,243186,230328,486372
[RESULT] 49,128,7,0.042977571,0.040277004,243186,230328,486372
[RESULT] 49,128,8,0.043230057,0.040370464,243186,230328,486372
[RESULT] 49,128,9,0.043116570,0.040280342,243186,230328,486372
[RESULT] 104,128,8,0.042826653,0.039453506,244128,231199,488256
[RESULT] 104,128,9,0.043155432,0.039830446,244128,231199,488256
[RESULT] 61,128,0,0.043284655,0.040435076,245151,232336,490302
[RESULT] 61,128,1,0.043192387,0.040473700,245151,232336,490302
[RESULT] 61,128,2,0.042891741,0.040150404,245151,232336,490302
[RESULT] 61,128,3,0.043809414,0.041123629,245151,232336,490302
[RESULT] 61,128,4,0.042796612,0.040094376,245151,232336,490302
[RESULT] 61,128,5,0.045453787,0.042776346,245151,232336,490302
[RESULT] 61,128,6,0.043671608,0.040989161,245151,232336,490302
[RESULT] 61,128,7,0.043059587,0.040437937,245151,232336,490302
[RESULT] 61,128,8,0.042964935,0.040253639,245151,232336,490302
[RESULT] 61,128,9,0.043064356,0.040314198,245151,232336,490302
[RESULT] 109,128,0,0.043649197,0.040881157,244761,231868,489522
[RESULT] 109,128,1,0.042955399,0.040198803,244761,231868,489522
[RESULT] 109,128,2,0.042935133,0.040071726,244761,231868,489522
[RESULT] 109,128,3,0.043867826,0.041058540,244761,231868,489522
[RESULT] 109,128,4,0.043349266,0.040554047,244761,231868,489522
[RESULT] 109,128,5,0.045655727,0.042817354,244761,231868,489522
[RESULT] 109,128,6,0.043523073,0.040735960,244761,231868,489522
[RESULT] 109,128,7,0.042460918,0.039716959,244761,231868,489522
[RESULT] 109,128,8,0.043076277,0.040187597,244761,231868,489522
[RESULT] 109,128,9,0.043094635,0.040208817,244761,231868,489522
[RESULT] 113,128,0,0.043888092,0.041096687,243279,230405,486558
[RESULT] 113,128,1,0.042777538,0.040085077,243279,230405,486558
[RESULT] 113,128,2,0.042949677,0.040173292,243279,230405,486558
[RESULT] 113,128,3,0.043248892,0.040540457,243279,230405,486558
[RESULT] 113,128,4,0.042918682,0.040230274,243279,230405,486558
[RESULT] 113,128,5,0.045465946,0.042774439,243279,230405,486558
[RESULT] 113,128,6,0.043835402,0.041104317,243279,230405,486558
[RESULT] 113,128,7,0.042902708,0.040215015,243279,230405,486558
[RESULT] 113,128,8,0.042932987,0.040190220,243279,230405,486558
[RESULT] 113,128,9,0.043119431,0.040325403,243279,230405,486558
[RESULT] 21,128,0,0.043734789,0.040891886,243994,231136,487988
[RESULT] 21,128,1,0.043075800,0.040223360,243994,231136,487988
[RESULT] 21,128,2,0.042375326,0.039542913,243994,231136,487988
[RESULT] 21,128,3,0.043292522,0.040446281,243994,231136,487988
[RESULT] 21,128,4,0.043025255,0.040183067,243994,231136,487988
[RESULT] 21,128,5,0.045297861,0.042412043,243994,231136,487988
[RESULT] 21,128,6,0.043299913,0.040490389,243994,231136,487988
[RESULT] 21,128,7,0.042598963,0.039906263,243994,231136,487988
[RESULT] 21,128,8,0.043156862,0.040234566,243994,231136,487988
[RESULT] 21,128,9,0.043186903,0.040280342,243994,231136,487988
[RESULT] 65,128,0,0.043453932,0.040490866,243162,230303,486324
[RESULT] 65,128,1,0.042748928,0.039846659,243162,230303,486324
[RESULT] 65,128,2,0.042841434,0.039962053,243162,230303,486324
[RESULT] 65,128,3,0.043532610,0.040773392,243162,230303,486324
[RESULT] 65,128,4,0.042907953,0.040231705,243162,230303,486324
[RESULT] 65,128,5,0.045511961,0.042758703,243162,230303,486324
[RESULT] 65,128,6,0.043884754,0.041008234,243162,230303,486324
[RESULT] 65,128,7,0.042997599,0.040299892,243162,230303,486324
[RESULT] 65,128,8,0.042973518,0.040071011,243162,230303,486324
[RESULT] 65,128,9,0.043137550,0.040240288,243162,230303,486324
[RESULT] 77,128,0,0.043319702,0.040489912,244422,231544,488844
[RESULT] 77,128,1,0.042826891,0.040119648,244422,231544,488844
[RESULT] 77,128,2,0.042815924,0.040091038,244422,231544,488844
[RESULT] 77,128,3,0.043207884,0.040489674,244422,231544,488844
[RESULT] 77,128,4,0.042866945,0.040139437,244422,231544,488844
[RESULT] 77,128,5,0.045163631,0.042456150,244422,231544,488844
[RESULT] 77,128,6,0.043939114,0.041232824,244422,231544,488844
[RESULT] 77,128,7,0.042957067,0.040294409,244422,231544,488844
[RESULT] 77,128,8,0.042903423,0.040200949,244422,231544,488844
[RESULT] 77,128,9,0.043151855,0.040431738,244422,231544,488844
[RESULT] 89,128,0,0.042301178,0.039396286,243606,230744,487212
[RESULT] 89,128,1,0.043265104,0.040286303,243606,230744,487212
[RESULT] 89,128,2,0.042771578,0.039854050,243606,230744,487212
[RESULT] 89,128,3,0.043956041,0.040844679,243606,230744,487212
[RESULT] 89,128,4,0.042927027,0.039880037,243606,230744,487212
[RESULT] 89,128,5,0.045812607,0.042831182,243606,230744,487212
[RESULT] 89,128,6,0.043619394,0.040756226,243606,230744,487212
[RESULT] 89,128,7,0.042973995,0.040091991,243606,230744,487212
[RESULT] 89,128,8,0.043151140,0.040175438,243606,230744,487212
[RESULT] 89,128,9,0.043200493,0.040232420,243606,230744,487212
[RESULT] 105,128,0,0.044066668,0.041122437,243720,230848,487440
[RESULT] 105,128,1,0.043159485,0.040192842,243720,230848,487440
[RESULT] 105,128,2,0.042587042,0.039656639,243720,230848,487440
[RESULT] 105,128,3,0.043534994,0.040443897,243720,230848,487440
[RESULT] 105,128,4,0.043251276,0.040148735,243720,230848,487440
[RESULT] 105,128,5,0.045631170,0.042613745,243720,230848,487440
[RESULT] 105,128,6,0.043694735,0.040740728,243720,230848,487440
[RESULT] 105,128,7,0.041934252,0.039139032,243720,230848,487440
[RESULT] 105,128,8,0.042189121,0.039273739,243720,230848,487440
[RESULT] 105,128,9,0.043154716,0.040162086,243720,230848,487440
[RESULT] 22,128,0,0.043827772,0.040408134,244181,231293,488362
[RESULT] 22,128,1,0.043248892,0.039699078,244181,231293,488362
[RESULT] 22,128,2,0.043249130,0.039722443,244181,231293,488362
[RESULT] 22,128,3,0.044405699,0.040498257,244181,231293,488362
[RESULT] 22,128,4,0.043203592,0.039902925,244181,231293,488362
[RESULT] 22,128,5,0.045331717,0.042139053,244181,231293,488362
[RESULT] 17,128,0,0.043734789,0.040910721,243075,230207,486150
[RESULT] 17,128,1,0.042801619,0.040093660,243075,230207,486150
[RESULT] 17,128,2,0.042796373,0.040020466,243075,230207,486150
[RESULT] 17,128,3,0.043500185,0.040740013,243075,230207,486150
[RESULT] 17,128,4,0.042833805,0.040100336,243075,230207,486150
[RESULT] 17,128,5,0.044160604,0.041519880,243075,230207,486150
[RESULT] 17,128,6,0.042814732,0.040165663,243075,230207,486150
[RESULT] 17,128,7,0.042866707,0.040197372,243075,230207,486150
[RESULT] 17,128,8,0.042996645,0.040266752,243075,230207,486150
[RESULT] 17,128,9,0.043255091,0.040462017,243075,230207,486150
[RESULT] 22,128,6,0.044467688,0.041030645,244181,231293,488362
[RESULT] 22,128,7,0.043241262,0.039978027,244181,231293,488362
[RESULT] 22,128,8,0.043329716,0.040054083,244181,231293,488362
[RESULT] 22,128,9,0.043359756,0.039970875,244181,231293,488362
[RESULT] 45,128,0,0.044143200,0.041224718,244656,231785,489312
[RESULT] 45,128,1,0.043718576,0.040837765,244656,231785,489312
[RESULT] 45,128,2,0.043664217,0.040785789,244656,231785,489312
[RESULT] 45,128,3,0.044235468,0.041218996,244656,231785,489312
[RESULT] 45,128,4,0.043646812,0.040640354,244656,231785,489312
[RESULT] 45,128,5,0.045569658,0.042665958,244656,231785,489312
[RESULT] 45,128,6,0.044475317,0.041612387,244656,231785,489312
[RESULT] 45,128,7,0.043494225,0.040728807,244656,231785,489312
[RESULT] 45,128,8,0.043804407,0.040951729,244656,231785,489312
[RESULT] 45,128,9,0.043195486,0.040320635,244656,231785,489312
[RESULT] 57,128,0,0.043204308,0.040198803,244266,231376,488532
[RESULT] 57,128,1,0.043362856,0.040342093,244266,231376,488532
[RESULT] 57,128,2,0.043521881,0.040545702,244266,231376,488532
[RESULT] 57,128,3,0.044353485,0.041301489,244266,231376,488532
[RESULT] 57,128,4,0.043313503,0.040254593,244266,231376,488532
[RESULT] 57,128,5,0.045934677,0.042916059,244266,231376,488532
[RESULT] 57,128,6,0.044260979,0.041275263,244266,231376,488532
[RESULT] 57,128,7,0.043524981,0.040623665,244266,231376,488532
[RESULT] 57,128,8,0.043659687,0.040728807,244266,231376,488532
[RESULT] 57,128,9,0.043257952,0.040261745,244266,231376,488532
[RESULT] 46,128,0,0.044125795,0.040685177,245184,232325,490368
[RESULT] 46,128,1,0.043290854,0.039790392,245184,232325,490368
[RESULT] 46,128,2,0.043279409,0.039776087,245184,232325,490368
[RESULT] 46,128,3,0.044065475,0.040308714,245184,232325,490368
[RESULT] 46,128,4,0.043276548,0.040054321,245184,232325,490368
[RESULT] 46,128,5,0.045188904,0.042126894,245184,232325,490368
[RESULT] 46,128,6,0.044532299,0.041144133,245184,232325,490368
[RESULT] 46,128,7,0.043233156,0.040035725,245184,232325,490368
[RESULT] 27,128,0,0.044677973,0.041836262,244741,231871,489482
[RESULT] 27,128,1,0.043472290,0.040621519,244741,231871,489482
[RESULT] 27,128,2,0.043346882,0.040487051,244741,231871,489482
[RESULT] 27,128,3,0.044585943,0.041683435,244741,231871,489482
[RESULT] 27,128,4,0.043519020,0.040594578,244741,231871,489482
[RESULT] 27,128,5,0.045805931,0.042878866,244741,231871,489482
[RESULT] 27,128,6,0.044402838,0.041479588,244741,231871,489482
[RESULT] 27,128,7,0.043477535,0.040547371,244741,231871,489482
[RESULT] 27,128,8,0.043582916,0.040685415,244741,231871,489482
[RESULT] 27,128,9,0.043347359,0.040427208,244741,231871,489482
[RESULT] 69,128,0,0.044131994,0.041150808,244254,231418,488508
[RESULT] 69,128,1,0.043777704,0.040878057,244254,231418,488508
[RESULT] 69,128,2,0.043634892,0.040736675,244254,231418,488508
[RESULT] 69,128,3,0.043783188,0.040971994,244254,231418,488508
[RESULT] 69,128,4,0.043327570,0.040578127,244254,231418,488508
[RESULT] 69,128,5,0.045376301,0.042554855,244254,231418,488508
[RESULT] 69,128,6,0.043919563,0.041005850,244254,231418,488508
[RESULT] 69,128,7,0.043466091,0.040677071,244254,231418,488508
[RESULT] 69,128,8,0.043146610,0.040171146,244254,231418,488508
[RESULT] 69,128,9,0.043256760,0.040302992,244254,231418,488508
[RESULT] 124,128,0,0.044611931,0.041120052,243417,230666,486834
[RESULT] 124,128,1,0.044518232,0.041113138,243417,230666,486834
[RESULT] 46,128,8,0.043648958,0.040505886,245184,232325,490368
[RESULT] 46,128,9,0.043439865,0.040180445,245184,232325,490368
[RESULT] 51,128,0,0.043855906,0.041040421,243321,230508,486642
[RESULT] 51,128,1,0.043620110,0.040775061,243321,230508,486642
[RESULT] 51,128,2,0.043867588,0.041012764,243321,230508,486642
[RESULT] 51,128,3,0.044309616,0.041468620,243321,230508,486642
[RESULT] 51,128,4,0.043621063,0.040731192,243321,230508,486642
[RESULT] 51,128,5,0.045871735,0.043039799,243321,230508,486642
[RESULT] 51,128,6,0.044459343,0.041626215,243321,230508,486642
[RESULT] 51,128,7,0.043671608,0.040827990,243321,230508,486642
[RESULT] 51,128,8,0.043519258,0.040682316,243321,230508,486642
[RESULT] 51,128,9,0.043334007,0.040509224,243321,230508,486642
[RESULT] 37,128,0,0.043560028,0.040642500,243335,230500,486670
[RESULT] 37,128,1,0.043217897,0.040315866,243335,230500,486670
[RESULT] 37,128,2,0.043203354,0.039947748,243335,230500,486670
[RESULT] 37,128,3,0.044002295,0.041146040,243335,230500,486670
[RESULT] 37,128,4,0.043150425,0.040250540,243335,230500,486670
[RESULT] 37,128,5,0.045486927,0.042678833,243335,230500,486670
[RESULT] 37,128,6,0.043649673,0.040803194,243335,230500,486670
[RESULT] 37,128,7,0.043100119,0.040367126,243335,230500,486670
[RESULT] 37,128,8,0.043277502,0.040374756,243335,230500,486670
[RESULT] 37,128,9,0.043358088,0.040461063,243335,230500,486670
[RESULT] 124,128,2,0.043549538,0.040101051,243417,230666,486834
[RESULT] 124,128,3,0.043953657,0.040551186,243417,230666,486834
[RESULT] 124,128,4,0.043649912,0.040298223,243417,230666,486834
[RESULT] 124,128,5,0.045716047,0.042390108,243417,230666,486834
[RESULT] 124,128,6,0.044774771,0.041355371,243417,230666,486834
[RESULT] 124,128,7,0.043427467,0.039967060,243417,230666,486834
[RESULT] 124,128,8,0.043557167,0.040100813,243417,230666,486834
[RESULT] 124,128,9,0.043346882,0.039937258,243417,230666,486834
[RESULT] 58,128,0,0.041771650,0.038691521,244506,231667,489012
[RESULT] 58,128,1,0.043227196,0.039654732,244506,231667,489012
[RESULT] 58,128,2,0.043486834,0.039934635,244506,231667,489012
[RESULT] 58,128,3,0.045338392,0.041408300,244506,231667,489012
[RESULT] 58,128,4,0.041872263,0.038897753,244506,231667,489012
[RESULT] 58,128,5,0.045732737,0.042571306,244506,231667,489012
[RESULT] 58,128,6,0.044561148,0.041188955,244506,231667,489012
[RESULT] 55,128,0,0.042287827,0.039530277,243666,230803,487332
[RESULT] 55,128,1,0.042946577,0.040112495,243666,230803,487332
[RESULT] 55,128,2,0.043639898,0.040763617,243666,230803,487332
[RESULT] 55,128,3,0.042523623,0.039850235,243666,230803,487332
[RESULT] 55,128,4,0.043256760,0.040366650,243666,230803,487332
[RESULT] 55,128,5,0.045469761,0.042620659,243666,230803,487332
[RESULT] 55,128,6,0.044357777,0.041456699,243666,230803,487332
[RESULT] 55,128,7,0.043476820,0.040590048,243666,230803,487332
[RESULT] 55,128,8,0.043341637,0.040486813,243666,230803,487332
[RESULT] 55,128,9,0.043316841,0.040446997,243666,230803,487332
[RESULT] 53,128,0,0.043560982,0.040668726,244257,231373,488514
[RESULT] 53,128,1,0.043029070,0.040236712,244257,231373,488514
[RESULT] 53,128,2,0.042619944,0.039892912,244257,231373,488514
[RESULT] 53,128,3,0.043422699,0.040674210,244257,231373,488514
[RESULT] 53,128,4,0.042667866,0.039898157,244257,231373,488514
[RESULT] 53,128,5,0.045330286,0.042635918,244257,231373,488514
[RESULT] 53,128,6,0.043796778,0.041054726,244257,231373,488514
[RESULT] 53,128,7,0.042323112,0.039705276,244257,231373,488514
[RESULT] 53,128,8,0.042781830,0.040067911,244257,231373,488514
[RESULT] 53,128,9,0.043311357,0.040508032,244257,231373,488514
[RESULT] 58,128,7,0.043056488,0.039860487,244506,231667,489012
[RESULT] 58,128,8,0.043282747,0.040043592,244506,231667,489012
[RESULT] 58,128,9,0.043476343,0.040091753,244506,231667,489012
[RESULT] 23,128,0,0.043873787,0.041007996,245001,232095,490002
[RESULT] 23,128,1,0.043296576,0.040493965,245001,232095,490002
[RESULT] 23,128,2,0.043428421,0.040550470,245001,232095,490002
[RESULT] 23,128,3,0.044471741,0.041567326,245001,232095,490002
[RESULT] 23,128,4,0.043418407,0.040501595,245001,232095,490002
[RESULT] 23,128,5,0.045551062,0.042639971,245001,232095,490002
[RESULT] 23,128,6,0.044377327,0.041459084,245001,232095,490002
[RESULT] 23,128,7,0.043458223,0.040546417,245001,232095,490002
[RESULT] 23,128,8,0.043071270,0.040224075,245001,232095,490002
[RESULT] 23,128,9,0.043375254,0.040471315,245001,232095,490002
[RESULT] 1,128,0,0.044342756,0.041495085,242636,229786,485272
[RESULT] 1,128,1,0.043746471,0.040879726,242636,229786,485272
[RESULT] 1,128,2,0.043858767,0.041003466,242636,229786,485272
[RESULT] 1,128,3,0.044632912,0.041701555,242636,229786,485272
[RESULT] 1,128,4,0.043387651,0.040436745,242636,229786,485272
[RESULT] 1,128,5,0.045981169,0.043054581,242636,229786,485272
[RESULT] 1,128,6,0.044394255,0.041520119,242636,229786,485272
[RESULT] 1,128,7,0.043320656,0.040611744,242636,229786,485272
[RESULT] 1,128,8,0.043724060,0.040864944,242636,229786,485272
[RESULT] 1,128,9,0.043352604,0.040462255,242636,229786,485272
[RESULT] 83,128,0,0.043346643,0.040505648,243786,230957,487572
[RESULT] 83,128,1,0.042873859,0.040040493,243786,230957,487572
[RESULT] 83,128,2,0.043265820,0.040409327,243786,230957,487572
[RESULT] 83,128,3,0.044456005,0.041513681,243786,230957,487572
[RESULT] 83,128,4,0.043551445,0.040590525,243786,230957,487572
[RESULT] 83,128,5,0.045776844,0.042812824,243786,230957,487572
[RESULT] 83,128,6,0.044193506,0.041302204,243786,230957,487572
[RESULT] 83,128,7,0.043556452,0.040640593,243786,230957,487572
[RESULT] 83,128,8,0.043839455,0.040880203,243786,230957,487572
[RESULT] 83,128,9,0.043372154,0.040457249,243786,230957,487572
[RESULT] 9,128,0,0.043623209,0.040641069,243370,230457,486740
[RESULT] 9,128,1,0.043377638,0.040388823,243370,230457,486740
[RESULT] 9,128,2,0.043179750,0.040198803,243370,230457,486740
[RESULT] 9,128,3,0.044060707,0.040987492,243370,230457,486740
[RESULT] 9,128,4,0.043372393,0.040288925,243370,230457,486740
[RESULT] 9,128,5,0.045899868,0.042817354,243370,230457,486740
[RESULT] 9,128,6,0.044142962,0.041113138,243370,230457,486740
[RESULT] 9,128,7,0.042928934,0.040115118,243370,230457,486740
[RESULT] 9,128,8,0.042873144,0.039920568,243370,230457,486740
[RESULT] 9,128,9,0.043436289,0.040457010,243370,230457,486740
[RESULT] 103,128,0,0.044823408,0.041861057,244083,231172,488166
[RESULT] 103,128,1,0.043806791,0.040827751,244083,231172,488166
[RESULT] 103,128,2,0.043576002,0.040634632,244083,231172,488166
[RESULT] 103,128,3,0.044650078,0.041669130,244083,231172,488166
[RESULT] 103,128,4,0.043795586,0.040841579,244083,231172,488166
[RESULT] 103,128,5,0.045777321,0.042814732,244083,231172,488166
[RESULT] 103,128,6,0.044249535,0.041299582,244083,231172,488166
[RESULT] 103,128,7,0.043166399,0.040199518,244083,231172,488166
[RESULT] 103,128,8,0.043618441,0.040670395,244083,231172,488166
[RESULT] 103,128,9,0.043363333,0.040418863,244083,231172,488166
[RESULT] 41,128,0,0.043742418,0.040769577,243243,230425,486486
[RESULT] 41,128,1,0.042737961,0.039764404,243243,230425,486486
[RESULT] 41,128,2,0.043562651,0.040629864,243243,230425,486486
[RESULT] 41,128,3,0.043986320,0.041198730,243243,230425,486486
[RESULT] 41,128,4,0.042864561,0.040073633,243243,230425,486486
[RESULT] 41,128,5,0.045779943,0.042982101,243243,230425,486486
[RESULT] 41,128,6,0.044377804,0.041437149,243243,230425,486486
[RESULT] 41,128,7,0.043322325,0.040567160,243243,230425,486486
[RESULT] 41,128,8,0.043012619,0.040079594,243243,230425,486486
[RESULT] 41,128,9,0.043386936,0.040460348,243243,230425,486486
[RESULT] 35,128,0,0.043518066,0.040667772,242826,230035,485652
[RESULT] 35,128,1,0.042738199,0.040002346,242826,230035,485652
[RESULT] 35,128,2,0.042979240,0.040189743,242826,230035,485652
[RESULT] 35,128,3,0.044291973,0.041407108,242826,230035,485652
[RESULT] 35,128,4,0.043639183,0.040727139,242826,230035,485652
[RESULT] 35,128,5,0.045960188,0.043059349,242826,230035,485652
[RESULT] 35,128,6,0.043326855,0.040541649,242826,230035,485652
[RESULT] 35,128,7,0.043636560,0.040747643,242826,230035,485652
[RESULT] 35,128,8,0.043615580,0.040744781,242826,230035,485652
[RESULT] 35,128,9,0.043451071,0.040585279,242826,230035,485652
[RESULT] 5,128,0,0.044237852,0.041282415,243945,231096,487890
[RESULT] 5,128,1,0.043266773,0.040356398,243945,231096,487890
[RESULT] 5,128,2,0.043238640,0.040285110,243945,231096,487890
[RESULT] 5,128,3,0.043493509,0.040745974,243945,231096,487890
[RESULT] 5,128,4,0.042913437,0.040174961,243945,231096,487890
[RESULT] 5,128,5,0.045187712,0.042387724,243945,231096,487890
[RESULT] 5,128,6,0.044097185,0.041136980,243945,231096,487890
[RESULT] 5,128,7,0.042935848,0.040238380,243945,231096,487890
[RESULT] 5,128,8,0.043266535,0.040303946,243945,231096,487890
[RESULT] 5,128,9,0.043457508,0.040529490,243945,231096,487890
[RESULT] 67,128,0,0.044118643,0.041157484,243576,230736,487152
[RESULT] 67,128,1,0.043786287,0.040858507,243576,230736,487152
[RESULT] 67,128,2,0.043549776,0.040664434,243576,230736,487152
[RESULT] 67,128,3,0.044464350,0.041569233,243576,230736,487152
[RESULT] 67,128,4,0.043390751,0.040488005,243576,230736,487152
[RESULT] 67,128,5,0.045761347,0.042836189,243576,230736,487152
[RESULT] 67,128,6,0.044410706,0.041518450,243576,230736,487152
[RESULT] 67,128,7,0.043280840,0.040373802,243576,230736,487152
[RESULT] 67,128,8,0.043699980,0.040747881,243576,230736,487152
[RESULT] 67,128,9,0.043465853,0.040565252,243576,230736,487152
[RESULT] 73,128,0,0.043936253,0.040982962,243648,230779,487296
[RESULT] 73,128,1,0.043172121,0.040345907,243648,230779,487296
[RESULT] 73,128,2,0.043300390,0.040452003,243648,230779,487296
[RESULT] 73,128,3,0.044114590,0.041307688,243648,230779,487296
[RESULT] 73,128,4,0.042982817,0.040174961,243648,230779,487296
[RESULT] 73,128,5,0.045381784,0.042611837,243648,230779,487296
[RESULT] 73,128,6,0.043783903,0.041007996,243648,230779,487296
[RESULT] 73,128,7,0.043154716,0.040395975,243648,230779,487296
[RESULT] 73,128,8,0.042625904,0.039843321,243648,230779,487296
[RESULT] 73,128,9,0.043461084,0.040616989,243648,230779,487296
[RESULT] 107,128,0,0.044781446,0.041818142,244227,231398,488454
[RESULT] 107,128,1,0.043803215,0.040802002,244227,231398,488454
[RESULT] 107,128,2,0.043953419,0.040956736,244227,231398,488454
[RESULT] 107,128,3,0.044608116,0.041594505,244227,231398,488454
[RESULT] 107,128,4,0.043751955,0.040768147,244227,231398,488454
[RESULT] 107,128,5,0.046093225,0.043118238,244227,231398,488454
[RESULT] 107,128,6,0.044549704,0.041529179,244227,231398,488454
[RESULT] 107,128,7,0.043091059,0.040112019,244227,231398,488454
[RESULT] 107,128,8,0.043702841,0.040701628,244227,231398,488454
[RESULT] 107,128,9,0.043481588,0.040470600,244227,231398,488454
[RESULT] 93,128,0,0.043598652,0.040651560,244446,231652,488892
[RESULT] 93,128,1,0.043005943,0.040117741,244446,231652,488892
[RESULT] 93,128,2,0.042692184,0.039812565,244446,231652,488892
[RESULT] 93,128,3,0.043109894,0.040383577,244446,231652,488892
[RESULT] 93,128,4,0.042266607,0.039603949,244446,231652,488892
[RESULT] 93,128,5,0.045622110,0.042865753,244446,231652,488892
[RESULT] 93,128,6,0.043568134,0.040728807,244446,231652,488892
[RESULT] 93,128,7,0.042904615,0.040255785,244446,231652,488892
[RESULT] 93,128,8,0.043062449,0.040165901,244446,231652,488892
[RESULT] 93,128,9,0.043541670,0.040688753,244446,231652,488892
[RESULT] 75,128,0,0.044663191,0.041661501,244134,231205,488268
[RESULT] 75,128,1,0.043573618,0.040604591,244134,231205,488268
[RESULT] 75,128,2,0.043682814,0.040719986,244134,231205,488268
[RESULT] 75,128,3,0.044494629,0.041534424,244134,231205,488268
[RESULT] 75,128,4,0.043445587,0.040458441,244134,231205,488268
[RESULT] 75,128,5,0.045924187,0.042917490,244134,231205,488268
[RESULT] 75,128,6,0.044383049,0.041418552,244134,231205,488268
[RESULT] 75,128,7,0.043836832,0.040832520,244134,231205,488268
[RESULT] 75,128,8,0.043614149,0.040664434,244134,231205,488268
[RESULT] 75,128,9,0.043489933,0.040522575,244134,231205,488268
[RESULT] 111,128,0,0.044415236,0.041603327,244140,231269,488280
[RESULT] 111,128,1,0.043930531,0.041066408,244140,231269,488280
[RESULT] 111,128,2,0.043643236,0.040758133,244140,231269,488280
[RESULT] 111,128,3,0.044610977,0.041742802,244140,231269,488280
[RESULT] 111,128,4,0.043533325,0.040674925,244140,231269,488280
[RESULT] 111,128,5,0.047569036,0.043005228,244140,231269,488280
[RESULT] 111,128,6,0.044504881,0.041622162,244140,231269,488280
[RESULT] 111,128,7,0.043545961,0.040663004,244140,231269,488280
[RESULT] 111,128,8,0.043680906,0.040780544,244140,231269,488280
[RESULT] 111,128,9,0.043485403,0.040605307,244140,231269,488280
[RESULT] 123,128,0,0.044443369,0.041500092,243705,230922,487410
[RESULT] 123,128,1,0.044025421,0.041064501,243705,230922,487410
[RESULT] 123,128,2,0.045555353,0.040830612,243705,230922,487410
[RESULT] 123,128,3,0.043800116,0.040942669,243705,230922,487410
[RESULT] 123,128,4,0.043542624,0.040580750,243705,230922,487410
[RESULT] 123,128,5,0.045861959,0.042901039,243705,230922,487410
[RESULT] 123,128,6,0.044455051,0.041499138,243705,230922,487410
[RESULT] 123,128,7,0.043591976,0.040628910,243705,230922,487410
[RESULT] 123,128,8,0.043379307,0.040445805,243705,230922,487410
[RESULT] 123,128,9,0.043504000,0.040544748,243705,230922,487410
[RESULT] 3,128,0,0.044366360,0.041546345,243466,230565,486932
[RESULT] 3,128,1,0.043886423,0.041041374,243466,230565,486932
[RESULT] 3,128,2,0.043870449,0.041003466,243466,230565,486932
[RESULT] 3,128,3,0.044647694,0.041782618,243466,230565,486932
[RESULT] 3,128,4,0.043485880,0.040584564,243466,230565,486932
[RESULT] 3,128,5,0.046010733,0.043092728,243466,230565,486932
[RESULT] 3,128,6,0.044538498,0.041625261,243466,230565,486932
[RESULT] 3,128,7,0.043605804,0.040716410,243466,230565,486932
[RESULT] 3,128,8,0.043753386,0.040874243,243466,230565,486932
[RESULT] 3,128,9,0.043508053,0.040630579,243466,230565,486932
[RESULT] 47,128,0,0.043169260,0.040375471,245127,232273,490254
[RESULT] 47,128,1,0.043655157,0.040787697,245127,232273,490254
[RESULT] 47,128,2,0.041677237,0.039058924,245127,232273,490254
[RESULT] 47,128,3,0.044171572,0.041337967,245127,232273,490254
[RESULT] 47,128,4,0.042020321,0.039299250,245127,232273,490254
[RESULT] 47,128,5,0.045926571,0.043094397,245127,232273,490254
[RESULT] 47,128,6,0.044316530,0.041465282,245127,232273,490254
[RESULT] 47,128,7,0.043655157,0.040819645,245127,232273,490254
[RESULT] 47,128,8,0.043616056,0.040774584,245127,232273,490254
[RESULT] 47,128,9,0.043524265,0.040690899,245127,232273,490254
[RESULT] 15,128,0,0.044638634,0.041829109,243313,230443,486626
[RESULT] 15,128,1,0.043892384,0.041084528,243313,230443,486626
[RESULT] 15,128,2,0.043832779,0.040990591,243313,230443,486626
[RESULT] 15,128,3,0.044639111,0.041808605,243313,230443,486626
[RESULT] 15,128,4,0.043699980,0.040839911,243313,230443,486626
[RESULT] 15,128,5,0.045966864,0.043118238,243313,230443,486626
[RESULT] 63,128,0,0.044527054,0.041656017,243645,230800,487290
[RESULT] 63,128,1,0.043684006,0.040848494,243645,230800,487290
[RESULT] 63,128,2,0.043796062,0.040981531,243645,230800,487290
[RESULT] 63,128,3,0.044507980,0.041663885,243645,230800,487290
[RESULT] 63,128,4,0.043605089,0.040773392,243645,230800,487290
[RESULT] 63,128,5,0.045662403,0.042860270,243645,230800,487290
[RESULT] 63,128,6,0.044469118,0.041656017,243645,230800,487290
[RESULT] 63,128,7,0.043544531,0.040727377,243645,230800,487290
[RESULT] 63,128,8,0.043556929,0.040714502,243645,230800,487290
[RESULT] 63,128,9,0.043532133,0.040705442,243645,230800,487290
[RESULT] 15,128,6,0.044616699,0.041769028,243313,230443,486626
[RESULT] 15,128,7,0.043566227,0.040700197,243313,230443,486626
[RESULT] 15,128,8,0.043827772,0.040980339,243313,230443,486626
[RESULT] 15,128,9,0.043585300,0.040758848,243313,230443,486626
[RESULT] 79,128,0,0.044570923,0.041683674,243855,230994,487710
[RESULT] 79,128,1,0.043850422,0.041026354,243855,230994,487710
[RESULT] 79,128,2,0.043647528,0.040867805,243855,230994,487710
[RESULT] 79,128,3,0.044195652,0.041353941,243855,230994,487710
[RESULT] 79,128,4,0.042771578,0.039990902,243855,230994,487710
[RESULT] 79,128,5,0.045609236,0.042748451,243855,230994,487710
[RESULT] 79,128,6,0.044244528,0.041411877,243855,230994,487710
[RESULT] 81,128,0,0.044195414,0.041339636,243678,230807,487356
[RESULT] 81,128,1,0.043704748,0.040880919,243678,230807,487356
[RESULT] 81,128,2,0.043683767,0.040895462,243678,230807,487356
[RESULT] 81,128,3,0.044473648,0.041673183,243678,230807,487356
[RESULT] 81,128,4,0.042878389,0.040130615,243678,230807,487356
[RESULT] 81,128,5,0.045686722,0.042901039,243678,230807,487356
[RESULT] 81,128,6,0.043931246,0.041145802,243678,230807,487356
[RESULT] 81,128,7,0.042979717,0.040247440,243678,230807,487356
[RESULT] 81,128,8,0.043246984,0.040427685,243678,230807,487356
[RESULT] 81,128,9,0.043627024,0.040843010,243678,230807,487356
[RESULT] 121,128,0,0.043826580,0.040875673,243477,230662,486954
[RESULT] 121,128,1,0.043418884,0.040507317,243477,230662,486954
[RESULT] 121,128,2,0.043116093,0.040190220,243477,230662,486954
[RESULT] 121,128,3,0.043856144,0.040808678,243477,230662,486954
[RESULT] 121,128,4,0.043220282,0.040166616,243477,230662,486954
[RESULT] 121,128,5,0.045676708,0.042662144,243477,230662,486954
[RESULT] 121,128,6,0.043974876,0.041058064,243477,230662,486954
[RESULT] 121,128,7,0.043117285,0.040317297,243477,230662,486954
[RESULT] 121,128,8,0.043199301,0.040247917,243477,230662,486954
[RESULT] 121,128,9,0.043509483,0.040563583,243477,230662,486954
[RESULT] 19,128,0,0.044490576,0.041641951,242807,229948,485614
[RESULT] 19,128,1,0.043713808,0.040907145,242807,229948,485614
[RESULT] 19,128,2,0.043441057,0.040617943,242807,229948,485614
[RESULT] 19,128,3,0.044238567,0.041391611,242807,229948,485614
[RESULT] 39,128,0,0.043911695,0.040986300,244056,231190,488112
[RESULT] 39,128,1,0.044055462,0.041136026,244056,231190,488112
[RESULT] 39,128,2,0.043841362,0.040884495,244056,231190,488112
[RESULT] 39,128,3,0.044538021,0.041599989,244056,231190,488112
[RESULT] 39,128,4,0.043530226,0.040553570,244056,231190,488112
[RESULT] 39,128,5,0.045999527,0.043090820,244056,231190,488112
[RESULT] 39,128,6,0.044473171,0.041572571,244056,231190,488112
[RESULT] 39,128,7,0.043760300,0.040833950,244056,231190,488112
[RESULT] 39,128,8,0.043859720,0.040950775,244056,231190,488112
[RESULT] 39,128,9,0.043655396,0.040755510,244056,231190,488112
[RESULT] 79,128,7,0.043497562,0.040639162,243855,230994,487710
[RESULT] 79,128,8,0.043585539,0.040738344,243855,230994,487710
[RESULT] 79,128,9,0.043641806,0.040776968,243855,230994,487710
[RESULT] 115,128,0,0.044665575,0.041758060,244233,231348,488466
[RESULT] 115,128,1,0.043946505,0.041020870,244233,231348,488466
[RESULT] 115,128,2,0.043493032,0.040595531,244233,231348,488466
[RESULT] 115,128,3,0.044499397,0.041562796,244233,231348,488466
[RESULT] 115,128,4,0.043442726,0.040556908,244233,231348,488466
[RESULT] 115,128,5,0.045989275,0.043060064,244233,231348,488466
[RESULT] 115,128,6,0.044345379,0.041416168,244233,231348,488466
[RESULT] 115,128,7,0.043700695,0.040785789,244233,231348,488466
[RESULT] 115,128,8,0.043344736,0.040435791,244233,231348,488466
[RESULT] 115,128,9,0.043668032,0.040710449,244233,231348,488466
[RESULT] 19,128,4,0.043480396,0.040627718,242807,229948,485614
[RESULT] 19,128,5,0.045778990,0.042914152,242807,229948,485614
[RESULT] 19,128,6,0.044497252,0.041654110,242807,229948,485614
[RESULT] 19,128,7,0.043533325,0.040676832,242807,229948,485614
[RESULT] 19,128,8,0.043657064,0.040829659,242807,229948,485614
[RESULT] 19,128,9,0.043677568,0.040815830,242807,229948,485614
[RESULT] 31,128,0,0.044163465,0.041334152,243524,230673,487048
[RESULT] 31,128,1,0.043627501,0.040795803,243524,230673,487048
[RESULT] 31,128,2,0.043555975,0.040741920,243524,230673,487048
[RESULT] 31,128,3,0.043688536,0.040915251,243524,230673,487048
[RESULT] 31,128,4,0.043348551,0.040484905,243524,230673,487048
[RESULT] 43,128,0,0.043987274,0.041019917,243960,231146,487920
[RESULT] 43,128,1,0.042948961,0.040069103,243960,231146,487920
[RESULT] 43,128,2,0.042710304,0.039848328,243960,231146,487920
[RESULT] 43,128,3,0.044154406,0.041227341,243960,231146,487920
[RESULT] 43,128,4,0.043034792,0.040068150,243960,231146,487920
[RESULT] 43,128,5,0.046008110,0.042999268,243960,231146,487920
[RESULT] 43,128,6,0.044528484,0.041528225,243960,231146,487920
[RESULT] 43,128,7,0.043740034,0.040733576,243960,231146,487920
[RESULT] 43,128,8,0.043705702,0.040760756,243960,231146,487920
[RESULT] 43,128,9,0.043678761,0.040696621,243960,231146,487920
[RESULT] 87,128,0,0.044428825,0.041528940,244317,231461,488634
[RESULT] 87,128,1,0.043571234,0.040663719,244317,231461,488634
[RESULT] 87,128,2,0.043870687,0.040952682,244317,231461,488634
[RESULT] 87,128,3,0.044660568,0.041753292,244317,231461,488634
[RESULT] 87,128,4,0.043343306,0.040403366,244317,231461,488634
[RESULT] 87,128,5,0.046042919,0.043103218,244317,231461,488634
[RESULT] 87,128,6,0.044518232,0.041569233,244317,231461,488634
[RESULT] 87,128,7,0.043733120,0.040793180,244317,231461,488634
[RESULT] 87,128,8,0.043841600,0.040917158,244317,231461,488634
[RESULT] 87,128,9,0.043702602,0.040741920,244317,231461,488634
[RESULT] 31,128,5,0.045867682,0.043047905,243524,230673,487048
[RESULT] 31,128,6,0.044212103,0.041357040,243524,230673,487048
[RESULT] 31,128,7,0.042669773,0.039931536,243524,230673,487048
[RESULT] 31,128,8,0.043801308,0.040952682,243524,230673,487048
[RESULT] 31,128,9,0.043610811,0.040764809,243524,230673,487048
[RESULT] 59,128,0,0.043522358,0.040576220,244677,231819,489354
[RESULT] 59,128,1,0.042214155,0.039418936,244677,231819,489354
[RESULT] 59,128,2,0.043768406,0.040819407,244677,231819,489354
[RESULT] 59,128,3,0.044571400,0.041634321,244677,231819,489354
[RESULT] 59,128,4,0.043766260,0.040827751,244677,231819,489354
[RESULT] 59,128,5,0.045845270,0.042955399,244677,231819,489354
[RESULT] 59,128,6,0.044337511,0.041403770,244677,231819,489354
[RESULT] 59,128,7,0.043200970,0.040301561,244677,231819,489354
[RESULT] 59,128,8,0.043823719,0.040877819,244677,231819,489354
[RESULT] 119,128,0,0.043854952,0.040993452,243099,230230,486198
[RESULT] 119,128,1,0.043326855,0.040408850,243099,230230,486198
[RESULT] 119,128,2,0.043726921,0.040789127,243099,230230,486198
[RESULT] 119,128,3,0.044546604,0.041648388,243099,230230,486198
[RESULT] 119,128,4,0.043616056,0.040740013,243099,230230,486198
[RESULT] 119,128,5,0.045887947,0.042927980,243099,230230,486198
[RESULT] 119,128,6,0.044579506,0.041639328,243099,230230,486198
[RESULT] 119,128,7,0.043609619,0.040652275,243099,230230,486198
[RESULT] 119,128,8,0.043957949,0.040992022,243099,230230,486198
[RESULT] 119,128,9,0.043734550,0.040788412,243099,230230,486198
[RESULT] 7,128,0,0.044613361,0.041688204,243773,230874,487546
[RESULT] 7,128,1,0.043766022,0.040849686,243773,230874,487546
[RESULT] 7,128,2,0.043736458,0.040805101,243773,230874,487546
[RESULT] 7,128,3,0.044759035,0.041815042,243773,230874,487546
[RESULT] 7,128,4,0.043689728,0.040752172,243773,230874,487546
[RESULT] 7,128,5,0.045865774,0.042886972,243773,230874,487546
[RESULT] 7,128,6,0.044367552,0.041449070,243773,230874,487546
[RESULT] 7,128,7,0.043733120,0.040802956,243773,230874,487546
[RESULT] 7,128,8,0.043724537,0.040764332,243773,230874,487546
[RESULT] 7,128,9,0.043777227,0.040832758,243773,230874,487546
[RESULT] 11,128,0,0.043937206,0.041055918,243483,230558,486966
[RESULT] 11,128,1,0.043514252,0.040629387,243483,230558,486966
[RESULT] 11,128,2,0.043826818,0.040904999,243483,230558,486966
[RESULT] 11,128,3,0.044706583,0.041779280,243483,230558,486966
[RESULT] 11,128,4,0.043455124,0.040555239,243483,230558,486966
[RESULT] 11,128,5,0.046000481,0.043017149,243483,230558,486966
[RESULT] 11,128,6,0.044476271,0.041522741,243483,230558,486966
[RESULT] 11,128,7,0.043665648,0.040714979,243483,230558,486966
[RESULT] 11,128,8,0.043919563,0.040977716,243483,230558,486966
[RESULT] 11,128,9,0.043777466,0.040830851,243483,230558,486966
[RESULT] 59,128,9,0.043761015,0.040815830,244677,231819,489354
[RESULT] 71,128,0,0.043861866,0.040892601,244188,231370,488376
[RESULT] 71,128,1,0.043551922,0.040610552,244188,231370,488376
[RESULT] 71,128,2,0.044038534,0.041135788,244188,231370,488376
[RESULT] 71,128,3,0.044611216,0.041651964,244188,231370,488376
[RESULT] 71,128,4,0.043849230,0.040894747,244188,231370,488376
[RESULT] 71,128,5,0.045587540,0.042657852,244188,231370,488376
[RESULT] 71,128,6,0.044611692,0.041700840,244188,231370,488376
[RESULT] 71,128,7,0.043642282,0.040713787,244188,231370,488376
[RESULT] 71,128,8,0.043786049,0.040836334,244188,231370,488376
[RESULT] 71,128,9,0.043763876,0.040828943,244188,231370,488376
[RESULT] 91,128,0,0.044807434,0.041803837,243738,230905,487476
[RESULT] 91,128,1,0.044034481,0.041042805,243738,230905,487476
[RESULT] 91,128,2,0.044173956,0.041203260,243738,230905,487476
[RESULT] 91,128,3,0.044911385,0.041901350,243738,230905,487476
[RESULT] 91,128,4,0.043695927,0.040670156,243738,230905,487476
[RESULT] 91,128,5,0.046108961,0.043124914,243738,230905,487476
[RESULT] 91,128,6,0.044679642,0.041698217,243738,230905,487476
[RESULT] 91,128,7,0.043741465,0.040738344,243738,230905,487476
[RESULT] 91,128,8,0.043966770,0.040974140,243738,230905,487476
[RESULT] 91,128,9,0.043765783,0.040774822,243738,230905,487476
[RESULT] 95,128,0,0.043695450,0.040901184,244149,231312,488298
[RESULT] 95,128,1,0.043457747,0.040594101,244149,231312,488298
[RESULT] 95,128,2,0.043806791,0.040944576,244149,231312,488298
[RESULT] 95,128,3,0.044610500,0.041772604,244149,231312,488298
[RESULT] 95,128,4,0.043610811,0.040791750,244149,231312,488298
[RESULT] 95,128,5,0.045898676,0.043051958,244149,231312,488298
[RESULT] 95,128,6,0.044573545,0.041693449,244149,231312,488298
[RESULT] 95,128,7,0.043611050,0.040778160,244149,231312,488298
[RESULT] 95,128,8,0.043725014,0.040837049,244149,231312,488298
[RESULT] 95,128,9,0.043697357,0.040827513,244149,231312,488298
[RESULT] 99,128,0,0.043761015,0.040886879,243783,230954,487566
[RESULT] 99,128,1,0.043948174,0.041038752,243783,230954,487566
[RESULT] 99,128,2,0.043765545,0.040896654,243783,230954,487566
[RESULT] 99,128,3,0.044473410,0.041579962,243783,230954,487566
[RESULT] 99,128,4,0.043663025,0.040742874,243783,230954,487566
[RESULT] 99,128,5,0.045979023,0.043067455,243783,230954,487566
[RESULT] 99,128,6,0.044611931,0.041688442,243783,230954,487566
[RESULT] 99,128,7,0.043616533,0.040727615,243783,230954,487566
[RESULT] 99,128,8,0.043884277,0.040977001,243783,230954,487566
[RESULT] 99,128,9,0.043712378,0.040814877,243783,230954,487566
[RESULT] 127,128,0,0.043970346,0.041137934,243336,230472,486672
[RESULT] 127,128,1,0.043766022,0.040883064,243336,230472,486672
[RESULT] 127,128,2,0.042742729,0.039973497,243336,230472,486672
[RESULT] 127,128,3,0.043225765,0.040495872,243336,230472,486672
[RESULT] 127,128,4,0.043039799,0.040202379,243336,230472,486672
[RESULT] 127,128,5,0.044622183,0.041862249,243336,230472,486672
[RESULT] 127,128,6,0.043406487,0.040604830,243336,230472,486672
[RESULT] 127,128,7,0.042780638,0.039952755,243336,230472,486672
[RESULT] 127,128,8,0.043509722,0.040629148,243336,230472,486672
[RESULT] 127,128,9,0.043694496,0.040793657,243336,230472,486672
[RESULT] 80,128,0,0.040748596,0.035976410,243711,230853,487422
[RESULT] 80,128,1,0.044671774,0.039746046,243711,230853,487422
[RESULT] 80,128,2,0.044891119,0.039806128,243711,230853,487422
[RESULT] 80,128,3,0.045111418,0.040117502,243711,230853,487422
[RESULT] 80,128,4,0.043905735,0.039054632,243711,230853,487422
[RESULT] 80,128,5,0.046799183,0.041829109,243711,230853,487422
[RESULT] 78,128,0,0.042217255,0.037397385,244062,231181,488124
[RESULT] 78,128,1,0.045774221,0.040043831,244062,231181,488124
[RESULT] 78,128,2,0.045895815,0.040140867,244062,231181,488124
[RESULT] 78,128,3,0.046358585,0.040299177,244062,231181,488124
[RESULT] 80,128,6,0.045330524,0.040323496,243711,230853,487422
[RESULT] 80,128,7,0.043457508,0.038523674,243711,230853,487422
[RESULT] 80,128,8,0.042091608,0.037244320,243711,230853,487422
[RESULT] 80,128,9,0.044413090,0.039391518,243711,230853,487422
[RESULT] 78,128,4,0.045935154,0.040221453,244062,231181,488124
[RESULT] 78,128,5,0.046588421,0.041118860,244062,231181,488124
[RESULT] 78,128,6,0.046784401,0.040989637,244062,231181,488124
[RESULT] 78,128,7,0.044404030,0.038921356,244062,231181,488124
[RESULT] 78,128,8,0.045504570,0.039719820,244062,231181,488124
[RESULT] 78,128,9,0.044368505,0.038766384,244062,231181,488124
[RESULT] 8,128,0,0.046481848,0.041364193,243330,230418,486660
[RESULT] 8,128,1,0.045593500,0.040618420,243330,230418,486660
[RESULT] 8,128,2,0.045034885,0.039907217,243330,230418,486660
[RESULT] 8,128,3,0.045781374,0.040622711,243330,230418,486660
[RESULT] 8,128,4,0.045012474,0.039956570,243330,230418,486660
[RESULT] 8,128,5,0.045948982,0.040965080,243330,230418,486660
[RESULT] 8,128,6,0.045368910,0.040286541,243330,230418,486660
[RESULT] 8,128,7,0.045385122,0.040205717,243330,230418,486660
[RESULT] 8,128,8,0.044320107,0.039237022,243330,230418,486660
[RESULT] 8,128,9,0.044520855,0.039414406,243330,230418,486660
[RESULT] 44,128,0,0.044931650,0.040000916,244509,231620,489018
[RESULT] 44,128,1,0.044538498,0.039722443,244509,231620,489018
[RESULT] 44,128,2,0.045331955,0.040403605,244509,231620,489018
[RESULT] 44,128,3,0.045377731,0.040405035,244509,231620,489018
[RESULT] 44,128,4,0.044778109,0.039949894,244509,231620,489018
[RESULT] 44,128,5,0.046816111,0.042014122,244509,231620,489018
[RESULT] 44,128,6,0.046286583,0.041380167,244509,231620,489018
[RESULT] 44,128,7,0.045491934,0.040586710,244509,231620,489018
[RESULT] 44,128,8,0.045098305,0.040192366,244509,231620,489018
[RESULT] 44,128,9,0.044777870,0.039902210,244509,231620,489018
[RESULT] 100,128,0,0.044931650,0.039841652,242973,230142,485946
[RESULT] 100,128,1,0.043003321,0.038130522,242973,230142,485946
[RESULT] 100,128,2,0.044940233,0.039858341,242973,230142,485946
[RESULT] 100,128,3,0.045112371,0.040068865,242973,230142,485946
[RESULT] 100,128,4,0.044973612,0.039955139,242973,230142,485946
[RESULT] 100,128,5,0.047092199,0.042070627,242973,230142,485946
[RESULT] 100,128,6,0.046013117,0.040980101,242973,230142,485946
[RESULT] 112,128,0,0.046784163,0.041744232,243924,231055,487848
[RESULT] 112,128,1,0.045916319,0.040931463,243924,231055,487848
[RESULT] 112,128,2,0.044860840,0.039691925,243924,231055,487848
[RESULT] 112,128,3,0.046249390,0.041110277,243924,231055,487848
[RESULT] 112,128,4,0.044997931,0.039978027,243924,231055,487848
[RESULT] 112,128,5,0.046660185,0.041643620,243924,231055,487848
[RESULT] 112,128,6,0.046198606,0.041074753,243924,231055,487848
[RESULT] 112,128,7,0.044894934,0.039705515,243924,231055,487848
[RESULT] 112,128,8,0.044634819,0.039540291,243924,231055,487848
[RESULT] 112,128,9,0.044864893,0.039736271,243924,231055,487848
[RESULT] 100,128,7,0.044913054,0.039768219,242973,230142,485946
[RESULT] 100,128,8,0.044835329,0.039764643,242973,230142,485946
[RESULT] 100,128,9,0.044881344,0.039818048,242973,230142,485946
[RESULT] 72,128,0,0.044890404,0.039635658,244152,231334,488304
[RESULT] 72,128,1,0.045110941,0.039982557,244152,231334,488304
[RESULT] 72,128,2,0.045343161,0.040064335,244152,231334,488304
[RESULT] 72,128,3,0.045662165,0.040385246,244152,231334,488304
[RESULT] 68,128,0,0.044259310,0.039041519,244170,231363,488340
[RESULT] 68,128,1,0.044267416,0.039178133,244170,231363,488340
[RESULT] 68,128,2,0.044960976,0.039698124,244170,231363,488340
[RESULT] 68,128,3,0.045718431,0.040503740,244170,231363,488340
[RESULT] 68,128,4,0.045414686,0.040337086,244170,231363,488340
[RESULT] 68,128,5,0.046946049,0.041811705,244170,231363,488340
[RESULT] 72,128,4,0.045527458,0.040384054,244152,231334,488304
[RESULT] 72,128,5,0.047109842,0.041908026,244152,231334,488304
[RESULT] 72,128,6,0.045785666,0.040595531,244152,231334,488304
[RESULT] 72,128,7,0.044395685,0.039191246,244152,231334,488304
[RESULT] 72,128,8,0.045036554,0.039813042,244152,231334,488304
[RESULT] 72,128,9,0.044932842,0.039703608,244152,231334,488304
[RESULT] 68,128,6,0.044704199,0.039615870,244170,231363,488340
[RESULT] 68,128,7,0.044629335,0.039356232,244170,231363,488340
[RESULT] 68,128,8,0.045475245,0.040286779,244170,231363,488340
[RESULT] 68,128,9,0.044955015,0.039760351,244170,231363,488340
[RESULT] 32,128,0,0.045793056,0.040688276,243207,230337,486414
[RESULT] 32,128,1,0.045681715,0.040731668,243207,230337,486414
[RESULT] 32,128,2,0.045328140,0.040215254,243207,230337,486414
[RESULT] 32,128,3,0.046104670,0.040992975,243207,230337,486414
[RESULT] 32,128,4,0.045185566,0.040153742,243207,230337,486414
[RESULT] 32,128,5,0.047782421,0.042707443,243207,230337,486414
[RESULT] 76,128,0,0.045349598,0.040130377,244095,231219,488190
[RESULT] 76,128,1,0.044941187,0.039923668,244095,231219,488190
[RESULT] 76,128,2,0.045150995,0.040050268,244095,231219,488190
[RESULT] 76,128,3,0.045625687,0.040406466,244095,231219,488190
[RESULT] 76,128,4,0.045274019,0.040121794,244095,231219,488190
[RESULT] 76,128,5,0.046908855,0.041874409,244095,231219,488190
[RESULT] 76,128,6,0.046737432,0.041231155,244095,231219,488190
[RESULT] 76,128,7,0.044910431,0.039800644,244095,231219,488190
[RESULT] 76,128,8,0.044736624,0.039741278,244095,231219,488190
[RESULT] 76,128,9,0.044997692,0.039942265,244095,231219,488190
[RESULT] 12,128,0,0.045679569,0.040705204,244348,231403,488696
[RESULT] 12,128,1,0.045335293,0.040545702,244348,231403,488696
[RESULT] 12,128,2,0.044925451,0.039945126,244348,231403,488696
[RESULT] 12,128,3,0.046099901,0.041152716,244348,231403,488696
[RESULT] 12,128,4,0.044892550,0.040074348,244348,231403,488696
[RESULT] 12,128,5,0.046500683,0.041619301,244348,231403,488696
[RESULT] 12,128,6,0.044751167,0.039905310,244348,231403,488696
[RESULT] 12,128,7,0.045082331,0.040081739,244348,231403,488696
[RESULT] 12,128,8,0.044680119,0.039735079,244348,231403,488696
[RESULT] 12,128,9,0.045051813,0.040103197,244348,231403,488696
[RESULT] 32,128,6,0.045552492,0.040487766,243207,230337,486414
[RESULT] 32,128,7,0.045051098,0.039942503,243207,230337,486414
[RESULT] 32,128,8,0.045453787,0.040402651,243207,230337,486414
[RESULT] 32,128,9,0.045020580,0.039947748,243207,230337,486414
[RESULT] 20,128,0,0.044691324,0.039428473,243441,230572,486882
[RESULT] 20,128,1,0.045143843,0.040002346,243441,230572,486882
[RESULT] 20,128,2,0.044469118,0.039160967,243441,230572,486882
[RESULT] 20,128,3,0.046311617,0.041037083,243441,230572,486882
[RESULT] 20,128,4,0.045498848,0.040311575,243441,230572,486882
[RESULT] 20,128,5,0.045589209,0.040490627,243441,230572,486882
[RESULT] 56,128,0,0.045143366,0.039930344,244593,231698,489186
[RESULT] 56,128,1,0.043134212,0.038147926,244593,231698,489186
[RESULT] 56,128,2,0.044606209,0.039399147,244593,231698,489186
[RESULT] 56,128,3,0.046072721,0.040851831,244593,231698,489186
[RESULT] 56,128,4,0.044750452,0.039657831,244593,231698,489186
[RESULT] 56,128,5,0.047624588,0.042427301,244593,231698,489186
[RESULT] 56,128,6,0.045055151,0.039947271,244593,231698,489186
[RESULT] 56,128,7,0.045048475,0.039831877,244593,231698,489186
[RESULT] 56,128,8,0.045543909,0.040382862,244593,231698,489186
[RESULT] 56,128,9,0.045092583,0.039882898,244593,231698,489186
[RESULT] 16,128,0,0.044342041,0.039372206,243752,230860,487504
[RESULT] 16,128,1,0.045995474,0.041126966,243752,230860,487504
[RESULT] 16,128,2,0.044762135,0.039694071,243752,230860,487504
[RESULT] 16,128,3,0.046262980,0.041221380,243752,230860,487504
[RESULT] 16,128,4,0.045441151,0.040542364,243752,230860,487504
[RESULT] 16,128,5,0.047664881,0.042567492,243752,230860,487504
[RESULT] 16,128,6,0.046473742,0.041532755,243752,230860,487504
[RESULT] 16,128,7,0.045138359,0.040076017,243752,230860,487504
[RESULT] 16,128,8,0.045428514,0.040474415,243752,230860,487504
[RESULT] 16,128,9,0.045123577,0.040125608,243752,230860,487504
[RESULT] 20,128,6,0.046329498,0.041067123,243441,230572,486882
[RESULT] 20,128,7,0.045306444,0.039944887,243441,230572,486882
[RESULT] 20,128,8,0.045202494,0.039939404,243441,230572,486882
[RESULT] 20,128,9,0.045100689,0.039808273,243441,230572,486882
[RESULT] 4,128,0,0.046436071,0.041271687,243509,230638,487018
[RESULT] 4,128,1,0.044892550,0.039841413,243509,230638,487018
[RESULT] 4,128,2,0.044812679,0.039568186,243509,230638,487018
[RESULT] 4,128,3,0.045482397,0.040297747,243509,230638,487018
[RESULT] 4,128,4,0.044289112,0.039298534,243509,230638,487018
[RESULT] 4,128,5,0.046383142,0.041332960,243509,230638,487018
[RESULT] 4,128,6,0.046577215,0.041419029,243509,230638,487018
[RESULT] 4,128,7,0.045340776,0.040081501,243509,230638,487018
[RESULT] 4,128,8,0.045024872,0.039852381,243509,230638,487018
[RESULT] 4,128,9,0.045155287,0.039948463,243509,230638,487018
[RESULT] 28,128,0,0.046169281,0.041106701,244529,231662,489058
[RESULT] 28,128,1,0.044158697,0.039255619,244529,231662,489058
[RESULT] 28,128,2,0.044258356,0.039202929,244529,231662,489058
[RESULT] 28,128,3,0.045715094,0.040621996,244529,231662,489058
[RESULT] 28,128,4,0.045498610,0.040499449,244529,231662,489058
[RESULT] 28,128,5,0.046139002,0.041175604,244529,231662,489058
[RESULT] 28,128,6,0.046308041,0.041231155,244529,231662,489058
[RESULT] 28,128,7,0.045050621,0.039927244,244529,231662,489058
[RESULT] 28,128,8,0.045533180,0.040471792,244529,231662,489058
[RESULT] 28,128,9,0.045191288,0.040130138,244529,231662,489058
[RESULT] 48,128,0,0.046649694,0.041476250,244452,231569,488904
[RESULT] 48,128,1,0.044932127,0.039879799,244452,231569,488904
[RESULT] 48,128,2,0.044956207,0.039769411,244452,231569,488904
[RESULT] 48,128,3,0.045830011,0.040654182,244452,231569,488904
[RESULT] 48,128,4,0.044919252,0.039810658,244452,231569,488904
[RESULT] 48,128,5,0.047510147,0.042396069,244452,231569,488904
[RESULT] 48,128,6,0.046481609,0.041378975,244452,231569,488904
[RESULT] 48,128,7,0.044960976,0.039760590,244452,231569,488904
[RESULT] 48,128,8,0.045411587,0.040290833,244452,231569,488904
[RESULT] 48,128,9,0.045212507,0.040078163,244452,231569,488904
[RESULT] 84,128,0,0.044343472,0.039230585,243861,231014,487722
[RESULT] 84,128,1,0.044090509,0.039055824,243861,231014,487722
[RESULT] 84,128,2,0.045241356,0.040032148,243861,231014,487722
[RESULT] 84,128,3,0.045535088,0.040368795,243861,231014,487722
[RESULT] 84,128,4,0.045055628,0.040007353,243861,231014,487722
[RESULT] 84,128,5,0.046776056,0.041714430,243861,231014,487722
[RESULT] 84,128,6,0.045502663,0.040426016,243861,231014,487722
[RESULT] 84,128,7,0.044999838,0.039849758,243861,231014,487722
[RESULT] 84,128,8,0.045388460,0.040251017,243861,231014,487722
[RESULT] 84,128,9,0.045293808,0.040181398,243861,231014,487722
[RESULT] 120,128,0,0.046924829,0.041427135,242844,230026,485688
[RESULT] 120,128,1,0.046432972,0.041020870,242844,230026,485688
[RESULT] 120,128,2,0.045747280,0.040196180,242844,230026,485688
[RESULT] 120,128,3,0.046700478,0.041181087,242844,230026,485688
[RESULT] 120,128,4,0.045575857,0.040162086,242844,230026,485688
[RESULT] 108,128,0,0.046565056,0.041372776,245025,232129,490050
[RESULT] 108,128,1,0.046269178,0.041146994,245025,232129,490050
[RESULT] 108,128,2,0.045564175,0.040311813,245025,232129,490050
[RESULT] 108,128,3,0.046566248,0.041370392,245025,232129,490050
[RESULT] 108,128,4,0.045589209,0.040545225,245025,232129,490050
[RESULT] 108,128,5,0.047965288,0.042634726,245025,232129,490050
[RESULT] 108,128,6,0.046614885,0.041429996,245025,232129,490050
[RESULT] 108,128,7,0.045353651,0.040067911,245025,232129,490050
[RESULT] 108,128,8,0.045651913,0.040446281,245025,232129,490050
[RESULT] 108,128,9,0.045319796,0.040126801,245025,232129,490050
[RESULT] 120,128,5,0.047799349,0.042268276,242844,230026,485688
[RESULT] 120,128,6,0.046828508,0.041315079,242844,230026,485688
[RESULT] 120,128,7,0.045602560,0.040008307,242844,230026,485688
[RESULT] 120,128,8,0.045890331,0.040380716,242844,230026,485688
[RESULT] 120,128,9,0.045430660,0.039947510,242844,230026,485688
[RESULT] 62,128,0,0.045567751,0.040062904,243903,231042,487806
[RESULT] 62,128,1,0.045276642,0.039619923,243903,231042,487806
[RESULT] 62,128,2,0.045638323,0.039962292,243903,231042,487806
[RESULT] 62,128,3,0.046962738,0.040884018,243903,231042,487806
[RESULT] 62,128,4,0.045946836,0.040345192,243903,231042,487806
[RESULT] 62,128,5,0.048174858,0.042561054,243903,231042,487806
[RESULT] 62,128,6,0.046293974,0.040683270,243903,231042,487806
[RESULT] 62,128,7,0.045931339,0.040309191,243903,231042,487806
[RESULT] 62,128,8,0.045369148,0.039722681,243903,231042,487806
[RESULT] 62,128,9,0.045602322,0.039821863,243903,231042,487806
[RESULT] 94,128,0,0.045635462,0.040023804,244545,231714,489090
[RESULT] 94,128,1,0.045536995,0.039691210,244545,231714,489090
[RESULT] 94,128,2,0.045891762,0.040063858,244545,231714,489090
[RESULT] 94,128,3,0.047461510,0.041214705,244545,231714,489090
[RESULT] 94,128,4,0.046200991,0.040506124,244545,231714,489090
[RESULT] 94,128,5,0.048157930,0.042418718,244545,231714,489090
[RESULT] 94,128,6,0.046853542,0.041004181,244545,231714,489090
[RESULT] 94,128,7,0.045601606,0.039825916,244545,231714,489090
[RESULT] 94,128,8,0.045511961,0.039715767,244545,231714,489090
[RESULT] 94,128,9,0.045598507,0.039704800,244545,231714,489090
[RESULT] 98,128,0,0.046170235,0.040350437,244086,231286,488172
[RESULT] 98,128,1,0.044922829,0.039036512,244086,231286,488172
[RESULT] 98,128,2,0.045407295,0.039438009,244086,231286,488172
[RESULT] 98,128,3,0.047522068,0.041064501,244086,231286,488172
[RESULT] 98,128,4,0.045782804,0.039829493,244086,231286,488172
[RESULT] 98,128,5,0.048390865,0.042399883,244086,231286,488172
[RESULT] 98,128,6,0.047066927,0.041024446,244086,231286,488172
[RESULT] 98,128,7,0.045933485,0.039942980,244086,231286,488172
[RESULT] 98,128,8,0.045176268,0.039258003,244086,231286,488172
[RESULT] 98,128,9,0.045671225,0.039590597,244086,231286,488172
[RESULT] 30,128,0,0.047283888,0.041823387,243286,230444,486572
[RESULT] 30,128,1,0.045404911,0.039726019,243286,230444,486572
[RESULT] 30,128,2,0.045984030,0.040245533,243286,230444,486572
[RESULT] 30,128,3,0.047253370,0.041074276,243286,230444,486572
[RESULT] 30,128,4,0.045172930,0.039550781,243286,230444,486572
[RESULT] 30,128,5,0.048267365,0.042626381,243286,230444,486572
[RESULT] 30,128,6,0.046837330,0.041077375,243286,230444,486572
[RESULT] 30,128,7,0.045824289,0.040083885,243286,230444,486572
[RESULT] 30,128,8,0.046031713,0.040276051,243286,230444,486572
[RESULT] 30,128,9,0.045751333,0.039930344,243286,230444,486572
[RESULT] 70,128,0,0.046539545,0.040646791,244803,231959,489606
[RESULT] 70,128,1,0.045868635,0.039839745,244803,231959,489606
[RESULT] 70,128,2,0.046038628,0.039999008,244803,231959,489606
[RESULT] 70,128,3,0.046731234,0.040340185,244803,231959,489606
[RESULT] 70,128,4,0.046282291,0.040292263,244803,231959,489606
[RESULT] 70,128,5,0.047993660,0.042064667,244803,231959,489606
[RESULT] 70,128,6,0.047377110,0.041392565,244803,231959,489606
[RESULT] 70,128,7,0.046183348,0.040103197,244803,231959,489606
[RESULT] 70,128,8,0.045268297,0.039292336,244803,231959,489606
[RESULT] 70,128,9,0.045891523,0.039747000,244803,231959,489606
[RESULT] 42,128,0,0.046354532,0.040457964,243315,230504,486630
[RESULT] 42,128,1,0.045434713,0.039444208,243315,230504,486630
[RESULT] 42,128,2,0.045760393,0.039709568,243315,230504,486630
[RESULT] 42,128,3,0.047451019,0.040992498,243315,230504,486630
[RESULT] 42,128,4,0.045714617,0.039756298,243315,230504,486630
[RESULT] 42,128,5,0.048362732,0.042425632,243315,230504,486630
[RESULT] 42,128,6,0.046648979,0.040693283,243315,230504,486630
[RESULT] 42,128,7,0.046006203,0.040012121,243315,230504,486630
[RESULT] 42,128,8,0.046459913,0.040474653,243315,230504,486630
[RESULT] 42,128,9,0.045987606,0.039948463,243315,230504,486630
[RESULT] 86,128,0,0.046985626,0.041258335,244431,231541,488862
[RESULT] 86,128,1,0.045786858,0.039789438,244431,231541,488862
[RESULT] 86,128,2,0.045740843,0.039748669,244431,231541,488862
[RESULT] 86,128,3,0.047572613,0.041200638,244431,231541,488862
[RESULT] 86,128,4,0.046382666,0.040511131,244431,231541,488862
[RESULT] 86,128,5,0.047635794,0.041778088,244431,231541,488862
[RESULT] 86,128,6,0.045240402,0.039606571,244431,231541,488862
[RESULT] 86,128,7,0.045608044,0.039710283,244431,231541,488862
[RESULT] 86,128,8,0.045787811,0.039806843,244431,231541,488862
[RESULT] 86,128,9,0.046046019,0.039967060,244431,231541,488862
[RESULT] 18,128,0,0.046488047,0.040447235,243301,230486,486602
[RESULT] 18,128,1,0.046570063,0.040630341,243301,230486,486602
[RESULT] 18,128,2,0.045059443,0.039140224,243301,230486,486602
[RESULT] 18,128,3,0.046509743,0.040107965,243301,230486,486602
[RESULT] 18,128,4,0.046292067,0.040203094,243301,230486,486602
[RESULT] 18,128,5,0.047184229,0.041270018,243301,230486,486602
[RESULT] 18,128,6,0.046955585,0.040855408,243301,230486,486602
[RESULT] 18,128,7,0.046205044,0.040022612,243301,230486,486602
[RESULT] 18,128,8,0.046145201,0.039974928,243301,230486,486602
[RESULT] 18,128,9,0.046067476,0.039733171,243301,230486,486602
[RESULT] 2,128,0,0.047053576,0.040973902,242322,229477,484644
[RESULT] 2,128,1,0.046728849,0.040709496,242322,229477,484644
[RESULT] 2,128,2,0.046031475,0.039829731,242322,229477,484644
[RESULT] 2,128,3,0.047313452,0.040689230,242322,229477,484644
[RESULT] 2,128,4,0.045883656,0.039697170,242322,229477,484644
[RESULT] 2,128,5,0.048375368,0.042122841,242322,229477,484644
[RESULT] 2,128,6,0.046669006,0.040555477,242322,229477,484644
[RESULT] 2,128,7,0.046045065,0.039839029,242322,229477,484644
[RESULT] 2,128,8,0.045387506,0.039352179,242322,229477,484644
[RESULT] 2,128,9,0.046206713,0.039825678,242322,229477,484644
[RESULT] 102,128,0,0.048019171,0.041823149,243324,230463,486648
[RESULT] 102,128,1,0.045898199,0.039500952,243324,230463,486648
[RESULT] 102,128,2,0.046186447,0.039815426,243324,230463,486648
[RESULT] 102,128,3,0.048085690,0.041414499,243324,230463,486648
[RESULT] 102,128,4,0.046834707,0.040513277,243324,230463,486648
[RESULT] 102,128,5,0.048156977,0.041749477,243324,230463,486648
[RESULT] 102,128,6,0.047083616,0.040689707,243324,230463,486648
[RESULT] 102,128,7,0.046580791,0.040121078,243324,230463,486648
[RESULT] 102,128,8,0.046081543,0.039641619,243324,230463,486648
[RESULT] 102,128,9,0.046216011,0.039580584,243324,230463,486648
[RESULT] 50,128,0,0.046571016,0.040413141,242886,230088,485772
[RESULT] 50,128,1,0.045978308,0.039851904,242886,230088,485772
[RESULT] 50,128,2,0.046135664,0.040005445,242886,230088,485772
[RESULT] 50,128,3,0.047065735,0.040537596,242886,230088,485772
[RESULT] 50,128,4,0.045865774,0.039718390,242886,230088,485772
[RESULT] 50,128,5,0.048764706,0.042662859,242886,230088,485772
[RESULT] 50,128,6,0.047428846,0.041354895,242886,230088,485772
[RESULT] 50,128,7,0.046623468,0.040509939,242886,230088,485772
[RESULT] 50,128,8,0.046270609,0.040079117,242886,230088,485772
[RESULT] 50,128,9,0.046306849,0.039918184,242886,230088,485772
[RESULT] 26,128,0,0.047484875,0.041254044,243471,230617,486942
[RESULT] 26,128,1,0.045926094,0.039637566,243471,230617,486942
[RESULT] 26,128,2,0.045412302,0.039170980,243471,230617,486942
[RESULT] 26,128,3,0.047716141,0.040981531,243471,230617,486942
[RESULT] 26,128,4,0.046197891,0.039828300,243471,230617,486942
[RESULT] 26,128,5,0.048502445,0.042101145,243471,230617,486942
[RESULT] 26,128,6,0.047461510,0.041118383,243471,230617,486942
[RESULT] 26,128,7,0.046297789,0.039877176,243471,230617,486942
[RESULT] 26,128,8,0.046274424,0.039830446,243471,230617,486942
[RESULT] 26,128,9,0.046377420,0.039729595,243471,230617,486942
[RESULT] 106,128,0,0.047106266,0.040728331,243891,231029,487782
[RESULT] 106,128,1,0.046097994,0.039646149,243891,231029,487782
[RESULT] 106,128,2,0.046170235,0.039791346,243891,231029,487782
[RESULT] 106,128,3,0.047564030,0.040740490,243891,231029,487782
[RESULT] 106,128,4,0.046047211,0.039563417,243891,231029,487782
[RESULT] 106,128,5,0.048487186,0.042015314,243891,231029,487782
[RESULT] 106,128,6,0.045945883,0.039788485,243891,231029,487782
[RESULT] 106,128,7,0.046103001,0.039614677,243891,231029,487782
[RESULT] 106,128,8,0.046183109,0.039743185,243891,231029,487782
[RESULT] 106,128,9,0.046406984,0.039725542,243891,231029,487782
[RESULT] 66,128,0,0.046516657,0.040271759,243315,230461,486630
[RESULT] 66,128,1,0.045985460,0.039816141,243315,230461,486630
[RESULT] 66,128,2,0.046113729,0.039966106,243315,230461,486630
[RESULT] 66,128,3,0.047041178,0.040488243,243315,230461,486630
[RESULT] 66,128,4,0.045538425,0.039427042,243315,230461,486630
[RESULT] 66,128,5,0.048279047,0.042077541,243315,230461,486630
[RESULT] 66,128,6,0.047497749,0.041410446,243315,230461,486630
[RESULT] 66,128,7,0.046157598,0.039925814,243315,230461,486630
[RESULT] 66,128,8,0.045667171,0.039512157,243315,230461,486630
[RESULT] 66,128,9,0.046504021,0.040110588,243315,230461,486630
[RESULT] 38,128,0,0.046428919,0.040236950,243798,230906,487596
[RESULT] 38,128,1,0.046024323,0.039845467,243798,230906,487596
[RESULT] 38,128,2,0.045864105,0.039637804,243798,230906,487596
[RESULT] 38,128,3,0.047291279,0.040636301,243798,230906,487596
[RESULT] 38,128,4,0.045335531,0.039181709,243798,230906,487596
[RESULT] 38,128,5,0.048895836,0.042705297,243798,230906,487596
[RESULT] 38,128,6,0.046452761,0.040372372,243798,230906,487596
[RESULT] 38,128,7,0.046098232,0.039862871,243798,230906,487596
[RESULT] 38,128,8,0.046648979,0.040414810,243798,230906,487596
[RESULT] 38,128,9,0.046545267,0.040120125,243798,230906,487596
[RESULT] 90,128,0,0.047587633,0.041151524,243207,230337,486414
[RESULT] 90,128,1,0.046102762,0.039656878,243207,230337,486414
[RESULT] 90,128,2,0.046560764,0.040193081,243207,230337,486414
[RESULT] 90,128,3,0.047667503,0.040754795,243207,230337,486414
[RESULT] 90,128,4,0.045882702,0.039421797,243207,230337,486414
[RESULT] 90,128,5,0.048956394,0.042482376,243207,230337,486414
[RESULT] 90,128,6,0.047689438,0.041336775,243207,230337,486414
[RESULT] 90,128,7,0.046359062,0.039852142,243207,230337,486414
[RESULT] 90,128,8,0.046748877,0.040245533,243207,230337,486414
[RESULT] 90,128,9,0.046700239,0.040044308,243207,230337,486414
