Retrieving the matrix from '../data/msdoor.mtx'...
Real Matrix (Strong Scaling): Rows=415863 | Cols=415863 | NNZ=10328399 | Procs=1
Matrix distributed and converted to CSR
Ghost columns identified: 0 total ghost values needed
Local vector initialized (size=415863 per process)
[RESULT] 0,1,0,0.032297850,0.000001669,10328399,0,20656798
[RESULT] 0,1,1,0.032369137,0.000001907,10328399,0,20656798
[RESULT] 0,1,2,0.032230616,0.000001907,10328399,0,20656798
[RESULT] 0,1,3,0.032500505,0.000001669,10328399,0,20656798
[RESULT] 0,1,4,0.032251120,0.000001907,10328399,0,20656798
[RESULT] 0,1,5,0.032315731,0.000001907,10328399,0,20656798
[RESULT] 0,1,6,0.032474518,0.000002623,10328399,0,20656798
[RESULT] 0,1,7,0.032324791,0.000002384,10328399,0,20656798
[RESULT] 0,1,8,0.032245636,0.000002146,10328399,0,20656798
[RESULT] 0,1,9,0.032349825,0.000002146,10328399,0,20656798

Benchmark Summary
Processes: 1
Iterations: 10
Matrix NNZ: 10328399
Total execution time: 5.008 seconds
