Retrieving the matrix from '../data/tmt_sym.mtx'...
Real Matrix (Strong Scaling): Rows=726713 | Cols=726713 | NNZ=2903837 | Procs=1
Matrix distributed and converted to CSR
Ghost columns identified: 0 total ghost values needed
Local vector initialized (size=726713 per process)
[RESULT] 0,1,0,0.034340143,0.000010729,2903837,0,5807674
[RESULT] 0,1,1,0.021960735,0.000007153,2903837,0,5807674
[RESULT] 0,1,2,0.030037642,0.000005960,2903837,0,5807674
[RESULT] 0,1,3,0.007225037,0.000006199,2903837,0,5807674
[RESULT] 0,1,4,0.020149231,0.000002861,2903837,0,5807674
[RESULT] 0,1,5,0.017900467,0.000006199,2903837,0,5807674
[RESULT] 0,1,6,0.020105600,0.000005960,2903837,0,5807674
[RESULT] 0,1,7,0.018803596,0.000008106,2903837,0,5807674
[RESULT] 0,1,8,0.020260572,0.000006914,2903837,0,5807674
[RESULT] 0,1,9,0.021543026,0.000006437,2903837,0,5807674

Benchmark Summary
Processes: 1
Iterations: 10
Matrix NNZ: 2903837
Total execution time: 2.001 seconds
