Retrieving the matrix from '../data/Andrews.mtx'...
Real Matrix (Strong Scaling): Rows=60000 | Cols=60000 | NNZ=410077 | Procs=32
Matrix distributed and converted to CSR
Ghost columns identified: 10367 total ghost values needed
Local vector initialized (size=1875 per process)
[RESULT] 20,32,0,0.000293255,0.000193596,12724,10396,25448
[RESULT] 20,32,1,0.000276804,0.000180483,12724,10396,25448
[RESULT] 20,32,2,0.000260592,0.000165462,12724,10396,25448
[RESULT] 20,32,3,0.000249624,0.000154972,12724,10396,25448
[RESULT] 20,32,4,0.000257492,0.000162840,12724,10396,25448
[RESULT] 20,32,5,0.000270128,0.000174522,12724,10396,25448
[RESULT] 20,32,6,0.000255823,0.000157356,12724,10396,25448
[RESULT] 20,32,7,0.000246286,0.000151634,12724,10396,25448
[RESULT] 20,32,8,0.000250101,0.000155449,12724,10396,25448
[RESULT] 20,32,9,0.000255585,0.000161648,12724,10396,25448
[RESULT] 21,32,0,0.000267506,0.000167131,13110,10721,26220
[RESULT] 21,32,1,0.000288963,0.000188589,13110,10721,26220
[RESULT] 21,32,2,0.000272751,0.000172853,13110,10721,26220
[RESULT] 21,32,3,0.000260592,0.000161409,13110,10721,26220
[RESULT] 21,32,4,0.000282049,0.000183821,13110,10721,26220
[RESULT] 21,32,5,0.000283241,0.000184536,13110,10721,26220
[RESULT] 21,32,6,0.000253677,0.000155449,13110,10721,26220
[RESULT] 21,32,7,0.000252724,0.000153780,13110,10721,26220
[RESULT] 21,32,8,0.000250816,0.000152349,13110,10721,26220
[RESULT] 21,32,9,0.000265121,0.000166893,13110,10721,26220
[RESULT] 18,32,0,0.000309944,0.000211477,12733,10394,25466
[RESULT] 18,32,1,0.000301600,0.000203133,12733,10394,25466
[RESULT] 18,32,2,0.000304937,0.000207663,12733,10394,25466
[RESULT] 18,32,3,0.000292063,0.000196218,12733,10394,25466
[RESULT] 18,32,4,0.000289679,0.000192404,12733,10394,25466
[RESULT] 18,32,5,0.000311136,0.000216007,12733,10394,25466
[RESULT] 18,32,6,0.000274658,0.000178576,12733,10394,25466
[RESULT] 18,32,7,0.000263929,0.000166893,12733,10394,25466
[RESULT] 18,32,8,0.000298738,0.000203133,12733,10394,25466
[RESULT] 18,32,9,0.000291824,0.000194550,12733,10394,25466
[RESULT] 23,32,0,0.000345230,0.000204802,12943,10619,25886
[RESULT] 23,32,1,0.000329494,0.000202417,12943,10619,25886
[RESULT] 23,32,2,0.000298738,0.000176430,12943,10619,25886
[RESULT] 23,32,3,0.000310898,0.000179052,12943,10619,25886
[RESULT] 17,32,0,0.000355005,0.000247002,13019,10627,26038
[RESULT] 17,32,1,0.000318527,0.000220060,13019,10627,26038
[RESULT] 17,32,2,0.000355482,0.000253201,13019,10627,26038
[RESULT] 17,32,3,0.000386477,0.000287771,13019,10627,26038
[RESULT] 17,32,4,0.000386238,0.000286818,13019,10627,26038
[RESULT] 17,32,5,0.000410080,0.000301123,13019,10627,26038
[RESULT] 17,32,6,0.000328064,0.000230074,13019,10627,26038
[RESULT] 17,32,7,0.000303030,0.000200272,13019,10627,26038
[RESULT] 17,32,8,0.000330210,0.000219822,13019,10627,26038
[RESULT] 17,32,9,0.000344276,0.000242472,13019,10627,26038
[RESULT] 23,32,4,0.000309706,0.000175714,12943,10619,25886
[RESULT] 23,32,5,0.000321627,0.000183105,12943,10619,25886
[RESULT] 23,32,6,0.000294924,0.000172853,12943,10619,25886
[RESULT] 23,32,7,0.000306845,0.000167608,12943,10619,25886
[RESULT] 23,32,8,0.000289917,0.000169039,12943,10619,25886
[RESULT] 23,32,9,0.000293732,0.000158787,12943,10619,25886
[RESULT] 19,32,0,0.000408888,0.000237703,12879,10516,25758
[RESULT] 19,32,1,0.000391483,0.000221014,12879,10516,25758
[RESULT] 22,32,0,0.000410795,0.000214815,12606,10279,25212
[RESULT] 22,32,1,0.000365973,0.000197887,12606,10279,25212
[RESULT] 22,32,2,0.000353336,0.000189304,12606,10279,25212
[RESULT] 22,32,3,0.000352859,0.000193119,12606,10279,25212
[RESULT] 22,32,4,0.000380993,0.000189066,12606,10279,25212
[RESULT] 22,32,5,0.000361681,0.000170708,12606,10279,25212
[RESULT] 16,32,0,0.000352859,0.000248432,12737,10418,25474
[RESULT] 16,32,1,0.000380516,0.000280142,12737,10418,25474
[RESULT] 16,32,2,0.000399351,0.000288010,12737,10418,25474
[RESULT] 16,32,3,0.000346899,0.000248671,12737,10418,25474
[RESULT] 16,32,4,0.000375032,0.000277281,12737,10418,25474
[RESULT] 16,32,5,0.000365973,0.000251055,12737,10418,25474
[RESULT] 16,32,6,0.000339508,0.000235796,12737,10418,25474
[RESULT] 16,32,7,0.000347853,0.000247717,12737,10418,25474
[RESULT] 22,32,6,0.000330687,0.000155687,12606,10279,25212
[RESULT] 22,32,7,0.000338316,0.000177145,12606,10279,25212
[RESULT] 22,32,8,0.000372171,0.000162840,12606,10279,25212
[RESULT] 22,32,9,0.000376940,0.000177860,12606,10279,25212
[RESULT] 12,32,0,0.000432730,0.000337124,12520,10190,25040
[RESULT] 12,32,1,0.000474215,0.000379324,12520,10190,25040
[RESULT] 12,32,2,0.000466824,0.000362635,12520,10190,25040
[RESULT] 12,32,3,0.000442982,0.000348806,12520,10190,25040
[RESULT] 12,32,4,0.000407457,0.000313282,12520,10190,25040
[RESULT] 12,32,5,0.000478268,0.000384331,12520,10190,25040
[RESULT] 12,32,6,0.000441790,0.000347853,12520,10190,25040
[RESULT] 12,32,7,0.000417471,0.000324011,12520,10190,25040
[RESULT] 14,32,0,0.000426292,0.000327826,12670,10331,25340
[RESULT] 14,32,1,0.000409365,0.000312567,12670,10331,25340
[RESULT] 14,32,2,0.000440121,0.000331879,12670,10331,25340
[RESULT] 14,32,3,0.000406504,0.000310659,12670,10331,25340
[RESULT] 14,32,4,0.000422001,0.000327587,12670,10331,25340
[RESULT] 14,32,5,0.000417233,0.000310659,12670,10331,25340
[RESULT] 14,32,6,0.000387430,0.000293255,12670,10331,25340
[RESULT] 14,32,7,0.000393867,0.000298977,12670,10331,25340
[RESULT] 14,32,8,0.000409365,0.000298500,12670,10331,25340
[RESULT] 14,32,9,0.000433683,0.000338316,12670,10331,25340
[RESULT] 15,32,0,0.000487804,0.000316620,12942,10569,25884
[RESULT] 15,32,1,0.000543594,0.000318766,12942,10569,25884
[RESULT] 15,32,2,0.000462770,0.000284910,12942,10569,25884
[RESULT] 15,32,3,0.000458717,0.000286579,12942,10569,25884
[RESULT] 15,32,4,0.000460148,0.000312567,12942,10569,25884
[RESULT] 15,32,5,0.000541449,0.000310659,12942,10569,25884
[RESULT] 15,32,6,0.000446796,0.000283957,12942,10569,25884
[RESULT] 16,32,8,0.000355244,0.000236034,12737,10418,25474
[RESULT] 16,32,9,0.000392199,0.000275373,12737,10418,25474
[RESULT] 19,32,2,0.000340939,0.000183105,12879,10516,25758
[RESULT] 19,32,3,0.000369310,0.000215054,12879,10516,25758
[RESULT] 19,32,4,0.000377417,0.000214815,12879,10516,25758
[RESULT] 19,32,5,0.000317335,0.000191927,12879,10516,25758
[RESULT] 19,32,6,0.000334978,0.000191450,12879,10516,25758
[RESULT] 10,32,0,0.000508070,0.000407696,12701,10351,25402
[RESULT] 10,32,1,0.000501394,0.000406027,12701,10351,25402
[RESULT] 10,32,2,0.000526428,0.000432491,12701,10351,25402
[RESULT] 10,32,3,0.000501633,0.000406981,12701,10351,25402
[RESULT] 10,32,4,0.000475407,0.000380993,12701,10351,25402
[RESULT] 10,32,5,0.000486851,0.000393152,12701,10351,25402
[RESULT] 10,32,6,0.000460625,0.000366211,12701,10351,25402
[RESULT] 10,32,7,0.000468731,0.000373840,12701,10351,25402
[RESULT] 10,32,8,0.000475168,0.000381947,12701,10351,25402
[RESULT] 11,32,0,0.000454426,0.000351191,12953,10594,25906
[RESULT] 11,32,1,0.000465870,0.000366926,12953,10594,25906
[RESULT] 11,32,2,0.000498295,0.000400066,12953,10594,25906
[RESULT] 11,32,3,0.000483751,0.000384808,12953,10594,25906
[RESULT] 11,32,4,0.000447035,0.000348568,12953,10594,25906
[RESULT] 11,32,5,0.000442505,0.000328541,12953,10594,25906
[RESULT] 11,32,6,0.000470638,0.000373125,12953,10594,25906
[RESULT] 11,32,7,0.000453949,0.000355244,12953,10594,25906
[RESULT] 11,32,8,0.000439405,0.000338793,12953,10594,25906
[RESULT] 11,32,9,0.000462770,0.000364304,12953,10594,25906
[RESULT] 12,32,8,0.000431776,0.000338793,12520,10190,25040
[RESULT] 12,32,9,0.000431299,0.000337601,12520,10190,25040
[RESULT] 13,32,0,0.000455856,0.000356674,12969,10626,25938
[RESULT] 13,32,1,0.000508308,0.000410318,12969,10626,25938
[RESULT] 13,32,2,0.000492811,0.000394821,12969,10626,25938
[RESULT] 13,32,3,0.000475407,0.000378132,12969,10626,25938
[RESULT] 13,32,4,0.000442982,0.000342131,12969,10626,25938
[RESULT] 13,32,5,0.000431538,0.000318289,12969,10626,25938
[RESULT] 13,32,6,0.000463724,0.000365973,12969,10626,25938
[RESULT] 13,32,7,0.000459909,0.000363350,12969,10626,25938
[RESULT] 13,32,8,0.000450611,0.000352621,12969,10626,25938
[RESULT] 13,32,9,0.000457287,0.000360727,12969,10626,25938
[RESULT] 10,32,9,0.000468731,0.000374079,12701,10351,25402
[RESULT] 19,32,7,0.000334740,0.000189543,12879,10516,25758
[RESULT] 19,32,8,0.000360966,0.000204563,12879,10516,25758
[RESULT] 19,32,9,0.000358343,0.000201464,12879,10516,25758
[RESULT] 9,32,0,0.000508785,0.000406027,12900,10561,25800
[RESULT] 9,32,1,0.000495195,0.000397921,12900,10561,25800
[RESULT] 9,32,2,0.000504732,0.000405550,12900,10561,25800
[RESULT] 9,32,3,0.000472069,0.000375032,12900,10561,25800
[RESULT] 15,32,7,0.000516653,0.000323534,12942,10569,25884
[RESULT] 15,32,8,0.000531673,0.000281334,12942,10569,25884
[RESULT] 15,32,9,0.000447273,0.000297546,12942,10569,25884
[RESULT] 31,32,0,0.000513554,0.000413656,12985,10662,25970
[RESULT] 31,32,1,0.000523329,0.000427723,12985,10662,25970
[RESULT] 31,32,2,0.000504494,0.000409603,12985,10662,25970
[RESULT] 31,32,3,0.000527143,0.000432491,12985,10662,25970
[RESULT] 31,32,4,0.000517845,0.000423431,12985,10662,25970
[RESULT] 31,32,5,0.000518560,0.000424862,12985,10662,25970
[RESULT] 31,32,6,0.000466824,0.000372887,12985,10662,25970
[RESULT] 5,32,0,0.000591040,0.000488043,12980,10629,25960
[RESULT] 5,32,1,0.000565529,0.000467300,12980,10629,25960
[RESULT] 5,32,2,0.000579596,0.000482082,12980,10629,25960
[RESULT] 31,32,7,0.000532150,0.000438452,12985,10662,25970
[RESULT] 31,32,8,0.000511408,0.000417948,12985,10662,25970
[RESULT] 31,32,9,0.000481844,0.000388861,12985,10662,25970
[RESULT] 9,32,4,0.000502110,0.000404596,12900,10561,25800
[RESULT] 9,32,5,0.000483990,0.000387430,12900,10561,25800
[RESULT] 9,32,6,0.000496387,0.000399828,12900,10561,25800
[RESULT] 9,32,7,0.000472307,0.000376463,12900,10561,25800
[RESULT] 9,32,8,0.000468493,0.000371456,12900,10561,25800
[RESULT] 9,32,9,0.000515223,0.000414610,12900,10561,25800
[RESULT] 3,32,0,0.000600338,0.000502110,12823,10482,25646
[RESULT] 3,32,1,0.000586271,0.000489235,12823,10482,25646
[RESULT] 3,32,2,0.000600100,0.000504017,12823,10482,25646
[RESULT] 3,32,3,0.000584126,0.000486851,12823,10482,25646
[RESULT] 3,32,4,0.000578880,0.000483274,12823,10482,25646
[RESULT] 3,32,5,0.000590086,0.000495434,12823,10482,25646
[RESULT] 3,32,6,0.000558853,0.000462532,12823,10482,25646
[RESULT] 3,32,7,0.000565529,0.000468731,12823,10482,25646
[RESULT] 3,32,8,0.000597715,0.000500441,12823,10482,25646
[RESULT] 3,32,9,0.000562429,0.000466347,12823,10482,25646
[RESULT] 5,32,3,0.000555277,0.000456810,12980,10629,25960
[RESULT] 5,32,4,0.000607252,0.000509739,12980,10629,25960
[RESULT] 5,32,5,0.000582218,0.000485420,12980,10629,25960
[RESULT] 5,32,6,0.000539780,0.000442266,12980,10629,25960
[RESULT] 5,32,7,0.000560999,0.000464201,12980,10629,25960
[RESULT] 5,32,8,0.000554085,0.000458002,12980,10629,25960
[RESULT] 5,32,9,0.000556469,0.000460148,12980,10629,25960
[RESULT] 8,32,0,0.000539541,0.000442982,12629,10321,25258
[RESULT] 8,32,1,0.000553846,0.000459671,12629,10321,25258
[RESULT] 8,32,2,0.000518560,0.000424623,12629,10321,25258
[RESULT] 8,32,3,0.000537872,0.000444412,12629,10321,25258
[RESULT] 8,32,4,0.000539303,0.000445843,12629,10321,25258
[RESULT] 8,32,5,0.000501633,0.000408411,12629,10321,25258
[RESULT] 8,32,6,0.000530005,0.000436783,12629,10321,25258
[RESULT] 8,32,7,0.000531197,0.000438213,12629,10321,25258
[RESULT] 8,32,8,0.000511169,0.000418186,12629,10321,25258
[RESULT] 8,32,9,0.000547647,0.000453711,12629,10321,25258
[RESULT] 30,32,0,0.000548363,0.000459194,12832,10493,25664
[RESULT] 30,32,1,0.000512362,0.000427723,12832,10493,25664
[RESULT] 4,32,0,0.000603199,0.000506163,12572,10228,25144
[RESULT] 4,32,1,0.000629425,0.000531673,12572,10228,25144
[RESULT] 30,32,2,0.000510693,0.000425577,12832,10493,25664
[RESULT] 30,32,3,0.000530958,0.000445843,12832,10493,25664
[RESULT] 30,32,4,0.000544310,0.000459433,12832,10493,25664
[RESULT] 30,32,5,0.000540257,0.000456095,12832,10493,25664
[RESULT] 6,32,0,0.000611544,0.000464201,12755,10404,25510
[RESULT] 6,32,1,0.000600338,0.000469208,12755,10404,25510
[RESULT] 6,32,2,0.000612497,0.000515938,12755,10404,25510
[RESULT] 6,32,3,0.000589609,0.000448227,12755,10404,25510
[RESULT] 6,32,4,0.000622034,0.000500679,12755,10404,25510
[RESULT] 29,32,0,0.000600815,0.000502586,13327,11007,26654
[RESULT] 29,32,1,0.000610590,0.000515223,13327,11007,26654
[RESULT] 0,32,0,0.000634909,0.000537872,12681,10367,25362
[RESULT] 0,32,1,0.000623941,0.000528097,12681,10367,25362
[RESULT] 0,32,2,0.000632286,0.000536919,12681,10367,25362
[RESULT] 0,32,3,0.000628710,0.000535727,12681,10367,25362
[RESULT] 0,32,4,0.000614166,0.000519037,12681,10367,25362
[RESULT] 0,32,5,0.000603676,0.000508308,12681,10367,25362
[RESULT] 0,32,6,0.000602722,0.000505209,12681,10367,25362
[RESULT] 30,32,6,0.000530005,0.000446320,12832,10493,25664
[RESULT] 30,32,7,0.000550508,0.000466347,12832,10493,25664
[RESULT] 30,32,8,0.000495434,0.000411510,12832,10493,25664
[RESULT] 30,32,9,0.000571728,0.000486851,12832,10493,25664
[RESULT] 1,32,0,0.000617743,0.000518084,12954,10608,25908
[RESULT] 1,32,1,0.000635624,0.000537157,12954,10608,25908
[RESULT] 1,32,2,0.000618696,0.000521660,12954,10608,25908
[RESULT] 1,32,3,0.000635862,0.000539541,12954,10608,25908
[RESULT] 1,32,4,0.000614405,0.000518322,12954,10608,25908
[RESULT] 24,32,0,0.000647783,0.000561714,12576,10213,25152
[RESULT] 24,32,1,0.000614405,0.000529766,12576,10213,25152
[RESULT] 24,32,2,0.000617981,0.000530958,12576,10213,25152
[RESULT] 24,32,3,0.000620365,0.000537395,12576,10213,25152
[RESULT] 24,32,4,0.000622988,0.000540495,12576,10213,25152
[RESULT] 24,32,5,0.000638723,0.000554562,12576,10213,25152
[RESULT] 24,32,6,0.000638008,0.000554323,12576,10213,25152
[RESULT] 4,32,2,0.000600100,0.000507116,12572,10228,25144
[RESULT] 4,32,3,0.000587940,0.000494480,12572,10228,25144
[RESULT] 4,32,4,0.000623226,0.000530243,12572,10228,25144
[RESULT] 4,32,5,0.000593424,0.000500441,12572,10228,25144
[RESULT] 4,32,6,0.000572920,0.000478983,12572,10228,25144
[RESULT] 4,32,7,0.000592232,0.000499249,12572,10228,25144
[RESULT] 4,32,8,0.000566483,0.000472784,12572,10228,25144
[RESULT] 4,32,9,0.000598192,0.000504494,12572,10228,25144
[RESULT] 29,32,2,0.000593901,0.000496864,13327,11007,26654
[RESULT] 29,32,3,0.000610113,0.000514746,13327,11007,26654
[RESULT] 29,32,4,0.000598431,0.000503063,13327,11007,26654
[RESULT] 29,32,5,0.000635624,0.000540972,13327,11007,26654
[RESULT] 29,32,6,0.000617027,0.000521183,13327,11007,26654
[RESULT] 29,32,7,0.000651598,0.000556946,13327,11007,26654
[RESULT] 29,32,8,0.000610590,0.000516891,13327,11007,26654
[RESULT] 6,32,5,0.000589371,0.000457048,12755,10404,25510
[RESULT] 6,32,6,0.000602007,0.000487328,12755,10404,25510
[RESULT] 6,32,7,0.000589132,0.000447273,12755,10404,25510
[RESULT] 6,32,8,0.000592709,0.000469923,12755,10404,25510
[RESULT] 6,32,9,0.000600815,0.000453949,12755,10404,25510
[RESULT] 24,32,7,0.000645161,0.000561953,12576,10213,25152
[RESULT] 24,32,8,0.000630379,0.000546455,12576,10213,25152
[RESULT] 24,32,9,0.000633955,0.000550508,12576,10213,25152
[RESULT] 7,32,0,0.000640631,0.000531673,12849,10485,25698
[RESULT] 7,32,1,0.000614166,0.000475645,12849,10485,25698
[RESULT] 7,32,2,0.000623703,0.000495672,12849,10485,25698
[RESULT] 7,32,3,0.000603676,0.000460625,12849,10485,25698
[RESULT] 7,32,4,0.000602007,0.000452757,12849,10485,25698
[RESULT] 7,32,5,0.000602961,0.000464678,12849,10485,25698
[RESULT] 7,32,6,0.000596762,0.000453472,12849,10485,25698
[RESULT] 7,32,7,0.000598907,0.000443459,12849,10485,25698
[RESULT] 7,32,8,0.000609159,0.000487089,12849,10485,25698
[RESULT] 7,32,9,0.000607014,0.000472069,12849,10485,25698
[RESULT] 25,32,0,0.000641823,0.000546217,12929,10609,25858
[RESULT] 25,32,1,0.000647783,0.000553608,12929,10609,25858
[RESULT] 25,32,2,0.000626564,0.000533104,12929,10609,25858
[RESULT] 25,32,3,0.000630379,0.000538111,12929,10609,25858
[RESULT] 25,32,4,0.000654697,0.000562906,12929,10609,25858
[RESULT] 25,32,5,0.000644445,0.000551939,12929,10609,25858
[RESULT] 25,32,6,0.000661612,0.000568390,12929,10609,25858
[RESULT] 25,32,7,0.000652790,0.000560522,12929,10609,25858
[RESULT] 25,32,8,0.000656128,0.000563145,12929,10609,25858
[RESULT] 25,32,9,0.000648260,0.000556231,12929,10609,25858
[RESULT] 0,32,7,0.000599623,0.000487804,12681,10367,25362
[RESULT] 0,32,8,0.000607252,0.000512838,12681,10367,25362
[RESULT] 0,32,9,0.000622272,0.000528574,12681,10367,25362

Benchmark Summary
Processes: 32
Iterations: 10
Matrix NNZ: 410077
Total execution time: 0.216 seconds
[RESULT] 26,32,0,0.000633955,0.000535727,12594,10236,25188
[RESULT] 26,32,1,0.000635862,0.000540972,12594,10236,25188
[RESULT] 26,32,2,0.000642538,0.000549793,12594,10236,25188
[RESULT] 26,32,3,0.000651360,0.000559330,12594,10236,25188
[RESULT] 26,32,4,0.000651836,0.000561237,12594,10236,25188
[RESULT] 26,32,5,0.000643969,0.000552654,12594,10236,25188
[RESULT] 26,32,6,0.000655890,0.000563622,12594,10236,25188
[RESULT] 26,32,7,0.000674248,0.000581980,12594,10236,25188
[RESULT] 26,32,8,0.000669003,0.000577927,12594,10236,25188
[RESULT] 26,32,9,0.000649691,0.000558615,12594,10236,25188
[RESULT] 1,32,5,0.000609875,0.000512838,12954,10608,25908
[RESULT] 1,32,6,0.000594616,0.000498295,12954,10608,25908
[RESULT] 1,32,7,0.000627756,0.000533104,12954,10608,25908
[RESULT] 1,32,8,0.000632763,0.000537872,12954,10608,25908
[RESULT] 1,32,9,0.000622034,0.000526190,12954,10608,25908
[RESULT] 27,32,0,0.000600338,0.000502825,12852,10503,25704
[RESULT] 27,32,1,0.000619173,0.000522852,12852,10503,25704
[RESULT] 27,32,2,0.000615835,0.000520229,12852,10503,25704
[RESULT] 27,32,3,0.000621319,0.000522375,12852,10503,25704
[RESULT] 27,32,4,0.000629425,0.000535250,12852,10503,25704
[RESULT] 27,32,5,0.000636816,0.000541925,12852,10503,25704
[RESULT] 27,32,6,0.000667095,0.000572443,12852,10503,25704
[RESULT] 27,32,7,0.000652552,0.000558376,12852,10503,25704
[RESULT] 27,32,8,0.000662088,0.000568151,12852,10503,25704
[RESULT] 27,32,9,0.000649691,0.000555038,12852,10503,25704
[RESULT] 2,32,0,0.000639915,0.000542402,12628,10275,25256
[RESULT] 2,32,1,0.000645161,0.000549793,12628,10275,25256
[RESULT] 2,32,2,0.000626564,0.000530958,12628,10275,25256
[RESULT] 2,32,3,0.000606775,0.000511885,12628,10275,25256
[RESULT] 2,32,4,0.000628948,0.000533819,12628,10275,25256
[RESULT] 2,32,5,0.000597954,0.000503063,12628,10275,25256
[RESULT] 2,32,6,0.000611544,0.000515223,12628,10275,25256
[RESULT] 2,32,7,0.000603199,0.000508547,12628,10275,25256
[RESULT] 2,32,8,0.000601053,0.000506163,12628,10275,25256
[RESULT] 2,32,9,0.000640154,0.000530005,12628,10275,25256
[RESULT] 28,32,0,0.000585079,0.000490665,12705,10371,25410
[RESULT] 28,32,1,0.000565290,0.000472784,12705,10371,25410
[RESULT] 28,32,2,0.000555515,0.000463486,12705,10371,25410
[RESULT] 28,32,3,0.000584126,0.000491142,12705,10371,25410
[RESULT] 28,32,4,0.000574112,0.000481606,12705,10371,25410
[RESULT] 28,32,5,0.000582457,0.000491619,12705,10371,25410
[RESULT] 28,32,6,0.000597954,0.000505447,12705,10371,25410
[RESULT] 28,32,7,0.000600815,0.000507593,12705,10371,25410
[RESULT] 28,32,8,0.000585556,0.000492334,12705,10371,25410
[RESULT] 28,32,9,0.000655413,0.000564337,12705,10371,25410
[RESULT] 29,32,9,0.000611067,0.000515699,13327,11007,26654
