Retrieving the matrix from '../data/msdoor.mtx'...
Real Matrix (Strong Scaling): Rows=415863 | Cols=415863 | NNZ=10328399 | Procs=16
Matrix distributed and converted to CSR
Ghost columns identified: 584179 total ghost values needed
Local vector initialized (size=25992 per process)
[RESULT] 7,16,0,0.019562483,0.015944242,649472,593567,1298944
[RESULT] 7,16,1,0.017935276,0.014400959,649472,593567,1298944
[RESULT] 7,16,2,0.017960310,0.014442682,649472,593567,1298944
[RESULT] 7,16,3,0.018512011,0.015026808,649472,593567,1298944
[RESULT] 7,16,4,0.017583370,0.014093161,649472,593567,1298944
[RESULT] 7,16,5,0.017684937,0.014215708,649472,593567,1298944
[RESULT] 7,16,6,0.017561436,0.014049768,649472,593567,1298944
[RESULT] 7,16,7,0.018399477,0.014946938,649472,593567,1298944
[RESULT] 7,16,8,0.017938137,0.014477968,649472,593567,1298944
[RESULT] 7,16,9,0.017564297,0.014056206,649472,593567,1298944
[RESULT] 15,16,0,0.019768476,0.016266823,651116,594354,1302232
[RESULT] 15,16,1,0.018223763,0.014780760,651116,594354,1302232
[RESULT] 15,16,2,0.017905712,0.014486790,651116,594354,1302232
[RESULT] 15,16,3,0.018406868,0.014996529,651116,594354,1302232
[RESULT] 15,16,4,0.017859697,0.014467001,651116,594354,1302232
[RESULT] 15,16,5,0.018155575,0.014738321,651116,594354,1302232
[RESULT] 15,16,6,0.017686129,0.014265537,651116,594354,1302232
[RESULT] 15,16,7,0.017925978,0.014513731,651116,594354,1302232
[RESULT] 15,16,8,0.017474651,0.014057636,651116,594354,1302232
[RESULT] 15,16,9,0.017626524,0.014187813,651116,594354,1302232
[RESULT] 1,16,0,0.019987106,0.015903234,644599,587876,1289198
[RESULT] 1,16,1,0.018350840,0.014525175,644599,587876,1289198
[RESULT] 1,16,2,0.018009424,0.014226437,644599,587876,1289198
[RESULT] 1,16,3,0.018856049,0.015025377,644599,587876,1289198
[RESULT] 1,16,4,0.017814398,0.014086485,644599,587876,1289198
[RESULT] 1,16,5,0.017744541,0.014053583,644599,587876,1289198
[RESULT] 1,16,6,0.017930508,0.014220476,644599,587876,1289198
[RESULT] 1,16,7,0.018752337,0.015054464,644599,587876,1289198
[RESULT] 1,16,8,0.018397093,0.014698029,644599,587876,1289198
[RESULT] 1,16,9,0.017940521,0.014255762,644599,587876,1289198
[RESULT] 5,16,0,0.020265818,0.016261578,642166,585473,1284332
[RESULT] 5,16,1,0.018880844,0.015025854,642166,585473,1284332
[RESULT] 5,16,2,0.018337488,0.014559507,642166,585473,1284332
[RESULT] 5,16,3,0.018119574,0.014454603,642166,585473,1284332
[RESULT] 5,16,4,0.018238544,0.014530182,642166,585473,1284332
[RESULT] 5,16,5,0.018417358,0.014702320,642166,585473,1284332
[RESULT] 5,16,6,0.018179178,0.014490843,642166,585473,1284332
[RESULT] 5,16,7,0.018912554,0.015234470,642166,585473,1284332
[RESULT] 5,16,8,0.018462420,0.014807940,642166,585473,1284332
[RESULT] 5,16,9,0.017973423,0.014296532,642166,585473,1284332
[RESULT] 13,16,0,0.021827459,0.016715288,644075,588125,1288150
[RESULT] 13,16,1,0.019074917,0.014816999,644075,588125,1288150
[RESULT] 13,16,2,0.018304825,0.014370918,644075,588125,1288150
[RESULT] 13,16,3,0.018016815,0.014195681,644075,588125,1288150
[RESULT] 13,16,4,0.018522024,0.014757872,644075,588125,1288150
[RESULT] 13,16,5,0.018405437,0.014644623,644075,588125,1288150
[RESULT] 13,16,6,0.018201590,0.014453888,644075,588125,1288150
[RESULT] 13,16,7,0.018823385,0.015073776,644075,588125,1288150
[RESULT] 13,16,8,0.018573523,0.014819145,644075,588125,1288150
[RESULT] 13,16,9,0.018025637,0.014274120,644075,588125,1288150
[RESULT] 6,16,0,0.021391869,0.016379833,644374,588238,1288748
[RESULT] 6,16,1,0.018720150,0.014502764,644374,588238,1288748
[RESULT] 6,16,2,0.018258572,0.014148474,644374,588238,1288748
[RESULT] 6,16,3,0.018687963,0.014617682,644374,588238,1288748
[RESULT] 6,16,4,0.017944336,0.013865948,644374,588238,1288748
[RESULT] 6,16,5,0.017312527,0.013269663,644374,588238,1288748
[RESULT] 6,16,6,0.018545866,0.013818741,644374,588238,1288748
[RESULT] 6,16,7,0.019534588,0.015091419,644374,588238,1288748
[RESULT] 6,16,8,0.018643856,0.014422655,644374,588238,1288748
[RESULT] 6,16,9,0.018074274,0.014033079,644374,588238,1288748
[RESULT] 10,16,0,0.021399975,0.016405106,648933,592642,1297866
[RESULT] 10,16,1,0.018232584,0.014109135,648933,592642,1297866
[RESULT] 10,16,2,0.018550873,0.014429331,648933,592642,1297866
[RESULT] 10,16,3,0.018810749,0.014755487,648933,592642,1297866
[RESULT] 10,16,4,0.018197060,0.014155149,648933,592642,1297866
[RESULT] 10,16,5,0.018337488,0.014228106,648933,592642,1297866
[RESULT] 10,16,6,0.018615246,0.013952255,648933,592642,1297866
[RESULT] 10,16,7,0.018113375,0.013897181,648933,592642,1297866
[RESULT] 10,16,8,0.017864704,0.013819933,648933,592642,1297866
[RESULT] 10,16,9,0.018310785,0.014267206,648933,592642,1297866
[RESULT] 3,16,0,0.020413876,0.015857935,651848,595039,1303696
[RESULT] 3,16,1,0.018526316,0.014063597,651848,595039,1303696
[RESULT] 3,16,2,0.018347979,0.013943911,651848,595039,1303696
[RESULT] 3,16,3,0.019152641,0.014757633,651848,595039,1303696
[RESULT] 3,16,4,0.018082380,0.013736725,651848,595039,1303696
[RESULT] 3,16,5,0.018245697,0.013942719,651848,595039,1303696
[RESULT] 3,16,6,0.017615557,0.013278484,651848,595039,1303696
[RESULT] 3,16,7,0.018399715,0.014082193,651848,595039,1303696
[RESULT] 3,16,8,0.017827511,0.013457537,651848,595039,1303696
[RESULT] 3,16,9,0.018297911,0.013961077,651848,595039,1303696
[RESULT] 2,16,0,0.021301985,0.016036034,646874,589801,1293748
[RESULT] 2,16,1,0.018502951,0.013309479,646874,589801,1293748
[RESULT] 2,16,2,0.019586086,0.014379501,646874,589801,1293748
[RESULT] 2,16,3,0.019790411,0.014761925,646874,589801,1293748
[RESULT] 2,16,4,0.018841982,0.013998270,646874,589801,1293748
[RESULT] 2,16,5,0.018492460,0.014007807,646874,589801,1293748
[RESULT] 2,16,6,0.018688679,0.013927460,646874,589801,1293748
[RESULT] 2,16,7,0.018849134,0.014124393,646874,589801,1293748
[RESULT] 2,16,8,0.018302441,0.013799906,646874,589801,1293748
[RESULT] 2,16,9,0.018462658,0.014058828,646874,589801,1293748
[RESULT] 11,16,0,0.020471096,0.015885830,654058,597239,1308116
[RESULT] 11,16,1,0.018822193,0.014304161,654058,597239,1308116
[RESULT] 11,16,2,0.018910885,0.014431238,654058,597239,1308116
[RESULT] 11,16,3,0.019450903,0.015012026,654058,597239,1308116
[RESULT] 11,16,4,0.018579245,0.014121532,654058,597239,1308116
[RESULT] 11,16,5,0.018968344,0.014522314,654058,597239,1308116
[RESULT] 11,16,6,0.018625975,0.014178514,654058,597239,1308116
[RESULT] 11,16,7,0.018883228,0.014431238,654058,597239,1308116
[RESULT] 11,16,8,0.018573999,0.014140368,654058,597239,1308116
[RESULT] 11,16,9,0.018504143,0.014065266,654058,597239,1308116
[RESULT] 9,16,0,0.020768642,0.016747713,646142,589291,1292284
[RESULT] 9,16,1,0.019048452,0.015078545,646142,589291,1292284
[RESULT] 9,16,2,0.018619061,0.014744282,646142,589291,1292284
[RESULT] 9,16,3,0.018491983,0.014616489,646142,589291,1292284
[RESULT] 9,16,4,0.018757582,0.014892578,646142,589291,1292284
[RESULT] 9,16,5,0.018838406,0.014985561,646142,589291,1292284
[RESULT] 9,16,6,0.018483639,0.014620781,646142,589291,1292284
[RESULT] 9,16,7,0.019125223,0.015275240,646142,589291,1292284
[RESULT] 14,16,0,0.021865606,0.016604900,645998,589805,1291996
[RESULT] 14,16,1,0.019331932,0.014110804,645998,589805,1291996
[RESULT] 9,16,8,0.018754721,0.014910460,646142,589291,1292284
[RESULT] 9,16,9,0.018562555,0.014711857,646142,589291,1292284
[RESULT] 14,16,2,0.019510746,0.014352083,645998,589805,1291996
[RESULT] 14,16,3,0.019867897,0.014869452,645998,589805,1291996
[RESULT] 14,16,4,0.018595695,0.013836384,645998,589805,1291996
[RESULT] 14,16,5,0.018555880,0.014121532,645998,589805,1291996
[RESULT] 14,16,6,0.018539429,0.013820648,645998,589805,1291996
[RESULT] 14,16,7,0.018846035,0.014140606,645998,589805,1291996
[RESULT] 14,16,8,0.018610716,0.014153481,645998,589805,1291996
[RESULT] 14,16,9,0.018636703,0.014218092,645998,589805,1291996
[RESULT] 12,16,0,0.021221876,0.016095638,639589,583237,1279178
[RESULT] 12,16,1,0.020020962,0.014847755,639589,583237,1279178
[RESULT] 12,16,2,0.018993378,0.014539242,639589,583237,1279178
[RESULT] 12,16,3,0.019089699,0.014378548,639589,583237,1279178
[RESULT] 12,16,4,0.019633532,0.014489889,639589,583237,1279178
[RESULT] 12,16,5,0.019542456,0.014413595,639589,583237,1279178
[RESULT] 12,16,6,0.019641161,0.014629602,639589,583237,1279178
[RESULT] 12,16,7,0.019426823,0.014941216,639589,583237,1279178
[RESULT] 12,16,8,0.019171476,0.014505863,639589,583237,1279178
[RESULT] 12,16,9,0.019551039,0.014289141,639589,583237,1279178
[RESULT] 4,16,0,0.022112846,0.016772747,637904,581739,1275808
[RESULT] 4,16,1,0.019862890,0.014560699,637904,581739,1275808
[RESULT] 4,16,2,0.019160032,0.014705181,637904,581739,1275808
[RESULT] 4,16,3,0.019844055,0.014872551,637904,581739,1275808
[RESULT] 4,16,4,0.020013809,0.014691353,637904,581739,1275808
[RESULT] 4,16,5,0.020203114,0.014977217,637904,581739,1275808
[RESULT] 4,16,6,0.019499540,0.014352322,637904,581739,1275808
[RESULT] 4,16,7,0.018679619,0.014234543,637904,581739,1275808
[RESULT] 4,16,8,0.019452095,0.014589310,637904,581739,1275808
[RESULT] 4,16,9,0.019798994,0.014576197,637904,581739,1275808
[RESULT] 8,16,0,0.022390366,0.017080545,640814,583523,1281628
[RESULT] 8,16,1,0.020416498,0.015094519,640814,583523,1281628
[RESULT] 8,16,2,0.019356012,0.014762163,640814,583523,1281628
[RESULT] 8,16,3,0.019636154,0.014713287,640814,583523,1281628
[RESULT] 8,16,4,0.020232677,0.014919996,640814,583523,1281628
[RESULT] 8,16,5,0.020334721,0.015127182,640814,583523,1281628
[RESULT] 8,16,6,0.019854069,0.014575243,640814,583523,1281628
[RESULT] 8,16,7,0.019829273,0.015223265,640814,583523,1281628
[RESULT] 8,16,8,0.019780159,0.014919996,640814,583523,1281628
[RESULT] 8,16,9,0.020018339,0.014758348,640814,583523,1281628
[RESULT] 0,16,0,0.022006273,0.016750097,640437,584179,1280874
[RESULT] 0,16,1,0.020411491,0.015127659,640437,584179,1280874
[RESULT] 0,16,2,0.019344807,0.014745474,640437,584179,1280874
[RESULT] 0,16,3,0.019739151,0.014888048,640437,584179,1280874
[RESULT] 0,16,4,0.020209789,0.014957905,640437,584179,1280874
[RESULT] 0,16,5,0.020307779,0.015098095,640437,584179,1280874
[RESULT] 0,16,6,0.019725323,0.014678240,640437,584179,1280874
[RESULT] 0,16,7,0.019899368,0.015302658,640437,584179,1280874
[RESULT] 0,16,8,0.019710302,0.014922380,640437,584179,1280874
[RESULT] 0,16,9,0.020162106,0.014773846,640437,584179,1280874

Benchmark Summary
Processes: 16
Iterations: 10
Matrix NNZ: 10328399
Total execution time: 5.655 seconds
