Retrieving the matrix from '../data/bcsstk27.mtx'...
Real Matrix (Strong Scaling): Rows=1224 | Cols=1224 | NNZ=28675 | Procs=32
Matrix distributed and converted to CSR
Ghost columns identified: 860 total ghost values needed
Local vector initialized (size=39 per process)
[RESULT] 15,32,0,0.063981056,0.063975573,867,795,1734
[RESULT] 15,32,1,0.064007282,0.064002037,867,795,1734
[RESULT] 15,32,2,0.032014608,0.032009363,867,795,1734
[RESULT] 15,32,3,0.064010382,0.064005613,867,795,1734
[RESULT] 15,32,4,0.034384727,0.034379244,867,795,1734
[RESULT] 15,32,5,0.034391165,0.034385681,867,795,1734
[RESULT] 15,32,6,0.034370661,0.034364223,867,795,1734
[RESULT] 15,32,7,0.034375429,0.034369469,867,795,1734
[RESULT] 15,32,8,0.034362316,0.034356117,867,795,1734
[RESULT] 15,32,9,0.034400702,0.034394741,867,795,1734
[RESULT] 17,32,0,0.063626051,0.063618183,874,803,1748
[RESULT] 17,32,1,0.095006466,0.095000267,874,803,1748
[RESULT] 17,32,2,0.064014196,0.064007998,874,803,1748
[RESULT] 17,32,3,0.065099478,0.065091372,874,803,1748
[RESULT] 17,32,4,0.064010620,0.064004421,874,803,1748
[RESULT] 17,32,5,0.061803102,0.061796665,874,803,1748
[RESULT] 17,32,6,0.059021711,0.059014320,874,803,1748
[RESULT] 17,32,7,0.064023018,0.064016342,874,803,1748
[RESULT] 17,32,8,0.064026833,0.064020157,874,803,1748
[RESULT] 17,32,9,0.064031839,0.064025164,874,803,1748
[RESULT] 16,32,0,0.064009190,0.064002991,905,833,1810
[RESULT] 16,32,1,0.064008951,0.064003229,905,833,1810
[RESULT] 16,32,2,0.096011639,0.096005678,905,833,1810
[RESULT] 16,32,3,0.064010143,0.064004898,905,833,1810
[RESULT] 16,32,4,0.064012289,0.064006567,905,833,1810
[RESULT] 16,32,5,0.064010620,0.064004898,905,833,1810
[RESULT] 16,32,6,0.032014608,0.032007933,905,833,1810
[RESULT] 16,32,7,0.032012224,0.032005310,905,833,1810
[RESULT] 16,32,8,0.032021761,0.032015085,905,833,1810
[RESULT] 16,32,9,0.032019138,0.032012224,905,833,1810
[RESULT] 13,32,0,0.063015461,0.063008308,874,801,1748
[RESULT] 13,32,1,0.095010996,0.095004559,874,801,1748
[RESULT] 13,32,2,0.064011097,0.064004660,874,801,1748
[RESULT] 13,32,3,0.064013958,0.064007521,874,801,1748
[RESULT] 13,32,4,0.064336538,0.064327955,874,801,1748
[RESULT] 13,32,5,0.032337904,0.032329798,874,801,1748
[RESULT] 13,32,6,0.032015085,0.032007933,874,801,1748
[RESULT] 13,32,7,0.032015324,0.032009363,874,801,1748
[RESULT] 13,32,8,0.032016516,0.032010794,874,801,1748
[RESULT] 13,32,9,0.032022238,0.032016039,874,801,1748
[RESULT] 28,32,0,0.032012701,0.032005787,918,846,1836
[RESULT] 28,32,1,0.032015562,0.032008886,918,846,1836
[RESULT] 28,32,2,0.064012527,0.064006567,918,846,1836
[RESULT] 28,32,3,0.032008886,0.032002449,918,846,1836
[RESULT] 28,32,4,0.032011032,0.032005072,918,846,1836
[RESULT] 28,32,5,0.032013178,0.032007456,918,846,1836
[RESULT] 28,32,6,0.000094414,0.000088215,918,846,1836
[RESULT] 28,32,7,0.000092745,0.000086784,918,846,1836
[RESULT] 28,32,8,0.000087500,0.000081301,918,846,1836
[RESULT] 28,32,9,0.000093699,0.000087261,918,846,1836
[RESULT] 19,32,0,0.032010555,0.032004118,856,785,1712
[RESULT] 19,32,1,0.032030582,0.032024145,856,785,1712
[RESULT] 19,32,2,0.032017231,0.032010794,856,785,1712
[RESULT] 19,32,3,0.032034874,0.032028437,856,785,1712
[RESULT] 19,32,4,0.032032490,0.032026529,856,785,1712
[RESULT] 19,32,5,0.032031775,0.032026291,856,785,1712
[RESULT] 19,32,6,0.064018726,0.064014196,856,785,1712
[RESULT] 19,32,7,0.064015388,0.064010620,856,785,1712
[RESULT] 19,32,8,0.064022541,0.064017296,856,785,1712
[RESULT] 19,32,9,0.064026117,0.064020872,856,785,1712
[RESULT] 26,32,0,0.032026291,0.032015085,912,841,1824
[RESULT] 26,32,1,0.032018900,0.032008171,912,841,1824
[RESULT] 26,32,2,0.064021349,0.064009905,912,841,1824
[RESULT] 26,32,3,0.031017780,0.031009674,912,841,1824
[RESULT] 26,32,4,0.032018423,0.032008171,912,841,1824
[RESULT] 26,32,5,0.032016754,0.032006979,912,841,1824
[RESULT] 26,32,6,0.033797741,0.033786774,912,841,1824
[RESULT] 26,32,7,0.033802509,0.033790350,912,841,1824
[RESULT] 26,32,8,0.033727884,0.033715963,912,841,1824
[RESULT] 26,32,9,0.033804417,0.033793926,912,841,1824
[RESULT] 25,32,0,0.063010454,0.063002825,874,803,1748
[RESULT] 25,32,1,0.091012239,0.091006041,874,803,1748
[RESULT] 25,32,2,0.034082651,0.034074545,874,803,1748
[RESULT] 25,32,3,0.073011398,0.073004961,874,803,1748
[RESULT] 25,32,4,0.064010859,0.064004898,874,803,1748
[RESULT] 25,32,5,0.066013575,0.066007376,874,803,1748
[RESULT] 25,32,6,0.064866543,0.064860344,874,803,1748
[RESULT] 25,32,7,0.064929485,0.064924479,874,803,1748
[RESULT] 25,32,8,0.064930677,0.064925432,874,803,1748
[RESULT] 25,32,9,0.064025164,0.064017296,874,803,1748
[RESULT] 14,32,0,0.064012766,0.064002991,909,836,1818
[RESULT] 14,32,1,0.064007521,0.063998938,909,836,1818
[RESULT] 14,32,2,0.065897465,0.065887690,909,836,1818
[RESULT] 14,32,3,0.063008308,0.063001394,909,836,1818
[RESULT] 14,32,4,0.065006018,0.064997435,909,836,1818
[RESULT] 14,32,5,0.063999653,0.063991547,909,836,1818
[RESULT] 14,32,6,0.064012289,0.064004421,909,836,1818
[RESULT] 14,32,7,0.064021587,0.064013481,909,836,1818
[RESULT] 14,32,8,0.064024687,0.064015627,909,836,1818
[RESULT] 14,32,9,0.064042330,0.064034224,909,836,1818
[RESULT] 20,32,0,0.032018185,0.032010317,894,823,1788
[RESULT] 20,32,1,0.032010555,0.032003403,894,823,1788
[RESULT] 20,32,2,0.064017296,0.064009905,894,823,1788
[RESULT] 20,32,3,0.032021284,0.032014370,894,823,1788
[RESULT] 20,32,4,0.032021046,0.032013416,894,823,1788
[RESULT] 20,32,5,0.032019377,0.032012701,894,823,1788
[RESULT] 20,32,6,0.031997204,0.031991005,894,823,1788
[RESULT] 20,32,7,0.032007694,0.032001734,894,823,1788
[RESULT] 20,32,8,0.032012701,0.032006979,894,823,1788
[RESULT] 20,32,9,0.032009363,0.032003403,894,823,1788
[RESULT] 31,32,0,0.032011509,0.032005787,894,822,1788
[RESULT] 31,32,1,0.032012463,0.032006741,894,822,1788
[RESULT] 31,32,2,0.000119209,0.000113487,894,822,1788
[RESULT] 31,32,3,0.032011509,0.032005787,894,822,1788
[RESULT] 31,32,4,0.032011271,0.032005787,894,822,1788
[RESULT] 31,32,5,0.032010078,0.032004595,894,822,1788
[RESULT] 31,32,6,0.032026291,0.032021284,894,822,1788
[RESULT] 31,32,7,0.032014847,0.032009363,894,822,1788
[RESULT] 31,32,8,0.032015085,0.032009602,894,822,1788
[RESULT] 31,32,9,0.032042980,0.032036781,894,822,1788
[RESULT] 9,32,0,0.063015938,0.063009262,879,807,1758
[RESULT] 9,32,1,0.107009649,0.107002974,879,807,1758
[RESULT] 9,32,2,0.059931993,0.059925318,879,807,1758
[RESULT] 9,32,3,0.068033934,0.068028212,879,807,1758
[RESULT] 9,32,4,0.096009970,0.096004009,879,807,1758
[RESULT] 9,32,5,0.066007137,0.066000462,879,807,1758
[RESULT] 9,32,6,0.064019442,0.064013481,879,807,1758
[RESULT] 9,32,7,0.064013243,0.064007998,879,807,1758
[RESULT] 9,32,8,0.064015865,0.064011097,879,807,1758
[RESULT] 9,32,9,0.064032555,0.064026833,879,807,1758
[RESULT] 18,32,0,0.064003706,0.063992739,912,841,1824
[RESULT] 18,32,1,0.064006090,0.063995838,912,841,1824
[RESULT] 18,32,2,0.064020157,0.064011335,912,841,1824
[RESULT] 18,32,3,0.063004971,0.062996626,912,841,1824
[RESULT] 18,32,4,0.065010309,0.065000534,912,841,1824
[RESULT] 18,32,5,0.064011812,0.064002991,912,841,1824
[RESULT] 18,32,6,0.064021111,0.064010620,912,841,1824
[RESULT] 18,32,7,0.064031601,0.064022541,912,841,1824
[RESULT] 18,32,8,0.064027786,0.064017296,912,841,1824
[RESULT] 18,32,9,0.064049482,0.064038992,912,841,1824
[RESULT] 0,32,0,0.095848560,0.095842838,933,860,1866
[RESULT] 0,32,1,0.095998049,0.095992088,933,860,1866
[RESULT] 0,32,2,0.095858812,0.095853329,933,860,1866
[RESULT] 0,32,3,0.096000910,0.095995665,933,860,1866
[RESULT] 0,32,4,0.094646215,0.094640732,933,860,1866
[RESULT] 0,32,5,0.093652964,0.093647480,933,860,1866
[RESULT] 0,32,6,0.063987970,0.063982248,933,860,1866
[RESULT] 0,32,7,0.063998699,0.063992500,933,860,1866
[RESULT] 0,32,8,0.063996553,0.063990593,933,860,1866
[RESULT] 0,32,9,0.064033508,0.064027309,933,860,1866

Benchmark Summary
Processes: 32
Iterations: 10
Matrix NNZ: 28675
Total execution time: 2.753 seconds
[RESULT] 27,32,0,0.064002752,0.063997984,895,823,1790
[RESULT] 27,32,1,0.064009428,0.064004183,895,823,1790
[RESULT] 27,32,2,0.032019377,0.032014132,895,823,1790
[RESULT] 27,32,3,0.064010382,0.064005375,895,823,1790
[RESULT] 27,32,4,0.063976049,0.063970804,895,823,1790
[RESULT] 27,32,5,0.064006329,0.064001083,895,823,1790
[RESULT] 27,32,6,0.064014196,0.064008951,895,823,1790
[RESULT] 27,32,7,0.064011812,0.064006805,895,823,1790
[RESULT] 27,32,8,0.064011097,0.064006090,895,823,1790
[RESULT] 27,32,9,0.064040899,0.064035416,895,823,1790
[RESULT] 1,32,0,0.065331459,0.065319300,882,810,1764
[RESULT] 1,32,1,0.110996246,0.110986471,882,810,1764
[RESULT] 1,32,2,0.070994139,0.070985794,882,810,1764
[RESULT] 1,32,3,0.084958076,0.084950924,882,810,1764
[RESULT] 1,32,4,0.095992088,0.095982790,882,810,1764
[RESULT] 1,32,5,0.097991705,0.097984552,882,810,1764
[RESULT] 1,32,6,0.094999790,0.094993353,882,810,1764
[RESULT] 1,32,7,0.096000671,0.095995426,882,810,1764
[RESULT] 1,32,8,0.096001387,0.095996618,882,810,1764
[RESULT] 1,32,9,0.096038103,0.096032619,882,810,1764
[RESULT] 22,32,0,0.064008236,0.063998222,900,828,1800
[RESULT] 22,32,1,0.064010143,0.063998938,900,828,1800
[RESULT] 22,32,2,0.064025640,0.064016104,900,828,1800
[RESULT] 22,32,3,0.059016705,0.059005976,900,828,1800
[RESULT] 22,32,4,0.065010071,0.064999104,900,828,1800
[RESULT] 22,32,5,0.064001560,0.063991547,900,828,1800
[RESULT] 22,32,6,0.064013481,0.064002752,900,828,1800
[RESULT] 22,32,7,0.064031363,0.064020157,900,828,1800
[RESULT] 22,32,8,0.064033985,0.064023733,900,828,1800
[RESULT] 22,32,9,0.064056635,0.064046383,900,828,1800
[RESULT] 12,32,0,0.064006090,0.063999176,904,832,1808
[RESULT] 12,32,1,0.064007521,0.064001799,904,832,1808
[RESULT] 12,32,2,0.064018965,0.064013481,904,832,1808
[RESULT] 12,32,3,0.064008236,0.064002752,904,832,1808
[RESULT] 12,32,4,0.064006805,0.064001322,904,832,1808
[RESULT] 12,32,5,0.064007998,0.064002275,904,832,1808
[RESULT] 12,32,6,0.032009363,0.032003880,904,832,1808
[RESULT] 12,32,7,0.032011271,0.032005548,904,832,1808
[RESULT] 12,32,8,0.032016754,0.032011032,904,832,1808
[RESULT] 12,32,9,0.032066345,0.032059908,904,832,1808
[RESULT] 3,32,0,0.095994234,0.095988989,883,811,1766
[RESULT] 3,32,1,0.095988512,0.095983267,883,811,1766
[RESULT] 3,32,2,0.064001560,0.063996553,883,811,1766
[RESULT] 3,32,3,0.095995903,0.095991373,883,811,1766
[RESULT] 3,32,4,0.096004725,0.096000195,883,811,1766
[RESULT] 3,32,5,0.096005201,0.096000433,883,811,1766
[RESULT] 3,32,6,0.096001863,0.095997095,883,811,1766
[RESULT] 3,32,7,0.096001625,0.095997095,883,811,1766
[RESULT] 3,32,8,0.096000910,0.095996141,883,811,1766
[RESULT] 3,32,9,0.096060753,0.096055746,883,811,1766
[RESULT] 5,32,0,0.063020229,0.063011885,894,820,1788
[RESULT] 5,32,1,0.095017195,0.095007896,894,820,1788
[RESULT] 5,32,2,0.064015150,0.064006329,894,820,1788
[RESULT] 5,32,3,0.065014124,0.065006733,894,820,1788
[RESULT] 5,32,4,0.096023321,0.096014738,894,820,1788
[RESULT] 5,32,5,0.098015308,0.098007679,894,820,1788
[RESULT] 5,32,6,0.095010757,0.095002651,894,820,1788
[RESULT] 5,32,7,0.096014738,0.096009016,894,820,1788
[RESULT] 5,32,8,0.094016075,0.094010830,894,820,1788
[RESULT] 5,32,9,0.096045971,0.096040487,894,820,1788
[RESULT] 2,32,0,0.094067335,0.094059467,918,846,1836
[RESULT] 2,32,1,0.095985651,0.095977306,918,846,1836
[RESULT] 2,32,2,0.094105482,0.094097376,918,846,1836
[RESULT] 2,32,3,0.097234488,0.097225666,918,846,1836
[RESULT] 2,32,4,0.096987963,0.096979141,918,846,1836
[RESULT] 2,32,5,0.095988750,0.095981359,918,846,1836
[RESULT] 2,32,6,0.095985174,0.095977545,918,846,1836
[RESULT] 2,32,7,0.095994711,0.095986366,918,846,1836
[RESULT] 2,32,8,0.095999241,0.095991850,918,846,1836
[RESULT] 2,32,9,0.096061468,0.096052885,918,846,1836
[RESULT] 24,32,0,0.064014196,0.064007282,914,842,1828
[RESULT] 24,32,1,0.064009666,0.064002991,914,842,1828
[RESULT] 24,32,2,0.064019680,0.064013958,914,842,1828
[RESULT] 24,32,3,0.064014673,0.064008951,914,842,1828
[RESULT] 24,32,4,0.034394741,0.034387827,914,842,1828
[RESULT] 24,32,5,0.034405470,0.034399271,914,842,1828
[RESULT] 24,32,6,0.032007694,0.032001495,914,842,1828
[RESULT] 24,32,7,0.032007456,0.032001734,914,842,1828
[RESULT] 24,32,8,0.032005787,0.032000065,914,842,1828
[RESULT] 24,32,9,0.032013655,0.032007217,914,842,1828
[RESULT] 21,32,0,0.063014030,0.063007593,853,781,1706
[RESULT] 21,32,1,0.078249693,0.078241587,853,781,1706
[RESULT] 21,32,2,0.032013416,0.032006741,853,781,1706
[RESULT] 21,32,3,0.064010859,0.064004660,853,781,1706
[RESULT] 21,32,4,0.063863993,0.063857794,853,781,1706
[RESULT] 21,32,5,0.066011429,0.066004992,853,781,1706
[RESULT] 21,32,6,0.064017534,0.064011574,853,781,1706
[RESULT] 21,32,7,0.064013481,0.064007998,853,781,1706
[RESULT] 21,32,8,0.064016581,0.064011812,853,781,1706
[RESULT] 21,32,9,0.064033747,0.064028263,853,781,1706
[RESULT] 30,32,0,0.000173569,0.000162125,924,852,1848
[RESULT] 30,32,1,0.000171423,0.000159979,924,852,1848
[RESULT] 30,32,2,0.032032728,0.032022476,924,852,1848
[RESULT] 30,32,3,0.000148296,0.000137806,924,852,1848
[RESULT] 30,32,4,0.000163078,0.000150919,924,852,1848
[RESULT] 30,32,5,0.000184774,0.000171900,924,852,1848
[RESULT] 30,32,6,0.032017469,0.032007217,924,852,1848
[RESULT] 30,32,7,0.032022953,0.032011986,924,852,1848
[RESULT] 30,32,8,0.032021046,0.032010794,924,852,1848
[RESULT] 30,32,9,0.032080889,0.032069683,924,852,1848
[RESULT] 4,32,0,0.066477060,0.066469431,934,861,1868
[RESULT] 4,32,1,0.064013481,0.064006805,934,861,1868
[RESULT] 4,32,2,0.096006632,0.096001148,934,861,1868
[RESULT] 4,32,3,0.064012289,0.064006805,934,861,1868
[RESULT] 4,32,4,0.064019203,0.064013720,934,861,1868
[RESULT] 4,32,5,0.064018011,0.064012527,934,861,1868
[RESULT] 4,32,6,0.060007811,0.060001612,934,861,1868
[RESULT] 4,32,7,0.064008236,0.064002752,934,861,1868
[RESULT] 4,32,8,0.064005852,0.064000130,934,861,1868
[RESULT] 4,32,9,0.064009190,0.064002752,934,861,1868
[RESULT] 7,32,0,0.066345930,0.066340208,898,825,1796
[RESULT] 7,32,1,0.066406250,0.066400528,898,825,1796
[RESULT] 7,32,2,0.064008474,0.064003706,898,825,1796
[RESULT] 7,32,3,0.065392971,0.065387249,898,825,1796
[RESULT] 7,32,4,0.064019918,0.064014912,898,825,1796
[RESULT] 7,32,5,0.064014196,0.064009428,898,825,1796
[RESULT] 7,32,6,0.096011162,0.096006632,898,825,1796
[RESULT] 7,32,7,0.096002102,0.095997572,898,825,1796
[RESULT] 7,32,8,0.096011877,0.096006870,898,825,1796
[RESULT] 7,32,9,0.096076488,0.096070766,898,825,1796
[RESULT] 6,32,0,0.064028502,0.064020634,933,859,1866
[RESULT] 6,32,1,0.064024687,0.064016104,933,859,1866
[RESULT] 6,32,2,0.096018314,0.096010208,933,859,1866
[RESULT] 6,32,3,0.063014269,0.063007355,933,859,1866
[RESULT] 6,32,4,0.061022282,0.061014414,933,859,1866
[RESULT] 6,32,5,0.064026594,0.064018488,933,859,1866
[RESULT] 6,32,6,0.096018791,0.096010923,933,859,1866
[RESULT] 6,32,7,0.096024990,0.096016645,933,859,1866
[RESULT] 6,32,8,0.096027136,0.096018553,933,859,1866
[RESULT] 6,32,9,0.096077681,0.096068621,933,859,1866
[RESULT] 8,32,0,0.064019680,0.064013720,915,842,1830
[RESULT] 8,32,1,0.066461802,0.066448212,915,842,1830
[RESULT] 8,32,2,0.096012115,0.096006393,915,842,1830
[RESULT] 8,32,3,0.065435410,0.065429449,915,842,1830
[RESULT] 8,32,4,0.064018488,0.064013004,915,842,1830
[RESULT] 8,32,5,0.064018726,0.064013243,915,842,1830
[RESULT] 8,32,6,0.068003178,0.067997932,915,842,1830
[RESULT] 8,32,7,0.063997269,0.063991070,915,842,1830
[RESULT] 8,32,8,0.064008713,0.064003229,915,842,1830
[RESULT] 8,32,9,0.064008713,0.064002514,915,842,1830
[RESULT] 11,32,0,0.064012289,0.064007282,866,794,1732
[RESULT] 11,32,1,0.064012289,0.064007282,866,794,1732
[RESULT] 11,32,2,0.064007044,0.064002037,866,794,1732
[RESULT] 11,32,3,0.064012766,0.064007998,866,794,1732
[RESULT] 11,32,4,0.064013243,0.064008474,866,794,1732
[RESULT] 11,32,5,0.063991308,0.063986301,866,794,1732
[RESULT] 11,32,6,0.096014023,0.096009254,866,794,1732
[RESULT] 11,32,7,0.096010447,0.096005678,866,794,1732
[RESULT] 11,32,8,0.096015453,0.096010923,866,794,1732
[RESULT] 11,32,9,0.096069574,0.096064806,866,794,1732
[RESULT] 29,32,0,0.063023567,0.063014984,886,814,1772
[RESULT] 29,32,1,0.091012955,0.091005325,886,814,1772
[RESULT] 29,32,2,0.032010078,0.032001972,886,814,1772
[RESULT] 29,32,3,0.032016277,0.032007933,886,814,1772
[RESULT] 29,32,4,0.032017231,0.032009363,886,814,1772
[RESULT] 29,32,5,0.034020424,0.034011602,886,814,1772
[RESULT] 29,32,6,0.064017296,0.064009190,886,814,1772
[RESULT] 29,32,7,0.064011335,0.064004898,886,814,1772
[RESULT] 29,32,8,0.066016912,0.066010952,886,814,1772
[RESULT] 29,32,9,0.064047098,0.064040899,886,814,1772
[RESULT] 10,32,0,0.096008539,0.095999241,899,827,1798
[RESULT] 10,32,1,0.095985413,0.095974922,899,827,1798
[RESULT] 10,32,2,0.096012831,0.096004009,899,827,1798
[RESULT] 10,32,3,0.095007420,0.094998121,899,827,1798
[RESULT] 10,32,4,0.073023796,0.073014021,899,827,1798
[RESULT] 10,32,5,0.064026833,0.064016581,899,827,1798
[RESULT] 10,32,6,0.096023798,0.096014738,899,827,1798
[RESULT] 10,32,7,0.096027374,0.096017122,899,827,1798
[RESULT] 10,32,8,0.096040249,0.096030235,899,827,1798
[RESULT] 10,32,9,0.096081972,0.096070766,899,827,1798
[RESULT] 23,32,0,0.032012224,0.032006979,876,804,1752
[RESULT] 23,32,1,0.032022238,0.032017231,876,804,1752
[RESULT] 23,32,2,0.032010555,0.032005072,876,804,1752
[RESULT] 23,32,3,0.032012701,0.032007694,876,804,1752
[RESULT] 23,32,4,0.032014608,0.032009602,876,804,1752
[RESULT] 23,32,5,0.032014132,0.032008886,876,804,1752
[RESULT] 23,32,6,0.035987139,0.035981655,876,804,1752
[RESULT] 23,32,7,0.064011574,0.064006329,876,804,1752
[RESULT] 23,32,8,0.064009905,0.064005136,876,804,1752
[RESULT] 23,32,9,0.064043045,0.064037561,876,804,1752
