Retrieving the matrix from '../data/tmt_sym.mtx'...
Real Matrix (Strong Scaling): Rows=726713 | Cols=726713 | NNZ=2903837 | Procs=8
Matrix distributed and converted to CSR
Ghost columns identified: 251661 total ghost values needed
Local vector initialized (size=90840 per process)
[RESULT] 4,8,0,0.005000114,0.002635002,363190,251766,726380
[RESULT] 4,8,1,0.003936052,0.001552820,363190,251766,726380
[RESULT] 4,8,2,0.003717899,0.001341820,363190,251766,726380
[RESULT] 4,8,3,0.003814697,0.001467705,363190,251766,726380
[RESULT] 4,8,4,0.003657579,0.001300097,363190,251766,726380
[RESULT] 4,8,5,0.003729820,0.001373291,363190,251766,726380
[RESULT] 4,8,6,0.003827333,0.001433849,363190,251766,726380
[RESULT] 4,8,7,0.003835201,0.001474380,363190,251766,726380
[RESULT] 4,8,8,0.003737211,0.001391411,363190,251766,726380
[RESULT] 4,8,9,0.003573179,0.001224041,363190,251766,726380
[RESULT] 6,8,0,0.005165815,0.002754927,362781,247182,725562
[RESULT] 6,8,1,0.003696203,0.001308680,362781,247182,725562
[RESULT] 6,8,2,0.003866196,0.001481771,362781,247182,725562
[RESULT] 6,8,3,0.003709316,0.001330137,362781,247182,725562
[RESULT] 6,8,4,0.003693581,0.001312017,362781,247182,725562
[RESULT] 6,8,5,0.003788233,0.001404047,362781,247182,725562
[RESULT] 6,8,6,0.003679991,0.001319170,362781,247182,725562
[RESULT] 6,8,7,0.003637552,0.001267672,362781,247182,725562
[RESULT] 6,8,8,0.003683805,0.001312971,362781,247182,725562
[RESULT] 6,8,9,0.003609419,0.001259804,362781,247182,725562
[RESULT] 1,8,0,0.005055428,0.002477884,363031,249543,726062
[RESULT] 1,8,1,0.003727674,0.001169205,363031,249543,726062
[RESULT] 1,8,2,0.003968000,0.001414061,363031,249543,726062
[RESULT] 1,8,3,0.004136086,0.001575947,363031,249543,726062
[RESULT] 1,8,4,0.003922224,0.001355171,363031,249543,726062
[RESULT] 1,8,5,0.003695965,0.001187563,363031,249543,726062
[RESULT] 1,8,6,0.003838301,0.001267910,363031,249543,726062
[RESULT] 1,8,7,0.003671169,0.001145363,363031,249543,726062
[RESULT] 1,8,8,0.003867149,0.001342773,363031,249543,726062
[RESULT] 1,8,9,0.003679752,0.001171112,363031,249543,726062
[RESULT] 0,8,0,0.004752636,0.002200842,362930,251661,725860
[RESULT] 0,8,1,0.003893852,0.001326323,362930,251661,725860
[RESULT] 7,8,0,0.005185843,0.002770662,363277,249681,726554
[RESULT] 7,8,1,0.003843069,0.001409054,363277,249681,726554
[RESULT] 7,8,2,0.003890514,0.001503944,363277,249681,726554
[RESULT] 7,8,3,0.003730297,0.001353502,363277,249681,726554
[RESULT] 0,8,2,0.003895044,0.001390219,362930,251661,725860
[RESULT] 0,8,3,0.003766775,0.001273155,362930,251661,725860
[RESULT] 0,8,4,0.003806591,0.001209736,362930,251661,725860
[RESULT] 0,8,5,0.003856421,0.001359940,362930,251661,725860
[RESULT] 0,8,6,0.003774643,0.001240492,362930,251661,725860
[RESULT] 0,8,7,0.003784180,0.001243353,362930,251661,725860
[RESULT] 0,8,8,0.003816366,0.001237869,362930,251661,725860
[RESULT] 5,8,0,0.005272388,0.002683401,362813,249458,725626
[RESULT] 5,8,1,0.004025698,0.001416445,362813,249458,725626
[RESULT] 5,8,2,0.003889799,0.001349449,362813,249458,725626
[RESULT] 5,8,3,0.003887415,0.001346588,362813,249458,725626
[RESULT] 5,8,4,0.003917694,0.001343966,362813,249458,725626
[RESULT] 5,8,5,0.003884077,0.001366377,362813,249458,725626
[RESULT] 5,8,6,0.003858805,0.001284599,362813,249458,725626
[RESULT] 5,8,7,0.003877640,0.001318932,362813,249458,725626
[RESULT] 7,8,4,0.003946543,0.001446962,363277,249681,726554
[RESULT] 7,8,5,0.003792048,0.001428127,363277,249681,726554
[RESULT] 7,8,6,0.003606081,0.001264811,363277,249681,726554
[RESULT] 7,8,7,0.003746271,0.001325130,363277,249681,726554
[RESULT] 7,8,8,0.003726006,0.001313686,363277,249681,726554
[RESULT] 7,8,9,0.003736019,0.001264334,363277,249681,726554
[RESULT] 0,8,9,0.003766060,0.001216412,362930,251661,725860

Benchmark Summary
Processes: 8
Iterations: 10
Matrix NNZ: 2903837
Total execution time: 1.589 seconds
[RESULT] 5,8,8,0.003814220,0.001308203,362813,249458,725626
[RESULT] 5,8,9,0.003768682,0.001259089,362813,249458,725626
[RESULT] 3,8,0,0.005345583,0.002971649,362540,249164,725080
[RESULT] 3,8,1,0.003823280,0.001479864,362540,249164,725080
[RESULT] 3,8,2,0.003738880,0.001390696,362540,249164,725080
[RESULT] 3,8,3,0.003760815,0.001415968,362540,249164,725080
[RESULT] 3,8,4,0.003777027,0.001421928,362540,249164,725080
[RESULT] 3,8,5,0.003756046,0.001400471,362540,249164,725080
[RESULT] 3,8,6,0.003743172,0.001392841,362540,249164,725080
[RESULT] 3,8,7,0.003720522,0.001396656,362540,249164,725080
[RESULT] 3,8,8,0.003684521,0.001348019,362540,249164,725080
[RESULT] 3,8,9,0.003811359,0.001461744,362540,249164,725080
[RESULT] 2,8,0,0.005430222,0.002970219,363275,247632,726550
[RESULT] 2,8,1,0.004138947,0.001548529,363275,247632,726550
[RESULT] 2,8,2,0.003931761,0.001499176,363275,247632,726550
[RESULT] 2,8,3,0.003973961,0.001568556,363275,247632,726550
[RESULT] 2,8,4,0.004028797,0.001443148,363275,247632,726550
[RESULT] 2,8,5,0.003837824,0.001420498,363275,247632,726550
[RESULT] 2,8,6,0.003769636,0.001370192,363275,247632,726550
[RESULT] 2,8,7,0.003939152,0.001473427,363275,247632,726550
[RESULT] 2,8,8,0.003772497,0.001386881,363275,247632,726550
[RESULT] 2,8,9,0.003965139,0.001457214,363275,247632,726550
