Retrieving the matrix from '../data/tmt_sym.mtx'...
Real Matrix (Strong Scaling): Rows=726713 | Cols=726713 | NNZ=2903837 | Procs=2
Matrix distributed and converted to CSR
Ghost columns identified: 725992 total ghost values needed
Local vector initialized (size=363357 per process)
[RESULT] 1,2,0,0.017883062,0.006828308,1451661,725736,2903322
[RESULT] 1,2,1,0.013442755,0.006626368,1451661,725736,2903322
[RESULT] 1,2,2,0.032712936,0.023923635,1451661,725736,2903322
[RESULT] 1,2,3,0.025710344,0.017439842,1451661,725736,2903322
[RESULT] 1,2,4,0.025452375,0.017712355,1451661,725736,2903322
[RESULT] 1,2,5,0.026204586,0.018272161,1451661,725736,2903322
[RESULT] 1,2,6,0.022718668,0.015425920,1451661,725736,2903322
[RESULT] 1,2,7,0.012073517,0.006142139,1451661,725736,2903322
[RESULT] 1,2,8,0.027617455,0.019287348,1451661,725736,2903322
[RESULT] 1,2,9,0.032931805,0.024014473,1451661,725736,2903322
[RESULT] 0,2,0,0.025527239,0.008164167,1452176,725992,2904352
[RESULT] 0,2,1,0.010580063,0.007087469,1452176,725992,2904352
[RESULT] 0,2,2,0.012685776,0.008872986,1452176,725992,2904352
[RESULT] 0,2,3,0.012898684,0.009118080,1452176,725992,2904352
[RESULT] 0,2,4,0.012896776,0.009135723,1452176,725992,2904352
[RESULT] 0,2,5,0.012936354,0.009189367,1452176,725992,2904352
[RESULT] 0,2,6,0.025521040,0.009045839,1452176,725992,2904352
[RESULT] 0,2,7,0.010364771,0.006845474,1452176,725992,2904352
[RESULT] 0,2,8,0.024721146,0.020887136,1452176,725992,2904352
[RESULT] 0,2,9,0.026026964,0.009404421,1452176,725992,2904352

Benchmark Summary
Processes: 2
Iterations: 10
Matrix NNZ: 2903837
Total execution time: 3.939 seconds
