Retrieving the matrix from '../data/Andrews.mtx'...
Real Matrix (Strong Scaling): Rows=60000 | Cols=60000 | NNZ=410077 | Procs=2
Matrix distributed and converted to CSR
Ghost columns identified: 53459 total ghost values needed
Local vector initialized (size=30000 per process)
[RESULT] 0,2,0,0.001855373,0.000140667,202663,53459,405326
[RESULT] 0,2,1,0.001857281,0.000134468,202663,53459,405326
[RESULT] 0,2,2,0.001851797,0.000132561,202663,53459,405326
[RESULT] 0,2,3,0.001840353,0.000130653,202663,53459,405326
[RESULT] 0,2,4,0.001852512,0.000137806,202663,53459,405326
[RESULT] 0,2,5,0.001850367,0.000138044,202663,53459,405326
[RESULT] 0,2,6,0.001850843,0.000129938,202663,53459,405326
[RESULT] 0,2,7,0.001846552,0.000130415,202663,53459,405326
[RESULT] 0,2,8,0.001845837,0.000130892,202663,53459,405326
[RESULT] 0,2,9,0.001841545,0.000123501,202663,53459,405326

Benchmark Summary
Processes: 2
Iterations: 10
Matrix NNZ: 410077
Total execution time: 0.170 seconds
[RESULT] 1,2,0,0.001904488,0.000131130,207414,54185,414828
[RESULT] 1,2,1,0.001899242,0.000128269,207414,54185,414828
[RESULT] 1,2,2,0.001887798,0.000126839,207414,54185,414828
[RESULT] 1,2,3,0.001882553,0.000124693,207414,54185,414828
[RESULT] 1,2,4,0.001892805,0.000132084,207414,54185,414828
[RESULT] 1,2,5,0.001890182,0.000124216,207414,54185,414828
[RESULT] 1,2,6,0.001892090,0.000123978,207414,54185,414828
[RESULT] 1,2,7,0.001885891,0.000123739,207414,54185,414828
[RESULT] 1,2,8,0.001891136,0.000124454,207414,54185,414828
[RESULT] 1,2,9,0.001891851,0.000131130,207414,54185,414828
