Retrieving the matrix from '../data/Hook_1498.mtx'...
Real Matrix (Strong Scaling): Rows=1498023 | Cols=1498023 | NNZ=31207734 | Procs=16
Matrix distributed and converted to CSR
Ghost columns identified: 1763661 total ghost values needed
Local vector initialized (size=93627 per process)
[RESULT] 13,16,0,0.040253162,0.025995255,1954271,1769120,3908542
[RESULT] 13,16,1,0.030456781,0.016179800,1954271,1769120,3908542
[RESULT] 13,16,2,0.027919292,0.013612270,1954271,1769120,3908542
[RESULT] 13,16,3,0.029437780,0.015191317,1954271,1769120,3908542
[RESULT] 13,16,4,0.029861927,0.015649080,1954271,1769120,3908542
[RESULT] 13,16,5,0.029448986,0.015229940,1954271,1769120,3908542
[RESULT] 13,16,6,0.030672789,0.016454220,1954271,1769120,3908542
[RESULT] 13,16,7,0.032334089,0.017992020,1954271,1769120,3908542
[RESULT] 13,16,8,0.030859232,0.016464472,1954271,1769120,3908542
[RESULT] 13,16,9,0.029056072,0.014899254,1954271,1769120,3908542
[RESULT] 14,16,0,0.039456129,0.025207520,1953268,1768309,3906536
[RESULT] 14,16,1,0.030661345,0.016475916,1953268,1768309,3906536
[RESULT] 14,16,2,0.029493570,0.015233994,1953268,1768309,3906536
[RESULT] 14,16,3,0.029476643,0.015307188,1953268,1768309,3906536
[RESULT] 14,16,4,0.029305935,0.014962673,1953268,1768309,3906536
[RESULT] 14,16,5,0.029449940,0.015158176,1953268,1768309,3906536
[RESULT] 14,16,6,0.030308962,0.016197920,1953268,1768309,3906536
[RESULT] 14,16,7,0.028681755,0.014399529,1953268,1768309,3906536
[RESULT] 14,16,8,0.029888630,0.015555382,1953268,1768309,3906536
[RESULT] 14,16,9,0.029599905,0.015242100,1953268,1768309,3906536
[RESULT] 0,16,0,0.035168409,0.020756721,1948584,1763661,3897168
[RESULT] 0,16,1,0.031316757,0.017345667,1948584,1763661,3897168
[RESULT] 0,16,2,0.031026125,0.016831398,1948584,1763661,3897168
[RESULT] 0,16,3,0.030248165,0.016193151,1948584,1763661,3897168
[RESULT] 0,16,4,0.030069590,0.015759706,1948584,1763661,3897168
[RESULT] 0,16,5,0.031167030,0.017003536,1948584,1763661,3897168
[RESULT] 0,16,6,0.031339407,0.017127752,1948584,1763661,3897168
[RESULT] 0,16,7,0.030043125,0.015876055,1948584,1763661,3897168
[RESULT] 0,16,8,0.030994177,0.016928911,1948584,1763661,3897168
[RESULT] 0,16,9,0.029853344,0.015690565,1948584,1763661,3897168

Benchmark Summary
Processes: 16
Iterations: 10
Matrix NNZ: 31207734
Total execution time: 14.565 seconds
[RESULT] 2,16,0,0.040078878,0.025212526,1946169,1761720,3892338
[RESULT] 2,16,1,0.033046246,0.018562317,1946169,1761720,3892338
[RESULT] 2,16,2,0.032593012,0.017939091,1946169,1761720,3892338
[RESULT] 2,16,3,0.031479120,0.016794443,1946169,1761720,3892338
[RESULT] 2,16,4,0.031846285,0.017135620,1946169,1761720,3892338
[RESULT] 2,16,5,0.030928612,0.016371250,1946169,1761720,3892338
[RESULT] 2,16,6,0.030528784,0.015879154,1946169,1761720,3892338
[RESULT] 2,16,7,0.029968023,0.015249968,1946169,1761720,3892338
[RESULT] 2,16,8,0.032607079,0.017990828,1946169,1761720,3892338
[RESULT] 2,16,9,0.030276775,0.015684366,1946169,1761720,3892338
[RESULT] 11,16,0,0.039471626,0.025503874,1952665,1767421,3905330
[RESULT] 11,16,1,0.030943394,0.016809702,1952665,1767421,3905330
[RESULT] 11,16,2,0.030911922,0.017018557,1952665,1767421,3905330
[RESULT] 11,16,3,0.030996799,0.016950130,1952665,1767421,3905330
[RESULT] 11,16,4,0.030630827,0.016618013,1952665,1767421,3905330
[RESULT] 11,16,5,0.030520439,0.016517878,1952665,1767421,3905330
[RESULT] 11,16,6,0.031171560,0.017069340,1952665,1767421,3905330
[RESULT] 11,16,7,0.030789375,0.016775131,1952665,1767421,3905330
[RESULT] 11,16,8,0.031493664,0.017352343,1952665,1767421,3905330
[RESULT] 11,16,9,0.030333519,0.016230106,1952665,1767421,3905330
[RESULT] 1,16,0,0.035731316,0.021309614,1946145,1761706,3892290
[RESULT] 1,16,1,0.032347679,0.018009186,1946145,1761706,3892290
[RESULT] 1,16,2,0.030610800,0.016207218,1946145,1761706,3892290
[RESULT] 1,16,3,0.031042337,0.016562223,1946145,1761706,3892290
[RESULT] 1,16,4,0.029479027,0.015153170,1946145,1761706,3892290
[RESULT] 3,16,0,0.035239458,0.020993948,1947798,1763230,3895596
[RESULT] 3,16,1,0.030229092,0.016093493,1947798,1763230,3895596
[RESULT] 3,16,2,0.031128883,0.017026424,1947798,1763230,3895596
[RESULT] 3,16,3,0.031076908,0.016847849,1947798,1763230,3895596
[RESULT] 3,16,4,0.031864405,0.017724514,1947798,1763230,3895596
[RESULT] 3,16,5,0.032128572,0.017937899,1947798,1763230,3895596
[RESULT] 3,16,6,0.032702208,0.018411636,1947798,1763230,3895596
[RESULT] 1,16,5,0.030556440,0.016130924,1946145,1761706,3892290
[RESULT] 1,16,6,0.030834913,0.016381025,1946145,1761706,3892290
[RESULT] 1,16,7,0.030896425,0.016500950,1946145,1761706,3892290
[RESULT] 1,16,8,0.031375408,0.016918898,1946145,1761706,3892290
[RESULT] 1,16,9,0.030397415,0.015967131,1946145,1761706,3892290
[RESULT] 3,16,7,0.032893419,0.018609285,1947798,1763230,3895596
[RESULT] 3,16,8,0.032807112,0.018638611,1947798,1763230,3895596
[RESULT] 3,16,9,0.030370712,0.016240120,1947798,1763230,3895596
[RESULT] 12,16,0,0.039101362,0.024837017,1954716,1769513,3909432
[RESULT] 12,16,1,0.030338526,0.016118288,1954716,1769513,3909432
[RESULT] 12,16,2,0.029413700,0.015177727,1954716,1769513,3909432
[RESULT] 12,16,3,0.030710459,0.016464472,1954716,1769513,3909432
[RESULT] 12,16,4,0.029800653,0.015596628,1954716,1769513,3909432
[RESULT] 12,16,5,0.030822039,0.016693354,1954716,1769513,3909432
[RESULT] 12,16,6,0.030338764,0.016212940,1954716,1769513,3909432
[RESULT] 12,16,7,0.029887199,0.015734434,1954716,1769513,3909432
[RESULT] 12,16,8,0.029425859,0.015220881,1954716,1769513,3909432
[RESULT] 12,16,9,0.030452013,0.016208649,1954716,1769513,3909432
[RESULT] 10,16,0,0.039725542,0.025260210,1950023,1764878,3900046
[RESULT] 10,16,1,0.031296730,0.016752243,1950023,1764878,3900046
[RESULT] 10,16,2,0.031497002,0.016945839,1950023,1764878,3900046
[RESULT] 10,16,3,0.030978203,0.016454697,1950023,1764878,3900046
[RESULT] 10,16,4,0.033130646,0.018674612,1950023,1764878,3900046
[RESULT] 10,16,5,0.031006575,0.016498327,1950023,1764878,3900046
[RESULT] 10,16,6,0.031133175,0.016556501,1950023,1764878,3900046
[RESULT] 10,16,7,0.031131268,0.016563892,1950023,1764878,3900046
[RESULT] 10,16,8,0.030788422,0.016152620,1950023,1764878,3900046
[RESULT] 10,16,9,0.030780077,0.016170502,1950023,1764878,3900046
[RESULT] 4,16,0,0.037229300,0.022989035,1949220,1764802,3898440
[RESULT] 4,16,1,0.031002998,0.016627789,1949220,1764802,3898440
[RESULT] 4,16,2,0.031383514,0.017090559,1949220,1764802,3898440
[RESULT] 4,16,3,0.031430721,0.017316580,1949220,1764802,3898440
[RESULT] 4,16,4,0.030543804,0.016341686,1949220,1764802,3898440
[RESULT] 4,16,5,0.030946493,0.016651630,1949220,1764802,3898440
[RESULT] 4,16,6,0.032902718,0.018832207,1949220,1764802,3898440
[RESULT] 4,16,7,0.031651020,0.017447472,1949220,1764802,3898440
[RESULT] 4,16,8,0.030888796,0.016616821,1949220,1764802,3898440
[RESULT] 4,16,9,0.030955791,0.016626120,1949220,1764802,3898440
[RESULT] 6,16,0,0.040534496,0.026002407,1951128,1766131,3902256
[RESULT] 6,16,1,0.030630112,0.016616344,1951128,1766131,3902256
[RESULT] 6,16,2,0.029824495,0.015757322,1951128,1766131,3902256
[RESULT] 6,16,3,0.032238245,0.018178940,1951128,1766131,3902256
[RESULT] 6,16,4,0.032147646,0.018148899,1951128,1766131,3902256
[RESULT] 6,16,5,0.030294418,0.016391277,1951128,1766131,3902256
[RESULT] 6,16,6,0.031535149,0.017540932,1951128,1766131,3902256
[RESULT] 6,16,7,0.031911850,0.017860413,1951128,1766131,3902256
[RESULT] 6,16,8,0.029925346,0.015773296,1951128,1766131,3902256
[RESULT] 6,16,9,0.031667709,0.017669916,1951128,1766131,3902256
[RESULT] 5,16,0,0.037777901,0.023046732,1950828,1766242,3901656
[RESULT] 5,16,1,0.031121016,0.016489983,1950828,1766242,3901656
[RESULT] 5,16,2,0.030998945,0.016481638,1950828,1766242,3901656
[RESULT] 5,16,3,0.032150984,0.017755032,1950828,1766242,3901656
[RESULT] 5,16,4,0.031322002,0.016685724,1950828,1766242,3901656
[RESULT] 5,16,5,0.031542063,0.017194271,1950828,1766242,3901656
[RESULT] 5,16,6,0.031489611,0.016865492,1950828,1766242,3901656
[RESULT] 5,16,7,0.031286955,0.016681671,1950828,1766242,3901656
[RESULT] 5,16,8,0.031760931,0.017337322,1950828,1766242,3901656
[RESULT] 5,16,9,0.031831503,0.017260075,1950828,1766242,3901656
[RESULT] 7,16,0,0.036502600,0.022149324,1952183,1766826,3904366
[RESULT] 7,16,1,0.030351639,0.015876532,1952183,1766826,3904366
[RESULT] 7,16,2,0.030006170,0.015486240,1952183,1766826,3904366
[RESULT] 7,16,3,0.032563686,0.018311739,1952183,1766826,3904366
[RESULT] 7,16,4,0.030672073,0.016299248,1952183,1766826,3904366
[RESULT] 7,16,5,0.032622576,0.018087387,1952183,1766826,3904366
[RESULT] 7,16,6,0.032169580,0.017796040,1952183,1766826,3904366
[RESULT] 7,16,7,0.029086828,0.014946222,1952183,1766826,3904366
[RESULT] 7,16,8,0.029923916,0.015516758,1952183,1766826,3904366
[RESULT] 7,16,9,0.031966448,0.017802715,1952183,1766826,3904366
[RESULT] 8,16,0,0.037820816,0.023520708,1950028,1764762,3900056
[RESULT] 8,16,1,0.030075550,0.015797377,1950028,1764762,3900056
[RESULT] 8,16,2,0.032520533,0.018241405,1950028,1764762,3900056
[RESULT] 8,16,3,0.029692650,0.015439987,1950028,1764762,3900056
[RESULT] 8,16,4,0.029819250,0.015480280,1950028,1764762,3900056
[RESULT] 8,16,5,0.032611370,0.018398762,1950028,1764762,3900056
[RESULT] 8,16,6,0.031288147,0.017085791,1950028,1764762,3900056
[RESULT] 8,16,7,0.031143427,0.016937017,1950028,1764762,3900056
[RESULT] 8,16,8,0.030342579,0.016160727,1950028,1764762,3900056
[RESULT] 8,16,9,0.032344103,0.018099308,1950028,1764762,3900056
[RESULT] 9,16,0,0.039007425,0.024547815,1949619,1764519,3899238
[RESULT] 9,16,1,0.031129360,0.016758919,1949619,1764519,3899238
[RESULT] 9,16,2,0.031102657,0.016672611,1949619,1764519,3899238
[RESULT] 9,16,3,0.032822132,0.018479824,1949619,1764519,3899238
[RESULT] 9,16,4,0.032473326,0.018310547,1949619,1764519,3899238
[RESULT] 9,16,5,0.032798052,0.018559217,1949619,1764519,3899238
[RESULT] 9,16,6,0.032054901,0.017682791,1949619,1764519,3899238
[RESULT] 9,16,7,0.031245470,0.016784191,1949619,1764519,3899238
[RESULT] 9,16,8,0.030365705,0.015961170,1949619,1764519,3899238
[RESULT] 9,16,9,0.032754898,0.018269062,1949619,1764519,3899238
[RESULT] 15,16,0,0.042703867,0.023410320,1951089,1766056,3902178
[RESULT] 15,16,1,0.037988663,0.018548727,1951089,1766056,3902178
[RESULT] 15,16,2,0.038001299,0.018237352,1951089,1766056,3902178
[RESULT] 15,16,3,0.038340330,0.018463612,1951089,1766056,3902178
[RESULT] 15,16,4,0.038297176,0.018666983,1951089,1766056,3902178
[RESULT] 15,16,5,0.038182974,0.018549204,1951089,1766056,3902178
[RESULT] 15,16,6,0.038582563,0.018825054,1951089,1766056,3902178
[RESULT] 15,16,7,0.042926550,0.018599033,1951089,1766056,3902178
[RESULT] 15,16,8,0.042961121,0.018627644,1951089,1766056,3902178
[RESULT] 15,16,9,0.038055182,0.018250942,1951089,1766056,3902178
