Retrieving the matrix from '../data/msdoor.mtx'...
Real Matrix (Strong Scaling): Rows=415863 | Cols=415863 | NNZ=10328399 | Procs=8
Matrix distributed and converted to CSR
Ghost columns identified: 1093631 total ghost values needed
Local vector initialized (size=51983 per process)
[RESULT] 7,8,0,0.020419836,0.011306524,1300588,1114832,2601176
[RESULT] 7,8,1,0.016589403,0.007755280,1300588,1114832,2601176
[RESULT] 7,8,2,0.016080379,0.007371664,1300588,1114832,2601176
[RESULT] 7,8,3,0.015927792,0.007261753,1300588,1114832,2601176
[RESULT] 7,8,4,0.015906572,0.007313013,1300588,1114832,2601176
[RESULT] 7,8,5,0.016263962,0.007565260,1300588,1114832,2601176
[RESULT] 7,8,6,0.016325235,0.007783890,1300588,1114832,2601176
[RESULT] 7,8,7,0.015763283,0.007177114,1300588,1114832,2601176
[RESULT] 7,8,8,0.015592098,0.007083654,1300588,1114832,2601176
[RESULT] 7,8,9,0.016218662,0.007693052,1300588,1114832,2601176
[RESULT] 0,8,0,0.021513700,0.011074066,1281251,1093631,2562502
[RESULT] 0,8,1,0.017597198,0.007320881,1281251,1093631,2562502
[RESULT] 0,8,2,0.017477274,0.007222891,1281251,1093631,2562502
[RESULT] 0,8,3,0.017245293,0.007037640,1281251,1093631,2562502
[RESULT] 0,8,4,0.017510653,0.007237673,1281251,1093631,2562502
[RESULT] 0,8,5,0.017572403,0.007308006,1281251,1093631,2562502
[RESULT] 0,8,6,0.016836166,0.006651640,1281251,1093631,2562502
[RESULT] 0,8,7,0.017746210,0.007488489,1281251,1093631,2562502
[RESULT] 0,8,8,0.017157078,0.006964207,1281251,1093631,2562502
[RESULT] 0,8,9,0.017483234,0.007245302,1281251,1093631,2562502

Benchmark Summary
Processes: 8
Iterations: 10
Matrix NNZ: 10328399
Total execution time: 5.022 seconds
[RESULT] 3,8,0,0.021437645,0.010933638,1305906,1118212,2611812
[RESULT] 3,8,1,0.017843723,0.007388830,1305906,1118212,2611812
[RESULT] 3,8,2,0.018318176,0.007934809,1305906,1118212,2611812
[RESULT] 3,8,3,0.017894030,0.007447958,1305906,1118212,2611812
[RESULT] 2,8,0,0.021816015,0.011374474,1295807,1108342,2591614
[RESULT] 2,8,1,0.017722845,0.007314205,1295807,1108342,2591614
[RESULT] 2,8,2,0.017775774,0.007368565,1295807,1108342,2591614
[RESULT] 2,8,3,0.017993450,0.007587194,1295807,1108342,2591614
[RESULT] 2,8,4,0.018220425,0.007854939,1295807,1108342,2591614
[RESULT] 3,8,4,0.017750502,0.007310390,1305906,1118212,2611812
[RESULT] 3,8,5,0.018086195,0.007542133,1305906,1118212,2611812
[RESULT] 3,8,6,0.017927885,0.007461548,1305906,1118212,2611812
[RESULT] 3,8,7,0.017517805,0.007074356,1305906,1118212,2611812
[RESULT] 3,8,8,0.017813683,0.007377386,1305906,1118212,2611812
[RESULT] 3,8,9,0.018304586,0.007843256,1305906,1118212,2611812
[RESULT] 2,8,5,0.018243313,0.007894278,1295807,1108342,2591614
[RESULT] 2,8,6,0.018192053,0.007749796,1295807,1108342,2591614
[RESULT] 2,8,7,0.018524170,0.008104801,1295807,1108342,2591614
[RESULT] 2,8,8,0.018069267,0.007664204,1295807,1108342,2591614
[RESULT] 2,8,9,0.018326759,0.007906437,1295807,1108342,2591614
[RESULT] 5,8,0,0.022397995,0.011360407,1286241,1100460,2572482
[RESULT] 5,8,1,0.018269300,0.007411003,1286241,1100460,2572482
[RESULT] 5,8,2,0.018597126,0.007595301,1286241,1100460,2572482
[RESULT] 1,8,0,0.022174120,0.011104822,1290741,1102943,2581482
[RESULT] 1,8,1,0.018412113,0.007385731,1290741,1102943,2581482
[RESULT] 1,8,2,0.019130468,0.008019447,1290741,1102943,2581482
[RESULT] 1,8,3,0.018743038,0.007728577,1290741,1102943,2581482
[RESULT] 5,8,3,0.018709660,0.007753849,1286241,1100460,2572482
[RESULT] 5,8,4,0.018821239,0.007766247,1286241,1100460,2572482
[RESULT] 5,8,5,0.018536806,0.007536411,1286241,1100460,2572482
[RESULT] 5,8,6,0.018956900,0.008102655,1286241,1100460,2572482
[RESULT] 5,8,7,0.018178463,0.007310629,1286241,1100460,2572482
[RESULT] 5,8,8,0.018739700,0.007802725,1286241,1100460,2572482
[RESULT] 5,8,9,0.018572569,0.007657290,1286241,1100460,2572482
[RESULT] 1,8,4,0.018943071,0.007905245,1290741,1102943,2581482
[RESULT] 1,8,5,0.019097805,0.008124828,1290741,1102943,2581482
[RESULT] 1,8,6,0.018647671,0.007723331,1290741,1102943,2581482
[RESULT] 1,8,7,0.018552303,0.007574797,1290741,1102943,2581482
[RESULT] 1,8,8,0.018458605,0.007467508,1290741,1102943,2581482
[RESULT] 1,8,9,0.018627405,0.007680178,1290741,1102943,2581482
[RESULT] 4,8,0,0.022118807,0.011059999,1277493,1092082,2554986
[RESULT] 4,8,1,0.018001795,0.006989241,1277493,1092082,2554986
[RESULT] 4,8,2,0.018922567,0.007815123,1277493,1092082,2554986
[RESULT] 4,8,3,0.018805981,0.007874489,1277493,1092082,2554986
[RESULT] 4,8,4,0.018597364,0.007490873,1277493,1092082,2554986
[RESULT] 4,8,5,0.018588066,0.007538319,1277493,1092082,2554986
[RESULT] 4,8,6,0.018872499,0.007942915,1277493,1092082,2554986
[RESULT] 4,8,7,0.018548727,0.007575035,1277493,1092082,2554986
[RESULT] 4,8,8,0.018282652,0.007302999,1277493,1092082,2554986
[RESULT] 4,8,9,0.018637419,0.007692337,1277493,1092082,2554986
[RESULT] 6,8,0,0.022285700,0.011303902,1290372,1105085,2580744
[RESULT] 6,8,1,0.018595934,0.007752657,1290372,1105085,2580744
[RESULT] 6,8,2,0.018950462,0.008032560,1290372,1105085,2580744
[RESULT] 6,8,3,0.018801928,0.007866144,1290372,1105085,2580744
[RESULT] 6,8,4,0.018929958,0.007889509,1290372,1105085,2580744
[RESULT] 6,8,5,0.018969297,0.008090734,1290372,1105085,2580744
[RESULT] 6,8,6,0.018999338,0.008096218,1290372,1105085,2580744
[RESULT] 6,8,7,0.019013643,0.008096218,1290372,1105085,2580744
[RESULT] 6,8,8,0.018728018,0.007795811,1290372,1105085,2580744
[RESULT] 6,8,9,0.018841267,0.007898569,1290372,1105085,2580744
