Retrieving the matrix from '../data/msdoor.mtx'...
Real Matrix (Strong Scaling): Rows=415863 | Cols=415863 | NNZ=10328399 | Procs=16
Matrix distributed and converted to CSR
Ghost columns identified: 584179 total ghost values needed
Local vector initialized (size=25992 per process)
[RESULT] 8,16,0,0.012819290,0.007833958,640814,583523,1281628
[RESULT] 8,16,1,0.011275291,0.006372213,640814,583523,1281628
[RESULT] 8,16,2,0.010971308,0.006125927,640814,583523,1281628
[RESULT] 8,16,3,0.011504889,0.006603956,640814,583523,1281628
[RESULT] 8,16,4,0.011495113,0.006607533,640814,583523,1281628
[RESULT] 8,16,5,0.011223316,0.006371021,640814,583523,1281628
[RESULT] 8,16,6,0.011788368,0.006874561,640814,583523,1281628
[RESULT] 8,16,7,0.011532068,0.006654501,640814,583523,1281628
[RESULT] 8,16,8,0.010800838,0.006007195,640814,583523,1281628
[RESULT] 8,16,9,0.010604620,0.005822420,640814,583523,1281628
[RESULT] 11,16,0,0.013574839,0.008374453,654058,597239,1308116
[RESULT] 11,16,1,0.011907578,0.006810904,654058,597239,1308116
[RESULT] 11,16,2,0.010807514,0.005804539,654058,597239,1308116
[RESULT] 11,16,3,0.011170387,0.006139517,654058,597239,1308116
[RESULT] 11,16,4,0.011088610,0.006074905,654058,597239,1308116
[RESULT] 11,16,5,0.011858702,0.006758928,654058,597239,1308116
[RESULT] 11,16,6,0.012164831,0.007090330,654058,597239,1308116
[RESULT] 11,16,7,0.011772156,0.006765366,654058,597239,1308116
[RESULT] 11,16,8,0.011780262,0.006755829,654058,597239,1308116
[RESULT] 11,16,9,0.011848688,0.006819010,654058,597239,1308116
[RESULT] 14,16,0,0.012783527,0.007751703,645998,589805,1291996
[RESULT] 14,16,1,0.011659384,0.006690025,645998,589805,1291996
[RESULT] 14,16,2,0.011567354,0.006580830,645998,589805,1291996
[RESULT] 14,16,3,0.011517048,0.006579399,645998,589805,1291996
[RESULT] 14,16,4,0.011311769,0.006410122,645998,589805,1291996
[RESULT] 14,16,5,0.011725664,0.006761074,645998,589805,1291996
[RESULT] 14,16,6,0.011799812,0.006857872,645998,589805,1291996
[RESULT] 14,16,7,0.011895418,0.006949902,645998,589805,1291996
[RESULT] 14,16,8,0.011979342,0.007011175,645998,589805,1291996
[RESULT] 14,16,9,0.012390852,0.007370710,645998,589805,1291996
[RESULT] 7,16,0,0.013987780,0.008120775,649472,593567,1298944
[RESULT] 7,16,1,0.012372255,0.006595850,649472,593567,1298944
[RESULT] 7,16,2,0.012181282,0.006321430,649472,593567,1298944
[RESULT] 7,16,3,0.012713671,0.006875992,649472,593567,1298944
[RESULT] 7,16,4,0.012045622,0.006298542,649472,593567,1298944
[RESULT] 7,16,5,0.012673616,0.006864309,649472,593567,1298944
[RESULT] 7,16,6,0.012541294,0.006700039,649472,593567,1298944
[RESULT] 7,16,7,0.012706995,0.006950378,649472,593567,1298944
[RESULT] 7,16,8,0.011871815,0.006146431,649472,593567,1298944
[RESULT] 7,16,9,0.012594938,0.006721258,649472,593567,1298944
[RESULT] 4,16,0,0.013545036,0.007723808,637904,581739,1275808
[RESULT] 4,16,1,0.012797594,0.007073402,637904,581739,1275808
[RESULT] 4,16,2,0.012526512,0.006841421,637904,581739,1275808
[RESULT] 4,16,3,0.012573957,0.006818295,637904,581739,1275808
[RESULT] 4,16,4,0.012846231,0.007148743,637904,581739,1275808
[RESULT] 4,16,5,0.012414455,0.006708384,637904,581739,1275808
[RESULT] 4,16,6,0.012753487,0.007102728,637904,581739,1275808
[RESULT] 4,16,7,0.012361526,0.006633759,637904,581739,1275808
[RESULT] 15,16,0,0.014358997,0.008509636,651116,594354,1302232
[RESULT] 15,16,1,0.012424469,0.006621361,651116,594354,1302232
[RESULT] 15,16,2,0.012734652,0.006883860,651116,594354,1302232
[RESULT] 15,16,3,0.012877226,0.007018328,651116,594354,1302232
[RESULT] 15,16,4,0.012444258,0.006585121,651116,594354,1302232
[RESULT] 15,16,5,0.012492895,0.006684065,651116,594354,1302232
[RESULT] 15,16,6,0.012936115,0.007080078,651116,594354,1302232
[RESULT] 15,16,7,0.012904167,0.007036448,651116,594354,1302232
[RESULT] 15,16,8,0.013185501,0.007334948,651116,594354,1302232
[RESULT] 15,16,9,0.012651920,0.006741762,651116,594354,1302232
[RESULT] 4,16,8,0.012947798,0.007223368,637904,581739,1275808
[RESULT] 4,16,9,0.012612820,0.006930113,637904,581739,1275808
[RESULT] 13,16,0,0.014204025,0.008353710,644075,588125,1288150
[RESULT] 13,16,1,0.012532711,0.006843328,644075,588125,1288150
[RESULT] 13,16,2,0.012267590,0.006529093,644075,588125,1288150
[RESULT] 13,16,3,0.012330770,0.006541252,644075,588125,1288150
[RESULT] 13,16,4,0.012443066,0.006674528,644075,588125,1288150
[RESULT] 13,16,5,0.012325048,0.006604910,644075,588125,1288150
[RESULT] 13,16,6,0.012377977,0.006544590,644075,588125,1288150
[RESULT] 13,16,7,0.012681484,0.006952524,644075,588125,1288150
[RESULT] 13,16,8,0.012585402,0.006908655,644075,588125,1288150
[RESULT] 13,16,9,0.012862921,0.007076740,644075,588125,1288150
[RESULT] 3,16,0,0.014559269,0.008407831,651848,595039,1303696
[RESULT] 3,16,1,0.013137579,0.007068396,651848,595039,1303696
[RESULT] 3,16,2,0.013090372,0.007054567,651848,595039,1303696
[RESULT] 3,16,3,0.012918472,0.006873369,651848,595039,1303696
[RESULT] 3,16,4,0.012948036,0.006953478,651848,595039,1303696
[RESULT] 3,16,5,0.013051510,0.006935596,651848,595039,1303696
[RESULT] 3,16,6,0.013056040,0.006907940,651848,595039,1303696
[RESULT] 3,16,7,0.012992144,0.007018566,651848,595039,1303696
[RESULT] 3,16,8,0.013127804,0.007126331,651848,595039,1303696
[RESULT] 3,16,9,0.012914896,0.006938934,651848,595039,1303696
[RESULT] 5,16,0,0.013795137,0.007819891,642166,585473,1284332
[RESULT] 5,16,1,0.011815071,0.005899429,642166,585473,1284332
[RESULT] 5,16,2,0.012003899,0.006142378,642166,585473,1284332
[RESULT] 5,16,3,0.012726545,0.006806850,642166,585473,1284332
[RESULT] 5,16,4,0.011862278,0.006087303,642166,585473,1284332
[RESULT] 12,16,0,0.014593840,0.008472204,639589,583237,1279178
[RESULT] 12,16,1,0.013035536,0.006878614,639589,583237,1279178
[RESULT] 12,16,2,0.013003588,0.006897688,639589,583237,1279178
[RESULT] 12,16,3,0.012972355,0.006861448,639589,583237,1279178
[RESULT] 12,16,4,0.012902021,0.006721735,639589,583237,1279178
[RESULT] 12,16,5,0.013077021,0.007036686,639589,583237,1279178
[RESULT] 0,16,0,0.014670849,0.008547783,640437,584179,1280874
[RESULT] 0,16,1,0.013041973,0.007009268,640437,584179,1280874
[RESULT] 5,16,5,0.012885571,0.007075071,642166,585473,1284332
[RESULT] 5,16,6,0.012699127,0.006822824,642166,585473,1284332
[RESULT] 5,16,7,0.012578011,0.006752729,642166,585473,1284332
[RESULT] 5,16,8,0.012859106,0.007059097,642166,585473,1284332
[RESULT] 5,16,9,0.013042927,0.007195234,642166,585473,1284332
[RESULT] 10,16,0,0.014384985,0.008412123,648933,592642,1297866
[RESULT] 10,16,1,0.012748480,0.006833553,648933,592642,1297866
[RESULT] 10,16,2,0.012861967,0.006927252,648933,592642,1297866
[RESULT] 10,16,3,0.012957573,0.006944180,648933,592642,1297866
[RESULT] 10,16,4,0.012452841,0.006447077,648933,592642,1297866
[RESULT] 10,16,5,0.012456656,0.006516933,648933,592642,1297866
[RESULT] 10,16,6,0.012981653,0.007019520,648933,592642,1297866
[RESULT] 10,16,7,0.012369633,0.006323338,648933,592642,1297866
[RESULT] 10,16,8,0.012915611,0.006906509,648933,592642,1297866
[RESULT] 10,16,9,0.013069153,0.007094860,648933,592642,1297866
[RESULT] 12,16,6,0.012972593,0.006812096,639589,583237,1279178
[RESULT] 12,16,7,0.012990952,0.006873131,639589,583237,1279178
[RESULT] 12,16,8,0.013086319,0.007052422,639589,583237,1279178
[RESULT] 12,16,9,0.013048410,0.006954670,639589,583237,1279178
[RESULT] 0,16,2,0.013092518,0.007100344,640437,584179,1280874
[RESULT] 0,16,3,0.013082027,0.007004976,640437,584179,1280874
[RESULT] 0,16,4,0.012992620,0.006993055,640437,584179,1280874
[RESULT] 0,16,5,0.013024569,0.006998539,640437,584179,1280874
[RESULT] 0,16,6,0.013196707,0.007085800,640437,584179,1280874
[RESULT] 0,16,7,0.013125658,0.007069349,640437,584179,1280874
[RESULT] 0,16,8,0.013132572,0.007040501,640437,584179,1280874
[RESULT] 0,16,9,0.013086319,0.007051229,640437,584179,1280874

Benchmark Summary
Processes: 16
Iterations: 10
Matrix NNZ: 10328399
Total execution time: 5.292 seconds
[RESULT] 1,16,0,0.014579296,0.008415699,644599,587876,1289198
[RESULT] 1,16,1,0.012972116,0.007021427,644599,587876,1289198
[RESULT] 1,16,2,0.012961864,0.006907225,644599,587876,1289198
[RESULT] 1,16,3,0.013021469,0.007039309,644599,587876,1289198
[RESULT] 1,16,4,0.012936115,0.006869078,644599,587876,1289198
[RESULT] 1,16,5,0.012996674,0.006961346,644599,587876,1289198
[RESULT] 1,16,6,0.013051987,0.006972551,644599,587876,1289198
[RESULT] 1,16,7,0.013037443,0.006911993,644599,587876,1289198
[RESULT] 1,16,8,0.013057947,0.006958485,644599,587876,1289198
[RESULT] 1,16,9,0.013064146,0.006972313,644599,587876,1289198
[RESULT] 2,16,0,0.014650345,0.008458376,646874,589801,1293748
[RESULT] 2,16,1,0.013141632,0.007078886,646874,589801,1293748
[RESULT] 2,16,2,0.013097286,0.006981134,646874,589801,1293748
[RESULT] 2,16,3,0.013118982,0.007078648,646874,589801,1293748
[RESULT] 2,16,4,0.013014317,0.006985426,646874,589801,1293748
[RESULT] 2,16,5,0.013071775,0.007086277,646874,589801,1293748
[RESULT] 2,16,6,0.013206005,0.007094860,646874,589801,1293748
[RESULT] 2,16,7,0.013101578,0.006997108,646874,589801,1293748
[RESULT] 2,16,8,0.013073444,0.007007837,646874,589801,1293748
[RESULT] 2,16,9,0.013118029,0.007069588,646874,589801,1293748
[RESULT] 6,16,0,0.014547110,0.008306026,644374,588238,1288748
[RESULT] 6,16,1,0.013101816,0.006915092,644374,588238,1288748
[RESULT] 6,16,2,0.013055325,0.006880760,644374,588238,1288748
[RESULT] 6,16,3,0.013049364,0.006996632,644374,588238,1288748
[RESULT] 6,16,4,0.012920141,0.006707191,644374,588238,1288748
[RESULT] 6,16,5,0.013114929,0.006930590,644374,588238,1288748
[RESULT] 6,16,6,0.013146162,0.006981611,644374,588238,1288748
[RESULT] 6,16,7,0.013070822,0.006947517,644374,588238,1288748
[RESULT] 6,16,8,0.013012648,0.006822586,644374,588238,1288748
[RESULT] 6,16,9,0.013137341,0.007052660,644374,588238,1288748
[RESULT] 9,16,0,0.014730215,0.008594513,646142,589291,1292284
[RESULT] 9,16,1,0.013200760,0.007062912,646142,589291,1292284
[RESULT] 9,16,2,0.013210058,0.007052660,646142,589291,1292284
[RESULT] 9,16,3,0.013141632,0.007022142,646142,589291,1292284
[RESULT] 9,16,4,0.013198137,0.007154226,646142,589291,1292284
[RESULT] 9,16,5,0.013150930,0.007067442,646142,589291,1292284
[RESULT] 9,16,6,0.013247967,0.007069826,646142,589291,1292284
[RESULT] 9,16,7,0.013125181,0.007077694,646142,589291,1292284
[RESULT] 9,16,8,0.013406754,0.007328510,646142,589291,1292284
[RESULT] 9,16,9,0.013404846,0.007366657,646142,589291,1292284
