Retrieving the matrix from '../data/tmt_sym.mtx'...
Real Matrix (Strong Scaling): Rows=726713 | Cols=726713 | NNZ=2903837 | Procs=1
Matrix distributed and converted to CSR
Ghost columns identified: 0 total ghost values needed
Local vector initialized (size=726713 per process)
[RESULT] 0,1,0,0.012265921,0.000001669,2903837,0,5807674
[RESULT] 0,1,1,0.012871981,0.000001431,2903837,0,5807674
[RESULT] 0,1,2,0.012553453,0.000001669,2903837,0,5807674
[RESULT] 0,1,3,0.012218952,0.000001431,2903837,0,5807674
[RESULT] 0,1,4,0.012552738,0.000001431,2903837,0,5807674
[RESULT] 0,1,5,0.012494564,0.000001669,2903837,0,5807674
[RESULT] 0,1,6,0.012162685,0.000001192,2903837,0,5807674
[RESULT] 0,1,7,0.012664557,0.000001907,2903837,0,5807674
[RESULT] 0,1,8,0.012574911,0.000002384,2903837,0,5807674
[RESULT] 0,1,9,0.012408257,0.000001431,2903837,0,5807674

Benchmark Summary
Processes: 1
Iterations: 10
Matrix NNZ: 2903837
Total execution time: 1.736 seconds
