Retrieving the matrix from '../data/tmt_sym.mtx'...
Real Matrix (Strong Scaling): Rows=726713 | Cols=726713 | NNZ=2903837 | Procs=8
Matrix distributed and converted to CSR
Ghost columns identified: 251661 total ghost values needed
Local vector initialized (size=90840 per process)
[RESULT] 4,8,0,0.027962208,0.026898861,363190,251766,726380
[RESULT] 4,8,1,0.027956247,0.026833534,363190,251766,726380
[RESULT] 4,8,2,0.028163433,0.026886463,363190,251766,726380
[RESULT] 4,8,3,0.028053761,0.026753902,363190,251766,726380
[RESULT] 4,8,4,0.023834944,0.022744179,363190,251766,726380
[RESULT] 4,8,5,0.053264141,0.052036047,363190,251766,726380
[RESULT] 4,8,6,0.053301096,0.052010536,363190,251766,726380
[RESULT] 4,8,7,0.027595758,0.026282072,363190,251766,726380
[RESULT] 4,8,8,0.027598619,0.026277304,363190,251766,726380
[RESULT] 4,8,9,0.027501106,0.026299477,363190,251766,726380
[RESULT] 7,8,0,0.027341604,0.026328325,363277,249681,726554
[RESULT] 7,8,1,0.027288198,0.026308298,363277,249681,726554
[RESULT] 7,8,2,0.027322054,0.026325464,363277,249681,726554
[RESULT] 7,8,3,0.027332067,0.026312828,363277,249681,726554
[RESULT] 7,8,4,0.027297974,0.026262760,363277,249681,726554
[RESULT] 7,8,5,0.026998758,0.026025057,363277,249681,726554
[RESULT] 7,8,6,0.027046442,0.026031971,363277,249681,726554
[RESULT] 7,8,7,0.027012110,0.026030540,363277,249681,726554
[RESULT] 7,8,8,0.027087927,0.026025534,363277,249681,726554
[RESULT] 7,8,9,0.027031422,0.026026011,363277,249681,726554
[RESULT] 6,8,0,0.027445316,0.026332617,362781,247182,725562
[RESULT] 6,8,1,0.027597904,0.026549339,362781,247182,725562
[RESULT] 6,8,2,0.027685404,0.026608467,362781,247182,725562
[RESULT] 6,8,3,0.027649164,0.026579857,362781,247182,725562
[RESULT] 6,8,4,0.027551889,0.026475906,362781,247182,725562
[RESULT] 6,8,5,0.027161837,0.026034355,362781,247182,725562
[RESULT] 6,8,6,0.027084351,0.026037455,362781,247182,725562
[RESULT] 6,8,7,0.027090549,0.026030779,362781,247182,725562
[RESULT] 6,8,8,0.027131319,0.026023388,362781,247182,725562
[RESULT] 6,8,9,0.027136803,0.026032686,362781,247182,725562
[RESULT] 5,8,0,0.029706240,0.026054144,362813,249458,725626
[RESULT] 5,8,1,0.029208660,0.026038885,362813,249458,725626
[RESULT] 5,8,2,0.029165745,0.026048422,362813,249458,725626
[RESULT] 5,8,3,0.028689384,0.026045561,362813,249458,725626
[RESULT] 5,8,4,0.028691292,0.026046753,362813,249458,725626
[RESULT] 5,8,5,0.028847694,0.026249886,362813,249458,725626
[RESULT] 5,8,6,0.029813051,0.026198387,362813,249458,725626
[RESULT] 5,8,7,0.030033350,0.026379585,362813,249458,725626
[RESULT] 5,8,8,0.028879642,0.026300907,362813,249458,725626
[RESULT] 5,8,9,0.028997660,0.026153088,362813,249458,725626
[RESULT] 0,8,0,0.053813934,0.052687645,362930,251661,725860
[RESULT] 0,8,1,0.053323269,0.052206993,362930,251661,725860
[RESULT] 0,8,2,0.051090002,0.050024986,362930,251661,725860
[RESULT] 0,8,3,0.052073717,0.050934076,362930,251661,725860
[RESULT] 0,8,4,0.049829245,0.048710346,362930,251661,725860
[RESULT] 0,8,5,0.045357943,0.044097900,362930,251661,725860
[RESULT] 0,8,6,0.053177357,0.052016258,362930,251661,725860
[RESULT] 0,8,7,0.054699898,0.053555727,362930,251661,725860
[RESULT] 0,8,8,0.054193020,0.053107738,362930,251661,725860
[RESULT] 0,8,9,0.047812939,0.046662331,362930,251661,725860

Benchmark Summary
Processes: 8
Iterations: 10
Matrix NNZ: 2903837
Total execution time: 7.027 seconds
[RESULT] 3,8,0,0.053761721,0.051973820,362540,249164,725080
[RESULT] 3,8,1,0.051917553,0.050143480,362540,249164,725080
[RESULT] 3,8,2,0.050552845,0.048770428,362540,249164,725080
[RESULT] 3,8,3,0.051457405,0.049744606,362540,249164,725080
[RESULT] 3,8,4,0.051344633,0.049679279,362540,249164,725080
[RESULT] 3,8,5,0.049437523,0.047640085,362540,249164,725080
[RESULT] 3,8,6,0.053891182,0.052012682,362540,249164,725080
[RESULT] 3,8,7,0.053825378,0.052016020,362540,249164,725080
[RESULT] 3,8,8,0.051599741,0.049760580,362540,249164,725080
[RESULT] 3,8,9,0.049498796,0.048482895,362540,249164,725080
[RESULT] 2,8,0,0.053196907,0.052096605,363275,247632,726550
[RESULT] 2,8,1,0.051545620,0.050487995,363275,247632,726550
[RESULT] 2,8,2,0.050302029,0.049242020,363275,247632,726550
[RESULT] 2,8,3,0.051913977,0.050805569,363275,247632,726550
[RESULT] 2,8,4,0.053821087,0.052762508,363275,247632,726550
[RESULT] 2,8,5,0.046780348,0.045701265,363275,247632,726550
[RESULT] 2,8,6,0.053161383,0.052022219,363275,247632,726550
[RESULT] 2,8,7,0.053180456,0.052038193,363275,247632,726550
[RESULT] 2,8,8,0.051940203,0.050806999,363275,247632,726550
[RESULT] 2,8,9,0.050590992,0.049541712,363275,247632,726550
[RESULT] 1,8,0,0.050669432,0.048279762,363031,249543,726062
[RESULT] 1,8,1,0.048784018,0.046463251,363031,249543,726062
[RESULT] 1,8,2,0.047550440,0.045117378,363031,249543,726062
[RESULT] 1,8,3,0.048419237,0.046010256,363031,249543,726062
[RESULT] 1,8,4,0.048345804,0.045903444,363031,249543,726062
[RESULT] 1,8,5,0.046505451,0.044082642,363031,249543,726062
[RESULT] 1,8,6,0.054989576,0.052115917,363031,249543,726062
[RESULT] 1,8,7,0.054723024,0.052251577,363031,249543,726062
[RESULT] 1,8,8,0.051685810,0.049402714,363031,249543,726062
[RESULT] 1,8,9,0.052903175,0.050548553,363031,249543,726062
