Retrieving the matrix from '../data/msdoor.mtx'...
Real Matrix (Strong Scaling): Rows=415863 | Cols=415863 | NNZ=10328399 | Procs=128
Matrix distributed and converted to CSR
Ghost columns identified: 75744 total ghost values needed
Local vector initialized (size=3249 per process)
[RESULT] 67,128,0,0.040396929,0.039921999,81753,77938,163506
[RESULT] 67,128,1,0.028690577,0.028231144,81753,77938,163506
[RESULT] 67,128,2,0.030690670,0.030235767,81753,77938,163506
[RESULT] 67,128,3,0.026905298,0.026441097,81753,77938,163506
[RESULT] 67,128,4,0.040260077,0.039807796,81753,77938,163506
[RESULT] 67,128,5,0.037743330,0.037297010,81753,77938,163506
[RESULT] 67,128,6,0.024988413,0.024535656,81753,77938,163506
[RESULT] 67,128,7,0.055134535,0.054683208,81753,77938,163506
[RESULT] 67,128,8,0.042886734,0.042434692,81753,77938,163506
[RESULT] 67,128,9,0.039691687,0.039244652,81753,77938,163506
[RESULT] 70,128,0,0.040672541,0.039892197,80120,76325,160240
[RESULT] 70,128,1,0.029076815,0.028272390,80120,76325,160240
[RESULT] 70,128,2,0.030663013,0.029907942,80120,76325,160240
[RESULT] 70,128,3,0.026917458,0.026152611,80120,76325,160240
[RESULT] 70,128,4,0.040514231,0.039790392,80120,76325,160240
[RESULT] 70,128,5,0.037882328,0.037140369,80120,76325,160240
[RESULT] 70,128,6,0.026324511,0.024542809,80120,76325,160240
[RESULT] 70,128,7,0.055222988,0.054477930,80120,76325,160240
[RESULT] 70,128,8,0.043050051,0.042304993,80120,76325,160240
[RESULT] 70,128,9,0.039783001,0.039049387,80120,76325,160240
[RESULT] 69,128,0,0.040631533,0.039920092,80088,76288,160176
[RESULT] 69,128,1,0.028636217,0.027915955,80088,76288,160176
[RESULT] 69,128,2,0.030420303,0.029716015,80088,76288,160176
[RESULT] 69,128,3,0.026534796,0.025815725,80088,76288,160176
[RESULT] 69,128,4,0.040513754,0.039799929,80088,76288,160176
[RESULT] 69,128,5,0.038165331,0.037404537,80088,76288,160176
[RESULT] 69,128,6,0.025318623,0.024536848,80088,76288,160176
[RESULT] 69,128,7,0.055377483,0.054641485,80088,76288,160176
[RESULT] 69,128,8,0.043077469,0.042341948,80088,76288,160176
[RESULT] 69,128,9,0.039909363,0.039170027,80088,76288,160176
[RESULT] 71,128,0,0.040601492,0.039843321,80877,77144,161754
[RESULT] 71,128,1,0.029277325,0.028419733,80877,77144,161754
[RESULT] 71,128,2,0.030927896,0.030098438,80877,77144,161754
[RESULT] 71,128,3,0.027135611,0.026311159,80877,77144,161754
[RESULT] 71,128,4,0.040491343,0.039776325,80877,77144,161754
[RESULT] 71,128,5,0.036956787,0.036215305,80877,77144,161754
[RESULT] 71,128,6,0.025347948,0.024518251,80877,77144,161754
[RESULT] 71,128,7,0.055264950,0.054491520,80877,77144,161754
[RESULT] 71,128,8,0.043034315,0.042287588,80877,77144,161754
[RESULT] 71,128,9,0.040003300,0.039196491,80877,77144,161754
[RESULT] 65,128,0,0.041689157,0.040938616,81115,77329,162230
[RESULT] 65,128,1,0.029266596,0.028446198,81115,77329,162230
[RESULT] 65,128,2,0.031222343,0.030405045,81115,77329,162230
[RESULT] 65,128,3,0.027318716,0.026510239,81115,77329,162230
[RESULT] 65,128,4,0.046470404,0.045682192,81115,77329,162230
[RESULT] 65,128,5,0.038194656,0.037398815,81115,77329,162230
[RESULT] 65,128,6,0.025338411,0.024546146,81115,77329,162230
[RESULT] 65,128,7,0.055598259,0.054820299,81115,77329,162230
[RESULT] 65,128,8,0.043501139,0.042723656,81115,77329,162230
[RESULT] 65,128,9,0.040073395,0.039289236,81115,77329,162230
[RESULT] 68,128,0,0.040703535,0.039846420,79640,75820,159280
[RESULT] 68,128,1,0.028986931,0.028043509,79640,75820,159280
[RESULT] 68,128,2,0.030659437,0.029752970,79640,75820,159280
[RESULT] 68,128,3,0.026765823,0.025845528,79640,75820,159280
[RESULT] 68,128,4,0.040636539,0.039797783,79640,75820,159280
[RESULT] 68,128,5,0.038026094,0.037125826,79640,75820,159280
[RESULT] 68,128,6,0.025506496,0.024542809,79640,75820,159280
[RESULT] 68,128,7,0.055459023,0.054590702,79640,75820,159280
[RESULT] 68,128,8,0.043241024,0.042359114,79640,75820,159280
[RESULT] 68,128,9,0.040082693,0.039187908,79640,75820,159280
[RESULT] 66,128,0,0.041886568,0.041030407,81217,77396,162434
[RESULT] 66,128,1,0.028866291,0.027915478,81217,77396,162434
[RESULT] 66,128,2,0.030786753,0.029840708,81217,77396,162434
[RESULT] 66,128,3,0.026852131,0.025907278,81217,77396,162434
[RESULT] 66,128,4,0.046597481,0.045665026,81217,77396,162434
[RESULT] 66,128,5,0.037744761,0.036850214,81217,77396,162434
[RESULT] 66,128,6,0.025533199,0.024554968,81217,77396,162434
[RESULT] 66,128,7,0.055276155,0.054391384,81217,77396,162434
[RESULT] 66,128,8,0.043435335,0.042524576,81217,77396,162434
[RESULT] 66,128,9,0.040139675,0.039226532,81217,77396,162434
[RESULT] 63,128,0,0.048404217,0.047561646,81639,77880,163278
[RESULT] 63,128,1,0.029286861,0.028464556,81639,77880,163278
[RESULT] 63,128,2,0.031234264,0.030412674,81639,77880,163278
[RESULT] 63,128,3,0.027378082,0.026554585,81639,77880,163278
[RESULT] 63,128,4,0.046524048,0.045718670,81639,77880,163278
[RESULT] 63,128,5,0.038285017,0.037481308,81639,77880,163278
[RESULT] 64,128,0,0.048431158,0.047583818,80513,76782,161026
[RESULT] 64,128,1,0.028774261,0.027985811,80513,76782,161026
[RESULT] 64,128,2,0.030776024,0.029991150,80513,76782,161026
[RESULT] 64,128,3,0.026844740,0.026074886,80513,76782,161026
[RESULT] 64,128,4,0.046484947,0.045702934,80513,76782,161026
[RESULT] 64,128,5,0.037994385,0.037224770,80513,76782,161026
[RESULT] 64,128,6,0.025351763,0.024559975,80513,76782,161026
[RESULT] 64,128,7,0.055660963,0.054884434,80513,76782,161026
[RESULT] 64,128,8,0.043631077,0.042849541,80513,76782,161026
[RESULT] 64,128,9,0.040219545,0.039437294,80513,76782,161026
[RESULT] 46,128,0,0.049775839,0.048005342,81099,77438,162198
[RESULT] 46,128,1,0.028009176,0.027165890,81099,77438,162198
[RESULT] 46,128,2,0.030016899,0.029165268,81099,77438,162198
[RESULT] 46,128,3,0.026082039,0.025257111,81099,77438,162198
[RESULT] 46,128,4,0.047365427,0.046562672,81099,77438,162198
[RESULT] 46,128,5,0.037471771,0.036595821,81099,77438,162198
[RESULT] 46,128,6,0.024994850,0.024097443,81099,77438,162198
[RESULT] 46,128,7,0.054437637,0.053560257,81099,77438,162198
[RESULT] 46,128,8,0.043823957,0.043026447,81099,77438,162198
[RESULT] 46,128,9,0.039869547,0.039077044,81099,77438,162198
[RESULT] 63,128,6,0.025370598,0.024568796,81639,77880,163278
[RESULT] 63,128,7,0.056001425,0.055202961,81639,77880,163278
[RESULT] 63,128,8,0.043777227,0.042973995,81639,77880,163278
[RESULT] 63,128,9,0.040179968,0.039377689,81639,77880,163278
[RESULT] 47,128,0,0.048806190,0.047960997,81887,78190,163774
[RESULT] 47,128,1,0.027891636,0.027044296,81887,78190,163774
[RESULT] 47,128,2,0.029869795,0.029052258,81887,78190,163774
[RESULT] 47,128,3,0.026036263,0.025205612,81887,78190,163774
[RESULT] 47,128,4,0.047679186,0.046813726,81887,78190,163774
[RESULT] 47,128,5,0.037443399,0.036578417,81887,78190,163774
[RESULT] 47,128,6,0.026088476,0.024257421,81887,78190,163774
[RESULT] 47,128,7,0.054516315,0.053664923,81887,78190,163774
[RESULT] 47,128,8,0.043739557,0.042959929,81887,78190,163774
[RESULT] 47,128,9,0.039795160,0.039009094,81887,78190,163774
[RESULT] 57,128,0,0.048331976,0.047855377,80667,76934,161334
[RESULT] 57,128,1,0.028961182,0.028509378,80667,76934,161334
[RESULT] 57,128,2,0.030954838,0.030500650,80667,76934,161334
[RESULT] 57,128,3,0.027024746,0.026570797,80667,76934,161334
[RESULT] 57,128,4,0.046468973,0.046023130,80667,76934,161334
[RESULT] 57,128,5,0.038182974,0.037734270,80667,76934,161334
[RESULT] 57,128,6,0.025880098,0.024622202,80667,76934,161334
[RESULT] 57,128,7,0.055766344,0.055326462,80667,76934,161334
[RESULT] 57,128,8,0.043525934,0.043085337,80667,76934,161334
[RESULT] 57,128,9,0.040284157,0.039838791,80667,76934,161334
[RESULT] 62,128,0,0.048420191,0.047609806,80778,77019,161556
[RESULT] 62,128,1,0.028715849,0.027963638,80778,77019,161556
[RESULT] 62,128,2,0.030741930,0.029983282,80778,77019,161556
[RESULT] 62,128,3,0.027004719,0.026237011,80778,77019,161556
[RESULT] 62,128,4,0.046541929,0.045765162,80778,77019,161556
[RESULT] 62,128,5,0.037863016,0.037129641,80778,77019,161556
[RESULT] 62,128,6,0.026287556,0.024591208,80778,77019,161556
[RESULT] 62,128,7,0.055823088,0.055052280,80778,77019,161556
[RESULT] 62,128,8,0.043791294,0.043014526,80778,77019,161556
[RESULT] 62,128,9,0.040304184,0.039524555,80778,77019,161556
[RESULT] 60,128,0,0.048509836,0.047685862,80236,76555,160472
[RESULT] 60,128,1,0.029060125,0.028262854,80236,76555,160472
[RESULT] 60,128,2,0.031004667,0.030215263,80236,76555,160472
[RESULT] 60,128,3,0.027174950,0.026382685,80236,76555,160472
[RESULT] 60,128,4,0.046627283,0.045856237,80236,76555,160472
[RESULT] 60,128,5,0.038239717,0.037468433,80236,76555,160472
[RESULT] 60,128,6,0.025374651,0.024600983,80236,76555,160472
[RESULT] 60,128,7,0.055869102,0.055095673,80236,76555,160472
[RESULT] 60,128,8,0.043729067,0.042945147,80236,76555,160472
[RESULT] 60,128,9,0.040416718,0.039638996,80236,76555,160472
[RESULT] 59,128,0,0.048575401,0.047755003,82120,78353,164240
[RESULT] 59,128,1,0.029056549,0.028264999,82120,78353,164240
[RESULT] 59,128,2,0.031066895,0.030286551,82120,78353,164240
[RESULT] 59,128,3,0.027172804,0.026381493,82120,78353,164240
[RESULT] 59,128,4,0.046644688,0.045909643,82120,78353,164240
[RESULT] 59,128,5,0.038270950,0.037509203,82120,78353,164240
[RESULT] 59,128,6,0.025377512,0.024590492,82120,78353,164240
[RESULT] 59,128,7,0.056886435,0.055203676,82120,78353,164240
[RESULT] 59,128,8,0.043839693,0.043077469,82120,78353,164240
[RESULT] 59,128,9,0.040486813,0.039716959,82120,78353,164240
[RESULT] 61,128,0,0.048800468,0.047695875,80935,77243,161870
[RESULT] 61,128,1,0.029208422,0.027935028,80935,77243,161870
[RESULT] 61,128,2,0.031314373,0.030123234,80935,77243,161870
[RESULT] 61,128,3,0.027358294,0.026168108,80935,77243,161870
[RESULT] 61,128,4,0.046974421,0.045869589,80935,77243,161870
[RESULT] 61,128,5,0.038713455,0.037543297,80935,77243,161870
[RESULT] 61,128,6,0.025679111,0.024587393,80935,77243,161870
[RESULT] 61,128,7,0.056178808,0.055118322,80935,77243,161870
[RESULT] 61,128,8,0.044129372,0.043071508,80935,77243,161870
[RESULT] 61,128,9,0.040781975,0.039548874,80935,77243,161870
[RESULT] 79,128,0,0.042445183,0.041791677,81848,78158,163696
[RESULT] 79,128,1,0.029379129,0.028769255,81848,78158,163696
[RESULT] 79,128,2,0.031343460,0.030768156,81848,78158,163696
[RESULT] 79,128,3,0.027381659,0.026803493,81848,78158,163696
[RESULT] 79,128,4,0.041514158,0.040938377,81848,78158,163696
[RESULT] 79,128,5,0.038762808,0.038173437,81848,78158,163696
[RESULT] 79,128,6,0.025753498,0.025157452,81848,78158,163696
[RESULT] 79,128,7,0.055984020,0.055400610,81848,78158,163696
[RESULT] 79,128,8,0.040571213,0.039979696,81848,78158,163696
[RESULT] 79,128,9,0.040661812,0.040064573,81848,78158,163696
[RESULT] 54,128,0,0.048801184,0.047951937,80510,76797,161020
[RESULT] 54,128,1,0.029358625,0.028514862,80510,76797,161020
[RESULT] 54,128,2,0.031355143,0.030538559,80510,76797,161020
[RESULT] 54,128,3,0.027368069,0.026542187,80510,76797,161020
[RESULT] 54,128,4,0.047086716,0.046296597,80510,76797,161020
[RESULT] 54,128,5,0.038685799,0.037888288,80510,76797,161020
[RESULT] 80,128,0,0.042373657,0.041725397,80464,76740,160928
[RESULT] 80,128,1,0.029550791,0.028934002,80464,76740,160928
[RESULT] 80,128,2,0.031493902,0.030902863,80464,76740,160928
[RESULT] 80,128,3,0.027564764,0.026975632,80464,76740,160928
[RESULT] 80,128,4,0.041774750,0.041191816,80464,76740,160928
[RESULT] 80,128,5,0.038844585,0.038254023,80464,76740,160928
[RESULT] 80,128,6,0.025808096,0.025212288,80464,76740,160928
[RESULT] 80,128,7,0.056124449,0.055518866,80464,76740,160928
[RESULT] 80,128,8,0.040523052,0.039928436,80464,76740,160928
[RESULT] 80,128,9,0.040700674,0.040111065,80464,76740,160928
[RESULT] 54,128,6,0.026246786,0.024542093,80510,76797,161020
[RESULT] 54,128,7,0.056442738,0.055649757,80510,76797,161020
[RESULT] 54,128,8,0.044097662,0.043286085,80510,76797,161020
[RESULT] 54,128,9,0.040952682,0.040150881,80510,76797,161020
[RESULT] 85,128,0,0.042253256,0.041600704,80636,76929,161272
[RESULT] 85,128,1,0.029499531,0.028862000,80636,76929,161272
[RESULT] 85,128,2,0.031609297,0.030989408,80636,76929,161272
[RESULT] 85,128,3,0.027735949,0.027115107,80636,76929,161272
[RESULT] 85,128,4,0.041322947,0.040747166,80636,76929,161272
[RESULT] 85,128,5,0.039006233,0.038381100,80636,76929,161272
[RESULT] 85,128,6,0.025819778,0.025204182,80636,76929,161272
[RESULT] 85,128,7,0.056048632,0.055438995,80636,76929,161272
[RESULT] 85,128,8,0.040198565,0.039613008,80636,76929,161272
[RESULT] 85,128,9,0.040625095,0.040020466,80636,76929,161272
[RESULT] 56,128,0,0.048976898,0.047950745,80218,76504,160436
[RESULT] 56,128,1,0.029521227,0.028333664,80218,76504,160436
[RESULT] 56,128,2,0.031560183,0.030388117,80218,76504,160436
[RESULT] 56,128,3,0.027662992,0.026511908,80218,76504,160436
[RESULT] 56,128,4,0.047155142,0.046104908,80218,76504,160436
[RESULT] 56,128,5,0.039036036,0.037968159,80218,76504,160436
[RESULT] 72,128,0,0.042516470,0.041847229,79643,75849,159286
[RESULT] 72,128,1,0.029539824,0.028898716,79643,75849,159286
[RESULT] 72,128,2,0.031559944,0.030937433,79643,75849,159286
[RESULT] 72,128,3,0.027595758,0.026986837,79643,75849,159286
[RESULT] 72,128,4,0.041845083,0.041246891,79643,75849,159286
[RESULT] 72,128,5,0.038949013,0.038328648,79643,75849,159286
[RESULT] 72,128,6,0.025842428,0.025220871,79643,75849,159286
[RESULT] 72,128,7,0.056160450,0.055544376,79643,75849,159286
[RESULT] 72,128,8,0.040796041,0.040180683,79643,75849,159286
[RESULT] 72,128,9,0.040751934,0.040147543,79643,75849,159286
[RESULT] 58,128,0,0.048944473,0.047842026,81406,77683,162812
[RESULT] 58,128,1,0.029670954,0.028454065,81406,77683,162812
[RESULT] 58,128,2,0.031633615,0.030352592,81406,77683,162812
[RESULT] 58,128,3,0.027725458,0.026505232,81406,77683,162812
[RESULT] 58,128,4,0.047144890,0.046036720,81406,77683,162812
[RESULT] 58,128,5,0.039099455,0.037967205,81406,77683,162812
[RESULT] 58,128,6,0.025813580,0.024625063,81406,77683,162812
[RESULT] 58,128,7,0.056483507,0.055396318,81406,77683,162812
[RESULT] 58,128,8,0.044096708,0.042970181,81406,77683,162812
[RESULT] 58,128,9,0.041059732,0.039902687,81406,77683,162812
[RESULT] 73,128,0,0.042460442,0.041779041,80412,76622,160824
[RESULT] 73,128,1,0.029535294,0.028883219,80412,76622,160824
[RESULT] 73,128,2,0.031499624,0.030872583,80412,76622,160824
[RESULT] 73,128,3,0.027519941,0.026922226,80412,76622,160824
[RESULT] 73,128,4,0.041830301,0.041217566,80412,76622,160824
[RESULT] 73,128,5,0.038844347,0.038233757,80412,76622,160824
[RESULT] 73,128,6,0.025819778,0.025182724,80412,76622,160824
[RESULT] 73,128,7,0.056172132,0.055546045,80412,76622,160824
[RESULT] 73,128,8,0.040667295,0.040038586,80412,76622,160824
[RESULT] 73,128,9,0.040768862,0.040158987,80412,76622,160824
[RESULT] 52,128,0,0.049057245,0.048063993,79937,76282,159874
[RESULT] 52,128,1,0.029382467,0.028415918,79937,76282,159874
[RESULT] 52,128,2,0.031462669,0.030485630,79937,76282,159874
[RESULT] 52,128,3,0.027499199,0.026536226,79937,76282,159874
[RESULT] 52,128,4,0.047320366,0.046342850,79937,76282,159874
[RESULT] 52,128,5,0.038807869,0.037839174,79937,76282,159874
[RESULT] 52,128,6,0.025375128,0.024405956,79937,76282,159874
[RESULT] 52,128,7,0.056617260,0.055660725,79937,76282,159874
[RESULT] 52,128,8,0.044386864,0.043411016,79937,76282,159874
[RESULT] 52,128,9,0.041113377,0.040142775,79937,76282,159874
[RESULT] 76,128,0,0.042550325,0.041897774,79820,76047,159640
[RESULT] 76,128,1,0.029579878,0.028946400,79820,76047,159640
[RESULT] 76,128,2,0.031604290,0.030997515,79820,76047,159640
[RESULT] 76,128,3,0.027686357,0.027093410,79820,76047,159640
[RESULT] 76,128,4,0.041788578,0.041211128,79820,76047,159640
[RESULT] 76,128,5,0.038942814,0.038346291,79820,76047,159640
[RESULT] 76,128,6,0.025799513,0.025208950,79820,76047,159640
[RESULT] 76,128,7,0.056221724,0.055624485,79820,76047,159640
[RESULT] 76,128,8,0.040561438,0.039968252,79820,76047,159640
[RESULT] 76,128,9,0.040812969,0.040210724,79820,76047,159640
[RESULT] 56,128,6,0.025711298,0.024594307,80218,76504,160436
[RESULT] 56,128,7,0.056513309,0.055457830,80218,76504,160436
[RESULT] 56,128,8,0.044381142,0.043357849,80218,76504,160436
[RESULT] 56,128,9,0.041107178,0.040061712,80218,76504,160436
[RESULT] 75,128,0,0.042430401,0.041758537,81604,77880,163208
[RESULT] 75,128,1,0.029519081,0.028854609,81604,77880,163208
[RESULT] 75,128,2,0.031494141,0.030860424,81604,77880,163208
[RESULT] 75,128,3,0.027551889,0.026925564,81604,77880,163208
[RESULT] 75,128,4,0.041840792,0.041213751,81604,77880,163208
[RESULT] 75,128,5,0.038804531,0.038181305,81604,77880,163208
[RESULT] 75,128,6,0.025800705,0.025161266,81604,77880,163208
[RESULT] 75,128,7,0.056239128,0.055600166,81604,77880,163208
[RESULT] 75,128,8,0.040715218,0.040087700,81604,77880,163208
[RESULT] 75,128,9,0.040861130,0.040223122,81604,77880,163208
[RESULT] 49,128,0,0.048866987,0.048122406,80478,76825,160956
[RESULT] 49,128,1,0.029346943,0.028600454,80478,76825,160956
[RESULT] 49,128,2,0.031348705,0.030598879,80478,76825,160956
[RESULT] 74,128,0,0.042507410,0.041820288,80737,77005,161474
[RESULT] 74,128,1,0.029528379,0.028872728,80737,77005,161474
[RESULT] 74,128,2,0.031492949,0.030866623,80737,77005,161474
[RESULT] 74,128,3,0.027512789,0.026903152,80737,77005,161474
[RESULT] 74,128,4,0.041813374,0.041206121,80737,77005,161474
[RESULT] 74,128,5,0.038753986,0.038149595,80737,77005,161474
[RESULT] 74,128,6,0.025760889,0.025138378,80737,77005,161474
[RESULT] 74,128,7,0.056341648,0.055716991,80737,77005,161474
[RESULT] 74,128,8,0.040762901,0.040140629,80737,77005,161474
[RESULT] 74,128,9,0.040895224,0.040266037,80737,77005,161474
[RESULT] 49,128,3,0.027429819,0.026678324,80478,76825,160956
[RESULT] 49,128,4,0.047125816,0.046387196,80478,76825,160956
[RESULT] 49,128,5,0.038801908,0.038052082,80478,76825,160956
[RESULT] 49,128,6,0.025157690,0.024391174,80478,76825,160956
[RESULT] 49,128,7,0.056487799,0.055731535,80478,76825,160956
[RESULT] 49,128,8,0.044184923,0.043422222,80478,76825,160956
[RESULT] 49,128,9,0.041157722,0.040382624,80478,76825,160956
[RESULT] 77,128,0,0.042515039,0.041739941,80505,76799,161010
[RESULT] 77,128,1,0.029656649,0.028892517,80505,76799,161010
[RESULT] 77,128,2,0.031685829,0.030928612,80505,76799,161010
[RESULT] 77,128,3,0.027784348,0.027014971,80505,76799,161010
[RESULT] 77,128,4,0.041933060,0.041188240,80505,76799,161010
[RESULT] 48,128,0,0.048959494,0.048153639,80174,76544,160348
[RESULT] 48,128,1,0.029350281,0.028550863,80174,76544,160348
[RESULT] 48,128,2,0.031359673,0.030587435,80174,76544,160348
[RESULT] 48,128,3,0.027455330,0.026682854,80174,76544,160348
[RESULT] 48,128,4,0.047439337,0.046670198,80174,76544,160348
[RESULT] 77,128,5,0.039032459,0.038286448,80505,76799,161010
[RESULT] 77,128,6,0.025988579,0.025227070,80505,76799,161010
[RESULT] 77,128,7,0.056311607,0.055563688,80505,76799,161010
[RESULT] 77,128,8,0.040678978,0.039949179,80505,76799,161010
[RESULT] 77,128,9,0.040931940,0.040170431,80505,76799,161010
[RESULT] 48,128,5,0.038757801,0.037991762,80174,76544,160348
[RESULT] 48,128,6,0.028149366,0.024389744,80174,76544,160348
[RESULT] 48,128,7,0.056584358,0.055725098,80174,76544,160348
[RESULT] 48,128,8,0.044226408,0.043455839,80174,76544,160348
[RESULT] 48,128,9,0.041214943,0.040430546,80174,76544,160348
[RESULT] 83,128,0,0.042752743,0.041677713,82082,78423,164164
[RESULT] 83,128,1,0.029867887,0.028824806,82082,78423,164164
[RESULT] 83,128,2,0.031811476,0.030805826,82082,78423,164164
[RESULT] 83,128,3,0.027864456,0.026866436,82082,78423,164164
[RESULT] 51,128,0,0.049119711,0.048095465,81599,77861,163198
[RESULT] 51,128,1,0.029601336,0.028384924,81599,77861,163198
[RESULT] 51,128,2,0.031552792,0.030326843,81599,77861,163198
[RESULT] 51,128,3,0.027709723,0.026498556,81599,77861,163198
[RESULT] 83,128,4,0.041981697,0.041041136,82082,78423,164164
[RESULT] 83,128,5,0.039523125,0.038448334,82082,78423,164164
[RESULT] 83,128,6,0.026063681,0.025078773,82082,78423,164164
[RESULT] 83,128,7,0.056420565,0.055386782,82082,78423,164164
[RESULT] 83,128,8,0.041065931,0.040016651,82082,78423,164164
[RESULT] 83,128,9,0.041019678,0.039991856,82082,78423,164164
[RESULT] 51,128,4,0.047371149,0.046356201,81599,77861,163198
[RESULT] 51,128,5,0.038991690,0.037810564,81599,77861,163198
[RESULT] 51,128,6,0.025619507,0.024439335,81599,77861,163198
[RESULT] 51,128,7,0.056530714,0.055461407,81599,77861,163198
[RESULT] 51,128,8,0.044436455,0.043423414,81599,77861,163198
[RESULT] 51,128,9,0.041320801,0.040256977,81599,77861,163198
[RESULT] 84,128,0,0.042780161,0.041722536,80086,76364,160172
[RESULT] 84,128,1,0.029985189,0.028917789,80086,76364,160172
[RESULT] 84,128,2,0.032068729,0.031028509,80086,76364,160172
[RESULT] 84,128,3,0.028161526,0.027135372,80086,76364,160172
[RESULT] 84,128,4,0.041848898,0.040919781,80086,76364,160172
[RESULT] 84,128,5,0.039455652,0.038404465,80086,76364,160172
[RESULT] 84,128,6,0.026000738,0.025028944,80086,76364,160172
[RESULT] 84,128,7,0.056563377,0.055506706,80086,76364,160172
[RESULT] 84,128,8,0.040892839,0.039819002,80086,76364,160172
[RESULT] 84,128,9,0.041078329,0.040034056,80086,76364,160172
[RESULT] 82,128,0,0.042783737,0.041724920,81243,77526,162486
[RESULT] 82,128,1,0.029979229,0.028921843,81243,77526,162486
[RESULT] 82,128,2,0.031920195,0.030912638,81243,77526,162486
[RESULT] 82,128,3,0.028041124,0.027011633,81243,77526,162486
[RESULT] 82,128,4,0.042086363,0.041150570,81243,77526,162486
[RESULT] 82,128,5,0.039269924,0.038235188,81243,77526,162486
[RESULT] 82,128,6,0.026213169,0.025233507,81243,77526,162486
[RESULT] 82,128,7,0.056566000,0.055510521,81243,77526,162486
[RESULT] 82,128,8,0.041062593,0.039994717,81243,77526,162486
[RESULT] 82,128,9,0.041197300,0.040143728,81243,77526,162486
[RESULT] 50,128,0,0.049088001,0.048124552,80763,77056,161526
[RESULT] 50,128,1,0.029210329,0.028260708,80763,77056,161526
[RESULT] 50,128,2,0.031359434,0.030398369,80763,77056,161526
[RESULT] 90,128,0,0.042475462,0.041646719,81170,77544,162340
[RESULT] 90,128,1,0.029977322,0.029177427,81170,77544,162340
[RESULT] 90,128,2,0.032146931,0.031351566,81170,77544,162340
[RESULT] 90,128,3,0.028245926,0.027462482,81170,77544,162340
[RESULT] 90,128,4,0.040395498,0.039608955,81170,77544,162340
[RESULT] 90,128,5,0.039437294,0.038639069,81170,77544,162340
[RESULT] 90,128,6,0.025959015,0.025159836,81170,77544,162340
[RESULT] 88,128,0,0.042921066,0.041850567,80384,76667,160768
[RESULT] 88,128,1,0.030041456,0.028973341,80384,76667,160768
[RESULT] 88,128,2,0.032388926,0.031328678,80384,76667,160768
[RESULT] 50,128,3,0.027274132,0.026320219,80763,77056,161526
[RESULT] 50,128,4,0.047310352,0.046351671,80763,77056,161526
[RESULT] 50,128,5,0.038853645,0.037907600,80763,77056,161526
[RESULT] 50,128,6,0.025440454,0.024470329,80763,77056,161526
[RESULT] 50,128,7,0.056495428,0.055544138,80763,77056,161526
[RESULT] 50,128,8,0.044402838,0.043443441,80763,77056,161526
[RESULT] 50,128,9,0.041432381,0.040359735,80763,77056,161526
[RESULT] 90,128,7,0.056700945,0.055909395,81170,77544,162340
[RESULT] 90,128,8,0.040516376,0.039753914,81170,77544,162340
[RESULT] 90,128,9,0.041190624,0.040409565,81170,77544,162340
[RESULT] 53,128,0,0.049079895,0.048055887,80258,76548,160516
[RESULT] 53,128,1,0.029399633,0.028153896,80258,76548,160516
[RESULT] 53,128,2,0.031423569,0.030236006,80258,76548,160516
[RESULT] 86,128,0,0.042645693,0.041579723,80832,77189,161664
[RESULT] 86,128,1,0.030085802,0.029021740,80832,77189,161664
[RESULT] 86,128,2,0.032402039,0.031356812,80832,77189,161664
[RESULT] 86,128,3,0.028541565,0.027477741,80832,77189,161664
[RESULT] 86,128,4,0.041667461,0.040724516,80832,77189,161664
[RESULT] 86,128,5,0.039747715,0.038682699,80832,77189,161664
[RESULT] 86,128,6,0.026111603,0.025110960,80832,77189,161664
[RESULT] 86,128,7,0.056815147,0.055738211,80832,77189,161664
[RESULT] 86,128,8,0.040920973,0.039840698,80832,77189,161664
[RESULT] 86,128,9,0.041257381,0.040170431,80832,77189,161664
[RESULT] 53,128,3,0.027486324,0.026254892,80258,76548,160516
[RESULT] 53,128,4,0.047307968,0.046304941,80258,76548,160516
[RESULT] 53,128,5,0.039007664,0.037857533,80258,76548,160516
[RESULT] 88,128,3,0.028495789,0.027431250,80384,76667,160768
[RESULT] 88,128,4,0.041169167,0.040218115,80384,76667,160768
[RESULT] 88,128,5,0.039717674,0.038640261,80384,76667,160768
[RESULT] 88,128,6,0.026190519,0.025205374,80384,76667,160768
[RESULT] 88,128,7,0.056757450,0.055689573,80384,76667,160768
[RESULT] 88,128,8,0.040962458,0.039888859,80384,76667,160768
[RESULT] 88,128,9,0.041259766,0.040186167,80384,76667,160768
[RESULT] 87,128,0,0.042551279,0.041485071,81541,77910,163082
[RESULT] 87,128,1,0.030021906,0.028951406,81541,77910,163082
[RESULT] 87,128,2,0.032369614,0.031304121,81541,77910,163082
[RESULT] 87,128,3,0.028502226,0.027422667,81541,77910,163082
[RESULT] 87,128,4,0.040987730,0.040046930,81541,77910,163082
[RESULT] 87,128,5,0.039712667,0.038632393,81541,77910,163082
[RESULT] 87,128,6,0.026179552,0.025167227,81541,77910,163082
[RESULT] 87,128,7,0.056763172,0.055674076,81541,77910,163082
[RESULT] 87,128,8,0.040922403,0.039836407,81541,77910,163082
[RESULT] 87,128,9,0.041264772,0.040178776,81541,77910,163082
[RESULT] 53,128,6,0.025638342,0.024397612,80258,76548,160516
[RESULT] 53,128,7,0.056488514,0.055442095,80258,76548,160516
[RESULT] 53,128,8,0.044374228,0.043365717,80258,76548,160516
[RESULT] 53,128,9,0.041490316,0.040198803,80258,76548,160516
[RESULT] 89,128,0,0.042802095,0.041707993,81096,77451,162192
[RESULT] 89,128,1,0.030079365,0.028990030,81096,77451,162192
[RESULT] 89,128,2,0.032437086,0.031365633,81096,77451,162192
[RESULT] 89,128,3,0.028566122,0.027478695,81096,77451,162192
[RESULT] 89,128,4,0.040628195,0.039658070,81096,77451,162192
[RESULT] 89,128,5,0.039727211,0.038641214,81096,77451,162192
[RESULT] 89,128,6,0.026121855,0.025119066,81096,77451,162192
[RESULT] 89,128,7,0.056818247,0.055721521,81096,77451,162192
[RESULT] 89,128,8,0.040962696,0.039852619,81096,77451,162192
[RESULT] 81,128,0,0.043480635,0.041804314,81083,77348,162166
[RESULT] 81,128,1,0.030637264,0.028924227,81083,77348,162166
[RESULT] 81,128,2,0.032631397,0.030946016,81083,77348,162166
[RESULT] 81,128,3,0.028753281,0.027057171,81083,77348,162166
[RESULT] 81,128,4,0.042806864,0.041189671,81083,77348,162166
[RESULT] 81,128,5,0.040008545,0.038308382,81083,77348,162166
[RESULT] 89,128,9,0.041313648,0.040226460,81096,77451,162192
[RESULT] 81,128,6,0.029813051,0.025179863,81083,77348,162166
[RESULT] 81,128,7,0.056645870,0.055592299,81083,77348,162166
[RESULT] 81,128,8,0.040940762,0.039854050,81083,77348,162166
[RESULT] 81,128,9,0.041256428,0.040176153,81083,77348,162166
[RESULT] 91,128,0,0.042668104,0.041605234,82170,78540,164340
[RESULT] 91,128,1,0.030305386,0.029256344,82170,78540,164340
[RESULT] 91,128,2,0.032382488,0.031341791,82170,78540,164340
[RESULT] 91,128,3,0.028505087,0.027466774,82170,78540,164340
[RESULT] 91,128,4,0.040528536,0.039572716,82170,78540,164340
[RESULT] 91,128,5,0.039736986,0.038687468,82170,78540,164340
[RESULT] 91,128,6,0.025924921,0.024938107,82170,78540,164340
[RESULT] 91,128,7,0.057049274,0.055994034,82170,78540,164340
[RESULT] 91,128,8,0.040824890,0.039732933,82170,78540,164340
[RESULT] 91,128,9,0.041552782,0.040488720,82170,78540,164340
[RESULT] 55,128,0,0.049554110,0.047963858,81386,77666,162772
[RESULT] 55,128,1,0.030084372,0.028561354,81386,77666,162772
[RESULT] 55,128,2,0.032064438,0.030550957,81386,77666,162772
[RESULT] 55,128,3,0.028124094,0.026623964,81386,77666,162772
[RESULT] 55,128,4,0.047718287,0.046228170,81386,77666,162772
[RESULT] 55,128,5,0.039455891,0.037963629,81386,77666,162772
[RESULT] 55,128,6,0.026077271,0.024587631,81386,77666,162772
[RESULT] 55,128,7,0.056750536,0.055268049,81386,77666,162772
[RESULT] 55,128,8,0.044786453,0.043303013,81386,77666,162772
[RESULT] 55,128,9,0.041536331,0.040043354,81386,77666,162772
[RESULT] 95,128,0,0.042732716,0.041744471,81791,78144,163582
[RESULT] 95,128,1,0.030438423,0.029579401,81791,78144,163582
[RESULT] 95,128,2,0.032548428,0.031696081,81791,78144,163582
[RESULT] 95,128,3,0.028647661,0.027781010,81791,78144,163582
[RESULT] 92,128,0,0.042756319,0.041721344,80361,76708,160722
[RESULT] 92,128,1,0.030399323,0.029388428,80361,76708,160722
[RESULT] 92,128,2,0.032541752,0.031531334,80361,76708,160722
[RESULT] 92,128,3,0.028594494,0.027587652,80361,76708,160722
[RESULT] 92,128,4,0.040358782,0.039445162,80361,76708,160722
[RESULT] 92,128,5,0.039814949,0.038788795,80361,76708,160722
[RESULT] 92,128,6,0.025563478,0.024634123,80361,76708,160722
[RESULT] 93,128,0,0.042676687,0.041650772,81009,77357,162018
[RESULT] 93,128,1,0.030372143,0.029370308,81009,77357,162018
[RESULT] 93,128,2,0.032508373,0.031502724,81009,77357,162018
[RESULT] 93,128,3,0.028566837,0.027563095,81009,77357,162018
[RESULT] 93,128,4,0.040304422,0.039387465,81009,77357,162018
[RESULT] 93,128,5,0.039796591,0.038764000,81009,77357,162018
[RESULT] 93,128,6,0.025238037,0.024351597,81009,77357,162018
[RESULT] 93,128,7,0.057104588,0.056102037,81009,77357,162018
[RESULT] 93,128,8,0.040639162,0.039614439,81009,77357,162018
[RESULT] 93,128,9,0.041694880,0.040684223,81009,77357,162018
[RESULT] 94,128,0,0.042441607,0.041447401,81190,77536,162380
[RESULT] 94,128,1,0.030394793,0.029402971,81190,77536,162380
[RESULT] 94,128,2,0.032521725,0.031546116,81190,77536,162380
[RESULT] 94,128,3,0.028616667,0.027625561,81190,77536,162380
[RESULT] 94,128,4,0.040168524,0.039286137,81190,77536,162380
[RESULT] 94,128,5,0.039848804,0.038838863,81190,77536,162380
[RESULT] 94,128,6,0.025131464,0.024280310,81190,77536,162380
[RESULT] 94,128,7,0.057139635,0.056157827,81190,77536,162380
[RESULT] 95,128,4,0.040624380,0.039234877,81791,78144,163582
[RESULT] 95,128,5,0.039883852,0.038993597,81791,78144,163582
[RESULT] 95,128,6,0.025418758,0.024050474,81791,78144,163582
[RESULT] 95,128,7,0.057091475,0.056279182,81791,78144,163582
[RESULT] 95,128,8,0.041083336,0.040051460,81791,78144,163582
[RESULT] 95,128,9,0.041691780,0.040899992,81791,78144,163582
[RESULT] 92,128,7,0.057134867,0.056121826,80361,76708,160722
[RESULT] 92,128,8,0.040761709,0.039723158,80361,76708,160722
[RESULT] 92,128,9,0.041712284,0.040699244,80361,76708,160722
[RESULT] 94,128,8,0.040391445,0.039432764,81190,77536,162380
[RESULT] 94,128,9,0.041714907,0.040726185,81190,77536,162380
[RESULT] 78,128,0,0.043282270,0.041733980,80824,77128,161648
[RESULT] 78,128,1,0.030421734,0.028924465,80824,77128,161648
[RESULT] 78,128,2,0.032420158,0.030965805,80824,77128,161648
[RESULT] 78,128,3,0.028445959,0.027025700,80824,77128,161648
[RESULT] 78,128,4,0.042554140,0.041213989,80824,77128,161648
[RESULT] 78,128,5,0.039700031,0.038271189,80824,77128,161648
[RESULT] 78,128,6,0.026593208,0.025224209,80824,77128,161648
[RESULT] 78,128,7,0.056987524,0.055569410,80824,77128,161648
[RESULT] 78,128,8,0.041437387,0.040050745,80824,77128,161648
[RESULT] 78,128,9,0.041848660,0.040196896,80824,77128,161648
[RESULT] 96,128,0,0.047136068,0.046012640,80438,76802,160876
[RESULT] 96,128,1,0.031008720,0.030158997,80438,76802,160876
[RESULT] 96,128,2,0.033153296,0.032327414,80438,76802,160876
[RESULT] 96,128,3,0.029289484,0.028420448,80438,76802,160876
[RESULT] 96,128,4,0.041801929,0.040988684,80438,76802,160876
[RESULT] 96,128,5,0.042188644,0.040340424,80438,76802,160876
[RESULT] 96,128,6,0.025338411,0.024402857,80438,76802,160876
[RESULT] 96,128,7,0.057775021,0.056957960,80438,76802,160876
[RESULT] 96,128,8,0.045558929,0.044718742,80438,76802,160876
[RESULT] 96,128,9,0.042307854,0.041477442,80438,76802,160876
[RESULT] 40,128,0,0.049621820,0.048815489,79517,75844,159034
[RESULT] 40,128,1,0.027644396,0.026846647,79517,75844,159034
[RESULT] 40,128,2,0.029587746,0.028794050,79517,75844,159034
[RESULT] 40,128,3,0.025575399,0.024770737,79517,75844,159034
[RESULT] 40,128,4,0.048614740,0.047716379,79517,75844,159034
[RESULT] 40,128,5,0.037466288,0.036595106,79517,75844,159034
[RESULT] 40,128,6,0.025302887,0.024382114,79517,75844,159034
[RESULT] 40,128,7,0.054476976,0.053632021,79517,75844,159034
[RESULT] 40,128,8,0.052428961,0.051463842,79517,75844,159034
[RESULT] 40,128,9,0.047248125,0.046316624,79517,75844,159034
[RESULT] 41,128,0,0.049327612,0.048452139,80440,76767,160880
[RESULT] 41,128,1,0.027831554,0.026957273,80440,76767,160880
[RESULT] 41,128,2,0.029509068,0.028661013,80440,76767,160880
[RESULT] 41,128,3,0.025506020,0.024648666,80440,76767,160880
[RESULT] 41,128,4,0.047500849,0.046635151,80440,76767,160880
[RESULT] 41,128,5,0.037477016,0.036584854,80440,76767,160880
[RESULT] 41,128,6,0.025150776,0.024217844,80440,76767,160880
[RESULT] 41,128,7,0.054540396,0.053679705,80440,76767,160880
[RESULT] 41,128,8,0.052411795,0.051450491,80440,76767,160880
[RESULT] 41,128,9,0.047237635,0.046305418,80440,76767,160880
[RESULT] 43,128,0,0.049061060,0.048238516,81739,78026,163478
[RESULT] 43,128,1,0.027938843,0.027110815,81739,78026,163478
[RESULT] 43,128,2,0.029710770,0.028903246,81739,78026,163478
[RESULT] 43,128,3,0.025765896,0.024941683,81739,78026,163478
[RESULT] 43,128,4,0.047910452,0.047048807,81739,78026,163478
[RESULT] 43,128,5,0.037460566,0.036572456,81739,78026,163478
[RESULT] 43,128,6,0.024843931,0.023946524,81739,78026,163478
[RESULT] 43,128,7,0.054477215,0.053613901,81739,78026,163478
[RESULT] 43,128,8,0.050916672,0.050090313,81739,78026,163478
[RESULT] 43,128,9,0.047225475,0.046283722,81739,78026,163478
[RESULT] 44,128,0,0.049057722,0.048235178,79628,75951,159256
[RESULT] 44,128,1,0.027554274,0.026750326,79628,75951,159256
[RESULT] 44,128,2,0.029583693,0.028778791,79628,75951,159256
[RESULT] 44,128,3,0.025620699,0.024821758,79628,75951,159256
[RESULT] 44,128,4,0.047397137,0.046570778,79628,75951,159256
[RESULT] 44,128,5,0.037616253,0.036769152,79628,75951,159256
[RESULT] 44,128,6,0.025167465,0.024278164,79628,75951,159256
[RESULT] 44,128,7,0.054600477,0.053761005,79628,75951,159256
[RESULT] 44,128,8,0.050871134,0.050080299,79628,75951,159256
[RESULT] 44,128,9,0.047173500,0.046272755,79628,75951,159256
[RESULT] 45,128,0,0.048918009,0.048098564,80251,76585,160502
[RESULT] 45,128,1,0.028063059,0.027223349,80251,76585,160502
[RESULT] 45,128,2,0.030040264,0.029209137,80251,76585,160502
[RESULT] 45,128,3,0.026212454,0.025389671,80251,76585,160502
[RESULT] 45,128,4,0.047872066,0.047054768,80251,76585,160502
[RESULT] 45,128,5,0.037442684,0.036601305,80251,76585,160502
[RESULT] 45,128,6,0.024947166,0.024080515,80251,76585,160502
[RESULT] 45,128,7,0.054478407,0.053615332,80251,76585,160502
[RESULT] 45,128,8,0.050848961,0.050058842,80251,76585,160502
[RESULT] 45,128,9,0.047184944,0.046244144,80251,76585,160502
[RESULT] 29,128,0,0.060516596,0.059608221,80265,76639,160530
[RESULT] 29,128,1,0.038368702,0.037463903,80265,76639,160530
[RESULT] 29,128,2,0.040236473,0.039366245,80265,76639,160530
[RESULT] 29,128,3,0.036352158,0.035449982,80265,76639,160530
[RESULT] 29,128,4,0.048656702,0.047779799,80265,76639,160530
[RESULT] 29,128,5,0.042751789,0.041880369,80265,76639,160530
[RESULT] 33,128,0,0.060508490,0.059581518,80185,76545,160370
[RESULT] 33,128,1,0.038349152,0.037427187,80185,76545,160370
[RESULT] 33,128,2,0.040210962,0.039326906,80185,76545,160370
[RESULT] 33,128,3,0.036347389,0.035421371,80185,76545,160370
[RESULT] 33,128,4,0.048202515,0.047363520,80185,76545,160370
[RESULT] 33,128,5,0.042710066,0.041831493,80185,76545,160370
[RESULT] 33,128,6,0.025310040,0.024393559,80185,76545,160370
[RESULT] 33,128,7,0.063830853,0.062898636,80185,76545,160370
[RESULT] 33,128,8,0.052487612,0.051511526,80185,76545,160370
[RESULT] 33,128,9,0.047345161,0.046396494,80185,76545,160370
[RESULT] 34,128,0,0.060479403,0.059536934,80725,77097,161450
[RESULT] 34,128,1,0.038345814,0.037417650,80725,77097,161450
[RESULT] 34,128,2,0.040217161,0.039311409,80725,77097,161450
[RESULT] 34,128,3,0.036355257,0.035407066,80725,77097,161450
[RESULT] 34,128,4,0.048856974,0.047951221,80725,77097,161450
[RESULT] 34,128,5,0.037528038,0.036657572,80725,77097,161450
[RESULT] 34,128,6,0.025187731,0.024264336,80725,77097,161450
[RESULT] 34,128,7,0.063764811,0.062827349,80725,77097,161450
[RESULT] 34,128,8,0.052513361,0.051514387,80725,77097,161450
[RESULT] 34,128,9,0.047369003,0.046400070,80725,77097,161450
[RESULT] 35,128,0,0.060472488,0.059515953,81032,77391,162064
[RESULT] 35,128,1,0.038330555,0.037405729,81032,77391,162064
[RESULT] 35,128,2,0.040205479,0.039297342,81032,77391,162064
[RESULT] 35,128,3,0.036331177,0.035384417,81032,77391,162064
[RESULT] 35,128,4,0.048304796,0.047429562,81032,77391,162064
[RESULT] 35,128,5,0.037489176,0.036618233,81032,77391,162064
[RESULT] 35,128,6,0.025304556,0.024373055,81032,77391,162064
[RESULT] 35,128,7,0.054637909,0.053757429,81032,77391,162064
[RESULT] 35,128,8,0.052437067,0.051487446,81032,77391,162064
[RESULT] 35,128,9,0.047320127,0.046367884,81032,77391,162064
[RESULT] 36,128,0,0.060517311,0.059576273,79130,75498,158260
[RESULT] 36,128,1,0.038304806,0.037391901,79130,75498,158260
[RESULT] 36,128,2,0.040220261,0.039307833,79130,75498,158260
[RESULT] 36,128,3,0.036300421,0.035382986,79130,75498,158260
[RESULT] 36,128,4,0.048558235,0.047669172,79130,75498,158260
[RESULT] 36,128,5,0.037529707,0.036656618,79130,75498,158260
[RESULT] 36,128,6,0.025269747,0.024374962,79130,75498,158260
[RESULT] 36,128,7,0.054643393,0.053767204,79130,75498,158260
[RESULT] 36,128,8,0.052423239,0.051484823,79130,75498,158260
[RESULT] 36,128,9,0.047313452,0.046362400,79130,75498,158260
[RESULT] 37,128,0,0.060502768,0.059546709,79772,76126,159544
[RESULT] 37,128,1,0.038322926,0.037380219,79772,76126,159544
[RESULT] 37,128,2,0.040215969,0.039277554,79772,76126,159544
[RESULT] 37,128,3,0.036310911,0.035368443,79772,76126,159544
[RESULT] 37,128,4,0.047981024,0.047093391,79772,76126,159544
[RESULT] 37,128,5,0.037549734,0.036659718,79772,76126,159544
[RESULT] 37,128,6,0.025204897,0.024289608,79772,76126,159544
[RESULT] 37,128,7,0.054449320,0.053534985,79772,76126,159544
[RESULT] 37,128,8,0.052444458,0.051475525,79772,76126,159544
[RESULT] 37,128,9,0.047327995,0.046341419,79772,76126,159544
[RESULT] 38,128,0,0.060399532,0.059480906,80201,76536,160402
[RESULT] 38,128,1,0.038273335,0.037364960,80201,76536,160402
[RESULT] 38,128,2,0.040157795,0.039271832,80201,76536,160402
[RESULT] 38,128,3,0.036267281,0.035350561,80201,76536,160402
[RESULT] 38,128,4,0.048393726,0.047503948,80201,76536,160402
[RESULT] 38,128,5,0.037507057,0.036635160,80201,76536,160402
[RESULT] 38,128,6,0.025264025,0.024343252,80201,76536,160402
[RESULT] 38,128,7,0.054435253,0.053592682,80201,76536,160402
[RESULT] 38,128,8,0.052450418,0.051478386,80201,76536,160402
[RESULT] 38,128,9,0.047252893,0.046321630,80201,76536,160402
[RESULT] 39,128,0,0.049538612,0.048670769,80629,76963,161258
[RESULT] 39,128,1,0.027778149,0.026913166,80629,76963,161258
[RESULT] 39,128,2,0.029702902,0.028858662,80629,76963,161258
[RESULT] 39,128,3,0.025693655,0.024854898,80629,76963,161258
[RESULT] 39,128,4,0.048759222,0.047845125,80629,76963,161258
[RESULT] 39,128,5,0.037473679,0.036580324,80629,76963,161258
[RESULT] 39,128,6,0.025179148,0.024252892,80629,76963,161258
[RESULT] 39,128,7,0.054368019,0.053475857,80629,76963,161258
[RESULT] 39,128,8,0.052437305,0.051458836,80629,76963,161258
[RESULT] 39,128,9,0.047266483,0.046302319,80629,76963,161258
[RESULT] 42,128,0,0.049255371,0.048371553,81082,77406,162164
[RESULT] 42,128,1,0.028018236,0.027129412,81082,77406,162164
[RESULT] 42,128,2,0.029970884,0.029104233,81082,77406,162164
[RESULT] 42,128,3,0.025695801,0.024852276,81082,77406,162164
[RESULT] 42,128,4,0.047813416,0.046956778,81082,77406,162164
[RESULT] 42,128,5,0.037533998,0.036647558,81082,77406,162164
[RESULT] 42,128,6,0.025298357,0.024374723,81082,77406,162164
[RESULT] 42,128,7,0.054514408,0.053620577,81082,77406,162164
[RESULT] 42,128,8,0.052398682,0.051438093,81082,77406,162164
[RESULT] 42,128,9,0.047288179,0.046297789,81082,77406,162164
[RESULT] 27,128,0,0.060561657,0.059589863,81780,78163,163560
[RESULT] 27,128,1,0.038463593,0.037483692,81780,78163,163560
[RESULT] 27,128,2,0.040354967,0.039401054,81780,78163,163560
[RESULT] 27,128,3,0.036462784,0.035479069,81780,78163,163560
[RESULT] 27,128,4,0.048820972,0.047918081,81780,78163,163560
[RESULT] 27,128,5,0.042824030,0.041884661,81780,78163,163560
[RESULT] 27,128,6,0.025347471,0.024395227,81780,78163,163560
[RESULT] 27,128,7,0.063821077,0.062887907,81780,78163,163560
[RESULT] 27,128,8,0.052565575,0.051575184,81780,78163,163560
[RESULT] 27,128,9,0.047449350,0.046458483,81780,78163,163560
[RESULT] 29,128,6,0.025274038,0.024370670,80265,76639,160530
[RESULT] 29,128,7,0.063823223,0.062911987,80265,76639,160530
[RESULT] 29,128,8,0.052513361,0.051557302,80265,76639,160530
[RESULT] 29,128,9,0.047371864,0.046436310,80265,76639,160530
[RESULT] 31,128,0,0.060915232,0.059558153,81073,77437,162146
[RESULT] 31,128,1,0.039146900,0.037433863,81073,77437,162146
[RESULT] 31,128,2,0.041053057,0.039347172,81073,77437,162146
[RESULT] 31,128,3,0.037141323,0.035432339,81073,77437,162146
[RESULT] 31,128,4,0.049264908,0.047594547,81073,77437,162146
[RESULT] 31,128,5,0.043497562,0.041854858,81073,77437,162146
[RESULT] 31,128,6,0.026064634,0.024399281,81073,77437,162146
[RESULT] 31,128,7,0.064221382,0.062841892,81073,77437,162146
[RESULT] 31,128,8,0.052489281,0.051502228,81073,77437,162146
[RESULT] 31,128,9,0.047390699,0.046405077,81073,77437,162146
[RESULT] 32,128,0,0.060488939,0.059556484,79807,76167,159614
[RESULT] 32,128,1,0.038381100,0.037445307,79807,76167,159614
[RESULT] 32,128,2,0.040261030,0.039339781,79807,76167,159614
[RESULT] 32,128,3,0.036366701,0.035430431,79807,76167,159614
[RESULT] 32,128,4,0.048452854,0.047555923,79807,76167,159614
[RESULT] 32,128,5,0.042710066,0.041842222,79807,76167,159614
[RESULT] 32,128,6,0.026246309,0.024403334,79807,76167,159614
[RESULT] 32,128,7,0.063795090,0.062914848,79807,76167,159614
[RESULT] 32,128,8,0.052486658,0.051530838,79807,76167,159614
[RESULT] 32,128,9,0.047379971,0.046407938,79807,76167,159614
[RESULT] 24,128,0,0.060611725,0.059648514,80408,76774,160816
[RESULT] 24,128,1,0.038517714,0.037539959,80408,76774,160816
[RESULT] 24,128,2,0.040380001,0.039439440,80408,76774,160816
[RESULT] 24,128,3,0.036498070,0.035523891,80408,76774,160816
[RESULT] 24,128,4,0.049000502,0.048107147,80408,76774,160816
[RESULT] 24,128,5,0.042873621,0.041941404,80408,76774,160816
[RESULT] 24,128,6,0.026295900,0.024409771,80408,76774,160816
[RESULT] 24,128,7,0.063840151,0.062928677,80408,76774,160816
[RESULT] 24,128,8,0.052590132,0.051612854,80408,76774,160816
[RESULT] 24,128,9,0.047498703,0.046512365,80408,76774,160816
[RESULT] 28,128,0,0.060508490,0.059590340,79668,76028,159336
[RESULT] 28,128,1,0.038381100,0.037477970,79668,76028,159336
[RESULT] 28,128,2,0.040292263,0.039402485,79668,76028,159336
[RESULT] 28,128,3,0.036374331,0.035464287,79668,76028,159336
[RESULT] 28,128,4,0.048941851,0.048066854,79668,76028,159336
[RESULT] 28,128,5,0.042788506,0.041897774,79668,76028,159336
[RESULT] 28,128,6,0.026297331,0.024475336,79668,76028,159336
[RESULT] 28,128,7,0.063823223,0.062889099,79668,76028,159336
[RESULT] 28,128,8,0.052546978,0.051565409,79668,76028,159336
[RESULT] 28,128,9,0.047408104,0.046458006,79668,76028,159336
[RESULT] 30,128,0,0.060605764,0.059563160,80364,76744,160728
[RESULT] 30,128,1,0.038471460,0.037442923,80364,76744,160728
[RESULT] 30,128,2,0.040388107,0.039376974,80364,76744,160728
[RESULT] 30,128,3,0.036476612,0.035440207,80364,76744,160728
[RESULT] 30,128,4,0.048700809,0.047711134,80364,76744,160728
[RESULT] 30,128,5,0.042871714,0.041870832,80364,76744,160728
[RESULT] 30,128,6,0.027859211,0.024507523,80364,76744,160728
[RESULT] 30,128,7,0.063755035,0.062867641,80364,76744,160728
[RESULT] 30,128,8,0.052464724,0.051535368,80364,76744,160728
[RESULT] 30,128,9,0.047367573,0.046420097,80364,76744,160728
[RESULT] 26,128,0,0.060583591,0.059611082,81632,77999,163264
[RESULT] 26,128,1,0.038488388,0.037512064,81632,77999,163264
[RESULT] 26,128,2,0.040380716,0.039418936,81632,77999,163264
[RESULT] 26,128,3,0.036931038,0.035508633,81632,77999,163264
[RESULT] 26,128,4,0.049787998,0.048004150,81632,77999,163264
[RESULT] 26,128,5,0.043706894,0.041918039,81632,77999,163264
[RESULT] 26,128,6,0.029577494,0.024391651,81632,77999,163264
[RESULT] 26,128,7,0.063851833,0.062915325,81632,77999,163264
[RESULT] 26,128,8,0.052609205,0.051597595,81632,77999,163264
[RESULT] 26,128,9,0.047543764,0.046479702,81632,77999,163264
[RESULT] 25,128,0,0.060995579,0.059590578,81299,77670,162598
[RESULT] 25,128,1,0.039371729,0.037519455,81299,77670,162598
[RESULT] 25,128,2,0.041311264,0.039429903,81299,77670,162598
[RESULT] 25,128,3,0.037346363,0.035506487,81299,77670,162598
[RESULT] 25,128,4,0.049809456,0.048034668,81299,77670,162598
[RESULT] 25,128,5,0.043713331,0.041935444,81299,77670,162598
[RESULT] 25,128,6,0.026171207,0.024361610,81299,77670,162598
[RESULT] 25,128,7,0.064697266,0.062919617,81299,77670,162598
[RESULT] 25,128,8,0.053455114,0.051598072,81299,77670,162598
[RESULT] 25,128,9,0.048380375,0.046494007,81299,77670,162598
[RESULT] 125,128,0,0.056741714,0.055854797,80222,76582,160444
[RESULT] 125,128,1,0.036354542,0.035491943,80222,76582,160444
[RESULT] 125,128,2,0.041407585,0.040522337,80222,76582,160444
[RESULT] 125,128,3,0.035477400,0.034616709,80222,76582,160444
[RESULT] 125,128,4,0.052718639,0.051838875,80222,76582,160444
[RESULT] 125,128,5,0.047846794,0.046975851,80222,76582,160444
[RESULT] 125,128,6,0.045562744,0.044673204,80222,76582,160444
[RESULT] 125,128,7,0.065783024,0.064905167,80222,76582,160444
[RESULT] 125,128,8,0.052352667,0.051401854,80222,76582,160444
[RESULT] 125,128,9,0.050003290,0.049058914,80222,76582,160444
[RESULT] 126,128,0,0.056713581,0.055846691,80300,76676,160600
[RESULT] 126,128,1,0.036330938,0.035481930,80300,76676,160600
[RESULT] 126,128,2,0.041415930,0.040523767,80300,76676,160600
[RESULT] 126,128,3,0.035465240,0.034607887,80300,76676,160600
[RESULT] 126,128,4,0.052720785,0.051814556,80300,76676,160600
[RESULT] 126,128,5,0.047844172,0.046950817,80300,76676,160600
[RESULT] 126,128,6,0.045545816,0.044610500,80300,76676,160600
[RESULT] 126,128,7,0.065793514,0.064886093,80300,76676,160600
[RESULT] 126,128,8,0.052363873,0.051393270,80300,76676,160600
[RESULT] 126,128,9,0.049980640,0.049027920,80300,76676,160600
[RESULT] 127,128,0,0.056711912,0.055841923,80892,77252,161784
[RESULT] 127,128,1,0.036339521,0.035469294,80892,77252,161784
[RESULT] 127,128,2,0.041387081,0.040499926,80892,77252,161784
[RESULT] 127,128,3,0.035475969,0.034597874,80892,77252,161784
[RESULT] 127,128,4,0.052728891,0.051808357,80892,77252,161784
[RESULT] 127,128,5,0.047831774,0.046924353,80892,77252,161784
[RESULT] 127,128,6,0.045524359,0.044592619,80892,77252,161784
[RESULT] 127,128,7,0.065805435,0.064879417,80892,77252,161784
[RESULT] 127,128,8,0.052362919,0.051375389,80892,77252,161784
[RESULT] 127,128,9,0.049964190,0.048997164,80892,77252,161784
[RESULT] 123,128,0,0.056864977,0.055937052,81371,77740,162742
[RESULT] 123,128,1,0.036394358,0.035509109,81371,77740,162742
[RESULT] 123,128,2,0.041467190,0.040535450,81371,77740,162742
[RESULT] 123,128,3,0.035525084,0.034637213,81371,77740,162742
[RESULT] 123,128,4,0.052784920,0.051840544,81371,77740,162742
[RESULT] 123,128,5,0.047940731,0.047024250,81371,77740,162742
[RESULT] 123,128,6,0.045658350,0.044719934,81371,77740,162742
[RESULT] 123,128,7,0.066374063,0.065472364,81371,77740,162742
[RESULT] 123,128,8,0.052410126,0.051439524,81371,77740,162742
[RESULT] 123,128,9,0.050094128,0.049109936,81371,77740,162742
[RESULT] 124,128,0,0.056790113,0.055911779,80038,76393,160076
[RESULT] 124,128,1,0.036354780,0.035508871,80038,76393,160076
[RESULT] 124,128,2,0.041438103,0.040539503,80038,76393,160076
[RESULT] 124,128,3,0.035502434,0.034634590,80038,76393,160076
[RESULT] 124,128,4,0.052774906,0.051845312,80038,76393,160076
[RESULT] 124,128,5,0.047925472,0.047011375,80038,76393,160076
[RESULT] 124,128,6,0.045599461,0.044646740,80038,76393,160076
[RESULT] 124,128,7,0.065837145,0.064917088,80038,76393,160076
[RESULT] 124,128,8,0.052405357,0.051419735,80038,76393,160076
[RESULT] 124,128,9,0.050056458,0.049079180,80038,76393,160076
[RESULT] 121,128,0,0.056875229,0.055971146,80299,76655,160598
[RESULT] 121,128,1,0.036421776,0.035537720,80299,76655,160598
[RESULT] 121,128,2,0.041501045,0.040572166,80299,76655,160598
[RESULT] 121,128,3,0.035540342,0.034660339,80299,76655,160598
[RESULT] 121,128,4,0.052827597,0.051877260,80299,76655,160598
[RESULT] 121,128,5,0.048020601,0.047093868,80299,76655,160598
[RESULT] 121,128,6,0.045687914,0.044741869,80299,76655,160598
[RESULT] 121,128,7,0.066415310,0.065515757,80299,76655,160598
[RESULT] 121,128,8,0.052423716,0.051456213,80299,76655,160598
[RESULT] 121,128,9,0.050124168,0.049140930,80299,76655,160598
[RESULT] 122,128,0,0.056900501,0.055956125,80754,77125,161508
[RESULT] 122,128,1,0.036429405,0.035526037,80754,77125,161508
[RESULT] 122,128,2,0.041509390,0.040563345,80754,77125,161508
[RESULT] 122,128,3,0.035578251,0.034672022,80754,77125,161508
[RESULT] 122,128,4,0.052812338,0.051867962,80754,77125,161508
[RESULT] 122,128,5,0.047964573,0.047060251,80754,77125,161508
[RESULT] 122,128,6,0.045662642,0.044728041,80754,77125,161508
[RESULT] 122,128,7,0.066411257,0.065494537,80754,77125,161508
[RESULT] 122,128,8,0.052473068,0.051442862,80754,77125,161508
[RESULT] 122,128,9,0.050134420,0.049127340,80754,77125,161508
[RESULT] 120,128,0,0.056908846,0.055993557,79756,76112,159512
[RESULT] 120,128,1,0.036434650,0.035567284,79756,76112,159512
[RESULT] 120,128,2,0.041539431,0.040616035,79756,76112,159512
[RESULT] 120,128,3,0.035578966,0.034703970,79756,76112,159512
[RESULT] 120,128,4,0.052849054,0.051912308,79756,76112,159512
[RESULT] 120,128,5,0.048032522,0.047125816,79756,76112,159512
[RESULT] 120,128,6,0.045692921,0.044749498,79756,76112,159512
[RESULT] 120,128,7,0.066422939,0.065533161,79756,76112,159512
[RESULT] 120,128,8,0.052436352,0.051469088,79756,76112,159512
[RESULT] 120,128,9,0.050205946,0.049225569,79756,76112,159512
[RESULT] 2,128,0,0.053292990,0.052366972,80487,76855,160974
[RESULT] 2,128,1,0.031521797,0.030540943,80487,76855,160974
[RESULT] 2,128,2,0.031331301,0.030527115,80487,76855,160974
[RESULT] 2,128,3,0.032594442,0.031559706,80487,76855,160974
[RESULT] 2,128,4,0.052882195,0.052003860,80487,76855,160974
[RESULT] 2,128,5,0.050199032,0.049379587,80487,76855,160974
[RESULT] 2,128,6,0.039061308,0.038227081,80487,76855,160974
[RESULT] 2,128,7,0.054524899,0.053302288,80487,76855,160974
[RESULT] 2,128,8,0.052830935,0.052000046,80487,76855,160974
[RESULT] 2,128,9,0.050692797,0.048989296,80487,76855,160974
[RESULT] 3,128,0,0.052969933,0.051372051,81318,77682,162636
[RESULT] 3,128,1,0.032132864,0.030523539,81318,77682,162636
[RESULT] 3,128,2,0.028970003,0.027525425,81318,77682,162636
[RESULT] 3,128,3,0.028223515,0.026528120,81318,77682,162636
[RESULT] 3,128,4,0.046904087,0.045232296,81318,77682,162636
[RESULT] 3,128,5,0.048785686,0.046892405,81318,77682,162636
[RESULT] 3,128,6,0.017345905,0.015831709,81318,77682,162636
[RESULT] 3,128,7,0.055043936,0.053299427,81318,77682,162636
[RESULT] 3,128,8,0.042253971,0.040360212,81318,77682,162636
[RESULT] 3,128,9,0.051007986,0.048972845,81318,77682,162636
[RESULT] 4,128,0,0.056763649,0.055803537,79723,76076,159446
[RESULT] 4,128,1,0.036477327,0.035496473,79723,76076,159446
[RESULT] 4,128,2,0.038371325,0.037464380,79723,76076,159446
[RESULT] 4,128,3,0.035571575,0.034581423,79723,76076,159446
[RESULT] 4,128,4,0.052770376,0.051786184,79723,76076,159446
[RESULT] 4,128,5,0.047860622,0.046887398,79723,76076,159446
[RESULT] 4,128,6,0.026648521,0.025761127,79723,76076,159446
[RESULT] 4,128,7,0.065877199,0.064868927,79723,76076,159446
[RESULT] 4,128,8,0.052367687,0.051340818,79723,76076,159446
[RESULT] 4,128,9,0.050052404,0.048995018,79723,76076,159446
[RESULT] 5,128,0,0.049291372,0.048367023,80413,76768,160826
[RESULT] 5,128,1,0.036468983,0.035482645,80413,76768,160826
[RESULT] 5,128,2,0.027303696,0.026506901,80413,76768,160826
[RESULT] 5,128,3,0.027490616,0.026538372,80413,76768,160826
[RESULT] 5,128,4,0.047321558,0.046275854,80413,76768,160826
[RESULT] 5,128,5,0.048457384,0.046880722,80413,76768,160826
[RESULT] 5,128,6,0.026573658,0.025743008,80413,76768,160826
[RESULT] 5,128,7,0.070873260,0.070047855,80413,76768,160826
[RESULT] 5,128,8,0.028953075,0.027350187,80413,76768,160826
[RESULT] 5,128,9,0.042301178,0.040686846,80413,76768,160826
[RESULT] 6,128,0,0.054242849,0.052320004,80678,77034,161356
[RESULT] 6,128,1,0.028515100,0.026665688,80678,77034,161356
[RESULT] 6,128,2,0.028588772,0.026529312,80678,77034,161356
[RESULT] 6,128,3,0.028549194,0.026555061,80678,77034,161356
[RESULT] 6,128,4,0.053609133,0.051997662,80678,77034,161356
[RESULT] 6,128,5,0.052054882,0.050432205,80678,77034,161356
[RESULT] 6,128,6,0.027027607,0.025429964,80678,77034,161356
[RESULT] 6,128,7,0.066855431,0.064853907,80678,77034,161356
[RESULT] 6,128,8,0.052698374,0.050604343,80678,77034,161356
[RESULT] 6,128,9,0.051357508,0.048985004,80678,77034,161356
[RESULT] 7,128,0,0.053994179,0.052294016,81100,77436,162200
[RESULT] 7,128,1,0.028520823,0.026668072,81100,77436,162200
[RESULT] 7,128,2,0.028576612,0.026537895,81100,77436,162200
[RESULT] 7,128,3,0.028499365,0.026566029,81100,77436,162200
[RESULT] 7,128,4,0.041021824,0.039240360,81100,77436,162200
[RESULT] 7,128,5,0.049071312,0.046875238,81100,77436,162200
[RESULT] 7,128,6,0.026134968,0.024581671,81100,77436,162200
[RESULT] 7,128,7,0.066835642,0.064851999,81100,77436,162200
[RESULT] 7,128,8,0.056517124,0.053785086,81100,77436,162200
[RESULT] 7,128,9,0.051315784,0.048963070,81100,77436,162200
[RESULT] 8,128,0,0.058411360,0.057175875,80108,76453,160216
[RESULT] 8,128,1,0.038766384,0.037629843,80108,76453,160216
[RESULT] 8,128,2,0.040638685,0.039491653,80108,76453,160216
[RESULT] 8,128,3,0.036864042,0.035599470,80108,76453,160216
[RESULT] 8,128,4,0.052822828,0.051777601,80108,76453,160216
[RESULT] 8,128,5,0.048478603,0.046876431,80108,76453,160216
[RESULT] 8,128,6,0.025432110,0.024602175,80108,76453,160216
[RESULT] 8,128,7,0.066055298,0.064855576,80108,76453,160216
[RESULT] 8,128,8,0.051430941,0.050594568,80108,76453,160216
[RESULT] 8,128,9,0.050638676,0.048963308,80108,76453,160216
[RESULT] 9,128,0,0.051222086,0.049261570,80685,77009,161370
[RESULT] 9,128,1,0.037467718,0.035629034,80685,77009,161370
[RESULT] 9,128,2,0.028798580,0.026745558,80685,77009,161370
[RESULT] 9,128,3,0.029495955,0.027538776,80685,77009,161370
[RESULT] 9,128,4,0.040819883,0.039008379,80685,77009,161370
[RESULT] 9,128,5,0.047773361,0.045531988,80685,77009,161370
[RESULT] 9,128,6,0.026211739,0.024596214,80685,77009,161370
[RESULT] 9,128,7,0.061182499,0.058275223,80685,77009,161370
[RESULT] 9,128,8,0.044627905,0.042566061,80685,77009,161370
[RESULT] 9,128,9,0.043002844,0.040669203,80685,77009,161370
[RESULT] 10,128,0,0.046551466,0.045246363,80725,77052,161450
[RESULT] 10,128,1,0.038775682,0.037597418,80725,77052,161450
[RESULT] 10,128,2,0.040650606,0.039469004,80725,77052,161450
[RESULT] 10,128,3,0.036875248,0.035568953,80725,77052,161450
[RESULT] 10,128,4,0.037760973,0.032850027,80725,77052,161450
[RESULT] 10,128,5,0.042449713,0.041542530,80725,77052,161450
[RESULT] 10,128,6,0.024831295,0.023936987,80725,77052,161450
[RESULT] 10,128,7,0.052967072,0.052013159,80725,77052,161450
[RESULT] 10,128,8,0.052725792,0.051683187,80725,77052,161450
[RESULT] 10,128,9,0.041418076,0.039699793,80725,77052,161450
[RESULT] 11,128,0,0.048219919,0.045247555,81366,77725,162732
[RESULT] 11,128,1,0.039467335,0.037590981,81366,77725,162732
[RESULT] 11,128,2,0.031578064,0.029503584,81366,77725,162732
[RESULT] 11,128,3,0.029485703,0.027507544,81366,77725,162732
[RESULT] 11,128,4,0.032132626,0.030306339,81366,77725,162732
[RESULT] 11,128,5,0.043755054,0.041525364,81366,77725,162732
[RESULT] 11,128,6,0.025448084,0.023852348,81366,77725,162732
[RESULT] 11,128,7,0.042279959,0.040295362,81366,77725,162732
[RESULT] 11,128,8,0.053988457,0.051693916,81366,77725,162732
[RESULT] 11,128,9,0.042003870,0.039677620,81366,77725,162732
[RESULT] 12,128,0,0.058343887,0.057131052,79598,75945,159196
[RESULT] 12,128,1,0.038689852,0.037589073,79598,75945,159196
[RESULT] 12,128,2,0.040555954,0.039456367,79598,75945,159196
[RESULT] 12,128,3,0.036804676,0.035544157,79598,75945,159196
[RESULT] 12,128,4,0.052832127,0.051777601,79598,75945,159196
[RESULT] 12,128,5,0.048440456,0.046842575,79598,75945,159196
[RESULT] 12,128,6,0.024304390,0.023471117,79598,75945,159196
[RESULT] 12,128,7,0.066026449,0.064842463,79598,75945,159196
[RESULT] 12,128,8,0.053302288,0.051687717,79598,75945,159196
[RESULT] 12,128,9,0.051363468,0.048959732,79598,75945,159196
[RESULT] 13,128,0,0.053886652,0.052214384,80378,76733,160756
[RESULT] 13,128,1,0.040170908,0.037588835,80378,76733,160756
[RESULT] 13,128,2,0.030133486,0.028488159,80378,76733,160756
[RESULT] 13,128,3,0.029139757,0.027506113,80378,76733,160756
[RESULT] 13,128,4,0.043095589,0.041810751,80378,76733,160756
[RESULT] 13,128,5,0.046121120,0.044282675,80378,76733,160756
[RESULT] 13,128,6,0.024807692,0.023501635,80378,76733,160756
[RESULT] 13,128,7,0.065459013,0.063976049,80378,76733,160756
[RESULT] 13,128,8,0.045643330,0.043661594,80378,76733,160756
[RESULT] 13,128,9,0.041672707,0.039673090,80378,76733,160756
[RESULT] 14,128,0,0.044085503,0.042217255,80888,77239,161776
[RESULT] 14,128,1,0.039368153,0.037569761,80888,77239,161776
[RESULT] 14,128,2,0.032485485,0.030498266,80888,77239,161776
[RESULT] 14,128,3,0.032430887,0.030519724,80888,77239,161776
[RESULT] 14,128,4,0.036993742,0.035554886,80888,77239,161776
[RESULT] 14,128,5,0.048694611,0.046530247,80888,77239,161776
[RESULT] 14,128,6,0.024942636,0.023414850,80888,77239,161776
[RESULT] 14,128,7,0.065808296,0.064050198,80888,77239,161776
[RESULT] 14,128,8,0.053860426,0.051657438,80888,77239,161776
[RESULT] 14,128,9,0.051199198,0.048946619,80888,77239,161776
[RESULT] 15,128,0,0.043904543,0.042221069,80982,77314,161964
[RESULT] 15,128,1,0.039149761,0.037561655,80982,77314,161964
[RESULT] 15,128,2,0.032156706,0.030499697,80982,77314,161964
[RESULT] 15,128,3,0.029136658,0.027487993,80982,77314,161964
[RESULT] 15,128,4,0.036844015,0.035546303,80982,77314,161964
[RESULT] 15,128,5,0.048413038,0.046519279,80982,77314,161964
[RESULT] 15,128,6,0.025160551,0.023834467,80982,77314,161964
[RESULT] 15,128,7,0.065550804,0.064038992,80982,77314,161964
[RESULT] 15,128,8,0.053629160,0.051638365,80982,77314,161964
[RESULT] 15,128,9,0.047638178,0.045537710,80982,77314,161964
[RESULT] 16,128,0,0.060867548,0.059649467,79948,76300,159896
[RESULT] 16,128,1,0.038692474,0.037570715,79948,76300,159896
[RESULT] 16,128,2,0.040547609,0.039441347,79948,76300,159896
[RESULT] 16,128,3,0.036808729,0.035528183,79948,76300,159896
[RESULT] 16,128,4,0.048932791,0.048102140,79948,76300,159896
[RESULT] 16,128,5,0.048417568,0.046839714,79948,76300,159896
[RESULT] 16,128,6,0.024562120,0.023724318,79948,76300,159896
[RESULT] 16,128,7,0.064956427,0.064051628,79948,76300,159896
[RESULT] 16,128,8,0.053243876,0.051626444,79948,76300,159896
[RESULT] 16,128,9,0.050577402,0.048958540,79948,76300,159896
[RESULT] 17,128,0,0.053151131,0.052206993,80337,76700,160674
[RESULT] 17,128,1,0.038494825,0.037566423,80337,76700,160674
[RESULT] 17,128,2,0.036282778,0.035352468,80337,76700,160674
[RESULT] 17,128,3,0.026524305,0.025566339,80337,76700,160674
[RESULT] 17,128,4,0.034372091,0.033521891,80337,76700,160674
[RESULT] 17,128,5,0.046322107,0.045343161,80337,76700,160674
[RESULT] 17,128,6,0.022774220,0.021845102,80337,76700,160674
[RESULT] 17,128,7,0.064966917,0.064038515,80337,76700,160674
[RESULT] 17,128,8,0.044592142,0.043579817,80337,76700,160674
[RESULT] 17,128,9,0.041667461,0.040646791,80337,76700,160674
[RESULT] 18,128,0,0.057136536,0.056200027,80667,77042,161334
[RESULT] 18,128,1,0.038491488,0.037564278,80667,77042,161334
[RESULT] 18,128,2,0.033388853,0.032480001,80667,77042,161334
[RESULT] 18,128,3,0.033445835,0.032494068,80667,77042,161334
[RESULT] 18,128,4,0.040579319,0.039716244,80667,77042,161334
[RESULT] 18,128,5,0.047800303,0.046829462,80667,77042,161334
[RESULT] 18,128,6,0.014225960,0.013361454,80667,77042,161334
[RESULT] 18,128,7,0.053391218,0.052486181,80667,77042,161334
[RESULT] 18,128,8,0.040611506,0.039626360,80667,77042,161334
[RESULT] 18,128,9,0.049947500,0.048941612,80667,77042,161334
[RESULT] 19,128,0,0.056469440,0.055200100,81378,77742,162756
[RESULT] 19,128,1,0.038719177,0.037563562,81378,77742,162756
[RESULT] 19,128,2,0.030602455,0.029469252,81378,77742,162756
[RESULT] 19,128,3,0.028774738,0.027467728,81378,77742,162756
[RESULT] 19,128,4,0.040694475,0.039868355,81378,77742,162756
[RESULT] 19,128,5,0.048477173,0.046822071,81378,77742,162756
[RESULT] 19,128,6,0.014236927,0.013402224,81378,77742,162756
[RESULT] 19,128,7,0.053399563,0.052471876,81378,77742,162756
[RESULT] 19,128,8,0.041272640,0.039617062,81378,77742,162756
[RESULT] 19,128,9,0.050543547,0.048930407,81378,77742,162756
[RESULT] 20,128,0,0.061268806,0.059565783,79885,76239,159770
[RESULT] 20,128,1,0.039165735,0.037559032,79885,76239,159770
[RESULT] 20,128,2,0.041028738,0.039423466,79885,76239,159770
[RESULT] 20,128,3,0.037130117,0.035512686,79885,76239,159770
[RESULT] 20,128,4,0.047890902,0.046427488,79885,76239,159770
[RESULT] 20,128,5,0.037282705,0.035497427,79885,76239,159770
[RESULT] 20,128,6,0.024798155,0.023321390,79885,76239,159770
[RESULT] 20,128,7,0.064359665,0.062915087,79885,76239,159770
[RESULT] 20,128,8,0.053387880,0.051597834,79885,76239,159770
[RESULT] 20,128,9,0.048284292,0.046779156,79885,76239,159770
[RESULT] 21,128,0,0.054153204,0.052199602,80012,76375,160024
[RESULT] 21,128,1,0.039378643,0.037545443,80012,76375,160024
[RESULT] 21,128,2,0.030461311,0.028461933,80012,76375,160024
[RESULT] 21,128,3,0.029410839,0.027466774,80012,76375,160024
[RESULT] 21,128,4,0.042351484,0.040883064,80012,76375,160024
[RESULT] 21,128,5,0.037684441,0.035478830,80012,76375,160024
[RESULT] 21,128,6,0.024986029,0.023395777,80012,76375,160024
[RESULT] 21,128,7,0.063652992,0.062105417,80012,76375,160024
[RESULT] 21,128,8,0.043432474,0.041898489,80012,76375,160024
[RESULT] 21,128,9,0.042331457,0.040111542,80012,76375,160024
[RESULT] 22,128,0,0.053460360,0.052208900,80533,76911,161066
[RESULT] 22,128,1,0.038677931,0.037535429,80533,76911,161066
[RESULT] 22,128,2,0.027566671,0.026460171,80533,76911,161066
[RESULT] 22,128,3,0.027749538,0.026466846,80533,76911,161066
[RESULT] 22,128,4,0.034704685,0.033892155,80533,76911,161066
[RESULT] 22,128,5,0.037089825,0.035481691,80533,76911,161066
[RESULT] 22,128,6,0.024208069,0.023355722,80533,76911,161066
[RESULT] 22,128,7,0.063717365,0.062898636,80533,76911,161066
[RESULT] 22,128,8,0.053236723,0.051582336,80533,76911,161066
[RESULT] 22,128,9,0.047356844,0.046507120,80533,76911,161066
[RESULT] 23,128,0,0.053194523,0.052196026,81366,77718,162732
[RESULT] 23,128,1,0.038511038,0.037527323,81366,77718,162732
[RESULT] 23,128,2,0.027423143,0.026457310,81366,77718,162732
[RESULT] 23,128,3,0.027456284,0.026464462,81366,77718,162732
[RESULT] 23,128,4,0.035787106,0.033885479,81366,77718,162732
[RESULT] 23,128,5,0.031456232,0.030573368,81366,77718,162732
[RESULT] 23,128,6,0.024520874,0.023549795,81366,77718,162732
[RESULT] 23,128,7,0.063831568,0.062900305,81366,77718,162732
[RESULT] 23,128,8,0.052612543,0.051562548,81366,77718,162732
[RESULT] 23,128,9,0.047399998,0.046493769,81366,77718,162732
[RESULT] 98,128,0,0.034822226,0.033407688,81435,77816,162870
[RESULT] 98,128,1,0.041162968,0.027287722,81435,77816,162870
[RESULT] 98,128,2,0.046823263,0.045969248,81435,77816,162870
[RESULT] 98,128,3,0.042517662,0.028664827,81435,77816,162870
[RESULT] 98,128,4,0.026995420,0.025328875,81435,77816,162870
[RESULT] 98,128,5,0.041775703,0.040679455,81435,77816,162870
[RESULT] 98,128,6,0.045861959,0.044775963,81435,77816,162870
[RESULT] 98,128,7,0.048554420,0.047734499,81435,77816,162870
[RESULT] 98,128,8,0.045265436,0.044494152,81435,77816,162870
[RESULT] 98,128,9,0.037631273,0.036805153,81435,77816,162870
[RESULT] 99,128,0,0.034814835,0.033399820,81874,78234,163748
[RESULT] 99,128,1,0.027927399,0.027154684,81874,78234,163748
[RESULT] 99,128,2,0.031842470,0.030711651,81874,78234,163748
[RESULT] 99,128,3,0.021389008,0.020639181,81874,78234,163748
[RESULT] 99,128,4,0.026096821,0.025274515,81874,78234,163748
[RESULT] 99,128,5,0.041666508,0.040662050,81874,78234,163748
[RESULT] 99,128,6,0.057765722,0.056937933,81874,78234,163748
[RESULT] 99,128,7,0.053726435,0.052017689,81874,78234,163748
[RESULT] 99,128,8,0.047370672,0.046586990,81874,78234,163748
[RESULT] 99,128,9,0.037629604,0.036797523,81874,78234,163748
[RESULT] 100,128,0,0.049764395,0.045281410,79993,76365,159986
[RESULT] 100,128,1,0.031156540,0.030353785,79993,76365,159986
[RESULT] 100,128,2,0.041634798,0.040652990,79993,76365,159986
[RESULT] 100,128,3,0.029523611,0.028659582,79993,76365,159986
[RESULT] 100,128,4,0.047643661,0.046742201,79993,76365,159986
[RESULT] 100,128,5,0.047379732,0.045986891,79993,76365,159986
[RESULT] 100,128,6,0.046437979,0.044752598,79993,76365,159986
[RESULT] 100,128,7,0.060793638,0.059291124,79993,76365,159986
[RESULT] 100,128,8,0.048087120,0.046607018,79993,76365,159986
[RESULT] 100,128,9,0.047568321,0.046066999,79993,76365,159986
[RESULT] 101,128,0,0.042233467,0.040368557,80797,77172,161594
[RESULT] 101,128,1,0.036776543,0.035356045,80797,77172,161594
[RESULT] 101,128,2,0.037604809,0.036216259,80797,77172,161594
[RESULT] 101,128,3,0.022527695,0.021064520,80797,77172,161594
[RESULT] 101,128,4,0.043965816,0.042546272,80797,77172,161594
[RESULT] 101,128,5,0.045315266,0.043416262,80797,77172,161594
[RESULT] 101,128,6,0.058630228,0.057247639,80797,77172,161594
[RESULT] 101,128,7,0.059085369,0.057682514,80797,77172,161594
[RESULT] 101,128,8,0.045603037,0.043458939,80797,77172,161594
[RESULT] 101,128,9,0.038284540,0.036790371,80797,77172,161594
[RESULT] 102,128,0,0.032296658,0.030352592,81056,77415,162112
[RESULT] 102,128,1,0.041444540,0.040004969,81056,77415,162112
[RESULT] 102,128,2,0.041414022,0.039994240,81056,77415,162112
[RESULT] 102,128,3,0.030391455,0.028842688,81056,77415,162112
[RESULT] 102,128,4,0.037768602,0.036315203,81056,77415,162112
[RESULT] 102,128,5,0.047621250,0.045678377,81056,77415,162112
[RESULT] 102,128,6,0.043409586,0.041774273,81056,77415,162112
[RESULT] 102,128,7,0.060670614,0.059271097,81056,77415,162112
[RESULT] 102,128,8,0.051747322,0.049638033,81056,77415,162112
[RESULT] 102,128,9,0.047510862,0.046051741,81056,77415,162112
[RESULT] 104,128,0,0.049763441,0.047781229,80780,77103,161560
[RESULT] 104,128,1,0.036912918,0.035363197,80780,77103,161560
[RESULT] 104,128,2,0.042323589,0.040636301,80780,77103,161560
[RESULT] 104,128,3,0.035341263,0.033852816,80780,77103,161560
[RESULT] 104,128,4,0.050250053,0.048832178,80780,77103,161560
[RESULT] 104,128,5,0.047876835,0.045978069,80780,77103,161560
[RESULT] 104,128,6,0.050106764,0.044740915,80780,77103,161560
[RESULT] 104,128,7,0.061331272,0.059286356,80780,77103,161560
[RESULT] 104,128,8,0.053889275,0.051558495,80780,77103,161560
[RESULT] 104,128,9,0.047559500,0.046061754,80780,77103,161560
[RESULT] 106,128,0,0.047034979,0.045989037,81427,77759,162854
[RESULT] 106,128,1,0.038021803,0.037027836,81427,77759,162854
[RESULT] 106,128,2,0.027886629,0.026715517,81427,77759,162854
[RESULT] 106,128,3,0.039947510,0.038953304,81427,77759,162854
[RESULT] 106,128,4,0.043012619,0.042006493,81427,77759,162854
[RESULT] 106,128,5,0.054293871,0.053315878,81427,77759,162854
[RESULT] 106,128,6,0.038075209,0.037059784,81427,77759,162854
[RESULT] 106,128,7,0.053737879,0.052649975,81427,77759,162854
[RESULT] 106,128,8,0.053025246,0.051996708,81427,77759,162854
[RESULT] 106,128,9,0.048669338,0.047641754,81427,77759,162854
[RESULT] 107,128,0,0.042732000,0.041106462,81908,78217,163816
[RESULT] 107,128,1,0.029002666,0.027376413,81908,78217,163816
[RESULT] 107,128,2,0.028428555,0.026699781,81908,78217,163816
[RESULT] 107,128,3,0.027325869,0.025801659,81908,78217,163816
[RESULT] 107,128,4,0.036629677,0.035193443,81908,78217,163816
[RESULT] 107,128,5,0.047868490,0.045952320,81908,78217,163816
[RESULT] 107,128,6,0.034394503,0.032744884,81908,78217,163816
[RESULT] 107,128,7,0.054247379,0.052653790,81908,78217,163816
[RESULT] 107,128,8,0.041569233,0.039506674,81908,78217,163816
[RESULT] 107,128,9,0.049896002,0.047666311,81908,78217,163816
[RESULT] 108,128,0,0.049755573,0.047755718,80240,76557,160480
[RESULT] 108,128,1,0.036899567,0.035328150,80240,76557,160480
[RESULT] 108,128,2,0.053453684,0.051943302,80240,76557,160480
[RESULT] 108,128,3,0.048412561,0.033826828,80240,76557,160480
[RESULT] 108,128,4,0.053695679,0.051963568,80240,76557,160480
[RESULT] 108,128,5,0.036655426,0.034637213,80240,76557,160480
[RESULT] 108,128,6,0.046490669,0.044707775,80240,76557,160480
[RESULT] 108,128,7,0.065979958,0.064219475,80240,76557,160480
[RESULT] 108,128,8,0.053729534,0.051498413,80240,76557,160480
[RESULT] 108,128,9,0.049309731,0.047642946,80240,76557,160480
[RESULT] 109,128,0,0.042259455,0.040309429,80510,76849,161020
[RESULT] 109,128,1,0.037168741,0.035599947,80510,76849,161020
[RESULT] 109,128,2,0.031354189,0.029650688,80510,76849,161020
[RESULT] 109,128,3,0.028459549,0.026675701,80510,76849,161020
[RESULT] 109,128,4,0.048074484,0.046462059,80510,76849,161020
[RESULT] 109,128,5,0.036581516,0.034631968,80510,76849,161020
[RESULT] 109,128,6,0.053373337,0.051914215,80510,76849,161020
[RESULT] 109,128,7,0.066688538,0.064985752,80510,76849,161020
[RESULT] 109,128,8,0.044515848,0.043055296,80510,76849,161020
[RESULT] 109,128,9,0.041045666,0.039362907,80510,76849,161020
[RESULT] 110,128,0,0.038705111,0.037296295,80555,76888,161110
[RESULT] 110,128,1,0.036561728,0.035607576,80555,76888,161110
[RESULT] 110,128,2,0.028653145,0.027661085,80555,76888,161110
[RESULT] 110,128,3,0.026704550,0.025678873,80555,76888,161110
[RESULT] 110,128,4,0.040407658,0.039422035,80555,76888,161110
[RESULT] 110,128,5,0.035592079,0.034626484,80555,76888,161110
[RESULT] 110,128,6,0.045699596,0.044702530,80555,76888,161110
[RESULT] 110,128,7,0.065997124,0.064994574,80555,76888,161110
[RESULT] 110,128,8,0.052553177,0.051474333,80555,76888,161110
[RESULT] 110,128,9,0.048569202,0.047640085,80555,76888,161110
[RESULT] 111,128,0,0.038703442,0.037285328,81004,77351,162008
[RESULT] 111,128,1,0.036557436,0.035598755,81004,77351,162008
[RESULT] 111,128,2,0.028757095,0.027644873,81004,77351,162008
[RESULT] 111,128,3,0.026695728,0.025667191,81004,77351,162008
[RESULT] 111,128,4,0.040416002,0.039404154,81004,77351,162008
[RESULT] 111,128,5,0.035550594,0.034621477,81004,77351,162008
[RESULT] 111,128,6,0.045760393,0.044678211,81004,77351,162008
[RESULT] 111,128,7,0.066144466,0.064987421,81004,77351,162008
[RESULT] 111,128,8,0.053104877,0.051460028,81004,77351,162008
[RESULT] 111,128,9,0.049833536,0.047646284,81004,77351,162008
[RESULT] 112,128,0,0.049768686,0.047756433,79716,76080,159432
[RESULT] 112,128,1,0.047501087,0.045979500,79716,76080,159432
[RESULT] 112,128,2,0.049467802,0.047953129,79716,76080,159432
[RESULT] 112,128,3,0.045571089,0.044016600,79716,76080,159432
[RESULT] 112,128,4,0.053680420,0.051935673,79716,76080,159432
[RESULT] 112,128,5,0.053217411,0.038619995,79716,76080,159432
[RESULT] 112,128,6,0.046548367,0.044711113,79716,76080,159432
[RESULT] 112,128,7,0.066839218,0.064991236,79716,76080,159432
[RESULT] 112,128,8,0.053760529,0.051479816,79716,76080,159432
[RESULT] 112,128,9,0.049390793,0.047633648,79716,76080,159432
[RESULT] 113,128,0,0.041885138,0.040321827,80103,76471,160206
[RESULT] 113,128,1,0.042515755,0.041162014,80103,76471,160206
[RESULT] 113,128,2,0.029573202,0.027868509,80103,76471,160206
[RESULT] 113,128,3,0.034156799,0.032744169,80103,76471,160206
[RESULT] 113,128,4,0.043439627,0.042006254,80103,76471,160206
[RESULT] 113,128,5,0.043379784,0.042020082,80103,76471,160206
[RESULT] 113,128,6,0.046297312,0.044686317,80103,76471,160206
[RESULT] 113,128,7,0.066586494,0.064970255,80103,76471,160206
[RESULT] 113,128,8,0.045417547,0.043440580,80103,76471,160206
[RESULT] 113,128,9,0.040855885,0.039329052,80103,76471,160206
[RESULT] 114,128,0,0.052669764,0.050330400,80337,76703,160674
[RESULT] 114,128,1,0.034273148,0.032619953,80337,76703,160674
[RESULT] 114,128,2,0.042422295,0.040579081,80337,76703,160674
[RESULT] 114,128,3,0.036611795,0.034676552,80337,76703,160674
[RESULT] 114,128,4,0.047131300,0.045394182,80337,76703,160674
[RESULT] 114,128,5,0.040638208,0.038607597,80337,76703,160674
[RESULT] 114,128,6,0.046553612,0.044695616,80337,76703,160674
[RESULT] 114,128,7,0.042300940,0.040426970,80337,76703,160674
[RESULT] 114,128,8,0.053759098,0.051460266,80337,76703,160674
[RESULT] 114,128,9,0.040086269,0.038335085,80337,76703,160674
[RESULT] 115,128,0,0.047724724,0.046246290,80812,77174,161624
[RESULT] 115,128,1,0.034098864,0.032603979,80812,77174,161624
[RESULT] 115,128,2,0.032155037,0.030634403,80812,77174,161624
[RESULT] 115,128,3,0.028133869,0.026633739,80812,77174,161624
[RESULT] 115,128,4,0.046838522,0.045381308,80812,77174,161624
[RESULT] 115,128,5,0.040148735,0.038600922,80812,77174,161624
[RESULT] 115,128,6,0.046172380,0.044688940,80812,77174,161624
[RESULT] 115,128,7,0.028910398,0.027425289,80812,77174,161624
[RESULT] 115,128,8,0.055657625,0.053022385,80812,77174,161624
[RESULT] 115,128,9,0.028696775,0.026982546,80812,77174,161624
[RESULT] 116,128,0,0.054720163,0.053754091,79510,75856,159020
[RESULT] 116,128,1,0.036553860,0.035578728,79510,75856,159020
[RESULT] 116,128,2,0.041585207,0.040592909,79510,75856,159020
[RESULT] 116,128,3,0.035695076,0.034655809,79510,75856,159020
[RESULT] 116,128,4,0.052878380,0.051905155,79510,75856,159020
[RESULT] 116,128,5,0.039586544,0.038608313,79510,75856,159020
[RESULT] 116,128,6,0.045691252,0.044685602,79510,75856,159020
[RESULT] 116,128,7,0.065963507,0.064956665,79510,75856,159020
[RESULT] 116,128,8,0.052541733,0.051461935,79510,75856,159020
[RESULT] 116,128,9,0.050389290,0.049262762,79510,75856,159020
[RESULT] 117,128,0,0.047317028,0.046310663,80190,76531,160380
[RESULT] 117,128,1,0.036551714,0.035563707,80190,76531,160380
[RESULT] 117,128,2,0.030633211,0.029613972,80190,76531,160380
[RESULT] 117,128,3,0.027667284,0.026629210,80190,76531,160380
[RESULT] 117,128,4,0.047382832,0.046385765,80190,76531,160380
[RESULT] 117,128,5,0.039613485,0.038610220,80190,76531,160380
[RESULT] 117,128,6,0.045716524,0.044692516,80190,76531,160380
[RESULT] 117,128,7,0.064898252,0.063961506,80190,76531,160380
[RESULT] 117,128,8,0.044423580,0.043368101,80190,76531,160380
[RESULT] 117,128,9,0.042953253,0.040952921,80190,76531,160380
[RESULT] 0,128,0,0.057458401,0.055819750,79377,75744,158754
[RESULT] 0,128,1,0.037216902,0.035515308,79377,75744,158754
[RESULT] 0,128,2,0.042430162,0.040495634,79377,75744,158754
[RESULT] 0,128,3,0.036599398,0.034600496,79377,75744,158754
[RESULT] 0,128,4,0.053640604,0.051802874,79377,75744,158754
[RESULT] 0,128,5,0.049132347,0.046908140,79377,75744,158754
[RESULT] 0,128,6,0.046487331,0.044606209,79377,75744,158754
[RESULT] 0,128,7,0.066857576,0.064886570,79377,75744,158754
[RESULT] 0,128,8,0.053716898,0.051352978,79377,75744,158754
[RESULT] 0,128,9,0.051361799,0.049004078,79377,75744,158754

Benchmark Summary
Processes: 128
Iterations: 10
Matrix NNZ: 10328399
Total execution time: 8.292 seconds
[RESULT] 1,128,0,0.058600664,0.056995869,80095,76471,160190
[RESULT] 1,128,1,0.037186146,0.035505056,80095,76471,160190
[RESULT] 1,128,2,0.041496992,0.039931059,80095,76471,160190
[RESULT] 1,128,3,0.026335001,0.024628639,80095,76471,160190
[RESULT] 1,128,4,0.040668488,0.039000034,80095,76471,160190
[RESULT] 1,128,5,0.048816442,0.046905518,80095,76471,160190
[RESULT] 1,128,6,0.044494867,0.042755127,80095,76471,160190
[RESULT] 1,128,7,0.065964937,0.064231873,80095,76471,160190
[RESULT] 1,128,8,0.045240879,0.043316364,80095,76471,160190
[RESULT] 1,128,9,0.042666674,0.040701389,80095,76471,160190
[RESULT] 97,128,0,0.045019150,0.044201612,81203,77603,162406
[RESULT] 97,128,1,0.029127359,0.028316975,81203,77603,162406
[RESULT] 97,128,2,0.023864031,0.022718906,81203,77603,162406
[RESULT] 97,128,3,0.021525621,0.020759344,81203,77603,162406
[RESULT] 97,128,4,0.023769855,0.022963047,81203,77603,162406
[RESULT] 97,128,5,0.036888123,0.035876513,81203,77603,162406
[RESULT] 97,128,6,0.039875031,0.038834095,81203,77603,162406
[RESULT] 97,128,7,0.053583145,0.052731037,81203,77603,162406
[RESULT] 97,128,8,0.037252188,0.036482334,81203,77603,162406
[RESULT] 97,128,9,0.038662434,0.037783146,81203,77603,162406
[RESULT] 103,128,0,0.032277346,0.030347347,81745,78096,163490
[RESULT] 103,128,1,0.029951572,0.028409481,81745,78096,163490
[RESULT] 103,128,2,0.033374310,0.031674385,81745,78096,163490
[RESULT] 103,128,3,0.027327061,0.025819063,81745,78096,163490
[RESULT] 103,128,4,0.037750244,0.036296844,81745,78096,163490
[RESULT] 103,128,5,0.048431158,0.045664310,81745,78096,163490
[RESULT] 103,128,6,0.043442726,0.041762352,81745,78096,163490
[RESULT] 103,128,7,0.060693502,0.059264421,81745,78096,163490
[RESULT] 103,128,8,0.051708698,0.049625635,81745,78096,163490
[RESULT] 103,128,9,0.049275160,0.047619104,81745,78096,163490
[RESULT] 105,128,0,0.042674065,0.040327549,81244,77560,162488
[RESULT] 105,128,1,0.037183285,0.035361528,81244,77560,162488
[RESULT] 105,128,2,0.043686628,0.041996717,81244,77560,162488
[RESULT] 105,128,3,0.023820639,0.021977186,81244,77560,162488
[RESULT] 105,128,4,0.037695169,0.036040306,81244,77560,162488
[RESULT] 105,128,5,0.046813726,0.044488907,81244,77560,162488
[RESULT] 105,128,6,0.042823553,0.040890455,81244,77560,162488
[RESULT] 105,128,7,0.060281992,0.058630943,81244,77560,162488
[RESULT] 105,128,8,0.045974493,0.043504477,81244,77560,162488
[RESULT] 105,128,9,0.049691916,0.047932625,81244,77560,162488
[RESULT] 118,128,0,0.050226688,0.048523903,80444,76774,160888
[RESULT] 118,128,1,0.030333519,0.028625488,80444,76774,160888
[RESULT] 118,128,2,0.033576488,0.031643391,80444,76774,160888
[RESULT] 118,128,3,0.031716108,0.029654264,80444,76774,160888
[RESULT] 118,128,4,0.049609423,0.048000574,80444,76774,160888
[RESULT] 118,128,5,0.028862476,0.026751518,80444,76774,160888
[RESULT] 118,128,6,0.046608686,0.044681072,80444,76774,160888
[RESULT] 118,128,7,0.067318201,0.065485954,80444,76774,160888
[RESULT] 118,128,8,0.051931381,0.049535513,80444,76774,160888
[RESULT] 118,128,9,0.061788321,0.049215078,80444,76774,160888
[RESULT] 119,128,0,0.041191816,0.039536238,80828,77166,161656
[RESULT] 119,128,1,0.036576986,0.035059214,80828,77166,161656
[RESULT] 119,128,2,0.028534412,0.026661158,80828,77166,161656
[RESULT] 119,128,3,0.037355185,0.035934448,80828,77166,161656
[RESULT] 119,128,4,0.043531179,0.042001486,80828,77166,161656
[RESULT] 119,128,5,0.028800964,0.026761055,80828,77166,161656
[RESULT] 119,128,6,0.046496868,0.044659615,80828,77166,161656
[RESULT] 119,128,7,0.067297935,0.065479994,80828,77166,161656
[RESULT] 119,128,8,0.051771879,0.049527407,80828,77166,161656
[RESULT] 119,128,9,0.049225569,0.045821428,80828,77166,161656
