Retrieving the matrix from '../data/Hook_1498.mtx'...
Real Matrix (Strong Scaling): Rows=1498023 | Cols=1498023 | NNZ=31207734 | Procs=8
Matrix distributed and converted to CSR
Ghost columns identified: 3308781 total ghost values needed
Local vector initialized (size=187253 per process)
[RESULT] 0,8,0,0.057344437,0.031767368,3898612,3308781,7797224
[RESULT] 0,8,1,0.045761108,0.019880533,3898612,3308781,7797224
[RESULT] 0,8,2,0.044998646,0.019381046,3898612,3308781,7797224
[RESULT] 0,8,3,0.046153784,0.020522356,3898612,3308781,7797224
[RESULT] 0,8,4,0.046415567,0.020946980,3898612,3308781,7797224
[RESULT] 0,8,5,0.045996666,0.020483255,3898612,3308781,7797224
[RESULT] 0,8,6,0.045987606,0.020399332,3898612,3308781,7797224
[RESULT] 0,8,7,0.046116114,0.020598888,3898612,3308781,7797224
[RESULT] 0,8,8,0.046258450,0.020181179,3898612,3308781,7797224
[RESULT] 0,8,9,0.045808315,0.020315409,3898612,3308781,7797224

Benchmark Summary
Processes: 8
Iterations: 10
Matrix NNZ: 31207734
Total execution time: 14.120 seconds
[RESULT] 6,8,0,0.057996988,0.031878233,3904396,3313720,7808792
[RESULT] 6,8,1,0.045838356,0.019632101,3904396,3313720,7808792
[RESULT] 6,8,2,0.046435833,0.020062447,3904396,3313720,7808792
[RESULT] 6,8,3,0.045455933,0.019284487,3904396,3313720,7808792
[RESULT] 6,8,4,0.045188904,0.019926548,3904396,3313720,7808792
[RESULT] 6,8,5,0.045492172,0.019821644,3904396,3313720,7808792
[RESULT] 6,8,6,0.047479630,0.021274567,3904396,3313720,7808792
[RESULT] 6,8,7,0.046895742,0.020687342,3904396,3313720,7808792
[RESULT] 6,8,8,0.045391798,0.020168304,3904396,3313720,7808792
[RESULT] 6,8,9,0.046092749,0.020934105,3904396,3313720,7808792
[RESULT] 5,8,0,0.056218386,0.031066179,3905099,3314954,7810198
[RESULT] 5,8,1,0.044244289,0.019254208,3905099,3314954,7810198
[RESULT] 5,8,2,0.045813322,0.020745754,3905099,3314954,7810198
[RESULT] 5,8,3,0.044379711,0.019193172,3905099,3314954,7810198
[RESULT] 5,8,4,0.046274424,0.019932985,3905099,3314954,7810198
[RESULT] 5,8,5,0.046506882,0.020478010,3905099,3314954,7810198
[RESULT] 5,8,6,0.045631647,0.020403385,3905099,3314954,7810198
[RESULT] 5,8,7,0.045770645,0.020694971,3905099,3314954,7810198
[RESULT] 5,8,8,0.047520161,0.019649744,3905099,3314954,7810198
[RESULT] 5,8,9,0.046518087,0.021152973,3905099,3314954,7810198
[RESULT] 3,8,0,0.057113647,0.031496525,3900463,3310430,7800926
[RESULT] 3,8,1,0.046632528,0.020872355,3900463,3310430,7800926
[RESULT] 3,8,2,0.045555830,0.019794703,3900463,3310430,7800926
[RESULT] 3,8,3,0.046240568,0.020518303,3900463,3310430,7800926
[RESULT] 3,8,4,0.046591997,0.020939589,3900463,3310430,7800926
[RESULT] 3,8,5,0.047109365,0.021413565,3900463,3310430,7800926
[RESULT] 3,8,6,0.046932459,0.021285534,3900463,3310430,7800926
[RESULT] 3,8,7,0.047993660,0.022436142,3900463,3310430,7800926
[RESULT] 3,8,8,0.046925783,0.020767689,3900463,3310430,7800926
[RESULT] 3,8,9,0.046601295,0.020940781,3900463,3310430,7800926
[RESULT] 2,8,0,0.057888269,0.031776667,3896192,3307151,7792384
[RESULT] 2,8,1,0.046913385,0.020881414,3896192,3307151,7792384
[RESULT] 2,8,2,0.045795679,0.019803524,3896192,3307151,7792384
[RESULT] 4,8,0,0.057642698,0.032476187,3903936,3313492,7807872
[RESULT] 4,8,1,0.045941591,0.020844698,3903936,3313492,7807872
[RESULT] 4,8,2,0.045897961,0.020735502,3903936,3313492,7807872
[RESULT] 4,8,3,0.045345306,0.020110846,3903936,3313492,7807872
[RESULT] 4,8,4,0.046990395,0.020491362,3903936,3313492,7807872
[RESULT] 4,8,5,0.047268867,0.021103382,3903936,3313492,7807872
[RESULT] 4,8,6,0.047696114,0.022232533,3903936,3313492,7807872
[RESULT] 2,8,3,0.044527054,0.018611431,3896192,3307151,7792384
[RESULT] 2,8,4,0.045982599,0.020497799,3896192,3307151,7792384
[RESULT] 2,8,5,0.045159340,0.019855976,3896192,3307151,7792384
[RESULT] 2,8,6,0.046208620,0.020005465,3896192,3307151,7792384
[RESULT] 2,8,7,0.045362949,0.019291639,3896192,3307151,7792384
[RESULT] 2,8,8,0.045936823,0.020760775,3896192,3307151,7792384
[RESULT] 2,8,9,0.047297716,0.022131681,3896192,3307151,7792384
[RESULT] 4,8,7,0.047586918,0.022429466,3903936,3313492,7807872
[RESULT] 4,8,8,0.046187401,0.020987988,3903936,3313492,7807872
[RESULT] 4,8,9,0.047309399,0.021958590,3903936,3313492,7807872
[RESULT] 7,8,0,0.057642698,0.032467842,3903272,3312570,7806544
[RESULT] 7,8,1,0.046396494,0.021093130,3903272,3312570,7806544
[RESULT] 7,8,2,0.045172453,0.020191431,3903272,3312570,7806544
[RESULT] 7,8,3,0.044423103,0.019362211,3903272,3312570,7806544
[RESULT] 7,8,4,0.045594215,0.020441771,3903272,3312570,7806544
[RESULT] 7,8,5,0.046271324,0.021107912,3903272,3312570,7806544
[RESULT] 7,8,6,0.047454357,0.022223949,3903272,3312570,7806544
[RESULT] 7,8,7,0.045927763,0.020591974,3903272,3312570,7806544
[RESULT] 7,8,8,0.045340776,0.020217657,3903272,3312570,7806544
[RESULT] 7,8,9,0.048241138,0.021964550,3903272,3312570,7806544
[RESULT] 1,8,0,0.057115555,0.031879425,3895764,3306649,7791528
[RESULT] 1,8,1,0.046451330,0.021066904,3895764,3306649,7791528
[RESULT] 1,8,2,0.045277357,0.020068407,3895764,3306649,7791528
[RESULT] 1,8,3,0.044461489,0.019334316,3895764,3306649,7791528
[RESULT] 1,8,4,0.045147657,0.019788027,3895764,3306649,7791528
[RESULT] 1,8,5,0.046585083,0.021406889,3895764,3306649,7791528
[RESULT] 1,8,6,0.046535730,0.021097898,3895764,3306649,7791528
[RESULT] 1,8,7,0.046543837,0.021433830,3895764,3306649,7791528
[RESULT] 1,8,8,0.046316147,0.020992994,3895764,3306649,7791528
[RESULT] 1,8,9,0.048484325,0.022125959,3895764,3306649,7791528
