Retrieving the matrix from '../data/Andrews.mtx'...
Real Matrix (Strong Scaling): Rows=60000 | Cols=60000 | NNZ=410077 | Procs=8
Matrix distributed and converted to CSR
Ghost columns identified: 35617 total ghost values needed
Local vector initialized (size=7500 per process)
[RESULT] 0,8,0,0.001043320,0.000611305,50623,35617,101246
[RESULT] 0,8,1,0.000963211,0.000531435,50623,35617,101246
[RESULT] 0,8,2,0.000964880,0.000531673,50623,35617,101246
[RESULT] 0,8,3,0.000943661,0.000520468,50623,35617,101246
[RESULT] 0,8,4,0.000974894,0.000550747,50623,35617,101246
[RESULT] 0,8,5,0.000948668,0.000524998,50623,35617,101246
[RESULT] 0,8,6,0.000951767,0.000526667,50623,35617,101246
[RESULT] 0,8,7,0.000953436,0.000520945,50623,35617,101246
[RESULT] 0,8,8,0.000993013,0.000556469,50623,35617,101246
[RESULT] 0,8,9,0.000918627,0.000494242,50623,35617,101246

Benchmark Summary
Processes: 8
Iterations: 10
Matrix NNZ: 410077
Total execution time: 0.160 seconds
[RESULT] 4,8,0,0.000921726,0.000502348,50521,35725,101042
[RESULT] 4,8,1,0.000852585,0.000424147,50521,35725,101042
[RESULT] 4,8,2,0.000850439,0.000423908,50521,35725,101042
[RESULT] 4,8,3,0.000847578,0.000425100,50521,35725,101042
[RESULT] 4,8,4,0.000843048,0.000424623,50521,35725,101042
[RESULT] 4,8,5,0.000866413,0.000442505,50521,35725,101042
[RESULT] 4,8,6,0.000869989,0.000442982,50521,35725,101042
[RESULT] 4,8,7,0.000869989,0.000444412,50521,35725,101042
[RESULT] 5,8,0,0.001073837,0.000634193,52386,37119,104772
[RESULT] 5,8,1,0.000925303,0.000467539,52386,37119,104772
[RESULT] 5,8,2,0.000957489,0.000512123,52386,37119,104772
[RESULT] 5,8,3,0.000919580,0.000477076,52386,37119,104772
[RESULT] 5,8,4,0.000927210,0.000476837,52386,37119,104772
[RESULT] 5,8,5,0.000925064,0.000486374,52386,37119,104772
[RESULT] 6,8,0,0.001044750,0.000617743,50863,35902,101726
[RESULT] 6,8,1,0.000933886,0.000502348,50863,35902,101726
[RESULT] 6,8,2,0.000973701,0.000548363,50863,35902,101726
[RESULT] 6,8,3,0.000931263,0.000505686,50863,35902,101726
[RESULT] 6,8,4,0.000950813,0.000527143,50863,35902,101726
[RESULT] 6,8,5,0.000939846,0.000515461,50863,35902,101726
[RESULT] 6,8,6,0.000922203,0.000497103,50863,35902,101726
[RESULT] 6,8,7,0.000929594,0.000503302,50863,35902,101726
[RESULT] 6,8,8,0.000949621,0.000527143,50863,35902,101726
[RESULT] 6,8,9,0.000921011,0.000487804,50863,35902,101726
[RESULT] 4,8,8,0.000837564,0.000414371,50521,35725,101042
[RESULT] 4,8,9,0.000854969,0.000435591,50521,35725,101042
[RESULT] 5,8,6,0.000928879,0.000487804,52386,37119,104772
[RESULT] 5,8,7,0.000933170,0.000488997,52386,37119,104772
[RESULT] 5,8,8,0.000939131,0.000495911,52386,37119,104772
[RESULT] 5,8,9,0.000936985,0.000494242,52386,37119,104772
[RESULT] 1,8,0,0.001142025,0.000658035,51802,36707,103604
[RESULT] 1,8,1,0.000955343,0.000481129,51802,36707,103604
[RESULT] 1,8,2,0.000975370,0.000499249,51802,36707,103604
[RESULT] 1,8,3,0.001177311,0.000697374,51802,36707,103604
[RESULT] 1,8,4,0.001178980,0.000699043,51802,36707,103604
[RESULT] 1,8,5,0.000952482,0.000474930,51802,36707,103604
[RESULT] 1,8,6,0.000976801,0.000490189,51802,36707,103604
[RESULT] 1,8,7,0.000967026,0.000484705,51802,36707,103604
[RESULT] 1,8,8,0.000986338,0.000512600,51802,36707,103604
[RESULT] 1,8,9,0.000972509,0.000500202,51802,36707,103604
[RESULT] 7,8,0,0.001163244,0.000674963,51719,36647,103438
[RESULT] 7,8,1,0.000988007,0.000510216,51719,36647,103438
[RESULT] 7,8,2,0.001004934,0.000528336,51719,36647,103438
[RESULT] 7,8,3,0.001006126,0.000524759,51719,36647,103438
[RESULT] 7,8,4,0.001016855,0.000536919,51719,36647,103438
[RESULT] 7,8,5,0.000987530,0.000510216,51719,36647,103438
[RESULT] 7,8,6,0.000988483,0.000507355,51719,36647,103438
[RESULT] 7,8,7,0.000989437,0.000505924,51719,36647,103438
[RESULT] 7,8,8,0.001007318,0.000533819,51719,36647,103438
[RESULT] 7,8,9,0.000980616,0.000507832,51719,36647,103438
[RESULT] 3,8,0,0.001848936,0.000713348,51507,36280,103014
[RESULT] 3,8,1,0.001629829,0.000503778,51507,36280,103014
[RESULT] 3,8,2,0.001648664,0.000529528,51507,36280,103014
[RESULT] 3,8,3,0.001692057,0.000542402,51507,36280,103014
[RESULT] 3,8,4,0.001029491,0.000543356,51507,36280,103014
[RESULT] 3,8,5,0.001001120,0.000517130,51507,36280,103014
[RESULT] 3,8,6,0.000984669,0.000500202,51507,36280,103014
[RESULT] 3,8,7,0.000972986,0.000493050,51507,36280,103014
[RESULT] 3,8,8,0.000984669,0.000510693,51507,36280,103014
[RESULT] 3,8,9,0.000970125,0.000483036,51507,36280,103014
[RESULT] 2,8,0,0.001102924,0.000611067,50656,35748,101312
[RESULT] 2,8,1,0.000988722,0.000517368,50656,35748,101312
[RESULT] 2,8,2,0.001037121,0.000528812,50656,35748,101312
[RESULT] 2,8,3,0.000965834,0.000481367,50656,35748,101312
[RESULT] 2,8,4,0.000995874,0.000509024,50656,35748,101312
[RESULT] 2,8,5,0.000998020,0.000517607,50656,35748,101312
[RESULT] 2,8,6,0.001047850,0.000542879,50656,35748,101312
[RESULT] 2,8,7,0.000998020,0.000513554,50656,35748,101312
[RESULT] 2,8,8,0.001006126,0.000531912,50656,35748,101312
[RESULT] 2,8,9,0.000999689,0.000516653,50656,35748,101312
