Retrieving the matrix from '../data/bcsstk27.mtx'...
Real Matrix (Strong Scaling): Rows=1224 | Cols=1224 | NNZ=28675 | Procs=1
Matrix distributed and converted to CSR
Ghost columns identified: 0 total ghost values needed
Local vector initialized (size=1224 per process)
[RESULT] 0,1,0,0.000095129,0.000000477,28675,0,57350
[RESULT] 0,1,1,0.000095129,0.000000477,28675,0,57350
[RESULT] 0,1,2,0.000094891,0.000000477,28675,0,57350
[RESULT] 0,1,3,0.000094891,0.000000238,28675,0,57350
[RESULT] 0,1,4,0.000094891,0.000000477,28675,0,57350
[RESULT] 0,1,5,0.000094891,0.000000238,28675,0,57350
[RESULT] 0,1,6,0.000094891,0.000000238,28675,0,57350
[RESULT] 0,1,7,0.000094891,0.000000238,28675,0,57350
[RESULT] 0,1,8,0.000094891,0.000000477,28675,0,57350
[RESULT] 0,1,9,0.000100851,0.000000238,28675,0,57350

Benchmark Summary
Processes: 1
Iterations: 10
Matrix NNZ: 28675
Total execution time: 0.016 seconds
