Retrieving the matrix from '../data/tmt_sym.mtx'...
Real Matrix (Strong Scaling): Rows=726713 | Cols=726713 | NNZ=2903837 | Procs=2
Matrix distributed and converted to CSR
Ghost columns identified: 725992 total ghost values needed
Local vector initialized (size=363357 per process)
[RESULT] 1,2,0,0.020138264,0.008126736,1451661,725736,2903322
[RESULT] 1,2,1,0.018683195,0.006703138,1451661,725736,2903322
[RESULT] 1,2,2,0.020655394,0.008715153,1451661,725736,2903322
[RESULT] 1,2,3,0.019126415,0.007160425,1451661,725736,2903322
[RESULT] 1,2,4,0.019314766,0.007394791,1451661,725736,2903322
[RESULT] 1,2,5,0.018892050,0.006896973,1451661,725736,2903322
[RESULT] 1,2,6,0.018710852,0.006722212,1451661,725736,2903322
[RESULT] 1,2,7,0.018666029,0.006757498,1451661,725736,2903322
[RESULT] 1,2,8,0.018966436,0.006981373,1451661,725736,2903322
[RESULT] 1,2,9,0.018888474,0.006964445,1451661,725736,2903322
[RESULT] 0,2,0,0.021589518,0.009295464,1452176,725992,2904352
[RESULT] 0,2,1,0.020002842,0.007786036,1452176,725992,2904352
[RESULT] 0,2,2,0.020663500,0.008370399,1452176,725992,2904352
[RESULT] 0,2,3,0.019720078,0.007366419,1452176,725992,2904352
[RESULT] 0,2,4,0.019715786,0.007394075,1452176,725992,2904352
[RESULT] 0,2,5,0.019078493,0.006769419,1452176,725992,2904352
[RESULT] 0,2,6,0.019016027,0.006698370,1452176,725992,2904352
[RESULT] 0,2,7,0.018956423,0.006702900,1452176,725992,2904352
[RESULT] 0,2,8,0.019248247,0.006930828,1452176,725992,2904352
[RESULT] 0,2,9,0.019221067,0.006873131,1452176,725992,2904352

Benchmark Summary
Processes: 2
Iterations: 10
Matrix NNZ: 2903837
Total execution time: 1.780 seconds
