Retrieving the matrix from '../data/bcsstk27.mtx'...
Real Matrix (Strong Scaling): Rows=1224 | Cols=1224 | NNZ=28675 | Procs=64
Matrix distributed and converted to CSR
Ghost columns identified: 448 total ghost values needed
Local vector initialized (size=20 per process)
[RESULT] 36,64,0,0.000927925,0.000925779,463,444,926
[RESULT] 36,64,1,0.000956774,0.000954628,463,444,926
[RESULT] 36,64,2,0.001408815,0.001406908,463,444,926
[RESULT] 36,64,3,0.000761747,0.000759602,463,444,926
[RESULT] 36,64,4,0.000779152,0.000777006,463,444,926
[RESULT] 36,64,5,0.000774622,0.000772476,463,444,926
[RESULT] 36,64,6,0.000771284,0.000769377,463,444,926
[RESULT] 36,64,7,0.000738382,0.000736237,463,444,926
[RESULT] 36,64,8,0.005735397,0.005733252,463,444,926
[RESULT] 36,64,9,0.000784874,0.000782728,463,444,926
[RESULT] 37,64,0,0.000920534,0.000918150,448,429,896
[RESULT] 37,64,1,0.000711679,0.000709772,448,429,896
[RESULT] 37,64,2,0.001399755,0.001397371,448,429,896
[RESULT] 37,64,3,0.000754833,0.000752687,448,429,896
[RESULT] 37,64,4,0.000771999,0.000769854,448,429,896
[RESULT] 37,64,5,0.000768423,0.000766039,448,429,896
[RESULT] 37,64,6,0.000768423,0.000766039,448,429,896
[RESULT] 37,64,7,0.000733137,0.000730991,448,429,896
[RESULT] 37,64,8,0.000762701,0.000760794,448,429,896
[RESULT] 37,64,9,0.000780582,0.000778675,448,429,896
[RESULT] 38,64,0,0.000920534,0.000917912,467,448,934
[RESULT] 38,64,1,0.000695944,0.000693798,467,448,934
[RESULT] 38,64,2,0.001399755,0.001397610,467,448,934
[RESULT] 38,64,3,0.000757694,0.000755310,467,448,934
[RESULT] 38,64,4,0.000776768,0.000774860,467,448,934
[RESULT] 38,64,5,0.000769615,0.000767469,467,448,934
[RESULT] 38,64,6,0.000767469,0.000765324,467,448,934
[RESULT] 38,64,7,0.000733376,0.000731230,467,448,934
[RESULT] 38,64,8,0.000766277,0.000764132,467,448,934
[RESULT] 38,64,9,0.000782967,0.000780582,467,448,934
[RESULT] 39,64,0,0.000920057,0.000917673,446,427,892
[RESULT] 39,64,1,0.000694275,0.000692129,446,427,892
[RESULT] 39,64,2,0.001391411,0.001389265,446,427,892
[RESULT] 39,64,3,0.000754118,0.000752211,446,427,892
[RESULT] 39,64,4,0.000768423,0.000766277,446,427,892
[RESULT] 39,64,5,0.000767708,0.000765562,446,427,892
[RESULT] 39,64,6,0.000760317,0.000758171,446,427,892
[RESULT] 39,64,7,0.000729561,0.000727415,446,427,892
[RESULT] 39,64,8,0.000759363,0.000757217,446,427,892
[RESULT] 39,64,9,0.000776768,0.000774622,446,427,892
[RESULT] 40,64,0,0.000926733,0.000924110,465,446,930
[RESULT] 40,64,1,0.000701904,0.000699520,465,446,930
[RESULT] 40,64,2,0.001395702,0.001393557,465,446,930
[RESULT] 40,64,3,0.000764847,0.000762701,465,446,930
[RESULT] 40,64,4,0.000777483,0.000775099,465,446,930
[RESULT] 40,64,5,0.000776052,0.000773907,465,446,930
[RESULT] 40,64,6,0.000771999,0.000769854,465,446,930
[RESULT] 40,64,7,0.000740528,0.000738382,465,446,930
[RESULT] 40,64,8,0.000767469,0.000765324,465,446,930
[RESULT] 40,64,9,0.000787973,0.000785589,465,446,930
[RESULT] 41,64,0,0.000908136,0.000905991,450,431,900
[RESULT] 41,64,1,0.000700235,0.000697613,450,431,900
[RESULT] 41,64,2,0.001438618,0.001436234,450,431,900
[RESULT] 41,64,3,0.000763893,0.000761509,450,431,900
[RESULT] 41,64,4,0.000774860,0.000772476,450,431,900
[RESULT] 41,64,5,0.000770092,0.000767946,450,431,900
[RESULT] 41,64,6,0.000763655,0.000761509,450,431,900
[RESULT] 41,64,7,0.000732183,0.000730038,450,431,900
[RESULT] 41,64,8,0.000757694,0.000755548,450,431,900
[RESULT] 41,64,9,0.000785589,0.000783443,450,431,900
[RESULT] 42,64,0,0.000904560,0.000902176,451,432,902
[RESULT] 42,64,1,0.000702143,0.000699997,451,432,902
[RESULT] 42,64,2,0.001413345,0.001411200,451,432,902
[RESULT] 42,64,3,0.000764370,0.000762463,451,432,902
[RESULT] 42,64,4,0.000771761,0.000769615,451,432,902
[RESULT] 42,64,5,0.000768423,0.000766277,451,432,902
[RESULT] 42,64,6,0.000765085,0.000763178,451,432,902
[RESULT] 42,64,7,0.000734091,0.000731945,451,432,902
[RESULT] 42,64,8,0.000761509,0.000759363,451,432,902
[RESULT] 42,64,9,0.000784397,0.000782013,451,432,902
[RESULT] 43,64,0,0.000904799,0.000902653,436,417,872
[RESULT] 43,64,1,0.001116514,0.001114607,436,417,872
[RESULT] 43,64,2,0.001413345,0.001411200,436,417,872
[RESULT] 43,64,3,0.000761509,0.000759363,436,417,872
[RESULT] 43,64,4,0.000766516,0.000764608,436,417,872
[RESULT] 43,64,5,0.000765324,0.000763178,436,417,872
[RESULT] 43,64,6,0.000762939,0.000760794,436,417,872
[RESULT] 43,64,7,0.000733137,0.000730991,436,417,872
[RESULT] 43,64,8,0.005877495,0.005875349,436,417,872
[RESULT] 43,64,9,0.000782728,0.000780344,436,417,872
[RESULT] 44,64,0,0.000890732,0.000888109,455,436,910
[RESULT] 44,64,1,0.001101255,0.001099110,455,436,910
[RESULT] 44,64,2,0.001409531,0.001407146,455,436,910
[RESULT] 44,64,3,0.000760317,0.000758171,455,436,910
[RESULT] 44,64,4,0.000770807,0.000768900,455,436,910
[RESULT] 44,64,5,0.000771284,0.000769377,455,436,910
[RESULT] 44,64,6,0.000764608,0.000762701,455,436,910
[RESULT] 44,64,7,0.000739336,0.000736952,455,436,910
[RESULT] 44,64,8,0.005885363,0.005883217,455,436,910
[RESULT] 44,64,9,0.000782013,0.000779629,455,436,910
[RESULT] 11,64,0,0.012984514,0.012982130,430,411,860
[RESULT] 11,64,1,0.012927771,0.012925863,430,411,860
[RESULT] 11,64,2,0.011836529,0.011834383,430,411,860
[RESULT] 11,64,3,0.012905598,0.012903452,430,411,860
[RESULT] 11,64,4,0.012942314,0.012940168,430,411,860
[RESULT] 11,64,5,0.012932777,0.012929201,430,411,860
[RESULT] 11,64,6,0.015944242,0.015942097,430,411,860
[RESULT] 11,64,7,0.012907267,0.012905121,430,411,860
[RESULT] 11,64,8,0.012939930,0.012937546,430,411,860
[RESULT] 11,64,9,0.012915134,0.012912989,430,411,860
[RESULT] 12,64,0,0.012989759,0.012983561,449,430,898
[RESULT] 12,64,1,0.012933016,0.012930870,449,430,898
[RESULT] 12,64,2,0.012938261,0.012936115,449,430,898
[RESULT] 12,64,3,0.012917042,0.012914896,449,430,898
[RESULT] 12,64,4,0.012939930,0.012937546,449,430,898
[RESULT] 12,64,5,0.012940407,0.012938023,449,430,898
[RESULT] 12,64,6,0.015947819,0.015945673,449,430,898
[RESULT] 12,64,7,0.012920856,0.012918472,449,430,898
[RESULT] 12,64,8,0.012941360,0.012939215,449,430,898
[RESULT] 12,64,9,0.012924194,0.012921810,449,430,898
[RESULT] 9,64,0,0.013071299,0.013069153,429,410,858
[RESULT] 9,64,1,0.013056755,0.013054848,429,410,858
[RESULT] 9,64,2,0.013048172,0.013046026,429,410,858
[RESULT] 9,64,3,0.013035297,0.013033390,429,410,858
[RESULT] 9,64,4,0.013020515,0.013018608,429,410,858
[RESULT] 9,64,5,0.013036489,0.013034344,429,410,858
[RESULT] 9,64,6,0.016062260,0.016060352,429,410,858
[RESULT] 9,64,7,0.013032675,0.013030767,429,410,858
[RESULT] 9,64,8,0.013056755,0.013054609,429,410,858
[RESULT] 9,64,9,0.013014793,0.013012648,429,410,858
[RESULT] 10,64,0,0.013067722,0.013064861,448,429,896
[RESULT] 18,64,0,0.013106823,0.013104439,445,426,890
[RESULT] 18,64,1,0.013075590,0.013073444,445,426,890
[RESULT] 18,64,2,0.013081074,0.013079166,445,426,890
[RESULT] 18,64,3,0.013095140,0.013093233,445,426,890
[RESULT] 18,64,4,0.013077021,0.013075113,445,426,890
[RESULT] 18,64,5,0.013046980,0.013044834,445,426,890
[RESULT] 18,64,6,0.016067505,0.016065598,445,426,890
[RESULT] 18,64,7,0.013051748,0.013049603,445,426,890
[RESULT] 18,64,8,0.013063908,0.013062000,445,426,890
[RESULT] 18,64,9,0.013056993,0.013055086,445,426,890
[RESULT] 48,64,0,0.013098001,0.013096094,463,444,926
[RESULT] 48,64,1,0.013073921,0.013071537,463,444,926
[RESULT] 48,64,2,0.013072014,0.013069868,463,444,926
[RESULT] 48,64,3,0.013057470,0.013055086,463,444,926
[RESULT] 48,64,4,0.013062000,0.013059855,463,444,926
[RESULT] 48,64,5,0.013061762,0.013059616,463,444,926
[RESULT] 48,64,6,0.016060591,0.016058207,463,444,926
[RESULT] 48,64,7,0.013053417,0.013051271,463,444,926
[RESULT] 48,64,8,0.013076544,0.013074398,463,444,926
[RESULT] 48,64,9,0.013063908,0.013061762,463,444,926
[RESULT] 2,64,0,0.013253212,0.013250828,471,451,942
[RESULT] 2,64,1,0.013096809,0.013094425,471,451,942
[RESULT] 2,64,2,0.013129950,0.013127565,471,451,942
[RESULT] 2,64,3,0.013117313,0.013115168,471,451,942
[RESULT] 2,64,4,0.013115168,0.013112783,471,451,942
[RESULT] 2,64,5,0.013116837,0.013114452,471,451,942
[RESULT] 2,64,6,0.016134024,0.016131639,471,451,942
[RESULT] 2,64,7,0.013104916,0.013102770,471,451,942
[RESULT] 2,64,8,0.013139009,0.013136864,471,451,942
[RESULT] 2,64,9,0.013129711,0.013127565,471,451,942
[RESULT] 49,64,0,0.013093948,0.013091564,448,429,896
[RESULT] 49,64,1,0.013068914,0.013066769,448,429,896
[RESULT] 49,64,2,0.013072968,0.013070822,448,429,896
[RESULT] 49,64,3,0.013056040,0.013053894,448,429,896
[RESULT] 49,64,4,0.013059616,0.013057709,448,429,896
[RESULT] 49,64,5,0.013073206,0.013071060,448,429,896
[RESULT] 49,64,6,0.016068220,0.016066074,448,429,896
[RESULT] 49,64,7,0.013060570,0.013058662,448,429,896
[RESULT] 49,64,8,0.013074160,0.013072252,448,429,896
[RESULT] 49,64,9,0.013062239,0.013060331,448,429,896
[RESULT] 4,64,0,0.013230085,0.013227701,471,451,942
[RESULT] 4,64,1,0.013098478,0.013096094,471,451,942
[RESULT] 4,64,2,0.013131380,0.013129234,471,451,942
[RESULT] 4,64,3,0.013109922,0.013107777,471,451,942
[RESULT] 4,64,4,0.013110876,0.013108492,471,451,942
[RESULT] 4,64,5,0.013112307,0.013110161,471,451,942
[RESULT] 4,64,6,0.016134501,0.016132355,471,451,942
[RESULT] 50,64,0,0.013082266,0.013079882,467,448,934
[RESULT] 50,64,1,0.013059378,0.013056755,467,448,934
[RESULT] 50,64,2,0.013053656,0.013051510,467,448,934
[RESULT] 50,64,3,0.013043404,0.013041258,467,448,934
[RESULT] 50,64,4,0.013048410,0.013046503,467,448,934
[RESULT] 50,64,5,0.013056517,0.013054371,467,448,934
[RESULT] 50,64,6,0.016049623,0.016047239,467,448,934
[RESULT] 50,64,7,0.013036966,0.013034821,467,448,934
[RESULT] 50,64,8,0.013071299,0.013068914,467,448,934
[RESULT] 50,64,9,0.013052940,0.013050795,467,448,934
[RESULT] 5,64,0,0.013237715,0.013235569,446,426,892
[RESULT] 5,64,1,0.013093710,0.013091564,446,426,892
[RESULT] 5,64,2,0.013111830,0.013109684,446,426,892
[RESULT] 5,64,3,0.013116360,0.013114452,446,426,892
[RESULT] 5,64,4,0.013103724,0.013101578,446,426,892
[RESULT] 5,64,5,0.013096094,0.013093948,446,426,892
[RESULT] 5,64,6,0.016123533,0.016121387,446,426,892
[RESULT] 5,64,7,0.013079643,0.013077736,446,426,892
[RESULT] 5,64,8,0.013124466,0.013122320,446,426,892
[RESULT] 5,64,9,0.013111115,0.013108969,446,426,892
[RESULT] 24,64,0,0.013139009,0.013136625,446,427,892
[RESULT] 24,64,1,0.013090134,0.013087988,446,427,892
[RESULT] 24,64,2,0.013112307,0.013110161,446,427,892
[RESULT] 24,64,3,0.013074875,0.013072968,446,427,892
[RESULT] 24,64,4,0.013102531,0.013100147,446,427,892
[RESULT] 24,64,5,0.013092518,0.013090611,446,427,892
[RESULT] 24,64,6,0.016107559,0.016105652,446,427,892
[RESULT] 24,64,7,0.013074636,0.013072491,446,427,892
[RESULT] 24,64,8,0.013106823,0.013104916,446,427,892
[RESULT] 24,64,9,0.013086796,0.013084650,446,427,892
[RESULT] 51,64,0,0.013084412,0.013082266,426,407,852
[RESULT] 51,64,1,0.013054132,0.013052225,426,407,852
[RESULT] 51,64,2,0.013062477,0.013060570,426,407,852
[RESULT] 51,64,3,0.013040781,0.013038874,426,407,852
[RESULT] 51,64,4,0.013051033,0.013049126,426,407,852
[RESULT] 51,64,5,0.013067722,0.013065815,426,407,852
[RESULT] 51,64,6,0.016053915,0.016051769,426,407,852
[RESULT] 51,64,7,0.013052940,0.013051033,426,407,852
[RESULT] 51,64,8,0.013072491,0.013070345,426,407,852
[RESULT] 51,64,9,0.013052940,0.013050795,426,407,852
[RESULT] 6,64,0,0.013228655,0.013226032,466,446,932
[RESULT] 6,64,1,0.013077974,0.013075829,466,446,932
[RESULT] 6,64,2,0.013106108,0.013103724,466,446,932
[RESULT] 6,64,3,0.013101816,0.013099432,466,446,932
[RESULT] 6,64,4,0.013101816,0.013099432,466,446,932
[RESULT] 6,64,5,0.013097286,0.013095140,466,446,932
[RESULT] 6,64,6,0.016120195,0.016118050,466,446,932
[RESULT] 6,64,7,0.013092279,0.013089657,466,446,932
[RESULT] 6,64,8,0.013115168,0.013113022,466,446,932
[RESULT] 6,64,9,0.013118267,0.013116121,466,446,932
[RESULT] 25,64,0,0.013128996,0.013126850,421,402,842
[RESULT] 25,64,1,0.013071775,0.013069868,421,402,842
[RESULT] 25,64,2,0.013095617,0.013093710,421,402,842
[RESULT] 25,64,3,0.013067007,0.013064861,421,402,842
[RESULT] 25,64,4,0.013088226,0.013085842,421,402,842
[RESULT] 25,64,5,0.013072014,0.013069868,421,402,842
[RESULT] 25,64,6,0.016088009,0.016086102,421,402,842
[RESULT] 25,64,7,0.013055086,0.013052702,421,402,842
[RESULT] 25,64,8,0.013091564,0.013089657,421,402,842
[RESULT] 25,64,9,0.013069391,0.013067007,421,402,842
[RESULT] 52,64,0,0.013078690,0.013076544,445,426,890
[RESULT] 52,64,1,0.013060808,0.013058901,445,426,890
[RESULT] 52,64,2,0.013056755,0.013054848,445,426,890
[RESULT] 52,64,3,0.013037682,0.013035536,445,426,890
[RESULT] 52,64,4,0.013049841,0.013047934,445,426,890
[RESULT] 52,64,5,0.013045311,0.013043404,445,426,890
[RESULT] 52,64,6,0.016045809,0.016043663,445,426,890
[RESULT] 52,64,7,0.013034344,0.013032198,445,426,890
[RESULT] 52,64,8,0.013067961,0.013066053,445,426,890
[RESULT] 52,64,9,0.013046503,0.013044596,445,426,890
[RESULT] 7,64,0,0.013203621,0.013200998,452,432,904
[RESULT] 7,64,1,0.013083696,0.013081312,452,432,904
[RESULT] 7,64,2,0.013109922,0.013107538,452,432,904
[RESULT] 7,64,3,0.013111353,0.013109207,452,432,904
[RESULT] 7,64,4,0.013098478,0.013096333,452,432,904
[RESULT] 7,64,5,0.013090849,0.013088703,452,432,904
[RESULT] 7,64,6,0.016092300,0.016089916,452,432,904
[RESULT] 7,64,7,0.013083935,0.013081551,452,432,904
[RESULT] 7,64,8,0.013120413,0.013118267,452,432,904
[RESULT] 7,64,9,0.013122320,0.013120174,452,432,904
[RESULT] 26,64,0,0.013128042,0.013125658,440,421,880
[RESULT] 26,64,1,0.013077497,0.013075113,440,421,880
[RESULT] 26,64,2,0.013096571,0.013094187,440,421,880
[RESULT] 26,64,3,0.013084412,0.013082266,440,421,880
[RESULT] 26,64,4,0.013085365,0.013083220,440,421,880
[RESULT] 26,64,5,0.013069630,0.013067245,440,421,880
[RESULT] 26,64,6,0.016082764,0.016080856,440,421,880
[RESULT] 26,64,7,0.013056040,0.013053894,440,421,880
[RESULT] 26,64,8,0.013091087,0.013088942,440,421,880
[RESULT] 26,64,9,0.013072968,0.013070583,440,421,880
[RESULT] 53,64,0,0.013077497,0.013075590,430,411,860
[RESULT] 53,64,1,0.013055325,0.013053417,430,411,860
[RESULT] 53,64,2,0.013064384,0.013062477,430,411,860
[RESULT] 53,64,3,0.013039351,0.013037443,430,411,860
[RESULT] 53,64,4,0.013052225,0.013050079,430,411,860
[RESULT] 53,64,5,0.013061523,0.013059378,430,411,860
[RESULT] 53,64,6,0.016056061,0.016054153,430,411,860
[RESULT] 53,64,7,0.013040066,0.013038158,430,411,860
[RESULT] 53,64,8,0.013058186,0.013056040,430,411,860
[RESULT] 53,64,9,0.013049126,0.013046980,430,411,860
[RESULT] 8,64,0,0.013156652,0.013154030,450,431,900
[RESULT] 8,64,1,0.013109922,0.013107777,450,431,900
[RESULT] 8,64,2,0.013063431,0.013061285,450,431,900
[RESULT] 8,64,3,0.013088226,0.013085842,450,431,900
[RESULT] 8,64,4,0.013108253,0.013106108,450,431,900
[RESULT] 8,64,5,0.013049126,0.013046980,450,431,900
[RESULT] 8,64,6,0.016081095,0.016078949,450,431,900
[RESULT] 8,64,7,0.013075352,0.013072968,450,431,900
[RESULT] 8,64,8,0.013112068,0.013104200,450,431,900
[RESULT] 8,64,9,0.013055086,0.013052940,450,431,900
[RESULT] 27,64,0,0.013113260,0.013110638,438,419,876
[RESULT] 27,64,1,0.013067007,0.013064861,438,419,876
[RESULT] 27,64,2,0.013084173,0.013082266,438,419,876
[RESULT] 27,64,3,0.013070345,0.013068199,438,419,876
[RESULT] 27,64,4,0.013079405,0.013077497,438,419,876
[RESULT] 27,64,5,0.013059616,0.013057470,438,419,876
[RESULT] 27,64,6,0.016072035,0.016069889,438,419,876
[RESULT] 27,64,7,0.013041973,0.013039827,438,419,876
[RESULT] 27,64,8,0.013085604,0.013083458,438,419,876
[RESULT] 27,64,9,0.013063908,0.013061523,438,419,876
[RESULT] 54,64,0,0.013174057,0.013171434,458,439,916
[RESULT] 54,64,1,0.013147593,0.013145447,458,439,916
[RESULT] 54,64,2,0.013154268,0.013152361,458,439,916
[RESULT] 54,64,3,0.013165474,0.013163328,458,439,916
[RESULT] 54,64,4,0.013129473,0.013127565,458,439,916
[RESULT] 54,64,5,0.013139963,0.013137817,458,439,916
[RESULT] 54,64,6,0.016131878,0.016129732,458,439,916
[RESULT] 54,64,7,0.013141155,0.013139248,458,439,916
[RESULT] 54,64,8,0.013143539,0.013141632,458,439,916
[RESULT] 54,64,9,0.013136864,0.013134718,458,439,916
[RESULT] 10,64,1,0.013083696,0.013081074,448,429,896
[RESULT] 10,64,2,0.013097525,0.013095379,448,429,896
[RESULT] 10,64,3,0.012993574,0.012991428,448,429,896
[RESULT] 10,64,4,0.013109446,0.013107300,448,429,896
[RESULT] 10,64,5,0.013082266,0.013014078,448,429,896
[RESULT] 10,64,6,0.016095161,0.016092777,448,429,896
[RESULT] 10,64,7,0.013081074,0.013078690,448,429,896
[RESULT] 10,64,8,0.013046265,0.013044119,448,429,896
[RESULT] 10,64,9,0.013015509,0.013013363,448,429,896
[RESULT] 28,64,0,0.013123751,0.013121128,457,438,914
[RESULT] 28,64,1,0.013002157,0.012999773,457,438,914
[RESULT] 28,64,2,0.013104677,0.013102293,457,438,914
[RESULT] 28,64,3,0.012741089,0.012738705,457,438,914
[RESULT] 28,64,4,0.013090134,0.013087988,457,438,914
[RESULT] 28,64,5,0.013057470,0.013055086,457,438,914
[RESULT] 28,64,6,0.016091585,0.016089201,457,438,914
[RESULT] 55,64,0,0.013173342,0.013170958,449,430,898
[RESULT] 55,64,1,0.013149023,0.013146877,449,430,898
[RESULT] 55,64,2,0.013150215,0.013148308,449,430,898
[RESULT] 55,64,3,0.013159990,0.013157845,449,430,898
[RESULT] 55,64,4,0.013131142,0.013129234,449,430,898
[RESULT] 55,64,5,0.013137817,0.013135433,449,430,898
[RESULT] 55,64,6,0.016134977,0.016132832,449,430,898
[RESULT] 55,64,7,0.013138771,0.013136864,449,430,898
[RESULT] 55,64,8,0.013144255,0.013142347,449,430,898
[RESULT] 55,64,9,0.013138294,0.013136148,449,430,898
[RESULT] 13,64,0,0.013106108,0.013103485,434,415,868
[RESULT] 13,64,1,0.013072014,0.013070107,434,415,868
[RESULT] 13,64,2,0.013098717,0.013096571,434,415,868
[RESULT] 13,64,3,0.013060808,0.013058662,434,415,868
[RESULT] 13,64,4,0.013064623,0.013062239,434,415,868
[RESULT] 13,64,5,0.013079643,0.013077259,434,415,868
[RESULT] 13,64,6,0.016109467,0.016107321,434,415,868
[RESULT] 13,64,7,0.013043642,0.013041735,434,415,868
[RESULT] 13,64,8,0.013061285,0.013059378,434,415,868
[RESULT] 13,64,9,0.013090134,0.013087749,434,415,868
[RESULT] 29,64,0,0.013100863,0.013098717,442,423,884
[RESULT] 29,64,1,0.012984037,0.012982130,442,423,884
[RESULT] 29,64,2,0.013091803,0.013089895,442,423,884
[RESULT] 29,64,3,0.012719870,0.012701273,442,423,884
[RESULT] 29,64,4,0.013075352,0.013073444,442,423,884
[RESULT] 29,64,5,0.013042688,0.013040304,442,423,884
[RESULT] 29,64,6,0.016081333,0.016079187,442,423,884
[RESULT] 29,64,7,0.013041258,0.013039112,442,423,884
[RESULT] 29,64,8,0.013062954,0.013060570,442,423,884
[RESULT] 29,64,9,0.012762547,0.012760401,442,423,884
[RESULT] 56,64,0,0.013174057,0.013171673,468,449,936
[RESULT] 56,64,1,0.013146639,0.013144493,468,449,936
[RESULT] 56,64,2,0.013153553,0.013151169,468,449,936
[RESULT] 56,64,3,0.013169289,0.013167143,468,449,936
[RESULT] 56,64,4,0.013132811,0.013130665,468,449,936
[RESULT] 56,64,5,0.013145685,0.013143778,468,449,936
[RESULT] 56,64,6,0.016144514,0.016142368,468,449,936
[RESULT] 56,64,7,0.013149500,0.013147354,468,449,936
[RESULT] 56,64,8,0.013151646,0.013149738,468,449,936
[RESULT] 56,64,9,0.013137341,0.013135195,468,449,936
[RESULT] 14,64,0,0.013148546,0.013145924,450,431,900
[RESULT] 14,64,1,0.013047457,0.013045073,450,431,900
[RESULT] 14,64,2,0.013051987,0.013049841,450,431,900
[RESULT] 14,64,3,0.013080597,0.013078690,450,431,900
[RESULT] 14,64,4,0.013074398,0.013072491,450,431,900
[RESULT] 14,64,5,0.013088942,0.013087034,450,431,900
[RESULT] 14,64,6,0.016044617,0.016042471,450,431,900
[RESULT] 14,64,7,0.013084412,0.013082504,450,431,900
[RESULT] 14,64,8,0.013058186,0.013056040,450,431,900
[RESULT] 14,64,9,0.013092518,0.013090372,450,431,900
[RESULT] 30,64,0,0.013104677,0.013102293,461,442,922
[RESULT] 30,64,1,0.012979746,0.012976885,461,442,922
[RESULT] 30,64,2,0.013083935,0.013081789,461,442,922
[RESULT] 30,64,3,0.012697697,0.012695551,461,442,922
[RESULT] 30,64,4,0.013073206,0.013070822,461,442,922
[RESULT] 30,64,5,0.013039112,0.013036966,461,442,922
[RESULT] 30,64,6,0.016071081,0.016068697,461,442,922
[RESULT] 30,64,7,0.013036251,0.013033867,461,442,922
[RESULT] 30,64,8,0.013065100,0.013062954,461,442,922
[RESULT] 30,64,9,0.012758970,0.012756586,461,442,922
[RESULT] 57,64,0,0.013168573,0.013166428,453,434,906
[RESULT] 57,64,1,0.013145208,0.013143063,453,434,906
[RESULT] 57,64,2,0.013149500,0.013147116,453,434,906
[RESULT] 57,64,3,0.013167858,0.013165712,453,434,906
[RESULT] 57,64,4,0.013129473,0.013127327,453,434,906
[RESULT] 57,64,5,0.013143301,0.013141155,453,434,906
[RESULT] 57,64,6,0.016141891,0.016139746,453,434,906
[RESULT] 57,64,7,0.013148785,0.013146877,453,434,906
[RESULT] 57,64,8,0.013148308,0.013146162,453,434,906
[RESULT] 57,64,9,0.013135433,0.013133287,453,434,906
[RESULT] 15,64,0,0.013133287,0.013130903,423,404,846
[RESULT] 15,64,1,0.013064623,0.013062477,423,404,846
[RESULT] 15,64,2,0.013064861,0.013062954,423,404,846
[RESULT] 15,64,3,0.013074875,0.013072968,423,404,846
[RESULT] 15,64,4,0.013085127,0.013082743,423,404,846
[RESULT] 15,64,5,0.013073206,0.013071060,423,404,846
[RESULT] 15,64,6,0.016096115,0.016093969,423,404,846
[RESULT] 15,64,7,0.013074160,0.013072252,423,404,846
[RESULT] 15,64,8,0.013104916,0.013102770,423,404,846
[RESULT] 15,64,9,0.013082266,0.013079882,423,404,846
[RESULT] 31,64,0,0.013101101,0.013098717,446,427,892
[RESULT] 31,64,1,0.012973785,0.012971640,446,427,892
[RESULT] 31,64,2,0.013081551,0.013079405,446,427,892
[RESULT] 31,64,3,0.012696981,0.012694836,446,427,892
[RESULT] 31,64,4,0.013069868,0.013067961,446,427,892
[RESULT] 31,64,5,0.013034105,0.013031960,446,427,892
[RESULT] 31,64,6,0.016067505,0.016065598,446,427,892
[RESULT] 31,64,7,0.013035297,0.013033152,446,427,892
[RESULT] 31,64,8,0.013059378,0.013057232,446,427,892
[RESULT] 31,64,9,0.012751341,0.012749195,446,427,892
[RESULT] 58,64,0,0.013169289,0.013166904,472,453,944
[RESULT] 58,64,1,0.013144493,0.013141870,472,453,944
[RESULT] 58,64,2,0.013155222,0.013153076,472,453,944
[RESULT] 58,64,3,0.013174295,0.013171911,472,453,944
[RESULT] 58,64,4,0.013128996,0.013126850,472,453,944
[RESULT] 58,64,5,0.013145208,0.013143063,472,453,944
[RESULT] 58,64,6,0.016139269,0.016137123,472,453,944
[RESULT] 58,64,7,0.013145685,0.013143539,472,453,944
[RESULT] 58,64,8,0.013147593,0.013145208,472,453,944
[RESULT] 58,64,9,0.013138294,0.013135910,472,453,944
[RESULT] 16,64,0,0.013120413,0.013117552,442,423,884
[RESULT] 16,64,1,0.013055086,0.013052702,442,423,884
[RESULT] 16,64,2,0.013066530,0.013063908,442,423,884
[RESULT] 16,64,3,0.013075352,0.013072968,442,423,884
[RESULT] 16,64,4,0.013072014,0.013069391,442,423,884
[RESULT] 16,64,5,0.013070822,0.013068199,442,423,884
[RESULT] 16,64,6,0.016105175,0.016103268,442,423,884
[RESULT] 16,64,7,0.013065338,0.013062716,442,423,884
[RESULT] 16,64,8,0.013098717,0.013096333,442,423,884
[RESULT] 16,64,9,0.013093472,0.013091326,442,423,884
[RESULT] 32,64,0,0.013095856,0.013092995,465,446,930
[RESULT] 32,64,1,0.013056755,0.013054371,465,446,930
[RESULT] 32,64,2,0.013078690,0.013076544,465,446,930
[RESULT] 32,64,3,0.013040781,0.013038635,465,446,930
[RESULT] 32,64,4,0.013064861,0.013062477,465,446,930
[RESULT] 32,64,5,0.013051987,0.013049603,465,446,930
[RESULT] 32,64,6,0.016070604,0.016068697,465,446,930
[RESULT] 32,64,7,0.013029099,0.013026953,465,446,930
[RESULT] 32,64,8,0.013071775,0.013069630,465,446,930
[RESULT] 32,64,9,0.013049364,0.013046980,465,446,930
[RESULT] 59,64,0,0.013170719,0.013168097,457,438,914
[RESULT] 59,64,1,0.013141155,0.013139009,457,438,914
[RESULT] 59,64,2,0.013151884,0.013149738,457,438,914
[RESULT] 59,64,3,0.013159037,0.013156891,457,438,914
[RESULT] 59,64,4,0.013123274,0.013121128,457,438,914
[RESULT] 59,64,5,0.013141870,0.013139725,457,438,914
[RESULT] 59,64,6,0.016137362,0.016134977,457,438,914
[RESULT] 59,64,7,0.013144255,0.013142109,457,438,914
[RESULT] 59,64,8,0.013142109,0.013139963,457,438,914
[RESULT] 59,64,9,0.013135195,0.013133049,457,438,914
[RESULT] 17,64,0,0.013134956,0.013132811,426,407,852
[RESULT] 17,64,1,0.013080835,0.013078928,426,407,852
[RESULT] 17,64,2,0.013093948,0.013092041,426,407,852
[RESULT] 17,64,3,0.013097763,0.013095617,426,407,852
[RESULT] 17,64,4,0.013085604,0.013083696,426,407,852
[RESULT] 17,64,5,0.013085365,0.013083220,426,407,852
[RESULT] 17,64,6,0.016078472,0.016076326,426,407,852
[RESULT] 17,64,7,0.013082981,0.013081074,426,407,852
[RESULT] 17,64,8,0.013099194,0.013097286,426,407,852
[RESULT] 17,64,9,0.013096333,0.013094425,426,407,852
[RESULT] 33,64,0,0.013098478,0.013096333,428,409,856
[RESULT] 33,64,1,0.013046741,0.013044596,428,409,856
[RESULT] 33,64,2,0.013076305,0.013074398,428,409,856
[RESULT] 33,64,3,0.013032198,0.013029814,428,409,856
[RESULT] 33,64,4,0.013066053,0.013063669,428,409,856
[RESULT] 33,64,5,0.013049603,0.013047695,428,409,856
[RESULT] 33,64,6,0.016066074,0.016064167,428,409,856
[RESULT] 33,64,7,0.013030767,0.013028383,428,409,856
[RESULT] 33,64,8,0.013074160,0.013070822,428,409,856
[RESULT] 33,64,9,0.013051033,0.013048649,428,409,856
[RESULT] 60,64,0,0.013266087,0.013263702,461,442,922
[RESULT] 60,64,1,0.013140917,0.013138533,461,442,922
[RESULT] 60,64,2,0.013153076,0.013150930,461,442,922
[RESULT] 60,64,3,0.013168573,0.013166428,461,442,922
[RESULT] 60,64,4,0.013143539,0.013141394,461,442,922
[RESULT] 60,64,5,0.013149977,0.013147831,461,442,922
[RESULT] 60,64,6,0.016156673,0.016154528,461,442,922
[RESULT] 19,64,0,0.013206005,0.013203382,430,411,860
[RESULT] 19,64,1,0.013072491,0.013070583,430,411,860
[RESULT] 19,64,2,0.011950016,0.011947632,430,411,860
[RESULT] 19,64,3,0.013097048,0.013095140,430,411,860
[RESULT] 19,64,4,0.013072014,0.013070107,430,411,860
[RESULT] 19,64,5,0.013060570,0.013058424,430,411,860
[RESULT] 19,64,6,0.016067982,0.016065836,430,411,860
[RESULT] 19,64,7,0.013038397,0.013036251,430,411,860
[RESULT] 19,64,8,0.013087988,0.013085604,430,411,860
[RESULT] 19,64,9,0.013073444,0.013071299,430,411,860
[RESULT] 34,64,0,0.013096809,0.013094425,447,428,894
[RESULT] 34,64,1,0.013047218,0.013045073,447,428,894
[RESULT] 34,64,2,0.013073444,0.013071299,447,428,894
[RESULT] 34,64,3,0.013032198,0.013030052,447,428,894
[RESULT] 34,64,4,0.013060570,0.013058424,447,428,894
[RESULT] 34,64,5,0.013052225,0.013050079,447,428,894
[RESULT] 34,64,6,0.016061306,0.016059160,447,428,894
[RESULT] 34,64,7,0.013030052,0.013027668,447,428,894
[RESULT] 34,64,8,0.013062716,0.013060570,447,428,894
[RESULT] 34,64,9,0.013041735,0.013039351,447,428,894
[RESULT] 62,64,0,0.013258934,0.013256550,463,444,926
[RESULT] 62,64,1,0.013142586,0.013140440,463,444,926
[RESULT] 62,64,2,0.013146639,0.013144493,463,444,926
[RESULT] 62,64,3,0.013164043,0.013156414,463,444,926
[RESULT] 62,64,4,0.013125181,0.013123035,463,444,926
[RESULT] 62,64,5,0.013143539,0.013141632,463,444,926
[RESULT] 62,64,6,0.016139746,0.016137600,463,444,926
[RESULT] 62,64,7,0.013144255,0.013142109,463,444,926
[RESULT] 62,64,8,0.013146877,0.013144732,463,444,926
[RESULT] 62,64,9,0.013134241,0.013132095,463,444,926
[RESULT] 21,64,0,0.000243425,0.000240803,423,404,846
[RESULT] 21,64,1,0.000184774,0.000182629,423,404,846
[RESULT] 21,64,2,0.000164509,0.000162363,423,404,846
[RESULT] 21,64,3,0.000216246,0.000214338,423,404,846
[RESULT] 21,64,4,0.000190020,0.000188112,423,404,846
[RESULT] 21,64,5,0.000165462,0.000163555,423,404,846
[RESULT] 21,64,6,0.000162125,0.000159979,423,404,846
[RESULT] 21,64,7,0.000184298,0.000182152,423,404,846
[RESULT] 21,64,8,0.000172377,0.000170469,423,404,846
[RESULT] 21,64,9,0.000182152,0.000180244,423,404,846
[RESULT] 35,64,0,0.013084173,0.013081789,432,413,864
[RESULT] 35,64,1,0.013040304,0.013037682,432,413,864
[RESULT] 35,64,2,0.013065577,0.013063669,432,413,864
[RESULT] 35,64,3,0.013020277,0.013017893,432,413,864
[RESULT] 35,64,4,0.013049603,0.013047695,432,413,864
[RESULT] 35,64,5,0.013039589,0.013037443,432,413,864
[RESULT] 35,64,6,0.016050100,0.016048193,432,413,864
[RESULT] 35,64,7,0.013015509,0.013013124,432,413,864
[RESULT] 35,64,8,0.013054848,0.013052702,432,413,864
[RESULT] 35,64,9,0.013027668,0.013025522,432,413,864
[RESULT] 63,64,0,0.013257742,0.013255596,448,429,896
[RESULT] 63,64,1,0.013134480,0.013132334,448,429,896
[RESULT] 63,64,2,0.013147116,0.013144970,448,429,896
[RESULT] 63,64,3,0.013160229,0.013158321,448,429,896
[RESULT] 63,64,4,0.013120174,0.013118267,448,429,896
[RESULT] 63,64,5,0.013140678,0.013138771,448,429,896
[RESULT] 63,64,6,0.016134262,0.016132355,448,429,896
[RESULT] 63,64,7,0.013136864,0.013134718,448,429,896
[RESULT] 63,64,8,0.013141870,0.013139963,448,429,896
[RESULT] 63,64,9,0.013125658,0.013123512,448,429,896
[RESULT] 0,64,0,0.013249874,0.013246298,468,448,936
[RESULT] 0,64,1,0.013113022,0.013110638,468,448,936
[RESULT] 0,64,2,0.013138533,0.013136148,468,448,936
[RESULT] 0,64,3,0.013133764,0.013131380,468,448,936
[RESULT] 0,64,4,0.013144255,0.013141870,468,448,936
[RESULT] 0,64,5,0.013131618,0.013129234,468,448,936
[RESULT] 0,64,6,0.016147852,0.016144991,468,448,936
[RESULT] 0,64,7,0.013118982,0.013116837,468,448,936
[RESULT] 0,64,8,0.013146400,0.013144255,468,448,936
[RESULT] 0,64,9,0.013163090,0.013160706,468,448,936

Benchmark Summary
Processes: 64
Iterations: 10
Matrix NNZ: 28675
Total execution time: 0.392 seconds
[RESULT] 45,64,0,0.013085604,0.013083696,440,421,880
[RESULT] 45,64,1,0.013040304,0.013038397,440,421,880
[RESULT] 45,64,2,0.013056993,0.013054848,440,421,880
[RESULT] 45,64,3,0.013024092,0.013022184,440,421,880
[RESULT] 45,64,4,0.013048172,0.013046026,440,421,880
[RESULT] 45,64,5,0.013032913,0.013030052,440,421,880
[RESULT] 45,64,6,0.016050577,0.016048193,440,421,880
[RESULT] 45,64,7,0.013015747,0.013013601,440,421,880
[RESULT] 45,64,8,0.013071775,0.013067722,440,421,880
[RESULT] 45,64,9,0.013031006,0.013028145,440,421,880
[RESULT] 61,64,0,0.013266087,0.013263226,444,425,888
[RESULT] 61,64,1,0.013155937,0.013153791,444,425,888
[RESULT] 61,64,2,0.013148785,0.013146639,444,425,888
[RESULT] 61,64,3,0.013168812,0.013166666,444,425,888
[RESULT] 1,64,0,0.013249159,0.013246536,454,434,908
[RESULT] 1,64,1,0.013118982,0.013116598,454,434,908
[RESULT] 1,64,2,0.013137817,0.013135433,454,434,908
[RESULT] 1,64,3,0.013136625,0.013134480,454,434,908
[RESULT] 1,64,4,0.013131142,0.013128519,454,434,908
[RESULT] 1,64,5,0.013119459,0.013117313,454,434,908
[RESULT] 1,64,6,0.016142607,0.016140461,454,434,908
[RESULT] 1,64,7,0.013117075,0.013114929,454,434,908
[RESULT] 1,64,8,0.013142824,0.013140440,454,434,908
[RESULT] 1,64,9,0.013151169,0.013149023,454,434,908
[RESULT] 46,64,0,0.013090849,0.013088703,459,440,918
[RESULT] 46,64,1,0.013038158,0.013036013,459,440,918
[RESULT] 46,64,2,0.013064146,0.013062000,459,440,918
[RESULT] 46,64,3,0.013028145,0.013025999,459,440,918
[RESULT] 46,64,4,0.013054609,0.013052464,459,440,918
[RESULT] 46,64,5,0.013029099,0.013026953,459,440,918
[RESULT] 46,64,6,0.016043663,0.016041517,459,440,918
[RESULT] 46,64,7,0.013021708,0.013019562,459,440,918
[RESULT] 46,64,8,0.013053417,0.013051271,459,440,918
[RESULT] 46,64,9,0.013040066,0.013037682,459,440,918
[RESULT] 60,64,7,0.013162613,0.013155699,461,442,922
[RESULT] 60,64,8,0.013171673,0.013143778,461,442,922
[RESULT] 3,64,0,0.014812946,0.014809370,451,431,902
[RESULT] 3,64,1,0.013100863,0.013098717,451,431,902
[RESULT] 3,64,2,0.012002468,0.012000084,451,431,902
[RESULT] 3,64,3,0.013120174,0.013117790,451,431,902
[RESULT] 3,64,4,0.013106585,0.013104200,451,431,902
[RESULT] 3,64,5,0.013105392,0.013103247,451,431,902
[RESULT] 3,64,6,0.016427279,0.016424656,451,431,902
[RESULT] 3,64,7,0.014825106,0.014822483,451,431,902
[RESULT] 3,64,8,0.013998508,0.013996124,451,431,902
[RESULT] 3,64,9,0.013147116,0.013144732,451,431,902
[RESULT] 47,64,0,0.013097286,0.013094902,444,425,888
[RESULT] 47,64,1,0.013039589,0.013037443,444,425,888
[RESULT] 47,64,2,0.013049126,0.013046741,444,425,888
[RESULT] 47,64,3,0.013015985,0.013013840,444,425,888
[RESULT] 47,64,4,0.013033390,0.013031244,444,425,888
[RESULT] 47,64,5,0.013029337,0.013026953,444,425,888
[RESULT] 47,64,6,0.016044140,0.016041994,444,425,888
[RESULT] 47,64,7,0.013006449,0.013004303,444,425,888
[RESULT] 47,64,8,0.013060331,0.013058186,444,425,888
[RESULT] 47,64,9,0.013039827,0.013037443,444,425,888
[RESULT] 4,64,7,0.013110161,0.013108015,471,451,942
[RESULT] 4,64,8,0.013140917,0.013138533,471,451,942
[RESULT] 4,64,9,0.013137341,0.013134718,471,451,942
[RESULT] 28,64,7,0.013056278,0.013053894,457,438,914
[RESULT] 28,64,8,0.013084173,0.013082027,457,438,914
[RESULT] 28,64,9,0.012773752,0.012770891,457,438,914
[RESULT] 22,64,0,0.025954485,0.025952101,442,423,884
[RESULT] 22,64,1,0.025010824,0.025008202,442,423,884
[RESULT] 22,64,2,0.025024176,0.025022268,442,423,884
[RESULT] 22,64,3,0.025897264,0.025895357,442,423,884
[RESULT] 22,64,4,0.025675058,0.025672913,442,423,884
[RESULT] 22,64,5,0.025898457,0.025896311,442,423,884
[RESULT] 22,64,6,0.028712273,0.028710127,442,423,884
[RESULT] 22,64,7,0.025896788,0.025894642,442,423,884
[RESULT] 22,64,8,0.020251751,0.020249844,442,423,884
[RESULT] 22,64,9,0.013327837,0.013325453,442,423,884
[RESULT] 23,64,0,0.013175726,0.013173103,427,408,854
[RESULT] 23,64,1,0.012182713,0.012180567,427,408,854
[RESULT] 23,64,2,0.012143373,0.012140989,427,408,854
[RESULT] 23,64,3,0.013043642,0.013041258,427,408,854
[RESULT] 23,64,4,0.012797594,0.012795210,427,408,854
[RESULT] 23,64,5,0.013028622,0.013026476,427,408,854
[RESULT] 23,64,6,0.015834570,0.015832663,427,408,854
[RESULT] 23,64,7,0.013026237,0.013024092,427,408,854
[RESULT] 23,64,8,0.007400274,0.007397652,427,408,854
[RESULT] 23,64,9,0.014085531,0.014082670,427,408,854
[RESULT] 60,64,9,0.013136387,0.013134241,461,442,922
[RESULT] 61,64,4,0.013132095,0.013129950,444,425,888
[RESULT] 61,64,5,0.013148785,0.013146877,444,425,888
[RESULT] 61,64,6,0.016139269,0.016137362,444,425,888
[RESULT] 61,64,7,0.013167620,0.013161421,444,425,888
[RESULT] 61,64,8,0.013158798,0.013154745,444,425,888
[RESULT] 61,64,9,0.013135672,0.013133526,444,425,888
[RESULT] 20,64,0,0.014394760,0.014389515,449,430,898
[RESULT] 20,64,1,0.012201071,0.012197256,449,430,898
[RESULT] 20,64,2,0.012181997,0.012178659,449,430,898
[RESULT] 20,64,3,0.015489340,0.015485287,449,430,898
[RESULT] 20,64,4,0.022685051,0.022681236,449,430,898
[RESULT] 20,64,5,0.022913933,0.022911072,449,430,898
[RESULT] 20,64,6,0.015846014,0.015843153,449,430,898
[RESULT] 20,64,7,0.014442682,0.014440060,449,430,898
[RESULT] 20,64,8,0.013254404,0.013251781,449,430,898
[RESULT] 20,64,9,0.018993378,0.018990755,449,430,898
