Retrieving the matrix from '../data/bcsstk27.mtx'...
Real Matrix (Strong Scaling): Rows=1224 | Cols=1224 | NNZ=28675 | Procs=4
Matrix distributed and converted to CSR
Ghost columns identified: 5395 total ghost values needed
Local vector initialized (size=306 per process)
[RESULT] 0,4,0,0.000109911,0.000097990,7317,5395,14634
[RESULT] 0,4,1,0.000128031,0.000116587,7317,5395,14634
[RESULT] 0,4,2,0.000110626,0.000099897,7317,5395,14634
[RESULT] 0,4,3,0.000111818,0.000101089,7317,5395,14634
[RESULT] 0,4,4,0.000111580,0.000100374,7317,5395,14634
[RESULT] 0,4,5,0.000113726,0.000103235,7317,5395,14634
[RESULT] 0,4,6,0.000108242,0.000097990,7317,5395,14634
[RESULT] 0,4,7,0.000112057,0.000101328,7317,5395,14634
[RESULT] 0,4,8,0.000109673,0.000099182,7317,5395,14634
[RESULT] 0,4,9,0.000118017,0.000107288,7317,5395,14634

Benchmark Summary
Processes: 4
Iterations: 10
Matrix NNZ: 28675
Total execution time: 0.032 seconds
[RESULT] 1,4,0,0.000154257,0.000064850,7016,5098,14032
[RESULT] 1,4,1,0.000086308,0.000075102,7016,5098,14032
[RESULT] 1,4,2,0.000091314,0.000077724,7016,5098,14032
[RESULT] 1,4,3,0.000092268,0.000078440,7016,5098,14032
[RESULT] 1,4,4,0.000083923,0.000072718,7016,5098,14032
[RESULT] 1,4,5,0.000092268,0.000080347,7016,5098,14032
[RESULT] 1,4,6,0.000097990,0.000085115,7016,5098,14032
[RESULT] 1,4,7,0.000093460,0.000080824,7016,5098,14032
[RESULT] 1,4,8,0.000091314,0.000078678,7016,5098,14032
[RESULT] 1,4,9,0.000086308,0.000075102,7016,5098,14032
[RESULT] 2,4,0,0.000203133,0.000159979,7307,5390,14614
[RESULT] 2,4,1,0.000117064,0.000089884,7307,5390,14614
[RESULT] 2,4,2,0.000101805,0.000076294,7307,5390,14614
[RESULT] 2,4,3,0.000111818,0.000083923,7307,5390,14614
[RESULT] 2,4,4,0.000118494,0.000092268,7307,5390,14614
[RESULT] 2,4,5,0.000109673,0.000081539,7307,5390,14614
[RESULT] 2,4,6,0.000131607,0.000104427,7307,5390,14614
[RESULT] 2,4,7,0.000099182,0.000071049,7307,5390,14614
[RESULT] 2,4,8,0.000145912,0.000119925,7307,5390,14614
[RESULT] 2,4,9,0.000115395,0.000088692,7307,5390,14614
[RESULT] 3,4,0,0.000985861,0.000176668,7035,5115,14070
[RESULT] 3,4,1,0.000168324,0.000141144,7035,5115,14070
[RESULT] 3,4,2,0.000176668,0.000148296,7035,5115,14070
[RESULT] 3,4,3,0.000164509,0.000134945,7035,5115,14070
[RESULT] 3,4,4,0.000169039,0.000141382,7035,5115,14070
[RESULT] 3,4,5,0.000169039,0.000139475,7035,5115,14070
[RESULT] 3,4,6,0.000162601,0.000132561,7035,5115,14070
[RESULT] 3,4,7,0.000182390,0.000152588,7035,5115,14070
[RESULT] 3,4,8,0.000159979,0.000132084,7035,5115,14070
[RESULT] 3,4,9,0.000137806,0.000109673,7035,5115,14070
