Retrieving the matrix from '../data/Andrews.mtx'...
Real Matrix (Strong Scaling): Rows=60000 | Cols=60000 | NNZ=410077 | Procs=16
Matrix distributed and converted to CSR
Ghost columns identified: 19812 total ghost values needed
Local vector initialized (size=3750 per process)
[RESULT] 15,16,0,0.000547886,0.000241518,25927,20263,51854
[RESULT] 15,16,1,0.000502110,0.000243187,25927,20263,51854
[RESULT] 15,16,2,0.000480175,0.000238180,25927,20263,51854
[RESULT] 15,16,3,0.000489712,0.000240564,25927,20263,51854
[RESULT] 15,16,4,0.000493526,0.000242710,25927,20263,51854
[RESULT] 15,16,5,0.000488281,0.000249863,25927,20263,51854
[RESULT] 15,16,6,0.000499964,0.000248671,25927,20263,51854
[RESULT] 15,16,7,0.000502110,0.000242710,25927,20263,51854
[RESULT] 15,16,8,0.000482559,0.000223160,25927,20263,51854
[RESULT] 15,16,9,0.000401497,0.000177860,25927,20263,51854
[RESULT] 1,16,0,0.319995880,0.256010294,25973,20247,51946
[RESULT] 1,16,1,0.193847179,0.192009449,25973,20247,51946
[RESULT] 1,16,2,0.193000793,0.192010641,25973,20247,51946
[RESULT] 1,16,3,0.192914963,0.192008018,25973,20247,51946
[RESULT] 1,16,4,0.192921638,0.192012310,25973,20247,51946
[RESULT] 1,16,5,0.252997398,0.192013264,25973,20247,51946
[RESULT] 1,16,6,0.166265965,0.166010141,25973,20247,51946
[RESULT] 1,16,7,0.192247629,0.192008734,25973,20247,51946
[RESULT] 1,16,8,0.195238352,0.195013523,25973,20247,51946
[RESULT] 1,16,9,0.127233505,0.127014160,25973,20247,51946
[RESULT] 5,16,0,0.192983866,0.192004681,26090,20417,52180
[RESULT] 5,16,1,0.192982912,0.191999674,26090,20417,52180
[RESULT] 5,16,2,0.192995548,0.192016125,26090,20417,52180
[RESULT] 5,16,3,0.192212582,0.192003489,26090,20417,52180
[RESULT] 5,16,4,0.193999529,0.192015648,26090,20417,52180
[RESULT] 5,16,5,0.252988100,0.192020416,26090,20417,52180
[RESULT] 5,16,6,0.098244429,0.098012209,26090,20417,52180
[RESULT] 5,16,7,0.128258228,0.128018856,26090,20417,52180
[RESULT] 5,16,8,0.194992065,0.131011963,26090,20417,52180
[RESULT] 5,16,9,0.065904140,0.064010143,26090,20417,52180
[RESULT] 8,16,0,0.197467804,0.195996761,25205,19622,50410
[RESULT] 8,16,1,0.196980476,0.196002483,25205,19622,50410
[RESULT] 8,16,2,0.192942142,0.191989660,25205,19622,50410
[RESULT] 8,16,3,0.192215919,0.192001343,25205,19622,50410
[RESULT] 8,16,4,0.193532467,0.191989183,25205,19622,50410
[RESULT] 8,16,5,0.248983622,0.192002535,25205,19622,50410
[RESULT] 8,16,6,0.194983482,0.194004059,25205,19622,50410
[RESULT] 8,16,7,0.195698977,0.192000628,25205,19622,50410
[RESULT] 8,16,8,0.192025185,0.190989017,25205,19622,50410
[RESULT] 8,16,9,0.130411386,0.126994848,25205,19622,50410
[RESULT] 12,16,0,0.128937721,0.128021002,25225,19644,50450
[RESULT] 12,16,1,0.128237963,0.128020763,25225,19644,50450
[RESULT] 12,16,2,0.128957033,0.128009558,25225,19644,50450
[RESULT] 12,16,3,0.128224850,0.128010035,25225,19644,50450
[RESULT] 12,16,4,0.128208160,0.128006458,25225,19644,50450
[RESULT] 12,16,5,0.189024687,0.127999544,25225,19644,50450
[RESULT] 12,16,6,0.135487556,0.134008884,25225,19644,50450
[RESULT] 12,16,7,0.191987991,0.128003836,25225,19644,50450
[RESULT] 12,16,8,0.190988779,0.126995564,25225,19644,50450
[RESULT] 12,16,9,0.128749132,0.127026558,25225,19644,50450
[RESULT] 0,16,0,0.259604216,0.256018639,25418,19812,50836
[RESULT] 0,16,1,0.257517099,0.256009579,25418,19812,50836
[RESULT] 0,16,2,0.257475853,0.256017208,25418,19812,50836
[RESULT] 0,16,3,0.257394552,0.256013155,25418,19812,50836
[RESULT] 0,16,4,0.256231070,0.256024122,25418,19812,50836
[RESULT] 0,16,5,0.256223917,0.256014347,25418,19812,50836
[RESULT] 0,16,6,0.254211903,0.254003286,25418,19812,50836
[RESULT] 0,16,7,0.256217241,0.256011248,25418,19812,50836
[RESULT] 0,16,8,0.257990360,0.255002022,25418,19812,50836
[RESULT] 0,16,9,0.193502903,0.191001654,25418,19812,50836

Benchmark Summary
Processes: 16
Iterations: 10
Matrix NNZ: 410077
Total execution time: 13.079 seconds
[RESULT] 13,16,0,0.128000498,0.064033747,26296,20631,52592
[RESULT] 13,16,1,0.127995253,0.064032316,26296,20631,52592
[RESULT] 13,16,2,0.127994776,0.064035416,26296,20631,52592
[RESULT] 13,16,3,0.125027895,0.064028740,26296,20631,52592
[RESULT] 13,16,4,0.066697359,0.064046144,26296,20631,52592
[RESULT] 13,16,5,0.066997051,0.064033031,26296,20631,52592
[RESULT] 13,16,6,0.071567297,0.070042849,26296,20631,52592
[RESULT] 13,16,7,0.127993822,0.064026594,26296,20631,52592
[RESULT] 13,16,8,0.110779285,0.107020140,26296,20631,52592
[RESULT] 13,16,9,0.125007153,0.123014688,26296,20631,52592
[RESULT] 2,16,0,0.258985758,0.256004572,25361,19701,50722
[RESULT] 2,16,1,0.256987810,0.256000519,25361,19701,50722
[RESULT] 2,16,2,0.192990303,0.192003250,25361,19701,50722
[RESULT] 2,16,3,0.192985535,0.191998243,25361,19701,50722
[RESULT] 2,16,4,0.192727089,0.192001581,25361,19701,50722
[RESULT] 2,16,5,0.256200552,0.255999327,25361,19701,50722
[RESULT] 2,16,6,0.190766811,0.189999342,25361,19701,50722
[RESULT] 2,16,7,0.192211151,0.191999435,25361,19701,50722
[RESULT] 2,16,8,0.193987131,0.190987110,25361,19701,50722
[RESULT] 2,16,9,0.197001219,0.195003033,25361,19701,50722
[RESULT] 4,16,0,0.192299843,0.192011595,25296,19731,50592
[RESULT] 4,16,1,0.192256689,0.192014694,25296,19731,50592
[RESULT] 4,16,2,0.192257404,0.192015409,25296,19731,50592
[RESULT] 4,16,3,0.192247152,0.192020655,25296,19731,50592
[RESULT] 4,16,4,0.192255974,0.192014933,25296,19731,50592
[RESULT] 4,16,5,0.192237377,0.192013025,25296,19731,50592
[RESULT] 4,16,6,0.134978533,0.133996964,25296,19731,50592
[RESULT] 4,16,7,0.194984674,0.192003727,25296,19731,50592
[RESULT] 4,16,8,0.258989573,0.194999933,25296,19731,50592
[RESULT] 4,16,9,0.186999798,0.127048731,25296,19731,50592
[RESULT] 14,16,0,0.064272881,0.064003229,25502,19882,51004
[RESULT] 14,16,1,0.064229488,0.064011812,25502,19882,51004
[RESULT] 14,16,2,0.064230204,0.064018011,25502,19882,51004
[RESULT] 14,16,3,0.125001669,0.064022779,25502,19882,51004
[RESULT] 14,16,4,0.064234018,0.064016342,25502,19882,51004
[RESULT] 14,16,5,0.066987514,0.064014196,25502,19882,51004
[RESULT] 14,16,6,0.070986986,0.070022821,25502,19882,51004
[RESULT] 14,16,7,0.127989531,0.064020157,25502,19882,51004
[RESULT] 14,16,8,0.127983332,0.063998938,25502,19882,51004
[RESULT] 14,16,9,0.128001928,0.064023018,25502,19882,51004
[RESULT] 6,16,0,0.192193031,0.191977262,25361,19736,50722
[RESULT] 6,16,1,0.192215204,0.192006826,25361,19736,50722
[RESULT] 6,16,2,0.192246675,0.192013264,25361,19736,50722
[RESULT] 6,16,3,0.252990484,0.192004442,25361,19736,50722
[RESULT] 6,16,4,0.192982674,0.191997290,25361,19736,50722
[RESULT] 6,16,5,0.195641518,0.191997528,25361,19736,50722
[RESULT] 6,16,6,0.134988546,0.134007692,25361,19736,50722
[RESULT] 6,16,7,0.194987297,0.192004681,25361,19736,50722
[RESULT] 6,16,8,0.254987478,0.190998316,25361,19736,50722
[RESULT] 6,16,9,0.190997839,0.127003431,25361,19736,50722
[RESULT] 10,16,0,0.191995621,0.128024817,25295,19711,50590
[RESULT] 10,16,1,0.191988945,0.128013849,25295,19711,50590
[RESULT] 10,16,2,0.195984364,0.127997875,25295,19711,50590
[RESULT] 10,16,3,0.188987255,0.128004313,25295,19711,50590
[RESULT] 10,16,4,0.191994905,0.128004313,25295,19711,50590
[RESULT] 10,16,5,0.216987848,0.128010035,25295,19711,50590
[RESULT] 10,16,6,0.129583120,0.125987768,25295,19711,50590
[RESULT] 10,16,7,0.191987514,0.128001928,25295,19711,50590
[RESULT] 10,16,8,0.183871508,0.126994848,25295,19711,50590
[RESULT] 10,16,9,0.191002607,0.127012253,25295,19711,50590
[RESULT] 7,16,0,0.188982487,0.187993288,25792,20161,51584
[RESULT] 7,16,1,0.188254595,0.188006401,25792,20161,51584
[RESULT] 7,16,2,0.192227840,0.192012548,25792,20161,51584
[RESULT] 7,16,3,0.192231655,0.192014694,25792,20161,51584
[RESULT] 7,16,4,0.192996979,0.192011118,25792,20161,51584
[RESULT] 7,16,5,0.256993771,0.192007542,25792,20161,51584
[RESULT] 7,16,6,0.131001472,0.130015373,25792,20161,51584
[RESULT] 7,16,7,0.194990635,0.192007780,25792,20161,51584
[RESULT] 7,16,8,0.250988960,0.190998316,25792,20161,51584
[RESULT] 7,16,9,0.191003561,0.127009153,25792,20161,51584
[RESULT] 3,16,0,0.256000996,0.192022085,25702,20023,51404
[RESULT] 3,16,1,0.255997419,0.192023754,25702,20023,51404
[RESULT] 3,16,2,0.191992283,0.128010035,25702,20023,51404
[RESULT] 3,16,3,0.191987276,0.128010511,25702,20023,51404
[RESULT] 3,16,4,0.130705833,0.128014326,25702,20023,51404
[RESULT] 3,16,5,0.194439888,0.192017317,25702,20023,51404
[RESULT] 3,16,6,0.222994328,0.130013227,25702,20023,51404
[RESULT] 3,16,7,0.191998243,0.128011465,25702,20023,51404
[RESULT] 3,16,8,0.202985287,0.126998663,25702,20023,51404
[RESULT] 3,16,9,0.190981388,0.126993656,25702,20023,51404
[RESULT] 9,16,0,0.191993952,0.128032923,25829,20214,51658
[RESULT] 9,16,1,0.191986799,0.128011703,25829,20214,51658
[RESULT] 9,16,2,0.191996574,0.128017426,25829,20214,51658
[RESULT] 9,16,3,0.228991747,0.128017187,25829,20214,51658
[RESULT] 9,16,4,0.255984306,0.192000628,25829,20214,51658
[RESULT] 9,16,5,0.252987862,0.192006111,25829,20214,51658
[RESULT] 9,16,6,0.254982233,0.190002203,25829,20214,51658
[RESULT] 9,16,7,0.255985975,0.191998720,25829,20214,51658
[RESULT] 9,16,8,0.258977890,0.190990686,25829,20214,51658
[RESULT] 9,16,9,0.190999985,0.127008915,25829,20214,51658
[RESULT] 11,16,0,0.189993382,0.128030777,25805,20119,51610
[RESULT] 11,16,1,0.191984892,0.128029585,25805,20119,51610
[RESULT] 11,16,2,0.191996336,0.128038883,25805,20119,51610
[RESULT] 11,16,3,0.192983866,0.128027678,25805,20119,51610
[RESULT] 11,16,4,0.130083323,0.128031254,25805,20119,51610
[RESULT] 11,16,5,0.192984819,0.128029823,25805,20119,51610
[RESULT] 11,16,6,0.190981865,0.125999451,25805,20119,51610
[RESULT] 11,16,7,0.191987038,0.128003359,25805,20119,51610
[RESULT] 11,16,8,0.194992542,0.131002903,25805,20119,51610
[RESULT] 11,16,9,0.191988230,0.127999067,25805,20119,51610
