Retrieving the matrix from '../data/Hook_1498.mtx'...
Real Matrix (Strong Scaling): Rows=1498023 | Cols=1498023 | NNZ=31207734 | Procs=8
Matrix distributed and converted to CSR
Ghost columns identified: 3308781 total ghost values needed
Local vector initialized (size=187253 per process)
[RESULT] 3,8,0,0.052768230,0.023579597,3900463,3310430,7800926
[RESULT] 3,8,1,0.053194523,0.023924351,3900463,3310430,7800926
[RESULT] 3,8,2,0.050141335,0.020772219,3900463,3310430,7800926
[RESULT] 3,8,3,0.050963879,0.021608829,3900463,3310430,7800926
[RESULT] 3,8,4,0.049151421,0.019826889,3900463,3310430,7800926
[RESULT] 3,8,5,0.049810410,0.020528316,3900463,3310430,7800926
[RESULT] 3,8,6,0.048612118,0.019294977,3900463,3310430,7800926
[RESULT] 3,8,7,0.050066710,0.020898819,3900463,3310430,7800926
[RESULT] 3,8,8,0.051553249,0.022338152,3900463,3310430,7800926
[RESULT] 3,8,9,0.049518585,0.020070076,3900463,3310430,7800926
[RESULT] 4,8,0,0.054880381,0.025632381,3903936,3313492,7807872
[RESULT] 4,8,1,0.049610615,0.020203829,3903936,3313492,7807872
[RESULT] 4,8,2,0.053254843,0.023723602,3903936,3313492,7807872
[RESULT] 4,8,3,0.051123142,0.021652222,3903936,3313492,7807872
[RESULT] 4,8,4,0.051068306,0.021892309,3903936,3313492,7807872
[RESULT] 4,8,5,0.050788164,0.021571636,3903936,3313492,7807872
[RESULT] 4,8,6,0.052356243,0.022934914,3903936,3313492,7807872
[RESULT] 4,8,7,0.053120375,0.023613453,3903936,3313492,7807872
[RESULT] 4,8,8,0.052801609,0.023687601,3903936,3313492,7807872
[RESULT] 4,8,9,0.049495935,0.020106792,3903936,3313492,7807872
[RESULT] 6,8,0,0.054914474,0.025573254,3904396,3313720,7808792
[RESULT] 6,8,1,0.049755335,0.020569563,3904396,3313720,7808792
[RESULT] 6,8,2,0.051277637,0.021805763,3904396,3313720,7808792
[RESULT] 6,8,3,0.052776814,0.023623466,3904396,3313720,7808792
[RESULT] 6,8,4,0.051789045,0.022438049,3904396,3313720,7808792
[RESULT] 6,8,5,0.047954082,0.018749237,3904396,3313720,7808792
[RESULT] 6,8,6,0.048017740,0.018764734,3904396,3313720,7808792
[RESULT] 6,8,7,0.051285982,0.022145748,3904396,3313720,7808792
[RESULT] 6,8,8,0.048941612,0.019653082,3904396,3313720,7808792
[RESULT] 6,8,9,0.050252914,0.021058321,3904396,3313720,7808792
[RESULT] 7,8,0,0.054646254,0.026782513,3903272,3312570,7806544
[RESULT] 7,8,1,0.049881935,0.022245169,3903272,3312570,7806544
[RESULT] 7,8,2,0.049687624,0.021815062,3903272,3312570,7806544
[RESULT] 7,8,3,0.052182913,0.024190664,3903272,3312570,7806544
[RESULT] 7,8,4,0.049609661,0.021970749,3903272,3312570,7806544
[RESULT] 7,8,5,0.052448988,0.023847580,3903272,3312570,7806544
[RESULT] 7,8,6,0.051461935,0.023477793,3903272,3312570,7806544
[RESULT] 7,8,7,0.050124645,0.022109509,3903272,3312570,7806544
[RESULT] 7,8,8,0.050076485,0.022344828,3903272,3312570,7806544
[RESULT] 7,8,9,0.050349712,0.022006989,3903272,3312570,7806544
[RESULT] 2,8,0,0.056863546,0.027699232,3896192,3307151,7792384
[RESULT] 2,8,1,0.051961422,0.022892237,3896192,3307151,7792384
[RESULT] 2,8,2,0.049180508,0.019937038,3896192,3307151,7792384
[RESULT] 2,8,3,0.051523209,0.022367239,3896192,3307151,7792384
[RESULT] 2,8,4,0.050734282,0.021594048,3896192,3307151,7792384
[RESULT] 2,8,5,0.052388906,0.023293018,3896192,3307151,7792384
[RESULT] 2,8,6,0.049471855,0.020242691,3896192,3307151,7792384
[RESULT] 2,8,7,0.050192833,0.021051407,3896192,3307151,7792384
[RESULT] 2,8,8,0.048779249,0.019597054,3896192,3307151,7792384
[RESULT] 2,8,9,0.051025152,0.021937132,3896192,3307151,7792384
[RESULT] 5,8,0,0.054749250,0.025521040,3905099,3314954,7810198
[RESULT] 5,8,1,0.048707247,0.019402027,3905099,3314954,7810198
[RESULT] 5,8,2,0.049603462,0.020533323,3905099,3314954,7810198
[RESULT] 5,8,3,0.048292398,0.018938303,3905099,3314954,7810198
[RESULT] 5,8,4,0.049463272,0.020164967,3905099,3314954,7810198
[RESULT] 5,8,5,0.048198700,0.019077301,3905099,3314954,7810198
[RESULT] 5,8,6,0.049315453,0.020078659,3905099,3314954,7810198
[RESULT] 5,8,7,0.049070835,0.019828320,3905099,3314954,7810198
[RESULT] 5,8,8,0.051367998,0.022215605,3905099,3314954,7810198
[RESULT] 5,8,9,0.051229954,0.021986008,3905099,3314954,7810198
[RESULT] 1,8,0,0.055529356,0.027769566,3895764,3306649,7791528
[RESULT] 1,8,1,0.051769733,0.023991585,3895764,3306649,7791528
[RESULT] 1,8,2,0.051581860,0.023728848,3895764,3306649,7791528
[RESULT] 1,8,3,0.052230835,0.024196625,3895764,3306649,7791528
[RESULT] 1,8,4,0.051762342,0.024205923,3895764,3306649,7791528
[RESULT] 1,8,5,0.051723242,0.023855686,3895764,3306649,7791528
[RESULT] 1,8,6,0.051441431,0.023483038,3895764,3306649,7791528
[RESULT] 1,8,7,0.051702261,0.023619652,3895764,3306649,7791528
[RESULT] 1,8,8,0.051500559,0.023691654,3895764,3306649,7791528
[RESULT] 1,8,9,0.051520348,0.023704767,3895764,3306649,7791528
[RESULT] 0,8,0,0.055477858,0.026199579,3898612,3308781,7797224
[RESULT] 0,8,1,0.051511765,0.022176266,3898612,3308781,7797224
[RESULT] 0,8,2,0.051737309,0.022392750,3898612,3308781,7797224
[RESULT] 0,8,3,0.050695419,0.021291256,3898612,3308781,7797224
[RESULT] 0,8,4,0.053509235,0.024201155,3898612,3308781,7797224
[RESULT] 0,8,5,0.051810026,0.022478104,3898612,3308781,7797224
[RESULT] 0,8,6,0.051338196,0.021936655,3898612,3308781,7797224
[RESULT] 0,8,7,0.052495480,0.022041798,3898612,3308781,7797224
[RESULT] 0,8,8,0.051575422,0.021390200,3898612,3308781,7797224
[RESULT] 0,8,9,0.052922487,0.023697615,3898612,3308781,7797224

Benchmark Summary
Processes: 8
Iterations: 10
Matrix NNZ: 31207734
Total execution time: 17.248 seconds
