Retrieving the matrix from '../data/Hook_1498.mtx'...
Real Matrix (Strong Scaling): Rows=1498023 | Cols=1498023 | NNZ=31207734 | Procs=4
Matrix distributed and converted to CSR
Ghost columns identified: 5692709 total ghost values needed
Local vector initialized (size=374506 per process)
[RESULT] 0,4,0,0.148479462,0.085953236,7802548,5692709,15605096
[RESULT] 0,4,1,0.146170616,0.083619118,7802548,5692709,15605096
[RESULT] 0,4,2,0.145608425,0.083202839,7802548,5692709,15605096
[RESULT] 0,4,3,0.146028996,0.083478689,7802548,5692709,15605096
[RESULT] 0,4,4,0.146862984,0.084434986,7802548,5692709,15605096
[RESULT] 0,4,5,0.146867275,0.084278822,7802548,5692709,15605096
[RESULT] 0,4,6,0.134364605,0.071566105,7802548,5692709,15605096
[RESULT] 0,4,7,0.136655569,0.074194431,7802548,5692709,15605096
[RESULT] 0,4,8,0.136867046,0.074031353,7802548,5692709,15605096
[RESULT] 0,4,9,0.133965969,0.071523428,7802548,5692709,15605096

Benchmark Summary
Processes: 4
Iterations: 10
Matrix NNZ: 31207734
Total execution time: 15.725 seconds
[RESULT] 2,4,0,0.142937183,0.080938339,7800588,5690589,15601176
[RESULT] 2,4,1,0.140887260,0.078687191,7800588,5690589,15601176
[RESULT] 2,4,2,0.140627623,0.078140259,7800588,5690589,15601176
[RESULT] 2,4,3,0.139538765,0.077611446,7800588,5690589,15601176
[RESULT] 2,4,4,0.138938427,0.076415300,7800588,5690589,15601176
[RESULT] 2,4,5,0.142515421,0.076672077,7800588,5690589,15601176
[RESULT] 2,4,6,0.137918234,0.075421572,7800588,5690589,15601176
[RESULT] 2,4,7,0.141005754,0.078619003,7800588,5690589,15601176
[RESULT] 2,4,8,0.139529228,0.077029943,7800588,5690589,15601176
[RESULT] 2,4,9,0.138777971,0.076036453,7800588,5690589,15601176
[RESULT] 1,4,0,0.153788805,0.094885826,7800863,5692751,15601726
[RESULT] 1,4,1,0.152731895,0.093806267,7800863,5692751,15601726
[RESULT] 1,4,2,0.149152279,0.090270281,7800863,5692751,15601726
[RESULT] 1,4,3,0.148367167,0.089463234,7800863,5692751,15601726
[RESULT] 1,4,4,0.148159981,0.089311361,7800863,5692751,15601726
[RESULT] 1,4,5,0.148562670,0.089636803,7800863,5692751,15601726
[RESULT] 1,4,6,0.139740705,0.080701351,7800863,5692751,15601726
[RESULT] 1,4,7,0.142043352,0.082880735,7800863,5692751,15601726
[RESULT] 1,4,8,0.141081333,0.081897497,7800863,5692751,15601726
[RESULT] 1,4,9,0.139475107,0.080421209,7800863,5692751,15601726
[RESULT] 3,4,0,0.177312851,0.099380493,7803735,5691972,15607470
[RESULT] 3,4,1,0.173933268,0.098162174,7803735,5691972,15607470
[RESULT] 3,4,2,0.170700312,0.094489574,7803735,5691972,15607470
[RESULT] 3,4,3,0.170410872,0.094146490,7803735,5691972,15607470
[RESULT] 3,4,4,0.170601845,0.093952417,7803735,5691972,15607470
[RESULT] 3,4,5,0.170675278,0.094624519,7803735,5691972,15607470
[RESULT] 3,4,6,0.159155369,0.082730532,7803735,5691972,15607470
[RESULT] 3,4,7,0.160632849,0.084990501,7803735,5691972,15607470
[RESULT] 3,4,8,0.160139799,0.083906412,7803735,5691972,15607470
[RESULT] 3,4,9,0.158660889,0.082476377,7803735,5691972,15607470
