Retrieving the matrix from '../data/Hook_1498.mtx'...
Real Matrix (Strong Scaling): Rows=1498023 | Cols=1498023 | NNZ=31207734 | Procs=64
Matrix distributed and converted to CSR
Ghost columns identified: 457392 total ghost values needed
Local vector initialized (size=23407 per process)
[RESULT] 5,64,0,0.862994671,0.767100334,488199,459905,976398
[RESULT] 5,64,1,0.768006563,0.672041178,488199,459905,976398
[RESULT] 5,64,2,0.865899324,0.863057375,488199,459905,976398
[RESULT] 5,64,3,0.866919994,0.864056110,488199,459905,976398
[RESULT] 5,64,4,0.866837502,0.864036798,488199,459905,976398
[RESULT] 5,64,5,0.861765385,0.859023333,488199,459905,976398
[RESULT] 5,64,6,0.770809174,0.768090010,488199,459905,976398
[RESULT] 5,64,7,0.848767757,0.846065760,488199,459905,976398
[RESULT] 5,64,8,0.770477772,0.767612457,488199,459905,976398
[RESULT] 5,64,9,0.771305084,0.768629313,488199,459905,976398
[RESULT] 14,64,0,0.862999916,0.767215252,487818,459452,975636
[RESULT] 14,64,1,0.674906492,0.672061920,487818,459452,975636
[RESULT] 14,64,2,0.958018780,0.863133907,487818,459452,975636
[RESULT] 14,64,3,0.864016771,0.768583298,487818,459452,975636
[RESULT] 14,64,4,0.771311522,0.768554926,487818,459452,975636
[RESULT] 14,64,5,0.863009930,0.767236471,487818,459452,975636
[RESULT] 14,64,6,0.675320864,0.672592163,487818,459452,975636
[RESULT] 14,64,7,0.862022400,0.766087294,487818,459452,975636
[RESULT] 14,64,8,0.867003202,0.771264315,487818,459452,975636
[RESULT] 14,64,9,0.771258593,0.768604994,487818,459452,975636
[RESULT] 10,64,0,0.863022804,0.767044306,487460,459020,974920
[RESULT] 10,64,1,0.672008038,0.576254845,487460,459020,974920
[RESULT] 10,64,2,0.770083666,0.767257690,487460,459020,974920
[RESULT] 10,64,3,0.771148920,0.768266678,487460,459020,974920
[RESULT] 10,64,4,0.771111727,0.768259048,487460,459020,974920
[RESULT] 10,64,5,0.867001772,0.771111012,487460,459020,974920
[RESULT] 10,64,6,0.768007517,0.672296762,487460,459020,974920
[RESULT] 10,64,7,0.862012863,0.766117334,487460,459020,974920
[RESULT] 10,64,8,0.867025375,0.771317959,487460,459020,974920
[RESULT] 10,64,9,0.771076441,0.768392086,487460,459020,974920
[RESULT] 18,64,0,0.964991570,0.773566246,486517,458183,973034
[RESULT] 18,64,1,0.678163767,0.675274372,486517,458183,973034
[RESULT] 18,64,2,0.862102032,0.859316587,486517,458183,973034
[RESULT] 18,64,3,0.867031336,0.864293098,486517,458183,973034
[RESULT] 18,64,4,0.867036104,0.864285946,486517,458183,973034
[RESULT] 18,64,5,0.870178938,0.867167234,486517,458183,973034
[RESULT] 18,64,6,0.770846844,0.768202782,486517,458183,973034
[RESULT] 18,64,7,0.934013844,0.838067770,486517,458183,973034
[RESULT] 18,64,8,0.867016077,0.771156549,486517,458183,973034
[RESULT] 18,64,9,0.771054268,0.768303156,486517,458183,973034
[RESULT] 16,64,0,0.957023144,0.861116648,487463,459055,974926
[RESULT] 16,64,1,0.674464941,0.671607733,487463,459055,974926
[RESULT] 16,64,2,0.962311268,0.959051609,487463,459055,974926
[RESULT] 16,64,3,0.867526770,0.864670992,487463,459055,974926
[RESULT] 16,64,4,0.867380857,0.864661455,487463,459055,974926
[RESULT] 16,64,5,0.962024927,0.863243103,487463,459055,974926
[RESULT] 16,64,6,0.863998652,0.768316507,487463,459055,974926
[RESULT] 16,64,7,0.773476839,0.770660639,487463,459055,974926
[RESULT] 16,64,8,0.964020014,0.868160248,487463,459055,974926
[RESULT] 16,64,9,0.867129087,0.864367962,487463,459055,974926
[RESULT] 20,64,0,0.968568087,0.965053797,487302,458968,974604
[RESULT] 20,64,1,0.773942471,0.771063566,487302,458968,974604
[RESULT] 20,64,2,0.969874859,0.967067957,487302,458968,974604
[RESULT] 20,64,3,1.059993029,0.964070559,487302,458968,974604
[RESULT] 20,64,4,0.958801508,0.956066847,487302,458968,974604
[RESULT] 20,64,5,0.961777449,0.959069252,487302,458968,974604
[RESULT] 20,64,6,0.770879745,0.768202543,487302,458968,974604
[RESULT] 20,64,7,0.768985987,0.766275406,487302,458968,974604
[RESULT] 20,64,8,0.960004330,0.864104033,487302,458968,974604
[RESULT] 20,64,9,0.867510080,0.864202261,487302,458968,974604
[RESULT] 51,64,0,0.882992983,0.873066187,487554,459285,975108
[RESULT] 51,64,1,0.712494612,0.709118843,487554,459285,975108
[RESULT] 51,64,2,0.868496418,0.865150690,487554,459285,975108
[RESULT] 51,64,3,0.894983292,0.889131308,487554,459285,975108
[RESULT] 51,64,4,0.868810177,0.866139650,487554,459285,975108
[RESULT] 51,64,5,0.891995907,0.885073423,487554,459285,975108
[RESULT] 51,64,6,0.712308407,0.708341599,487554,459285,975108
[RESULT] 51,64,7,0.871990919,0.868117094,487554,459285,975108
[RESULT] 51,64,8,0.808809042,0.806170464,487554,459285,975108
[RESULT] 51,64,9,0.713407755,0.711992979,487554,459285,975108
[RESULT] 19,64,0,0.862998962,0.767093897,486593,458265,973186
[RESULT] 19,64,1,0.579625130,0.576465368,486593,458265,973186
[RESULT] 19,64,2,0.865874767,0.863036394,486593,458265,973186
[RESULT] 19,64,3,0.960015774,0.864111900,486593,458265,973186
[RESULT] 19,64,4,0.867192984,0.864083767,486593,458265,973186
[RESULT] 19,64,5,0.862995863,0.767335415,486593,458265,973186
[RESULT] 19,64,6,0.675203800,0.672526360,486593,458265,973186
[RESULT] 19,64,7,0.768988609,0.766278505,486593,458265,973186
[RESULT] 19,64,8,0.862974644,0.767029762,486593,458265,973186
[RESULT] 19,64,9,0.771652937,0.768120527,486593,458265,973186
[RESULT] 11,64,0,0.862991333,0.767013073,487617,459112,975234
[RESULT] 11,64,1,0.672018290,0.576042414,487617,459112,975234
[RESULT] 11,64,2,0.846013308,0.751044035,487617,459112,975234
[RESULT] 11,64,3,0.770959854,0.768043756,487617,459112,975234
[RESULT] 11,64,4,0.675629616,0.672706842,487617,459112,975234
[RESULT] 11,64,5,0.769839764,0.767035723,487617,459112,975234
[RESULT] 11,64,6,0.675699234,0.672054052,487617,459112,975234
[RESULT] 11,64,7,0.676828146,0.674132586,487617,459112,975234
[RESULT] 11,64,8,0.862998724,0.767053366,487617,459112,975234
[RESULT] 11,64,9,0.771775484,0.768165350,487617,459112,975234
[RESULT] 9,64,0,0.862986565,0.767154932,487018,458576,974036
[RESULT] 9,64,1,0.768018961,0.672054291,487018,458576,974036
[RESULT] 9,64,2,0.866969347,0.863068819,487018,458576,974036
[RESULT] 9,64,3,0.771459818,0.768660545,487018,458576,974036
[RESULT] 9,64,4,0.960000515,0.864057064,487018,458576,974036
[RESULT] 9,64,5,0.770391226,0.767674685,487018,458576,974036
[RESULT] 9,64,6,0.771670341,0.768071890,487018,458576,974036
[RESULT] 9,64,7,0.866013288,0.770098686,487018,458576,974036
[RESULT] 9,64,8,0.770485163,0.767662764,487018,458576,974036
[RESULT] 9,64,9,0.867782116,0.864179850,487018,458576,974036
[RESULT] 62,64,0,0.964988470,0.801054478,487023,458699,974046
[RESULT] 62,64,1,0.528990746,0.521222115,487023,458699,974046
[RESULT] 62,64,2,0.711559534,0.710151911,487023,458699,974046
[RESULT] 62,64,3,0.720990658,0.715073824,487023,458699,974046
[RESULT] 62,64,4,0.868795395,0.866108656,487023,458699,974046
[RESULT] 62,64,5,0.701789618,0.698120832,487023,458699,974046
[RESULT] 62,64,6,0.524733543,0.523368835,487023,458699,974046
[RESULT] 62,64,7,0.700993061,0.693083048,487023,458699,974046
[RESULT] 62,64,8,0.715568542,0.714179754,487023,458699,974046
[RESULT] 62,64,9,0.785022020,0.780682802,487023,458699,974046
[RESULT] 2,64,0,0.961001396,0.866517544,485637,457315,971274
[RESULT] 2,64,1,0.866006136,0.863073111,485637,457315,971274
[RESULT] 2,64,2,1.060844421,1.058051586,485637,457315,971274
[RESULT] 2,64,3,1.062816858,1.060064554,485637,457315,971274
[RESULT] 2,64,4,1.058764935,1.056052685,485637,457315,971274
[RESULT] 2,64,5,0.962683201,0.959069252,485637,457315,971274
[RESULT] 2,64,6,0.866797209,0.864127874,485637,457315,971274
[RESULT] 2,64,7,0.962022066,0.867061853,485637,457315,971274
[RESULT] 2,64,8,1.051012754,0.956086159,485637,457315,971274
[RESULT] 2,64,9,0.963715792,0.960112095,485637,457315,971274
[RESULT] 7,64,0,0.866977692,0.771050215,487961,459577,975922
[RESULT] 7,64,1,0.675282478,0.672059774,487961,459577,975922
[RESULT] 7,64,2,0.793856859,0.791073084,487961,459577,975922
[RESULT] 7,64,3,0.866875410,0.864081144,487961,459577,975922
[RESULT] 7,64,4,0.770814419,0.768079758,487961,459577,975922
[RESULT] 7,64,5,0.673819304,0.671115637,487961,459577,975922
[RESULT] 7,64,6,0.675680399,0.672089815,487961,459577,975922
[RESULT] 7,64,7,0.672850847,0.670175552,487961,459577,975922
[RESULT] 7,64,8,0.674309969,0.671288967,487961,459577,975922
[RESULT] 7,64,9,0.771672726,0.768065453,487961,459577,975922
[RESULT] 15,64,0,0.763002634,0.667326689,487168,458754,974336
[RESULT] 15,64,1,0.579023123,0.576167345,487168,458754,974336
[RESULT] 15,64,2,0.773986101,0.771163225,487168,458754,974336
[RESULT] 15,64,3,0.863999605,0.768087626,487168,458754,974336
[RESULT] 15,64,4,0.770746469,0.768048525,487168,458754,974336
[RESULT] 15,64,5,0.770297050,0.767039061,487168,458754,974336
[RESULT] 15,64,6,0.674752712,0.672084570,487168,458754,974336
[RESULT] 15,64,7,0.672824621,0.670122385,487168,458754,974336
[RESULT] 15,64,8,0.767014503,0.671292543,487168,458754,974336
[RESULT] 15,64,9,0.770911932,0.768057108,487168,458754,974336
[RESULT] 63,64,0,0.533556938,0.532152891,486981,458660,973962
[RESULT] 63,64,1,0.683994055,0.515193224,486981,458660,973962
[RESULT] 63,64,2,0.732947826,0.725092411,486981,458660,973962
[RESULT] 63,64,3,0.612485409,0.611120939,486981,458660,973962
[RESULT] 63,64,4,0.703783035,0.701127768,486981,458660,973962
[RESULT] 63,64,5,0.712033749,0.709083319,486981,458660,973962
[RESULT] 63,64,6,0.353766203,0.352412701,486981,458660,973962
[RESULT] 63,64,7,0.672991514,0.500238419,486981,458660,973962
[RESULT] 63,64,8,0.705193281,0.701070070,486981,458660,973962
[RESULT] 63,64,9,0.698604584,0.697182417,486981,458660,973962
[RESULT] 6,64,0,0.964967489,0.869043827,488044,459734,976088
[RESULT] 6,64,1,0.774279833,0.771053314,488044,459734,976088
[RESULT] 6,64,2,0.933871269,0.931070328,488044,459734,976088
[RESULT] 6,64,3,0.963373899,0.960064888,488044,459734,976088
[RESULT] 6,64,4,0.866784096,0.864048719,488044,459734,976088
[RESULT] 6,64,5,0.957979918,0.767058611,488044,459734,976088
[RESULT] 6,64,6,0.674837112,0.672171593,488044,459734,976088
[RESULT] 6,64,7,0.861997128,0.766062021,488044,459734,976088
[RESULT] 6,64,8,0.867023230,0.771281719,488044,459734,976088
[RESULT] 6,64,9,0.858989000,0.768361568,488044,459734,976088
[RESULT] 17,64,0,0.863020420,0.767132044,486753,458374,973506
[RESULT] 17,64,1,0.768010616,0.672054291,486753,458374,973506
[RESULT] 17,64,2,0.865870476,0.863081217,486753,458374,973506
[RESULT] 17,64,3,0.867270947,0.864058256,486753,458374,973506
[RESULT] 17,64,4,0.867207527,0.864052773,486753,458374,973506
[RESULT] 17,64,5,0.770094872,0.767248631,486753,458374,973506
[RESULT] 17,64,6,0.768003702,0.672336102,486753,458374,973506
[RESULT] 17,64,7,0.862006187,0.766051769,486753,458374,973506
[RESULT] 17,64,8,0.867009163,0.771163702,486753,458374,973506
[RESULT] 17,64,9,0.860281229,0.768259048,486753,458374,973506
[RESULT] 58,64,0,0.712443590,0.708133221,488679,460409,977358
[RESULT] 58,64,1,0.715465784,0.713090658,488679,460409,977358
[RESULT] 58,64,2,0.868512392,0.865111828,488679,460409,977358
[RESULT] 58,64,3,0.880556583,0.879163265,488679,460409,977358
[RESULT] 58,64,4,0.890808821,0.888100624,488679,460409,977358
[RESULT] 58,64,5,0.708214521,0.704241991,488679,460409,977358
[RESULT] 58,64,6,0.699833393,0.697446346,488679,460409,977358
[RESULT] 58,64,7,0.981991053,0.975069761,488679,460409,977358
[RESULT] 58,64,8,0.887211084,0.883071899,488679,460409,977358
[RESULT] 58,64,9,0.881846428,0.879244328,488679,460409,977358
[RESULT] 60,64,0,0.721342087,0.719147205,488595,460317,977190
[RESULT] 60,64,1,0.624469519,0.621142864,488595,460317,977190
[RESULT] 60,64,2,0.977479458,0.974085093,488595,460317,977190
[RESULT] 60,64,3,0.890443563,0.889067650,488595,460317,977190
[RESULT] 60,64,4,0.967778206,0.965060234,488595,460317,977190
[RESULT] 60,64,5,0.697178602,0.693177462,488595,460317,977190
[RESULT] 60,64,6,0.727987766,0.721176624,488595,460317,977190
[RESULT] 60,64,7,0.724989414,0.720252991,488595,460317,977190
[RESULT] 60,64,8,0.727087259,0.725192070,488595,460317,977190
[RESULT] 60,64,9,0.881320953,0.879825592,488595,460317,977190
[RESULT] 8,64,0,0.957010269,0.861057281,487482,459110,974964
[RESULT] 8,64,1,0.767013550,0.671074629,487482,459110,974964
[RESULT] 8,64,2,0.866001129,0.863107204,487482,459110,974964
[RESULT] 8,64,3,0.960019588,0.864139795,487482,459110,974964
[RESULT] 8,64,4,0.960019588,0.864118814,487482,459110,974964
[RESULT] 8,64,5,0.770454884,0.767730951,487482,459110,974964
[RESULT] 8,64,6,0.864014626,0.768240929,487482,459110,974964
[RESULT] 8,64,7,0.869998217,0.774319172,487482,459110,974964
[RESULT] 8,64,8,0.960021019,0.864235640,487482,459110,974964
[RESULT] 8,64,9,0.956014395,0.864358187,487482,459110,974964
[RESULT] 12,64,0,0.772717237,0.769688606,488443,459957,976886
[RESULT] 12,64,1,0.677998543,0.675108433,488443,459957,976886
[RESULT] 12,64,2,0.866603374,0.863745451,488443,459957,976886
[RESULT] 12,64,3,0.862836599,0.860114574,488443,459957,976886
[RESULT] 12,64,4,0.870790243,0.868057251,488443,459957,976886
[RESULT] 12,64,5,0.865818262,0.863105297,488443,459957,976886
[RESULT] 12,64,6,0.864021778,0.768186092,488443,459957,976886
[RESULT] 12,64,7,0.773962498,0.770250320,488443,459957,976886
[RESULT] 12,64,8,0.959999800,0.864211082,488443,459957,976886
[RESULT] 12,64,9,0.956018448,0.864274025,488443,459957,976886
[RESULT] 3,64,0,0.957000494,0.861116886,487042,458557,974084
[RESULT] 3,64,1,0.769914627,0.767085552,487042,458557,974084
[RESULT] 3,64,2,0.961922646,0.959096432,487042,458557,974084
[RESULT] 3,64,3,0.962905169,0.960090399,487042,458557,974084
[RESULT] 3,64,4,0.962804079,0.960086584,487042,458557,974084
[RESULT] 3,64,5,0.869825125,0.867119312,487042,458557,974084
[RESULT] 3,64,6,0.866787195,0.864089966,487042,458557,974084
[RESULT] 3,64,7,0.868753433,0.866088867,487042,458557,974084
[RESULT] 3,64,8,0.960018635,0.864226580,487042,458557,974084
[RESULT] 3,64,9,0.956027985,0.864255905,487042,458557,974084
[RESULT] 4,64,0,0.964985132,0.869048357,487679,459310,975358
[RESULT] 4,64,1,0.774330378,0.771082878,487679,459310,975358
[RESULT] 4,64,2,0.961867809,0.959095955,487679,459310,975358
[RESULT] 4,64,3,0.963238478,0.960103512,487679,459310,975358
[RESULT] 4,64,4,0.962815762,0.960096121,487679,459310,975358
[RESULT] 4,64,5,0.870212317,0.867090464,487679,459310,975358
[RESULT] 4,64,6,0.866758347,0.864070892,487679,459310,975358
[RESULT] 4,64,7,0.868727922,0.866070986,487679,459310,975358
[RESULT] 4,64,8,0.960013866,0.864077806,487679,459310,975358
[RESULT] 4,64,9,0.956011534,0.864190578,487679,459310,975358
[RESULT] 52,64,0,0.882990837,0.873082638,488211,459748,976422
[RESULT] 52,64,1,0.887085676,0.885049343,488211,459748,976422
[RESULT] 52,64,2,0.863966942,0.856223345,488211,459748,976422
[RESULT] 52,64,3,0.861187696,0.857236624,488211,459748,976422
[RESULT] 52,64,4,0.898859739,0.897397041,488211,459748,976422
[RESULT] 52,64,5,0.923244953,0.921838045,488211,459748,976422
[RESULT] 52,64,6,0.984992981,0.978083849,488211,459748,976422
[RESULT] 52,64,7,0.887292624,0.879160643,488211,459748,976422
[RESULT] 52,64,8,0.887192965,0.883063078,488211,459748,976422
[RESULT] 52,64,9,0.883621693,0.879199743,488211,459748,976422
[RESULT] 1,64,0,1.009015083,0.913108349,485798,457454,971596
[RESULT] 1,64,1,0.769974470,0.767085314,485798,457454,971596
[RESULT] 1,64,2,0.965946198,0.963110924,485798,457454,971596
[RESULT] 1,64,3,0.963858366,0.960096598,485798,457454,971596
[RESULT] 1,64,4,0.962826252,0.960085630,485798,457454,971596
[RESULT] 1,64,5,0.870140076,0.867122412,485798,457454,971596
[RESULT] 1,64,6,0.867701769,0.864054441,485798,457454,971596
[RESULT] 1,64,7,0.864750624,0.862100363,485798,457454,971596
[RESULT] 1,64,8,0.959983587,0.864198446,485798,457454,971596
[RESULT] 1,64,9,0.959989786,0.864235640,485798,457454,971596
[RESULT] 59,64,0,0.700984955,0.691055775,488382,460031,976764
[RESULT] 59,64,1,0.693120718,0.691065788,488382,460031,976764
[RESULT] 59,64,2,0.705128908,0.703150511,488382,460031,976764
[RESULT] 59,64,3,0.894982815,0.889108658,488382,460031,976764
[RESULT] 59,64,4,0.692810059,0.690124035,488382,460031,976764
[RESULT] 59,64,5,0.717980146,0.711064339,488382,460031,976764
[RESULT] 59,64,6,0.699825287,0.697378635,488382,460031,976764
[RESULT] 59,64,7,0.867994070,0.808094501,488382,460031,976764
[RESULT] 59,64,8,0.672595739,0.670219421,488382,460031,976764
[RESULT] 59,64,9,0.883257151,0.879142046,488382,460031,976764
[RESULT] 22,64,0,0.944240093,0.941070795,488612,460139,977224
[RESULT] 22,64,1,0.773990393,0.771082401,488612,460139,977224
[RESULT] 22,64,2,0.965908527,0.963078022,488612,460139,977224
[RESULT] 22,64,3,1.055994987,0.960080862,488612,460139,977224
[RESULT] 22,64,4,1.056005478,0.960072041,488612,460139,977224
[RESULT] 22,64,5,0.961748123,0.959080458,488612,460139,977224
[RESULT] 22,64,6,0.770948410,0.768279076,488612,460139,977224
[RESULT] 22,64,7,0.958022356,0.862081528,488612,460139,977224
[RESULT] 22,64,8,0.960000753,0.864220142,488612,460139,977224
[RESULT] 22,64,9,0.866770744,0.864093065,488612,460139,977224
[RESULT] 0,64,0,0.964146852,0.961065292,485623,457392,971246
[RESULT] 0,64,1,0.865926504,0.863044262,485623,457392,971246
[RESULT] 0,64,2,1.056854963,1.054088831,485623,457392,971246
[RESULT] 0,64,3,1.151979446,1.056056976,485623,457392,971246
[RESULT] 0,64,4,1.059858084,1.056061745,485623,457392,971246
[RESULT] 0,64,5,0.961726189,0.959053993,485623,457392,971246
[RESULT] 0,64,6,0.959902525,0.866268635,485623,457392,971246
[RESULT] 0,64,7,1.054005146,0.958082438,485623,457392,971246
[RESULT] 0,64,8,1.055992842,0.960155487,485623,457392,971246
[RESULT] 0,64,9,1.056994438,0.961185694,485623,457392,971246

Benchmark Summary
Processes: 64
Iterations: 10
Matrix NNZ: 31207734
Total execution time: 1542.924 seconds
[RESULT] 61,64,0,0.701186419,0.697083712,488304,460081,976608
[RESULT] 61,64,1,0.518481255,0.515126944,488304,460081,976608
[RESULT] 61,64,2,0.879420280,0.876010180,488304,460081,976608
[RESULT] 61,64,3,0.720490694,0.719115257,488304,460081,976608
[RESULT] 61,64,4,0.890785217,0.888067007,488304,460081,976608
[RESULT] 61,64,5,0.521781445,0.519164324,488304,460081,976608
[RESULT] 61,64,6,0.527165413,0.523216486,488304,460081,976608
[RESULT] 61,64,7,0.696988583,0.690066338,488304,460081,976608
[RESULT] 61,64,8,0.627499342,0.626103163,488304,460081,976608
[RESULT] 61,64,9,0.811218977,0.807154179,488304,460081,976608
[RESULT] 13,64,0,0.862976313,0.767153978,487820,459433,975640
[RESULT] 13,64,1,0.579524517,0.576611996,487820,459433,975640
[RESULT] 13,64,2,0.865913391,0.863055468,487820,459433,975640
[RESULT] 13,64,3,0.866847754,0.864042282,487820,459433,975640
[RESULT] 13,64,4,0.864022970,0.768696785,487820,459433,975640
[RESULT] 13,64,5,0.865753174,0.863056898,487820,459433,975640
[RESULT] 13,64,6,0.675610304,0.672742605,487820,459433,975640
[RESULT] 13,64,7,0.866016150,0.770101547,487820,459433,975640
[RESULT] 13,64,8,0.863007069,0.767343998,487820,459433,975640
[RESULT] 13,64,9,0.960006475,0.864168882,487820,459433,975640
[RESULT] 49,64,0,1.025991440,0.846206903,486465,458116,972930
[RESULT] 49,64,1,1.009009838,0.845285892,486465,458116,972930
[RESULT] 49,64,2,1.057987452,0.888268709,486465,458116,972930
[RESULT] 49,64,3,0.885190487,0.879284620,486465,458116,972930
[RESULT] 49,64,4,1.063992500,0.888329029,486465,458116,972930
[RESULT] 49,64,5,1.209998131,1.034167767,486465,458116,972930
[RESULT] 49,64,6,0.836825132,0.829298496,486465,458116,972930
[RESULT] 49,64,7,0.896380186,0.894259214,486465,458116,972930
[RESULT] 49,64,8,1.001505375,1.000087023,486465,458116,972930
[RESULT] 49,64,9,0.894232512,0.890304565,486465,458116,972930
[RESULT] 53,64,0,0.795195103,0.791116714,487794,459434,975588
[RESULT] 53,64,1,0.639496088,0.636131525,487794,459434,975588
[RESULT] 53,64,2,0.880123854,0.878186226,487794,459434,975588
[RESULT] 53,64,3,0.966499805,0.961086750,487794,459434,975588
[RESULT] 53,64,4,1.064003468,0.888282299,487794,459434,975588
[RESULT] 53,64,5,0.878996372,0.869217634,487794,459434,975588
[RESULT] 53,64,6,0.901995897,0.895188093,487794,459434,975588
[RESULT] 53,64,7,0.875994921,0.868156672,487794,459434,975588
[RESULT] 53,64,8,0.804201603,0.800103188,487794,459434,975588
[RESULT] 53,64,9,0.894216299,0.890141726,487794,459434,975588
[RESULT] 55,64,0,0.701164484,0.697096348,486765,458402,973530
[RESULT] 55,64,1,0.715118170,0.713099480,486765,458402,973530
[RESULT] 55,64,2,0.869111300,0.867148638,486765,458402,973530
[RESULT] 55,64,3,0.718993664,0.713157892,486765,458402,973530
[RESULT] 55,64,4,0.868810654,0.866153240,486765,458402,973530
[RESULT] 55,64,5,0.855036974,0.852097750,486765,458402,973530
[RESULT] 55,64,6,0.824992657,0.818067789,486765,458402,973530
[RESULT] 55,64,7,0.713980913,0.709319353,486765,458402,973530
[RESULT] 55,64,8,0.694807529,0.692131042,486765,458402,973530
[RESULT] 55,64,9,0.877229691,0.873165131,486765,458402,973530
[RESULT] 21,64,0,0.870077848,0.867064476,488704,460352,977408
[RESULT] 21,64,1,0.838069201,0.835085154,488704,460352,977408
[RESULT] 21,64,2,0.968986273,0.966069698,488704,460352,977408
[RESULT] 21,64,3,0.867560148,0.864092588,488704,460352,977408
[RESULT] 21,64,4,0.866815567,0.864080906,488704,460352,977408
[RESULT] 21,64,5,0.849826097,0.847090006,488704,460352,977408
[RESULT] 21,64,6,0.768015623,0.672393799,488704,460352,977408
[RESULT] 21,64,7,0.862001657,0.766083479,488704,460352,977408
[RESULT] 21,64,8,0.835023403,0.739241362,488704,460352,977408
[RESULT] 21,64,9,0.962815523,0.960099936,488704,460352,977408
[RESULT] 23,64,0,0.863024235,0.767386198,489318,460893,978636
[RESULT] 23,64,1,0.675272703,0.672348976,489318,460893,978636
[RESULT] 23,64,2,0.960907936,0.958068609,489318,460893,978636
[RESULT] 23,64,3,0.867028952,0.864249706,489318,460893,978636
[RESULT] 23,64,4,0.866946697,0.864216566,489318,460893,978636
[RESULT] 23,64,5,0.863014698,0.767452717,489318,460893,978636
[RESULT] 23,64,6,0.771791935,0.768173933,489318,460893,978636
[RESULT] 23,64,7,0.862016201,0.766256094,489318,460893,978636
[RESULT] 23,64,8,0.866993189,0.771394253,489318,460893,978636
[RESULT] 23,64,9,0.860060930,0.763092279,489318,460893,978636
[RESULT] 54,64,0,0.712306261,0.708192110,487350,459041,974700
[RESULT] 54,64,1,0.712483168,0.709121227,487350,459041,974700
[RESULT] 54,64,2,0.956490278,0.953072309,487350,459041,974700
[RESULT] 54,64,3,0.806996107,0.801072836,487350,459041,974700
[RESULT] 54,64,4,0.978806019,0.976130962,487350,459041,974700
[RESULT] 54,64,5,0.878947496,0.869117022,487350,459041,974700
[RESULT] 54,64,6,0.809133291,0.807351112,487350,459041,974700
[RESULT] 54,64,7,0.872300625,0.868112564,487350,459041,974700
[RESULT] 54,64,8,0.705582380,0.703195810,487350,459041,974700
[RESULT] 54,64,9,0.899225712,0.895142317,487350,459041,974700
[RESULT] 48,64,0,0.890108347,0.888351202,488376,459934,976752
[RESULT] 48,64,1,0.871087313,0.867878914,488376,459934,976752
[RESULT] 48,64,2,1.060461044,1.057064056,488376,459934,976752
[RESULT] 48,64,3,0.968496323,0.967123032,488376,459934,976752
[RESULT] 48,64,4,1.045975924,1.037345648,488376,459934,976752
[RESULT] 48,64,5,1.099031448,1.096187830,488376,459934,976752
[RESULT] 48,64,6,1.056841135,1.055122137,488376,459934,976752
[RESULT] 48,64,7,1.053973913,1.047245264,488376,459934,976752
[RESULT] 48,64,8,1.067503214,1.066073656,488376,459934,976752
[RESULT] 48,64,9,1.059211969,1.055192232,488376,459934,976752
[RESULT] 56,64,0,0.882992506,0.873057604,487437,459113,974874
[RESULT] 56,64,1,0.700647116,0.699231625,487437,459113,974874
[RESULT] 56,64,2,0.908987761,0.899266720,487437,459113,974874
[RESULT] 56,64,3,1.064992905,1.060060501,487437,459113,974874
[RESULT] 56,64,4,0.896996498,0.888250351,487437,459113,974874
[RESULT] 56,64,5,0.878995180,0.869182110,487437,459113,974874
[RESULT] 56,64,6,0.890995502,0.884190083,487437,459113,974874
[RESULT] 56,64,7,0.876996279,0.874293566,487437,459113,974874
[RESULT] 56,64,8,0.876816511,0.872093678,487437,459113,974874
[RESULT] 56,64,9,1.025999069,1.022573709,487437,459113,974874
[RESULT] 57,64,0,0.712195158,0.708168983,487743,459458,975486
[RESULT] 57,64,1,0.712503195,0.709115028,487743,459458,975486
[RESULT] 57,64,2,0.869122267,0.867131710,487743,459458,975486
[RESULT] 57,64,3,0.841534615,0.840149879,487743,459458,975486
[RESULT] 57,64,4,0.879812479,0.877163172,487743,459458,975486
[RESULT] 57,64,5,0.791815281,0.787212849,487743,459458,975486
[RESULT] 57,64,6,0.690188408,0.686291933,487743,459458,975486
[RESULT] 57,64,7,0.833327532,0.831898451,487743,459458,975486
[RESULT] 57,64,8,0.693581343,0.692142248,487743,459458,975486
[RESULT] 57,64,9,0.898981094,0.896198034,487743,459458,975486
[RESULT] 50,64,0,0.857784748,0.855297804,487071,458748,974142
[RESULT] 50,64,1,0.796999693,0.693261147,487071,458748,974142
[RESULT] 50,64,2,0.895993948,0.888273716,487071,458748,974142
[RESULT] 50,64,3,0.871845245,0.870456934,487071,458748,974142
[RESULT] 50,64,4,1.033788204,1.031080961,487071,458748,974142
[RESULT] 50,64,5,0.982048988,0.979184389,487071,458748,974142
[RESULT] 50,64,6,0.879980326,0.873147011,487071,458748,974142
[RESULT] 50,64,7,1.064534187,1.063093901,487071,458748,974142
[RESULT] 50,64,8,0.887192011,0.883109093,487071,458748,974142
[RESULT] 50,64,9,1.043695688,1.041410685,487071,458748,974142
[RESULT] 25,64,0,0.790849924,0.789385080,487895,459539,975790
[RESULT] 25,64,1,0.795965433,0.791105747,487895,459539,975790
[RESULT] 25,64,2,1.059992552,1.055119038,487895,459539,975790
[RESULT] 25,64,3,1.057807207,1.055036783,487895,459539,975790
[RESULT] 25,64,4,1.059184790,1.055034876,487895,459539,975790
[RESULT] 25,64,5,0.792912006,0.791436434,487895,459539,975790
[RESULT] 25,64,6,0.784882545,0.783440113,487895,459539,975790
[RESULT] 25,64,7,0.792894602,0.791434526,487895,459539,975790
[RESULT] 25,64,8,0.790899992,0.789438725,487895,459539,975790
[RESULT] 25,64,9,0.793884039,0.792381048,487895,459539,975790
[RESULT] 47,64,0,0.792671680,0.791035414,489267,460798,978534
[RESULT] 47,64,1,0.795984030,0.792068720,489267,460798,978534
[RESULT] 47,64,2,0.795988560,0.791067839,489267,460798,978534
[RESULT] 47,64,3,0.793787479,0.791072130,489267,460798,978534
[RESULT] 47,64,4,0.787168503,0.783069611,489267,460798,978534
[RESULT] 47,64,5,0.794475317,0.791047335,489267,460798,978534
[RESULT] 47,64,6,0.830092430,0.826990843,489267,460798,978534
[RESULT] 47,64,7,0.793689489,0.791017294,489267,460798,978534
[RESULT] 47,64,8,0.530805826,0.528233528,489267,460798,978534
[RESULT] 47,64,9,0.531375885,0.529878616,489267,460798,978534
[RESULT] 45,64,0,1.043983459,0.780134201,489417,460999,978834
[RESULT] 45,64,1,1.061991453,1.055033445,489417,460999,978834
[RESULT] 45,64,2,1.056990623,1.055033684,489417,460999,978834
[RESULT] 45,64,3,1.058991432,1.055032492,489417,460999,978834
[RESULT] 45,64,4,0.992992640,0.989070892,489417,460999,978834
[RESULT] 45,64,5,0.792971134,0.791038036,489417,460999,978834
[RESULT] 45,64,6,0.532801628,0.530214310,489417,460999,978834
[RESULT] 45,64,7,0.529803753,0.527202368,489417,460999,978834
[RESULT] 45,64,8,0.521089315,0.519212723,489417,460999,978834
[RESULT] 45,64,9,0.531645775,0.530231476,489417,460999,978834
[RESULT] 41,64,0,1.063989639,1.055014849,486963,458594,973926
[RESULT] 41,64,1,1.059993267,1.055059671,486963,458594,973926
[RESULT] 41,64,2,1.068894863,1.066075325,486963,458594,973926
[RESULT] 41,64,3,1.057811260,1.055093765,486963,458594,973926
[RESULT] 41,64,4,1.069993019,1.066089392,486963,458594,973926
[RESULT] 41,64,5,1.057122469,1.055060387,486963,458594,973926
[RESULT] 41,64,6,0.796116352,0.794190645,486963,458594,973926
[RESULT] 41,64,7,0.793111563,0.791189671,486963,458594,973926
[RESULT] 41,64,8,0.782802820,0.780179739,486963,458594,973926
[RESULT] 41,64,9,0.796627522,0.795189381,486963,458594,973926
[RESULT] 26,64,0,0.790793180,0.789339304,486678,458305,973356
[RESULT] 26,64,1,1.059989214,1.055034637,486678,458305,973356
[RESULT] 26,64,2,1.005991220,1.000032187,486678,458305,973356
[RESULT] 26,64,3,1.035807133,1.033031464,486678,458305,973356
[RESULT] 26,64,4,1.059178591,1.055033684,486678,458305,973356
[RESULT] 26,64,5,0.793676615,0.791414976,486678,458305,973356
[RESULT] 26,64,6,0.795855522,0.794422865,486678,458305,973356
[RESULT] 26,64,7,0.792878866,0.791423082,486678,458305,973356
[RESULT] 26,64,8,0.846003532,0.789423227,486678,458305,973356
[RESULT] 26,64,9,0.798218489,0.796428442,486678,458305,973356
[RESULT] 31,64,0,0.802986860,0.794053555,487673,459317,975346
[RESULT] 31,64,1,0.795991898,0.791103840,487673,459317,975346
[RESULT] 31,64,2,0.809991121,0.802073240,487673,459317,975346
[RESULT] 31,64,3,0.793789387,0.791077852,487673,459317,975346
[RESULT] 31,64,4,0.797988892,0.794073820,487673,459317,975346
[RESULT] 31,64,5,0.793870926,0.791399717,487673,459317,975346
[RESULT] 31,64,6,0.797021627,0.794128180,487673,459317,975346
[RESULT] 31,64,7,0.762079716,0.758134842,487673,459317,975346
[RESULT] 31,64,8,0.533366680,0.530154467,487673,459317,975346
[RESULT] 31,64,9,0.533135414,0.531260014,487673,459317,975346
[RESULT] 36,64,0,1.043986082,0.780204535,486028,457784,972056
[RESULT] 36,64,1,0.794871807,0.792420387,486028,457784,972056
[RESULT] 36,64,2,0.782875299,0.780418158,486028,457784,972056
[RESULT] 36,64,3,0.793398380,0.791428328,486028,457784,972056
[RESULT] 36,64,4,0.796880960,0.794428349,486028,457784,972056
[RESULT] 36,64,5,0.794039011,0.791198254,486028,457784,972056
[RESULT] 36,64,6,0.797853708,0.794212580,486028,457784,972056
[RESULT] 36,64,7,0.805478334,0.802209139,486028,457784,972056
[RESULT] 36,64,8,0.793795824,0.791188478,486028,457784,972056
[RESULT] 36,64,9,0.798285246,0.796743393,486028,457784,972056
[RESULT] 38,64,0,0.802974701,0.794017553,487122,458746,974244
[RESULT] 38,64,1,0.795977831,0.791063309,487122,458746,974244
[RESULT] 38,64,2,0.809985161,0.802088737,487122,458746,974244
[RESULT] 38,64,3,0.793787718,0.791061401,487122,458746,974244
[RESULT] 38,64,4,0.797988176,0.794067144,487122,458746,974244
[RESULT] 38,64,5,0.793094158,0.791019201,487122,458746,974244
[RESULT] 38,64,6,0.797027826,0.794161320,487122,458746,974244
[RESULT] 38,64,7,0.805485487,0.802171469,487122,458746,974244
[RESULT] 38,64,8,0.793805838,0.791133881,487122,458746,974244
[RESULT] 38,64,9,0.799322367,0.797775745,487122,458746,974244
[RESULT] 30,64,0,1.043991327,0.780369997,487831,459539,975662
[RESULT] 30,64,1,1.061984777,1.055043936,487831,459539,975662
[RESULT] 30,64,2,1.056994438,1.055055618,487831,459539,975662
[RESULT] 30,64,3,1.058992624,1.055059433,487831,459539,975662
[RESULT] 30,64,4,1.069992781,1.066052198,487831,459539,975662
[RESULT] 30,64,5,0.792841911,0.791398525,487831,459539,975662
[RESULT] 30,64,6,0.797032833,0.794152021,487831,459539,975662
[RESULT] 30,64,7,0.805485964,0.802150488,487831,459539,975662
[RESULT] 30,64,8,0.793749332,0.791107655,487831,459539,975662
[RESULT] 30,64,9,0.800319910,0.798832178,487831,459539,975662
[RESULT] 44,64,0,0.791810274,0.789227247,489534,461052,979068
[RESULT] 44,64,1,1.059985399,1.055033684,489534,461052,979068
[RESULT] 44,64,2,1.056990623,1.055050373,489534,461052,979068
[RESULT] 44,64,3,1.056460619,1.055040359,489534,461052,979068
[RESULT] 44,64,4,1.069994211,1.066042900,489534,461052,979068
[RESULT] 44,64,5,0.793133020,0.791188717,489534,461052,979068
[RESULT] 44,64,6,0.796990156,0.794123173,489534,461052,979068
[RESULT] 44,64,7,0.794500113,0.791153908,489534,461052,979068
[RESULT] 44,64,8,0.793811083,0.791145802,489534,461052,979068
[RESULT] 44,64,9,0.801322699,0.799811363,489534,461052,979068
[RESULT] 46,64,0,1.043995142,0.780188799,490596,462194,981192
[RESULT] 46,64,1,1.062031031,1.055036306,490596,462194,981192
[RESULT] 46,64,2,1.056988239,1.055038452,490596,462194,981192
[RESULT] 46,64,3,1.059776545,1.055035830,490596,462194,981192
[RESULT] 46,64,4,1.069986820,1.066037178,490596,462194,981192
[RESULT] 46,64,5,0.794919014,0.791139126,490596,462194,981192
[RESULT] 46,64,6,0.797027588,0.794100523,490596,462194,981192
[RESULT] 46,64,7,0.794478416,0.791104317,490596,462194,981192
[RESULT] 46,64,8,0.793800116,0.791104794,490596,462194,981192
[RESULT] 46,64,9,0.802349806,0.800811291,490596,462194,981192
[RESULT] 24,64,0,1.307964087,1.044157028,487495,459139,974990
[RESULT] 24,64,1,1.056709290,1.055247307,487495,459139,974990
[RESULT] 24,64,2,1.055938721,1.054472208,487495,459139,974990
[RESULT] 24,64,3,1.056857347,1.055409431,487495,459139,974990
[RESULT] 24,64,4,1.056864023,1.055409908,487495,459139,974990
[RESULT] 24,64,5,1.058041096,1.055160999,487495,459139,974990
[RESULT] 24,64,6,0.803848743,0.802415371,487495,459139,974990
[RESULT] 24,64,7,0.792866945,0.791408777,487495,459139,974990
[RESULT] 24,64,8,0.790968895,0.789495230,487495,459139,974990
[RESULT] 24,64,9,1.066336393,1.064848900,487495,459139,974990
[RESULT] 40,64,0,1.318992615,1.055128336,487614,459131,975228
[RESULT] 40,64,1,1.059549093,1.055175781,487614,459131,975228
[RESULT] 40,64,2,1.060624361,1.055206060,487614,459131,975228
[RESULT] 40,64,3,1.059991598,1.055179358,487614,459131,975228
[RESULT] 40,64,4,1.048527479,1.044168949,487614,459131,975228
[RESULT] 40,64,5,1.058054209,1.055128098,487614,459131,975228
[RESULT] 40,64,6,1.060340166,1.058073282,487614,459131,975228
[RESULT] 40,64,7,1.057120323,1.055070639,487614,459131,975228
[RESULT] 40,64,8,1.001643181,1.000108480,487614,459131,975228
[RESULT] 40,64,9,1.068439960,1.066117048,487614,459131,975228
[RESULT] 39,64,0,0.782992840,0.519204617,488139,459719,976278
[RESULT] 39,64,1,0.797012568,0.791026831,488139,459719,976278
[RESULT] 39,64,2,0.795993805,0.794045925,488139,459719,976278
[RESULT] 39,64,3,0.794991255,0.791024685,488139,459719,976278
[RESULT] 39,64,4,0.797987700,0.794019938,488139,459719,976278
[RESULT] 39,64,5,0.530039787,0.527202606,488139,459719,976278
[RESULT] 39,64,6,0.797037601,0.794129848,488139,459719,976278
[RESULT] 39,64,7,0.793713808,0.791138411,488139,459719,976278
[RESULT] 39,64,8,0.804123163,0.802109480,488139,459719,976278
[RESULT] 39,64,9,0.806354284,0.804868937,488139,459719,976278
[RESULT] 27,64,0,1.043987989,0.780079603,488479,460162,976958
[RESULT] 27,64,1,1.060990095,1.055028439,488479,460162,976958
[RESULT] 27,64,2,1.045975685,1.044017076,488479,460162,976958
[RESULT] 27,64,3,1.058987856,1.055023193,488479,460162,976958
[RESULT] 27,64,4,1.061990499,1.058025599,488479,460162,976958
[RESULT] 27,64,5,0.794048071,0.791089296,488479,460162,976958
[RESULT] 27,64,6,0.797035694,0.794076443,488479,460162,976958
[RESULT] 27,64,7,0.793126822,0.791069269,488479,460162,976958
[RESULT] 27,64,8,0.804117441,0.802060843,488479,460162,976958
[RESULT] 27,64,9,0.807636261,0.805665731,488479,460162,976958
[RESULT] 43,64,0,0.606999159,0.528234482,488187,459822,976374
[RESULT] 43,64,1,0.530138254,0.528211117,488187,459822,976374
[RESULT] 43,64,2,0.521128893,0.519201279,488187,459822,976374
[RESULT] 43,64,3,0.529126644,0.527198076,488187,459822,976374
[RESULT] 43,64,4,0.532128572,0.530200243,488187,459822,976374
[RESULT] 43,64,5,0.794049501,0.791136026,488187,459822,976374
[RESULT] 43,64,6,0.796428680,0.794121027,488187,459822,976374
[RESULT] 43,64,7,0.793131113,0.791131496,488187,459822,976374
[RESULT] 43,64,8,0.804123878,0.802097082,488187,459822,976374
[RESULT] 43,64,9,0.809505701,0.807059050,488187,459822,976374
[RESULT] 29,64,0,0.795989037,0.791075468,488730,460404,977460
[RESULT] 29,64,1,0.795981646,0.792119503,488730,460404,977460
[RESULT] 29,64,2,0.795992851,0.791124105,488730,460404,977460
[RESULT] 29,64,3,0.793861151,0.791121006,488730,460404,977460
[RESULT] 29,64,4,0.786990404,0.783119678,488730,460404,977460
[RESULT] 29,64,5,0.794028997,0.791084290,488730,460404,977460
[RESULT] 29,64,6,0.796316862,0.794082880,488730,460404,977460
[RESULT] 29,64,7,0.793097734,0.791077852,488730,460404,977460
[RESULT] 29,64,8,0.804994822,0.802080393,488730,460404,977460
[RESULT] 29,64,9,0.809022427,0.806112766,488730,460404,977460
[RESULT] 33,64,0,1.054981947,0.791178703,487129,458777,974258
[RESULT] 33,64,1,0.795448303,0.792194128,487129,458777,974258
[RESULT] 33,64,2,0.848825693,0.846064568,487129,458777,974258
[RESULT] 33,64,3,0.796245813,0.791127682,487129,458777,974258
[RESULT] 33,64,4,0.786420822,0.783178806,487129,458777,974258
[RESULT] 33,64,5,0.793998241,0.791136265,487129,458777,974258
[RESULT] 33,64,6,0.796291828,0.794090986,487129,458777,974258
[RESULT] 33,64,7,0.793085337,0.791100740,487129,458777,974258
[RESULT] 33,64,8,0.805974722,0.802095413,487129,458777,974258
[RESULT] 33,64,9,0.810202360,0.808449745,487129,458777,974258
[RESULT] 34,64,0,0.795991898,0.791133642,486944,458706,973888
[RESULT] 34,64,1,0.795992374,0.792156696,486944,458706,973888
[RESULT] 34,64,2,0.795989990,0.791194201,486944,458706,973888
[RESULT] 34,64,3,0.795992613,0.791160822,486944,458706,973888
[RESULT] 34,64,4,0.787167788,0.783130884,486944,458706,973888
[RESULT] 34,64,5,0.794493914,0.791131973,486944,458706,973888
[RESULT] 34,64,6,0.796313763,0.794079542,486944,458706,973888
[RESULT] 34,64,7,0.793106318,0.791072607,486944,458706,973888
[RESULT] 34,64,8,0.796981812,0.794060707,486944,458706,973888
[RESULT] 34,64,9,0.812838793,0.809684038,486944,458706,973888
[RESULT] 42,64,0,1.054990053,0.791138649,487206,458849,974412
[RESULT] 42,64,1,0.794727325,0.792127609,487206,458849,974412
[RESULT] 42,64,2,0.783460617,0.780212164,487206,458849,974412
[RESULT] 42,64,3,0.794129610,0.791201830,487206,458849,974412
[RESULT] 42,64,4,0.853183270,0.849148989,487206,458849,974412
[RESULT] 42,64,5,1.058441162,1.055035830,487206,458849,974412
[RESULT] 42,64,6,1.049337387,1.047052145,487206,458849,974412
[RESULT] 42,64,7,1.057126999,1.055051088,487206,458849,974412
[RESULT] 42,64,8,1.057991028,1.055031538,487206,458849,974412
[RESULT] 42,64,9,1.076283693,1.073100567,487206,458849,974412
[RESULT] 32,64,0,1.031757832,1.022097349,487122,458801,974244
[RESULT] 32,64,1,1.317991018,1.054130793,487122,458801,974244
[RESULT] 32,64,2,1.061805487,1.055128574,487122,458801,974244
[RESULT] 32,64,3,1.068780422,1.066135168,487122,458801,974244
[RESULT] 32,64,4,1.059159756,1.055119514,487122,458801,974244
[RESULT] 32,64,5,1.056944609,1.055081606,487122,458801,974244
[RESULT] 32,64,6,1.049315929,1.047066927,487122,458801,974244
[RESULT] 32,64,7,1.057100296,1.055065155,487122,458801,974244
[RESULT] 32,64,8,1.057987928,1.055065632,487122,458801,974244
[RESULT] 32,64,9,1.076265812,1.073137283,487122,458801,974244
[RESULT] 35,64,0,0.810985804,0.802058697,486609,458436,973218
[RESULT] 35,64,1,0.795993805,0.791096210,486609,458436,973218
[RESULT] 35,64,2,0.796993732,0.791120052,486609,458436,973218
[RESULT] 35,64,3,0.804798603,0.802097082,486609,458436,973218
[RESULT] 35,64,4,0.798175573,0.794079542,486609,458436,973218
[RESULT] 35,64,5,0.793535233,0.791055202,486609,458436,973218
[RESULT] 35,64,6,0.796713114,0.794023275,486609,458436,973218
[RESULT] 35,64,7,0.793666363,0.791021347,486609,458436,973218
[RESULT] 35,64,8,0.785899878,0.783023834,486609,458436,973218
[RESULT] 35,64,9,0.790286064,0.787113190,486609,458436,973218
[RESULT] 37,64,0,0.810983181,0.802044630,486131,457909,972262
[RESULT] 37,64,1,0.795985937,0.791098595,486131,457909,972262
[RESULT] 37,64,2,0.810055494,0.802109003,486131,457909,972262
[RESULT] 37,64,3,0.793790102,0.791097164,486131,457909,972262
[RESULT] 37,64,4,0.798168898,0.794090033,486131,457909,972262
[RESULT] 37,64,5,0.793313026,0.791046143,486131,457909,972262
[RESULT] 37,64,6,0.796321630,0.794025183,486131,457909,972262
[RESULT] 37,64,7,0.793315649,0.791016579,486131,457909,972262
[RESULT] 37,64,8,0.785387516,0.783010960,486131,457909,972262
[RESULT] 37,64,9,0.790014744,0.787070990,486131,457909,972262
[RESULT] 28,64,0,1.074987411,1.066033363,488144,459838,976288
[RESULT] 28,64,1,1.069990873,1.065101624,488144,459838,976288
[RESULT] 28,64,2,1.073988438,1.066066027,488144,459838,976288
[RESULT] 28,64,3,1.057795286,1.055059671,488144,459838,976288
[RESULT] 28,64,4,1.059192657,1.055084944,488144,459838,976288
[RESULT] 28,64,5,0.792822838,0.791364431,488144,459838,976288
[RESULT] 28,64,6,0.795846224,0.794384003,488144,459838,976288
[RESULT] 28,64,7,0.792821407,0.791355610,488144,459838,976288
[RESULT] 28,64,8,0.781905174,0.780367613,488144,459838,976288
[RESULT] 28,64,9,1.078590631,1.076059818,488144,459838,976288
