Retrieving the matrix from '../data/msdoor.mtx'...
Real Matrix (Strong Scaling): Rows=415863 | Cols=415863 | NNZ=10328399 | Procs=16
Matrix distributed and converted to CSR
Ghost columns identified: 584179 total ghost values needed
Local vector initialized (size=25992 per process)
[RESULT] 6,16,0,0.169118643,0.142414331,644374,588238,1288748
[RESULT] 6,16,1,0.117535353,0.111999512,644374,588238,1288748
[RESULT] 6,16,2,0.090331793,0.084774733,644374,588238,1288748
[RESULT] 6,16,3,0.117628813,0.112004995,644374,588238,1288748
[RESULT] 6,16,4,0.089759827,0.084461927,644374,588238,1288748
[RESULT] 6,16,5,0.089683056,0.084318638,644374,588238,1288748
[RESULT] 6,16,6,0.089126110,0.084002018,644374,588238,1288748
[RESULT] 6,16,7,0.089842319,0.084455252,644374,588238,1288748
[RESULT] 6,16,8,0.117782831,0.112005234,644374,588238,1288748
[RESULT] 6,16,9,0.089595079,0.084001303,644374,588238,1288748
[RESULT] 12,16,0,0.140378714,0.113215923,639589,583237,1279178
[RESULT] 12,16,1,0.090488672,0.084456682,639589,583237,1279178
[RESULT] 12,16,2,0.090270758,0.084527016,639589,583237,1279178
[RESULT] 12,16,3,0.090472221,0.084640026,639589,583237,1279178
[RESULT] 12,16,4,0.090102196,0.084349632,639589,583237,1279178
[RESULT] 12,16,5,0.117750883,0.112001657,639589,583237,1279178
[RESULT] 12,16,6,0.123599529,0.118007183,639589,583237,1279178
[RESULT] 12,16,7,0.089590788,0.084012508,639589,583237,1279178
[RESULT] 12,16,8,0.089537859,0.083993912,639589,583237,1279178
[RESULT] 12,16,9,0.089573383,0.084015608,639589,583237,1279178
[RESULT] 9,16,0,0.145400286,0.140245676,646142,589291,1292284
[RESULT] 9,16,1,0.117093801,0.112348080,646142,589291,1292284
[RESULT] 9,16,2,0.117051601,0.112801075,646142,589291,1292284
[RESULT] 9,16,3,0.145103693,0.140325785,646142,589291,1292284
[RESULT] 9,16,4,0.115071535,0.110325336,646142,589291,1292284
[RESULT] 9,16,5,0.142394304,0.116604090,646142,589291,1292284
[RESULT] 9,16,6,0.144730806,0.139997005,646142,589291,1292284
[RESULT] 9,16,7,0.116534710,0.112036943,646142,589291,1292284
[RESULT] 9,16,8,0.088284731,0.084043503,646142,589291,1292284
[RESULT] 9,16,9,0.116304874,0.112000942,646142,589291,1292284
[RESULT] 10,16,0,0.117351055,0.112010479,648933,592642,1297866
[RESULT] 10,16,1,0.117585897,0.112069130,648933,592642,1297866
[RESULT] 10,16,2,0.118779898,0.112938643,648933,592642,1297866
[RESULT] 10,16,3,0.090576887,0.084894419,648933,592642,1297866
[RESULT] 10,16,4,0.118262291,0.112780809,648933,592642,1297866
[RESULT] 10,16,5,0.112293005,0.085953474,648933,592642,1297866
[RESULT] 10,16,6,0.142484426,0.115918636,648933,592642,1297866
[RESULT] 10,16,7,0.117581129,0.112055302,648933,592642,1297866
[RESULT] 10,16,8,0.117741346,0.112002373,648933,592642,1297866
[RESULT] 10,16,9,0.115702391,0.088868141,648933,592642,1297866
[RESULT] 0,16,0,0.174270630,0.168187141,640437,584179,1280874
[RESULT] 0,16,1,0.113026857,0.106910467,640437,584179,1280874
[RESULT] 0,16,2,0.117104769,0.111304283,640437,584179,1280874
[RESULT] 0,16,3,0.145810127,0.139991760,640437,584179,1280874
[RESULT] 0,16,4,0.145774126,0.140004873,640437,584179,1280874
[RESULT] 0,16,5,0.145955801,0.140022516,640437,584179,1280874
[RESULT] 0,16,6,0.145215750,0.139520168,640437,584179,1280874
[RESULT] 0,16,7,0.140051842,0.113364458,640437,584179,1280874
[RESULT] 0,16,8,0.115831614,0.110256672,640437,584179,1280874
[RESULT] 0,16,9,0.145778418,0.140005112,640437,584179,1280874

Benchmark Summary
Processes: 16
Iterations: 10
Matrix NNZ: 10328399
Total execution time: 40.910 seconds
[RESULT] 13,16,0,0.144304037,0.118159056,644075,588125,1288150
[RESULT] 13,16,1,0.116848946,0.112013817,644075,588125,1288150
[RESULT] 13,16,2,0.116532564,0.112002373,644075,588125,1288150
[RESULT] 13,16,3,0.117900133,0.113662481,644075,588125,1288150
[RESULT] 13,16,4,0.086964369,0.082858801,644075,588125,1288150
[RESULT] 13,16,5,0.118678570,0.114255428,644075,588125,1288150
[RESULT] 13,16,6,0.088108063,0.084048986,644075,588125,1288150
[RESULT] 13,16,7,0.118620872,0.114032030,644075,588125,1288150
[RESULT] 13,16,8,0.088364363,0.084051132,644075,588125,1288150
[RESULT] 13,16,9,0.116621017,0.112187147,644075,588125,1288150
[RESULT] 4,16,0,0.117932081,0.112008095,637904,581739,1275808
[RESULT] 4,16,1,0.118403673,0.112412453,637904,581739,1275808
[RESULT] 4,16,2,0.145814419,0.140007973,637904,581739,1275808
[RESULT] 4,16,3,0.145830393,0.140005589,637904,581739,1275808
[RESULT] 4,16,4,0.145652533,0.140003920,637904,581739,1275808
[RESULT] 4,16,5,0.145822048,0.140014172,637904,581739,1275808
[RESULT] 4,16,6,0.165570259,0.160007238,637904,581739,1275808
[RESULT] 4,16,7,0.145612001,0.140007973,637904,581739,1275808
[RESULT] 4,16,8,0.145702600,0.140008926,637904,581739,1275808
[RESULT] 4,16,9,0.145641804,0.140036345,637904,581739,1275808
[RESULT] 1,16,0,0.144996166,0.140167713,644599,587876,1289198
[RESULT] 1,16,1,0.145043612,0.140012026,644599,587876,1289198
[RESULT] 1,16,2,0.144830465,0.139992952,644599,587876,1289198
[RESULT] 1,16,3,0.173994541,0.169078112,644599,587876,1289198
[RESULT] 1,16,4,0.115927458,0.111385584,644599,587876,1289198
[RESULT] 1,16,5,0.116583824,0.112383366,644599,587876,1289198
[RESULT] 1,16,6,0.172831059,0.167999029,644599,587876,1289198
[RESULT] 1,16,7,0.144886255,0.140000820,644599,587876,1289198
[RESULT] 1,16,8,0.116720438,0.112001181,644599,587876,1289198
[RESULT] 1,16,9,0.145066500,0.140179396,644599,587876,1289198
[RESULT] 5,16,0,0.116594553,0.112004757,642166,585473,1284332
[RESULT] 5,16,1,0.116834641,0.112380266,642166,585473,1284332
[RESULT] 5,16,2,0.144948244,0.140008926,642166,585473,1284332
[RESULT] 5,16,3,0.146425247,0.141858578,642166,585473,1284332
[RESULT] 5,16,4,0.169947863,0.144060373,642166,585473,1284332
[RESULT] 5,16,5,0.145098209,0.140329838,642166,585473,1284332
[RESULT] 5,16,6,0.144482613,0.139995575,642166,585473,1284332
[RESULT] 5,16,7,0.116239548,0.112006903,642166,585473,1284332
[RESULT] 5,16,8,0.116902113,0.112007141,642166,585473,1284332
[RESULT] 5,16,9,0.145088434,0.140145540,642166,585473,1284332
[RESULT] 8,16,0,0.090456963,0.084368229,640814,583523,1281628
[RESULT] 8,16,1,0.118361712,0.112236500,640814,583523,1281628
[RESULT] 8,16,2,0.141227007,0.114140034,640814,583523,1281628
[RESULT] 8,16,3,0.141082525,0.114011765,640814,583523,1281628
[RESULT] 8,16,4,0.118504047,0.112705231,640814,583523,1281628
[RESULT] 8,16,5,0.089957237,0.084055901,640814,583523,1281628
[RESULT] 8,16,6,0.116746187,0.111056566,640814,583523,1281628
[RESULT] 8,16,7,0.117746115,0.111998320,640814,583523,1281628
[RESULT] 8,16,8,0.115829468,0.088854074,640814,583523,1281628
[RESULT] 8,16,9,0.144501209,0.115598679,640814,583523,1281628
[RESULT] 2,16,0,0.145553827,0.140309572,646874,589801,1293748
[RESULT] 2,16,1,0.117473364,0.112057924,646874,589801,1293748
[RESULT] 2,16,2,0.170526743,0.143617392,646874,589801,1293748
[RESULT] 2,16,3,0.117786884,0.112073421,646874,589801,1293748
[RESULT] 2,16,4,0.118784189,0.113454103,646874,589801,1293748
[RESULT] 2,16,5,0.117516994,0.112011194,646874,589801,1293748
[RESULT] 2,16,6,0.117907047,0.112582445,646874,589801,1293748
[RESULT] 2,16,7,0.117452860,0.112010241,646874,589801,1293748
[RESULT] 2,16,8,0.145764112,0.140000343,646874,589801,1293748
[RESULT] 2,16,9,0.147928715,0.142284155,646874,589801,1293748
[RESULT] 15,16,0,0.181384802,0.176019192,651116,594354,1302232
[RESULT] 15,16,1,0.137216568,0.132010937,651116,594354,1302232
[RESULT] 15,16,2,0.181263208,0.175993919,651116,594354,1302232
[RESULT] 15,16,3,0.181354761,0.175999641,651116,594354,1302232
[RESULT] 15,16,4,0.181434393,0.175997019,651116,594354,1302232
[RESULT] 15,16,5,0.142753124,0.137526274,651116,594354,1302232
[RESULT] 15,16,6,0.137343645,0.132011414,651116,594354,1302232
[RESULT] 15,16,7,0.181591749,0.175999880,651116,594354,1302232
[RESULT] 15,16,8,0.137214184,0.132013083,651116,594354,1302232
[RESULT] 15,16,9,0.137315512,0.132012844,651116,594354,1302232
[RESULT] 14,16,0,0.173734903,0.168181896,645998,589805,1291996
[RESULT] 14,16,1,0.170488358,0.143994808,645998,589805,1291996
[RESULT] 14,16,2,0.117923975,0.112037182,645998,589805,1291996
[RESULT] 14,16,3,0.146883011,0.141374350,645998,589805,1291996
[RESULT] 14,16,4,0.141669989,0.115089655,645998,589805,1291996
[RESULT] 14,16,5,0.142092466,0.115551710,645998,589805,1291996
[RESULT] 14,16,6,0.117540121,0.112006903,645998,589805,1291996
[RESULT] 14,16,7,0.117600203,0.111995459,645998,589805,1291996
[RESULT] 14,16,8,0.145828724,0.139997721,645998,589805,1291996
[RESULT] 14,16,9,0.145403862,0.116011620,645998,589805,1291996
[RESULT] 3,16,0,0.225497007,0.219998360,651848,595039,1303696
[RESULT] 3,16,1,0.181368113,0.176005125,651848,595039,1303696
[RESULT] 3,16,2,0.225321531,0.219978094,651848,595039,1303696
[RESULT] 3,16,3,0.225447655,0.219982862,651848,595039,1303696
[RESULT] 3,16,4,0.181297779,0.176000595,651848,595039,1303696
[RESULT] 3,16,5,0.227533102,0.221991062,651848,595039,1303696
[RESULT] 3,16,6,0.181363821,0.176002026,651848,595039,1303696
[RESULT] 3,16,7,0.181059837,0.175986528,651848,595039,1303696
[RESULT] 3,16,8,0.181380033,0.176000834,651848,595039,1303696
[RESULT] 3,16,9,0.181383133,0.176002979,651848,595039,1303696
[RESULT] 7,16,0,0.225575924,0.220017910,649472,593567,1298944
[RESULT] 7,16,1,0.181552649,0.176003695,649472,593567,1298944
[RESULT] 7,16,2,0.223596573,0.218009233,649472,593567,1298944
[RESULT] 7,16,3,0.225563526,0.220010996,649472,593567,1298944
[RESULT] 7,16,4,0.225463152,0.220000029,649472,593567,1298944
[RESULT] 7,16,5,0.227574348,0.221999168,649472,593567,1298944
[RESULT] 7,16,6,0.181503534,0.176001310,649472,593567,1298944
[RESULT] 7,16,7,0.181421757,0.176003456,649472,593567,1298944
[RESULT] 7,16,8,0.181529522,0.175999880,649472,593567,1298944
[RESULT] 7,16,9,0.181491137,0.176006079,649472,593567,1298944
[RESULT] 11,16,0,0.225652933,0.219999075,654058,597239,1308116
[RESULT] 11,16,1,0.181645393,0.175999403,654058,597239,1308116
[RESULT] 11,16,2,0.223646402,0.217999935,654058,597239,1308116
[RESULT] 11,16,3,0.225624084,0.219997406,654058,597239,1308116
[RESULT] 11,16,4,0.225634575,0.219997406,654058,597239,1308116
[RESULT] 11,16,5,0.183554411,0.178005695,654058,597239,1308116
[RESULT] 11,16,6,0.181668043,0.175997257,654058,597239,1308116
[RESULT] 11,16,7,0.225647926,0.219995975,654058,597239,1308116
[RESULT] 11,16,8,0.181638956,0.175982714,654058,597239,1308116
[RESULT] 11,16,9,0.181631565,0.176020861,654058,597239,1308116
