Retrieving the matrix from '../data/msdoor.mtx'...
Real Matrix (Strong Scaling): Rows=415863 | Cols=415863 | NNZ=10328399 | Procs=8
Matrix distributed and converted to CSR
Ghost columns identified: 1093631 total ghost values needed
Local vector initialized (size=51983 per process)
[RESULT] 4,8,0,0.239250183,0.234012842,1277493,1092082,2554986
[RESULT] 4,8,1,0.239222288,0.234005928,1277493,1092082,2554986
[RESULT] 4,8,2,0.246431589,0.241277933,1277493,1092082,2554986
[RESULT] 4,8,3,0.239383459,0.234007120,1277493,1092082,2554986
[RESULT] 4,8,4,0.239134312,0.234013796,1277493,1092082,2554986
[RESULT] 4,8,5,0.239129782,0.234005451,1277493,1092082,2554986
[RESULT] 4,8,6,0.239029884,0.234025955,1277493,1092082,2554986
[RESULT] 4,8,7,0.239249468,0.234013319,1277493,1092082,2554986
[RESULT] 4,8,8,0.239123583,0.234010696,1277493,1092082,2554986
[RESULT] 4,8,9,0.239276648,0.234021664,1277493,1092082,2554986
[RESULT] 2,8,0,0.267984629,0.255111217,1295807,1108342,2591614
[RESULT] 2,8,1,0.268083811,0.249072790,1295807,1108342,2591614
[RESULT] 2,8,2,0.268720865,0.247405052,1295807,1108342,2591614
[RESULT] 2,8,3,0.267690659,0.255232573,1295807,1108342,2591614
[RESULT] 2,8,4,0.273977041,0.254946709,1295807,1108342,2591614
[RESULT] 2,8,5,0.253065348,0.245418787,1295807,1108342,2591614
[RESULT] 2,8,6,0.263687134,0.255097628,1295807,1108342,2591614
[RESULT] 2,8,7,0.262123585,0.254948139,1295807,1108342,2591614
[RESULT] 2,8,8,0.254429817,0.247135639,1295807,1108342,2591614
[RESULT] 2,8,9,0.254963398,0.247168064,1295807,1108342,2591614
[RESULT] 5,8,0,0.238334417,0.234011650,1286241,1100460,2572482
[RESULT] 5,8,1,0.238125563,0.234013557,1286241,1100460,2572482
[RESULT] 5,8,2,0.263395548,0.259028673,1286241,1100460,2572482
[RESULT] 5,8,3,0.132778168,0.115150928,1286241,1100460,2572482
[RESULT] 5,8,4,0.238224983,0.234015465,1286241,1100460,2572482
[RESULT] 5,8,5,0.238183260,0.234009981,1286241,1100460,2572482
[RESULT] 5,8,6,0.249261618,0.245010853,1286241,1100460,2572482
[RESULT] 5,8,7,0.238293648,0.234010696,1286241,1100460,2572482
[RESULT] 5,8,8,0.238146067,0.234015703,1286241,1100460,2572482
[RESULT] 5,8,9,0.238145113,0.234003782,1286241,1100460,2572482
[RESULT] 0,8,0,0.265269279,0.260022640,1281251,1093631,2562502
[RESULT] 0,8,1,0.259736776,0.254679203,1281251,1093631,2562502
[RESULT] 0,8,2,0.272457600,0.267035007,1281251,1093631,2562502
[RESULT] 0,8,3,0.259189129,0.253862381,1281251,1093631,2562502
[RESULT] 0,8,4,0.262638330,0.257456303,1281251,1093631,2562502
[RESULT] 0,8,5,0.264857292,0.260019779,1281251,1093631,2562502
[RESULT] 0,8,6,0.265239716,0.260016203,1281251,1093631,2562502
[RESULT] 0,8,7,0.257702112,0.252514124,1281251,1093631,2562502
[RESULT] 0,8,8,0.255649090,0.250518799,1281251,1093631,2562502
[RESULT] 0,8,9,0.260017633,0.254815340,1281251,1093631,2562502

Benchmark Summary
Processes: 8
Iterations: 10
Matrix NNZ: 10328399
Total execution time: 22.871 seconds
[RESULT] 6,8,0,0.248826742,0.234014988,1290372,1105085,2580744
[RESULT] 6,8,1,0.248714685,0.234003305,1290372,1105085,2580744
[RESULT] 6,8,2,0.262820721,0.254920006,1290372,1105085,2580744
[RESULT] 6,8,3,0.261485815,0.239005804,1290372,1105085,2580744
[RESULT] 6,8,4,0.248941422,0.234014750,1290372,1105085,2580744
[RESULT] 6,8,5,0.256382704,0.234002590,1290372,1105085,2580744
[RESULT] 6,8,6,0.255913734,0.234014034,1290372,1105085,2580744
[RESULT] 6,8,7,0.255913258,0.234013081,1290372,1105085,2580744
[RESULT] 6,8,8,0.255215168,0.234004974,1290372,1105085,2580744
[RESULT] 6,8,9,0.255620480,0.234011650,1290372,1105085,2580744
[RESULT] 3,8,0,0.259383917,0.251630783,1305906,1118212,2611812
[RESULT] 3,8,1,0.255131245,0.246480942,1305906,1118212,2611812
[RESULT] 3,8,2,0.263910294,0.254746914,1305906,1118212,2611812
[RESULT] 3,8,3,0.262697220,0.254800797,1305906,1118212,2611812
[RESULT] 3,8,4,0.260842085,0.253376722,1305906,1118212,2611812
[RESULT] 3,8,5,0.265338659,0.257785559,1305906,1118212,2611812
[RESULT] 3,8,6,0.262744665,0.254826307,1305906,1118212,2611812
[RESULT] 3,8,7,0.263146639,0.254758835,1305906,1118212,2611812
[RESULT] 3,8,8,0.262075424,0.254753351,1305906,1118212,2611812
[RESULT] 3,8,9,0.262697697,0.254758596,1305906,1118212,2611812
[RESULT] 1,8,0,0.264365673,0.260014534,1290741,1102943,2581482
[RESULT] 1,8,1,0.264403343,0.260017872,1290741,1102943,2581482
[RESULT] 1,8,2,0.251446962,0.247309208,1290741,1102943,2581482
[RESULT] 1,8,3,0.154548168,0.150274754,1290741,1102943,2581482
[RESULT] 1,8,4,0.261713743,0.257406712,1290741,1102943,2581482
[RESULT] 1,8,5,0.264338255,0.260027885,1290741,1102943,2581482
[RESULT] 1,8,6,0.275335073,0.271024704,1290741,1102943,2581482
[RESULT] 1,8,7,0.258758545,0.254327059,1290741,1102943,2581482
[RESULT] 1,8,8,0.263762712,0.259322405,1290741,1102943,2581482
[RESULT] 1,8,9,0.263379097,0.259035110,1290741,1102943,2581482
[RESULT] 7,8,0,0.256802797,0.234276533,1300588,1114832,2601176
[RESULT] 7,8,1,0.255470753,0.234012365,1300588,1114832,2601176
[RESULT] 7,8,2,0.255507231,0.234009981,1300588,1114832,2601176
[RESULT] 7,8,3,0.255258083,0.234091043,1300588,1114832,2601176
[RESULT] 7,8,4,0.255332232,0.234010220,1300588,1114832,2601176
[RESULT] 7,8,5,0.258403778,0.237010717,1300588,1114832,2601176
[RESULT] 7,8,6,0.255487442,0.234010935,1300588,1114832,2601176
[RESULT] 7,8,7,0.255263805,0.234007120,1300588,1114832,2601176
[RESULT] 7,8,8,0.255309105,0.234011173,1300588,1114832,2601176
[RESULT] 7,8,9,0.256160736,0.234009266,1300588,1114832,2601176
