Retrieving the matrix from '../data/msdoor.mtx'...
Real Matrix (Strong Scaling): Rows=415863 | Cols=415863 | NNZ=10328399 | Procs=4
Matrix distributed and converted to CSR
Ghost columns identified: 1871027 total ghost values needed
Local vector initialized (size=103966 per process)
[RESULT] 2,4,0,0.031425476,0.026939869,2586179,1899120,5172358
[RESULT] 2,4,1,0.022234917,0.017620325,2586179,1899120,5172358
[RESULT] 2,4,2,0.021367550,0.016902447,2586179,1899120,5172358
[RESULT] 2,4,3,0.020973444,0.016515732,2586179,1899120,5172358
[RESULT] 2,4,4,0.020357847,0.015876055,2586179,1899120,5172358
[RESULT] 2,4,5,0.020684242,0.016243935,2586179,1899120,5172358
[RESULT] 2,4,6,0.020518303,0.016067505,2586179,1899120,5172358
[RESULT] 2,4,7,0.020066500,0.015600681,2586179,1899120,5172358
[RESULT] 2,4,8,0.020400763,0.015761852,2586179,1899120,5172358
[RESULT] 2,4,9,0.020226240,0.015619755,2586179,1899120,5172358
[RESULT] 0,4,0,0.032999277,0.028230429,2558744,1871027,5117488
[RESULT] 0,4,1,0.024280310,0.019370794,2558744,1871027,5117488
[RESULT] 0,4,2,0.022647619,0.017652512,2558744,1871027,5117488
[RESULT] 0,4,3,0.022042990,0.017010689,2558744,1871027,5117488
[RESULT] 0,4,4,0.021747589,0.016824484,2558744,1871027,5117488
[RESULT] 0,4,5,0.020803213,0.015846491,2558744,1871027,5117488
[RESULT] 0,4,6,0.020962954,0.015933275,2558744,1871027,5117488
[RESULT] 0,4,7,0.021014929,0.016004801,2558744,1871027,5117488
[RESULT] 0,4,8,0.020587206,0.015653372,2558744,1871027,5117488
[RESULT] 0,4,9,0.020711422,0.015764713,2558744,1871027,5117488

Benchmark Summary
Processes: 4
Iterations: 10
Matrix NNZ: 10328399
Total execution time: 5.998 seconds
[RESULT] 3,4,0,0.029792070,0.025283575,2606494,1917833,5212988
[RESULT] 3,4,1,0.022997141,0.018614769,2606494,1917833,5212988
[RESULT] 3,4,2,0.021906614,0.017558336,2606494,1917833,5212988
[RESULT] 3,4,3,0.021084309,0.016740799,2606494,1917833,5212988
[RESULT] 3,4,4,0.021201611,0.016862392,2606494,1917833,5212988
[RESULT] 3,4,5,0.020117044,0.015820503,2606494,1917833,5212988
[RESULT] 3,4,6,0.021333933,0.017000437,2606494,1917833,5212988
[RESULT] 3,4,7,0.021553040,0.017226696,2606494,1917833,5212988
[RESULT] 3,4,8,0.021005630,0.016664028,2606494,1917833,5212988
[RESULT] 3,4,9,0.021183252,0.016853333,2606494,1917833,5212988
[RESULT] 1,4,0,0.034163952,0.023264408,2576982,1887950,5153964
[RESULT] 1,4,1,0.025041580,0.016686916,2576982,1887950,5153964
[RESULT] 1,4,2,0.025120735,0.016375303,2576982,1887950,5153964
[RESULT] 1,4,3,0.025574684,0.016696930,2576982,1887950,5153964
[RESULT] 1,4,4,0.024248838,0.015801430,2576982,1887950,5153964
[RESULT] 1,4,5,0.025007010,0.016015053,2576982,1887950,5153964
[RESULT] 1,4,6,0.023619175,0.015629530,2576982,1887950,5153964
[RESULT] 1,4,7,0.024879217,0.015879869,2576982,1887950,5153964
[RESULT] 1,4,8,0.024419546,0.016084909,2576982,1887950,5153964
[RESULT] 1,4,9,0.024905443,0.016026020,2576982,1887950,5153964
