Retrieving the matrix from '../data/Andrews.mtx'...
Real Matrix (Strong Scaling): Rows=60000 | Cols=60000 | NNZ=410077 | Procs=1
Matrix distributed and converted to CSR
Ghost columns identified: 0 total ghost values needed
Local vector initialized (size=60000 per process)
[RESULT] 0,1,0,0.000869036,0.000011683,410077,0,820154
[RESULT] 0,1,1,0.000673294,0.000001431,410077,0,820154
[RESULT] 0,1,2,0.000663280,0.000000954,410077,0,820154
[RESULT] 0,1,3,0.000646591,0.000000715,410077,0,820154
[RESULT] 0,1,4,0.000644445,0.000000477,410077,0,820154
[RESULT] 0,1,5,0.000647068,0.000000954,410077,0,820154
[RESULT] 0,1,6,0.000629902,0.000000715,410077,0,820154
[RESULT] 0,1,7,0.000631809,0.000000715,410077,0,820154
[RESULT] 0,1,8,0.000630617,0.000000715,410077,0,820154
[RESULT] 0,1,9,0.000617981,0.000000715,410077,0,820154

Benchmark Summary
Processes: 1
Iterations: 10
Matrix NNZ: 410077
Total execution time: 0.197 seconds
