Retrieving the matrix from '../data/msdoor.mtx'...
Real Matrix (Strong Scaling): Rows=415863 | Cols=415863 | NNZ=10328399 | Procs=128
Matrix distributed and converted to CSR
Ghost columns identified: 75744 total ghost values needed
Local vector initialized (size=3249 per process)
[RESULT] 94,128,0,0.013671875,0.012902260,81190,77536,162380
[RESULT] 94,128,1,0.013354301,0.012586355,81190,77536,162380
[RESULT] 94,128,2,0.013253212,0.012495041,81190,77536,162380
[RESULT] 94,128,3,0.014129877,0.013313770,81190,77536,162380
[RESULT] 94,128,4,0.014424324,0.013565063,81190,77536,162380
[RESULT] 94,128,5,0.014337301,0.013494492,81190,77536,162380
[RESULT] 94,128,6,0.014467955,0.013612270,81190,77536,162380
[RESULT] 94,128,7,0.013349295,0.012594223,81190,77536,162380
[RESULT] 94,128,8,0.014242649,0.013379574,81190,77536,162380
[RESULT] 94,128,9,0.013192177,0.012435198,81190,77536,162380
[RESULT] 16,128,0,0.013466358,0.012644053,79948,76300,159896
[RESULT] 16,128,1,0.013838053,0.013029575,79948,76300,159896
[RESULT] 16,128,2,0.013669729,0.012873650,79948,76300,159896
[RESULT] 16,128,3,0.014057636,0.013208628,79948,76300,159896
[RESULT] 16,128,4,0.014133692,0.013333559,79948,76300,159896
[RESULT] 16,128,5,0.013853788,0.013056993,79948,76300,159896
[RESULT] 16,128,6,0.014006853,0.013198376,79948,76300,159896
[RESULT] 16,128,7,0.013822556,0.013066769,79948,76300,159896
[RESULT] 16,128,8,0.014032602,0.013223171,79948,76300,159896
[RESULT] 16,128,9,0.013216257,0.012516737,79948,76300,159896
[RESULT] 68,128,0,0.013315201,0.012473583,79640,75820,159280
[RESULT] 68,128,1,0.014328957,0.013446569,79640,75820,159280
[RESULT] 68,128,2,0.013739586,0.012909651,79640,75820,159280
[RESULT] 68,128,3,0.014012814,0.013145447,79640,75820,159280
[RESULT] 68,128,4,0.012781382,0.012002468,79640,75820,159280
[RESULT] 68,128,5,0.014211655,0.013357401,79640,75820,159280
[RESULT] 68,128,6,0.013904095,0.013080835,79640,75820,159280
[RESULT] 68,128,7,0.014093637,0.013254642,79640,75820,159280
[RESULT] 68,128,8,0.013700008,0.012861490,79640,75820,159280
[RESULT] 68,128,9,0.013517380,0.012744665,79640,75820,159280
[RESULT] 76,128,0,0.012301445,0.011520147,79820,76047,159640
[RESULT] 76,128,1,0.014255524,0.013398886,79820,76047,159640
[RESULT] 76,128,2,0.013803720,0.013005972,79820,76047,159640
[RESULT] 76,128,3,0.013804913,0.012987137,79820,76047,159640
[RESULT] 76,128,4,0.013807297,0.013016224,79820,76047,159640
[RESULT] 76,128,5,0.013237476,0.012503147,79820,76047,159640
[RESULT] 76,128,6,0.013905525,0.013114452,79820,76047,159640
[RESULT] 76,128,7,0.013727665,0.012955427,79820,76047,159640
[RESULT] 76,128,8,0.013714314,0.012898922,79820,76047,159640
[RESULT] 76,128,9,0.013529539,0.012793303,79820,76047,159640
[RESULT] 92,128,0,0.013747931,0.013108492,80361,76708,160722
[RESULT] 92,128,1,0.013369083,0.012732744,80361,76708,160722
[RESULT] 92,128,2,0.013374567,0.012751341,80361,76708,160722
[RESULT] 92,128,3,0.013633251,0.013022184,80361,76708,160722
[RESULT] 92,128,4,0.012971640,0.012370825,80361,76708,160722
[RESULT] 92,128,5,0.014099836,0.013431072,80361,76708,160722
[RESULT] 92,128,6,0.013670444,0.013041735,80361,76708,160722
[RESULT] 92,128,7,0.013586521,0.012961626,80361,76708,160722
[RESULT] 92,128,8,0.013605833,0.012958765,80361,76708,160722
[RESULT] 92,128,9,0.013689280,0.013076305,80361,76708,160722
[RESULT] 45,128,0,0.013843060,0.013136387,80251,76585,160502
[RESULT] 45,128,1,0.014636755,0.013895273,80251,76585,160502
[RESULT] 45,128,2,0.013825178,0.013098001,80251,76585,160502
[RESULT] 45,128,3,0.014610529,0.013872147,80251,76585,160502
[RESULT] 45,128,4,0.013847113,0.013125896,80251,76585,160502
[RESULT] 45,128,5,0.013353586,0.012679338,80251,76585,160502
[RESULT] 45,128,6,0.013660192,0.012954473,80251,76585,160502
[RESULT] 45,128,7,0.014081240,0.013342142,80251,76585,160502
[RESULT] 45,128,8,0.013128281,0.012505054,80251,76585,160502
[RESULT] 45,128,9,0.013640881,0.012942791,80251,76585,160502
[RESULT] 17,128,0,0.014613867,0.013832808,80337,76700,160674
[RESULT] 17,128,1,0.014236212,0.013453245,80337,76700,160674
[RESULT] 17,128,2,0.014102221,0.013341188,80337,76700,160674
[RESULT] 17,128,3,0.014460325,0.013702631,80337,76700,160674
[RESULT] 17,128,4,0.014425039,0.013679743,80337,76700,160674
[RESULT] 17,128,5,0.014084339,0.013323545,80337,76700,160674
[RESULT] 17,128,6,0.014051676,0.013300657,80337,76700,160674
[RESULT] 17,128,7,0.014260530,0.013506413,80337,76700,160674
[RESULT] 17,128,8,0.014285803,0.013540506,80337,76700,160674
[RESULT] 17,128,9,0.013668299,0.012944460,80337,76700,160674
[RESULT] 77,128,0,0.013020515,0.012339354,80505,76799,161010
[RESULT] 77,128,1,0.014068842,0.013325691,80505,76799,161010
[RESULT] 77,128,2,0.013998032,0.013236284,80505,76799,161010
[RESULT] 77,128,3,0.014248610,0.013490677,80505,76799,161010
[RESULT] 77,128,4,0.013475657,0.012787819,80505,76799,161010
[RESULT] 77,128,5,0.013502598,0.012803078,80505,76799,161010
[RESULT] 77,128,6,0.013591528,0.012891769,80505,76799,161010
[RESULT] 77,128,7,0.013440609,0.012765884,80505,76799,161010
[RESULT] 77,128,8,0.013762951,0.013034105,80505,76799,161010
[RESULT] 77,128,9,0.013744116,0.013009310,80505,76799,161010
[RESULT] 4,128,0,0.014492035,0.013615370,79723,76076,159446
[RESULT] 4,128,1,0.012632132,0.011827707,79723,76076,159446
[RESULT] 4,128,2,0.013996601,0.013139248,79723,76076,159446
[RESULT] 4,128,3,0.013804436,0.012935162,79723,76076,159446
[RESULT] 4,128,4,0.013993025,0.013174057,79723,76076,159446
[RESULT] 4,128,5,0.014147043,0.013304710,79723,76076,159446
[RESULT] 4,128,6,0.014264584,0.013420582,79723,76076,159446
[RESULT] 4,128,7,0.013552427,0.012759924,79723,76076,159446
[RESULT] 89,128,0,0.014140129,0.013258457,81096,77451,162192
[RESULT] 89,128,1,0.014338970,0.013468504,81096,77451,162192
[RESULT] 89,128,2,0.014527082,0.013662338,81096,77451,162192
[RESULT] 89,128,3,0.014553785,0.013709545,81096,77451,162192
[RESULT] 89,128,4,0.013224840,0.012460947,81096,77451,162192
[RESULT] 89,128,5,0.014138222,0.013274193,81096,77451,162192
[RESULT] 89,128,6,0.013829470,0.012998819,81096,77451,162192
[RESULT] 89,128,7,0.014129639,0.013271570,81096,77451,162192
[RESULT] 4,128,8,0.014256001,0.013417244,79723,76076,159446
[RESULT] 4,128,9,0.013832808,0.013054371,79723,76076,159446
[RESULT] 93,128,0,0.014324665,0.013460159,81009,77357,162018
[RESULT] 93,128,1,0.013970613,0.013153791,81009,77357,162018
[RESULT] 93,128,2,0.013917208,0.013109684,81009,77357,162018
[RESULT] 93,128,3,0.013776779,0.012984276,81009,77357,162018
[RESULT] 93,128,4,0.013464689,0.012701988,81009,77357,162018
[RESULT] 93,128,5,0.013809443,0.013007402,81009,77357,162018
[RESULT] 93,128,6,0.013991356,0.013182402,81009,77357,162018
[RESULT] 93,128,7,0.014178038,0.013342619,81009,77357,162018
[RESULT] 93,128,8,0.014072180,0.013249874,81009,77357,162018
[RESULT] 93,128,9,0.013762474,0.012966633,81009,77357,162018
[RESULT] 70,128,0,0.013242483,0.012460470,80120,76325,160240
[RESULT] 70,128,1,0.014319181,0.013543844,80120,76325,160240
[RESULT] 70,128,2,0.014321804,0.013556480,80120,76325,160240
[RESULT] 70,128,3,0.014536381,0.013766766,80120,76325,160240
[RESULT] 70,128,4,0.014376879,0.013603687,80120,76325,160240
[RESULT] 70,128,5,0.014199257,0.013432264,80120,76325,160240
[RESULT] 70,128,6,0.013948679,0.013200760,80120,76325,160240
[RESULT] 70,128,7,0.013881922,0.013139248,80120,76325,160240
[RESULT] 70,128,8,0.013597012,0.012852430,80120,76325,160240
[RESULT] 70,128,9,0.013798952,0.013049364,80120,76325,160240
[RESULT] 39,128,0,0.013839483,0.013220310,80629,76963,161258
[RESULT] 39,128,1,0.013980389,0.013341665,80629,76963,161258
[RESULT] 39,128,2,0.014026165,0.013398170,80629,76963,161258
[RESULT] 39,128,3,0.014050722,0.013399601,80629,76963,161258
[RESULT] 39,128,4,0.014149666,0.013517141,80629,76963,161258
[RESULT] 39,128,5,0.013358831,0.012768507,80629,76963,161258
[RESULT] 39,128,6,0.013810635,0.013203621,80629,76963,161258
[RESULT] 39,128,7,0.014389277,0.013727427,80629,76963,161258
[RESULT] 39,128,8,0.013963461,0.013334990,80629,76963,161258
[RESULT] 39,128,9,0.013727188,0.013128757,80629,76963,161258
[RESULT] 120,128,0,0.014585257,0.013689280,79756,76112,159512
[RESULT] 120,128,1,0.014312267,0.013428926,79756,76112,159512
[RESULT] 120,128,2,0.014110088,0.013266087,79756,76112,159512
[RESULT] 120,128,3,0.014278173,0.013396263,79756,76112,159512
[RESULT] 120,128,4,0.014283180,0.013433456,79756,76112,159512
[RESULT] 120,128,5,0.014306545,0.013450623,79756,76112,159512
[RESULT] 120,128,6,0.014099836,0.013259649,79756,76112,159512
[RESULT] 120,128,7,0.014345884,0.013489485,79756,76112,159512
[RESULT] 120,128,8,0.014241934,0.013395071,79756,76112,159512
[RESULT] 120,128,9,0.013786793,0.012989283,79756,76112,159512
[RESULT] 89,128,8,0.013965845,0.013131142,81096,77451,162192
[RESULT] 89,128,9,0.013755798,0.012938976,81096,77451,162192
[RESULT] 79,128,0,0.013694048,0.013033867,81848,78158,163696
[RESULT] 79,128,1,0.014018297,0.013395548,81848,78158,163696
[RESULT] 79,128,2,0.013625622,0.013057232,81848,78158,163696
[RESULT] 79,128,3,0.014148951,0.013573408,81848,78158,163696
[RESULT] 79,128,4,0.013485432,0.012933969,81848,78158,163696
[RESULT] 79,128,5,0.014536142,0.013946533,81848,78158,163696
[RESULT] 79,128,6,0.013800621,0.013244629,81848,78158,163696
[RESULT] 79,128,7,0.014545441,0.013933420,81848,78158,163696
[RESULT] 79,128,8,0.014505148,0.013899565,81848,78158,163696
[RESULT] 79,128,9,0.013795614,0.013239622,81848,78158,163696
[RESULT] 48,128,0,0.013686895,0.013061523,80174,76544,160348
[RESULT] 48,128,1,0.013864756,0.013221979,80174,76544,160348
[RESULT] 48,128,2,0.013815880,0.013176918,80174,76544,160348
[RESULT] 48,128,3,0.013884306,0.013239622,80174,76544,160348
[RESULT] 48,128,4,0.013678312,0.013035297,80174,76544,160348
[RESULT] 13,128,0,0.014332294,0.013562679,80378,76733,160756
[RESULT] 13,128,1,0.014137506,0.013389826,80378,76733,160756
[RESULT] 13,128,2,0.013439417,0.012758970,80378,76733,160756
[RESULT] 13,128,3,0.013472795,0.012830019,80378,76733,160756
[RESULT] 13,128,4,0.014143467,0.013397217,80378,76733,160756
[RESULT] 13,128,5,0.013381004,0.012700796,80378,76733,160756
[RESULT] 13,128,6,0.013699770,0.012992144,80378,76733,160756
[RESULT] 91,128,0,0.013130188,0.012449503,82170,78540,164340
[RESULT] 91,128,1,0.013655663,0.013011932,82170,78540,164340
[RESULT] 91,128,2,0.013055325,0.012495518,82170,78540,164340
[RESULT] 91,128,3,0.014129400,0.013538599,82170,78540,164340
[RESULT] 91,128,4,0.013467312,0.012901783,82170,78540,164340
[RESULT] 91,128,5,0.014027119,0.013423681,82170,78540,164340
[RESULT] 91,128,6,0.013871670,0.013293028,82170,78540,164340
[RESULT] 91,128,7,0.014315128,0.013687372,82170,78540,164340
[RESULT] 91,128,8,0.014231205,0.013633966,82170,78540,164340
[RESULT] 91,128,9,0.013802767,0.013218164,82170,78540,164340
[RESULT] 64,128,0,0.013409615,0.012777567,80513,76782,161026
[RESULT] 64,128,1,0.014183760,0.013498306,80513,76782,161026
[RESULT] 64,128,2,0.013778210,0.013134003,80513,76782,161026
[RESULT] 64,128,3,0.014398336,0.013722181,80513,76782,161026
[RESULT] 64,128,4,0.013473988,0.012841940,80513,76782,161026
[RESULT] 64,128,5,0.014387369,0.013715029,80513,76782,161026
[RESULT] 64,128,6,0.013856888,0.013227463,80513,76782,161026
[RESULT] 64,128,7,0.014044762,0.013366938,80513,76782,161026
[RESULT] 64,128,8,0.013455629,0.012812614,80513,76782,161026
[RESULT] 64,128,9,0.013908863,0.013270378,80513,76782,161026
[RESULT] 33,128,0,0.014311552,0.013514757,80185,76545,160370
[RESULT] 33,128,1,0.014096260,0.013334990,80185,76545,160370
[RESULT] 33,128,2,0.014079332,0.013293028,80185,76545,160370
[RESULT] 33,128,3,0.014477491,0.013700724,80185,76545,160370
[RESULT] 33,128,4,0.014006853,0.013238668,80185,76545,160370
[RESULT] 33,128,5,0.014058590,0.013281107,80185,76545,160370
[RESULT] 33,128,6,0.014634848,0.013877630,80185,76545,160370
[RESULT] 33,128,7,0.014479637,0.013719320,80185,76545,160370
[RESULT] 33,128,8,0.013762951,0.013015509,80185,76545,160370
[RESULT] 33,128,9,0.013890982,0.013113499,80185,76545,160370
[RESULT] 18,128,0,0.014504910,0.013633013,80667,77042,161334
[RESULT] 18,128,1,0.013838768,0.013031721,80667,77042,161334
[RESULT] 18,128,2,0.013974667,0.013152122,80667,77042,161334
[RESULT] 18,128,3,0.014378071,0.013524294,80667,77042,161334
[RESULT] 18,128,4,0.014466286,0.013599396,80667,77042,161334
[RESULT] 18,128,5,0.014264584,0.013440609,80667,77042,161334
[RESULT] 18,128,6,0.014306068,0.013459206,80667,77042,161334
[RESULT] 18,128,7,0.014487028,0.013617516,80667,77042,161334
[RESULT] 18,128,8,0.014480114,0.013570070,80667,77042,161334
[RESULT] 18,128,9,0.013908625,0.013086796,80667,77042,161334
[RESULT] 8,128,0,0.014296532,0.013586998,80108,76453,160216
[RESULT] 8,128,1,0.013440609,0.012776852,80108,76453,160216
[RESULT] 8,128,2,0.013317108,0.012690306,80108,76453,160216
[RESULT] 8,128,3,0.014088154,0.013398409,80108,76453,160216
[RESULT] 8,128,4,0.014014482,0.013324261,80108,76453,160216
[RESULT] 8,128,5,0.013894081,0.013231754,80108,76453,160216
[RESULT] 8,128,6,0.013946056,0.013277769,80108,76453,160216
[RESULT] 8,128,7,0.013790369,0.013132095,80108,76453,160216
[RESULT] 8,128,8,0.013136148,0.012515068,80108,76453,160216
[RESULT] 8,128,9,0.013923883,0.013266325,80108,76453,160216
[RESULT] 13,128,7,0.013906956,0.013193130,80378,76733,160756
[RESULT] 13,128,8,0.014260530,0.013522387,80378,76733,160756
[RESULT] 13,128,9,0.013882637,0.013149738,80378,76733,160756
[RESULT] 20,128,0,0.014629364,0.013922691,79885,76239,159770
[RESULT] 20,128,1,0.013578653,0.012904882,79885,76239,159770
[RESULT] 20,128,2,0.013921022,0.013258934,79885,76239,159770
[RESULT] 20,128,3,0.013867140,0.013187170,79885,76239,159770
[RESULT] 20,128,4,0.014113426,0.013450623,79885,76239,159770
[RESULT] 20,128,5,0.014377832,0.013695955,79885,76239,159770
[RESULT] 20,128,6,0.013613462,0.012962341,79885,76239,159770
[RESULT] 20,128,7,0.014271259,0.013578892,79885,76239,159770
[RESULT] 20,128,8,0.012987852,0.012378693,79885,76239,159770
[RESULT] 20,128,9,0.013925552,0.013272047,79885,76239,159770
[RESULT] 5,128,0,0.014351845,0.013534069,80413,76768,160826
[RESULT] 5,128,1,0.011732101,0.011050463,80413,76768,160826
[RESULT] 5,128,2,0.013200045,0.012502193,80413,76768,160826
[RESULT] 5,128,3,0.014304161,0.013504267,80413,76768,160826
[RESULT] 48,128,5,0.013713598,0.013105392,80174,76544,160348
[RESULT] 48,128,6,0.014071465,0.013421535,80174,76544,160348
[RESULT] 48,128,7,0.014119864,0.013469219,80174,76544,160348
[RESULT] 48,128,8,0.014132977,0.013479471,80174,76544,160348
[RESULT] 48,128,9,0.013903856,0.013278484,80174,76544,160348
[RESULT] 41,128,0,0.014286995,0.013466597,80440,76767,160880
[RESULT] 41,128,1,0.014415503,0.013609648,80440,76767,160880
[RESULT] 41,128,2,0.014032602,0.013221502,80440,76767,160880
[RESULT] 41,128,3,0.014682293,0.013891697,80440,76767,160880
[RESULT] 41,128,4,0.013907671,0.013107061,80440,76767,160880
[RESULT] 41,128,5,0.013200998,0.012488127,80440,76767,160880
[RESULT] 41,128,6,0.014482260,0.013689518,80440,76767,160880
[RESULT] 41,128,7,0.014128923,0.013329983,80440,76767,160880
[RESULT] 41,128,8,0.013898134,0.013120174,80440,76767,160880
[RESULT] 5,128,4,0.014076471,0.013286352,80413,76768,160826
[RESULT] 5,128,5,0.014255762,0.013468981,80413,76768,160826
[RESULT] 5,128,6,0.014086962,0.013308048,80413,76768,160826
[RESULT] 5,128,7,0.014197111,0.013398170,80413,76768,160826
[RESULT] 5,128,8,0.014199495,0.013415098,80413,76768,160826
[RESULT] 5,128,9,0.013928890,0.013146400,80413,76768,160826
[RESULT] 60,128,0,0.014160872,0.013334036,80236,76555,160472
[RESULT] 60,128,1,0.014359951,0.013505459,80236,76555,160472
[RESULT] 60,128,2,0.014072418,0.013279438,80236,76555,160472
[RESULT] 60,128,3,0.014002800,0.013184786,80236,76555,160472
[RESULT] 60,128,4,0.013556480,0.012793303,80236,76555,160472
[RESULT] 60,128,5,0.013917923,0.013126850,80236,76555,160472
[RESULT] 60,128,6,0.014233589,0.013425350,80236,76555,160472
[RESULT] 60,128,7,0.014211416,0.013420820,80236,76555,160472
[RESULT] 60,128,8,0.013351202,0.012587786,80236,76555,160472
[RESULT] 60,128,9,0.014008045,0.013252258,80236,76555,160472
[RESULT] 41,128,9,0.013926506,0.013140202,80440,76767,160880
[RESULT] 80,128,0,0.012662649,0.012066603,80464,76740,160928
[RESULT] 80,128,1,0.014060020,0.013381720,80464,76740,160928
[RESULT] 80,128,2,0.013564587,0.012924433,80464,76740,160928
[RESULT] 80,128,3,0.014075041,0.013410568,80464,76740,160928
[RESULT] 80,128,4,0.013395548,0.012774706,80464,76740,160928
[RESULT] 80,128,5,0.013716459,0.013097048,80464,76740,160928
[RESULT] 80,128,6,0.013970852,0.013322353,80464,76740,160928
[RESULT] 80,128,7,0.013096094,0.012503147,80464,76740,160928
[RESULT] 80,128,8,0.013955593,0.013295889,80464,76740,160928
[RESULT] 80,128,9,0.014086008,0.013441324,80464,76740,160928
[RESULT] 57,128,0,0.014111042,0.013265371,80667,76934,161334
[RESULT] 57,128,1,0.014257669,0.013414145,80667,76934,161334
[RESULT] 57,128,2,0.014308453,0.013470411,80667,76934,161334
[RESULT] 57,128,3,0.014482737,0.013650656,80667,76934,161334
[RESULT] 57,128,4,0.014238834,0.013408184,80667,76934,161334
[RESULT] 57,128,5,0.014198780,0.013358355,80667,76934,161334
[RESULT] 57,128,6,0.014529467,0.013695717,80667,76934,161334
[RESULT] 57,128,7,0.014240026,0.013397694,80667,76934,161334
[RESULT] 57,128,8,0.014169455,0.013325214,80667,76934,161334
[RESULT] 57,128,9,0.013943672,0.013125658,80667,76934,161334
[RESULT] 96,128,0,0.014342785,0.013554096,80438,76802,160876
[RESULT] 96,128,1,0.013810635,0.013216734,80438,76802,160876
[RESULT] 96,128,2,0.013472080,0.013029575,80438,76802,160876
[RESULT] 96,128,3,0.014268160,0.013709068,80438,76802,160876
[RESULT] 96,128,4,0.013818741,0.013184309,80438,76802,160876
[RESULT] 96,128,5,0.014379263,0.013250589,80438,76802,160876
[RESULT] 96,128,6,0.014557362,0.013319016,80438,76802,160876
[RESULT] 96,128,7,0.014478207,0.013337851,80438,76802,160876
[RESULT] 96,128,8,0.014771938,0.013692856,80438,76802,160876
[RESULT] 96,128,9,0.014068365,0.013178349,80438,76802,160876
[RESULT] 65,128,0,0.014170408,0.013364553,81115,77329,162230
[RESULT] 65,128,1,0.014272451,0.013481617,81115,77329,162230
[RESULT] 65,128,2,0.014074564,0.013285637,81115,77329,162230
[RESULT] 65,128,3,0.014063120,0.013303995,81115,77329,162230
[RESULT] 65,128,4,0.013167381,0.012481213,81115,77329,162230
[RESULT] 65,128,5,0.014119864,0.013342142,81115,77329,162230
[RESULT] 65,128,6,0.013933182,0.013179302,81115,77329,162230
[RESULT] 65,128,7,0.014166832,0.013384819,81115,77329,162230
[RESULT] 65,128,8,0.013839006,0.013079166,81115,77329,162230
[RESULT] 65,128,9,0.013939857,0.013160944,81115,77329,162230
[RESULT] 124,128,0,0.014338255,0.013474941,80038,76393,160076
[RESULT] 124,128,1,0.013226032,0.012464523,80038,76393,160076
[RESULT] 124,128,2,0.013299465,0.012517214,80038,76393,160076
[RESULT] 124,128,3,0.014126062,0.013279200,80038,76393,160076
[RESULT] 124,128,4,0.014215708,0.013394356,80038,76393,160076
[RESULT] 124,128,5,0.014259338,0.013454199,80038,76393,160076
[RESULT] 124,128,6,0.014253616,0.013429165,80038,76393,160076
[RESULT] 124,128,7,0.014240503,0.013441086,80038,76393,160076
[RESULT] 124,128,8,0.014488935,0.013677359,80038,76393,160076
[RESULT] 124,128,9,0.014018774,0.013238668,80038,76393,160076
[RESULT] 73,128,0,0.014045477,0.013180971,80412,76622,160824
[RESULT] 73,128,1,0.014331341,0.013462782,80412,76622,160824
[RESULT] 73,128,2,0.014533997,0.013671160,80412,76622,160824
[RESULT] 73,128,3,0.014106035,0.013250351,80412,76622,160824
[RESULT] 73,128,4,0.014256716,0.013401508,80412,76622,160824
[RESULT] 73,128,5,0.014306784,0.013457298,80412,76622,160824
[RESULT] 73,128,6,0.014456749,0.013590097,80412,76622,160824
[RESULT] 73,128,7,0.014051199,0.013207197,80412,76622,160824
[RESULT] 73,128,8,0.014192343,0.013334751,80412,76622,160824
[RESULT] 73,128,9,0.013937235,0.013090849,80412,76622,160824
[RESULT] 69,128,0,0.014141321,0.013330460,80088,76288,160176
[RESULT] 69,128,1,0.014169931,0.013390064,80088,76288,160176
[RESULT] 69,128,2,0.014445066,0.013669729,80088,76288,160176
[RESULT] 69,128,3,0.014666080,0.013876438,80088,76288,160176
[RESULT] 69,128,4,0.014453173,0.013678789,80088,76288,160176
[RESULT] 86,128,0,0.014573812,0.013758898,80832,77189,161664
[RESULT] 86,128,1,0.014171600,0.013408184,80832,77189,161664
[RESULT] 86,128,2,0.014361858,0.013589621,80832,77189,161664
[RESULT] 86,128,3,0.014328003,0.013552189,80832,77189,161664
[RESULT] 86,128,4,0.013665438,0.012925863,80832,77189,161664
[RESULT] 86,128,5,0.014248133,0.013470173,80832,77189,161664
[RESULT] 86,128,6,0.014260292,0.013494492,80832,77189,161664
[RESULT] 86,128,7,0.014321089,0.013557911,80832,77189,161664
[RESULT] 86,128,8,0.014275074,0.013522625,80832,77189,161664
[RESULT] 86,128,9,0.014072895,0.013319731,80832,77189,161664
[RESULT] 84,128,0,0.013847351,0.013173580,80086,76364,160172
[RESULT] 84,128,1,0.013518810,0.012871504,80086,76364,160172
[RESULT] 84,128,2,0.013321877,0.012686253,80086,76364,160172
[RESULT] 84,128,3,0.013413191,0.012824774,80086,76364,160172
[RESULT] 84,128,4,0.013042450,0.012433529,80086,76364,160172
[RESULT] 84,128,5,0.013679743,0.013047695,80086,76364,160172
[RESULT] 84,128,6,0.013637304,0.013003588,80086,76364,160172
[RESULT] 84,128,7,0.013912916,0.013240814,80086,76364,160172
[RESULT] 84,128,8,0.013938427,0.013267517,80086,76364,160172
[RESULT] 84,128,9,0.014114141,0.013454199,80086,76364,160172
[RESULT] 69,128,5,0.014131784,0.013341427,80088,76288,160176
[RESULT] 69,128,6,0.014284372,0.013490915,80088,76288,160176
[RESULT] 69,128,7,0.013562202,0.012831926,80088,76288,160176
[RESULT] 69,128,8,0.013957024,0.013171911,80088,76288,160176
[RESULT] 69,128,9,0.013983965,0.013200283,80088,76288,160176
[RESULT] 127,128,0,0.014441013,0.013747215,80892,77252,161784
[RESULT] 127,128,1,0.013677835,0.013041019,80892,77252,161784
[RESULT] 127,128,2,0.014083147,0.013431549,80892,77252,161784
[RESULT] 127,128,3,0.013370752,0.012766838,80892,77252,161784
[RESULT] 127,128,4,0.013625145,0.013033628,80892,77252,161784
[RESULT] 127,128,5,0.014251232,0.013599634,80892,77252,161784
[RESULT] 0,128,0,0.014476776,0.013766289,79377,75744,158754
[RESULT] 0,128,1,0.013922691,0.013250828,79377,75744,158754
[RESULT] 0,128,2,0.013689995,0.013034821,79377,75744,158754
[RESULT] 0,128,3,0.014101744,0.013425827,79377,75744,158754
[RESULT] 0,128,4,0.014237165,0.013573647,79377,75744,158754
[RESULT] 0,128,5,0.014233112,0.013556719,79377,75744,158754
[RESULT] 0,128,6,0.014082193,0.013419867,79377,75744,158754
[RESULT] 0,128,7,0.014188051,0.013509750,79377,75744,158754
[RESULT] 0,128,8,0.014179468,0.013510466,79377,75744,158754
[RESULT] 0,128,9,0.014172554,0.013513803,79377,75744,158754

Benchmark Summary
Processes: 128
Iterations: 10
Matrix NNZ: 10328399
Total execution time: 10.610 seconds
[RESULT] 125,128,0,0.013714075,0.012961388,80222,76582,160444
[RESULT] 125,128,1,0.013127565,0.012379169,80222,76582,160444
[RESULT] 125,128,2,0.013165236,0.012465477,80222,76582,160444
[RESULT] 125,128,3,0.013258934,0.012698889,80222,76582,160444
[RESULT] 125,128,4,0.013682842,0.013004065,80222,76582,160444
[RESULT] 125,128,5,0.013883591,0.013182878,80222,76582,160444
[RESULT] 125,128,6,0.013534546,0.012899399,80222,76582,160444
[RESULT] 125,128,7,0.013448238,0.012805700,80222,76582,160444
[RESULT] 125,128,8,0.014060020,0.013363600,80222,76582,160444
[RESULT] 125,128,9,0.013949156,0.013186216,80222,76582,160444
[RESULT] 98,128,0,0.014743567,0.013947725,81435,77816,162870
[RESULT] 98,128,1,0.013964653,0.013201714,81435,77816,162870
[RESULT] 98,128,2,0.014220953,0.013438225,81435,77816,162870
[RESULT] 98,128,3,0.014391661,0.013627052,81435,77816,162870
[RESULT] 98,128,4,0.014414787,0.013643980,81435,77816,162870
[RESULT] 98,128,5,0.014172792,0.013412476,81435,77816,162870
[RESULT] 98,128,6,0.014384985,0.013622046,81435,77816,162870
[RESULT] 98,128,7,0.014386177,0.013624430,81435,77816,162870
[RESULT] 98,128,8,0.014115095,0.013364553,81435,77816,162870
[RESULT] 98,128,9,0.014114618,0.013363123,81435,77816,162870
[RESULT] 127,128,6,0.013319492,0.012722254,80892,77252,161784
[RESULT] 127,128,7,0.014223337,0.013582706,80892,77252,161784
[RESULT] 127,128,8,0.013851404,0.013231754,80892,77252,161784
[RESULT] 127,128,9,0.014101744,0.013483763,80892,77252,161784
[RESULT] 72,128,0,0.012856960,0.012047052,79643,75849,159286
[RESULT] 72,128,1,0.014327765,0.013433933,79643,75849,159286
[RESULT] 72,128,2,0.013485909,0.012648821,79643,75849,159286
[RESULT] 72,128,3,0.013957262,0.013078690,79643,75849,159286
[RESULT] 72,128,4,0.012377977,0.011610270,79643,75849,159286
[RESULT] 72,128,5,0.014133930,0.013283730,79643,75849,159286
[RESULT] 72,128,6,0.013938189,0.013091803,79643,75849,159286
[RESULT] 72,128,7,0.013490677,0.012690306,79643,75849,159286
[RESULT] 72,128,8,0.014012814,0.013146877,79643,75849,159286
[RESULT] 72,128,9,0.014172792,0.013343334,79643,75849,159286
[RESULT] 81,128,0,0.013250113,0.012543678,81083,77348,162166
[RESULT] 81,128,1,0.014144421,0.013375282,81083,77348,162166
[RESULT] 81,128,2,0.014006138,0.013215065,81083,77348,162166
[RESULT] 81,128,3,0.014410496,0.013640642,81083,77348,162166
[RESULT] 81,128,4,0.013675451,0.012946129,81083,77348,162166
[RESULT] 81,128,5,0.014133453,0.013369083,81083,77348,162166
[RESULT] 10,128,0,0.014347553,0.013626099,80725,77052,161450
[RESULT] 10,128,1,0.013297319,0.012679100,80725,77052,161450
[RESULT] 10,128,2,0.013525963,0.012897253,80725,77052,161450
[RESULT] 10,128,3,0.014147520,0.013501406,80725,77052,161450
[RESULT] 10,128,4,0.014283895,0.013600826,80725,77052,161450
[RESULT] 10,128,5,0.014434814,0.013749838,80725,77052,161450
[RESULT] 10,128,6,0.014339209,0.013660431,80725,77052,161450
[RESULT] 10,128,7,0.014278173,0.013591528,80725,77052,161450
[RESULT] 10,128,8,0.014214516,0.013544559,80725,77052,161450
[RESULT] 10,128,9,0.014192820,0.013507128,80725,77052,161450
[RESULT] 83,128,0,0.012576342,0.011862993,82082,78423,164164
[RESULT] 83,128,1,0.014353752,0.013564110,82082,78423,164164
[RESULT] 83,128,2,0.014178038,0.013441324,82082,78423,164164
[RESULT] 83,128,3,0.014460325,0.013689756,82082,78423,164164
[RESULT] 83,128,4,0.014120102,0.013380289,82082,78423,164164
[RESULT] 83,128,5,0.014347553,0.013610125,82082,78423,164164
[RESULT] 83,128,6,0.014384270,0.013642550,82082,78423,164164
[RESULT] 83,128,7,0.013791800,0.013097048,82082,78423,164164
[RESULT] 88,128,0,0.013786793,0.012966633,80384,76667,160768
[RESULT] 88,128,1,0.013450146,0.012649536,80384,76667,160768
[RESULT] 88,128,2,0.013583422,0.012752295,80384,76667,160768
[RESULT] 88,128,3,0.013553619,0.012734652,80384,76667,160768
[RESULT] 88,128,4,0.012919664,0.012136936,80384,76667,160768
[RESULT] 88,128,5,0.014012337,0.013176680,80384,76667,160768
[RESULT] 88,128,6,0.013619423,0.012826443,80384,76667,160768
[RESULT] 88,128,7,0.013320684,0.012546539,80384,76667,160768
[RESULT] 88,128,8,0.014006853,0.013176441,80384,76667,160768
[RESULT] 88,128,9,0.014144421,0.013342381,80384,76667,160768
[RESULT] 121,128,0,0.014438868,0.013546705,80299,76655,160598
[RESULT] 121,128,1,0.013255119,0.012473106,80299,76655,160598
[RESULT] 121,128,2,0.013558388,0.012774706,80299,76655,160598
[RESULT] 121,128,3,0.014173269,0.013310671,80299,76655,160598
[RESULT] 121,128,4,0.013824940,0.012994528,80299,76655,160598
[RESULT] 121,128,5,0.014158249,0.013303995,80299,76655,160598
[RESULT] 121,128,6,0.014226913,0.013370037,80299,76655,160598
[RESULT] 121,128,7,0.014039993,0.013200760,80299,76655,160598
[RESULT] 121,128,8,0.014374971,0.013517380,80299,76655,160598
[RESULT] 121,128,9,0.014100075,0.013257980,80299,76655,160598
[RESULT] 14,128,0,0.013872385,0.013244152,80888,77239,161776
[RESULT] 14,128,1,0.013230562,0.012650251,80888,77239,161776
[RESULT] 14,128,2,0.013062954,0.012480736,80888,77239,161776
[RESULT] 14,128,3,0.013684034,0.013112783,80888,77239,161776
[RESULT] 14,128,4,0.014235258,0.013595104,80888,77239,161776
[RESULT] 14,128,5,0.014355183,0.013716459,80888,77239,161776
[RESULT] 14,128,6,0.014118195,0.013500214,80888,77239,161776
[RESULT] 14,128,7,0.014157534,0.013537169,80888,77239,161776
[RESULT] 14,128,8,0.014064550,0.013442516,80888,77239,161776
[RESULT] 14,128,9,0.014162302,0.013521910,80888,77239,161776
[RESULT] 83,128,8,0.014445066,0.013670444,82082,78423,164164
[RESULT] 83,128,9,0.014137983,0.013422966,82082,78423,164164
[RESULT] 116,128,0,0.014633894,0.013911724,79510,75856,159020
[RESULT] 116,128,1,0.014151096,0.013437986,79510,75856,159020
[RESULT] 116,128,2,0.014433861,0.013711214,79510,75856,159020
[RESULT] 116,128,3,0.014222145,0.013528347,79510,75856,159020
[RESULT] 116,128,4,0.014366627,0.013684750,79510,75856,159020
[RESULT] 116,128,5,0.014147043,0.013464451,79510,75856,159020
[RESULT] 116,128,6,0.014127254,0.013438940,79510,75856,159020
[RESULT] 116,128,7,0.014167547,0.013464928,79510,75856,159020
[RESULT] 116,128,8,0.014367342,0.013683796,79510,75856,159020
[RESULT] 116,128,9,0.014155626,0.013485670,79510,75856,159020
[RESULT] 9,128,0,0.014144421,0.013323307,80685,77009,161370
[RESULT] 9,128,1,0.014150858,0.013346434,80685,77009,161370
[RESULT] 9,128,2,0.014047623,0.013234854,80685,77009,161370
[RESULT] 9,128,3,0.014172077,0.013365746,80685,77009,161370
[RESULT] 9,128,4,0.013865232,0.013071775,80685,77009,161370
[RESULT] 9,128,5,0.013502359,0.012741089,80685,77009,161370
[RESULT] 9,128,6,0.013972998,0.013190031,80685,77009,161370
[RESULT] 9,128,7,0.014142275,0.013335466,80685,77009,161370
[RESULT] 9,128,8,0.014178514,0.013385057,80685,77009,161370
[RESULT] 9,128,9,0.014123917,0.013313293,80685,77009,161370
[RESULT] 114,128,0,0.014483929,0.013765097,80337,76703,160674
[RESULT] 114,128,1,0.014593124,0.013894081,80337,76703,160674
[RESULT] 114,128,2,0.014503717,0.013836384,80337,76703,160674
[RESULT] 114,128,3,0.014582157,0.013909101,80337,76703,160674
[RESULT] 114,128,4,0.014312744,0.013640642,80337,76703,160674
[RESULT] 114,128,5,0.014444351,0.013771534,80337,76703,160674
[RESULT] 114,128,6,0.014259338,0.013592958,80337,76703,160674
[RESULT] 114,128,7,0.014304876,0.013644218,80337,76703,160674
[RESULT] 114,128,8,0.014382362,0.013714552,80337,76703,160674
[RESULT] 114,128,9,0.014187574,0.013521910,80337,76703,160674
[RESULT] 15,128,0,0.014615774,0.013938427,80982,77314,161964
[RESULT] 15,128,1,0.014097452,0.013468742,80982,77314,161964
[RESULT] 15,128,2,0.013423920,0.012848854,80982,77314,161964
[RESULT] 15,128,3,0.014055252,0.013449430,80982,77314,161964
[RESULT] 15,128,4,0.014135122,0.013505697,80982,77314,161964
[RESULT] 15,128,5,0.014500380,0.013884068,80982,77314,161964
[RESULT] 15,128,6,0.014405727,0.013794899,80982,77314,161964
[RESULT] 24,128,0,0.014350414,0.013437033,80408,76774,160816
[RESULT] 24,128,1,0.014051437,0.013176918,80408,76774,160816
[RESULT] 24,128,2,0.013748884,0.012912750,80408,76774,160816
[RESULT] 24,128,3,0.014285803,0.013386488,80408,76774,160816
[RESULT] 24,128,4,0.013952732,0.013120174,80408,76774,160816
[RESULT] 24,128,5,0.014010191,0.013152361,80408,76774,160816
[RESULT] 24,128,6,0.014041662,0.013180733,80408,76774,160816
[RESULT] 24,128,7,0.013917446,0.013105154,80408,76774,160816
[RESULT] 24,128,8,0.013324499,0.012521505,80408,76774,160816
[RESULT] 24,128,9,0.014203310,0.013338089,80408,76774,160816
[RESULT] 81,128,6,0.014079571,0.013310432,81083,77348,162166
[RESULT] 81,128,7,0.014131308,0.013352394,81083,77348,162166
[RESULT] 81,128,8,0.014100075,0.013329268,81083,77348,162166
[RESULT] 81,128,9,0.014109612,0.013337135,81083,77348,162166
[RESULT] 6,128,0,0.014621973,0.013812542,80678,77034,161356
[RESULT] 6,128,1,0.014160872,0.013378382,80678,77034,161356
[RESULT] 6,128,2,0.013004541,0.012262344,80678,77034,161356
[RESULT] 6,128,3,0.014353752,0.013571739,80678,77034,161356
[RESULT] 6,128,4,0.014389277,0.013628483,80678,77034,161356
[RESULT] 6,128,5,0.014509439,0.013735294,80678,77034,161356
[RESULT] 6,128,6,0.014461517,0.013695955,80678,77034,161356
[RESULT] 6,128,7,0.014325619,0.013564587,80678,77034,161356
[RESULT] 6,128,8,0.014471531,0.013704777,80678,77034,161356
[RESULT] 6,128,9,0.014284849,0.013516665,80678,77034,161356
[RESULT] 7,128,0,0.014391422,0.013710260,81100,77436,162200
[RESULT] 7,128,1,0.013775110,0.013145447,81100,77436,162200
[RESULT] 7,128,2,0.013757706,0.013138294,81100,77436,162200
[RESULT] 7,128,3,0.014299870,0.013632298,81100,77436,162200
[RESULT] 7,128,4,0.014461756,0.013794661,81100,77436,162200
[RESULT] 7,128,5,0.014437437,0.013757229,81100,77436,162200
[RESULT] 7,128,6,0.014342785,0.013685226,81100,77436,162200
[RESULT] 7,128,7,0.014558077,0.013893366,81100,77436,162200
[RESULT] 7,128,8,0.014627934,0.013949394,81100,77436,162200
[RESULT] 7,128,9,0.014253139,0.013609409,81100,77436,162200
[RESULT] 44,128,0,0.014403343,0.013530731,79628,75951,159256
[RESULT] 44,128,1,0.014333725,0.013491869,79628,75951,159256
[RESULT] 44,128,2,0.014178276,0.013364077,79628,75951,159256
[RESULT] 44,128,3,0.014077902,0.013255596,79628,75951,159256
[RESULT] 44,128,4,0.014035463,0.013230562,79628,75951,159256
[RESULT] 44,128,5,0.014327288,0.013501644,79628,75951,159256
[RESULT] 44,128,6,0.014199018,0.013366222,79628,75951,159256
[RESULT] 44,128,7,0.014191866,0.013368368,79628,75951,159256
[RESULT] 44,128,8,0.013983965,0.013182402,79628,75951,159256
[RESULT] 44,128,9,0.014188051,0.013363838,79628,75951,159256
[RESULT] 49,128,0,0.014247179,0.013380766,80478,76825,160956
[RESULT] 49,128,1,0.014101267,0.013293982,80478,76825,160956
[RESULT] 49,128,2,0.014080524,0.013263226,80478,76825,160956
[RESULT] 49,128,3,0.014126062,0.013301134,80478,76825,160956
[RESULT] 26,128,0,0.014033794,0.013342619,81632,77999,163264
[RESULT] 26,128,1,0.013802767,0.013148785,81632,77999,163264
[RESULT] 26,128,2,0.013164997,0.012549639,81632,77999,163264
[RESULT] 26,128,3,0.013537645,0.012930632,81632,77999,163264
[RESULT] 26,128,4,0.013960838,0.013313532,81632,77999,163264
[RESULT] 26,128,5,0.014382124,0.013703108,81632,77999,163264
[RESULT] 26,128,6,0.014027357,0.013366222,81632,77999,163264
[RESULT] 26,128,7,0.014144659,0.013486862,81632,77999,163264
[RESULT] 26,128,8,0.014137030,0.013468027,81632,77999,163264
[RESULT] 26,128,9,0.014215469,0.013531446,81632,77999,163264
[RESULT] 15,128,7,0.014410019,0.013818502,80982,77314,161964
[RESULT] 15,128,8,0.014179945,0.013612986,80982,77314,161964
[RESULT] 15,128,9,0.014202118,0.013632298,80982,77314,161964
[RESULT] 32,128,0,0.014279842,0.013398409,79807,76167,159614
[RESULT] 32,128,1,0.014152527,0.013308048,79807,76167,159614
[RESULT] 32,128,2,0.014263868,0.013406277,79807,76167,159614
[RESULT] 32,128,3,0.014279366,0.013432503,79807,76167,159614
[RESULT] 32,128,4,0.014168739,0.013345480,79807,76167,159614
[RESULT] 32,128,5,0.013934374,0.013132095,79807,76167,159614
[RESULT] 32,128,6,0.013795137,0.012991428,79807,76167,159614
[RESULT] 32,128,7,0.014410973,0.013571262,79807,76167,159614
[RESULT] 32,128,8,0.013508320,0.012721300,79807,76167,159614
[RESULT] 32,128,9,0.014290333,0.013447523,79807,76167,159614
[RESULT] 49,128,4,0.014017820,0.013209820,80478,76825,160956
[RESULT] 49,128,5,0.013701916,0.012920380,80478,76825,160956
[RESULT] 49,128,6,0.014050245,0.013239145,80478,76825,160956
[RESULT] 49,128,7,0.013736248,0.012932062,80478,76825,160956
[RESULT] 49,128,8,0.014191151,0.013374567,80478,76825,160956
[RESULT] 49,128,9,0.014132500,0.013316870,80478,76825,160956
[RESULT] 42,128,0,0.013734579,0.013061762,81082,77406,162164
[RESULT] 42,128,1,0.014269829,0.013589859,81082,77406,162164
[RESULT] 42,128,2,0.014343262,0.013675928,81082,77406,162164
[RESULT] 42,128,3,0.014520168,0.013847351,81082,77406,162164
[RESULT] 42,128,4,0.014242887,0.013574600,81082,77406,162164
[RESULT] 42,128,5,0.014313936,0.013652325,81082,77406,162164
[RESULT] 42,128,6,0.014367580,0.013692379,81082,77406,162164
[RESULT] 42,128,7,0.014221668,0.013570070,81082,77406,162164
[RESULT] 42,128,8,0.014148474,0.013492584,81082,77406,162164
[RESULT] 42,128,9,0.014255762,0.013575554,81082,77406,162164
[RESULT] 119,128,0,0.014317274,0.013592720,80828,77166,161656
[RESULT] 119,128,1,0.013903856,0.013261080,80828,77166,161656
[RESULT] 119,128,2,0.014042616,0.013437748,80828,77166,161656
[RESULT] 119,128,3,0.013858318,0.013301611,80828,77166,161656
[RESULT] 119,128,4,0.013859510,0.013279915,80828,77166,161656
[RESULT] 119,128,5,0.014009237,0.013416767,80828,77166,161656
[RESULT] 12,128,0,0.014257908,0.013411760,79598,75945,159196
[RESULT] 12,128,1,0.014307261,0.013431787,79598,75945,159196
[RESULT] 12,128,2,0.014031410,0.013203859,79598,75945,159196
[RESULT] 12,128,3,0.014335632,0.013490438,79598,75945,159196
[RESULT] 12,128,4,0.014420748,0.013606548,79598,75945,159196
[RESULT] 12,128,5,0.014339685,0.013529301,79598,75945,159196
[RESULT] 12,128,6,0.014314413,0.013480902,79598,75945,159196
[RESULT] 12,128,7,0.014303923,0.013502121,79598,75945,159196
[RESULT] 12,128,8,0.014174938,0.013347387,79598,75945,159196
[RESULT] 12,128,9,0.014343977,0.013548851,79598,75945,159196
[RESULT] 61,128,0,0.014043331,0.013278961,80935,77243,161870
[RESULT] 61,128,1,0.014295816,0.013528109,80935,77243,161870
[RESULT] 61,128,2,0.014256239,0.013510942,80935,77243,161870
[RESULT] 61,128,3,0.013965130,0.013247967,80935,77243,161870
[RESULT] 61,128,4,0.013871908,0.013126373,80935,77243,161870
[RESULT] 61,128,5,0.013801813,0.013087988,80935,77243,161870
[RESULT] 61,128,6,0.014052868,0.013324976,80935,77243,161870
[RESULT] 61,128,7,0.013538122,0.012842178,80935,77243,161870
[RESULT] 74,128,0,0.012902260,0.012229204,80737,77005,161474
[RESULT] 74,128,1,0.014150143,0.013440847,80737,77005,161474
[RESULT] 74,128,2,0.013739824,0.012816906,80737,77005,161474
[RESULT] 74,128,3,0.014410019,0.013441086,80737,77005,161474
[RESULT] 74,128,4,0.013485432,0.012497663,80737,77005,161474
[RESULT] 74,128,5,0.014513969,0.013572931,80737,77005,161474
[RESULT] 74,128,6,0.013843298,0.012945175,80737,77005,161474
[RESULT] 74,128,7,0.014142752,0.013163090,80737,77005,161474
[RESULT] 74,128,8,0.013978958,0.013058424,80737,77005,161474
[RESULT] 74,128,9,0.014220238,0.013259411,80737,77005,161474
[RESULT] 119,128,6,0.014004707,0.013428450,80828,77166,161656
[RESULT] 119,128,7,0.014297962,0.013689756,80828,77166,161656
[RESULT] 119,128,8,0.013959408,0.013395548,80828,77166,161656
[RESULT] 119,128,9,0.014291048,0.013691425,80828,77166,161656
[RESULT] 40,128,0,0.014553785,0.013756990,79517,75844,159034
[RESULT] 40,128,1,0.014133215,0.013518095,79517,75844,159034
[RESULT] 40,128,2,0.013973713,0.013532877,79517,75844,159034
[RESULT] 40,128,3,0.013859987,0.013306141,79517,75844,159034
[RESULT] 40,128,4,0.014382362,0.013688803,79517,75844,159034
[RESULT] 40,128,5,0.014521599,0.013365269,79517,75844,159034
[RESULT] 40,128,6,0.014953613,0.013729334,79517,75844,159034
[RESULT] 40,128,7,0.014416695,0.013321161,79517,75844,159034
[RESULT] 40,128,8,0.014489412,0.013406754,79517,75844,159034
[RESULT] 40,128,9,0.014307499,0.013428926,79517,75844,159034
[RESULT] 61,128,8,0.014101744,0.013355255,80935,77243,161870
[RESULT] 61,128,9,0.014174700,0.013422251,80935,77243,161870
[RESULT] 82,128,0,0.012032270,0.011425734,81243,77526,162486
[RESULT] 82,128,1,0.014178038,0.013519287,81243,77526,162486
[RESULT] 82,128,2,0.014130592,0.013468981,81243,77526,162486
[RESULT] 82,128,3,0.014381886,0.013724089,81243,77526,162486
[RESULT] 82,128,4,0.012760878,0.012189627,81243,77526,162486
[RESULT] 82,128,5,0.014400959,0.013724804,81243,77526,162486
[RESULT] 82,128,6,0.013599873,0.013001442,81243,77526,162486
[RESULT] 82,128,7,0.014302492,0.013634205,81243,77526,162486
[RESULT] 82,128,8,0.013886690,0.013264179,81243,77526,162486
[RESULT] 82,128,9,0.014238596,0.013566732,81243,77526,162486
[RESULT] 11,128,0,0.014662266,0.013961315,81366,77725,162732
[RESULT] 11,128,1,0.014215708,0.013555527,81366,77725,162732
[RESULT] 104,128,0,0.014248371,0.013341665,80780,77103,161560
[RESULT] 104,128,1,0.014156103,0.013278008,80780,77103,161560
[RESULT] 104,128,2,0.014376640,0.013484478,80780,77103,161560
[RESULT] 104,128,3,0.013943195,0.013111591,80780,77103,161560
[RESULT] 104,128,4,0.013763189,0.012929440,80780,77103,161560
[RESULT] 104,128,5,0.014079332,0.013224602,80780,77103,161560
[RESULT] 104,128,6,0.014049530,0.013183117,80780,77103,161560
[RESULT] 104,128,7,0.014127731,0.013275862,80780,77103,161560
[RESULT] 104,128,8,0.014218807,0.013366222,80780,77103,161560
[RESULT] 104,128,9,0.014291763,0.013429403,80780,77103,161560
[RESULT] 113,128,0,0.014398575,0.013599157,80103,76471,160206
[RESULT] 113,128,1,0.013336897,0.012651920,80103,76471,160206
[RESULT] 113,128,2,0.013103485,0.012436152,80103,76471,160206
[RESULT] 113,128,3,0.014151335,0.013375759,80103,76471,160206
[RESULT] 113,128,4,0.014063835,0.013297081,80103,76471,160206
[RESULT] 113,128,5,0.014350891,0.013584614,80103,76471,160206
[RESULT] 122,128,0,0.014501572,0.013769388,80754,77125,161508
[RESULT] 122,128,1,0.014448881,0.013723373,80754,77125,161508
[RESULT] 122,128,2,0.014136553,0.013453722,80754,77125,161508
[RESULT] 122,128,3,0.014446020,0.013758659,80754,77125,161508
[RESULT] 122,128,4,0.014353037,0.013661146,80754,77125,161508
[RESULT] 122,128,5,0.014134169,0.013480186,80754,77125,161508
[RESULT] 122,128,6,0.013939619,0.013306856,80754,77125,161508
[RESULT] 122,128,7,0.014247417,0.013574600,80754,77125,161508
[RESULT] 122,128,8,0.014163256,0.013493299,80754,77125,161508
[RESULT] 122,128,9,0.014250517,0.013565063,80754,77125,161508
[RESULT] 107,128,0,0.014595509,0.013846636,81908,78217,163816
[RESULT] 107,128,1,0.014281034,0.013566494,81908,78217,163816
[RESULT] 107,128,2,0.014436007,0.013738394,81908,78217,163816
[RESULT] 107,128,3,0.014281750,0.013597250,81908,78217,163816
[RESULT] 107,128,4,0.014546871,0.013861656,81908,78217,163816
[RESULT] 107,128,5,0.014372826,0.013696194,81908,78217,163816
[RESULT] 107,128,6,0.014380932,0.013704538,81908,78217,163816
[RESULT] 28,128,0,0.014267206,0.013410330,79668,76028,159336
[RESULT] 28,128,1,0.014131784,0.013299942,79668,76028,159336
[RESULT] 28,128,2,0.014214516,0.013385534,79668,76028,159336
[RESULT] 28,128,3,0.014283895,0.013461113,79668,76028,159336
[RESULT] 28,128,4,0.014199018,0.013398886,79668,76028,159336
[RESULT] 28,128,5,0.014257193,0.013429403,79668,76028,159336
[RESULT] 28,128,6,0.014283657,0.013464451,79668,76028,159336
[RESULT] 28,128,7,0.014228106,0.013421059,79668,76028,159336
[RESULT] 28,128,8,0.013701916,0.012914181,79668,76028,159336
[RESULT] 28,128,9,0.014379263,0.013547182,79668,76028,159336
[RESULT] 113,128,6,0.013939857,0.013195038,80103,76471,160206
[RESULT] 113,128,7,0.014126301,0.013349056,80103,76471,160206
[RESULT] 113,128,8,0.014236450,0.013478041,80103,76471,160206
[RESULT] 113,128,9,0.014240026,0.013488531,80103,76471,160206
[RESULT] 2,128,0,0.014778137,0.013874769,80487,76855,160974
[RESULT] 2,128,1,0.014270782,0.013121367,80487,76855,160974
[RESULT] 2,128,2,0.014682293,0.013780355,80487,76855,160974
[RESULT] 2,128,3,0.014702559,0.013777256,80487,76855,160974
[RESULT] 2,128,4,0.014420509,0.013450384,80487,76855,160974
[RESULT] 2,128,5,0.014730453,0.013835430,80487,76855,160974
[RESULT] 2,128,6,0.014719009,0.013810873,80487,76855,160974
[RESULT] 2,128,7,0.014390469,0.013441324,80487,76855,160974
[RESULT] 2,128,8,0.014349461,0.013351917,80487,76855,160974
[RESULT] 2,128,9,0.014285326,0.013313532,80487,76855,160974
[RESULT] 11,128,2,0.013975620,0.013389349,81366,77725,162732
[RESULT] 11,128,3,0.014175177,0.013602734,81366,77725,162732
[RESULT] 11,128,4,0.014323711,0.013732195,81366,77725,162732
[RESULT] 11,128,5,0.014380455,0.013784647,81366,77725,162732
[RESULT] 11,128,6,0.014452934,0.013844490,81366,77725,162732
[RESULT] 11,128,7,0.014437199,0.013827324,81366,77725,162732
[RESULT] 11,128,8,0.014544725,0.013926268,81366,77725,162732
[RESULT] 11,128,9,0.014345646,0.013737202,81366,77725,162732
[RESULT] 108,128,0,0.014569998,0.013701200,80240,76557,160480
[RESULT] 108,128,1,0.014420033,0.013524532,80240,76557,160480
[RESULT] 108,128,2,0.014383316,0.013515472,80240,76557,160480
[RESULT] 108,128,3,0.014380932,0.013537169,80240,76557,160480
[RESULT] 108,128,4,0.014306784,0.013471365,80240,76557,160480
[RESULT] 108,128,5,0.014328241,0.013492107,80240,76557,160480
[RESULT] 108,128,6,0.013980389,0.013136864,80240,76557,160480
[RESULT] 108,128,7,0.014290810,0.013473511,80240,76557,160480
[RESULT] 108,128,8,0.014234543,0.013394594,80240,76557,160480
[RESULT] 108,128,9,0.014401674,0.013593912,80240,76557,160480
[RESULT] 37,128,0,0.013614893,0.012785196,79772,76126,159544
[RESULT] 37,128,1,0.014276505,0.013441324,79772,76126,159544
[RESULT] 37,128,2,0.014170408,0.013428211,79772,76126,159544
[RESULT] 37,128,3,0.014117479,0.013475657,79772,76126,159544
[RESULT] 46,128,0,0.014185667,0.013493061,81099,77438,162198
[RESULT] 46,128,1,0.014411926,0.013736248,81099,77438,162198
[RESULT] 46,128,2,0.013941765,0.013309717,81099,77438,162198
[RESULT] 46,128,3,0.014428616,0.013781309,81099,77438,162198
[RESULT] 46,128,4,0.014298201,0.013649225,81099,77438,162198
[RESULT] 46,128,5,0.014541626,0.013884068,81099,77438,162198
[RESULT] 46,128,6,0.014336586,0.013687611,81099,77438,162198
[RESULT] 46,128,7,0.014424562,0.013773680,81099,77438,162198
[RESULT] 46,128,8,0.014234543,0.013580322,81099,77438,162198
[RESULT] 46,128,9,0.014291286,0.013632059,81099,77438,162198
[RESULT] 59,128,0,0.013916254,0.013258219,82120,78353,164240
[RESULT] 59,128,1,0.014514446,0.013864756,82120,78353,164240
[RESULT] 59,128,2,0.014471531,0.013861895,82120,78353,164240
[RESULT] 59,128,3,0.014423847,0.013831615,82120,78353,164240
[RESULT] 59,128,4,0.014135838,0.013550282,82120,78353,164240
[RESULT] 59,128,5,0.014470816,0.013870955,82120,78353,164240
[RESULT] 59,128,6,0.014347076,0.013754368,82120,78353,164240
[RESULT] 59,128,7,0.014061928,0.013490677,82120,78353,164240
[RESULT] 59,128,8,0.014382839,0.013790131,82120,78353,164240
[RESULT] 112,128,0,0.014528036,0.013732433,79716,76080,159432
[RESULT] 112,128,1,0.013618231,0.013015032,79716,76080,159432
[RESULT] 112,128,2,0.013093233,0.012671471,79716,76080,159432
[RESULT] 112,128,3,0.013916731,0.013366461,79716,76080,159432
[RESULT] 112,128,4,0.014060736,0.013384581,79716,76080,159432
[RESULT] 112,128,5,0.014602900,0.013476372,79716,76080,159432
[RESULT] 112,128,6,0.014414787,0.013184071,79716,76080,159432
[RESULT] 112,128,7,0.014525175,0.013406038,79716,76080,159432
[RESULT] 112,128,8,0.014415503,0.013345242,79716,76080,159432
[RESULT] 112,128,9,0.014387846,0.013468504,79716,76080,159432
[RESULT] 37,128,4,0.014208317,0.013432026,79772,76126,159544
[RESULT] 37,128,5,0.013744116,0.012946367,79772,76126,159544
[RESULT] 37,128,6,0.014090061,0.013395786,79772,76126,159544
[RESULT] 37,128,7,0.014135599,0.013385057,79772,76126,159544
[RESULT] 37,128,8,0.014175177,0.013380527,79772,76126,159544
[RESULT] 37,128,9,0.014264584,0.013436317,79772,76126,159544
[RESULT] 58,128,0,0.013937235,0.013247490,81406,77683,162812
[RESULT] 58,128,1,0.014216423,0.013544083,81406,77683,162812
[RESULT] 58,128,2,0.014251232,0.013582468,81406,77683,162812
[RESULT] 58,128,3,0.014258623,0.013594389,81406,77683,162812
[RESULT] 58,128,4,0.014025211,0.013372898,81406,77683,162812
[RESULT] 58,128,5,0.013938665,0.013327837,81406,77683,162812
[RESULT] 58,128,6,0.014019728,0.013375759,81406,77683,162812
[RESULT] 58,128,7,0.013816357,0.013196707,81406,77683,162812
[RESULT] 58,128,8,0.014244080,0.013575077,81406,77683,162812
[RESULT] 58,128,9,0.014259100,0.013575315,81406,77683,162812
[RESULT] 107,128,7,0.014452696,0.013772488,81908,78217,163816
[RESULT] 107,128,8,0.014440775,0.013761997,81908,78217,163816
[RESULT] 107,128,9,0.014342546,0.013676882,81908,78217,163816
[RESULT] 36,128,0,0.013446808,0.012639523,79130,75498,158260
[RESULT] 36,128,1,0.014310122,0.013430119,79130,75498,158260
[RESULT] 36,128,2,0.014600515,0.013719797,79130,75498,158260
[RESULT] 36,128,3,0.014326334,0.013478518,79130,75498,158260
[RESULT] 36,128,4,0.014544487,0.013708830,79130,75498,158260
[RESULT] 36,128,5,0.014395952,0.013558626,79130,75498,158260
[RESULT] 117,128,0,0.014562368,0.013693333,80190,76531,160380
[RESULT] 117,128,1,0.013160229,0.012403488,80190,76531,160380
[RESULT] 117,128,2,0.014232397,0.013383150,80190,76531,160380
[RESULT] 117,128,3,0.014013290,0.013165474,80190,76531,160380
[RESULT] 117,128,4,0.014393091,0.013549805,80190,76531,160380
[RESULT] 117,128,5,0.014376402,0.013541222,80190,76531,160380
[RESULT] 117,128,6,0.014079809,0.013231993,80190,76531,160380
[RESULT] 117,128,7,0.014344931,0.013498783,80190,76531,160380
[RESULT] 117,128,8,0.014264822,0.013423920,80190,76531,160380
[RESULT] 117,128,9,0.014259815,0.013405561,80190,76531,160380
[RESULT] 66,128,0,0.013105869,0.012343884,81217,77396,162434
[RESULT] 66,128,1,0.014350414,0.013569355,81217,77396,162434
[RESULT] 66,128,2,0.014213800,0.013447523,81217,77396,162434
[RESULT] 66,128,3,0.014334440,0.013558149,81217,77396,162434
[RESULT] 66,128,4,0.013754129,0.013015270,81217,77396,162434
[RESULT] 66,128,5,0.014388800,0.013610363,81217,77396,162434
[RESULT] 66,128,6,0.014167309,0.013399839,81217,77396,162434
[RESULT] 66,128,7,0.013753891,0.013008833,81217,77396,162434
[RESULT] 66,128,8,0.013889551,0.013139725,81217,77396,162434
[RESULT] 66,128,9,0.014324903,0.013555765,81217,77396,162434
[RESULT] 111,128,0,0.014389753,0.013687849,81004,77351,162008
[RESULT] 111,128,1,0.013874054,0.013225794,81004,77351,162008
[RESULT] 111,128,2,0.013945818,0.013309717,81004,77351,162008
[RESULT] 111,128,3,0.013532877,0.012940168,81004,77351,162008
[RESULT] 111,128,4,0.014096498,0.013467550,81004,77351,162008
[RESULT] 111,128,5,0.014404774,0.013758898,81004,77351,162008
[RESULT] 111,128,6,0.013938189,0.013333321,81004,77351,162008
[RESULT] 111,128,7,0.013966084,0.013370514,81004,77351,162008
[RESULT] 111,128,8,0.013767958,0.013163805,81004,77351,162008
[RESULT] 111,128,9,0.014345884,0.013712883,81004,77351,162008
[RESULT] 56,128,0,0.013802290,0.013033390,80218,76504,160436
[RESULT] 56,128,1,0.014204502,0.013604641,80218,76504,160436
[RESULT] 56,128,2,0.013685942,0.013266325,80218,76504,160436
[RESULT] 56,128,3,0.013931751,0.013408661,80218,76504,160436
[RESULT] 56,128,4,0.013302088,0.012719393,80218,76504,160436
[RESULT] 56,128,5,0.014487028,0.013369083,80218,76504,160436
[RESULT] 56,128,6,0.014539242,0.013314724,80218,76504,160436
[RESULT] 56,128,7,0.014312506,0.013194084,80218,76504,160436
[RESULT] 85,128,0,0.014234066,0.013358355,80636,76929,161272
[RESULT] 85,128,1,0.014562130,0.013721228,80636,76929,161272
[RESULT] 85,128,2,0.014424562,0.013572693,80636,76929,161272
[RESULT] 85,128,3,0.013902903,0.013072491,80636,76929,161272
[RESULT] 85,128,4,0.014347553,0.013497353,80636,76929,161272
[RESULT] 85,128,5,0.013814449,0.012985229,80636,76929,161272
[RESULT] 85,128,6,0.014415741,0.013566017,80636,76929,161272
[RESULT] 110,128,0,0.014472961,0.013609886,80555,76888,161110
[RESULT] 110,128,1,0.013368845,0.012595654,80555,76888,161110
[RESULT] 110,128,2,0.014334679,0.013489246,80555,76888,161110
[RESULT] 110,128,3,0.014128923,0.013319016,80555,76888,161110
[RESULT] 110,128,4,0.014476776,0.013616800,80555,76888,161110
[RESULT] 110,128,5,0.014535189,0.013688803,80555,76888,161110
[RESULT] 110,128,6,0.014533520,0.013672590,80555,76888,161110
[RESULT] 110,128,7,0.014424086,0.013568878,80555,76888,161110
[RESULT] 110,128,8,0.014272690,0.013427258,80555,76888,161110
[RESULT] 110,128,9,0.014393330,0.013531685,80555,76888,161110
[RESULT] 115,128,0,0.014687061,0.013992310,80812,77174,161624
[RESULT] 115,128,1,0.014432430,0.013762474,80812,77174,161624
[RESULT] 115,128,2,0.014218569,0.013590097,80812,77174,161624
[RESULT] 115,128,3,0.014201641,0.013578176,80812,77174,161624
[RESULT] 115,128,4,0.014410734,0.013760328,80812,77174,161624
[RESULT] 115,128,5,0.014504433,0.013875484,80812,77174,161624
[RESULT] 115,128,6,0.014301300,0.013693333,80812,77174,161624
[RESULT] 115,128,7,0.014211893,0.013614178,80812,77174,161624
[RESULT] 115,128,8,0.014368773,0.013765097,80812,77174,161624
[RESULT] 115,128,9,0.014341593,0.013753176,80812,77174,161624
[RESULT] 36,128,6,0.013494730,0.012714148,79130,75498,158260
[RESULT] 36,128,7,0.014416218,0.013555765,79130,75498,158260
[RESULT] 36,128,8,0.014061689,0.013225794,79130,75498,158260
[RESULT] 36,128,9,0.014487743,0.013618469,79130,75498,158260
[RESULT] 85,128,7,0.013503313,0.012708902,80636,76929,161272
[RESULT] 85,128,8,0.014387608,0.013538837,80636,76929,161272
[RESULT] 85,128,9,0.014293432,0.013448477,80636,76929,161272
[RESULT] 22,128,0,0.014630556,0.013826132,80533,76911,161066
[RESULT] 22,128,1,0.014617443,0.013832331,80533,76911,161066
[RESULT] 22,128,2,0.014461040,0.013681650,80533,76911,161066
[RESULT] 22,128,3,0.014245272,0.013475418,80533,76911,161066
[RESULT] 22,128,4,0.014518023,0.013760567,80533,76911,161066
[RESULT] 22,128,5,0.014399529,0.013633490,80533,76911,161066
[RESULT] 22,128,6,0.014563322,0.013800859,80533,76911,161066
[RESULT] 22,128,7,0.014496088,0.013736010,80533,76911,161066
[RESULT] 22,128,8,0.014368534,0.013611794,80533,76911,161066
[RESULT] 22,128,9,0.014447927,0.013686895,80533,76911,161066
[RESULT] 3,128,0,0.014629126,0.013960123,81318,77682,162636
[RESULT] 3,128,1,0.013793230,0.013202906,81318,77682,162636
[RESULT] 3,128,2,0.014362097,0.013741255,81318,77682,162636
[RESULT] 3,128,3,0.014208317,0.013592005,81318,77682,162636
[RESULT] 3,128,4,0.014470339,0.013829947,81318,77682,162636
[RESULT] 3,128,5,0.014460802,0.013849735,81318,77682,162636
[RESULT] 3,128,6,0.014451027,0.013842821,81318,77682,162636
[RESULT] 3,128,7,0.014350414,0.013753891,81318,77682,162636
[RESULT] 3,128,8,0.014333963,0.013741732,81318,77682,162636
[RESULT] 3,128,9,0.014374018,0.013790131,81318,77682,162636
[RESULT] 56,128,8,0.014045715,0.012980223,80218,76504,160436
[RESULT] 56,128,9,0.014506102,0.013593435,80218,76504,160436
[RESULT] 21,128,0,0.014463425,0.013651371,80012,76375,160024
[RESULT] 21,128,1,0.014702797,0.013914824,80012,76375,160024
[RESULT] 21,128,2,0.013794661,0.013012409,80012,76375,160024
[RESULT] 21,128,3,0.014359951,0.013565063,80012,76375,160024
[RESULT] 21,128,4,0.014332771,0.013550043,80012,76375,160024
[RESULT] 21,128,5,0.014294386,0.013502598,80012,76375,160024
[RESULT] 21,128,6,0.014647007,0.013882637,80012,76375,160024
[RESULT] 21,128,7,0.014663458,0.013901234,80012,76375,160024
[RESULT] 38,128,0,0.014635086,0.013926983,80201,76536,160402
[RESULT] 38,128,1,0.014657736,0.013927460,80201,76536,160402
[RESULT] 38,128,2,0.014517307,0.013541222,80201,76536,160402
[RESULT] 38,128,3,0.014873981,0.013892412,80201,76536,160402
[RESULT] 38,128,4,0.014751196,0.013811111,80201,76536,160402
[RESULT] 38,128,5,0.014653206,0.013702869,80201,76536,160402
[RESULT] 38,128,6,0.014497519,0.013591051,80201,76536,160402
[RESULT] 38,128,7,0.014496565,0.013575554,80201,76536,160402
[RESULT] 38,128,8,0.014333963,0.013453484,80201,76536,160402
[RESULT] 38,128,9,0.014460325,0.013493299,80201,76536,160402
[RESULT] 55,128,0,0.013991833,0.013358355,81386,77666,162772
[RESULT] 55,128,1,0.014510870,0.013862133,81386,77666,162772
[RESULT] 55,128,2,0.014362812,0.013749123,81386,77666,162772
[RESULT] 55,128,3,0.014466047,0.013854027,81386,77666,162772
[RESULT] 55,128,4,0.014133930,0.013509512,81386,77666,162772
[RESULT] 55,128,5,0.014446974,0.013844728,81386,77666,162772
[RESULT] 55,128,6,0.014282703,0.013687611,81386,77666,162772
[RESULT] 55,128,7,0.013973236,0.013414383,81386,77666,162772
[RESULT] 55,128,8,0.014309883,0.013721704,81386,77666,162772
[RESULT] 55,128,9,0.014388561,0.013823986,81386,77666,162772
[RESULT] 52,128,0,0.013388157,0.012565374,79937,76282,159874
[RESULT] 52,128,1,0.013880253,0.013069630,79937,76282,159874
[RESULT] 52,128,2,0.013958931,0.013119936,79937,76282,159874
[RESULT] 52,128,3,0.014324188,0.013493061,79937,76282,159874
[RESULT] 52,128,4,0.014284372,0.013461351,79937,76282,159874
[RESULT] 21,128,8,0.014368534,0.013588428,80012,76375,160024
[RESULT] 21,128,9,0.014325142,0.013558626,80012,76375,160024
[RESULT] 102,128,0,0.014738560,0.013821363,81056,77415,162112
[RESULT] 102,128,1,0.014479160,0.013589859,81056,77415,162112
[RESULT] 102,128,2,0.014451504,0.013572693,81056,77415,162112
[RESULT] 102,128,3,0.014425993,0.013563395,81056,77415,162112
[RESULT] 102,128,4,0.014334440,0.013456345,81056,77415,162112
[RESULT] 102,128,5,0.014643431,0.013767242,81056,77415,162112
[RESULT] 102,128,6,0.014481783,0.013597250,81056,77415,162112
[RESULT] 102,128,7,0.014662266,0.013772011,81056,77415,162112
[RESULT] 102,128,8,0.014508009,0.013599634,81056,77415,162112
[RESULT] 102,128,9,0.014388800,0.013517380,81056,77415,162112
[RESULT] 59,128,9,0.014352798,0.013756752,82120,78353,164240
[RESULT] 52,128,5,0.013945580,0.013134718,79937,76282,159874
[RESULT] 52,128,6,0.014164686,0.013334274,79937,76282,159874
[RESULT] 52,128,7,0.014057636,0.013250113,79937,76282,159874
[RESULT] 52,128,8,0.013889313,0.013069153,79937,76282,159874
[RESULT] 52,128,9,0.014550924,0.013759613,79937,76282,159874
[RESULT] 25,128,0,0.014432907,0.013551474,81299,77670,162598
[RESULT] 25,128,1,0.014354229,0.013481379,81299,77670,162598
[RESULT] 25,128,2,0.014099836,0.013239145,81299,77670,162598
[RESULT] 25,128,3,0.014021158,0.013159037,81299,77670,162598
[RESULT] 25,128,4,0.014167070,0.013316870,81299,77670,162598
[RESULT] 25,128,5,0.014041662,0.013182402,81299,77670,162598
[RESULT] 30,128,0,0.014412165,0.013554335,80364,76744,160728
[RESULT] 30,128,1,0.014594793,0.013739824,80364,76744,160728
[RESULT] 30,128,2,0.014206886,0.013368368,80364,76744,160728
[RESULT] 30,128,3,0.014732122,0.013869524,80364,76744,160728
[RESULT] 30,128,4,0.014523268,0.013663054,80364,76744,160728
[RESULT] 30,128,5,0.014728785,0.013864279,80364,76744,160728
[RESULT] 30,128,6,0.014555216,0.013685942,80364,76744,160728
[RESULT] 30,128,7,0.014314890,0.013469696,80364,76744,160728
[RESULT] 30,128,8,0.014440060,0.013548136,80364,76744,160728
[RESULT] 30,128,9,0.014507055,0.013656139,80364,76744,160728
[RESULT] 99,128,0,0.014283657,0.013573408,81874,78234,163748
[RESULT] 99,128,1,0.012762785,0.012179375,81874,78234,163748
[RESULT] 99,128,2,0.013580799,0.013001919,81874,78234,163748
[RESULT] 99,128,3,0.013677597,0.013138294,81874,78234,163748
[RESULT] 99,128,4,0.013794184,0.013206244,81874,78234,163748
[RESULT] 99,128,5,0.013615131,0.013047457,81874,78234,163748
[RESULT] 99,128,6,0.014478922,0.013859272,81874,78234,163748
[RESULT] 99,128,7,0.013719797,0.013161421,81874,78234,163748
[RESULT] 99,128,8,0.014367819,0.013760090,81874,78234,163748
[RESULT] 99,128,9,0.014402866,0.013781309,81874,78234,163748
[RESULT] 25,128,6,0.013572216,0.012778997,81299,77670,162598
[RESULT] 25,128,7,0.014276743,0.013425350,81299,77670,162598
[RESULT] 25,128,8,0.013163567,0.012396574,81299,77670,162598
[RESULT] 25,128,9,0.014298201,0.013434410,81299,77670,162598
[RESULT] 34,128,0,0.014711380,0.013800621,80725,77097,161450
[RESULT] 34,128,1,0.014614344,0.013744354,80725,77097,161450
[RESULT] 34,128,2,0.014688969,0.013798237,80725,77097,161450
[RESULT] 34,128,3,0.014145136,0.013317585,80725,77097,161450
[RESULT] 34,128,4,0.014603138,0.013725281,80725,77097,161450
[RESULT] 34,128,5,0.014407635,0.013544798,80725,77097,161450
[RESULT] 34,128,6,0.014424801,0.013558626,80725,77097,161450
[RESULT] 34,128,7,0.014486551,0.013614178,80725,77097,161450
[RESULT] 34,128,8,0.014010191,0.013179541,80725,77097,161450
[RESULT] 34,128,9,0.014497757,0.013635159,80725,77097,161450
[RESULT] 35,128,0,0.013657570,0.013021231,81032,77391,162064
[RESULT] 35,128,1,0.014058352,0.013431072,81032,77391,162064
[RESULT] 35,128,2,0.014417648,0.013780832,81032,77391,162064
[RESULT] 35,128,3,0.013674021,0.013092041,81032,77391,162064
[RESULT] 35,128,4,0.014531612,0.013877630,81032,77391,162064
[RESULT] 35,128,5,0.013975859,0.013386726,81032,77391,162064
[RESULT] 35,128,6,0.013676643,0.013113022,81032,77391,162064
[RESULT] 35,128,7,0.014550686,0.013938427,81032,77391,162064
[RESULT] 35,128,8,0.014542818,0.013933420,81032,77391,162064
[RESULT] 35,128,9,0.014422894,0.013818979,81032,77391,162064
[RESULT] 53,128,0,0.014378548,0.013516426,80258,76548,160516
[RESULT] 53,128,1,0.014278412,0.013439655,80258,76548,160516
[RESULT] 53,128,2,0.014324665,0.013497114,80258,76548,160516
[RESULT] 53,128,3,0.014419079,0.013584137,80258,76548,160516
[RESULT] 53,128,4,0.014225960,0.013407230,80258,76548,160516
[RESULT] 78,128,0,0.014544249,0.013866186,80824,77128,161648
[RESULT] 78,128,1,0.014580250,0.013878584,80824,77128,161648
[RESULT] 78,128,2,0.014495134,0.013547421,80824,77128,161648
[RESULT] 78,128,3,0.014602423,0.013684750,80824,77128,161648
[RESULT] 78,128,4,0.013948679,0.013029575,80824,77128,161648
[RESULT] 78,128,5,0.014776945,0.013848066,80824,77128,161648
[RESULT] 78,128,6,0.014522552,0.013640165,80824,77128,161648
[RESULT] 78,128,7,0.014533043,0.013619661,80824,77128,161648
[RESULT] 78,128,8,0.014462709,0.013589621,80824,77128,161648
[RESULT] 78,128,9,0.014522076,0.013587713,80824,77128,161648
[RESULT] 43,128,0,0.014299631,0.013579369,81739,78026,163478
[RESULT] 43,128,1,0.014425039,0.013747931,81739,78026,163478
[RESULT] 43,128,2,0.014204264,0.013598919,81739,78026,163478
[RESULT] 43,128,3,0.014484644,0.013894796,81739,78026,163478
[RESULT] 43,128,4,0.014459133,0.013867140,81739,78026,163478
[RESULT] 43,128,5,0.013958454,0.013369799,81739,78026,163478
[RESULT] 43,128,6,0.014397144,0.013795376,81739,78026,163478
[RESULT] 43,128,7,0.014497280,0.013890505,81739,78026,163478
[RESULT] 43,128,8,0.014504910,0.013896465,81739,78026,163478
[RESULT] 43,128,9,0.014427662,0.013812304,81739,78026,163478
[RESULT] 53,128,5,0.013480902,0.012711287,80258,76548,160516
[RESULT] 53,128,6,0.014288902,0.013449430,80258,76548,160516
[RESULT] 53,128,7,0.013699293,0.012895823,80258,76548,160516
[RESULT] 53,128,8,0.013681650,0.012897968,80258,76548,160516
[RESULT] 53,128,9,0.014356375,0.013527870,80258,76548,160516
[RESULT] 90,128,0,0.014443874,0.013725996,81170,77544,162340
[RESULT] 90,128,1,0.014219046,0.013495922,81170,77544,162340
[RESULT] 90,128,2,0.014326334,0.013343811,81170,77544,162340
[RESULT] 90,128,3,0.014749527,0.013764381,81170,77544,162340
[RESULT] 90,128,4,0.014572620,0.013617754,81170,77544,162340
[RESULT] 90,128,5,0.014666796,0.013709307,81170,77544,162340
[RESULT] 90,128,6,0.014088869,0.013219357,81170,77544,162340
[RESULT] 90,128,7,0.014458895,0.013520002,81170,77544,162340
[RESULT] 90,128,8,0.014472008,0.013559341,81170,77544,162340
[RESULT] 90,128,9,0.014555693,0.013571501,81170,77544,162340
[RESULT] 87,128,0,0.012398481,0.011750221,81541,77910,163082
[RESULT] 87,128,1,0.013521194,0.012894869,81541,77910,163082
[RESULT] 87,128,2,0.013645887,0.013064146,81541,77910,163082
[RESULT] 87,128,3,0.014111280,0.013529062,81541,77910,163082
[RESULT] 87,128,4,0.012824059,0.012279510,81541,77910,163082
[RESULT] 87,128,5,0.013306856,0.012742519,81541,77910,163082
[RESULT] 87,128,6,0.014442682,0.013822317,81541,77910,163082
[RESULT] 87,128,7,0.014347553,0.013723135,81541,77910,163082
[RESULT] 105,128,0,0.014790058,0.013931751,81244,77560,162488
[RESULT] 105,128,1,0.014371634,0.013505220,81244,77560,162488
[RESULT] 105,128,2,0.014543295,0.013686180,81244,77560,162488
[RESULT] 105,128,3,0.014361620,0.013496399,81244,77560,162488
[RESULT] 105,128,4,0.014685631,0.013858795,81244,77560,162488
[RESULT] 105,128,5,0.014411926,0.013567209,81244,77560,162488
[RESULT] 105,128,6,0.014156103,0.013281345,81244,77560,162488
[RESULT] 106,128,0,0.014840364,0.013909340,81427,77759,162854
[RESULT] 106,128,1,0.014684916,0.013777733,81427,77759,162854
[RESULT] 106,128,2,0.014676332,0.013772726,81427,77759,162854
[RESULT] 106,128,3,0.014705658,0.013811588,81427,77759,162854
[RESULT] 106,128,4,0.014673471,0.013770819,81427,77759,162854
[RESULT] 106,128,5,0.014673471,0.013772726,81427,77759,162854
[RESULT] 106,128,6,0.014115095,0.013273239,81427,77759,162854
[RESULT] 106,128,7,0.014638424,0.013748884,81427,77759,162854
[RESULT] 106,128,8,0.014583111,0.013648510,81427,77759,162854
[RESULT] 106,128,9,0.014506102,0.013601303,81427,77759,162854
[RESULT] 95,128,0,0.012380838,0.011767387,81791,78144,163582
[RESULT] 95,128,1,0.013951063,0.013339996,81791,78144,163582
[RESULT] 95,128,2,0.012974262,0.012406588,81791,78144,163582
[RESULT] 95,128,3,0.013938904,0.013341427,81791,78144,163582
[RESULT] 95,128,4,0.012693882,0.012092590,81791,78144,163582
[RESULT] 95,128,5,0.014536381,0.013916969,81791,78144,163582
[RESULT] 95,128,6,0.014248371,0.013647318,81791,78144,163582
[RESULT] 95,128,7,0.014352322,0.013747454,81791,78144,163582
[RESULT] 95,128,8,0.014489174,0.013878822,81791,78144,163582
[RESULT] 95,128,9,0.014441252,0.013842583,81791,78144,163582
[RESULT] 105,128,7,0.014418125,0.013568163,81244,77560,162488
[RESULT] 105,128,8,0.014323711,0.013473511,81244,77560,162488
[RESULT] 105,128,9,0.014376402,0.013528824,81244,77560,162488
[RESULT] 50,128,0,0.014703751,0.013775110,80763,77056,161526
[RESULT] 50,128,1,0.014720678,0.013820171,80763,77056,161526
[RESULT] 50,128,2,0.014716387,0.013813019,80763,77056,161526
[RESULT] 50,128,3,0.014588594,0.013596058,80763,77056,161526
[RESULT] 50,128,4,0.014571190,0.013666153,80763,77056,161526
[RESULT] 50,128,5,0.014713526,0.013818741,80763,77056,161526
[RESULT] 50,128,6,0.014576674,0.013585091,80763,77056,161526
[RESULT] 50,128,7,0.014348745,0.013317108,80763,77056,161526
[RESULT] 50,128,8,0.014520168,0.013596773,80763,77056,161526
[RESULT] 50,128,9,0.014629841,0.013726711,80763,77056,161526
[RESULT] 87,128,8,0.014487982,0.013877153,81541,77910,163082
[RESULT] 87,128,9,0.014468431,0.013839722,81541,77910,163082
[RESULT] 97,128,0,0.014370441,0.013488293,81203,77603,162406
[RESULT] 97,128,1,0.013404608,0.012634993,81203,77603,162406
[RESULT] 97,128,2,0.013940811,0.013122559,81203,77603,162406
[RESULT] 97,128,3,0.014537334,0.013710499,81203,77603,162406
[RESULT] 97,128,4,0.013919353,0.013093710,81203,77603,162406
[RESULT] 54,128,0,0.014612675,0.013920784,80510,76797,161020
[RESULT] 54,128,1,0.014626741,0.013914585,80510,76797,161020
[RESULT] 54,128,2,0.014463425,0.013516188,80510,76797,161020
[RESULT] 54,128,3,0.014852285,0.013901234,80510,76797,161020
[RESULT] 54,128,4,0.013652563,0.012727499,80510,76797,161020
[RESULT] 54,128,5,0.014642954,0.013729811,80510,76797,161020
[RESULT] 54,128,6,0.013783216,0.012940168,80510,76797,161020
[RESULT] 54,128,7,0.013878107,0.012930393,80510,76797,161020
[RESULT] 54,128,8,0.014478683,0.013578176,80510,76797,161020
[RESULT] 54,128,9,0.014587879,0.013634682,80510,76797,161020
[RESULT] 103,128,0,0.014716864,0.014018297,81745,78096,163490
[RESULT] 103,128,1,0.014503717,0.013821602,81745,78096,163490
[RESULT] 103,128,2,0.014514446,0.013858795,81745,78096,163490
[RESULT] 103,128,3,0.014493942,0.013853073,81745,78096,163490
[RESULT] 103,128,4,0.014388561,0.013724327,81745,78096,163490
[RESULT] 103,128,5,0.014550447,0.013916731,81745,78096,163490
[RESULT] 103,128,6,0.014189243,0.013577461,81745,78096,163490
[RESULT] 103,128,7,0.014421463,0.013808489,81745,78096,163490
[RESULT] 103,128,8,0.014489412,0.013876915,81745,78096,163490
[RESULT] 103,128,9,0.014482975,0.013862848,81745,78096,163490
[RESULT] 97,128,5,0.013848543,0.013037920,81203,77603,162406
[RESULT] 97,128,6,0.014174223,0.013338566,81203,77603,162406
[RESULT] 97,128,7,0.014220476,0.013384342,81203,77603,162406
[RESULT] 97,128,8,0.014323235,0.013485670,81203,77603,162406
[RESULT] 97,128,9,0.014397144,0.013565063,81203,77603,162406
[RESULT] 62,128,0,0.014788866,0.013891935,80778,77019,161556
[RESULT] 62,128,1,0.014621019,0.013756990,80778,77019,161556
[RESULT] 62,128,2,0.014597416,0.013727903,80778,77019,161556
[RESULT] 62,128,3,0.014720440,0.013860941,80778,77019,161556
[RESULT] 62,128,4,0.013777494,0.013002634,80778,77019,161556
[RESULT] 62,128,5,0.013801575,0.013031960,80778,77019,161556
[RESULT] 62,128,6,0.014687300,0.013810158,80778,77019,161556
[RESULT] 62,128,7,0.014480591,0.013602972,80778,77019,161556
[RESULT] 62,128,8,0.014670372,0.013756514,80778,77019,161556
[RESULT] 62,128,9,0.014649868,0.013763428,80778,77019,161556
[RESULT] 23,128,0,0.014297724,0.013635159,81366,77718,162732
[RESULT] 23,128,1,0.014507532,0.013830900,81366,77718,162732
[RESULT] 23,128,2,0.014222860,0.013576984,81366,77718,162732
[RESULT] 23,128,3,0.014072180,0.013421059,81366,77718,162732
[RESULT] 23,128,4,0.014235735,0.013604641,81366,77718,162732
[RESULT] 23,128,5,0.014348984,0.013694048,81366,77718,162732
[RESULT] 23,128,6,0.014343262,0.013681173,81366,77718,162732
[RESULT] 23,128,7,0.014597893,0.013936520,81366,77718,162732
[RESULT] 23,128,8,0.014418602,0.013763428,81366,77718,162732
[RESULT] 23,128,9,0.014515877,0.013850451,81366,77718,162732
[RESULT] 109,128,0,0.014718056,0.013957500,80510,76849,161020
[RESULT] 109,128,1,0.014465570,0.013687611,80510,76849,161020
[RESULT] 118,128,0,0.014575005,0.013672829,80444,76774,160888
[RESULT] 118,128,1,0.014073610,0.013209820,80444,76774,160888
[RESULT] 118,128,2,0.014409065,0.013517857,80444,76774,160888
[RESULT] 118,128,3,0.014617443,0.013723612,80444,76774,160888
[RESULT] 118,128,4,0.014259815,0.013385534,80444,76774,160888
[RESULT] 118,128,5,0.014769316,0.013879538,80444,76774,160888
[RESULT] 118,128,6,0.014593363,0.013690948,80444,76774,160888
[RESULT] 118,128,7,0.014493704,0.013606310,80444,76774,160888
[RESULT] 118,128,8,0.014605045,0.013671875,80444,76774,160888
[RESULT] 118,128,9,0.014679193,0.013773203,80444,76774,160888
[RESULT] 67,128,0,0.013134241,0.012507439,81753,77938,163506
[RESULT] 67,128,1,0.014189959,0.013505220,81753,77938,163506
[RESULT] 67,128,2,0.014418364,0.013745070,81753,77938,163506
[RESULT] 67,128,3,0.014198303,0.013526440,81753,77938,163506
[RESULT] 67,128,4,0.013967752,0.013342142,81753,77938,163506
[RESULT] 67,128,5,0.014509201,0.013833046,81753,77938,163506
[RESULT] 67,128,6,0.014358521,0.013694286,81753,77938,163506
[RESULT] 67,128,7,0.014468193,0.013802290,81753,77938,163506
[RESULT] 109,128,2,0.014078617,0.013307810,80510,76849,161020
[RESULT] 109,128,3,0.014256477,0.013486385,80510,76849,161020
[RESULT] 109,128,4,0.014318943,0.013555288,80510,76849,161020
[RESULT] 109,128,5,0.014434338,0.013673544,80510,76849,161020
[RESULT] 109,128,6,0.014263391,0.013498306,80510,76849,161020
[RESULT] 109,128,7,0.014321804,0.013562202,80510,76849,161020
[RESULT] 109,128,8,0.014448166,0.013690948,80510,76849,161020
[RESULT] 109,128,9,0.014458418,0.013714790,80510,76849,161020
[RESULT] 126,128,0,0.014832497,0.013952255,80300,76676,160600
[RESULT] 126,128,1,0.014756918,0.013890028,80300,76676,160600
[RESULT] 126,128,2,0.013197184,0.012448549,80300,76676,160600
[RESULT] 126,128,3,0.014763117,0.013905525,80300,76676,160600
[RESULT] 126,128,4,0.014486551,0.013617039,80300,76676,160600
[RESULT] 126,128,5,0.014707804,0.013840437,80300,76676,160600
[RESULT] 126,128,6,0.014504671,0.013637781,80300,76676,160600
[RESULT] 126,128,7,0.014374733,0.013513565,80300,76676,160600
[RESULT] 126,128,8,0.014642239,0.013750315,80300,76676,160600
[RESULT] 126,128,9,0.014639616,0.013766289,80300,76676,160600
[RESULT] 71,128,0,0.013941765,0.013284922,80877,77144,161754
[RESULT] 71,128,1,0.014441967,0.013762712,80877,77144,161754
[RESULT] 71,128,2,0.014198780,0.013560057,80877,77144,161754
[RESULT] 71,128,3,0.013864994,0.013251066,80877,77144,161754
[RESULT] 71,128,4,0.014550447,0.013882160,80877,77144,161754
[RESULT] 71,128,5,0.014378548,0.013746500,80877,77144,161754
[RESULT] 71,128,6,0.014467955,0.013838053,80877,77144,161754
[RESULT] 71,128,7,0.014399290,0.013777494,80877,77144,161754
[RESULT] 71,128,8,0.014544249,0.013928413,80877,77144,161754
[RESULT] 71,128,9,0.014496088,0.013874769,80877,77144,161754
[RESULT] 101,128,0,0.014731884,0.013929129,80797,77172,161594
[RESULT] 101,128,1,0.014689684,0.013885498,80797,77172,161594
[RESULT] 101,128,2,0.014270067,0.013478994,80797,77172,161594
[RESULT] 101,128,3,0.014455795,0.013660908,80797,77172,161594
[RESULT] 101,128,4,0.014447212,0.013665438,80797,77172,161594
[RESULT] 101,128,5,0.014620066,0.013849020,80797,77172,161594
[RESULT] 101,128,6,0.014462233,0.013673306,80797,77172,161594
[RESULT] 47,128,0,0.014174938,0.013409376,81887,78190,163774
[RESULT] 47,128,1,0.014226913,0.013478518,81887,78190,163774
[RESULT] 101,128,7,0.014277220,0.013478518,80797,77172,161594
[RESULT] 101,128,8,0.014333248,0.013555050,80797,77172,161594
[RESULT] 101,128,9,0.014666557,0.013904810,80797,77172,161594
[RESULT] 67,128,8,0.013540268,0.012926817,81753,77938,163506
[RESULT] 67,128,9,0.014526606,0.013846874,81753,77938,163506
[RESULT] 1,128,0,0.014844656,0.013977528,80095,76471,160190
[RESULT] 1,128,1,0.014607668,0.013714314,80095,76471,160190
[RESULT] 1,128,2,0.014432907,0.013501883,80095,76471,160190
[RESULT] 1,128,3,0.014518499,0.013638973,80095,76471,160190
[RESULT] 19,128,0,0.014635324,0.013836861,81378,77742,162756
[RESULT] 19,128,1,0.014191151,0.013125896,81378,77742,162756
[RESULT] 19,128,2,0.014232874,0.013332367,81378,77742,162756
[RESULT] 19,128,3,0.014377117,0.013473511,81378,77742,162756
[RESULT] 19,128,4,0.014454365,0.013637066,81378,77742,162756
[RESULT] 19,128,5,0.014698744,0.013926506,81378,77742,162756
[RESULT] 19,128,6,0.014626980,0.013844490,81378,77742,162756
[RESULT] 19,128,7,0.014586449,0.013803244,81378,77742,162756
[RESULT] 1,128,4,0.014452696,0.013546944,80095,76471,160190
[RESULT] 1,128,5,0.014540434,0.013677835,80095,76471,160190
[RESULT] 1,128,6,0.014367580,0.013326883,80095,76471,160190
[RESULT] 1,128,7,0.014465809,0.013551712,80095,76471,160190
[RESULT] 1,128,8,0.014567614,0.013714552,80095,76471,160190
[RESULT] 1,128,9,0.014779568,0.013924122,80095,76471,160190
[RESULT] 47,128,2,0.013788462,0.013111353,81887,78190,163774
[RESULT] 47,128,3,0.014388561,0.013648748,81887,78190,163774
[RESULT] 47,128,4,0.013917685,0.013221264,81887,78190,163774
[RESULT] 47,128,5,0.014120579,0.013423920,81887,78190,163774
[RESULT] 47,128,6,0.014404774,0.013681173,81887,78190,163774
[RESULT] 47,128,7,0.014435530,0.013713598,81887,78190,163774
[RESULT] 47,128,8,0.014456511,0.013721943,81887,78190,163774
[RESULT] 47,128,9,0.014546871,0.013815880,81887,78190,163774
[RESULT] 29,128,0,0.014276743,0.013427973,80265,76639,160530
[RESULT] 29,128,1,0.014146328,0.013328552,80265,76639,160530
[RESULT] 63,128,0,0.014084339,0.013307571,81639,77880,163278
[RESULT] 63,128,1,0.014479160,0.013716459,81639,77880,163278
[RESULT] 63,128,2,0.014551163,0.013789415,81639,77880,163278
[RESULT] 63,128,3,0.014298916,0.013552189,81639,77880,163278
[RESULT] 63,128,4,0.013830423,0.013127327,81639,77880,163278
[RESULT] 63,128,5,0.014365673,0.013638735,81639,77880,163278
[RESULT] 63,128,6,0.014512777,0.013767242,81639,77880,163278
[RESULT] 63,128,7,0.014572144,0.013823986,81639,77880,163278
[RESULT] 63,128,8,0.013825893,0.013137341,81639,77880,163278
[RESULT] 63,128,9,0.014551401,0.013799191,81639,77880,163278
[RESULT] 29,128,2,0.014196157,0.013378382,80265,76639,160530
[RESULT] 29,128,3,0.014058352,0.013240337,80265,76639,160530
[RESULT] 29,128,4,0.013887882,0.013092518,80265,76639,160530
[RESULT] 29,128,5,0.012680292,0.011974812,80265,76639,160530
[RESULT] 29,128,6,0.014175177,0.013343334,80265,76639,160530
[RESULT] 29,128,7,0.013641596,0.012851238,80265,76639,160530
[RESULT] 75,128,0,0.013006210,0.012271166,81604,77880,163208
[RESULT] 75,128,1,0.014125347,0.013366222,81604,77880,163208
[RESULT] 75,128,2,0.014544725,0.013765097,81604,77880,163208
[RESULT] 75,128,3,0.014430523,0.013647556,81604,77880,163208
[RESULT] 75,128,4,0.013894796,0.013150215,81604,77880,163208
[RESULT] 75,128,5,0.014426470,0.013656378,81604,77880,163208
[RESULT] 75,128,6,0.013595343,0.012877703,81604,77880,163208
[RESULT] 75,128,7,0.014544249,0.013760090,81604,77880,163208
[RESULT] 75,128,8,0.014490366,0.013713598,81604,77880,163208
[RESULT] 75,128,9,0.014545202,0.013774395,81604,77880,163208
[RESULT] 29,128,8,0.013240576,0.012507677,80265,76639,160530
[RESULT] 29,128,9,0.014735937,0.013923645,80265,76639,160530
[RESULT] 123,128,0,0.014626503,0.013900280,81371,77740,162742
[RESULT] 123,128,1,0.014247417,0.013535261,81371,77740,162742
[RESULT] 123,128,2,0.013213873,0.012599945,81371,77740,162742
[RESULT] 123,128,3,0.014217377,0.013535261,81371,77740,162742
[RESULT] 123,128,4,0.014492273,0.013820887,81371,77740,162742
[RESULT] 123,128,5,0.014195919,0.013542652,81371,77740,162742
[RESULT] 123,128,6,0.014481544,0.013813496,81371,77740,162742
[RESULT] 123,128,7,0.013798237,0.013203382,81371,77740,162742
[RESULT] 123,128,8,0.014582634,0.013912678,81371,77740,162742
[RESULT] 123,128,9,0.014570713,0.013885021,81371,77740,162742
[RESULT] 19,128,8,0.014730215,0.013947725,81378,77742,162756
[RESULT] 19,128,9,0.014551163,0.013772011,81378,77742,162756
[RESULT] 31,128,0,0.013803005,0.013079643,81073,77437,162146
[RESULT] 31,128,1,0.014174223,0.013427973,81073,77437,162146
[RESULT] 31,128,2,0.014481783,0.013752222,81073,77437,162146
[RESULT] 31,128,3,0.014222383,0.013491392,81073,77437,162146
[RESULT] 31,128,4,0.014414072,0.013687134,81073,77437,162146
[RESULT] 31,128,5,0.014645338,0.013919115,81073,77437,162146
[RESULT] 31,128,6,0.014584541,0.013854742,81073,77437,162146
[RESULT] 31,128,7,0.014550447,0.013821840,81073,77437,162146
[RESULT] 31,128,8,0.014484406,0.013743639,81073,77437,162146
[RESULT] 31,128,9,0.014540672,0.013811588,81073,77437,162146
[RESULT] 27,128,0,0.014601946,0.013616323,81780,78163,163560
[RESULT] 27,128,1,0.014504671,0.013616323,81780,78163,163560
[RESULT] 27,128,2,0.014310360,0.013347149,81780,78163,163560
[RESULT] 27,128,3,0.014491320,0.013706446,81780,78163,163560
[RESULT] 27,128,4,0.014645338,0.013886213,81780,78163,163560
[RESULT] 27,128,5,0.014603615,0.013800859,81780,78163,163560
[RESULT] 27,128,6,0.014472723,0.013691902,81780,78163,163560
[RESULT] 27,128,7,0.014581680,0.013801098,81780,78163,163560
[RESULT] 27,128,8,0.014543533,0.013660431,81780,78163,163560
[RESULT] 27,128,9,0.014584541,0.013794184,81780,78163,163560
[RESULT] 51,128,0,0.014275551,0.013503551,81599,77861,163198
[RESULT] 51,128,1,0.013883114,0.013168097,81599,77861,163198
[RESULT] 51,128,2,0.014611721,0.013857841,81599,77861,163198
[RESULT] 51,128,3,0.014119625,0.013389587,81599,77861,163198
[RESULT] 51,128,4,0.014515400,0.013777494,81599,77861,163198
[RESULT] 51,128,5,0.014661074,0.013915539,81599,77861,163198
[RESULT] 51,128,6,0.014447689,0.013710499,81599,77861,163198
[RESULT] 51,128,7,0.014681101,0.013937235,81599,77861,163198
[RESULT] 51,128,8,0.014087439,0.013387442,81599,77861,163198
[RESULT] 51,128,9,0.014609575,0.013861895,81599,77861,163198
[RESULT] 100,128,0,0.014848709,0.013919830,79993,76365,159986
[RESULT] 100,128,1,0.014487505,0.013317585,79993,76365,159986
[RESULT] 100,128,2,0.014477253,0.013454676,79993,76365,159986
[RESULT] 100,128,3,0.014503479,0.013202667,79993,76365,159986
[RESULT] 100,128,4,0.014549255,0.013653755,79993,76365,159986
[RESULT] 100,128,5,0.014520168,0.013578653,79993,76365,159986
[RESULT] 100,128,6,0.014488459,0.013493776,79993,76365,159986
[RESULT] 100,128,7,0.014656067,0.013766289,79993,76365,159986
[RESULT] 100,128,8,0.014488697,0.013596058,79993,76365,159986
[RESULT] 100,128,9,0.014744282,0.013686895,79993,76365,159986
