Retrieving the matrix from '../data/msdoor.mtx'...
Real Matrix (Strong Scaling): Rows=415863 | Cols=415863 | NNZ=10328399 | Procs=1
Matrix distributed and converted to CSR
Ghost columns identified: 0 total ghost values needed
Local vector initialized (size=415863 per process)
[RESULT] 0,1,0,0.035064459,0.000002384,10328399,0,20656798
[RESULT] 0,1,1,0.034993649,0.000002384,10328399,0,20656798
[RESULT] 0,1,2,0.034942389,0.000003338,10328399,0,20656798
[RESULT] 0,1,3,0.034952164,0.000002623,10328399,0,20656798
[RESULT] 0,1,4,0.034947634,0.000002623,10328399,0,20656798
[RESULT] 0,1,5,0.034947157,0.000002384,10328399,0,20656798
[RESULT] 0,1,6,0.034943104,0.000001907,10328399,0,20656798
[RESULT] 0,1,7,0.034929991,0.000002384,10328399,0,20656798
[RESULT] 0,1,8,0.034905434,0.000002384,10328399,0,20656798
[RESULT] 0,1,9,0.034926891,0.000003099,10328399,0,20656798

Benchmark Summary
Processes: 1
Iterations: 10
Matrix NNZ: 10328399
Total execution time: 5.597 seconds
