Retrieving the matrix from '../data/msdoor.mtx'...
Real Matrix (Strong Scaling): Rows=415863 | Cols=415863 | NNZ=10328399 | Procs=4
Matrix distributed and converted to CSR
Ghost columns identified: 1871027 total ghost values needed
Local vector initialized (size=103966 per process)
[RESULT] 3,4,0,0.040112019,0.025462151,2606494,1917833,5212988
[RESULT] 3,4,1,0.031574011,0.017120123,2606494,1917833,5212988
[RESULT] 3,4,2,0.031265259,0.016952991,2606494,1917833,5212988
[RESULT] 3,4,3,0.030465841,0.016232252,2606494,1917833,5212988
[RESULT] 3,4,4,0.030715704,0.016564369,2606494,1917833,5212988
[RESULT] 3,4,5,0.030549765,0.016485214,2606494,1917833,5212988
[RESULT] 3,4,6,0.030273199,0.016309261,2606494,1917833,5212988
[RESULT] 3,4,7,0.030202627,0.016201973,2606494,1917833,5212988
[RESULT] 3,4,8,0.030001163,0.016045332,2606494,1917833,5212988
[RESULT] 3,4,9,0.030299425,0.016398430,2606494,1917833,5212988
[RESULT] 2,4,0,0.040229797,0.024000406,2586179,1899120,5172358
[RESULT] 2,4,1,0.032497883,0.016650438,2586179,1899120,5172358
[RESULT] 2,4,2,0.032256126,0.016514063,2586179,1899120,5172358
[RESULT] 2,4,3,0.031436443,0.015798330,2586179,1899120,5172358
[RESULT] 2,4,4,0.031512976,0.015918970,2586179,1899120,5172358
[RESULT] 2,4,5,0.031775951,0.016172171,2586179,1899120,5172358
[RESULT] 2,4,6,0.032213688,0.016681194,2586179,1899120,5172358
[RESULT] 2,4,7,0.032045364,0.016514301,2586179,1899120,5172358
[RESULT] 2,4,8,0.032307625,0.016806602,2586179,1899120,5172358
[RESULT] 2,4,9,0.032568932,0.017052174,2586179,1899120,5172358
[RESULT] 0,4,0,0.042340994,0.025748253,2558744,1871027,5117488
[RESULT] 0,4,1,0.034376383,0.017836809,2558744,1871027,5117488
[RESULT] 0,4,2,0.033506632,0.017096043,2558744,1871027,5117488
[RESULT] 0,4,3,0.032469273,0.016066790,2558744,1871027,5117488
[RESULT] 0,4,4,0.032901525,0.016509295,2558744,1871027,5117488
[RESULT] 0,4,5,0.033430338,0.017103195,2558744,1871027,5117488
[RESULT] 0,4,6,0.032786846,0.016458750,2558744,1871027,5117488
[RESULT] 0,4,7,0.032615423,0.016304970,2558744,1871027,5117488
[RESULT] 0,4,8,0.032242775,0.015885115,2558744,1871027,5117488
[RESULT] 0,4,9,0.032794237,0.016492367,2558744,1871027,5117488

Benchmark Summary
Processes: 4
Iterations: 10
Matrix NNZ: 10328399
Total execution time: 5.466 seconds
[RESULT] 1,4,0,0.039727926,0.023192406,2576982,1887950,5153964
[RESULT] 1,4,1,0.032759666,0.016533852,2576982,1887950,5153964
[RESULT] 1,4,2,0.032129288,0.016097546,2576982,1887950,5153964
[RESULT] 1,4,3,0.032164812,0.016195059,2576982,1887950,5153964
[RESULT] 1,4,4,0.033267975,0.017380238,2576982,1887950,5153964
[RESULT] 1,4,5,0.034295559,0.018525839,2576982,1887950,5153964
[RESULT] 1,4,6,0.034536362,0.018859148,2576982,1887950,5153964
[RESULT] 1,4,7,0.034580469,0.018935442,2576982,1887950,5153964
[RESULT] 1,4,8,0.034101963,0.018483162,2576982,1887950,5153964
[RESULT] 1,4,9,0.034340382,0.018725872,2576982,1887950,5153964
