Retrieving the matrix from '../data/Hook_1498.mtx'...
Real Matrix (Strong Scaling): Rows=1498023 | Cols=1498023 | NNZ=31207734 | Procs=16
Matrix distributed and converted to CSR
Ghost columns identified: 1763661 total ghost values needed
Local vector initialized (size=93627 per process)
[RESULT] 4,16,0,1.535008669,1.471101284,1949220,1764802,3898440
[RESULT] 4,16,1,1.408005476,1.343996525,1949220,1764802,3898440
[RESULT] 4,16,2,1.280013084,1.216072083,1949220,1764802,3898440
[RESULT] 4,16,3,1.405999660,1.342065811,1949220,1764802,3898440
[RESULT] 4,16,4,1.026001692,0.958139658,1949220,1764802,3898440
[RESULT] 4,16,5,1.278016329,1.214045763,1949220,1764802,3898440
[RESULT] 4,16,6,1.730022192,1.666036367,1949220,1764802,3898440
[RESULT] 4,16,7,1.407018423,1.343043327,1949220,1764802,3898440
[RESULT] 4,16,8,1.597988367,1.470042706,1949220,1764802,3898440
[RESULT] 4,16,9,1.280004263,1.216037273,1949220,1764802,3898440
[RESULT] 7,16,0,1.535002470,1.471002340,1952183,1766826,3904366
[RESULT] 7,16,1,1.535996675,1.472010136,1952183,1766826,3904366
[RESULT] 7,16,2,1.216012716,1.152069807,1952183,1766826,3904366
[RESULT] 7,16,3,1.341990948,1.278028488,1952183,1766826,3904366
[RESULT] 7,16,4,1.154016972,1.090040207,1952183,1766826,3904366
[RESULT] 7,16,5,1.326015472,1.261998653,1952183,1766826,3904366
[RESULT] 7,16,6,1.334007502,1.269998074,1952183,1766826,3904366
[RESULT] 7,16,7,1.471004725,1.407006025,1952183,1766826,3904366
[RESULT] 7,16,8,1.569984913,1.442033291,1952183,1766826,3904366
[RESULT] 7,16,9,1.216012955,1.152037621,1952183,1766826,3904366
[RESULT] 3,16,0,1.279012203,1.215090275,1947798,1763230,3895596
[RESULT] 3,16,1,1.408019066,1.344056606,1947798,1763230,3895596
[RESULT] 3,16,2,1.408007145,1.344015121,1947798,1763230,3895596
[RESULT] 3,16,3,1.277982235,1.151002884,1947798,1763230,3895596
[RESULT] 3,16,4,1.405997276,1.338018894,1947798,1763230,3895596
[RESULT] 3,16,5,1.414008379,1.350154638,1947798,1763230,3895596
[RESULT] 3,16,6,1.730010509,1.666059971,1947798,1763230,3895596
[RESULT] 3,16,7,1.539002657,1.475085735,1947798,1763230,3895596
[RESULT] 3,16,8,1.537041664,1.470064640,1947798,1763230,3895596
[RESULT] 3,16,9,1.343006611,1.280043602,1947798,1763230,3895596
[RESULT] 8,16,0,1.538990021,1.475029469,1950028,1764762,3900056
[RESULT] 8,16,1,1.729012966,1.664040327,1950028,1764762,3900056
[RESULT] 8,16,2,1.664026976,1.600084066,1950028,1764762,3900056
[RESULT] 8,16,3,1.470019579,1.406019449,1950028,1764762,3900056
[RESULT] 8,16,4,1.346011162,1.282088757,1950028,1764762,3900056
[RESULT] 8,16,5,1.405999184,1.342031002,1950028,1764762,3900056
[RESULT] 8,16,6,1.278026104,1.214078188,1950028,1764762,3900056
[RESULT] 8,16,7,1.535001993,1.471022367,1950028,1764762,3900056
[RESULT] 8,16,8,1.477006674,1.413029909,1950028,1764762,3900056
[RESULT] 8,16,9,1.407003164,1.343091726,1950028,1764762,3900056
[RESULT] 13,16,0,1.470999241,1.406996012,1954271,1769120,3908542
[RESULT] 13,16,1,1.215999126,1.152110338,1954271,1769120,3908542
[RESULT] 13,16,2,1.152012825,1.088083982,1954271,1769120,3908542
[RESULT] 13,16,3,1.277991772,1.151005268,1954271,1769120,3908542
[RESULT] 13,16,4,1.218012810,1.154015064,1954271,1769120,3908542
[RESULT] 13,16,5,1.154027700,1.090073824,1954271,1769120,3908542
[RESULT] 13,16,6,1.390022993,1.326049089,1954271,1769120,3908542
[RESULT] 13,16,7,1.599001408,1.535083294,1954271,1769120,3908542
[RESULT] 13,16,8,1.533989668,1.406003952,1954271,1769120,3908542
[RESULT] 13,16,9,1.343023300,1.279060841,1954271,1769120,3908542
[RESULT] 0,16,0,1.535010099,1.471060514,1948584,1763661,3897168
[RESULT] 0,16,1,1.793028831,1.728068113,1948584,1763661,3897168
[RESULT] 0,16,2,1.536027670,1.472054720,1948584,1763661,3897168
[RESULT] 0,16,3,1.406033039,1.343030453,1948584,1763661,3897168
[RESULT] 0,16,4,1.410002708,1.274084806,1948584,1763661,3897168
[RESULT] 0,16,5,1.538017988,1.474060297,1948584,1763661,3897168
[RESULT] 0,16,6,1.922029734,1.858063221,1948584,1763661,3897168
[RESULT] 0,16,7,1.535029888,1.471043348,1948584,1763661,3897168
[RESULT] 0,16,8,1.660995483,1.533019066,1948584,1763661,3897168
[RESULT] 0,16,9,1.471016169,1.407103539,1948584,1763661,3897168

Benchmark Summary
Processes: 16
Iterations: 10
Matrix NNZ: 31207734
Total execution time: 617.950 seconds
[RESULT] 12,16,0,1.266990185,1.203027487,1954716,1769513,3909432
[RESULT] 12,16,1,1.343999147,1.280048609,1954716,1769513,3909432
[RESULT] 12,16,2,1.408008814,1.344173431,1954716,1769513,3909432
[RESULT] 12,16,3,1.470023394,1.406039476,1954716,1769513,3909432
[RESULT] 12,16,4,1.026022673,0.962050915,1954716,1769513,3909432
[RESULT] 12,16,5,1.470015526,1.406025887,1954716,1769513,3909432
[RESULT] 12,16,6,1.278016567,1.214123249,1954716,1769513,3909432
[RESULT] 12,16,7,1.727022886,1.663029909,1954716,1769513,3909432
[RESULT] 12,16,8,1.282005787,1.218064785,1954716,1769513,3909432
[RESULT] 12,16,9,1.386994839,1.280066490,1954716,1769513,3909432
[RESULT] 15,16,0,1.406995058,1.343059301,1951089,1766056,3902178
[RESULT] 15,16,1,1.472008944,1.408037663,1951089,1766056,3902178
[RESULT] 15,16,2,1.343993425,1.216016531,1951089,1766056,3902178
[RESULT] 15,16,3,1.221995354,1.091044664,1951089,1766056,3902178
[RESULT] 15,16,4,1.026024818,0.962093115,1951089,1766056,3902178
[RESULT] 15,16,5,1.406018734,1.342003822,1951089,1766056,3902178
[RESULT] 15,16,6,1.278022766,1.214016914,1951089,1766056,3902178
[RESULT] 15,16,7,1.727017879,1.663014889,1951089,1766056,3902178
[RESULT] 15,16,8,1.537979603,1.410003424,1951089,1766056,3902178
[RESULT] 15,16,9,1.347005367,1.216038227,1951089,1766056,3902178
[RESULT] 5,16,0,1.407012463,1.343039036,1950828,1766242,3901656
[RESULT] 5,16,1,1.344017267,1.280098677,1950828,1766242,3901656
[RESULT] 5,16,2,1.088006735,1.024136782,1950828,1766242,3901656
[RESULT] 5,16,3,1.195017576,1.131049633,1950828,1766242,3901656
[RESULT] 5,16,4,1.345992088,1.218056917,1950828,1766242,3901656
[RESULT] 5,16,5,1.585994482,1.522024632,1950828,1766242,3901656
[RESULT] 5,16,6,1.922002077,1.858013630,1950828,1766242,3901656
[RESULT] 5,16,7,1.471007109,1.407048464,1950828,1766242,3901656
[RESULT] 5,16,8,1.597991467,1.470053434,1950828,1766242,3901656
[RESULT] 5,16,9,1.459021330,1.407541275,1950828,1766242,3901656
[RESULT] 11,16,0,1.214991331,1.151262999,1952665,1767421,3905330
[RESULT] 11,16,1,1.472023249,1.408040524,1952665,1767421,3905330
[RESULT] 11,16,2,1.536017895,1.472060442,1952665,1767421,3905330
[RESULT] 11,16,3,1.542014837,1.478056669,1952665,1767421,3905330
[RESULT] 11,16,4,1.345998287,1.218047857,1952665,1767421,3905330
[RESULT] 11,16,5,1.534022570,1.470023632,1952665,1767421,3905330
[RESULT] 11,16,6,1.662011862,1.598056316,1952665,1767421,3905330
[RESULT] 11,16,7,1.919025898,1.855051279,1952665,1767421,3905330
[RESULT] 11,16,8,1.346009016,1.218019724,1952665,1767421,3905330
[RESULT] 11,16,9,1.475007772,1.411084175,1952665,1767421,3905330
[RESULT] 9,16,0,1.279017448,1.215049028,1949619,1764519,3899238
[RESULT] 9,16,1,1.725005865,1.661033392,1949619,1764519,3899238
[RESULT] 9,16,2,1.536014080,1.472017050,1949619,1764519,3899238
[RESULT] 9,16,3,1.349995852,1.219055891,1949619,1764519,3899238
[RESULT] 9,16,4,1.346005917,1.282004356,1949619,1764519,3899238
[RESULT] 9,16,5,1.534015894,1.470010281,1949619,1764519,3899238
[RESULT] 9,16,6,1.278012753,1.214021921,1949619,1764519,3899238
[RESULT] 9,16,7,1.855004787,1.791162491,1949619,1764519,3899238
[RESULT] 9,16,8,1.346000910,1.218090773,1949619,1764519,3899238
[RESULT] 9,16,9,1.479029894,1.415021420,1949619,1764519,3899238
[RESULT] 2,16,0,1.346990347,1.282995224,1946169,1761720,3892338
[RESULT] 2,16,1,1.408010483,1.344008207,1946169,1761720,3892338
[RESULT] 2,16,2,1.280034781,1.216036081,1946169,1761720,3892338
[RESULT] 2,16,3,1.406023979,1.342024088,1946169,1761720,3892338
[RESULT] 2,16,4,1.278002262,1.214062214,1946169,1761720,3892338
[RESULT] 2,16,5,1.662016869,1.598038912,1946169,1761720,3892338
[RESULT] 2,16,6,1.666026115,1.602043629,1946169,1761720,3892338
[RESULT] 2,16,7,1.919019699,1.855019808,1946169,1761720,3892338
[RESULT] 2,16,8,1.461019516,1.397074938,1946169,1761720,3892338
[RESULT] 2,16,9,1.542038679,1.475120306,1946169,1761720,3892338
[RESULT] 14,16,0,1.598999739,1.535001993,1953268,1768309,3906536
[RESULT] 14,16,1,1.536018610,1.472054958,1953268,1768309,3906536
[RESULT] 14,16,2,1.408035517,1.344019651,1953268,1768309,3906536
[RESULT] 14,16,3,1.155022621,1.091065645,1953268,1768309,3906536
[RESULT] 14,16,4,1.282013416,1.218047619,1953268,1768309,3906536
[RESULT] 14,16,5,1.281995535,1.218048334,1953268,1768309,3906536
[RESULT] 14,16,6,1.534018993,1.470003843,1953268,1768309,3906536
[RESULT] 14,16,7,1.587015629,1.523002625,1953268,1768309,3906536
[RESULT] 14,16,8,1.533982754,1.406007051,1953268,1768309,3906536
[RESULT] 14,16,9,1.467004061,1.403040171,1953268,1768309,3906536
[RESULT] 1,16,0,1.730993032,1.667047739,1946145,1761706,3892290
[RESULT] 1,16,1,1.536015511,1.472046375,1946145,1761706,3892290
[RESULT] 1,16,2,1.473031282,1.408045769,1946145,1761706,3892290
[RESULT] 1,16,3,1.469998598,1.406073570,1946145,1761706,3892290
[RESULT] 1,16,4,1.174021244,1.110128403,1946145,1761706,3892290
[RESULT] 1,16,5,1.285991907,1.221995115,1946145,1761706,3892290
[RESULT] 1,16,6,1.858020306,1.793997526,1946145,1761706,3892290
[RESULT] 1,16,7,1.731021643,1.667037249,1946145,1761706,3892290
[RESULT] 1,16,8,1.342004061,1.278015137,1946145,1761706,3892290
[RESULT] 1,16,9,1.531012535,1.467010975,1946145,1761706,3892290
[RESULT] 6,16,0,1.406985760,1.343019962,1951128,1766131,3902256
[RESULT] 6,16,1,1.661007643,1.600042105,1951128,1766131,3902256
[RESULT] 6,16,2,1.408031225,1.344060421,1951128,1766131,3902256
[RESULT] 6,16,3,1.283009768,1.219078302,1951128,1766131,3902256
[RESULT] 6,16,4,1.345990419,1.218060970,1951128,1766131,3902256
[RESULT] 6,16,5,1.405988932,1.341992140,1951128,1766131,3902256
[RESULT] 6,16,6,1.662009716,1.597998857,1951128,1766131,3902256
[RESULT] 6,16,7,1.791013956,1.727015257,1951128,1766131,3902256
[RESULT] 6,16,8,1.602007389,1.538024902,1951128,1766131,3902256
[RESULT] 6,16,9,1.599018335,1.535015345,1951128,1766131,3902256
[RESULT] 10,16,0,1.407015085,1.343063354,1950023,1764878,3900046
[RESULT] 10,16,1,1.536002159,1.472006321,1950023,1764878,3900046
[RESULT] 10,16,2,1.600024223,1.536053658,1950023,1764878,3900046
[RESULT] 10,16,3,1.342000246,1.215041161,1950023,1764878,3900046
[RESULT] 10,16,4,1.474006653,1.410047531,1950023,1764878,3900046
[RESULT] 10,16,5,1.282014370,1.218051195,1950023,1764878,3900046
[RESULT] 10,16,6,1.598004818,1.534014702,1950023,1764878,3900046
[RESULT] 10,16,7,1.662992001,1.599012136,1950023,1764878,3900046
[RESULT] 10,16,8,1.342005730,1.278030872,1950023,1764878,3900046
[RESULT] 10,16,9,1.666998625,1.603013992,1950023,1764878,3900046
