Retrieving the matrix from '../data/Hook_1498.mtx'...
Real Matrix (Strong Scaling): Rows=1498023 | Cols=1498023 | NNZ=31207734 | Procs=64
Matrix distributed and converted to CSR
Ghost columns identified: 457392 total ghost values needed
Local vector initialized (size=23407 per process)
[RESULT] 63,64,0,0.244981050,0.241358757,486981,458660,973962
[RESULT] 63,64,1,0.249648094,0.246139050,486981,458660,973962
[RESULT] 63,64,2,0.239979982,0.236509085,486981,458660,973962
[RESULT] 63,64,3,0.053572416,0.050144672,486981,458660,973962
[RESULT] 63,64,4,0.054246426,0.050761700,486981,458660,973962
[RESULT] 63,64,5,0.051459551,0.048022747,486981,458660,973962
[RESULT] 63,64,6,0.452995300,0.449551105,486981,458660,973962
[RESULT] 63,64,7,0.046871901,0.043439388,486981,458660,973962
[RESULT] 63,64,8,0.057086468,0.053674698,486981,458660,973962
[RESULT] 63,64,9,0.047411680,0.043999672,486981,458660,973962
[RESULT] 61,64,0,0.230087757,0.225249529,488304,460081,976608
[RESULT] 61,64,1,0.062933207,0.058109760,488304,460081,976608
[RESULT] 61,64,2,0.055666208,0.050814152,488304,460081,976608
[RESULT] 61,64,3,0.054356098,0.049506426,488304,460081,976608
[RESULT] 61,64,4,0.056194782,0.051353931,488304,460081,976608
[RESULT] 61,64,5,0.052287817,0.047385454,488304,460081,976608
[RESULT] 61,64,6,0.454438210,0.449510098,488304,460081,976608
[RESULT] 61,64,7,0.048488855,0.043510914,488304,460081,976608
[RESULT] 61,64,8,0.060434818,0.055497169,488304,460081,976608
[RESULT] 61,64,9,0.048372269,0.043465614,488304,460081,976608
[RESULT] 59,64,0,0.051389933,0.047175407,488382,460031,976764
[RESULT] 59,64,1,0.050948381,0.046783447,488382,460031,976764
[RESULT] 59,64,2,0.050347567,0.046172142,488382,460031,976764
[RESULT] 59,64,3,0.049407244,0.045251846,488382,460031,976764
[RESULT] 59,64,4,0.048608541,0.044458628,488382,460031,976764
[RESULT] 59,64,5,0.048484087,0.044329643,488382,460031,976764
[RESULT] 59,64,6,0.051965237,0.047788858,488382,460031,976764
[RESULT] 59,64,7,0.047681570,0.043508530,488382,460031,976764
[RESULT] 59,64,8,0.051093102,0.046915293,488382,460031,976764
[RESULT] 59,64,9,0.048416376,0.044255495,488382,460031,976764
[RESULT] 58,64,0,0.052283525,0.047510386,488679,460409,977358
[RESULT] 58,64,1,0.051522017,0.046760321,488679,460409,977358
[RESULT] 58,64,2,0.050650358,0.045886040,488679,460409,977358
[RESULT] 58,64,3,0.050057888,0.045235395,488679,460409,977358
[RESULT] 58,64,4,0.049306631,0.044482470,488679,460409,977358
[RESULT] 58,64,5,0.049209595,0.044388771,488679,460409,977358
[RESULT] 58,64,6,0.051973581,0.047167301,488679,460409,977358
[RESULT] 58,64,7,0.048088312,0.043193102,488679,460409,977358
[RESULT] 58,64,8,0.051687479,0.046926975,488679,460409,977358
[RESULT] 58,64,9,0.049124956,0.044230223,488679,460409,977358
[RESULT] 55,64,0,0.240517855,0.235251188,486765,458402,973530
[RESULT] 55,64,1,0.248448133,0.243440151,486765,458402,973530
[RESULT] 55,64,2,0.050687313,0.045629740,486765,458402,973530
[RESULT] 16,64,0,0.255692005,0.251124144,487463,459055,974926
[RESULT] 16,64,1,0.256513357,0.251787186,487463,459055,974926
[RESULT] 16,64,2,0.251096249,0.246341467,487463,459055,974926
[RESULT] 16,64,3,0.248522520,0.244035959,487463,459055,974926
[RESULT] 16,64,4,0.249344349,0.244529009,487463,459055,974926
[RESULT] 16,64,5,0.049669743,0.045396090,487463,459055,974926
[RESULT] 16,64,6,0.454424858,0.449809790,487463,459055,974926
[RESULT] 16,64,7,0.048852444,0.044435024,487463,459055,974926
[RESULT] 16,64,8,0.246084929,0.241415501,487463,459055,974926
[RESULT] 16,64,9,0.050091028,0.045803785,487463,459055,974926
[RESULT] 55,64,3,0.249813795,0.244435072,486765,458402,973530
[RESULT] 55,64,4,0.052174807,0.047015190,486765,458402,973530
[RESULT] 55,64,5,0.062396288,0.057245016,486765,458402,973530
[RESULT] 55,64,6,0.257131577,0.251810789,486765,458402,973530
[RESULT] 55,64,7,0.057920218,0.052758217,486765,458402,973530
[RESULT] 55,64,8,0.051859856,0.046722889,486765,458402,973530
[RESULT] 17,64,0,0.255831718,0.251117229,486753,458374,973506
[RESULT] 17,64,1,0.256628275,0.251826525,486753,458374,973506
[RESULT] 17,64,2,0.251218796,0.246379137,486753,458374,973506
[RESULT] 17,64,3,0.248918772,0.244037151,486753,458374,973506
[RESULT] 17,64,4,0.250118017,0.245592356,486753,458374,973506
[RESULT] 17,64,5,0.049788713,0.045283079,486753,458374,973506
[RESULT] 17,64,6,0.454632282,0.449795485,486753,458374,973506
[RESULT] 17,64,7,0.046261549,0.041875839,486753,458374,973506
[RESULT] 55,64,9,0.049581528,0.044281483,486765,458402,973530
[RESULT] 17,64,8,0.246267557,0.241442442,486753,458374,973506
[RESULT] 17,64,9,0.050390482,0.045839548,486753,458374,973506
[RESULT] 56,64,0,0.052282095,0.047468424,487437,459113,974874
[RESULT] 56,64,1,0.051623106,0.046878338,487437,459113,974874
[RESULT] 56,64,2,0.051081657,0.046285391,487437,459113,974874
[RESULT] 56,64,3,0.050505400,0.045709372,487437,459113,974874
[RESULT] 56,64,4,0.049351215,0.044560432,487437,459113,974874
[RESULT] 23,64,0,0.256561041,0.252068996,489318,460893,978636
[RESULT] 23,64,1,0.255485296,0.251039982,489318,460893,978636
[RESULT] 23,64,2,0.251293421,0.246580362,489318,460893,978636
[RESULT] 23,64,3,0.249353409,0.245075464,489318,460893,978636
[RESULT] 23,64,4,0.250113487,0.245586395,489318,460893,978636
[RESULT] 23,64,5,0.060974360,0.056567907,489318,460893,978636
[RESULT] 23,64,6,0.454334021,0.449705124,489318,460893,978636
[RESULT] 23,64,7,0.056897879,0.052532673,489318,460893,978636
[RESULT] 23,64,8,0.245680571,0.240933657,489318,460893,978636
[RESULT] 23,64,9,0.050368071,0.046009302,489318,460893,978636
[RESULT] 56,64,5,0.049610138,0.044777393,487437,459113,974874
[RESULT] 56,64,6,0.052090168,0.047297716,487437,459113,974874
[RESULT] 56,64,7,0.048439264,0.043531656,487437,459113,974874
[RESULT] 56,64,8,0.051986933,0.047231436,487437,459113,974874
[RESULT] 56,64,9,0.049628258,0.044708490,487437,459113,974874
[RESULT] 18,64,0,0.255698442,0.251241922,486517,458183,973034
[RESULT] 18,64,1,0.256667376,0.251873732,486517,458183,973034
[RESULT] 18,64,2,0.251152277,0.246418715,486517,458183,973034
[RESULT] 18,64,3,0.248649597,0.244045496,486517,458183,973034
[RESULT] 18,64,4,0.250378370,0.245388269,486517,458183,973034
[RESULT] 18,64,5,0.049988747,0.045289278,486517,458183,973034
[RESULT] 18,64,6,0.454782009,0.449781179,486517,458183,973034
[RESULT] 18,64,7,0.046444416,0.041891575,486517,458183,973034
[RESULT] 18,64,8,0.246620893,0.242161512,486517,458183,973034
[RESULT] 18,64,9,0.050400496,0.045877695,486517,458183,973034
[RESULT] 57,64,0,0.051823616,0.046710253,487743,459458,975486
[RESULT] 57,64,1,0.051550865,0.046498299,487743,459458,975486
[RESULT] 57,64,2,0.050965548,0.045756578,487743,459458,975486
[RESULT] 19,64,0,0.255691528,0.251229286,486593,458265,973186
[RESULT] 19,64,1,0.256610632,0.251915216,486593,458265,973186
[RESULT] 19,64,2,0.251214743,0.246467352,486593,458265,973186
[RESULT] 19,64,3,0.249001980,0.244047642,486593,458265,973186
[RESULT] 19,64,4,0.250404119,0.245439768,486593,458265,973186
[RESULT] 19,64,5,0.049937248,0.045526028,486593,458265,973186
[RESULT] 19,64,6,0.454742193,0.449766397,486593,458265,973186
[RESULT] 19,64,7,0.046344280,0.041915894,486593,458265,973186
[RESULT] 19,64,8,0.247999430,0.243172884,486593,458265,973186
[RESULT] 19,64,9,0.050415039,0.045990467,486593,458265,973186
[RESULT] 57,64,3,0.050571918,0.045557022,487743,459458,975486
[RESULT] 57,64,4,0.049483538,0.044347286,487743,459458,975486
[RESULT] 57,64,5,0.049763680,0.044639826,487743,459458,975486
[RESULT] 57,64,6,0.052765846,0.047611237,487743,459458,975486
[RESULT] 57,64,7,0.048936844,0.043655634,487743,459458,975486
[RESULT] 57,64,8,0.052218914,0.046950340,487743,459458,975486
[RESULT] 22,64,0,0.256660938,0.252043009,488612,460139,977224
[RESULT] 22,64,1,0.255852699,0.251255274,488612,460139,977224
[RESULT] 22,64,2,0.251245022,0.246559381,488612,460139,977224
[RESULT] 22,64,3,0.248696566,0.244049311,488612,460139,977224
[RESULT] 22,64,4,0.250185728,0.245558739,488612,460139,977224
[RESULT] 22,64,5,0.050554991,0.046062231,488612,460139,977224
[RESULT] 22,64,6,0.454573631,0.449719667,488612,460139,977224
[RESULT] 22,64,7,0.046919584,0.042395592,488612,460139,977224
[RESULT] 22,64,8,0.246407747,0.241563559,488612,460139,977224
[RESULT] 22,64,9,0.050432682,0.045981884,488612,460139,977224
[RESULT] 57,64,9,0.049744606,0.044280052,487743,459458,975486
[RESULT] 12,64,0,0.256114960,0.251101732,488443,459957,976886
[RESULT] 12,64,1,0.256589174,0.251580954,488443,459957,976886
[RESULT] 12,64,2,0.250564098,0.245607138,488443,459957,976886
[RESULT] 12,64,3,0.249153852,0.244014740,488443,459957,976886
[RESULT] 12,64,4,0.249700785,0.244494200,488443,459957,976886
[RESULT] 60,64,0,0.230838537,0.225778103,488595,460317,977190
[RESULT] 60,64,1,0.055109739,0.050036192,488595,460317,977190
[RESULT] 60,64,2,0.057092667,0.052021503,488595,460317,977190
[RESULT] 12,64,5,0.050008059,0.045143127,488443,459957,976886
[RESULT] 12,64,6,0.455309391,0.450216770,488443,459957,976886
[RESULT] 12,64,7,0.051136017,0.046470642,488443,459957,976886
[RESULT] 12,64,8,0.246295929,0.241256714,488443,459957,976886
[RESULT] 12,64,9,0.050610542,0.046013117,488443,459957,976886
[RESULT] 60,64,3,0.055135965,0.049963713,488595,460317,977190
[RESULT] 60,64,4,0.054855585,0.049551725,488595,460317,977190
[RESULT] 60,64,5,0.052782774,0.047593355,488595,460317,977190
[RESULT] 60,64,6,0.055413485,0.050315857,488595,460317,977190
[RESULT] 15,64,0,0.255896807,0.251111031,487168,458754,974336
[RESULT] 15,64,1,0.256293058,0.251731396,487168,458754,974336
[RESULT] 15,64,2,0.250969410,0.246578455,487168,458754,974336
[RESULT] 15,64,3,0.248737097,0.244018316,487168,458754,974336
[RESULT] 15,64,4,0.249271154,0.244524479,487168,458754,974336
[RESULT] 15,64,5,0.053981543,0.049674749,487168,458754,974336
[RESULT] 15,64,6,0.457835197,0.449835777,487168,458754,974336
[RESULT] 15,64,7,0.052916765,0.048533678,487168,458754,974336
[RESULT] 15,64,8,0.246038437,0.241374254,487168,458754,974336
[RESULT] 15,64,9,0.053722858,0.049245834,487168,458754,974336
[RESULT] 60,64,7,0.048575878,0.043351412,488595,460317,977190
[RESULT] 60,64,8,0.058829784,0.053658485,488595,460317,977190
[RESULT] 60,64,9,0.049848318,0.044464588,488595,460317,977190
[RESULT] 11,64,0,0.255946398,0.251071453,487617,459112,975234
[RESULT] 11,64,1,0.256462097,0.251503468,487617,459112,975234
[RESULT] 11,64,2,0.250504255,0.245585918,487617,459112,975234
[RESULT] 11,64,3,0.246956110,0.242037535,487617,459112,975234
[RESULT] 11,64,4,0.249111652,0.244480133,487617,459112,975234
[RESULT] 11,64,5,0.062248945,0.057503223,487617,459112,975234
[RESULT] 11,64,6,0.454949617,0.450189829,487617,459112,975234
[RESULT] 62,64,0,0.237458467,0.232231140,487023,458699,974046
[RESULT] 62,64,1,0.062491417,0.057342768,487023,458699,974046
[RESULT] 62,64,2,0.241853476,0.236510277,487023,458699,974046
[RESULT] 11,64,7,0.055570841,0.050806761,487617,459112,975234
[RESULT] 11,64,8,0.246298552,0.241558552,487617,459112,975234
[RESULT] 11,64,9,0.054457188,0.049665213,487617,459112,975234
[RESULT] 62,64,3,0.055263519,0.050059795,487023,458699,974046
[RESULT] 62,64,4,0.056142330,0.050788164,487023,458699,974046
[RESULT] 62,64,5,0.053203821,0.047939301,487023,458699,974046
[RESULT] 62,64,6,0.454771757,0.449571133,487023,458699,974046
[RESULT] 62,64,7,0.047682047,0.042122841,487023,458699,974046
[RESULT] 62,64,8,0.058931351,0.053689718,487023,458699,974046
[RESULT] 62,64,9,0.050060272,0.044476032,487023,458699,974046
[RESULT] 54,64,0,0.240094185,0.234666348,487350,459041,974700
[RESULT] 54,64,1,0.255909681,0.250603914,487350,459041,974700
[RESULT] 54,64,2,0.062243938,0.057190418,487350,459041,974700
[RESULT] 54,64,3,0.249530077,0.244112253,487350,459041,974700
[RESULT] 54,64,4,0.054949522,0.049656868,487350,459041,974700
[RESULT] 54,64,5,0.059729576,0.054518223,487350,459041,974700
[RESULT] 54,64,6,0.256919146,0.251498699,487350,459041,974700
[RESULT] 54,64,7,0.055799723,0.050537109,487350,459041,974700
[RESULT] 54,64,8,0.052261829,0.046928406,487350,459041,974700
[RESULT] 54,64,9,0.050346851,0.044892311,487350,459041,974700
[RESULT] 13,64,0,0.255879164,0.251103640,487820,459433,975640
[RESULT] 13,64,1,0.256481886,0.251645088,487820,459433,975640
[RESULT] 13,64,2,0.250401258,0.245610237,487820,459433,975640
[RESULT] 13,64,3,0.249002457,0.244015455,487820,459433,975640
[RESULT] 13,64,4,0.249530077,0.244510889,487820,459433,975640
[RESULT] 13,64,5,0.054248095,0.049679518,487820,459433,975640
[RESULT] 13,64,6,0.454853773,0.449863195,487820,459433,975640
[RESULT] 13,64,7,0.052253246,0.047809124,487820,459433,975640
[RESULT] 13,64,8,0.246187687,0.241300821,487820,459433,975640
[RESULT] 13,64,9,0.055532694,0.050914764,487820,459433,975640
[RESULT] 20,64,0,0.257972002,0.253793955,487302,458968,974604
[RESULT] 20,64,1,0.256536484,0.251954079,487302,458968,974604
[RESULT] 20,64,2,0.251198530,0.246502161,487302,458968,974604
[RESULT] 20,64,3,0.248642445,0.244034052,487302,458968,974604
[RESULT] 20,64,4,0.250068665,0.245487690,487302,458968,974604
[RESULT] 20,64,5,0.049770117,0.045466185,487302,458968,974604
[RESULT] 20,64,6,0.454551935,0.449750185,487302,458968,974604
[RESULT] 20,64,7,0.046329737,0.041938305,487302,458968,974604
[RESULT] 20,64,8,0.246182919,0.241533995,487302,458968,974604
[RESULT] 20,64,9,0.056420803,0.051908970,487302,458968,974604
[RESULT] 7,64,0,0.254899263,0.250093937,487961,459577,975922
[RESULT] 7,64,1,0.255597353,0.250548363,487961,459577,975922
[RESULT] 7,64,2,0.250415087,0.245546103,487961,459577,975922
[RESULT] 7,64,3,0.246829033,0.242032290,487961,459577,975922
[RESULT] 7,64,4,0.249201059,0.244466543,487961,459577,975922
[RESULT] 7,64,5,0.059339523,0.054735899,487961,459577,975922
[RESULT] 7,64,6,0.454950094,0.450098753,487961,459577,975922
[RESULT] 7,64,7,0.055083990,0.050433397,487961,459577,975922
[RESULT] 7,64,8,0.248065233,0.243167162,487961,459577,975922
[RESULT] 7,64,9,0.057120323,0.052374601,487961,459577,975922
[RESULT] 14,64,0,0.255848169,0.251101971,487818,459452,975636
[RESULT] 14,64,1,0.256417513,0.251685858,487818,459452,975636
[RESULT] 14,64,2,0.250225782,0.245591640,487818,459452,975636
[RESULT] 14,64,3,0.248740911,0.244024038,487818,459452,975636
[RESULT] 14,64,4,0.249206305,0.244508982,487818,459452,975636
[RESULT] 14,64,5,0.067246914,0.062970638,487818,459452,975636
[RESULT] 14,64,6,0.454525471,0.449837685,487818,459452,975636
[RESULT] 14,64,7,0.058953285,0.054499388,487818,459452,975636
[RESULT] 14,64,8,0.246018887,0.241338253,487818,459452,975636
[RESULT] 14,64,9,0.057728529,0.053138256,487818,459452,975636
[RESULT] 10,64,0,0.256114244,0.251101017,487460,459020,974920
[RESULT] 10,64,1,0.256020546,0.251405239,487460,459020,974920
[RESULT] 10,64,2,0.250513554,0.245561838,487460,459020,974920
[RESULT] 10,64,3,0.247030020,0.242038250,487460,459020,974920
[RESULT] 10,64,4,0.249693394,0.244484901,487460,459020,974920
[RESULT] 10,64,5,0.056919813,0.052213907,487460,459020,974920
[RESULT] 10,64,6,0.455328703,0.450183153,487460,459020,974920
[RESULT] 10,64,7,0.055669308,0.050926924,487460,459020,974920
[RESULT] 10,64,8,0.250234604,0.245469332,487460,459020,974920
[RESULT] 10,64,9,0.058014631,0.053164005,487460,459020,974920
[RESULT] 6,64,0,0.252711296,0.248072386,488044,459734,976088
[RESULT] 6,64,1,0.255244255,0.250541210,488044,459734,976088
[RESULT] 6,64,2,0.250155687,0.245558262,488044,459734,976088
[RESULT] 6,64,3,0.246597767,0.242029428,488044,459734,976088
[RESULT] 6,64,4,0.248905420,0.244461775,488044,459734,976088
[RESULT] 6,64,5,0.061328411,0.056962013,488044,459734,976088
[RESULT] 6,64,6,0.454888105,0.450079679,488044,459734,976088
[RESULT] 6,64,7,0.059922457,0.055435419,488044,459734,976088
[RESULT] 6,64,8,0.245393276,0.240583658,488044,459734,976088
[RESULT] 6,64,9,0.058225393,0.053676844,488044,459734,976088
[RESULT] 1,64,0,0.246691704,0.242156506,485798,457454,971596
[RESULT] 1,64,1,0.255504608,0.250513077,485798,457454,971596
[RESULT] 1,64,2,0.241246223,0.236501217,485798,457454,971596
[RESULT] 1,64,3,0.057883739,0.053337097,485798,457454,971596
[RESULT] 1,64,4,0.228296280,0.223437548,485798,457454,971596
[RESULT] 1,64,5,0.067327499,0.062680006,485798,457454,971596
[RESULT] 1,64,6,0.455235243,0.450965881,485798,457454,971596
[RESULT] 1,64,7,0.061606169,0.057038069,485798,457454,971596
[RESULT] 1,64,8,0.247525215,0.242673159,485798,457454,971596
[RESULT] 1,64,9,0.058943510,0.054159403,485798,457454,971596
[RESULT] 4,64,0,0.246923923,0.242857218,487679,459310,975358
[RESULT] 4,64,1,0.255346298,0.250540733,487679,459310,975358
[RESULT] 4,64,2,0.250352144,0.245553255,487679,459310,975358
[RESULT] 4,64,3,0.059327126,0.055002689,487679,459310,975358
[RESULT] 4,64,4,0.228029251,0.223465204,487679,459310,975358
[RESULT] 4,64,5,0.065632343,0.061057806,487679,459310,975358
[RESULT] 4,64,6,0.454461336,0.450016022,487679,459310,975358
[RESULT] 4,64,7,0.061931849,0.057429552,487679,459310,975358
[RESULT] 4,64,8,0.245458841,0.240573168,487679,459310,975358
[RESULT] 4,64,9,0.059369802,0.054571629,487679,459310,975358
[RESULT] 5,64,0,0.252871037,0.248069048,488199,459905,976398
[RESULT] 5,64,1,0.255508661,0.250536203,488199,459905,976398
[RESULT] 5,64,2,0.250457287,0.245553493,488199,459905,976398
[RESULT] 5,64,3,0.246714830,0.242022038,488199,459905,976398
[RESULT] 5,64,4,0.228180885,0.223466396,488199,459905,976398
[RESULT] 5,64,5,0.054334641,0.049843311,488199,459905,976398
[RESULT] 5,64,6,0.454944134,0.450055599,488199,459905,976398
[RESULT] 5,64,7,0.056526899,0.052048445,488199,459905,976398
[RESULT] 5,64,8,0.245487928,0.240568399,488199,459905,976398
[RESULT] 5,64,9,0.059487343,0.054558992,488199,459905,976398
[RESULT] 2,64,0,0.246496916,0.242133379,485637,457315,971274
[RESULT] 2,64,1,0.255410910,0.250531912,485637,457315,971274
[RESULT] 2,64,2,0.241224766,0.237293959,485637,457315,971274
[RESULT] 2,64,3,0.064404726,0.060129642,485637,457315,971274
[RESULT] 2,64,4,0.227984667,0.223455429,485637,457315,971274
[RESULT] 2,64,5,0.066609144,0.062041759,485637,457315,971274
[RESULT] 2,64,6,0.454861403,0.449947357,485637,457315,971274
[RESULT] 2,64,7,0.061688185,0.057227612,485637,457315,971274
[RESULT] 2,64,8,0.245472431,0.240563869,485637,457315,971274
[RESULT] 2,64,9,0.059984922,0.055187225,485637,457315,971274
[RESULT] 9,64,0,0.255985260,0.251068830,487018,458576,974036
[RESULT] 9,64,1,0.256529808,0.251953840,487018,458576,974036
[RESULT] 9,64,2,0.250373363,0.245568275,487018,458576,974036
[RESULT] 9,64,3,0.248649359,0.243866205,487018,458576,974036
[RESULT] 9,64,4,0.249377251,0.244495153,487018,458576,974036
[RESULT] 9,64,5,0.060779333,0.056241751,487018,458576,974036
[RESULT] 9,64,6,0.454970360,0.450161219,487018,458576,974036
[RESULT] 9,64,7,0.054096937,0.049663782,487018,458576,974036
[RESULT] 9,64,8,0.248705387,0.240606785,487018,458576,974036
[RESULT] 9,64,9,0.060038805,0.055440903,487018,458576,974036
[RESULT] 21,64,0,0.256641865,0.251998425,488704,460352,977408
[RESULT] 21,64,1,0.255940437,0.251104832,488704,460352,977408
[RESULT] 21,64,2,0.254290104,0.246555328,488704,460352,977408
[RESULT] 21,64,3,0.248991013,0.244058847,488704,460352,977408
[RESULT] 21,64,4,0.250535488,0.245529413,488704,460352,977408
[RESULT] 21,64,5,0.060725451,0.056190252,488704,460352,977408
[RESULT] 21,64,6,0.454776525,0.449741125,488704,460352,977408
[RESULT] 21,64,7,0.056002378,0.051608562,488704,460352,977408
[RESULT] 21,64,8,0.246448040,0.241551876,488704,460352,977408
[RESULT] 21,64,9,0.060224056,0.055589914,488704,460352,977408
[RESULT] 8,64,0,0.255106926,0.250154018,487482,459110,974964
[RESULT] 8,64,1,0.255337000,0.250522852,487482,459110,974964
[RESULT] 8,64,2,0.250528336,0.245582819,487482,459110,974964
[RESULT] 8,64,3,0.246878862,0.242034197,487482,459110,974964
[RESULT] 8,64,4,0.249490023,0.244485855,487482,459110,974964
[RESULT] 8,64,5,0.060268402,0.055648565,487482,459110,974964
[RESULT] 8,64,6,0.454982758,0.450134754,487482,459110,974964
[RESULT] 8,64,7,0.058641195,0.054205656,487482,459110,974964
[RESULT] 8,64,8,0.248899460,0.244168758,487482,459110,974964
[RESULT] 8,64,9,0.060330868,0.055544138,487482,459110,974964
[RESULT] 3,64,0,0.246469498,0.242156982,487042,458557,974084
[RESULT] 3,64,1,0.255219221,0.250523567,487042,458557,974084
[RESULT] 3,64,2,0.244482756,0.239988327,487042,458557,974084
[RESULT] 3,64,3,0.063194752,0.058563471,487042,458557,974084
[RESULT] 3,64,4,0.228240252,0.223447323,487042,458557,974084
[RESULT] 3,64,5,0.065539360,0.060838938,487042,458557,974084
[RESULT] 3,64,6,0.454859495,0.449975491,487042,458557,974084
[RESULT] 3,64,7,0.060106993,0.055535555,487042,458557,974084
[RESULT] 3,64,8,0.245476961,0.240562439,487042,458557,974084
[RESULT] 3,64,9,0.060804129,0.056034565,487042,458557,974084
[RESULT] 52,64,0,0.258147478,0.253262758,488211,459748,976422
[RESULT] 52,64,1,0.255628824,0.250804186,488211,459748,976422
[RESULT] 52,64,2,0.238939524,0.234097004,488211,459748,976422
[RESULT] 52,64,3,0.250508070,0.245655060,488211,459748,976422
[RESULT] 52,64,4,0.062355042,0.057622671,488211,459748,976422
[RESULT] 52,64,5,0.065143108,0.060346842,488211,459748,976422
[RESULT] 52,64,6,0.257920742,0.253123760,488211,459748,976422
[RESULT] 52,64,7,0.060476303,0.055669785,488211,459748,976422
[RESULT] 52,64,8,0.062068224,0.057250023,488211,459748,976422
[RESULT] 52,64,9,0.062635183,0.057576180,488211,459748,976422
[RESULT] 0,64,0,0.246915340,0.242137432,485623,457392,971246
[RESULT] 0,64,1,0.255785704,0.250482082,485623,457392,971246
[RESULT] 0,64,2,0.241043329,0.236504793,485623,457392,971246
[RESULT] 0,64,3,0.063698053,0.059123755,485623,457392,971246
[RESULT] 0,64,4,0.228266954,0.223449230,485623,457392,971246
[RESULT] 0,64,5,0.066444397,0.061635733,485623,457392,971246
[RESULT] 0,64,6,0.454526186,0.449539661,485623,457392,971246
[RESULT] 0,64,7,0.062293053,0.057667494,485623,457392,971246
[RESULT] 0,64,8,0.245493650,0.240566730,485623,457392,971246
[RESULT] 0,64,9,0.064576626,0.059456348,485623,457392,971246

Benchmark Summary
Processes: 64
Iterations: 10
Matrix NNZ: 31207734
Total execution time: 16.809 seconds
[RESULT] 47,64,0,0.258020878,0.252652645,489267,460798,978534
[RESULT] 47,64,1,0.256887197,0.251480579,489267,460798,978534
[RESULT] 47,64,2,0.251891851,0.246477842,489267,460798,978534
[RESULT] 47,64,3,0.251175404,0.245732069,489267,460798,978534
[RESULT] 47,64,4,0.250274658,0.244909525,489267,460798,978534
[RESULT] 47,64,5,0.065582275,0.060438871,489267,460798,978534
[RESULT] 47,64,6,0.258088589,0.253133059,489267,460798,978534
[RESULT] 47,64,7,0.061078310,0.055818796,489267,460798,978534
[RESULT] 47,64,8,0.236839533,0.231978893,489267,460798,978534
[RESULT] 47,64,9,0.064417124,0.059261799,489267,460798,978534
[RESULT] 53,64,0,0.240986824,0.235652924,487794,459434,975588
[RESULT] 53,64,1,0.255668163,0.250381470,487794,459434,975588
[RESULT] 53,64,2,0.239677906,0.234228134,487794,459434,975588
[RESULT] 53,64,3,0.250854254,0.245454073,487794,459434,975588
[RESULT] 53,64,4,0.064817429,0.059558868,487794,459434,975588
[RESULT] 53,64,5,0.066343546,0.061069250,487794,459434,975588
[RESULT] 53,64,6,0.258351326,0.252985954,487794,459434,975588
[RESULT] 53,64,7,0.061774015,0.056450844,487794,459434,975588
[RESULT] 53,64,8,0.064835310,0.059719086,487794,459434,975588
[RESULT] 53,64,9,0.065274477,0.059935331,487794,459434,975588
[RESULT] 43,64,0,0.259181499,0.253757477,488187,459822,976374
[RESULT] 43,64,1,0.256918192,0.251499891,488187,459822,976374
[RESULT] 43,64,2,0.252088785,0.246629953,488187,459822,976374
[RESULT] 43,64,3,0.250058889,0.244706631,488187,459822,976374
[RESULT] 43,64,4,0.250800371,0.245353460,488187,459822,976374
[RESULT] 43,64,5,0.067921638,0.062552214,488187,459822,976374
[RESULT] 43,64,6,0.259812117,0.254891872,488187,459822,976374
[RESULT] 43,64,7,0.062809944,0.057404280,488187,459822,976374
[RESULT] 43,64,8,0.246315956,0.240937948,488187,459822,976374
[RESULT] 43,64,9,0.065547943,0.060264587,488187,459822,976374
[RESULT] 50,64,0,0.259085417,0.253955364,487071,458748,974142
[RESULT] 50,64,1,0.256526709,0.251269102,487071,458748,974142
[RESULT] 50,64,2,0.239447594,0.234187603,487071,458748,974142
[RESULT] 50,64,3,0.249556303,0.244198084,487071,458748,974142
[RESULT] 50,64,4,0.065052748,0.059816837,487071,458748,974142
[RESULT] 50,64,5,0.067106247,0.061912298,487071,458748,974142
[RESULT] 50,64,6,0.256912231,0.251619101,487071,458748,974142
[RESULT] 50,64,7,0.061381102,0.056122065,487071,458748,974142
[RESULT] 50,64,8,0.237002611,0.231963158,487071,458748,974142
[RESULT] 50,64,9,0.065652609,0.060368776,487071,458748,974142
[RESULT] 48,64,0,0.257650375,0.252910614,488376,459934,976752
[RESULT] 48,64,1,0.256413698,0.251625061,488376,459934,976752
[RESULT] 48,64,2,0.239758730,0.235021830,488376,459934,976752
[RESULT] 48,64,3,0.249039650,0.244344473,488376,459934,976752
[RESULT] 48,64,4,0.249974251,0.245287418,488376,459934,976752
[RESULT] 48,64,5,0.067330360,0.062599421,488376,459934,976752
[RESULT] 48,64,6,0.256422997,0.251764059,488376,459934,976752
[RESULT] 48,64,7,0.062427521,0.057687998,488376,459934,976752
[RESULT] 48,64,8,0.236759663,0.232051134,488376,459934,976752
[RESULT] 48,64,9,0.066041946,0.060951233,488376,459934,976752
[RESULT] 49,64,0,0.258216619,0.253963470,486465,458116,972930
[RESULT] 49,64,1,0.255346775,0.251159668,486465,458116,972930
[RESULT] 49,64,2,0.238924265,0.234756947,486465,458116,972930
[RESULT] 38,64,0,0.258902073,0.253560066,487122,458746,974244
[RESULT] 38,64,1,0.257399559,0.251962900,487122,458746,974244
[RESULT] 38,64,2,0.252072573,0.246641159,487122,458746,974244
[RESULT] 38,64,3,0.250584126,0.245107889,487122,458746,974244
[RESULT] 38,64,4,0.250954151,0.245506525,487122,458746,974244
[RESULT] 38,64,5,0.067083836,0.061702728,487122,458746,974244
[RESULT] 49,64,3,0.248835087,0.244648695,486465,458116,972930
[RESULT] 49,64,4,0.249685764,0.245501995,486465,458116,972930
[RESULT] 49,64,5,0.065833569,0.061633825,486465,458116,972930
[RESULT] 49,64,6,0.256329060,0.252147436,486465,458116,972930
[RESULT] 49,64,7,0.061423063,0.057235479,486465,458116,972930
[RESULT] 49,64,8,0.236181259,0.231986284,486465,458116,972930
[RESULT] 49,64,9,0.066210985,0.061621666,486465,458116,972930
[RESULT] 38,64,6,0.259991169,0.254704475,487122,458746,974244
[RESULT] 38,64,7,0.063105106,0.057682037,487122,458746,974244
[RESULT] 38,64,8,0.246712208,0.241324663,487122,458746,974244
[RESULT] 38,64,9,0.066258669,0.060955286,487122,458746,974244
[RESULT] 42,64,0,0.263566017,0.253522396,487206,458849,974412
[RESULT] 42,64,1,0.256857157,0.251449823,487206,458849,974412
[RESULT] 42,64,2,0.251665592,0.246295929,487206,458849,974412
[RESULT] 42,64,3,0.251149654,0.245778799,487206,458849,974412
[RESULT] 42,64,4,0.250543118,0.245144129,487206,458849,974412
[RESULT] 42,64,5,0.066524029,0.061298609,487206,458849,974412
[RESULT] 42,64,6,0.260020733,0.254795790,487206,458849,974412
[RESULT] 42,64,7,0.061355591,0.056171179,487206,458849,974412
[RESULT] 42,64,8,0.246750593,0.241456747,487206,458849,974412
[RESULT] 42,64,9,0.066628933,0.061357737,487206,458849,974412
[RESULT] 51,64,0,0.259214878,0.254054308,487554,459285,975108
[RESULT] 51,64,1,0.256649017,0.251401663,487554,459285,975108
[RESULT] 51,64,2,0.239976883,0.234685659,487554,459285,975108
[RESULT] 51,64,3,0.250785112,0.245415211,487554,459285,975108
[RESULT] 51,64,4,0.065078735,0.059822321,487554,459285,975108
[RESULT] 51,64,5,0.066057205,0.060800791,487554,459285,975108
[RESULT] 51,64,6,0.258312702,0.252948999,487554,459285,975108
[RESULT] 51,64,7,0.061318398,0.056029081,487554,459285,975108
[RESULT] 51,64,8,0.068707943,0.063660383,487554,459285,975108
[RESULT] 51,64,9,0.067033529,0.061744928,487554,459285,975108
[RESULT] 32,64,0,0.259330511,0.253997087,487122,458801,974244
[RESULT] 32,64,1,0.257725954,0.252385378,487122,458801,974244
[RESULT] 32,64,2,0.252115488,0.246784925,487122,458801,974244
[RESULT] 32,64,3,0.250946283,0.245583296,487122,458801,974244
[RESULT] 32,64,4,0.251011372,0.245649099,487122,458801,974244
[RESULT] 32,64,5,0.068906069,0.063561916,487122,458801,974244
[RESULT] 32,64,6,0.454888105,0.449688673,487122,458801,974244
[RESULT] 32,64,7,0.062993765,0.057677031,487122,458801,974244
[RESULT] 32,64,8,0.246715784,0.241437912,487122,458801,974244
[RESULT] 32,64,9,0.067105055,0.061818600,487122,458801,974244
[RESULT] 41,64,0,0.258337736,0.252920866,486963,458594,973926
[RESULT] 41,64,1,0.256588697,0.251194954,486963,458594,973926
[RESULT] 41,64,2,0.251828909,0.246353865,486963,458594,973926
[RESULT] 41,64,3,0.251300573,0.245801926,486963,458594,973926
[RESULT] 41,64,4,0.251013041,0.245534658,486963,458594,973926
[RESULT] 41,64,5,0.066696882,0.061415911,486963,458594,973926
[RESULT] 41,64,6,0.260203600,0.255148411,486963,458594,973926
[RESULT] 41,64,7,0.061981678,0.056652784,486963,458594,973926
[RESULT] 41,64,8,0.246820688,0.241386890,486963,458594,973926
[RESULT] 41,64,9,0.067307949,0.061875582,486963,458594,973926
[RESULT] 39,64,0,0.263860703,0.253819466,488139,459719,976278
[RESULT] 39,64,1,0.257306576,0.251948357,488139,459719,976278
[RESULT] 39,64,2,0.252022028,0.246676683,488139,459719,976278
[RESULT] 39,64,3,0.250563622,0.245207071,488139,459719,976278
[RESULT] 39,64,4,0.250797987,0.245424032,488139,459719,976278
[RESULT] 39,64,5,0.066939116,0.061654329,488139,459719,976278
[RESULT] 39,64,6,0.260353088,0.255151987,488139,459719,976278
[RESULT] 39,64,7,0.062580347,0.057235956,488139,459719,976278
[RESULT] 39,64,8,0.246221066,0.240950823,488139,459719,976278
[RESULT] 39,64,9,0.067603827,0.062247276,488139,459719,976278
[RESULT] 35,64,0,0.258678198,0.253331900,486609,458436,973218
[RESULT] 35,64,1,0.257494450,0.252113581,486609,458436,973218
[RESULT] 35,64,2,0.251709461,0.246329546,486609,458436,973218
[RESULT] 35,64,3,0.250751972,0.245350599,486609,458436,973218
[RESULT] 35,64,4,0.250727177,0.245309830,486609,458436,973218
[RESULT] 35,64,5,0.068819284,0.063419342,486609,458436,973218
[RESULT] 35,64,6,0.447012901,0.442054033,486609,458436,973218
[RESULT] 35,64,7,0.063213348,0.057809830,486609,458436,973218
[RESULT] 35,64,8,0.246876955,0.241499901,486609,458436,973218
[RESULT] 35,64,9,0.067796469,0.062325001,486609,458436,973218
[RESULT] 44,64,0,0.259694099,0.254418135,489534,461052,979068
[RESULT] 44,64,1,0.256165981,0.250831127,489534,461052,979068
[RESULT] 44,64,2,0.251770735,0.246386051,489534,461052,979068
[RESULT] 44,64,3,0.250073910,0.244729042,489534,461052,979068
[RESULT] 44,64,4,0.250754356,0.245398283,489534,461052,979068
[RESULT] 44,64,5,0.067407608,0.062095881,489534,461052,979068
[RESULT] 44,64,6,0.259906292,0.254689217,489534,461052,979068
[RESULT] 44,64,7,0.063440084,0.058087826,489534,461052,979068
[RESULT] 44,64,8,0.237565279,0.232687235,489534,461052,979068
[RESULT] 44,64,9,0.067930222,0.062558889,489534,461052,979068
[RESULT] 36,64,0,0.259233475,0.254011869,486028,457784,972056
[RESULT] 36,64,1,0.257302284,0.251992941,486028,457784,972056
[RESULT] 36,64,2,0.251527548,0.246216297,486028,457784,972056
[RESULT] 36,64,3,0.250837803,0.245507956,486028,457784,972056
[RESULT] 36,64,4,0.250692844,0.245372772,486028,457784,972056
[RESULT] 33,64,0,0.258299351,0.253133297,487129,458777,974258
[RESULT] 33,64,1,0.257395267,0.252072334,487129,458777,974258
[RESULT] 36,64,5,0.068870068,0.063591242,486028,457784,972056
[RESULT] 36,64,6,0.446931124,0.442084074,486028,457784,972056
[RESULT] 36,64,7,0.063252211,0.057941198,486028,457784,972056
[RESULT] 36,64,8,0.246578932,0.241343975,486028,457784,972056
[RESULT] 36,64,9,0.067971230,0.062642574,486028,457784,972056
[RESULT] 37,64,0,0.258650780,0.253329039,486131,457909,972262
[RESULT] 37,64,1,0.257778645,0.252413273,486131,457909,972262
[RESULT] 37,64,2,0.251948118,0.246579170,486131,457909,972262
[RESULT] 37,64,3,0.250449181,0.245139599,486131,457909,972262
[RESULT] 37,64,4,0.250942707,0.245550632,486131,457909,972262
[RESULT] 37,64,5,0.067839384,0.062521696,486131,457909,972262
[RESULT] 37,64,6,0.259694099,0.254731178,486131,457909,972262
[RESULT] 37,64,7,0.063405991,0.058024645,486131,457909,972262
[RESULT] 37,64,8,0.246633291,0.241314888,486131,457909,972262
[RESULT] 37,64,9,0.067998409,0.062620401,486131,457909,972262
[RESULT] 46,64,0,0.259688139,0.254408121,490596,462194,981192
[RESULT] 46,64,1,0.256225348,0.250916481,490596,462194,981192
[RESULT] 46,64,2,0.251704931,0.246320009,490596,462194,981192
[RESULT] 46,64,3,0.249799490,0.244467974,490596,462194,981192
[RESULT] 46,64,4,0.250730991,0.245331764,490596,462194,981192
[RESULT] 46,64,5,0.068423033,0.063079834,490596,462194,981192
[RESULT] 46,64,6,0.256922007,0.251952887,490596,462194,981192
[RESULT] 46,64,7,0.063146830,0.057800055,490596,462194,981192
[RESULT] 46,64,8,0.237371445,0.232486725,490596,462194,981192
[RESULT] 46,64,9,0.068028212,0.062629223,490596,462194,981192
[RESULT] 27,64,0,0.259094238,0.253700018,488479,460162,976958
[RESULT] 27,64,1,0.258235931,0.252860785,488479,460162,976958
[RESULT] 27,64,2,0.251939297,0.246539593,488479,460162,976958
[RESULT] 27,64,3,0.251471758,0.246065855,488479,460162,976958
[RESULT] 27,64,4,0.251384974,0.245971203,488479,460162,976958
[RESULT] 27,64,5,0.069111347,0.063709259,488479,460162,976958
[RESULT] 27,64,6,0.455192566,0.449902058,488479,460162,976958
[RESULT] 27,64,7,0.063874722,0.058505774,488479,460162,976958
[RESULT] 28,64,0,0.259516716,0.254196644,488144,459838,976288
[RESULT] 28,64,1,0.257696390,0.252362251,488144,459838,976288
[RESULT] 28,64,2,0.251997948,0.246673107,488144,459838,976288
[RESULT] 28,64,3,0.251211882,0.245859385,488144,459838,976288
[RESULT] 28,64,4,0.251046419,0.245698690,488144,459838,976288
[RESULT] 28,64,5,0.068762541,0.063415051,488144,459838,976288
[RESULT] 28,64,6,0.455200672,0.450052977,488144,459838,976288
[RESULT] 28,64,7,0.063413382,0.058060169,488144,459838,976288
[RESULT] 28,64,8,0.246832609,0.241498947,488144,459838,976288
[RESULT] 33,64,2,0.252011776,0.246693850,487129,458777,974258
[RESULT] 33,64,3,0.250787497,0.245458603,487129,458777,974258
[RESULT] 33,64,4,0.250910521,0.245575905,487129,458777,974258
[RESULT] 33,64,5,0.068668604,0.063377857,487129,458777,974258
[RESULT] 33,64,6,0.454952002,0.450044394,487129,458777,974258
[RESULT] 33,64,7,0.063249588,0.057949066,487129,458777,974258
[RESULT] 33,64,8,0.246479750,0.241200686,487129,458777,974258
[RESULT] 33,64,9,0.068032742,0.062693834,487129,458777,974258
[RESULT] 34,64,0,0.258372784,0.253104925,486944,458706,973888
[RESULT] 34,64,1,0.257757425,0.252422333,486944,458706,973888
[RESULT] 34,64,2,0.251955032,0.246630907,486944,458706,973888
[RESULT] 34,64,3,0.250575066,0.245254755,486944,458706,973888
[RESULT] 34,64,4,0.250898361,0.245565653,486944,458706,973888
[RESULT] 34,64,5,0.068752527,0.063442469,486944,458706,973888
[RESULT] 34,64,6,0.446998358,0.442107201,486944,458706,973888
[RESULT] 34,64,7,0.062357664,0.057058573,486944,458706,973888
[RESULT] 34,64,8,0.246821165,0.241499186,486944,458706,973888
[RESULT] 34,64,9,0.068053246,0.062628031,486944,458706,973888
[RESULT] 45,64,0,0.259675980,0.254355431,489417,460999,978834
[RESULT] 45,64,1,0.256675243,0.251397848,489417,460999,978834
[RESULT] 45,64,2,0.251423597,0.246122360,489417,460999,978834
[RESULT] 45,64,3,0.251089573,0.245754004,489417,460999,978834
[RESULT] 45,64,4,0.250635624,0.245301723,489417,460999,978834
[RESULT] 45,64,5,0.068784952,0.063465357,489417,460999,978834
[RESULT] 45,64,6,0.258772612,0.253827810,489417,460999,978834
[RESULT] 45,64,7,0.063369751,0.058045864,489417,460999,978834
[RESULT] 45,64,8,0.237151623,0.232387066,489417,460999,978834
[RESULT] 45,64,9,0.068071842,0.062740564,489417,460999,978834
[RESULT] 27,64,8,0.246815920,0.241440296,488479,460162,976958
[RESULT] 27,64,9,0.068043947,0.062623262,488479,460162,976958
[RESULT] 28,64,9,0.068056822,0.062586069,488144,459838,976288
[RESULT] 31,64,0,0.259454727,0.254136324,487673,459317,975346
[RESULT] 31,64,1,0.257775784,0.252449036,487673,459317,975346
[RESULT] 31,64,2,0.251987934,0.246644258,487673,459317,975346
[RESULT] 31,64,3,0.250969172,0.245644331,487673,459317,975346
[RESULT] 31,64,4,0.250963926,0.245604753,487673,459317,975346
[RESULT] 31,64,5,0.068875790,0.063556433,487673,459317,975346
[RESULT] 31,64,6,0.454942226,0.449760675,487673,459317,975346
[RESULT] 31,64,7,0.063545942,0.058227777,487673,459317,975346
[RESULT] 31,64,8,0.246763229,0.241474152,487673,459317,975346
[RESULT] 31,64,9,0.068068743,0.062727213,487673,459317,975346
[RESULT] 40,64,0,0.263869762,0.253801107,487614,459131,975228
[RESULT] 40,64,1,0.257127523,0.251754761,487614,459131,975228
[RESULT] 40,64,2,0.251880646,0.246493816,487614,459131,975228
[RESULT] 40,64,3,0.251286268,0.245907307,487614,459131,975228
[RESULT] 40,64,4,0.250704288,0.245369196,487614,459131,975228
[RESULT] 40,64,5,0.068760633,0.063416958,487614,459131,975228
[RESULT] 40,64,6,0.260322809,0.255116940,487614,459131,975228
[RESULT] 40,64,7,0.063323736,0.057958364,487614,459131,975228
[RESULT] 40,64,8,0.246675730,0.241373777,487614,459131,975228
[RESULT] 40,64,9,0.068107367,0.062717676,487614,459131,975228
[RESULT] 29,64,0,0.259757996,0.254435301,488730,460404,977460
[RESULT] 29,64,1,0.257750273,0.252425432,488730,460404,977460
[RESULT] 29,64,2,0.252008915,0.246707916,488730,460404,977460
[RESULT] 29,64,3,0.250817776,0.245495081,488730,460404,977460
[RESULT] 29,64,4,0.251052618,0.245717525,488730,460404,977460
[RESULT] 29,64,5,0.068922758,0.063604593,488730,460404,977460
[RESULT] 29,64,6,0.455130816,0.449964523,488730,460404,977460
[RESULT] 29,64,7,0.063594818,0.058285475,488730,460404,977460
[RESULT] 29,64,8,0.246725559,0.241449833,488730,460404,977460
[RESULT] 29,64,9,0.068136930,0.062798738,488730,460404,977460
[RESULT] 30,64,0,0.259486675,0.254234552,487831,459539,975662
[RESULT] 30,64,1,0.257720947,0.252465487,487831,459539,975662
[RESULT] 30,64,2,0.251977444,0.246711016,487831,459539,975662
[RESULT] 30,64,3,0.250957489,0.245689869,487831,459539,975662
[RESULT] 30,64,4,0.250997782,0.245724440,487831,459539,975662
[RESULT] 30,64,5,0.068830729,0.063570261,487831,459539,975662
[RESULT] 30,64,6,0.454820395,0.449768782,487831,459539,975662
[RESULT] 30,64,7,0.063138485,0.057857513,487831,459539,975662
[RESULT] 30,64,8,0.246689558,0.241447926,487831,459539,975662
[RESULT] 30,64,9,0.068171501,0.062796116,487831,459539,975662
[RESULT] 26,64,0,0.259860754,0.254533291,486678,458305,973356
[RESULT] 26,64,1,0.257732391,0.252399445,486678,458305,973356
[RESULT] 26,64,2,0.252185345,0.246843100,486678,458305,973356
[RESULT] 26,64,3,0.251492977,0.246146917,486678,458305,973356
[RESULT] 26,64,4,0.251256704,0.245882034,486678,458305,973356
[RESULT] 26,64,5,0.069035053,0.063732386,486678,458305,973356
[RESULT] 26,64,6,0.455302477,0.450169802,486678,458305,973356
[RESULT] 26,64,7,0.063710690,0.058376551,486678,458305,973356
[RESULT] 26,64,8,0.246820688,0.241504908,486678,458305,973356
[RESULT] 26,64,9,0.068311691,0.062844753,486678,458305,973356
[RESULT] 25,64,0,0.259860754,0.254524946,487895,459539,975790
[RESULT] 25,64,1,0.258459330,0.253204107,487895,459539,975790
[RESULT] 25,64,2,0.252137184,0.246823788,487895,459539,975790
[RESULT] 25,64,3,0.251546383,0.246225357,487895,459539,975790
[RESULT] 25,64,4,0.251346827,0.246016741,487895,459539,975790
[RESULT] 25,64,5,0.069258213,0.063969612,487895,459539,975790
[RESULT] 25,64,6,0.455121279,0.449911833,487895,459539,975790
[RESULT] 25,64,7,0.063788176,0.058507442,487895,459539,975790
[RESULT] 25,64,8,0.246797800,0.241517782,487895,459539,975790
[RESULT] 25,64,9,0.068350315,0.063077211,487895,459539,975790
[RESULT] 24,64,0,0.260045528,0.254837275,487495,459139,974990
[RESULT] 24,64,1,0.258506536,0.253298998,487495,459139,974990
[RESULT] 24,64,2,0.252008200,0.246785879,487495,459139,974990
[RESULT] 24,64,3,0.251116037,0.245877743,487495,459139,974990
[RESULT] 24,64,4,0.251031399,0.245795250,487495,459139,974990
[RESULT] 24,64,5,0.069093227,0.063910723,487495,459139,974990
[RESULT] 24,64,6,0.455240965,0.450177670,487495,459139,974990
[RESULT] 24,64,7,0.063722610,0.058557272,487495,459139,974990
[RESULT] 24,64,8,0.246905088,0.241700649,487495,459139,974990
[RESULT] 24,64,9,0.068380356,0.063041449,487495,459139,974990
