Retrieving the matrix from '../data/Hook_1498.mtx'...
Real Matrix (Strong Scaling): Rows=1498023 | Cols=1498023 | NNZ=31207734 | Procs=4
Matrix distributed and converted to CSR
Ghost columns identified: 5692709 total ghost values needed
Local vector initialized (size=374506 per process)
[RESULT] 0,4,0,0.119622946,0.059940100,7802548,5692709,15605096
[RESULT] 0,4,1,0.117780447,0.059053898,7802548,5692709,15605096
[RESULT] 0,4,2,0.120762825,0.062884808,7802548,5692709,15605096
[RESULT] 0,4,3,0.119274139,0.061504841,7802548,5692709,15605096
[RESULT] 0,4,4,0.118467808,0.060159445,7802548,5692709,15605096
[RESULT] 0,4,5,0.118301630,0.060389280,7802548,5692709,15605096
[RESULT] 0,4,6,0.119329214,0.061571360,7802548,5692709,15605096
[RESULT] 0,4,7,0.128598213,0.070597887,7802548,5692709,15605096
[RESULT] 0,4,8,0.131942987,0.073748827,7802548,5692709,15605096
[RESULT] 0,4,9,0.116908550,0.058891058,7802548,5692709,15605096

Benchmark Summary
Processes: 4
Iterations: 10
Matrix NNZ: 31207734
Total execution time: 14.577 seconds
[RESULT] 1,4,0,0.121517420,0.063489199,7800863,5692751,15601726
[RESULT] 1,4,1,0.116596699,0.058660746,7800863,5692751,15601726
[RESULT] 1,4,2,0.116748333,0.058901787,7800863,5692751,15601726
[RESULT] 1,4,3,0.118540525,0.060615063,7800863,5692751,15601726
[RESULT] 1,4,4,0.117485762,0.059442997,7800863,5692751,15601726
[RESULT] 1,4,5,0.117960930,0.060054541,7800863,5692751,15601726
[RESULT] 1,4,6,0.119654179,0.061770916,7800863,5692751,15601726
[RESULT] 1,4,7,0.133538008,0.075714350,7800863,5692751,15601726
[RESULT] 1,4,8,0.125462294,0.067644119,7800863,5692751,15601726
[RESULT] 1,4,9,0.116957188,0.059091568,7800863,5692751,15601726
[RESULT] 2,4,0,0.117796659,0.059803247,7800588,5690589,15601176
[RESULT] 2,4,1,0.117043495,0.058900595,7800588,5690589,15601176
[RESULT] 2,4,2,0.117269993,0.059043884,7800588,5690589,15601176
[RESULT] 2,4,3,0.118871212,0.060873270,7800588,5690589,15601176
[RESULT] 2,4,4,0.118022680,0.059747458,7800588,5690589,15601176
[RESULT] 2,4,5,0.118140697,0.060038567,7800588,5690589,15601176
[RESULT] 2,4,6,0.118129492,0.060242653,7800588,5690589,15601176
[RESULT] 2,4,7,0.118408680,0.060299873,7800588,5690589,15601176
[RESULT] 2,4,8,0.115998268,0.058075666,7800588,5690589,15601176
[RESULT] 2,4,9,0.116931915,0.058948278,7800588,5690589,15601176
[RESULT] 3,4,0,0.125802755,0.063535213,7803735,5691972,15607470
[RESULT] 3,4,1,0.129013538,0.058956861,7803735,5691972,15607470
[RESULT] 3,4,2,0.132123232,0.063425541,7803735,5691972,15607470
[RESULT] 3,4,3,0.131066561,0.061684370,7803735,5691972,15607470
[RESULT] 3,4,4,0.130576611,0.060392857,7803735,5691972,15607470
[RESULT] 3,4,5,0.128831148,0.060381174,7803735,5691972,15607470
[RESULT] 3,4,6,0.127758503,0.060209274,7803735,5691972,15607470
[RESULT] 3,4,7,0.148956060,0.076023579,7803735,5691972,15607470
[RESULT] 3,4,8,0.140790224,0.073675871,7803735,5691972,15607470
[RESULT] 3,4,9,0.125764132,0.059084654,7803735,5691972,15607470
