Retrieving the matrix from '../data/bcsstk27.mtx'...
Real Matrix (Strong Scaling): Rows=1224 | Cols=1224 | NNZ=28675 | Procs=64
Matrix distributed and converted to CSR
Ghost columns identified: 448 total ghost values needed
Local vector initialized (size=20 per process)
[RESULT] 21,64,0,0.211885214,0.211877584,423,404,846
[RESULT] 21,64,1,0.213860512,0.213852406,423,404,846
[RESULT] 21,64,2,0.210046291,0.210035086,423,404,846
[RESULT] 21,64,3,0.112941742,0.112934589,423,404,846
[RESULT] 21,64,4,0.209933996,0.209919214,423,404,846
[RESULT] 21,64,5,0.220642567,0.220633745,423,404,846
[RESULT] 21,64,6,0.174987078,0.174979687,423,404,846
[RESULT] 21,64,7,0.225465775,0.225458860,423,404,846
[RESULT] 21,64,8,0.162635088,0.162629128,423,404,846
[RESULT] 21,64,9,0.176373959,0.176368952,423,404,846
[RESULT] 25,64,0,0.186023235,0.186015606,421,402,842
[RESULT] 25,64,1,0.214578867,0.214570761,421,402,842
[RESULT] 25,64,2,0.218532324,0.218524218,421,402,842
[RESULT] 25,64,3,0.120720387,0.120712042,421,402,842
[RESULT] 25,64,4,0.212489605,0.212481976,421,402,842
[RESULT] 25,64,5,0.216674328,0.216664791,421,402,842
[RESULT] 25,64,6,0.182765007,0.182758570,421,402,842
[RESULT] 25,64,7,0.241707325,0.241700649,421,402,842
[RESULT] 25,64,8,0.200199127,0.200192928,421,402,842
[RESULT] 25,64,9,0.138422251,0.138417482,421,402,842
[RESULT] 9,64,0,0.238379955,0.238373280,429,410,858
[RESULT] 9,64,1,0.219175339,0.219169140,429,410,858
[RESULT] 9,64,2,0.233640671,0.233635187,429,410,858
[RESULT] 9,64,3,0.174739122,0.174732924,429,410,858
[RESULT] 9,64,4,0.249792576,0.249786377,429,410,858
[RESULT] 9,64,5,0.218998671,0.218993187,429,410,858
[RESULT] 9,64,6,0.187149048,0.187143803,429,410,858
[RESULT] 9,64,7,0.185535192,0.185530901,429,410,858
[RESULT] 9,64,8,0.195015669,0.195011377,429,410,858
[RESULT] 9,64,9,0.201410532,0.201406240,429,410,858
[RESULT] 17,64,0,0.227685928,0.227677107,426,407,852
[RESULT] 17,64,1,0.216019392,0.216010809,426,407,852
[RESULT] 17,64,2,0.222848415,0.222839594,426,407,852
[RESULT] 17,64,3,0.169280529,0.169271469,426,407,852
[RESULT] 17,64,4,0.212413788,0.212401628,426,407,852
[RESULT] 17,64,5,0.223370790,0.223363638,426,407,852
[RESULT] 17,64,6,0.178996801,0.178988695,426,407,852
[RESULT] 17,64,7,0.230282307,0.230276585,426,407,852
[RESULT] 17,64,8,0.196870327,0.196865320,426,407,852
[RESULT] 17,64,9,0.187989712,0.187983990,426,407,852
[RESULT] 13,64,0,0.192016602,0.192006588,434,415,868
[RESULT] 13,64,1,0.213975906,0.213964224,434,415,868
[RESULT] 13,64,2,0.244057178,0.244049549,434,415,868
[RESULT] 13,64,3,0.121661901,0.121653795,434,415,868
[RESULT] 13,64,4,0.240912199,0.240903378,434,415,868
[RESULT] 13,64,5,0.216967821,0.216960669,434,415,868
[RESULT] 13,64,6,0.187454224,0.187446594,434,415,868
[RESULT] 13,64,7,0.167042732,0.167036057,434,415,868
[RESULT] 13,64,8,0.198465586,0.198460340,434,415,868
[RESULT] 13,64,9,0.189603329,0.189598560,434,415,868
[RESULT] 30,64,0,0.127042532,0.127034426,461,442,922
[RESULT] 30,64,1,0.064175606,0.064165592,461,442,922
[RESULT] 30,64,2,0.064186811,0.064177036,461,442,922
[RESULT] 30,64,3,0.064189911,0.064179420,461,442,922
[RESULT] 30,64,4,0.064172506,0.064162016,461,442,922
[RESULT] 30,64,5,0.064184666,0.064175367,461,442,922
[RESULT] 30,64,6,0.064161301,0.064152479,461,442,922
[RESULT] 30,64,7,0.064183712,0.064173460,461,442,922
[RESULT] 30,64,8,0.064194679,0.064183474,461,442,922
[RESULT] 30,64,9,0.063195944,0.063185215,461,442,922
[RESULT] 52,64,0,0.128014088,0.128008366,445,426,890
[RESULT] 52,64,1,0.128019333,0.128013611,445,426,890
[RESULT] 52,64,2,0.128025532,0.128019810,445,426,890
[RESULT] 52,64,3,0.128023624,0.128018856,445,426,890
[RESULT] 52,64,4,0.128023386,0.128018379,445,426,890
[RESULT] 52,64,5,0.128022194,0.128017187,445,426,890
[RESULT] 52,64,6,0.128023863,0.128019094,445,426,890
[RESULT] 52,64,7,0.128018618,0.128013849,445,426,890
[RESULT] 52,64,8,0.128025532,0.128020287,445,426,890
[RESULT] 52,64,9,0.130157232,0.130151510,445,426,890
[RESULT] 19,64,0,0.192033291,0.192028761,430,411,860
[RESULT] 19,64,1,0.192026138,0.192022562,430,411,860
[RESULT] 19,64,2,0.192032814,0.192028999,430,411,860
[RESULT] 19,64,3,0.192039251,0.192035675,430,411,860
[RESULT] 19,64,4,0.192032099,0.192028284,430,411,860
[RESULT] 19,64,5,0.192024946,0.192021370,430,411,860
[RESULT] 19,64,6,0.191026926,0.191022158,430,411,860
[RESULT] 19,64,7,0.192034960,0.192030907,430,411,860
[RESULT] 19,64,8,0.192031622,0.192027569,430,411,860
[RESULT] 19,64,9,0.192046165,0.192041874,430,411,860
[RESULT] 24,64,0,0.128030777,0.128024817,446,427,892
[RESULT] 24,64,1,0.128027201,0.128021717,446,427,892
[RESULT] 24,64,2,0.128028631,0.128022432,446,427,892
[RESULT] 24,64,3,0.128031492,0.128026247,446,427,892
[RESULT] 24,64,4,0.128038168,0.128032684,446,427,892
[RESULT] 24,64,5,0.128030062,0.128023863,446,427,892
[RESULT] 24,64,6,0.128031969,0.128025293,446,427,892
[RESULT] 24,64,7,0.128043652,0.128035784,446,427,892
[RESULT] 24,64,8,0.128033876,0.128028154,446,427,892
[RESULT] 24,64,9,0.128047228,0.128040791,446,427,892
[RESULT] 1,64,0,0.235038280,0.235030174,454,434,908
[RESULT] 1,64,1,0.226726055,0.226718664,454,434,908
[RESULT] 1,64,2,0.247529268,0.247520924,454,434,908
[RESULT] 1,64,3,0.189176559,0.189167976,454,434,908
[RESULT] 1,64,4,0.223772049,0.223763227,454,434,908
[RESULT] 1,64,5,0.262536287,0.262527704,454,434,908
[RESULT] 1,64,6,0.195373058,0.195366621,454,434,908
[RESULT] 1,64,7,0.284793615,0.284787655,454,434,908
[RESULT] 1,64,8,0.219763517,0.219758987,454,434,908
[RESULT] 1,64,9,0.209158421,0.209153175,454,434,908
[RESULT] 49,64,0,0.152373791,0.152366638,448,429,896
[RESULT] 49,64,1,0.219371796,0.219364882,448,429,896
[RESULT] 49,64,2,0.225828648,0.225822210,448,429,896
[RESULT] 49,64,3,0.163610458,0.163602591,448,429,896
[RESULT] 49,64,4,0.220400572,0.220394135,448,429,896
[RESULT] 49,64,5,0.211374760,0.211368322,448,429,896
[RESULT] 49,64,6,0.188651323,0.188645601,448,429,896
[RESULT] 49,64,7,0.216343403,0.216338873,448,429,896
[RESULT] 49,64,8,0.209088087,0.209083080,448,429,896
[RESULT] 49,64,9,0.204872370,0.204867363,448,429,896
[RESULT] 45,64,0,0.119013071,0.119006634,440,421,880
[RESULT] 45,64,1,0.245583534,0.245575666,440,421,880
[RESULT] 45,64,2,0.218352795,0.218345881,440,421,880
[RESULT] 45,64,3,0.136007547,0.136000633,440,421,880
[RESULT] 45,64,4,0.227134466,0.227128744,440,421,880
[RESULT] 45,64,5,0.207348347,0.207341909,440,421,880
[RESULT] 45,64,6,0.190906286,0.190900803,440,421,880
[RESULT] 45,64,7,0.216281176,0.216276407,440,421,880
[RESULT] 45,64,8,0.190032244,0.190027952,440,421,880
[RESULT] 45,64,9,0.189853430,0.189849377,440,421,880
[RESULT] 5,64,0,0.175419807,0.175413609,446,426,892
[RESULT] 5,64,1,0.236743212,0.236736536,446,426,892
[RESULT] 5,64,2,0.235672235,0.235666513,446,426,892
[RESULT] 5,64,3,0.178516388,0.178509474,446,426,892
[RESULT] 5,64,4,0.250509262,0.250502825,446,426,892
[RESULT] 5,64,5,0.218986511,0.218980312,446,426,892
[RESULT] 5,64,6,0.185366154,0.185360193,446,426,892
[RESULT] 5,64,7,0.212760925,0.212755442,446,426,892
[RESULT] 5,64,8,0.206139565,0.206134796,446,426,892
[RESULT] 5,64,9,0.207902193,0.207897902,446,426,892
[RESULT] 22,64,0,0.191053867,0.191046953,442,423,884
[RESULT] 22,64,1,0.128049612,0.128042221,442,423,884
[RESULT] 22,64,2,0.129051685,0.129043579,442,423,884
[RESULT] 22,64,3,0.128063440,0.128055811,442,423,884
[RESULT] 22,64,4,0.128048658,0.128041744,442,423,884
[RESULT] 22,64,5,0.128047466,0.128040314,442,423,884
[RESULT] 22,64,6,0.128050327,0.128043890,442,423,884
[RESULT] 22,64,7,0.128050566,0.128043175,442,423,884
[RESULT] 22,64,8,0.128050804,0.128042459,442,423,884
[RESULT] 22,64,9,0.127084970,0.127077341,442,423,884
[RESULT] 51,64,0,0.192025900,0.192021847,426,407,852
[RESULT] 51,64,1,0.192034245,0.192030191,426,407,852
[RESULT] 51,64,2,0.192031384,0.192027569,426,407,852
[RESULT] 51,64,3,0.192039251,0.192035675,426,407,852
[RESULT] 51,64,4,0.192035198,0.192031384,426,407,852
[RESULT] 51,64,5,0.192032576,0.192028999,426,407,852
[RESULT] 51,64,6,0.191032410,0.191028833,426,407,852
[RESULT] 51,64,7,0.192034245,0.192030430,426,407,852
[RESULT] 51,64,8,0.192032814,0.192028999,426,407,852
[RESULT] 51,64,9,0.192054272,0.192049980,426,407,852
[RESULT] 12,64,0,0.128020525,0.128014803,449,430,898
[RESULT] 12,64,1,0.128027439,0.128020525,449,430,898
[RESULT] 12,64,2,0.128017664,0.128011227,449,430,898
[RESULT] 12,64,3,0.128035069,0.128028631,449,430,898
[RESULT] 12,64,4,0.128030777,0.128024340,449,430,898
[RESULT] 12,64,5,0.128025770,0.128019571,449,430,898
[RESULT] 12,64,6,0.128028393,0.128022432,449,430,898
[RESULT] 12,64,7,0.128027916,0.128022671,449,430,898
[RESULT] 12,64,8,0.128030539,0.128025055,449,430,898
[RESULT] 12,64,9,0.128046751,0.128040075,449,430,898
[RESULT] 53,64,0,0.079176426,0.079169750,430,411,860
[RESULT] 53,64,1,0.269578218,0.269572496,430,411,860
[RESULT] 53,64,2,0.241136312,0.241129398,430,411,860
[RESULT] 53,64,3,0.117217302,0.117210627,430,411,860
[RESULT] 53,64,4,0.241700411,0.241694450,430,411,860
[RESULT] 53,64,5,0.235161781,0.235155106,430,411,860
[RESULT] 53,64,6,0.214829683,0.214823484,430,411,860
[RESULT] 53,64,7,0.217209101,0.217197418,430,411,860
[RESULT] 53,64,8,0.208370209,0.208365917,430,411,860
[RESULT] 53,64,9,0.207382679,0.207209349,430,411,860
[RESULT] 62,64,0,0.127055168,0.127045631,463,444,926
[RESULT] 62,64,1,0.064040184,0.064030170,463,444,926
[RESULT] 62,64,2,0.064063549,0.064052820,463,444,926
[RESULT] 62,64,3,0.064046383,0.064036131,463,444,926
[RESULT] 62,64,4,0.064035416,0.064025640,463,444,926
[RESULT] 62,64,5,0.064047098,0.064036369,463,444,926
[RESULT] 62,64,6,0.064044476,0.064035177,463,444,926
[RESULT] 62,64,7,0.064041853,0.064032078,463,444,926
[RESULT] 62,64,8,0.064049006,0.064038754,463,444,926
[RESULT] 62,64,9,0.064879417,0.064871073,463,444,926
[RESULT] 31,64,0,0.128020048,0.128014565,446,427,892
[RESULT] 31,64,1,0.128026724,0.128023148,446,427,892
[RESULT] 31,64,2,0.128027439,0.128024101,446,427,892
[RESULT] 31,64,3,0.128034830,0.128031492,446,427,892
[RESULT] 31,64,4,0.128021479,0.128017902,446,427,892
[RESULT] 31,64,5,0.128028154,0.128024578,446,427,892
[RESULT] 31,64,6,0.127092123,0.127088547,446,427,892
[RESULT] 31,64,7,0.128094196,0.128090382,446,427,892
[RESULT] 31,64,8,0.128055096,0.128051281,446,427,892
[RESULT] 31,64,9,0.128127098,0.128123045,446,427,892
[RESULT] 8,64,0,0.193008184,0.193000078,450,431,900
[RESULT] 8,64,1,0.192018986,0.192013741,450,431,900
[RESULT] 8,64,2,0.192022800,0.192017794,450,431,900
[RESULT] 8,64,3,0.192029238,0.192023993,450,431,900
[RESULT] 8,64,4,0.192025423,0.192020416,450,431,900
[RESULT] 8,64,5,0.192024231,0.192018509,450,431,900
[RESULT] 8,64,6,0.192024231,0.192017794,450,431,900
[RESULT] 8,64,7,0.192023754,0.192018509,450,431,900
[RESULT] 8,64,8,0.192023277,0.192018509,450,431,900
[RESULT] 8,64,9,0.194049358,0.194044352,450,431,900
[RESULT] 42,64,0,0.191073179,0.191064119,451,432,902
[RESULT] 42,64,1,0.128051996,0.128042221,451,432,902
[RESULT] 42,64,2,0.128067732,0.128057241,451,432,902
[RESULT] 42,64,3,0.128065825,0.128056526,451,432,902
[RESULT] 42,64,4,0.128055573,0.128046513,451,432,902
[RESULT] 42,64,5,0.128062010,0.128051281,451,432,902
[RESULT] 42,64,6,0.128044367,0.128036737,451,432,902
[RESULT] 42,64,7,0.128067255,0.128057480,451,432,902
[RESULT] 42,64,8,0.128057003,0.128049135,451,432,902
[RESULT] 42,64,9,0.127110243,0.127100945,451,432,902
[RESULT] 41,64,0,0.167789698,0.167782784,450,431,900
[RESULT] 41,64,1,0.203076124,0.203069925,450,431,900
[RESULT] 41,64,2,0.245450735,0.245444059,450,431,900
[RESULT] 41,64,3,0.168386698,0.168380022,450,431,900
[RESULT] 41,64,4,0.200848579,0.200841904,450,431,900
[RESULT] 41,64,5,0.211396456,0.211389780,450,431,900
[RESULT] 41,64,6,0.202583313,0.202577829,450,431,900
[RESULT] 41,64,7,0.250328064,0.250323296,450,431,900
[RESULT] 41,64,8,0.211963177,0.211958647,450,431,900
[RESULT] 41,64,9,0.205761671,0.205755949,450,431,900
[RESULT] 61,64,0,0.083260536,0.083252907,444,425,888
[RESULT] 61,64,1,0.216779232,0.216772556,444,425,888
[RESULT] 61,64,2,0.221687078,0.221680403,444,425,888
[RESULT] 61,64,3,0.088997126,0.088991165,444,425,888
[RESULT] 61,64,4,0.222467661,0.222460985,444,425,888
[RESULT] 61,64,5,0.186302185,0.186294794,444,425,888
[RESULT] 61,64,6,0.197645426,0.197640181,444,425,888
[RESULT] 61,64,7,0.203435183,0.203429937,444,425,888
[RESULT] 61,64,8,0.233304739,0.233299732,444,425,888
[RESULT] 61,64,9,0.196098566,0.196093559,444,425,888
[RESULT] 37,64,0,0.169003248,0.168988705,448,429,896
[RESULT] 37,64,1,0.245488405,0.245480537,448,429,896
[RESULT] 37,64,2,0.247998476,0.247992039,448,429,896
[RESULT] 37,64,3,0.120429516,0.120423317,448,429,896
[RESULT] 37,64,4,0.219328403,0.219322681,448,429,896
[RESULT] 37,64,5,0.259946346,0.259939194,448,429,896
[RESULT] 37,64,6,0.201553106,0.201547623,448,429,896
[RESULT] 37,64,7,0.210311890,0.210306883,448,429,896
[RESULT] 37,64,8,0.150390148,0.150385141,448,429,896
[RESULT] 37,64,9,0.214498758,0.214493513,448,429,896
[RESULT] 27,64,0,0.188021183,0.188016653,438,419,876
[RESULT] 27,64,1,0.192025423,0.192021608,438,419,876
[RESULT] 27,64,2,0.192025900,0.192022324,438,419,876
[RESULT] 27,64,3,0.192033768,0.192030430,438,419,876
[RESULT] 27,64,4,0.192025900,0.192022324,438,419,876
[RESULT] 27,64,5,0.192027330,0.192023993,438,419,876
[RESULT] 27,64,6,0.191024303,0.191020727,438,419,876
[RESULT] 27,64,7,0.192027330,0.192023754,438,419,876
[RESULT] 27,64,8,0.192025423,0.192021847,438,419,876
[RESULT] 27,64,9,0.192062616,0.192058563,438,419,876
[RESULT] 29,64,0,0.148287296,0.148281574,442,423,884
[RESULT] 29,64,1,0.211380720,0.211374283,442,423,884
[RESULT] 29,64,2,0.240179062,0.240173340,442,423,884
[RESULT] 29,64,3,0.097925663,0.097918749,442,423,884
[RESULT] 29,64,4,0.248612165,0.248605967,442,423,884
[RESULT] 29,64,5,0.216640472,0.216634035,442,423,884
[RESULT] 29,64,6,0.172401905,0.172395945,442,423,884
[RESULT] 29,64,7,0.248998165,0.248993158,442,423,884
[RESULT] 29,64,8,0.201543093,0.201538801,442,423,884
[RESULT] 29,64,9,0.159490108,0.159485579,442,423,884
[RESULT] 60,64,0,0.128020287,0.128014088,461,442,922
[RESULT] 60,64,1,0.128017664,0.128012419,461,442,922
[RESULT] 60,64,2,0.128021717,0.128016233,461,442,922
[RESULT] 60,64,3,0.128020048,0.128014803,461,442,922
[RESULT] 60,64,4,0.128022194,0.128016710,461,442,922
[RESULT] 60,64,5,0.128024817,0.128019571,461,442,922
[RESULT] 60,64,6,0.064023495,0.064018250,461,442,922
[RESULT] 60,64,7,0.064029932,0.064024448,461,442,922
[RESULT] 60,64,8,0.064021111,0.064015388,461,442,922
[RESULT] 60,64,9,0.064056158,0.064049721,461,442,922
[RESULT] 33,64,0,0.166404009,0.166397333,428,409,856
[RESULT] 33,64,1,0.233327627,0.233320475,428,409,856
[RESULT] 33,64,2,0.246183634,0.246177197,428,409,856
[RESULT] 33,64,3,0.173004627,0.172997952,428,409,856
[RESULT] 33,64,4,0.229998589,0.229990959,428,409,856
[RESULT] 33,64,5,0.219764471,0.219757557,428,409,856
[RESULT] 33,64,6,0.205282450,0.205276012,428,409,856
[RESULT] 33,64,7,0.272781134,0.272775412,428,409,856
[RESULT] 33,64,8,0.227100372,0.227095604,428,409,856
[RESULT] 33,64,9,0.218522072,0.218517065,428,409,856
[RESULT] 14,64,0,0.191046238,0.191037416,450,431,900
[RESULT] 14,64,1,0.128039360,0.128028631,450,431,900
[RESULT] 14,64,2,0.128046036,0.128036022,450,431,900
[RESULT] 14,64,3,0.128046513,0.128038168,450,431,900
[RESULT] 14,64,4,0.128037453,0.128027439,450,431,900
[RESULT] 14,64,5,0.128044128,0.128034115,450,431,900
[RESULT] 14,64,6,0.128025532,0.128017664,450,431,900
[RESULT] 14,64,7,0.128033876,0.128024340,450,431,900
[RESULT] 14,64,8,0.128040075,0.128031015,450,431,900
[RESULT] 14,64,9,0.119093657,0.119083405,450,431,900
[RESULT] 57,64,0,0.113327980,0.113319635,453,434,906
[RESULT] 57,64,1,0.217133284,0.217127562,453,434,906
[RESULT] 57,64,2,0.238759279,0.238751888,453,434,906
[RESULT] 57,64,3,0.127825022,0.127815485,453,434,906
[RESULT] 57,64,4,0.193303108,0.193296909,453,434,906
[RESULT] 57,64,5,0.188056231,0.188046694,453,434,906
[RESULT] 57,64,6,0.197901249,0.197895527,453,434,906
[RESULT] 57,64,7,0.215025902,0.215021133,453,434,906
[RESULT] 57,64,8,0.193964243,0.193960190,453,434,906
[RESULT] 57,64,9,0.217899561,0.217894554,453,434,906
[RESULT] 47,64,0,0.196023464,0.196019411,444,425,888
[RESULT] 47,64,1,0.192025661,0.192021608,444,425,888
[RESULT] 47,64,2,0.192028046,0.192024231,444,425,888
[RESULT] 47,64,3,0.192032814,0.192028999,444,425,888
[RESULT] 47,64,4,0.192028046,0.192024231,444,425,888
[RESULT] 47,64,5,0.192008495,0.192004442,444,425,888
[RESULT] 47,64,6,0.191029787,0.191025972,444,425,888
[RESULT] 47,64,7,0.192036867,0.192033291,444,425,888
[RESULT] 47,64,8,0.192021608,0.192018032,444,425,888
[RESULT] 47,64,9,0.192067146,0.192063332,444,425,888
[RESULT] 56,64,0,0.128031015,0.128024101,468,449,936
[RESULT] 56,64,1,0.128012657,0.128007412,468,449,936
[RESULT] 56,64,2,0.128021479,0.128015995,468,449,936
[RESULT] 56,64,3,0.128029585,0.128023148,468,449,936
[RESULT] 56,64,4,0.128027916,0.128022671,468,449,936
[RESULT] 56,64,5,0.128027201,0.128020525,468,449,936
[RESULT] 56,64,6,0.128021955,0.128015757,468,449,936
[RESULT] 56,64,7,0.128024817,0.128019094,468,449,936
[RESULT] 56,64,8,0.128023148,0.128018141,468,449,936
[RESULT] 56,64,9,0.128046989,0.128040791,468,449,936
[RESULT] 50,64,0,0.191037178,0.191029072,467,448,934
[RESULT] 50,64,1,0.128044128,0.128035307,467,448,934
[RESULT] 50,64,2,0.128050566,0.128042459,467,448,934
[RESULT] 50,64,3,0.128057957,0.128050804,467,448,934
[RESULT] 50,64,4,0.128036976,0.128029585,467,448,934
[RESULT] 50,64,5,0.128062725,0.128054142,467,448,934
[RESULT] 50,64,6,0.128015757,0.128008366,467,448,934
[RESULT] 50,64,7,0.128045321,0.128037453,467,448,934
[RESULT] 50,64,8,0.128048420,0.128041267,467,448,934
[RESULT] 50,64,9,0.131102085,0.131094933,467,448,934
[RESULT] 39,64,0,0.192023993,0.192019701,446,427,892
[RESULT] 39,64,1,0.192026615,0.192022800,446,427,892
[RESULT] 39,64,2,0.192023993,0.192020178,446,427,892
[RESULT] 39,64,3,0.192030191,0.192026615,446,427,892
[RESULT] 39,64,4,0.192027330,0.192023516,446,427,892
[RESULT] 39,64,5,0.192022085,0.192018270,446,427,892
[RESULT] 39,64,6,0.191032410,0.191028833,446,427,892
[RESULT] 39,64,7,0.192030668,0.192027330,446,427,892
[RESULT] 39,64,8,0.192025185,0.192021608,446,427,892
[RESULT] 39,64,9,0.192072153,0.192067862,446,427,892
[RESULT] 40,64,0,0.128020287,0.128013134,465,446,930
[RESULT] 40,64,1,0.128031969,0.128026485,465,446,930
[RESULT] 40,64,2,0.128029823,0.128024578,465,446,930
[RESULT] 40,64,3,0.128027916,0.128022671,465,446,930
[RESULT] 40,64,4,0.128025770,0.128020525,465,446,930
[RESULT] 40,64,5,0.128024340,0.128019333,465,446,930
[RESULT] 40,64,6,0.128027201,0.128021717,465,446,930
[RESULT] 40,64,7,0.128029823,0.128024101,465,446,930
[RESULT] 40,64,8,0.128031731,0.128026247,465,446,930
[RESULT] 40,64,9,0.128058910,0.128052235,465,446,930
[RESULT] 6,64,0,0.191075087,0.191065550,466,446,932
[RESULT] 6,64,1,0.128061295,0.128050566,466,446,932
[RESULT] 6,64,2,0.141050100,0.141041040,466,446,932
[RESULT] 6,64,3,0.128056526,0.128046274,466,446,932
[RESULT] 6,64,4,0.128054142,0.128041744,466,446,932
[RESULT] 6,64,5,0.128050327,0.128038406,466,446,932
[RESULT] 6,64,6,0.128041744,0.128032207,466,446,932
[RESULT] 6,64,7,0.128050089,0.128038406,466,446,932
[RESULT] 6,64,8,0.128053904,0.128042459,466,446,932
[RESULT] 6,64,9,0.131101608,0.131091595,466,446,932
[RESULT] 15,64,0,0.192108393,0.192103863,423,404,846
[RESULT] 15,64,1,0.256003857,0.256000042,423,404,846
[RESULT] 15,64,2,0.256004572,0.256000757,423,404,846
[RESULT] 15,64,3,0.256016254,0.256012678,423,404,846
[RESULT] 15,64,4,0.256006479,0.256002665,423,404,846
[RESULT] 15,64,5,0.256006479,0.256002665,423,404,846
[RESULT] 15,64,6,0.239016294,0.239012718,423,404,846
[RESULT] 15,64,7,0.192011833,0.192008257,423,404,846
[RESULT] 15,64,8,0.192014694,0.192011118,423,404,846
[RESULT] 15,64,9,0.192060709,0.192056656,423,404,846
[RESULT] 32,64,0,0.192009926,0.192003489,465,446,930
[RESULT] 32,64,1,0.192022562,0.192017078,465,446,930
[RESULT] 32,64,2,0.192023993,0.192018509,465,446,930
[RESULT] 32,64,3,0.192022324,0.192017555,465,446,930
[RESULT] 32,64,4,0.192021132,0.192015409,465,446,930
[RESULT] 32,64,5,0.192022085,0.192016840,465,446,930
[RESULT] 32,64,6,0.192022800,0.192017555,465,446,930
[RESULT] 32,64,7,0.192022324,0.192016602,465,446,930
[RESULT] 32,64,8,0.192029953,0.192023993,465,446,930
[RESULT] 32,64,9,0.191022396,0.191017151,465,446,930
[RESULT] 26,64,0,0.191035986,0.191028833,440,421,880
[RESULT] 26,64,1,0.128047228,0.128039122,440,421,880
[RESULT] 26,64,2,0.128042221,0.128034830,440,421,880
[RESULT] 26,64,3,0.128048897,0.128041029,440,421,880
[RESULT] 26,64,4,0.128057003,0.128049135,440,421,880
[RESULT] 26,64,5,0.128043413,0.128036261,440,421,880
[RESULT] 26,64,6,0.128031492,0.128025532,440,421,880
[RESULT] 26,64,7,0.128055573,0.128047705,440,421,880
[RESULT] 26,64,8,0.128039598,0.128032446,440,421,880
[RESULT] 26,64,9,0.127086878,0.127079964,440,421,880
[RESULT] 55,64,0,0.191991806,0.191987276,449,430,898
[RESULT] 55,64,1,0.192023516,0.192019701,449,430,898
[RESULT] 55,64,2,0.192019939,0.192015886,449,430,898
[RESULT] 55,64,3,0.192021847,0.192017555,449,430,898
[RESULT] 55,64,4,0.192019701,0.192015886,449,430,898
[RESULT] 55,64,5,0.192022085,0.192018032,449,430,898
[RESULT] 55,64,6,0.195022821,0.195019245,449,430,898
[RESULT] 55,64,7,0.192024946,0.192021608,449,430,898
[RESULT] 55,64,8,0.192018032,0.192014456,449,430,898
[RESULT] 55,64,9,0.192072868,0.192068577,449,430,898
[RESULT] 20,64,0,0.128017902,0.128011942,449,430,898
[RESULT] 20,64,1,0.128021717,0.128016233,449,430,898
[RESULT] 20,64,2,0.128015518,0.128009796,449,430,898
[RESULT] 20,64,3,0.128015995,0.128011465,449,430,898
[RESULT] 20,64,4,0.128020048,0.128015280,449,430,898
[RESULT] 20,64,5,0.128017664,0.128012419,449,430,898
[RESULT] 20,64,6,0.128016472,0.128010750,449,430,898
[RESULT] 20,64,7,0.128017426,0.128011942,449,430,898
[RESULT] 20,64,8,0.128011942,0.128006220,449,430,898
[RESULT] 20,64,9,0.128055811,0.128050089,449,430,898
[RESULT] 2,64,0,0.254997969,0.254988194,471,451,942
[RESULT] 2,64,1,0.192010641,0.191998720,471,451,942
[RESULT] 2,64,2,0.193008661,0.192998171,471,451,942
[RESULT] 2,64,3,0.192037344,0.192027330,471,451,942
[RESULT] 2,64,4,0.192017317,0.192007542,471,451,942
[RESULT] 2,64,5,0.192018270,0.192007542,471,451,942
[RESULT] 2,64,6,0.191996336,0.191987514,471,451,942
[RESULT] 2,64,7,0.192019701,0.192009687,471,451,942
[RESULT] 2,64,8,0.192005396,0.191994667,471,451,942
[RESULT] 2,64,9,0.191061020,0.191051483,471,451,942
[RESULT] 7,64,0,0.192049742,0.192045212,452,432,904
[RESULT] 7,64,1,0.256017447,0.256013155,452,432,904
[RESULT] 7,64,2,0.256000996,0.255996943,452,432,904
[RESULT] 7,64,3,0.256024122,0.256020069,452,432,904
[RESULT] 7,64,4,0.256017923,0.256013870,452,432,904
[RESULT] 7,64,5,0.256007910,0.256004095,452,432,904
[RESULT] 7,64,6,0.255013943,0.255009651,452,432,904
[RESULT] 7,64,7,0.256020069,0.256015539,452,432,904
[RESULT] 7,64,8,0.256015539,0.256011486,452,432,904
[RESULT] 7,64,9,0.243080139,0.243075609,452,432,904
[RESULT] 0,64,0,0.193015337,0.193009853,468,448,936
[RESULT] 0,64,1,0.255980253,0.255974531,468,448,936
[RESULT] 0,64,2,0.255978584,0.255972862,468,448,936
[RESULT] 0,64,3,0.255987167,0.255981445,468,448,936
[RESULT] 0,64,4,0.255971909,0.255966425,468,448,936
[RESULT] 0,64,5,0.255975008,0.255969763,468,448,936
[RESULT] 0,64,6,0.259990454,0.259985209,468,448,936
[RESULT] 0,64,7,0.255984306,0.255979300,468,448,936
[RESULT] 0,64,8,0.255985498,0.255980253,468,448,936
[RESULT] 0,64,9,0.234035492,0.234029531,468,448,936

Benchmark Summary
Processes: 64
Iterations: 10
Matrix NNZ: 28675
Total execution time: 7.486 seconds
[RESULT] 18,64,0,0.235038280,0.235028744,445,426,890
[RESULT] 18,64,1,0.192038059,0.192029953,445,426,890
[RESULT] 18,64,2,0.193036556,0.193027973,445,426,890
[RESULT] 18,64,3,0.192045927,0.192037582,445,426,890
[RESULT] 18,64,4,0.192038536,0.192029715,445,426,890
[RESULT] 18,64,5,0.192042828,0.192034483,445,426,890
[RESULT] 18,64,6,0.191991806,0.191984415,445,426,890
[RESULT] 18,64,7,0.192036390,0.192028761,445,426,890
[RESULT] 18,64,8,0.192036152,0.192027330,445,426,890
[RESULT] 18,64,9,0.191085577,0.191078901,445,426,890
[RESULT] 3,64,0,0.256012201,0.256007671,451,431,902
[RESULT] 3,64,1,0.255683899,0.255679846,451,431,902
[RESULT] 3,64,2,0.255996943,0.255992651,451,431,902
[RESULT] 3,64,3,0.255990505,0.255986929,451,431,902
[RESULT] 3,64,4,0.256001472,0.255997419,451,431,902
[RESULT] 3,64,5,0.255999804,0.255995989,451,431,902
[RESULT] 3,64,6,0.258997440,0.258993864,451,431,902
[RESULT] 3,64,7,0.256003380,0.255999565,451,431,902
[RESULT] 3,64,8,0.255996466,0.255992651,451,431,902
[RESULT] 3,64,9,0.259056091,0.259051800,451,431,902
[RESULT] 44,64,0,0.064027071,0.064021349,455,436,910
[RESULT] 44,64,1,0.128011465,0.128005266,455,436,910
[RESULT] 44,64,2,0.128000498,0.127995491,455,436,910
[RESULT] 44,64,3,0.128003359,0.127997398,455,436,910
[RESULT] 44,64,4,0.128007650,0.128002644,455,436,910
[RESULT] 44,64,5,0.127993345,0.127987862,455,436,910
[RESULT] 44,64,6,0.128019094,0.128013849,455,436,910
[RESULT] 44,64,7,0.128019571,0.128013134,455,436,910
[RESULT] 44,64,8,0.128008366,0.128002882,455,436,910
[RESULT] 44,64,9,0.128060102,0.128053188,455,436,910
[RESULT] 10,64,0,0.197753668,0.197745085,448,429,896
[RESULT] 10,64,1,0.192048073,0.192038298,448,429,896
[RESULT] 10,64,2,0.193043232,0.193033457,448,429,896
[RESULT] 10,64,3,0.192057371,0.192046881,448,429,896
[RESULT] 10,64,4,0.192045212,0.192035913,448,429,896
[RESULT] 10,64,5,0.192052126,0.192042828,448,429,896
[RESULT] 10,64,6,0.192034721,0.192027569,448,429,896
[RESULT] 10,64,7,0.192045927,0.192036867,448,429,896
[RESULT] 10,64,8,0.192013979,0.192003012,448,429,896
[RESULT] 10,64,9,0.191125870,0.191116810,448,429,896
[RESULT] 11,64,0,0.256015539,0.256011963,430,411,860
[RESULT] 11,64,1,0.256018400,0.256015062,430,411,860
[RESULT] 11,64,2,0.256016493,0.256012917,430,411,860
[RESULT] 11,64,3,0.256021976,0.256018639,430,411,860
[RESULT] 11,64,4,0.256017685,0.256014585,430,411,860
[RESULT] 11,64,5,0.256017685,0.256014347,430,411,860
[RESULT] 11,64,6,0.259015560,0.259012222,430,411,860
[RESULT] 11,64,7,0.256019115,0.256015778,430,411,860
[RESULT] 11,64,8,0.256015539,0.256012201,430,411,860
[RESULT] 11,64,9,0.259071589,0.259068012,430,411,860
[RESULT] 16,64,0,0.192019939,0.192014694,442,423,884
[RESULT] 16,64,1,0.192015171,0.192010164,442,423,884
[RESULT] 16,64,2,0.192017078,0.192011833,442,423,884
[RESULT] 16,64,3,0.192012548,0.192007542,442,423,884
[RESULT] 16,64,4,0.192013025,0.192008018,442,423,884
[RESULT] 16,64,5,0.192018747,0.192013502,442,423,884
[RESULT] 16,64,6,0.192017078,0.192012548,442,423,884
[RESULT] 16,64,7,0.192013741,0.192008972,442,423,884
[RESULT] 16,64,8,0.192011833,0.192007065,442,423,884
[RESULT] 16,64,9,0.195007086,0.195001364,442,423,884
[RESULT] 34,64,0,0.195152044,0.195143938,447,428,894
[RESULT] 34,64,1,0.192036152,0.192023516,447,428,894
[RESULT] 34,64,2,0.193020582,0.193009615,447,428,894
[RESULT] 34,64,3,0.192026138,0.192016125,447,428,894
[RESULT] 34,64,4,0.192016840,0.192006111,447,428,894
[RESULT] 34,64,5,0.192021608,0.192010880,447,428,894
[RESULT] 34,64,6,0.192029715,0.192019939,447,428,894
[RESULT] 34,64,7,0.192046165,0.192034960,447,428,894
[RESULT] 34,64,8,0.188047409,0.188037872,447,428,894
[RESULT] 34,64,9,0.191063881,0.191054106,447,428,894
[RESULT] 23,64,0,0.192005157,0.192000628,427,408,854
[RESULT] 23,64,1,0.192013264,0.192008734,427,408,854
[RESULT] 23,64,2,0.192016363,0.192012548,427,408,854
[RESULT] 23,64,3,0.192014933,0.192011118,427,408,854
[RESULT] 23,64,4,0.192020416,0.192016840,427,408,854
[RESULT] 23,64,5,0.192018509,0.192014694,427,408,854
[RESULT] 23,64,6,0.195011854,0.195008039,427,408,854
[RESULT] 23,64,7,0.192014694,0.192010641,427,408,854
[RESULT] 23,64,8,0.192009926,0.192006350,427,408,854
[RESULT] 23,64,9,0.192054749,0.192050695,427,408,854
[RESULT] 48,64,0,0.192018747,0.192013025,463,444,926
[RESULT] 48,64,1,0.192013025,0.192008018,463,444,926
[RESULT] 48,64,2,0.192020178,0.192014694,463,444,926
[RESULT] 48,64,3,0.192007303,0.192002535,463,444,926
[RESULT] 48,64,4,0.192018270,0.192013502,463,444,926
[RESULT] 48,64,5,0.192007303,0.192002773,463,444,926
[RESULT] 48,64,6,0.192019463,0.192014456,463,444,926
[RESULT] 48,64,7,0.192016363,0.192011595,463,444,926
[RESULT] 48,64,8,0.192019463,0.192014694,463,444,926
[RESULT] 48,64,9,0.195060015,0.195054293,463,444,926
[RESULT] 54,64,0,0.131049395,0.131041765,458,439,916
[RESULT] 54,64,1,0.128020287,0.128010511,458,439,916
[RESULT] 54,64,2,0.128047466,0.128038883,458,439,916
[RESULT] 54,64,3,0.128038406,0.128029108,458,439,916
[RESULT] 54,64,4,0.128032684,0.128023148,458,439,916
[RESULT] 54,64,5,0.128042698,0.128034830,458,439,916
[RESULT] 54,64,6,0.128029823,0.128020287,458,439,916
[RESULT] 54,64,7,0.128033161,0.128023624,458,439,916
[RESULT] 54,64,8,0.132021189,0.132013083,458,439,916
[RESULT] 54,64,9,0.127101660,0.127092838,458,439,916
[RESULT] 35,64,0,0.192109346,0.192104578,432,413,864
[RESULT] 35,64,1,0.256012917,0.256008863,432,413,864
[RESULT] 35,64,2,0.256016254,0.256012440,432,413,864
[RESULT] 35,64,3,0.256015062,0.256011248,432,413,864
[RESULT] 35,64,4,0.256014824,0.256011009,432,413,864
[RESULT] 35,64,5,0.256015062,0.256011009,432,413,864
[RESULT] 35,64,6,0.255017042,0.255013227,432,413,864
[RESULT] 35,64,7,0.256016016,0.256012201,432,413,864
[RESULT] 35,64,8,0.256015301,0.256011724,432,413,864
[RESULT] 35,64,9,0.256058931,0.256054878,432,413,864
[RESULT] 28,64,0,0.064041138,0.064033508,457,438,914
[RESULT] 28,64,1,0.128013134,0.128007174,457,438,914
[RESULT] 28,64,2,0.128014326,0.128009319,457,438,914
[RESULT] 28,64,3,0.128020287,0.128015041,457,438,914
[RESULT] 28,64,4,0.128022671,0.128017426,457,438,914
[RESULT] 28,64,5,0.128018618,0.128012896,457,438,914
[RESULT] 28,64,6,0.128019810,0.128014326,457,438,914
[RESULT] 28,64,7,0.128018141,0.128012896,457,438,914
[RESULT] 28,64,8,0.128015518,0.128010988,457,438,914
[RESULT] 28,64,9,0.128007889,0.128001451,457,438,914
[RESULT] 38,64,0,0.195161819,0.195154428,467,448,934
[RESULT] 38,64,1,0.192045689,0.192036629,467,448,934
[RESULT] 38,64,2,0.193049192,0.193040133,467,448,934
[RESULT] 38,64,3,0.192045212,0.192036390,467,448,934
[RESULT] 38,64,4,0.192039013,0.192030430,467,448,934
[RESULT] 38,64,5,0.192038059,0.192029238,467,448,934
[RESULT] 38,64,6,0.192027807,0.192018032,467,448,934
[RESULT] 38,64,7,0.192048550,0.192036390,467,448,934
[RESULT] 38,64,8,0.192034960,0.192023993,467,448,934
[RESULT] 38,64,9,0.191121340,0.191112041,467,448,934
[RESULT] 63,64,0,0.064036131,0.064030886,448,429,896
[RESULT] 63,64,1,0.128014565,0.128010273,448,429,896
[RESULT] 63,64,2,0.128014088,0.128010035,448,429,896
[RESULT] 63,64,3,0.128018856,0.128015041,448,429,896
[RESULT] 63,64,4,0.128012657,0.128008604,448,429,896
[RESULT] 63,64,5,0.128014326,0.128010273,448,429,896
[RESULT] 63,64,6,0.128014088,0.128010035,448,429,896
[RESULT] 63,64,7,0.128014088,0.128010035,448,429,896
[RESULT] 63,64,8,0.128014088,0.128009796,448,429,896
[RESULT] 63,64,9,0.128085136,0.128080845,448,429,896
[RESULT] 4,64,0,0.129421234,0.129415751,471,451,942
[RESULT] 4,64,1,0.192017078,0.192011833,471,451,942
[RESULT] 4,64,2,0.192020178,0.192014694,471,451,942
[RESULT] 4,64,3,0.192016602,0.192011595,471,451,942
[RESULT] 4,64,4,0.192016602,0.192010880,471,451,942
[RESULT] 4,64,5,0.192014694,0.192009926,471,451,942
[RESULT] 4,64,6,0.196018696,0.196013451,471,451,942
[RESULT] 4,64,7,0.192015886,0.192010641,471,451,942
[RESULT] 4,64,8,0.192017555,0.192012787,471,451,942
[RESULT] 4,64,9,0.195056438,0.195051432,471,451,942
[RESULT] 46,64,0,0.131061554,0.131054163,459,440,918
[RESULT] 46,64,1,0.128031254,0.128023624,459,440,918
[RESULT] 46,64,2,0.128034830,0.128026485,459,440,918
[RESULT] 46,64,3,0.128030539,0.128023624,459,440,918
[RESULT] 46,64,4,0.128012896,0.128005266,459,440,918
[RESULT] 46,64,5,0.128031492,0.128024817,459,440,918
[RESULT] 46,64,6,0.128006458,0.127997875,459,440,918
[RESULT] 46,64,7,0.128032207,0.128024340,459,440,918
[RESULT] 46,64,8,0.128034115,0.128026724,459,440,918
[RESULT] 46,64,9,0.127104044,0.127094984,459,440,918
[RESULT] 43,64,0,0.192040682,0.192036867,436,417,872
[RESULT] 43,64,1,0.194986582,0.194982290,436,417,872
[RESULT] 43,64,2,0.194979191,0.194975138,436,417,872
[RESULT] 43,64,3,0.194983244,0.194979429,436,417,872
[RESULT] 43,64,4,0.194979906,0.194975615,436,417,872
[RESULT] 43,64,5,0.194979668,0.194975376,436,417,872
[RESULT] 43,64,6,0.255008459,0.255005121,436,417,872
[RESULT] 43,64,7,0.256010532,0.256007433,436,417,872
[RESULT] 43,64,8,0.256009340,0.256005287,436,417,872
[RESULT] 43,64,9,0.256076336,0.256072760,436,417,872
[RESULT] 36,64,0,0.128021955,0.128015518,463,444,926
[RESULT] 36,64,1,0.128121376,0.128113985,463,444,926
[RESULT] 36,64,2,0.128115416,0.128108025,463,444,926
[RESULT] 36,64,3,0.128118992,0.128112793,463,444,926
[RESULT] 36,64,4,0.128120899,0.128113747,463,444,926
[RESULT] 36,64,5,0.128104448,0.128096819,463,444,926
[RESULT] 36,64,6,0.192011595,0.192006111,463,444,926
[RESULT] 36,64,7,0.192015886,0.192009687,463,444,926
[RESULT] 36,64,8,0.128115416,0.128108501,463,444,926
[RESULT] 36,64,9,0.192044497,0.192038774,463,444,926
[RESULT] 58,64,0,0.127042532,0.127032995,472,453,944
[RESULT] 58,64,1,0.064054728,0.064043999,472,453,944
[RESULT] 58,64,2,0.064069033,0.064057589,472,453,944
[RESULT] 58,64,3,0.064065218,0.064056158,472,453,944
[RESULT] 58,64,4,0.064056396,0.064047337,472,453,944
[RESULT] 58,64,5,0.064035892,0.064025164,472,453,944
[RESULT] 58,64,6,0.128034115,0.128022909,472,453,944
[RESULT] 58,64,7,0.128042221,0.128032207,472,453,944
[RESULT] 58,64,8,0.064069033,0.064059019,472,453,944
[RESULT] 58,64,9,0.127126217,0.127113581,472,453,944
[RESULT] 59,64,0,0.128022909,0.128018141,457,438,914
[RESULT] 59,64,1,0.128034592,0.128030539,457,438,914
[RESULT] 59,64,2,0.128019094,0.128014803,457,438,914
[RESULT] 59,64,3,0.128032684,0.128028870,457,438,914
[RESULT] 59,64,4,0.128034353,0.128030062,457,438,914
[RESULT] 59,64,5,0.128035069,0.128031254,457,438,914
[RESULT] 59,64,6,0.191004276,0.191000462,457,438,914
[RESULT] 59,64,7,0.192001820,0.191997766,457,438,914
[RESULT] 59,64,8,0.128023863,0.128019333,457,438,914
[RESULT] 59,64,9,0.192012072,0.192008018,457,438,914
