Retrieving the matrix from '../data/Andrews.mtx'...
Real Matrix (Strong Scaling): Rows=60000 | Cols=60000 | NNZ=410077 | Procs=128
Matrix distributed and converted to CSR
Ghost columns identified: 2690 total ghost values needed
Local vector initialized (size=469 per process)
[RESULT] 109,128,0,0.002665758,0.002640724,3195,2707,6390
[RESULT] 109,128,1,0.002414227,0.002392292,3195,2707,6390
[RESULT] 109,128,2,0.002488613,0.002466917,3195,2707,6390
[RESULT] 109,128,3,0.002400398,0.002378464,3195,2707,6390
[RESULT] 109,128,4,0.002566338,0.002544403,3195,2707,6390
[RESULT] 109,128,5,0.002429247,0.002407551,3195,2707,6390
[RESULT] 109,128,6,0.002383232,0.002362013,3195,2707,6390
[RESULT] 109,128,7,0.002327442,0.002305984,3195,2707,6390
[RESULT] 109,128,8,0.002296925,0.002274990,3195,2707,6390
[RESULT] 109,128,9,0.002319813,0.002297878,3195,2707,6390
[RESULT] 115,128,0,0.002611399,0.002583981,3275,2776,6550
[RESULT] 115,128,1,0.002471447,0.002447128,3275,2776,6550
[RESULT] 115,128,2,0.002432823,0.002410173,3275,2776,6550
[RESULT] 115,128,3,0.002386808,0.002366543,3275,2776,6550
[RESULT] 115,128,4,0.002543211,0.002523422,3275,2776,6550
[RESULT] 115,128,5,0.002423525,0.002403498,3275,2776,6550
[RESULT] 115,128,6,0.002410173,0.002390146,3275,2776,6550
[RESULT] 115,128,7,0.002336502,0.002317190,3275,2776,6550
[RESULT] 115,128,8,0.002276421,0.002256632,3275,2776,6550
[RESULT] 115,128,9,0.002266645,0.002246141,3275,2776,6550
[RESULT] 108,128,0,0.002670050,0.002645016,3177,2672,6354
[RESULT] 108,128,1,0.002463818,0.002440453,3177,2672,6354
[RESULT] 108,128,2,0.002433538,0.002410889,3177,2672,6354
[RESULT] 108,128,3,0.002447844,0.002425432,3177,2672,6354
[RESULT] 108,128,4,0.002521992,0.002500057,3177,2672,6354
[RESULT] 108,128,5,0.002426624,0.002404690,3177,2672,6354
[RESULT] 108,128,6,0.002414465,0.002392292,3177,2672,6354
[RESULT] 108,128,7,0.002367496,0.002345800,3177,2672,6354
[RESULT] 108,128,8,0.002284050,0.002261639,3177,2672,6354
[RESULT] 108,128,9,0.002408028,0.002386093,3177,2672,6354
[RESULT] 113,128,0,0.002588272,0.002558947,3243,2737,6486
[RESULT] 113,128,1,0.002407074,0.002384424,3243,2737,6486
[RESULT] 113,128,2,0.002464056,0.002441645,3243,2737,6486
[RESULT] 113,128,3,0.002385378,0.002362967,3243,2737,6486
[RESULT] 113,128,4,0.002566099,0.002543688,3243,2737,6486
[RESULT] 113,128,5,0.002412319,0.002390385,3243,2737,6486
[RESULT] 113,128,6,0.002376795,0.002355337,3243,2737,6486
[RESULT] 113,128,7,0.002307653,0.002285719,3243,2737,6486
[RESULT] 113,128,8,0.002267122,0.002245665,3243,2737,6486
[RESULT] 113,128,9,0.002308369,0.002286673,3243,2737,6486
[RESULT] 119,128,0,0.002585411,0.002564669,3142,2653,6284
[RESULT] 119,128,1,0.002474546,0.002453804,3142,2653,6284
[RESULT] 119,128,2,0.002434254,0.002414465,3142,2653,6284
[RESULT] 119,128,3,0.002372503,0.002353191,3142,2653,6284
[RESULT] 119,128,4,0.002528906,0.002509594,3142,2653,6284
[RESULT] 119,128,5,0.002413273,0.002393961,3142,2653,6284
[RESULT] 119,128,6,0.002391577,0.002372503,3142,2653,6284
[RESULT] 119,128,7,0.002317905,0.002298355,3142,2653,6284
[RESULT] 119,128,8,0.002280474,0.002261400,3142,2653,6284
[RESULT] 119,128,9,0.002251387,0.002232552,3142,2653,6284
[RESULT] 106,128,0,0.002700090,0.002668142,3196,2696,6392
[RESULT] 106,128,1,0.002466202,0.002436638,3196,2696,6392
[RESULT] 106,128,2,0.002429247,0.002407789,3196,2696,6392
[RESULT] 106,128,3,0.002462387,0.002442122,3196,2696,6392
[RESULT] 106,128,4,0.002529383,0.002509832,3196,2696,6392
[RESULT] 106,128,5,0.002469540,0.002449989,3196,2696,6392
[RESULT] 106,128,6,0.002485752,0.002466202,3196,2696,6392
[RESULT] 106,128,7,0.002386570,0.002366781,3196,2696,6392
[RESULT] 106,128,8,0.002350092,0.002330303,3196,2696,6392
[RESULT] 106,128,9,0.002394199,0.002374172,3196,2696,6392
[RESULT] 112,128,0,0.002600193,0.002560377,3168,2668,6336
[RESULT] 112,128,1,0.002457857,0.002435207,3168,2668,6336
[RESULT] 112,128,2,0.002415657,0.002393484,3168,2668,6336
[RESULT] 112,128,3,0.002412081,0.002389908,3168,2668,6336
[RESULT] 112,128,4,0.002519369,0.002497673,3168,2668,6336
[RESULT] 112,128,5,0.002434015,0.002412558,3168,2668,6336
[RESULT] 112,128,6,0.002387524,0.002366066,3168,2668,6336
[RESULT] 112,128,7,0.002350330,0.002328873,3168,2668,6336
[RESULT] 112,128,8,0.002286911,0.002264500,3168,2668,6336
[RESULT] 112,128,9,0.002398968,0.002376795,3168,2668,6336
[RESULT] 117,128,0,0.002541780,0.002511263,3278,2775,6556
[RESULT] 117,128,1,0.002389669,0.002365589,3278,2775,6556
[RESULT] 117,128,2,0.002436876,0.002413511,3278,2775,6556
[RESULT] 117,128,3,0.002361536,0.002339125,3278,2775,6556
[RESULT] 117,128,4,0.002549887,0.002527714,3278,2775,6556
[RESULT] 117,128,5,0.002396345,0.002373457,3278,2775,6556
[RESULT] 117,128,6,0.002370596,0.002348661,3278,2775,6556
[RESULT] 117,128,7,0.002329826,0.002307892,3278,2775,6556
[RESULT] 117,128,8,0.002273083,0.002250195,3278,2775,6556
[RESULT] 117,128,9,0.002291918,0.002269745,3278,2775,6556
[RESULT] 7,128,0,0.002609015,0.002588511,3160,2661,6320
[RESULT] 7,128,1,0.002574921,0.002555132,3160,2661,6320
[RESULT] 7,128,2,0.003046989,0.003027439,3160,2661,6320
[RESULT] 7,128,3,0.002479315,0.002460241,3160,2661,6320
[RESULT] 7,128,4,0.002611399,0.002591372,3160,2661,6320
[RESULT] 7,128,5,0.002528191,0.002509117,3160,2661,6320
[RESULT] 7,128,6,0.002484798,0.002465010,3160,2661,6320
[RESULT] 7,128,7,0.002443314,0.002424240,3160,2661,6320
[RESULT] 7,128,8,0.002413511,0.002394199,3160,2661,6320
[RESULT] 7,128,9,0.002356529,0.002336979,3160,2661,6320
[RESULT] 110,128,0,0.002650976,0.002614975,3229,2731,6458
[RESULT] 110,128,1,0.002440214,0.002412081,3229,2731,6458
[RESULT] 110,128,2,0.002458811,0.002429962,3229,2731,6458
[RESULT] 110,128,3,0.002433538,0.002406597,3229,2731,6458
[RESULT] 110,128,4,0.002584219,0.002561092,3229,2731,6458
[RESULT] 110,128,5,0.002463102,0.002440453,3229,2731,6458
[RESULT] 110,128,6,0.002460718,0.002439022,3229,2731,6458
[RESULT] 110,128,7,0.002360582,0.002339125,3229,2731,6458
[RESULT] 110,128,8,0.002300739,0.002279520,3229,2731,6458
[RESULT] 110,128,9,0.002383947,0.002362013,3229,2731,6458
[RESULT] 116,128,0,0.002545834,0.002522469,3193,2700,6386
[RESULT] 116,128,1,0.002460241,0.002437353,3193,2700,6386
[RESULT] 116,128,2,0.002417564,0.002395391,3193,2700,6386
[RESULT] 116,128,3,0.002384901,0.002362728,3193,2700,6386
[RESULT] 116,128,4,0.002517223,0.002495527,3193,2700,6386
[RESULT] 116,128,5,0.002392530,0.002370834,3193,2700,6386
[RESULT] 116,128,6,0.002382994,0.002361298,3193,2700,6386
[RESULT] 116,128,7,0.002352953,0.002331018,3193,2700,6386
[RESULT] 116,128,8,0.002266169,0.002243757,3193,2700,6386
[RESULT] 116,128,9,0.002361298,0.002340078,3193,2700,6386
[RESULT] 105,128,0,0.002705574,0.002676725,3248,2747,6496
[RESULT] 105,128,1,0.002423048,0.002399683,3248,2747,6496
[RESULT] 105,128,2,0.002390146,0.002367496,3248,2747,6496
[RESULT] 105,128,3,0.002413988,0.002391815,3248,2747,6496
[RESULT] 105,128,4,0.002501011,0.002444983,3248,2747,6496
[RESULT] 105,128,5,0.002449989,0.002424955,3248,2747,6496
[RESULT] 105,128,6,0.002415657,0.002392769,3248,2747,6496
[RESULT] 105,128,7,0.002342701,0.002320051,3248,2747,6496
[RESULT] 105,128,8,0.002277613,0.002256393,3248,2747,6496
[RESULT] 105,128,9,0.002334595,0.002314091,3248,2747,6496
[RESULT] 107,128,0,0.002659321,0.002638102,3263,2765,6526
[RESULT] 107,128,1,0.002476931,0.002456903,3263,2765,6526
[RESULT] 107,128,2,0.002411604,0.002392292,3263,2765,6526
[RESULT] 107,128,3,0.002421618,0.002402306,3263,2765,6526
[RESULT] 107,128,4,0.002566099,0.002546787,3263,2765,6526
[RESULT] 107,128,5,0.002477169,0.002457857,3263,2765,6526
[RESULT] 107,128,6,0.002428770,0.002409697,3263,2765,6526
[RESULT] 107,128,7,0.002400875,0.002382040,3263,2765,6526
[RESULT] 107,128,8,0.002354383,0.002334833,3263,2765,6526
[RESULT] 107,128,9,0.002287626,0.002268314,3263,2765,6526
[RESULT] 114,128,0,0.002599478,0.002563477,3123,2625,6246
[RESULT] 114,128,1,0.002455711,0.002422333,3123,2625,6246
[RESULT] 114,128,2,0.002440929,0.002419472,3123,2625,6246
[RESULT] 114,128,3,0.002359152,0.002339363,3123,2625,6246
[RESULT] 114,128,4,0.002544641,0.002524376,3123,2625,6246
[RESULT] 114,128,5,0.002444267,0.002425432,3123,2625,6246
[RESULT] 114,128,6,0.002430439,0.002411366,3123,2625,6246
[RESULT] 114,128,7,0.002356052,0.002337217,3123,2625,6246
[RESULT] 114,128,8,0.002325296,0.002305984,3123,2625,6246
[RESULT] 114,128,9,0.002348661,0.002329111,3123,2625,6246
[RESULT] 120,128,0,0.002547264,0.002513647,3076,2580,6152
[RESULT] 120,128,1,0.002449512,0.002423048,3076,2580,6152
[RESULT] 120,128,2,0.002397060,0.002374887,3076,2580,6152
[RESULT] 120,128,3,0.002375364,0.002353191,3076,2580,6152
[RESULT] 120,128,4,0.002508640,0.002487183,3076,2580,6152
[RESULT] 120,128,5,0.002348661,0.002327681,3076,2580,6152
[RESULT] 120,128,6,0.002326012,0.002304792,3076,2580,6152
[RESULT] 120,128,7,0.002330542,0.002308607,3076,2580,6152
[RESULT] 120,128,8,0.002251863,0.002230406,3076,2580,6152
[RESULT] 120,128,9,0.002364874,0.002343416,3076,2580,6152
[RESULT] 1,128,0,0.002448559,0.002422333,3345,2847,6690
[RESULT] 1,128,1,0.002540827,0.002519369,3345,2847,6690
[RESULT] 1,128,2,0.002532482,0.002511501,3345,2847,6690
[RESULT] 1,128,3,0.002505779,0.002485275,3345,2847,6690
[RESULT] 1,128,4,0.002592564,0.002572298,3345,2847,6690
[RESULT] 1,128,5,0.002527475,0.002506495,3345,2847,6690
[RESULT] 1,128,6,0.002493858,0.002473593,3345,2847,6690
[RESULT] 1,128,7,0.002434492,0.002413988,3345,2847,6690
[RESULT] 1,128,8,0.002412319,0.002391815,3345,2847,6690
[RESULT] 1,128,9,0.002482891,0.002462864,3345,2847,6690
[RESULT] 111,128,0,0.002617359,0.002593517,3208,2714,6416
[RESULT] 111,128,1,0.002496719,0.002476215,3208,2714,6416
[RESULT] 111,128,2,0.002458334,0.002438545,3208,2714,6416
[RESULT] 111,128,3,0.002399206,0.002379656,3208,2714,6416
[RESULT] 111,128,4,0.002535820,0.002516270,3208,2714,6416
[RESULT] 111,128,5,0.002435207,0.002415657,3208,2714,6416
[RESULT] 111,128,6,0.002393007,0.002373457,3208,2714,6416
[RESULT] 111,128,7,0.002363682,0.002344131,3208,2714,6416
[RESULT] 111,128,8,0.002291203,0.002271652,3208,2714,6416
[RESULT] 111,128,9,0.002278566,0.002259016,3208,2714,6416
[RESULT] 118,128,0,0.002596378,0.002542496,3161,2665,6322
[RESULT] 118,128,1,0.002447128,0.002397060,3161,2665,6322
[RESULT] 118,128,2,0.002467394,0.002426624,3161,2665,6322
[RESULT] 118,128,3,0.002354145,0.002322435,3161,2665,6322
[RESULT] 118,128,4,0.002541542,0.002510786,3161,2665,6322
[RESULT] 118,128,5,0.002429247,0.002402306,3161,2665,6322
[RESULT] 118,128,6,0.002395868,0.002371788,3161,2665,6322
[RESULT] 118,128,7,0.002342939,0.002320766,3161,2665,6322
[RESULT] 118,128,8,0.002321005,0.002298355,3161,2665,6322
[RESULT] 118,128,9,0.002332211,0.002309561,3161,2665,6322
[RESULT] 0,128,0,0.002483368,0.002452135,3184,2690,6368
[RESULT] 0,128,1,0.002555132,0.002529383,3184,2690,6368
[RESULT] 0,128,2,0.002532482,0.002508402,3184,2690,6368
[RESULT] 0,128,3,0.002522945,0.002500772,3184,2690,6368
[RESULT] 0,128,4,0.002618313,0.002582788,3184,2690,6368
[RESULT] 0,128,5,0.002522707,0.002500772,3184,2690,6368
[RESULT] 0,128,6,0.002472162,0.002449274,3184,2690,6368
[RESULT] 0,128,7,0.002470970,0.002432823,3184,2690,6368
[RESULT] 0,128,8,0.002409220,0.002388477,3184,2690,6368
[RESULT] 0,128,9,0.002491474,0.002470016,3184,2690,6368

Benchmark Summary
Processes: 128
Iterations: 10
Matrix NNZ: 410077
Total execution time: 0.432 seconds
[RESULT] 125,128,0,0.002491236,0.002463818,3160,2671,6320
[RESULT] 125,128,1,0.002514362,0.002491236,3160,2671,6320
[RESULT] 125,128,2,0.002521038,0.002499342,3160,2671,6320
[RESULT] 125,128,3,0.002481699,0.002461433,3160,2671,6320
[RESULT] 125,128,4,0.002598047,0.002578020,3160,2671,6320
[RESULT] 125,128,5,0.002542496,0.002522707,3160,2671,6320
[RESULT] 125,128,6,0.002503395,0.002482891,3160,2671,6320
[RESULT] 125,128,7,0.002438307,0.002418518,3160,2671,6320
[RESULT] 125,128,8,0.002412558,0.002393007,3160,2671,6320
[RESULT] 125,128,9,0.002485275,0.002465487,3160,2671,6320
[RESULT] 3,128,0,0.002540112,0.002505064,3160,2661,6320
[RESULT] 3,128,1,0.002540112,0.002513170,3160,2661,6320
[RESULT] 3,128,2,0.002537966,0.002514839,3160,2661,6320
[RESULT] 3,128,3,0.002477407,0.002454281,3160,2661,6320
[RESULT] 3,128,4,0.002623796,0.002602339,3160,2661,6320
[RESULT] 3,128,5,0.002540350,0.002520323,3160,2661,6320
[RESULT] 3,128,6,0.002466917,0.002445698,3160,2661,6320
[RESULT] 3,128,7,0.002454519,0.002433777,3160,2661,6320
[RESULT] 3,128,8,0.002420425,0.002399921,3160,2661,6320
[RESULT] 3,128,9,0.002373695,0.002353668,3160,2661,6320
[RESULT] 2,128,0,0.002490997,0.002459764,3148,2648,6296
[RESULT] 2,128,1,0.002509117,0.002487421,3148,2648,6296
[RESULT] 2,128,2,0.002515316,0.002494574,3148,2648,6296
[RESULT] 2,128,3,0.002481461,0.002460003,3148,2648,6296
[RESULT] 2,128,4,0.002628803,0.002607822,3148,2648,6296
[RESULT] 2,128,5,0.002532005,0.002511024,3148,2648,6296
[RESULT] 2,128,6,0.002472639,0.002451897,3148,2648,6296
[RESULT] 2,128,7,0.002445459,0.002424717,3148,2648,6296
[RESULT] 2,128,8,0.002405643,0.002384901,3148,2648,6296
[RESULT] 2,128,9,0.002455950,0.002435207,3148,2648,6296
[RESULT] 4,128,0,0.002481937,0.002458572,3097,2601,6194
[RESULT] 4,128,1,0.002538204,0.002516270,3097,2601,6194
[RESULT] 4,128,2,0.002517223,0.002479076,3097,2601,6194
[RESULT] 4,128,3,0.002503395,0.002481699,3097,2601,6194
[RESULT] 4,128,4,0.002615213,0.002579212,3097,2601,6194
[RESULT] 4,128,5,0.002496958,0.002475977,3097,2601,6194
[RESULT] 4,128,6,0.002452850,0.002430916,3097,2601,6194
[RESULT] 4,128,7,0.002429724,0.002408266,3097,2601,6194
[RESULT] 4,128,8,0.002382278,0.002360106,3097,2601,6194
[RESULT] 4,128,9,0.002471447,0.002450228,3097,2601,6194
[RESULT] 5,128,0,0.002642870,0.002580404,3279,2779,6558
[RESULT] 5,128,1,0.002565861,0.002541065,3279,2779,6558
[RESULT] 5,128,2,0.003001928,0.002977133,3279,2779,6558
[RESULT] 5,128,3,0.002575159,0.002544165,3279,2779,6558
[RESULT] 5,128,4,0.002598763,0.002569914,3279,2779,6558
[RESULT] 5,128,5,0.002559423,0.002529383,3279,2779,6558
[RESULT] 5,128,6,0.002536058,0.002505541,3279,2779,6558
[RESULT] 5,128,7,0.002457619,0.002433062,3279,2779,6558
[RESULT] 5,128,8,0.002423048,0.002399683,3279,2779,6558
[RESULT] 5,128,9,0.002520561,0.002496719,3279,2779,6558
[RESULT] 103,128,0,0.002676249,0.002654552,3155,2653,6310
[RESULT] 103,128,1,0.002475023,0.002454758,3155,2653,6310
[RESULT] 103,128,2,0.002446175,0.002426386,3155,2653,6310
[RESULT] 103,128,3,0.002436876,0.002418041,3155,2653,6310
[RESULT] 103,128,4,0.002506495,0.002487421,3155,2653,6310
[RESULT] 103,128,5,0.002500534,0.002481461,3155,2653,6310
[RESULT] 103,128,6,0.002451658,0.002432108,3155,2653,6310
[RESULT] 103,128,7,0.002410412,0.002391100,3155,2653,6310
[RESULT] 103,128,8,0.002432108,0.002412796,3155,2653,6310
[RESULT] 103,128,9,0.002386332,0.002366781,3155,2653,6310
[RESULT] 6,128,0,0.002647638,0.002616167,3190,2685,6380
[RESULT] 6,128,1,0.002541304,0.002521038,3190,2685,6380
[RESULT] 6,128,2,0.003055334,0.003035545,3190,2685,6380
[RESULT] 6,128,3,0.002567768,0.002548218,3190,2685,6380
[RESULT] 6,128,4,0.002623796,0.002603769,3190,2685,6380
[RESULT] 6,128,5,0.002554178,0.002534389,3190,2685,6380
[RESULT] 6,128,6,0.002509356,0.002490044,3190,2685,6380
[RESULT] 6,128,7,0.002467394,0.002447605,3190,2685,6380
[RESULT] 6,128,8,0.002421379,0.002401829,3190,2685,6380
[RESULT] 6,128,9,0.002461433,0.002441883,3190,2685,6380
[RESULT] 104,128,0,0.002696514,0.002667427,3224,2730,6448
[RESULT] 104,128,1,0.002510071,0.002485275,3224,2730,6448
[RESULT] 104,128,2,0.002429962,0.002406359,3224,2730,6448
[RESULT] 104,128,3,0.002488136,0.002464533,3224,2730,6448
[RESULT] 104,128,4,0.002512217,0.002489090,3224,2730,6448
[RESULT] 104,128,5,0.002465725,0.002442837,3224,2730,6448
[RESULT] 104,128,6,0.002419710,0.002395630,3224,2730,6448
[RESULT] 104,128,7,0.002403975,0.002381086,3224,2730,6448
[RESULT] 104,128,8,0.002384663,0.002361298,3224,2730,6448
[RESULT] 104,128,9,0.002479553,0.002456188,3224,2730,6448
[RESULT] 97,128,0,0.002792358,0.002760410,3260,2765,6520
[RESULT] 97,128,1,0.002474785,0.002450943,3260,2765,6520
[RESULT] 97,128,2,0.002540112,0.002517462,3260,2765,6520
[RESULT] 97,128,3,0.002475739,0.002454758,3260,2765,6520
[RESULT] 97,128,4,0.002504826,0.002483130,3260,2765,6520
[RESULT] 97,128,5,0.002514362,0.002493620,3260,2765,6520
[RESULT] 97,128,6,0.002485275,0.002464294,3260,2765,6520
[RESULT] 97,128,7,0.002373457,0.002353191,3260,2765,6520
[RESULT] 97,128,8,0.002494812,0.002474546,3260,2765,6520
[RESULT] 97,128,9,0.002552032,0.002532005,3260,2765,6520
[RESULT] 123,128,0,0.002500772,0.002474308,3206,2709,6412
[RESULT] 123,128,1,0.002549171,0.002528906,3206,2709,6412
[RESULT] 123,128,2,0.002562761,0.002542019,3206,2709,6412
[RESULT] 123,128,3,0.002488852,0.002467394,3206,2709,6412
[RESULT] 123,128,4,0.002638817,0.002618313,3206,2709,6412
[RESULT] 123,128,5,0.002547503,0.002527475,3206,2709,6412
[RESULT] 123,128,6,0.002478600,0.002458811,3206,2709,6412
[RESULT] 123,128,7,0.002476454,0.002456665,3206,2709,6412
[RESULT] 123,128,8,0.002440214,0.002420664,3206,2709,6412
[RESULT] 123,128,9,0.002371788,0.002352476,3206,2709,6412
[RESULT] 102,128,0,0.002726555,0.002679586,3216,2727,6432
[RESULT] 102,128,1,0.002482414,0.002462149,3216,2727,6432
[RESULT] 102,128,2,0.002459049,0.002439499,3216,2727,6432
[RESULT] 102,128,3,0.002496243,0.002476454,3216,2727,6432
[RESULT] 102,128,4,0.002531290,0.002511740,3216,2727,6432
[RESULT] 102,128,5,0.002515554,0.002496243,3216,2727,6432
[RESULT] 102,128,6,0.002469301,0.002449989,3216,2727,6432
[RESULT] 102,128,7,0.002425432,0.002405882,3216,2727,6432
[RESULT] 102,128,8,0.002435923,0.002415419,3216,2727,6432
[RESULT] 102,128,9,0.002497673,0.002478123,3216,2727,6432
[RESULT] 124,128,0,0.002487421,0.002462387,3208,2709,6416
[RESULT] 124,128,1,0.002567053,0.002544165,3208,2709,6416
[RESULT] 124,128,2,0.002530098,0.002506733,3208,2709,6416
[RESULT] 124,128,3,0.002520323,0.002498388,3208,2709,6416
[RESULT] 124,128,4,0.002622604,0.002600670,3208,2709,6416
[RESULT] 124,128,5,0.002485275,0.002463341,3208,2709,6416
[RESULT] 124,128,6,0.002467632,0.002445936,3208,2709,6416
[RESULT] 124,128,7,0.002448797,0.002426624,3208,2709,6416
[RESULT] 124,128,8,0.002424717,0.002403021,3208,2709,6416
[RESULT] 124,128,9,0.002492666,0.002471209,3208,2709,6416
[RESULT] 101,128,0,0.002720118,0.002694368,3180,2689,6360
[RESULT] 101,128,1,0.002448797,0.002426386,3180,2689,6360
[RESULT] 101,128,2,0.002505064,0.002483130,3180,2689,6360
[RESULT] 101,128,3,0.002424955,0.002403498,3180,2689,6360
[RESULT] 101,128,4,0.002487421,0.002466202,3180,2689,6360
[RESULT] 101,128,5,0.002462387,0.002440691,3180,2689,6360
[RESULT] 101,128,6,0.002432108,0.002411127,3180,2689,6360
[RESULT] 101,128,7,0.002365828,0.002344608,3180,2689,6360
[RESULT] 101,128,8,0.002472401,0.002451420,3180,2689,6360
[RESULT] 101,128,9,0.002514839,0.002493620,3180,2689,6360
[RESULT] 127,128,0,0.002486944,0.002466202,3212,2721,6424
[RESULT] 127,128,1,0.002506971,0.002486706,3212,2721,6424
[RESULT] 127,128,2,0.002524853,0.002504826,3212,2721,6424
[RESULT] 127,128,3,0.002532721,0.002513170,3212,2721,6424
[RESULT] 127,128,4,0.002631664,0.002612114,3212,2721,6424
[RESULT] 127,128,5,0.002528667,0.002509117,3212,2721,6424
[RESULT] 127,128,6,0.002520800,0.002501488,3212,2721,6424
[RESULT] 127,128,7,0.002478361,0.002459288,3212,2721,6424
[RESULT] 127,128,8,0.002423525,0.002403736,3212,2721,6424
[RESULT] 127,128,9,0.002374649,0.002355099,3212,2721,6424
[RESULT] 122,128,0,0.002538204,0.002497435,3155,2664,6310
[RESULT] 122,128,1,0.002618790,0.002580166,3155,2664,6310
[RESULT] 122,128,2,0.002542019,0.002521753,3155,2664,6310
[RESULT] 122,128,3,0.002529383,0.002510071,3155,2664,6310
[RESULT] 122,128,4,0.002671719,0.002651930,3155,2664,6310
[RESULT] 122,128,5,0.002530813,0.002511024,3155,2664,6310
[RESULT] 122,128,6,0.002516747,0.002497196,3155,2664,6310
[RESULT] 122,128,7,0.002494335,0.002474546,3155,2664,6310
[RESULT] 122,128,8,0.002436876,0.002417326,3155,2664,6310
[RESULT] 122,128,9,0.002453804,0.002434015,3155,2664,6310
[RESULT] 100,128,0,0.002713203,0.002687931,3189,2697,6378
[RESULT] 100,128,1,0.002508879,0.002486944,3189,2697,6378
[RESULT] 100,128,2,0.002534151,0.002511263,3189,2697,6378
[RESULT] 100,128,3,0.002505779,0.002483845,3189,2697,6378
[RESULT] 100,128,4,0.002497673,0.002475977,3189,2697,6378
[RESULT] 100,128,5,0.002493143,0.002470970,3189,2697,6378
[RESULT] 100,128,6,0.002454519,0.002432585,3189,2697,6378
[RESULT] 100,128,7,0.002400637,0.002378941,3189,2697,6378
[RESULT] 121,128,0,0.002586603,0.002535105,3236,2749,6472
[RESULT] 121,128,1,0.002544403,0.002507687,3236,2749,6472
[RESULT] 121,128,2,0.002567768,0.002528191,3236,2749,6472
[RESULT] 121,128,3,0.002567053,0.002528667,3236,2749,6472
[RESULT] 121,128,4,0.002676010,0.002639055,3236,2749,6472
[RESULT] 121,128,5,0.002573967,0.002540112,3236,2749,6472
[RESULT] 121,128,6,0.002531528,0.002484560,3236,2749,6472
[RESULT] 121,128,7,0.002504587,0.002450466,3236,2749,6472
[RESULT] 121,128,8,0.002447605,0.002412796,3236,2749,6472
[RESULT] 121,128,9,0.002519846,0.002478361,3236,2749,6472
[RESULT] 99,128,0,0.002719402,0.002696991,3212,2715,6424
[RESULT] 99,128,1,0.002518177,0.002497196,3212,2715,6424
[RESULT] 99,128,2,0.002543688,0.002523661,3212,2715,6424
[RESULT] 99,128,3,0.002452850,0.002433062,3212,2715,6424
[RESULT] 99,128,4,0.002559662,0.002539873,3212,2715,6424
[RESULT] 99,128,5,0.002539158,0.002519846,3212,2715,6424
[RESULT] 99,128,6,0.002480507,0.002461433,3212,2715,6424
[RESULT] 99,128,7,0.002426863,0.002408028,3212,2715,6424
[RESULT] 99,128,8,0.002482891,0.002463818,3212,2715,6424
[RESULT] 99,128,9,0.002464771,0.002445459,3212,2715,6424
[RESULT] 126,128,0,0.002499104,0.002465010,3137,2630,6274
[RESULT] 126,128,1,0.002522469,0.002491236,3137,2630,6274
[RESULT] 126,128,2,0.002560139,0.002528429,3137,2630,6274
[RESULT] 126,128,3,0.002515554,0.002486467,3137,2630,6274
[RESULT] 126,128,4,0.002636909,0.002612829,3137,2630,6274
[RESULT] 126,128,5,0.002530575,0.002507687,3137,2630,6274
[RESULT] 126,128,6,0.002533913,0.002511978,3137,2630,6274
[RESULT] 126,128,7,0.002478600,0.002456665,3137,2630,6274
[RESULT] 126,128,8,0.002418995,0.002397299,3137,2630,6274
[RESULT] 126,128,9,0.002456903,0.002435446,3137,2630,6274
[RESULT] 100,128,8,0.002456188,0.002435446,3189,2697,6378
[RESULT] 100,128,9,0.002585173,0.002563953,3189,2697,6378
[RESULT] 85,128,0,0.002815008,0.002787113,3285,2787,6570
[RESULT] 85,128,1,0.002585411,0.002563238,3285,2787,6570
[RESULT] 85,128,2,0.002649546,0.002627611,3285,2787,6570
[RESULT] 91,128,0,0.002764463,0.002720118,3238,2749,6476
[RESULT] 91,128,1,0.002566099,0.002537251,3238,2749,6476
[RESULT] 91,128,2,0.002640486,0.002615213,3238,2749,6476
[RESULT] 91,128,3,0.002549648,0.002525091,3238,2749,6476
[RESULT] 91,128,4,0.002577782,0.002554178,3238,2749,6476
[RESULT] 91,128,5,0.002598524,0.002575636,3238,2749,6476
[RESULT] 91,128,6,0.002554655,0.002529144,3238,2749,6476
[RESULT] 91,128,7,0.002467155,0.002444506,3238,2749,6476
[RESULT] 91,128,8,0.002576113,0.002553225,3238,2749,6476
[RESULT] 91,128,9,0.002538443,0.002517462,3238,2749,6476
[RESULT] 98,128,0,0.002774954,0.002738476,3094,2589,6188
[RESULT] 98,128,1,0.002532005,0.002499104,3094,2589,6188
[RESULT] 98,128,2,0.002564669,0.002531052,3094,2589,6188
[RESULT] 98,128,3,0.002498150,0.002470493,3094,2589,6188
[RESULT] 40,128,0,0.002958775,0.002926350,3127,2630,6254
[RESULT] 40,128,1,0.002858639,0.002836227,3127,2630,6254
[RESULT] 40,128,2,0.002872467,0.002851009,3127,2630,6254
[RESULT] 40,128,3,0.002823830,0.002802372,3127,2630,6254
[RESULT] 40,128,4,0.002759218,0.002737045,3127,2630,6254
[RESULT] 40,128,5,0.002807379,0.002786875,3127,2630,6254
[RESULT] 40,128,6,0.002774477,0.002754211,3127,2630,6254
[RESULT] 40,128,7,0.002750874,0.002729177,3127,2630,6254
[RESULT] 93,128,0,0.002775431,0.002748966,3306,2806,6612
[RESULT] 93,128,1,0.002503633,0.002480984,3306,2806,6612
[RESULT] 93,128,2,0.002561331,0.002538443,3306,2806,6612
[RESULT] 93,128,3,0.002496958,0.002474785,3306,2806,6612
[RESULT] 93,128,4,0.002514601,0.002492428,3306,2806,6612
[RESULT] 93,128,5,0.002537727,0.002515316,3306,2806,6612
[RESULT] 93,128,6,0.002502203,0.002480507,3306,2806,6612
[RESULT] 93,128,7,0.002442598,0.002420902,3306,2806,6612
[RESULT] 93,128,8,0.002514601,0.002492428,3306,2806,6612
[RESULT] 93,128,9,0.002573252,0.002550364,3306,2806,6612
[RESULT] 95,128,0,0.002724886,0.002699614,3208,2712,6416
[RESULT] 95,128,1,0.002539873,0.002518654,3208,2712,6416
[RESULT] 95,128,2,0.002582788,0.002561569,3208,2712,6416
[RESULT] 95,128,3,0.002468348,0.002447844,3208,2712,6416
[RESULT] 95,128,4,0.002557993,0.002537727,3208,2712,6416
[RESULT] 95,128,5,0.002555370,0.002534866,3208,2712,6416
[RESULT] 95,128,6,0.002509356,0.002489567,3208,2712,6416
[RESULT] 95,128,7,0.002449274,0.002429247,3208,2712,6416
[RESULT] 95,128,8,0.002536774,0.002517223,3208,2712,6416
[RESULT] 95,128,9,0.002539158,0.002519608,3208,2712,6416
[RESULT] 38,128,0,0.002954483,0.002918482,3163,2661,6326
[RESULT] 38,128,1,0.002885580,0.002863646,3163,2661,6326
[RESULT] 38,128,2,0.002933979,0.002912045,3163,2661,6326
[RESULT] 96,128,0,0.002790451,0.002751827,3178,2692,6356
[RESULT] 96,128,1,0.002558470,0.002531052,3178,2692,6356
[RESULT] 96,128,2,0.002554417,0.002528429,3178,2692,6356
[RESULT] 96,128,3,0.002518654,0.002492905,3178,2692,6356
[RESULT] 96,128,4,0.002512693,0.002489805,3178,2692,6356
[RESULT] 96,128,5,0.002505302,0.002483130,3178,2692,6356
[RESULT] 96,128,6,0.002482414,0.002459764,3178,2692,6356
[RESULT] 96,128,7,0.002453804,0.002430439,3178,2692,6356
[RESULT] 85,128,3,0.002545357,0.002525091,3285,2787,6570
[RESULT] 85,128,4,0.002409458,0.002388477,3285,2787,6570
[RESULT] 85,128,5,0.002620935,0.002600670,3285,2787,6570
[RESULT] 85,128,6,0.002556801,0.002537012,3285,2787,6570
[RESULT] 85,128,7,0.002504110,0.002484322,3285,2787,6570
[RESULT] 85,128,8,0.002589226,0.002569675,3285,2787,6570
[RESULT] 85,128,9,0.002661705,0.002641916,3285,2787,6570
[RESULT] 39,128,0,0.002958059,0.002930641,3231,2726,6462
[RESULT] 39,128,1,0.002868891,0.002845287,3231,2726,6462
[RESULT] 39,128,2,0.002922773,0.002900839,3231,2726,6462
[RESULT] 39,128,3,0.002820253,0.002800703,3231,2726,6462
[RESULT] 39,128,4,0.002808094,0.002788544,3231,2726,6462
[RESULT] 39,128,5,0.002867460,0.002847672,3231,2726,6462
[RESULT] 39,128,6,0.002823114,0.002803087,3231,2726,6462
[RESULT] 78,128,0,0.002829790,0.002796888,3124,2620,6248
[RESULT] 78,128,1,0.002663136,0.002633810,3124,2620,6248
[RESULT] 78,128,2,0.002713442,0.002692699,3124,2620,6248
[RESULT] 78,128,3,0.002609015,0.002588987,3124,2620,6248
[RESULT] 78,128,4,0.002635717,0.002615452,3124,2620,6248
[RESULT] 40,128,8,0.002619982,0.002585173,3127,2630,6254
[RESULT] 40,128,9,0.002619505,0.002598763,3127,2630,6254
[RESULT] 89,128,0,0.002838612,0.002793789,3224,2730,6448
[RESULT] 89,128,1,0.002623320,0.002572536,3224,2730,6448
[RESULT] 89,128,2,0.002626657,0.002583742,3224,2730,6448
[RESULT] 89,128,3,0.002622128,0.002578497,3224,2730,6448
[RESULT] 89,128,4,0.002588272,0.002557516,3224,2730,6448
[RESULT] 83,128,0,0.002769947,0.002747774,3193,2689,6386
[RESULT] 83,128,1,0.002620220,0.002599001,3193,2689,6386
[RESULT] 83,128,2,0.002703190,0.002683163,3193,2689,6386
[RESULT] 83,128,3,0.002592564,0.002572060,3193,2689,6386
[RESULT] 83,128,4,0.002481461,0.002461672,3193,2689,6386
[RESULT] 83,128,5,0.002644539,0.002624989,3193,2689,6386
[RESULT] 83,128,6,0.002609015,0.002588987,3193,2689,6386
[RESULT] 83,128,7,0.002569199,0.002549648,3193,2689,6386
[RESULT] 83,128,8,0.002629995,0.002609730,3193,2689,6386
[RESULT] 83,128,9,0.002574205,0.002554417,3193,2689,6386
[RESULT] 82,128,0,0.002813578,0.002783060,3290,2796,6580
[RESULT] 82,128,1,0.002627373,0.002599955,3290,2796,6580
[RESULT] 82,128,2,0.002673149,0.002645731,3290,2796,6580
[RESULT] 82,128,3,0.002612352,0.002588272,3290,2796,6580
[RESULT] 82,128,4,0.002490997,0.002467871,3290,2796,6580
[RESULT] 82,128,5,0.002652168,0.002628803,3290,2796,6580
[RESULT] 82,128,6,0.002630234,0.002607822,3290,2796,6580
[RESULT] 82,128,7,0.002609253,0.002587557,3290,2796,6580
[RESULT] 82,128,8,0.002613783,0.002591133,3290,2796,6580
[RESULT] 82,128,9,0.002666712,0.002644539,3290,2796,6580
[RESULT] 88,128,0,0.002803564,0.002777815,3219,2719,6438
[RESULT] 88,128,1,0.002590656,0.002566814,3219,2719,6438
[RESULT] 88,128,2,0.002616405,0.002592325,3219,2719,6438
[RESULT] 88,128,3,0.002568483,0.002546072,3219,2719,6438
[RESULT] 88,128,4,0.002447367,0.002425671,3219,2719,6438
[RESULT] 88,128,5,0.002554655,0.002533197,3219,2719,6438
[RESULT] 88,128,6,0.002524376,0.002503157,3219,2719,6438
[RESULT] 88,128,7,0.002477169,0.002455711,3219,2719,6438
[RESULT] 37,128,0,0.002979755,0.002949953,3295,2794,6590
[RESULT] 37,128,1,0.002875090,0.002852678,3295,2794,6590
[RESULT] 37,128,2,0.002922773,0.002902269,3295,2794,6590
[RESULT] 37,128,3,0.002848625,0.002827168,3295,2794,6590
[RESULT] 37,128,4,0.002820730,0.002799749,3295,2794,6590
[RESULT] 37,128,5,0.002881527,0.002861500,3295,2794,6590
[RESULT] 37,128,6,0.002835274,0.002815008,3295,2794,6590
[RESULT] 87,128,0,0.002748966,0.002718925,3286,2788,6572
[RESULT] 87,128,1,0.002590656,0.002564192,3286,2788,6572
[RESULT] 87,128,2,0.002652407,0.002628326,3286,2788,6572
[RESULT] 87,128,3,0.002557516,0.002535105,3286,2788,6572
[RESULT] 87,128,4,0.002467155,0.002445221,3286,2788,6572
[RESULT] 87,128,5,0.002603531,0.002582550,3286,2788,6572
[RESULT] 87,128,6,0.002564907,0.002543688,3286,2788,6572
[RESULT] 87,128,7,0.002500772,0.002479792,3286,2788,6572
[RESULT] 87,128,8,0.002600670,0.002580404,3286,2788,6572
[RESULT] 87,128,9,0.002563000,0.002542019,3286,2788,6572
[RESULT] 86,128,0,0.002828360,0.002789974,3129,2631,6258
[RESULT] 86,128,1,0.002589226,0.002568960,3129,2631,6258
[RESULT] 86,128,2,0.002638817,0.002619505,3129,2631,6258
[RESULT] 86,128,3,0.002574444,0.002554893,3129,2631,6258
[RESULT] 86,128,4,0.002469778,0.002449512,3129,2631,6258
[RESULT] 86,128,5,0.002623081,0.002603769,3129,2631,6258
[RESULT] 86,128,6,0.002569914,0.002550125,3129,2631,6258
[RESULT] 86,128,7,0.002582312,0.002563238,3129,2631,6258
[RESULT] 86,128,8,0.002587080,0.002567530,3129,2631,6258
[RESULT] 86,128,9,0.002652168,0.002632856,3129,2631,6258
[RESULT] 92,128,0,0.002775908,0.002748013,3267,2765,6534
[RESULT] 92,128,1,0.002568722,0.002543926,3267,2765,6534
[RESULT] 92,128,2,0.002596378,0.002573013,3267,2765,6534
[RESULT] 92,128,3,0.002547503,0.002523661,3267,2765,6534
[RESULT] 92,128,4,0.002522707,0.002499104,3267,2765,6534
[RESULT] 92,128,5,0.002531052,0.002507448,3267,2765,6534
[RESULT] 92,128,6,0.002505302,0.002482653,3267,2765,6534
[RESULT] 92,128,7,0.002461433,0.002438307,3267,2765,6534
[RESULT] 92,128,8,0.002499819,0.002476454,3267,2765,6534
[RESULT] 92,128,9,0.002626896,0.002603292,3267,2765,6534
[RESULT] 89,128,5,0.002655745,0.002599239,3224,2730,6448
[RESULT] 89,128,6,0.002622604,0.002598763,3224,2730,6448
[RESULT] 89,128,7,0.002541065,0.002491713,3224,2730,6448
[RESULT] 89,128,8,0.002611399,0.002563715,3224,2730,6448
[RESULT] 89,128,9,0.002712011,0.002688408,3224,2730,6448
[RESULT] 35,128,0,0.002986670,0.002961636,3165,2663,6330
[RESULT] 35,128,1,0.002876520,0.002856255,3165,2663,6330
[RESULT] 35,128,2,0.002951145,0.002930880,3165,2663,6330
[RESULT] 35,128,3,0.002842903,0.002823114,3165,2663,6330
[RESULT] 35,128,4,0.002825022,0.002805948,3165,2663,6330
[RESULT] 35,128,5,0.002885580,0.002866030,3165,2663,6330
[RESULT] 35,128,6,0.002832174,0.002812147,3165,2663,6330
[RESULT] 35,128,7,0.002812147,0.002792835,3165,2663,6330
[RESULT] 35,128,8,0.002727032,0.002707720,3165,2663,6330
[RESULT] 35,128,9,0.002616882,0.002597570,3165,2663,6330
[RESULT] 90,128,0,0.002790928,0.002757072,3152,2662,6304
[RESULT] 90,128,1,0.002585888,0.002556324,3152,2662,6304
[RESULT] 90,128,2,0.002619982,0.002598524,3152,2662,6304
[RESULT] 90,128,3,0.002563953,0.002543449,3152,2662,6304
[RESULT] 90,128,4,0.002572060,0.002551794,3152,2662,6304
[RESULT] 90,128,5,0.002590656,0.002570391,3152,2662,6304
[RESULT] 90,128,6,0.002556086,0.002536774,3152,2662,6304
[RESULT] 90,128,7,0.002482176,0.002463102,3152,2662,6304
[RESULT] 90,128,8,0.002557278,0.002537727,3152,2662,6304
[RESULT] 90,128,9,0.002603292,0.002583981,3152,2662,6304
[RESULT] 96,128,8,0.002491713,0.002470732,3178,2692,6356
[RESULT] 96,128,9,0.002623558,0.002601624,3178,2692,6356
[RESULT] 37,128,7,0.002784491,0.002763987,3295,2794,6590
[RESULT] 37,128,8,0.002665997,0.002645969,3295,2794,6590
[RESULT] 37,128,9,0.002728701,0.002708912,3295,2794,6590
[RESULT] 39,128,7,0.002790213,0.002770662,3231,2726,6462
[RESULT] 39,128,8,0.002678394,0.002659798,3231,2726,6462
[RESULT] 39,128,9,0.002592802,0.002573729,3231,2726,6462
[RESULT] 94,128,0,0.002761602,0.002724171,3271,2777,6542
[RESULT] 94,128,1,0.002546549,0.002515078,3271,2777,6542
[RESULT] 94,128,2,0.002589703,0.002557755,3271,2777,6542
[RESULT] 94,128,3,0.002519608,0.002490759,3271,2777,6542
[RESULT] 94,128,4,0.002563953,0.002540827,3271,2777,6542
[RESULT] 94,128,5,0.002568960,0.002546310,3271,2777,6542
[RESULT] 94,128,6,0.002538204,0.002516270,3271,2777,6542
[RESULT] 94,128,7,0.002467871,0.002446175,3271,2777,6542
[RESULT] 94,128,8,0.002497196,0.002475023,3271,2777,6542
[RESULT] 94,128,9,0.002595186,0.002572775,3271,2777,6542
[RESULT] 88,128,8,0.002560377,0.002539158,3219,2719,6438
[RESULT] 88,128,9,0.002646685,0.002624989,3219,2719,6438
[RESULT] 33,128,0,0.002886057,0.002859592,3133,2634,6266
[RESULT] 33,128,1,0.002885580,0.002863646,3133,2634,6266
[RESULT] 71,128,0,0.002830029,0.002804995,3303,2794,6606
[RESULT] 71,128,1,0.002753019,0.002730608,3303,2794,6606
[RESULT] 71,128,2,0.002803802,0.002782583,3303,2794,6606
[RESULT] 71,128,3,0.002680540,0.002660513,3303,2794,6606
[RESULT] 71,128,4,0.002684355,0.002663374,3303,2794,6606
[RESULT] 71,128,5,0.002724171,0.002703667,3303,2794,6606
[RESULT] 71,128,6,0.002728701,0.002707720,3303,2794,6606
[RESULT] 71,128,7,0.002670288,0.002650261,3303,2794,6606
[RESULT] 71,128,8,0.002733231,0.002713442,3303,2794,6606
[RESULT] 71,128,9,0.002645969,0.002626181,3303,2794,6606
[RESULT] 98,128,4,0.002541780,0.002518892,3094,2589,6188
[RESULT] 98,128,5,0.002574444,0.002552748,3094,2589,6188
[RESULT] 98,128,6,0.002483845,0.002462626,3094,2589,6188
[RESULT] 98,128,7,0.002460718,0.002439260,3094,2589,6188
[RESULT] 98,128,8,0.002485991,0.002464056,3094,2589,6188
[RESULT] 98,128,9,0.002549171,0.002528191,3094,2589,6188
[RESULT] 84,128,0,0.002804279,0.002772331,3203,2705,6406
[RESULT] 84,128,1,0.002623558,0.002599955,3203,2705,6406
[RESULT] 33,128,2,0.002935171,0.002913237,3133,2634,6266
[RESULT] 33,128,3,0.002870798,0.002849102,3133,2634,6266
[RESULT] 33,128,4,0.002829790,0.002808809,3133,2634,6266
[RESULT] 33,128,5,0.002901316,0.002879858,3133,2634,6266
[RESULT] 33,128,6,0.002848148,0.002827644,3133,2634,6266
[RESULT] 33,128,7,0.002804518,0.002783775,3133,2634,6266
[RESULT] 33,128,8,0.002731323,0.002710819,3133,2634,6266
[RESULT] 33,128,9,0.002770901,0.002749443,3133,2634,6266
[RESULT] 75,128,0,0.002835035,0.002803326,3308,2808,6616
[RESULT] 75,128,1,0.002745867,0.002721310,3308,2808,6616
[RESULT] 75,128,2,0.002724171,0.002701283,3308,2808,6616
[RESULT] 75,128,3,0.002663136,0.002640963,3308,2808,6616
[RESULT] 75,128,4,0.002655983,0.002633810,3308,2808,6616
[RESULT] 75,128,5,0.002663612,0.002642870,3308,2808,6616
[RESULT] 75,128,6,0.002703667,0.002682447,3308,2808,6616
[RESULT] 75,128,7,0.002615690,0.002594948,3308,2808,6616
[RESULT] 75,128,8,0.002711773,0.002690554,3308,2808,6616
[RESULT] 75,128,9,0.002627134,0.002605438,3308,2808,6616
[RESULT] 38,128,3,0.002814054,0.002793074,3163,2661,6326
[RESULT] 38,128,4,0.002815485,0.002794981,3163,2661,6326
[RESULT] 38,128,5,0.002880573,0.002859354,3163,2661,6326
[RESULT] 38,128,6,0.002830744,0.002810717,3163,2661,6326
[RESULT] 38,128,7,0.002799988,0.002779722,3163,2661,6326
[RESULT] 38,128,8,0.002676725,0.002656937,3163,2661,6326
[RESULT] 38,128,9,0.002668381,0.002648115,3163,2661,6326
[RESULT] 36,128,0,0.002969265,0.002939939,3093,2585,6186
[RESULT] 36,128,1,0.002870560,0.002846718,3093,2585,6186
[RESULT] 36,128,2,0.002918005,0.002894640,3093,2585,6186
[RESULT] 36,128,3,0.002840757,0.002817869,3093,2585,6186
[RESULT] 36,128,4,0.002779722,0.002756596,3093,2585,6186
[RESULT] 36,128,5,0.002824545,0.002801657,3093,2585,6186
[RESULT] 36,128,6,0.002792597,0.002769947,3093,2585,6186
[RESULT] 41,128,0,0.002959967,0.002932549,3235,2728,6470
[RESULT] 41,128,1,0.002739668,0.002719164,3235,2728,6470
[RESULT] 41,128,2,0.002823591,0.002804041,3235,2728,6470
[RESULT] 41,128,3,0.002743721,0.002724171,3235,2728,6470
[RESULT] 41,128,4,0.002716780,0.002697468,3235,2728,6470
[RESULT] 41,128,5,0.002780914,0.002761364,3235,2728,6470
[RESULT] 41,128,6,0.002721786,0.002702236,3235,2728,6470
[RESULT] 41,128,7,0.002669811,0.002650738,3235,2728,6470
[RESULT] 41,128,8,0.002752066,0.002732754,3235,2728,6470
[RESULT] 41,128,9,0.002776146,0.002756834,3235,2728,6470
[RESULT] 79,128,0,0.002792120,0.002768040,3202,2701,6404
[RESULT] 79,128,1,0.002649784,0.002627611,3202,2701,6404
[RESULT] 79,128,2,0.002687216,0.002665758,3202,2701,6404
[RESULT] 79,128,3,0.002616644,0.002596378,3202,2701,6404
[RESULT] 79,128,4,0.002618790,0.002598524,3202,2701,6404
[RESULT] 79,128,5,0.002657175,0.002637386,3202,2701,6404
[RESULT] 79,128,6,0.002609253,0.002589226,3202,2701,6404
[RESULT] 79,128,7,0.002566099,0.002546072,3202,2701,6404
[RESULT] 79,128,8,0.002659082,0.002639294,3202,2701,6404
[RESULT] 79,128,9,0.002601624,0.002581596,3202,2701,6404
[RESULT] 74,128,0,0.002858162,0.002824545,3144,2645,6288
[RESULT] 74,128,1,0.002722263,0.002695799,3144,2645,6288
[RESULT] 74,128,2,0.002767563,0.002741098,3144,2645,6288
[RESULT] 74,128,3,0.002638817,0.002615690,3144,2645,6288
[RESULT] 74,128,4,0.002685308,0.002662420,3144,2645,6288
[RESULT] 74,128,5,0.002721071,0.002698183,3144,2645,6288
[RESULT] 74,128,6,0.002686262,0.002665043,3144,2645,6288
[RESULT] 74,128,7,0.002631903,0.002611399,3144,2645,6288
[RESULT] 74,128,8,0.002692223,0.002670527,3144,2645,6288
[RESULT] 80,128,0,0.002816677,0.002792835,3250,2753,6500
[RESULT] 80,128,1,0.002649784,0.002627611,3250,2753,6500
[RESULT] 80,128,2,0.002686262,0.002663374,3250,2753,6500
[RESULT] 80,128,3,0.002630949,0.002609491,3250,2753,6500
[RESULT] 80,128,4,0.002616644,0.002575397,3250,2753,6500
[RESULT] 80,128,5,0.002627850,0.002606153,3250,2753,6500
[RESULT] 80,128,6,0.002596378,0.002574682,3250,2753,6500
[RESULT] 80,128,7,0.002556324,0.002534628,3250,2753,6500
[RESULT] 80,128,8,0.002618551,0.002587318,3250,2753,6500
[RESULT] 29,128,0,0.002892256,0.002865314,3464,2961,6928
[RESULT] 29,128,1,0.002902269,0.002879858,3464,2961,6928
[RESULT] 29,128,2,0.002942562,0.002921343,3464,2961,6928
[RESULT] 29,128,3,0.002883196,0.002862692,3464,2961,6928
[RESULT] 29,128,4,0.002842426,0.002821684,3464,2961,6928
[RESULT] 29,128,5,0.002908707,0.002888203,3464,2961,6928
[RESULT] 29,128,6,0.002852201,0.002831221,3464,2961,6928
[RESULT] 29,128,7,0.002818823,0.002797604,3464,2961,6928
[RESULT] 29,128,8,0.002736568,0.002715826,3464,2961,6928
[RESULT] 29,128,9,0.002792597,0.002771854,3464,2961,6928
[RESULT] 27,128,0,0.002880573,0.002852917,3233,2739,6466
[RESULT] 27,128,1,0.002912283,0.002889395,3233,2739,6466
[RESULT] 27,128,2,0.002980947,0.002959013,3233,2739,6466
[RESULT] 27,128,3,0.002876043,0.002854824,3233,2739,6466
[RESULT] 27,128,4,0.002846241,0.002825737,3233,2739,6466
[RESULT] 27,128,5,0.002899170,0.002879143,3233,2739,6466
[RESULT] 27,128,6,0.002856731,0.002837181,3233,2739,6466
[RESULT] 27,128,7,0.002830744,0.002810955,3233,2739,6466
[RESULT] 27,128,8,0.002744198,0.002724409,3233,2739,6466
[RESULT] 27,128,9,0.002650499,0.002631187,3233,2739,6466
[RESULT] 78,128,5,0.002677679,0.002657413,3124,2620,6248
[RESULT] 78,128,6,0.002665997,0.002646685,3124,2620,6248
[RESULT] 78,128,7,0.002601385,0.002581835,3124,2620,6248
[RESULT] 78,128,8,0.002656221,0.002635956,3124,2620,6248
[RESULT] 78,128,9,0.002674341,0.002655029,3124,2620,6248
[RESULT] 84,128,2,0.002655268,0.002632856,3203,2705,6406
[RESULT] 84,128,3,0.002592087,0.002569437,3203,2705,6406
[RESULT] 84,128,4,0.002466202,0.002444029,3203,2705,6406
[RESULT] 84,128,5,0.002603054,0.002573252,3203,2705,6406
[RESULT] 84,128,6,0.002546549,0.002524853,3203,2705,6406
[RESULT] 84,128,7,0.002530336,0.002507925,3203,2705,6406
[RESULT] 84,128,8,0.002579927,0.002558231,3203,2705,6406
[RESULT] 84,128,9,0.002676964,0.002655745,3203,2705,6406
[RESULT] 21,128,0,0.002920389,0.002893209,3239,2737,6478
[RESULT] 21,128,1,0.002924681,0.002901793,3239,2737,6478
[RESULT] 21,128,2,0.002973557,0.002952576,3239,2737,6478
[RESULT] 21,128,3,0.002903461,0.002883196,3239,2737,6478
[RESULT] 31,128,0,0.002859592,0.002836466,3271,2767,6542
[RESULT] 31,128,1,0.002885818,0.002864361,3271,2767,6542
[RESULT] 31,128,2,0.002964258,0.002943516,3271,2767,6542
[RESULT] 31,128,3,0.002844572,0.002824545,3271,2767,6542
[RESULT] 31,128,4,0.002827406,0.002807379,3271,2767,6542
[RESULT] 31,128,5,0.002888441,0.002868652,3271,2767,6542
[RESULT] 31,128,6,0.002847433,0.002827883,3271,2767,6542
[RESULT] 31,128,7,0.002814054,0.002794743,3271,2767,6542
[RESULT] 31,128,8,0.002742052,0.002722979,3271,2767,6542
[RESULT] 31,128,9,0.002656937,0.002637386,3271,2767,6542
[RESULT] 66,128,0,0.002859116,0.002825975,3245,2750,6490
[RESULT] 66,128,1,0.002754211,0.002724648,3245,2750,6490
[RESULT] 66,128,2,0.002800941,0.002780199,3245,2750,6490
[RESULT] 66,128,3,0.002699375,0.002679586,3245,2750,6490
[RESULT] 66,128,4,0.002701759,0.002681732,3245,2750,6490
[RESULT] 66,128,5,0.002743244,0.002723932,3245,2750,6490
[RESULT] 66,128,6,0.002713919,0.002694607,3245,2750,6490
[RESULT] 66,128,7,0.002667189,0.002647877,3245,2750,6490
[RESULT] 66,128,8,0.002723932,0.002704620,3245,2750,6490
[RESULT] 66,128,9,0.002745152,0.002725840,3245,2750,6490
[RESULT] 28,128,0,0.002855778,0.002827406,3146,2647,6292
[RESULT] 28,128,1,0.002895832,0.002872229,3146,2647,6292
[RESULT] 28,128,2,0.002950430,0.002926826,3146,2647,6292
[RESULT] 28,128,3,0.002869368,0.002846003,3146,2647,6292
[RESULT] 49,128,0,0.002948999,0.002923250,3199,2700,6398
[RESULT] 49,128,1,0.002813101,0.002790689,3199,2700,6398
[RESULT] 49,128,2,0.002865314,0.002842903,3199,2700,6398
[RESULT] 49,128,3,0.002781630,0.002759695,3199,2700,6398
[RESULT] 49,128,4,0.002768755,0.002747536,3199,2700,6398
[RESULT] 49,128,5,0.002819061,0.002797365,3199,2700,6398
[RESULT] 49,128,6,0.002785444,0.002764463,3199,2700,6398
[RESULT] 49,128,7,0.002713442,0.002691746,3199,2700,6398
[RESULT] 55,128,0,0.002907276,0.002881765,3297,2813,6594
[RESULT] 55,128,1,0.002793312,0.002771854,3297,2813,6594
[RESULT] 55,128,2,0.002857447,0.002836466,3297,2813,6594
[RESULT] 55,128,3,0.002740145,0.002719879,3297,2813,6594
[RESULT] 55,128,4,0.002726555,0.002707243,3297,2813,6594
[RESULT] 55,128,5,0.002789736,0.002764940,3297,2813,6594
[RESULT] 55,128,6,0.002764225,0.002744436,3297,2813,6594
[RESULT] 55,128,7,0.002714634,0.002694845,3297,2813,6594
[RESULT] 55,128,8,0.002777815,0.002758265,3297,2813,6594
[RESULT] 55,128,9,0.002706289,0.002686739,3297,2813,6594
[RESULT] 70,128,0,0.002848625,0.002815962,3186,2683,6372
[RESULT] 70,128,1,0.002736568,0.002711296,3186,2683,6372
[RESULT] 70,128,2,0.002800226,0.002774954,3186,2683,6372
[RESULT] 70,128,3,0.002678156,0.002655983,3186,2683,6372
[RESULT] 70,128,4,0.002703428,0.002681255,3186,2683,6372
[RESULT] 70,128,5,0.002749920,0.002727270,3186,2683,6372
[RESULT] 70,128,6,0.002695799,0.002674341,3186,2683,6372
[RESULT] 70,128,7,0.002647877,0.002626181,3186,2683,6372
[RESULT] 70,128,8,0.002716064,0.002693892,3186,2683,6372
[RESULT] 70,128,9,0.002736568,0.002715588,3186,2683,6372
[RESULT] 32,128,0,0.002853155,0.002820492,3204,2711,6408
[RESULT] 32,128,1,0.002886295,0.002862215,3204,2711,6408
[RESULT] 32,128,2,0.002942562,0.002919912,3204,2711,6408
[RESULT] 32,128,3,0.002860546,0.002837896,3204,2711,6408
[RESULT] 32,128,4,0.002787352,0.002764702,3204,2711,6408
[RESULT] 32,128,5,0.002841711,0.002820015,3204,2711,6408
[RESULT] 32,128,6,0.002802134,0.002780437,3204,2711,6408
[RESULT] 32,128,7,0.002787590,0.002765179,3204,2711,6408
[RESULT] 32,128,8,0.002676249,0.002654791,3204,2711,6408
[RESULT] 32,128,9,0.002744436,0.002707243,3204,2711,6408
[RESULT] 21,128,4,0.002868891,0.002849102,3239,2737,6478
[RESULT] 21,128,5,0.002937078,0.002917767,3239,2737,6478
[RESULT] 21,128,6,0.002874613,0.002855301,3239,2737,6478
[RESULT] 21,128,7,0.002836943,0.002817631,3239,2737,6478
[RESULT] 21,128,8,0.002772331,0.002753258,3239,2737,6478
[RESULT] 21,128,9,0.002820969,0.002802134,3239,2737,6478
[RESULT] 59,128,0,0.002871275,0.002849102,3175,2674,6350
[RESULT] 59,128,1,0.002765894,0.002745867,3175,2674,6350
[RESULT] 59,128,2,0.002839088,0.002818823,3175,2674,6350
[RESULT] 59,128,3,0.002720594,0.002701044,3175,2674,6350
[RESULT] 59,128,4,0.002719879,0.002699614,3175,2674,6350
[RESULT] 59,128,5,0.002772808,0.002753019,3175,2674,6350
[RESULT] 59,128,6,0.002746582,0.002722502,3175,2674,6350
[RESULT] 59,128,7,0.002704382,0.002684593,3175,2674,6350
[RESULT] 59,128,8,0.002758980,0.002738953,3175,2674,6350
[RESULT] 59,128,9,0.002686739,0.002666950,3175,2674,6350
[RESULT] 74,128,9,0.002714157,0.002692223,3144,2645,6288
[RESULT] 36,128,7,0.002766132,0.002743483,3093,2585,6186
[RESULT] 36,128,8,0.002634525,0.002598763,3093,2585,6186
[RESULT] 36,128,9,0.002694130,0.002671242,3093,2585,6186
[RESULT] 25,128,0,0.002910137,0.002885580,3181,2684,6362
[RESULT] 25,128,1,0.002922535,0.002900124,3181,2684,6362
[RESULT] 25,128,2,0.002973318,0.002950907,3181,2684,6362
[RESULT] 25,128,3,0.002906561,0.002885103,3181,2684,6362
[RESULT] 25,128,4,0.002868652,0.002847195,3181,2684,6362
[RESULT] 25,128,5,0.002930880,0.002909422,3181,2684,6362
[RESULT] 63,128,0,0.002866507,0.002844810,3294,2799,6588
[RESULT] 63,128,1,0.002757072,0.002735853,3294,2799,6588
[RESULT] 63,128,2,0.002822638,0.002802372,3294,2799,6588
[RESULT] 63,128,3,0.002714634,0.002694607,3294,2799,6588
[RESULT] 63,128,4,0.002715111,0.002695560,3294,2799,6588
[RESULT] 63,128,5,0.002786636,0.002760172,3294,2799,6588
[RESULT] 63,128,6,0.002737761,0.002712488,3294,2799,6588
[RESULT] 63,128,7,0.002687693,0.002668142,3294,2799,6588
[RESULT] 63,128,8,0.002751350,0.002732038,3294,2799,6588
[RESULT] 63,128,9,0.002702475,0.002682924,3294,2799,6588
[RESULT] 26,128,0,0.002889395,0.002859592,3128,2627,6256
[RESULT] 26,128,1,0.002934456,0.002908945,3128,2627,6256
[RESULT] 26,128,2,0.002990961,0.002963781,3128,2627,6256
[RESULT] 26,128,3,0.002871990,0.002848148,3128,2627,6256
[RESULT] 26,128,4,0.002858639,0.002835512,3128,2627,6256
[RESULT] 26,128,5,0.002921343,0.002898216,3128,2627,6256
[RESULT] 76,128,0,0.002841234,0.002808332,3077,2583,6154
[RESULT] 76,128,1,0.002736092,0.002714157,3077,2583,6154
[RESULT] 76,128,2,0.002701283,0.002679825,3077,2583,6154
[RESULT] 76,128,3,0.002682209,0.002660990,3077,2583,6154
[RESULT] 76,128,4,0.002635956,0.002613783,3077,2583,6154
[RESULT] 76,128,5,0.002648592,0.002627134,3077,2583,6154
[RESULT] 76,128,6,0.002684593,0.002663851,3077,2583,6154
[RESULT] 76,128,7,0.002589226,0.002560377,3077,2583,6154
[RESULT] 76,128,8,0.002658129,0.002637625,3077,2583,6154
[RESULT] 76,128,9,0.002734184,0.002697468,3077,2583,6154
[RESULT] 49,128,8,0.002811432,0.002789974,3199,2700,6398
[RESULT] 49,128,9,0.002823830,0.002802610,3199,2700,6398
[RESULT] 67,128,0,0.002845049,0.002823830,3286,2791,6572
[RESULT] 67,128,1,0.002753258,0.002733231,3286,2791,6572
[RESULT] 67,128,2,0.002814293,0.002794266,3286,2791,6572
[RESULT] 67,128,3,0.002706289,0.002686739,3286,2791,6572
[RESULT] 67,128,4,0.002694130,0.002674580,3286,2791,6572
[RESULT] 67,128,5,0.002757311,0.002737522,3286,2791,6572
[RESULT] 67,128,6,0.002733231,0.002713203,3286,2791,6572
[RESULT] 67,128,7,0.002676725,0.002657175,3286,2791,6572
[RESULT] 67,128,8,0.002744913,0.002725363,3286,2791,6572
[RESULT] 67,128,9,0.002670288,0.002650738,3286,2791,6572
[RESULT] 34,128,0,0.002995968,0.002959013,3141,2646,6282
[RESULT] 34,128,1,0.002909422,0.002882481,3141,2646,6282
[RESULT] 34,128,2,0.002974272,0.002948284,3141,2646,6282
[RESULT] 34,128,3,0.002842665,0.002818584,3141,2646,6282
[RESULT] 34,128,4,0.002838135,0.002814770,3141,2646,6282
[RESULT] 34,128,5,0.002906322,0.002883434,3141,2646,6282
[RESULT] 34,128,6,0.002857208,0.002834797,3141,2646,6282
[RESULT] 34,128,7,0.002826691,0.002803802,3141,2646,6282
[RESULT] 34,128,8,0.002753019,0.002724171,3141,2646,6282
[RESULT] 34,128,9,0.002722025,0.002698660,3141,2646,6282
[RESULT] 80,128,9,0.002708197,0.002686977,3250,2753,6500
[RESULT] 81,128,0,0.002840757,0.002811193,3302,2797,6604
[RESULT] 81,128,1,0.002627850,0.002603531,3302,2797,6604
[RESULT] 81,128,2,0.002674103,0.002652884,3302,2797,6604
[RESULT] 81,128,3,0.002605438,0.002585173,3302,2797,6604
[RESULT] 81,128,4,0.002584696,0.002564907,3302,2797,6604
[RESULT] 81,128,5,0.002640247,0.002620697,3302,2797,6604
[RESULT] 81,128,6,0.002611160,0.002591610,3302,2797,6604
[RESULT] 81,128,7,0.002525091,0.002505302,3302,2797,6604
[RESULT] 81,128,8,0.002609253,0.002589703,3302,2797,6604
[RESULT] 81,128,9,0.002832174,0.002812624,3302,2797,6604
[RESULT] 11,128,0,0.002961159,0.002938509,3195,2697,6390
[RESULT] 11,128,1,0.002971649,0.002950668,3195,2697,6390
[RESULT] 11,128,2,0.003026962,0.003006458,3195,2697,6390
[RESULT] 11,128,3,0.002922297,0.002902508,3195,2697,6390
[RESULT] 11,128,4,0.002904654,0.002884626,3195,2697,6390
[RESULT] 11,128,5,0.002957106,0.002937555,3195,2697,6390
[RESULT] 11,128,6,0.002912760,0.002892971,3195,2697,6390
[RESULT] 11,128,7,0.002886057,0.002866983,3195,2697,6390
[RESULT] 11,128,8,0.002821207,0.002801418,3195,2697,6390
[RESULT] 11,128,9,0.002784967,0.002762079,3195,2697,6390
[RESULT] 58,128,0,0.002892494,0.002859831,3159,2657,6318
[RESULT] 58,128,1,0.002773523,0.002744913,3159,2657,6318
[RESULT] 58,128,2,0.002830982,0.002810240,3159,2657,6318
[RESULT] 58,128,3,0.002701998,0.002681971,3159,2657,6318
[RESULT] 58,128,4,0.002737522,0.002718210,3159,2657,6318
[RESULT] 58,128,5,0.002781868,0.002762556,3159,2657,6318
[RESULT] 58,128,6,0.002738237,0.002718925,3159,2657,6318
[RESULT] 58,128,7,0.002685308,0.002666235,3159,2657,6318
[RESULT] 58,128,8,0.002741098,0.002721786,3159,2657,6318
[RESULT] 58,128,9,0.002756357,0.002736568,3159,2657,6318
[RESULT] 28,128,4,0.002790451,0.002766371,3146,2647,6292
[RESULT] 28,128,5,0.002849817,0.002827644,3146,2647,6292
[RESULT] 28,128,6,0.002802849,0.002779961,3146,2647,6292
[RESULT] 28,128,7,0.002792120,0.002769947,3146,2647,6292
[RESULT] 28,128,8,0.002680063,0.002657652,3146,2647,6292
[RESULT] 28,128,9,0.002758503,0.002714157,3146,2647,6292
[RESULT] 9,128,0,0.002982855,0.002957582,3184,2694,6368
[RESULT] 9,128,1,0.002970934,0.002949715,3184,2694,6368
[RESULT] 9,128,2,0.003020763,0.003000021,3184,2694,6368
[RESULT] 15,128,0,0.002935886,0.002912045,3307,2806,6614
[RESULT] 15,128,1,0.002950430,0.002921820,3307,2806,6614
[RESULT] 15,128,2,0.003015280,0.002994299,3307,2806,6614
[RESULT] 15,128,3,0.002905846,0.002885580,3307,2806,6614
[RESULT] 15,128,4,0.002881765,0.002862215,3307,2806,6614
[RESULT] 15,128,5,0.002944708,0.002924681,3307,2806,6614
[RESULT] 15,128,6,0.002901077,0.002880335,3307,2806,6614
[RESULT] 15,128,7,0.002874613,0.002854824,3307,2806,6614
[RESULT] 15,128,8,0.002807379,0.002787113,3307,2806,6614
[RESULT] 15,128,9,0.002764225,0.002743959,3307,2806,6614
[RESULT] 26,128,6,0.002871513,0.002849579,3128,2627,6256
[RESULT] 26,128,7,0.002843857,0.002822161,3128,2627,6256
[RESULT] 26,128,8,0.002753973,0.002732038,3128,2627,6256
[RESULT] 26,128,9,0.002784014,0.002761602,3128,2627,6256
[RESULT] 72,128,0,0.002845049,0.002821445,3212,2717,6424
[RESULT] 72,128,1,0.002761364,0.002739429,3212,2717,6424
[RESULT] 72,128,2,0.002793789,0.002771616,3212,2717,6424
[RESULT] 72,128,3,0.002703428,0.002681971,3212,2717,6424
[RESULT] 72,128,4,0.002650023,0.002629042,3212,2717,6424
[RESULT] 72,128,5,0.002704620,0.002683640,3212,2717,6424
[RESULT] 72,128,6,0.002679825,0.002659082,3212,2717,6424
[RESULT] 72,128,7,0.002642155,0.002621174,3212,2717,6424
[RESULT] 72,128,8,0.002701044,0.002680063,3212,2717,6424
[RESULT] 13,128,0,0.002967596,0.002942085,3299,2801,6598
[RESULT] 13,128,1,0.002961159,0.002939463,3299,2801,6598
[RESULT] 13,128,2,0.003001928,0.002981424,3299,2801,6598
[RESULT] 13,128,3,0.002931118,0.002911329,3299,2801,6598
[RESULT] 13,128,4,0.002899408,0.002879858,3299,2801,6598
[RESULT] 13,128,5,0.002962589,0.002942801,3299,2801,6598
[RESULT] 13,128,6,0.002905846,0.002886295,3299,2801,6598
[RESULT] 13,128,7,0.002870798,0.002850771,3299,2801,6598
[RESULT] 13,128,8,0.002803326,0.002783537,3299,2801,6598
[RESULT] 13,128,9,0.002847910,0.002827883,3299,2801,6598
[RESULT] 19,128,0,0.002903461,0.002882004,3295,2789,6590
[RESULT] 19,128,1,0.002935886,0.002915621,3295,2789,6590
[RESULT] 19,128,2,0.003002167,0.002982378,3295,2789,6590
[RESULT] 19,128,3,0.002900362,0.002880096,3295,2789,6590
[RESULT] 19,128,4,0.002876043,0.002856255,3295,2789,6590
[RESULT] 19,128,5,0.002930641,0.002910376,3295,2789,6590
[RESULT] 19,128,6,0.002888680,0.002869129,3295,2789,6590
[RESULT] 19,128,7,0.002862692,0.002842903,3295,2789,6590
[RESULT] 19,128,8,0.002811909,0.002784014,3295,2789,6590
[RESULT] 19,128,9,0.002753973,0.002734423,3295,2789,6590
[RESULT] 30,128,0,0.002876759,0.002839088,3246,2751,6492
[RESULT] 30,128,1,0.002909422,0.002887249,3246,2751,6492
[RESULT] 30,128,2,0.002961874,0.002940178,3246,2751,6492
[RESULT] 30,128,3,0.002847433,0.002826691,3246,2751,6492
[RESULT] 30,128,4,0.002840281,0.002818584,3246,2751,6492
[RESULT] 30,128,5,0.002894640,0.002873659,3246,2751,6492
[RESULT] 30,128,6,0.002857685,0.002836466,3246,2751,6492
[RESULT] 30,128,7,0.002818108,0.002796888,3246,2751,6492
[RESULT] 30,128,8,0.002722502,0.002701521,3246,2751,6492
[RESULT] 30,128,9,0.002772331,0.002751827,3246,2751,6492
[RESULT] 24,128,0,0.002883911,0.002839327,3165,2673,6330
[RESULT] 24,128,1,0.002912045,0.002887726,3165,2673,6330
[RESULT] 24,128,2,0.002971172,0.002948523,3165,2673,6330
[RESULT] 24,128,3,0.002884388,0.002861261,3165,2673,6330
[RESULT] 24,128,4,0.002808094,0.002786398,3165,2673,6330
[RESULT] 24,128,5,0.002865791,0.002844334,3165,2673,6330
[RESULT] 24,128,6,0.002821207,0.002799749,3165,2673,6330
[RESULT] 17,128,0,0.002949715,0.002920628,3275,2769,6550
[RESULT] 17,128,1,0.002945900,0.002923965,3275,2769,6550
[RESULT] 17,128,2,0.002989531,0.002968311,3275,2769,6550
[RESULT] 17,128,3,0.002920151,0.002898455,3275,2769,6550
[RESULT] 17,128,4,0.002884626,0.002863646,3275,2769,6550
[RESULT] 17,128,5,0.002952099,0.002931118,3275,2769,6550
[RESULT] 17,128,6,0.002897263,0.002876997,3275,2769,6550
[RESULT] 17,128,7,0.002857685,0.002837181,3275,2769,6550
[RESULT] 17,128,8,0.002795696,0.002775669,3275,2769,6550
[RESULT] 17,128,9,0.002846003,0.002825737,3275,2769,6550
[RESULT] 23,128,0,0.002887487,0.002866983,3218,2718,6436
[RESULT] 23,128,1,0.002915859,0.002895117,3218,2718,6436
[RESULT] 23,128,2,0.002989292,0.002969742,3218,2718,6436
[RESULT] 23,128,3,0.002876997,0.002857685,3218,2718,6436
[RESULT] 23,128,4,0.002860546,0.002840996,3218,2718,6436
[RESULT] 23,128,5,0.002918005,0.002898932,3218,2718,6436
[RESULT] 23,128,6,0.002873421,0.002854109,3218,2718,6436
[RESULT] 23,128,7,0.002848625,0.002829075,3218,2718,6436
[RESULT] 23,128,8,0.002768040,0.002748728,3218,2718,6436
[RESULT] 23,128,9,0.002748251,0.002729416,3218,2718,6436
[RESULT] 42,128,0,0.002940655,0.002909184,3231,2733,6462
[RESULT] 42,128,1,0.002822399,0.002794027,3231,2733,6462
[RESULT] 42,128,2,0.002897501,0.002876043,3231,2733,6462
[RESULT] 42,128,3,0.002752542,0.002732754,3231,2733,6462
[RESULT] 42,128,4,0.002752066,0.002732277,3231,2733,6462
[RESULT] 42,128,5,0.002832890,0.002813816,3231,2733,6462
[RESULT] 42,128,6,0.002757549,0.002737761,3231,2733,6462
[RESULT] 42,128,7,0.002733946,0.002713680,3231,2733,6462
[RESULT] 60,128,0,0.002915621,0.002876520,3084,2583,6168
[RESULT] 60,128,1,0.002830267,0.002788782,3084,2583,6168
[RESULT] 60,128,2,0.002820969,0.002799511,3084,2583,6168
[RESULT] 60,128,3,0.002751589,0.002730608,3084,2583,6168
[RESULT] 60,128,4,0.002712488,0.002691746,3084,2583,6168
[RESULT] 60,128,5,0.002748728,0.002727747,3084,2583,6168
[RESULT] 60,128,6,0.002745152,0.002724648,3084,2583,6168
[RESULT] 25,128,6,0.002880812,0.002859831,3181,2684,6362
[RESULT] 25,128,7,0.002842426,0.002821207,3181,2684,6362
[RESULT] 25,128,8,0.002779245,0.002757311,3181,2684,6362
[RESULT] 25,128,9,0.002800703,0.002779245,3181,2684,6362
[RESULT] 43,128,0,0.002938747,0.002912283,3187,2683,6374
[RESULT] 43,128,1,0.002798796,0.002777576,3187,2683,6374
[RESULT] 43,128,2,0.002902031,0.002873421,3187,2683,6374
[RESULT] 43,128,3,0.002764940,0.002744198,3187,2683,6374
[RESULT] 43,128,4,0.002781630,0.002753735,3187,2683,6374
[RESULT] 43,128,5,0.002816439,0.002795696,3187,2683,6374
[RESULT] 43,128,6,0.002754927,0.002730131,3187,2683,6374
[RESULT] 43,128,7,0.002733231,0.002713442,3187,2683,6374
[RESULT] 43,128,8,0.002800703,0.002777338,3187,2683,6374
[RESULT] 43,128,9,0.002723694,0.002703190,3187,2683,6374
[RESULT] 50,128,0,0.002950430,0.002906561,3186,2681,6372
[RESULT] 50,128,1,0.002804518,0.002780676,3186,2681,6372
[RESULT] 50,128,2,0.002865314,0.002843142,3186,2681,6372
[RESULT] 50,128,3,0.002730608,0.002707720,3186,2681,6372
[RESULT] 50,128,4,0.002761602,0.002739429,3186,2681,6372
[RESULT] 50,128,5,0.002807379,0.002785444,3186,2681,6372
[RESULT] 50,128,6,0.002771378,0.002749443,3186,2681,6372
[RESULT] 50,128,7,0.002709627,0.002688646,3186,2681,6372
[RESULT] 50,128,8,0.002779007,0.002758026,3186,2681,6372
[RESULT] 50,128,9,0.002802849,0.002780914,3186,2681,6372
[RESULT] 64,128,0,0.002893448,0.002845287,3115,2619,6230
[RESULT] 64,128,1,0.002804995,0.002781868,3115,2619,6230
[RESULT] 64,128,2,0.002816439,0.002792597,3115,2619,6230
[RESULT] 64,128,3,0.002739191,0.002716303,3115,2619,6230
[RESULT] 64,128,4,0.002676964,0.002654791,3115,2619,6230
[RESULT] 64,128,5,0.002738237,0.002716541,3115,2619,6230
[RESULT] 64,128,6,0.002733231,0.002711058,3115,2619,6230
[RESULT] 64,128,7,0.002690315,0.002668381,3115,2619,6230
[RESULT] 64,128,8,0.002725840,0.002703667,3115,2619,6230
[RESULT] 64,128,9,0.002827883,0.002804756,3115,2619,6230
[RESULT] 45,128,0,0.002959251,0.002934217,3281,2785,6562
[RESULT] 45,128,1,0.002791405,0.002768517,3281,2785,6562
[RESULT] 45,128,2,0.002881050,0.002858162,3281,2785,6562
[RESULT] 45,128,3,0.002764463,0.002742529,3281,2785,6562
[RESULT] 45,128,4,0.002747536,0.002725601,3281,2785,6562
[RESULT] 45,128,5,0.002815008,0.002792835,3281,2785,6562
[RESULT] 45,128,6,0.002758026,0.002736330,3281,2785,6562
[RESULT] 45,128,7,0.002712250,0.002690315,3281,2785,6562
[RESULT] 45,128,8,0.002764940,0.002742529,3281,2785,6562
[RESULT] 45,128,9,0.002862692,0.002840042,3281,2785,6562
[RESULT] 47,128,0,0.002930164,0.002907515,3225,2726,6450
[RESULT] 47,128,1,0.002818346,0.002796888,3225,2726,6450
[RESULT] 47,128,2,0.002879858,0.002858400,3225,2726,6450
[RESULT] 47,128,3,0.002775908,0.002747536,3225,2726,6450
[RESULT] 47,128,4,0.002781630,0.002748251,3225,2726,6450
[RESULT] 47,128,5,0.002811193,0.002789974,3225,2726,6450
[RESULT] 47,128,6,0.002788067,0.002766371,3225,2726,6450
[RESULT] 47,128,7,0.002762079,0.002732754,3225,2726,6450
[RESULT] 47,128,8,0.002825022,0.002803802,3225,2726,6450
[RESULT] 47,128,9,0.002434015,0.002411842,3225,2726,6450
[RESULT] 54,128,0,0.002911568,0.002882719,3161,2661,6322
[RESULT] 54,128,1,0.002789021,0.002763510,3161,2661,6322
[RESULT] 54,128,2,0.002859116,0.002831459,3161,2661,6322
[RESULT] 54,128,3,0.002721548,0.002696753,3161,2661,6322
[RESULT] 54,128,4,0.002756596,0.002731800,3161,2661,6322
[RESULT] 54,128,5,0.002800465,0.002777100,3161,2661,6322
[RESULT] 54,128,6,0.002757788,0.002736092,3161,2661,6322
[RESULT] 54,128,7,0.002701283,0.002678871,3161,2661,6322
[RESULT] 54,128,8,0.002768755,0.002746582,3161,2661,6322
[RESULT] 54,128,9,0.002792120,0.002769947,3161,2661,6322
[RESULT] 68,128,0,0.002859831,0.002835035,3193,2688,6386
[RESULT] 68,128,1,0.002802372,0.002779245,3193,2688,6386
[RESULT] 68,128,2,0.002794981,0.002772093,3193,2688,6386
[RESULT] 68,128,3,0.002730846,0.002708435,3193,2688,6386
[RESULT] 68,128,4,0.002661228,0.002639771,3193,2688,6386
[RESULT] 68,128,5,0.002715588,0.002693892,3193,2688,6386
[RESULT] 68,128,6,0.002710342,0.002688885,3193,2688,6386
[RESULT] 68,128,7,0.002657413,0.002635956,3193,2688,6386
[RESULT] 68,128,8,0.002724171,0.002702951,3193,2688,6386
[RESULT] 68,128,9,0.002821684,0.002800465,3193,2688,6386
[RESULT] 53,128,0,0.002936840,0.002910852,3308,2806,6616
[RESULT] 53,128,1,0.002801895,0.002778769,3308,2806,6616
[RESULT] 53,128,2,0.002845287,0.002822876,3308,2806,6616
[RESULT] 53,128,3,0.002762318,0.002738476,3308,2806,6616
[RESULT] 53,128,4,0.002784252,0.002762318,3308,2806,6616
[RESULT] 53,128,5,0.002796412,0.002774477,3308,2806,6616
[RESULT] 53,128,6,0.002781153,0.002758503,3308,2806,6616
[RESULT] 53,128,7,0.002708197,0.002686262,3308,2806,6616
[RESULT] 53,128,8,0.002784252,0.002762318,3308,2806,6616
[RESULT] 53,128,9,0.002848148,0.002825975,3308,2806,6616
[RESULT] 51,128,0,0.002926111,0.002898693,3116,2625,6232
[RESULT] 51,128,1,0.002810717,0.002789021,3116,2625,6232
[RESULT] 51,128,2,0.002874374,0.002853632,3116,2625,6232
[RESULT] 51,128,3,0.002762556,0.002741575,3116,2625,6232
[RESULT] 51,128,4,0.002743483,0.002723932,3116,2625,6232
[RESULT] 51,128,5,0.002809048,0.002780914,3116,2625,6232
[RESULT] 51,128,6,0.002780199,0.002760410,3116,2625,6232
[RESULT] 51,128,7,0.002735138,0.002715826,3116,2625,6232
[RESULT] 51,128,8,0.002808809,0.002789259,3116,2625,6232
[RESULT] 51,128,9,0.002723694,0.002704382,3116,2625,6232
[RESULT] 62,128,0,0.002853870,0.002824068,3178,2684,6356
[RESULT] 62,128,1,0.002749205,0.002720833,3178,2684,6356
[RESULT] 62,128,2,0.002826929,0.002801895,3178,2684,6356
[RESULT] 62,128,3,0.002686024,0.002661228,3178,2684,6356
[RESULT] 62,128,4,0.002715588,0.002691984,3178,2684,6356
[RESULT] 62,128,5,0.002770424,0.002747774,3178,2684,6356
[RESULT] 62,128,6,0.002727032,0.002704620,3178,2684,6356
[RESULT] 62,128,7,0.002671957,0.002650023,3178,2684,6356
[RESULT] 62,128,8,0.002746105,0.002724171,3178,2684,6356
[RESULT] 62,128,9,0.002785683,0.002763510,3178,2684,6356
[RESULT] 72,128,9,0.002796888,0.002775669,3212,2717,6424
[RESULT] 57,128,0,0.002918959,0.002889395,3288,2797,6576
[RESULT] 57,128,1,0.002785444,0.002763271,3288,2797,6576
[RESULT] 57,128,2,0.002831697,0.002810955,3288,2797,6576
[RESULT] 57,128,3,0.002762556,0.002741337,3288,2797,6576
[RESULT] 57,128,4,0.002749920,0.002729177,3288,2797,6576
[RESULT] 57,128,5,0.002791166,0.002770901,3288,2797,6576
[RESULT] 57,128,6,0.002760410,0.002738953,3288,2797,6576
[RESULT] 57,128,7,0.002698660,0.002678633,3288,2797,6576
[RESULT] 57,128,8,0.002758980,0.002738714,3288,2797,6576
[RESULT] 57,128,9,0.002850056,0.002830267,3288,2797,6576
[RESULT] 14,128,0,0.002952337,0.002928019,3102,2606,6204
[RESULT] 14,128,1,0.002961397,0.002939463,3102,2606,6204
[RESULT] 14,128,2,0.003019810,0.003000259,3102,2606,6204
[RESULT] 14,128,3,0.002523422,0.002504110,3102,2606,6204
[RESULT] 14,128,4,0.002891541,0.002872229,3102,2606,6204
[RESULT] 14,128,5,0.002964497,0.002945185,3102,2606,6204
[RESULT] 12,128,0,0.002943039,0.002912283,3050,2553,6100
[RESULT] 12,128,1,0.002946377,0.002922297,3050,2553,6100
[RESULT] 12,128,2,0.003005266,0.002982855,3050,2553,6100
[RESULT] 12,128,3,0.002920866,0.002898455,3050,2553,6100
[RESULT] 12,128,4,0.002848387,0.002825975,3050,2553,6100
[RESULT] 12,128,5,0.002909899,0.002888441,3050,2553,6100
[RESULT] 12,128,6,0.002866745,0.002844810,3050,2553,6100
[RESULT] 12,128,7,0.002836943,0.002815247,3050,2553,6100
[RESULT] 9,128,3,0.002943277,0.002923489,3184,2694,6368
[RESULT] 9,128,4,0.002918959,0.002898932,3184,2694,6368
[RESULT] 9,128,5,0.002978563,0.002959251,3184,2694,6368
[RESULT] 9,128,6,0.002922297,0.002903223,3184,2694,6368
[RESULT] 9,128,7,0.002882004,0.002863169,3184,2694,6368
[RESULT] 9,128,8,0.002825737,0.002806425,3184,2694,6368
[RESULT] 9,128,9,0.002868652,0.002849340,3184,2694,6368
[RESULT] 22,128,0,0.002918005,0.002882004,3155,2656,6310
[RESULT] 22,128,1,0.002931595,0.002908945,3155,2656,6310
[RESULT] 22,128,2,0.002998829,0.002977133,3155,2656,6310
[RESULT] 22,128,3,0.002870560,0.002850294,3155,2656,6310
[RESULT] 22,128,4,0.002864838,0.002844810,3155,2656,6310
[RESULT] 22,128,5,0.002938747,0.002918243,3155,2656,6310
[RESULT] 22,128,6,0.002885580,0.002865553,3155,2656,6310
[RESULT] 22,128,7,0.002856255,0.002836227,3155,2656,6310
[RESULT] 22,128,8,0.002766609,0.002746820,3155,2656,6310
[RESULT] 22,128,9,0.002841234,0.002820969,3155,2656,6310
[RESULT] 16,128,0,0.002919674,0.002889633,3205,2705,6410
[RESULT] 16,128,1,0.002944946,0.002921581,3205,2705,6410
[RESULT] 16,128,2,0.002991915,0.002969503,3205,2705,6410
[RESULT] 16,128,3,0.002910852,0.002889156,3205,2705,6410
[RESULT] 16,128,4,0.002838850,0.002816200,3205,2705,6410
[RESULT] 16,128,5,0.002902031,0.002880335,3205,2705,6410
[RESULT] 16,128,6,0.002850771,0.002828598,3205,2705,6410
[RESULT] 16,128,7,0.002835035,0.002812624,3205,2705,6410
[RESULT] 16,128,8,0.002753496,0.002732038,3205,2705,6410
[RESULT] 16,128,9,0.002850294,0.002828598,3205,2705,6410
[RESULT] 61,128,0,0.002893925,0.002867699,3397,2903,6794
[RESULT] 61,128,1,0.002761126,0.002739668,3397,2903,6794
[RESULT] 61,128,2,0.002822638,0.002801895,3397,2903,6794
[RESULT] 61,128,3,0.002723932,0.002703428,3397,2903,6794
[RESULT] 61,128,4,0.002735376,0.002712727,3397,2903,6794
[RESULT] 61,128,5,0.002767563,0.002747059,3397,2903,6794
[RESULT] 61,128,6,0.002737045,0.002716303,3397,2903,6794
[RESULT] 61,128,7,0.002683401,0.002662659,3397,2903,6794
[RESULT] 61,128,8,0.002747059,0.002726555,3397,2903,6794
[RESULT] 61,128,9,0.002890587,0.002870083,3397,2903,6794
[RESULT] 42,128,8,0.002791643,0.002771139,3231,2733,6462
[RESULT] 42,128,9,0.002813339,0.002793074,3231,2733,6462
[RESULT] 20,128,0,0.002897978,0.002850294,3146,2651,6292
[RESULT] 20,128,1,0.002930164,0.002905607,3146,2651,6292
[RESULT] 20,128,2,0.002974033,0.002949715,3146,2651,6292
[RESULT] 20,128,3,0.002890110,0.002867699,3146,2651,6292
[RESULT] 20,128,4,0.002824545,0.002802372,3146,2651,6292
[RESULT] 20,128,5,0.002884626,0.002862692,3146,2651,6292
[RESULT] 20,128,6,0.002836704,0.002814293,3146,2651,6292
[RESULT] 20,128,7,0.002818584,0.002796650,3146,2651,6292
[RESULT] 20,128,8,0.002728701,0.002706051,3146,2651,6292
[RESULT] 20,128,9,0.002834558,0.002812624,3146,2651,6292
[RESULT] 65,128,0,0.002892733,0.002862215,3216,2719,6432
[RESULT] 65,128,1,0.002775431,0.002753973,3216,2719,6432
[RESULT] 65,128,2,0.002817869,0.002797842,3216,2719,6432
[RESULT] 65,128,3,0.002718449,0.002698898,3216,2719,6432
[RESULT] 65,128,4,0.002705812,0.002686501,3216,2719,6432
[RESULT] 65,128,5,0.002773523,0.002753973,3216,2719,6432
[RESULT] 46,128,0,0.002956629,0.002906084,3215,2710,6430
[RESULT] 46,128,1,0.002839804,0.002813578,3215,2710,6430
[RESULT] 46,128,2,0.002881050,0.002855778,3215,2710,6430
[RESULT] 46,128,3,0.002339125,0.002314806,3215,2710,6430
[RESULT] 46,128,4,0.002767086,0.002743244,3215,2710,6430
[RESULT] 46,128,5,0.002824545,0.002789974,3215,2710,6430
[RESULT] 46,128,6,0.002807140,0.002783298,3215,2710,6430
[RESULT] 46,128,7,0.002744436,0.002720118,3215,2710,6430
[RESULT] 46,128,8,0.002821445,0.002797604,3215,2710,6430
[RESULT] 46,128,9,0.002823591,0.002794743,3215,2710,6430
[RESULT] 24,128,7,0.002806664,0.002784729,3165,2673,6330
[RESULT] 24,128,8,0.002718687,0.002697229,3165,2673,6330
[RESULT] 24,128,9,0.002824068,0.002802134,3165,2673,6330
[RESULT] 65,128,6,0.002733231,0.002712965,3216,2719,6432
[RESULT] 65,128,7,0.002676249,0.002656698,3216,2719,6432
[RESULT] 65,128,8,0.002733231,0.002714157,3216,2719,6432
[RESULT] 65,128,9,0.002972603,0.002953053,3216,2719,6432
[RESULT] 10,128,0,0.003004074,0.002967119,3130,2629,6260
[RESULT] 10,128,1,0.002981901,0.002954483,3130,2629,6260
[RESULT] 10,128,2,0.003047466,0.003022432,3130,2629,6260
[RESULT] 10,128,3,0.002542973,0.002519846,3130,2629,6260
[RESULT] 10,128,4,0.002912045,0.002888680,3130,2629,6260
[RESULT] 10,128,5,0.002983332,0.002959490,3130,2629,6260
[RESULT] 44,128,0,0.002942801,0.002904415,3216,2713,6432
[RESULT] 44,128,1,0.002842188,0.002800226,3216,2713,6432
[RESULT] 44,128,2,0.002884388,0.002860308,3216,2713,6432
[RESULT] 44,128,3,0.002791405,0.002767324,3216,2713,6432
[RESULT] 44,128,4,0.002737761,0.002714872,3216,2713,6432
[RESULT] 44,128,5,0.002810001,0.002786636,3216,2713,6432
[RESULT] 44,128,6,0.002748013,0.002724886,3216,2713,6432
[RESULT] 44,128,7,0.002741575,0.002718210,3216,2713,6432
[RESULT] 44,128,8,0.002768993,0.002747059,3216,2713,6432
[RESULT] 44,128,9,0.002827168,0.002804518,3216,2713,6432
[RESULT] 69,128,0,0.002868176,0.002842188,3226,2722,6452
[RESULT] 69,128,1,0.002745628,0.002722025,3226,2722,6452
[RESULT] 69,128,2,0.002812147,0.002789736,3226,2722,6452
[RESULT] 69,128,3,0.002706766,0.002684355,3226,2722,6452
[RESULT] 69,128,4,0.002685785,0.002664089,3226,2722,6452
[RESULT] 69,128,5,0.002732277,0.002710581,3226,2722,6452
[RESULT] 69,128,6,0.002742767,0.002721310,3226,2722,6452
[RESULT] 69,128,7,0.002662182,0.002640963,3226,2722,6452
[RESULT] 69,128,8,0.002733231,0.002712011,3226,2722,6452
[RESULT] 69,128,9,0.003068447,0.003046989,3226,2722,6452
[RESULT] 14,128,6,0.002913952,0.002894878,3102,2606,6204
[RESULT] 14,128,7,0.002880573,0.002861500,3102,2606,6204
[RESULT] 14,128,8,0.002802849,0.002783775,3102,2606,6204
[RESULT] 14,128,9,0.002854824,0.002835274,3102,2606,6204
[RESULT] 52,128,0,0.002930403,0.002905846,3182,2684,6364
[RESULT] 52,128,1,0.002849102,0.002826691,3182,2684,6364
[RESULT] 52,128,2,0.002845287,0.002822161,3182,2684,6364
[RESULT] 52,128,3,0.002784252,0.002762079,3182,2684,6364
[RESULT] 52,128,4,0.002752781,0.002731085,3182,2684,6364
[RESULT] 52,128,5,0.002775192,0.002753496,3182,2684,6364
[RESULT] 52,128,6,0.002757072,0.002734900,3182,2684,6364
[RESULT] 52,128,7,0.002715826,0.002693653,3182,2684,6364
[RESULT] 52,128,8,0.002775908,0.002754688,3182,2684,6364
[RESULT] 52,128,9,0.002867699,0.002845764,3182,2684,6364
[RESULT] 77,128,0,0.002855778,0.002828836,3194,2693,6388
[RESULT] 77,128,1,0.002661228,0.002638340,3194,2693,6388
[RESULT] 77,128,2,0.002702475,0.002679348,3194,2693,6388
[RESULT] 77,128,3,0.002673864,0.002651691,3194,2693,6388
[RESULT] 77,128,4,0.002646208,0.002624512,3194,2693,6388
[RESULT] 77,128,5,0.002655268,0.002633810,3194,2693,6388
[RESULT] 77,128,6,0.002709866,0.002688408,3194,2693,6388
[RESULT] 77,128,7,0.002552271,0.002531052,3194,2693,6388
[RESULT] 77,128,8,0.002701759,0.002680063,3194,2693,6388
[RESULT] 77,128,9,0.003052235,0.003030777,3194,2693,6388
[RESULT] 18,128,0,0.002944946,0.002912760,3134,2627,6268
[RESULT] 18,128,1,0.002962828,0.002933741,3134,2627,6268
[RESULT] 18,128,2,0.003023386,0.002993822,3134,2627,6268
[RESULT] 18,128,3,0.002903700,0.002878189,3134,2627,6268
[RESULT] 18,128,4,0.002892971,0.002867699,3134,2627,6268
[RESULT] 18,128,5,0.002959013,0.002935648,3134,2627,6268
[RESULT] 18,128,6,0.002909184,0.002886295,3134,2627,6268
[RESULT] 18,128,7,0.002870798,0.002848864,3134,2627,6268
[RESULT] 18,128,8,0.002794743,0.002772570,3134,2627,6268
[RESULT] 18,128,9,0.002858400,0.002836704,3134,2627,6268
[RESULT] 56,128,0,0.002915621,0.002885342,3116,2614,6232
[RESULT] 56,128,1,0.002827406,0.002792358,3116,2614,6232
[RESULT] 56,128,2,0.002830267,0.002808332,3116,2614,6232
[RESULT] 56,128,3,0.002781630,0.002760410,3116,2614,6232
[RESULT] 56,128,4,0.002745152,0.002724409,3116,2614,6232
[RESULT] 56,128,5,0.002748013,0.002726555,3116,2614,6232
[RESULT] 56,128,6,0.002733469,0.002712727,3116,2614,6232
[RESULT] 56,128,7,0.002719641,0.002697229,3116,2614,6232
[RESULT] 56,128,8,0.002748489,0.002727509,3116,2614,6232
[RESULT] 56,128,9,0.002850294,0.002828836,3116,2614,6232
[RESULT] 73,128,0,0.002872467,0.002845049,3233,2727,6466
[RESULT] 73,128,1,0.002731323,0.002707958,3233,2727,6466
[RESULT] 73,128,2,0.002806187,0.002784967,3233,2727,6466
[RESULT] 73,128,3,0.002679586,0.002658129,3233,2727,6466
[RESULT] 73,128,4,0.002670288,0.002650023,3233,2727,6466
[RESULT] 73,128,5,0.002734661,0.002714157,3233,2727,6466
[RESULT] 10,128,6,0.002931118,0.002907515,3130,2629,6260
[RESULT] 10,128,7,0.002898216,0.002873898,3130,2629,6260
[RESULT] 10,128,8,0.002821445,0.002796888,3130,2629,6260
[RESULT] 10,128,9,0.002876997,0.002853394,3130,2629,6260
[RESULT] 60,128,7,0.002695560,0.002673864,3084,2583,6168
[RESULT] 60,128,8,0.002734184,0.002713203,3084,2583,6168
[RESULT] 60,128,9,0.002819538,0.002797842,3084,2583,6168
[RESULT] 73,128,6,0.002706289,0.002686024,3233,2727,6466
[RESULT] 73,128,7,0.002649069,0.002628803,3233,2727,6466
[RESULT] 73,128,8,0.002701998,0.002681732,3233,2727,6466
[RESULT] 73,128,9,0.003374100,0.003353596,3233,2727,6466
[RESULT] 12,128,8,0.002767801,0.002746820,3050,2553,6100
[RESULT] 12,128,9,0.002852917,0.002831936,3050,2553,6100
[RESULT] 48,128,0,0.002964020,0.002923727,3114,2621,6228
[RESULT] 48,128,1,0.002860069,0.002835274,3114,2621,6228
[RESULT] 48,128,2,0.002866268,0.002843142,3114,2621,6228
[RESULT] 48,128,3,0.002796650,0.002770901,3114,2621,6228
[RESULT] 48,128,4,0.002753973,0.002730608,3114,2621,6228
[RESULT] 48,128,5,0.002769947,0.002747059,3114,2621,6228
[RESULT] 48,128,6,0.002769470,0.002747774,3114,2621,6228
[RESULT] 48,128,7,0.002734184,0.002710342,3114,2621,6228
[RESULT] 48,128,8,0.002787828,0.002765656,3114,2621,6228
[RESULT] 48,128,9,0.002866745,0.002845287,3114,2621,6228
[RESULT] 8,128,0,0.002982855,0.002947330,3066,2573,6132
[RESULT] 8,128,1,0.002971888,0.002941370,3066,2573,6132
[RESULT] 8,128,2,0.003028393,0.003000259,3066,2573,6132
[RESULT] 8,128,3,0.002937317,0.002912283,3066,2573,6132
[RESULT] 8,128,4,0.002864122,0.002839804,3066,2573,6132
[RESULT] 8,128,5,0.002924442,0.002899647,3066,2573,6132
[RESULT] 8,128,6,0.002884150,0.002860785,3066,2573,6132
[RESULT] 8,128,7,0.002853632,0.002829552,3066,2573,6132
[RESULT] 8,128,8,0.002847910,0.002823114,3066,2573,6132
[RESULT] 8,128,9,0.002980232,0.002955914,3066,2573,6132
