Retrieving the matrix from '../data/bcsstk27.mtx'...
Real Matrix (Strong Scaling): Rows=1224 | Cols=1224 | NNZ=28675 | Procs=16
Matrix distributed and converted to CSR
Ghost columns identified: 1691 total ghost values needed
Local vector initialized (size=77 per process)
[RESULT] 13,16,0,0.089235306,0.089226246,1760,1613,3520
[RESULT] 13,16,1,0.054010630,0.054002047,1760,1613,3520
[RESULT] 13,16,2,0.108012199,0.108004332,1760,1613,3520
[RESULT] 13,16,3,0.108011007,0.108003378,1760,1613,3520
[RESULT] 13,16,4,0.108013153,0.108005285,1760,1613,3520
[RESULT] 13,16,5,0.110012293,0.110004187,1760,1613,3520
[RESULT] 9,16,0,0.108016491,0.108005524,1753,1608,3506
[RESULT] 9,16,1,0.027010202,0.027001143,1753,1608,3506
[RESULT] 9,16,2,0.108012915,0.108004332,1753,1608,3506
[RESULT] 9,16,3,0.108008862,0.108000040,1753,1608,3506
[RESULT] 9,16,4,0.108016253,0.108007431,1753,1608,3506
[RESULT] 9,16,5,0.108011484,0.108002663,1753,1608,3506
[RESULT] 9,16,6,0.054840565,0.054830790,1753,1608,3506
[RESULT] 9,16,7,0.135836124,0.135826111,1753,1608,3506
[RESULT] 9,16,8,0.138848782,0.138838768,1753,1608,3506
[RESULT] 9,16,9,0.140835762,0.140824556,1753,1608,3506
[RESULT] 0,16,0,0.108011007,0.107999802,1838,1691,3676
[RESULT] 0,16,1,0.083514452,0.083503962,1838,1691,3676
[RESULT] 0,16,2,0.158153057,0.158142567,1838,1691,3676
[RESULT] 0,16,3,0.161630869,0.161621809,1838,1691,3676
[RESULT] 0,16,4,0.162003756,0.161995411,1838,1691,3676
[RESULT] 0,16,5,0.162001133,0.161992550,1838,1691,3676
[RESULT] 0,16,6,0.110394716,0.110384703,1838,1691,3676
[RESULT] 0,16,7,0.113382578,0.113372564,1838,1691,3676
[RESULT] 0,16,8,0.115378141,0.115367651,1838,1691,3676
[RESULT] 0,16,9,0.115384579,0.115373135,1838,1691,3676

Benchmark Summary
Processes: 16
Iterations: 10
Matrix NNZ: 28675
Total execution time: 3.288 seconds
[RESULT] 10,16,0,0.072011232,0.072001219,1811,1667,3622
[RESULT] 10,16,1,0.072018385,0.072009087,1811,1667,3622
[RESULT] 10,16,2,0.144010544,0.144000292,1811,1667,3622
[RESULT] 10,16,3,0.144012690,0.144002914,1811,1667,3622
[RESULT] 10,16,4,0.072018147,0.072008133,1811,1667,3622
[RESULT] 10,16,5,0.072013855,0.072003365,1811,1667,3622
[RESULT] 10,16,6,0.000078201,0.000069141,1811,1667,3622
[RESULT] 10,16,7,0.000062943,0.000053883,1811,1667,3622
[RESULT] 10,16,8,0.000055313,0.000046253,1811,1667,3622
[RESULT] 10,16,9,0.000060558,0.000047207,1811,1667,3622
[RESULT] 13,16,6,0.079023838,0.079015970,1760,1613,3520
[RESULT] 13,16,7,0.135013103,0.135005474,1760,1613,3520
[RESULT] 13,16,8,0.137010574,0.137002707,1760,1613,3520
[RESULT] 13,16,9,0.125129700,0.125120640,1760,1613,3520
[RESULT] 8,16,0,0.108014822,0.108003616,1829,1682,3658
[RESULT] 8,16,1,0.054016829,0.054007053,1829,1682,3658
[RESULT] 8,16,2,0.135013103,0.135003090,1829,1682,3658
[RESULT] 8,16,3,0.132132530,0.132117987,1829,1682,3658
[RESULT] 8,16,4,0.162110090,0.162098169,1829,1682,3658
[RESULT] 8,16,5,0.162131310,0.162117481,1829,1682,3658
[RESULT] 8,16,6,0.114979267,0.114967108,1829,1682,3658
[RESULT] 8,16,7,0.114988565,0.114975691,1829,1682,3658
[RESULT] 8,16,8,0.115971327,0.115957260,1829,1682,3658
[RESULT] 8,16,9,0.115968704,0.115956068,1829,1682,3658
[RESULT] 2,16,0,0.114109516,0.114096880,1830,1684,3660
[RESULT] 2,16,1,0.081013203,0.081003189,1830,1684,3660
[RESULT] 2,16,2,0.162001848,0.161991835,1830,1684,3660
[RESULT] 2,16,3,0.159004211,0.158993244,1830,1684,3660
[RESULT] 2,16,4,0.183057070,0.183047533,1830,1684,3660
[RESULT] 2,16,5,0.183061123,0.183051586,1830,1684,3660
[RESULT] 2,16,6,0.130032539,0.130022764,1830,1684,3660
[RESULT] 2,16,7,0.130073309,0.130063057,1830,1684,3660
[RESULT] 2,16,8,0.133073568,0.133063555,1830,1684,3660
[RESULT] 2,16,9,0.133093357,0.133082151,1830,1684,3660
[RESULT] 15,16,0,0.108016253,0.108006716,1761,1615,3522
[RESULT] 15,16,1,0.028999090,0.028983355,1761,1615,3522
[RESULT] 15,16,2,0.110006094,0.109988213,1761,1615,3522
[RESULT] 15,16,3,0.108014822,0.108005047,1761,1615,3522
[RESULT] 15,16,4,0.108016253,0.108007431,1761,1615,3522
[RESULT] 15,16,5,0.108015537,0.108006477,1761,1615,3522
[RESULT] 15,16,6,0.054024935,0.054016352,1761,1615,3522
[RESULT] 15,16,7,0.135015249,0.135006428,1761,1615,3522
[RESULT] 15,16,8,0.162015915,0.162006855,1761,1615,3522
[RESULT] 15,16,9,0.135029316,0.135018349,1761,1615,3522
[RESULT] 7,16,0,0.108010530,0.108001471,1774,1625,3548
[RESULT] 7,16,1,0.054010391,0.054001808,1774,1625,3548
[RESULT] 7,16,2,0.108011007,0.108003139,1774,1625,3548
[RESULT] 7,16,3,0.108009338,0.108001709,1774,1625,3548
[RESULT] 7,16,4,0.108012199,0.108004570,1774,1625,3548
[RESULT] 7,16,5,0.088192940,0.088183880,1774,1625,3548
[RESULT] 7,16,6,0.079010963,0.079002857,1774,1625,3548
[RESULT] 7,16,7,0.135009527,0.135001659,1774,1625,3548
[RESULT] 7,16,8,0.136057615,0.136033297,1774,1625,3548
[RESULT] 7,16,9,0.138018608,0.138009548,1774,1625,3548
[RESULT] 6,16,0,0.108010769,0.108000755,1833,1684,3666
[RESULT] 6,16,1,0.081011057,0.081002235,1833,1684,3666
[RESULT] 6,16,2,0.162014484,0.162004948,1833,1684,3666
[RESULT] 6,16,3,0.155500412,0.155489922,1833,1684,3666
[RESULT] 6,16,4,0.139501572,0.139491320,1833,1684,3666
[RESULT] 6,16,5,0.139507294,0.139497280,1833,1684,3666
[RESULT] 6,16,6,0.108010054,0.108001709,1833,1684,3666
[RESULT] 6,16,7,0.108010054,0.108001471,1833,1684,3666
[RESULT] 6,16,8,0.108010292,0.108001947,1833,1684,3666
[RESULT] 6,16,9,0.108021736,0.108009577,1833,1684,3666
[RESULT] 14,16,0,0.108014107,0.108004332,1833,1686,3666
[RESULT] 14,16,1,0.060124874,0.060113430,1833,1686,3666
[RESULT] 14,16,2,0.141117811,0.141106367,1833,1686,3666
[RESULT] 14,16,3,0.159016848,0.159007072,1833,1686,3666
[RESULT] 14,16,4,0.189012527,0.189002752,1833,1686,3666
[RESULT] 14,16,5,0.189013958,0.189003706,1833,1686,3666
[RESULT] 14,16,6,0.135014534,0.135004997,1833,1686,3666
[RESULT] 14,16,7,0.135016441,0.135006666,1833,1686,3666
[RESULT] 14,16,8,0.135029793,0.135019302,1833,1686,3666
[RESULT] 14,16,9,0.135037422,0.135025501,1833,1686,3666
[RESULT] 4,16,0,0.144000530,0.143991709,1828,1681,3656
[RESULT] 4,16,1,0.141206503,0.141197681,1828,1681,3656
[RESULT] 4,16,2,0.216845036,0.216835022,1828,1681,3656
[RESULT] 4,16,3,0.198882103,0.198872328,1828,1681,3656
[RESULT] 4,16,4,0.144006491,0.143997192,1828,1681,3656
[RESULT] 4,16,5,0.144004345,0.143996000,1828,1681,3656
[RESULT] 4,16,6,0.072015524,0.072005749,1828,1681,3656
[RESULT] 4,16,7,0.070003033,0.069994450,1828,1681,3656
[RESULT] 4,16,8,0.071996689,0.071988344,1828,1681,3656
[RESULT] 4,16,9,0.072019339,0.072010279,1828,1681,3656
[RESULT] 3,16,0,0.109992743,0.109974623,1739,1594,3478
[RESULT] 3,16,1,0.054009676,0.054000854,1739,1594,3478
[RESULT] 3,16,2,0.135012865,0.135004044,1739,1594,3478
[RESULT] 3,16,3,0.110997200,0.110979319,1739,1594,3478
[RESULT] 3,16,4,0.110976458,0.110966444,1739,1594,3478
[RESULT] 3,16,5,0.110983372,0.110973597,1739,1594,3478
[RESULT] 3,16,6,0.081004143,0.080995321,1739,1594,3478
[RESULT] 3,16,7,0.162009954,0.162001371,1739,1594,3478
[RESULT] 3,16,8,0.153042316,0.153033733,1739,1594,3478
[RESULT] 3,16,9,0.160072088,0.160062551,1739,1594,3478
[RESULT] 1,16,0,0.108006954,0.107997894,1756,1610,3512
[RESULT] 1,16,1,0.052029133,0.052020311,1756,1610,3512
[RESULT] 1,16,2,0.112205982,0.112196684,1756,1610,3512
[RESULT] 1,16,3,0.110202312,0.110193491,1756,1610,3512
[RESULT] 1,16,4,0.108213663,0.108204842,1756,1610,3512
[RESULT] 1,16,5,0.108005047,0.107997417,1756,1610,3512
[RESULT] 1,16,6,0.076987267,0.076977968,1756,1610,3512
[RESULT] 1,16,7,0.136100769,0.136091232,1756,1610,3512
[RESULT] 1,16,8,0.164000273,0.163992643,1756,1610,3512
[RESULT] 1,16,9,0.156017780,0.156008959,1756,1610,3512
[RESULT] 12,16,0,0.083503008,0.083490372,1822,1676,3644
[RESULT] 12,16,1,0.081014872,0.081004858,1822,1676,3644
[RESULT] 12,16,2,0.162013531,0.162004948,1822,1676,3644
[RESULT] 12,16,3,0.160017252,0.160008430,1822,1676,3644
[RESULT] 12,16,4,0.162010908,0.162002325,1822,1676,3644
[RESULT] 12,16,5,0.162014961,0.162005901,1822,1676,3644
[RESULT] 12,16,6,0.108010769,0.108002424,1822,1676,3644
[RESULT] 12,16,7,0.108013868,0.108004570,1822,1676,3644
[RESULT] 12,16,8,0.108012676,0.108003616,1822,1676,3644
[RESULT] 12,16,9,0.123051882,0.123039484,1822,1676,3644
[RESULT] 11,16,0,0.000067711,0.000057459,1761,1615,3522
[RESULT] 11,16,1,0.000069618,0.000059605,1761,1615,3522
[RESULT] 11,16,2,0.000051022,0.000041962,1761,1615,3522
[RESULT] 11,16,3,0.000050783,0.000041485,1761,1615,3522
[RESULT] 11,16,4,0.000058174,0.000048876,1761,1615,3522
[RESULT] 11,16,5,0.000067234,0.000057936,1761,1615,3522
[RESULT] 11,16,6,0.072017431,0.072007895,1761,1615,3522
[RESULT] 11,16,7,0.072015762,0.072005987,1761,1615,3522
[RESULT] 11,16,8,0.144016504,0.144007444,1761,1615,3522
[RESULT] 11,16,9,0.072025537,0.072016954,1761,1615,3522
[RESULT] 5,16,0,0.071996689,0.071987391,1747,1599,3494
[RESULT] 5,16,1,0.071854591,0.071846008,1747,1599,3494
[RESULT] 5,16,2,0.072000742,0.071992874,1747,1599,3494
[RESULT] 5,16,3,0.071988821,0.071981192,1747,1599,3494
[RESULT] 5,16,4,0.072004318,0.071996212,1747,1599,3494
[RESULT] 5,16,5,0.072010756,0.072002172,1747,1599,3494
[RESULT] 5,16,6,0.076877356,0.076865673,1747,1599,3494
[RESULT] 5,16,7,0.073972702,0.073962450,1747,1599,3494
[RESULT] 5,16,8,0.144975901,0.144965649,1747,1599,3494
[RESULT] 5,16,9,0.075970650,0.075960875,1747,1599,3494
