Retrieving the matrix from '../data/bcsstk27.mtx'...
Real Matrix (Strong Scaling): Rows=1224 | Cols=1224 | NNZ=28675 | Procs=32
Matrix distributed and converted to CSR
Ghost columns identified: 860 total ghost values needed
Local vector initialized (size=39 per process)
[RESULT] 0,32,0,0.000278473,0.000274897,933,860,1866
[RESULT] 0,32,1,0.000274181,0.000271082,933,860,1866
[RESULT] 0,32,2,0.000220299,0.000217199,933,860,1866
[RESULT] 0,32,3,0.000191927,0.000188828,933,860,1866
[RESULT] 0,32,4,0.000243664,0.000240803,933,860,1866
[RESULT] 0,32,5,0.000212193,0.000209093,933,860,1866
[RESULT] 0,32,6,0.000195980,0.000192881,933,860,1866
[RESULT] 0,32,7,0.000296593,0.000293493,933,860,1866
[RESULT] 0,32,8,0.000190496,0.000187397,933,860,1866
[RESULT] 0,32,9,0.000212669,0.000209808,933,860,1866

Benchmark Summary
Processes: 32
Iterations: 10
[RESULT] 26,32,0,0.000270367,0.000266552,912,841,1824
[RESULT] 26,32,1,0.000242233,0.000238657,912,841,1824
[RESULT] 26,32,2,0.000254154,0.000250816,912,841,1824
[RESULT] 26,32,3,0.000263214,0.000259161,912,841,1824
[RESULT] 26,32,4,0.000380993,0.000377178,912,841,1824
[RESULT] 1,32,0,0.000223398,0.000219822,882,810,1764
[RESULT] 1,32,1,0.000205517,0.000202417,882,810,1764
[RESULT] 1,32,2,0.000201702,0.000198603,882,810,1764
[RESULT] 1,32,3,0.000181198,0.000177860,882,810,1764
[RESULT] 1,32,4,0.000228643,0.000225544,882,810,1764
[RESULT] 1,32,5,0.000206470,0.000203371,882,810,1764
[RESULT] 1,32,6,0.000183344,0.000180244,882,810,1764
[RESULT] 1,32,7,0.000334263,0.000331163,882,810,1764
[RESULT] 1,32,8,0.000185013,0.000182152,882,810,1764
[RESULT] 1,32,9,0.000181198,0.000178337,882,810,1764
[RESULT] 27,32,0,0.000286818,0.000283241,895,823,1790
[RESULT] 27,32,1,0.000222206,0.000218630,895,823,1790
[RESULT] 27,32,2,0.000244379,0.000240803,895,823,1790
[RESULT] 27,32,3,0.000239611,0.000236034,895,823,1790
[RESULT] 27,32,4,0.000363350,0.000359774,895,823,1790
[RESULT] 27,32,5,0.000247002,0.000243425,895,823,1790
[RESULT] 27,32,6,0.000261784,0.000258446,895,823,1790
[RESULT] 27,32,7,0.000369549,0.000365973,895,823,1790
[RESULT] 27,32,8,0.000257730,0.000254154,895,823,1790
[RESULT] 27,32,9,0.000238657,0.000234842,895,823,1790
[RESULT] 2,32,0,0.000271082,0.000267029,918,846,1836
[RESULT] 2,32,1,0.000258684,0.000255108,918,846,1836
[RESULT] 2,32,2,0.000207901,0.000204325,918,846,1836
[RESULT] 2,32,3,0.000169754,0.000165701,918,846,1836
[RESULT] 2,32,4,0.000230074,0.000226498,918,846,1836
[RESULT] 2,32,5,0.000206232,0.000202656,918,846,1836
[RESULT] 2,32,6,0.000186443,0.000182629,918,846,1836
[RESULT] 2,32,7,0.000289679,0.000286102,918,846,1836
[RESULT] 2,32,8,0.000170708,0.000167131,918,846,1836
[RESULT] 2,32,9,0.000188351,0.000184774,918,846,1836
[RESULT] 31,32,0,0.000216961,0.000213385,894,822,1788
[RESULT] 31,32,1,0.000234127,0.000230551,894,822,1788
[RESULT] 31,32,2,0.000231504,0.000227928,894,822,1788
[RESULT] 31,32,3,0.000199556,0.000195980,894,822,1788
[RESULT] 31,32,4,0.000267267,0.000263691,894,822,1788
[RESULT] 31,32,5,0.000220060,0.000216484,894,822,1788
[RESULT] 31,32,6,0.000234365,0.000230789,894,822,1788
[RESULT] 31,32,7,0.000304461,0.000300884,894,822,1788
[RESULT] 31,32,8,0.000222206,0.000218868,894,822,1788
[RESULT] 31,32,9,0.000238657,0.000235081,894,822,1788
[RESULT] 3,32,0,0.000240326,0.000236511,883,811,1766
[RESULT] 3,32,1,0.000262260,0.000258684,883,811,1766
[RESULT] 3,32,2,0.000202656,0.000199080,883,811,1766
[RESULT] 3,32,3,0.000188828,0.000185490,883,811,1766
[RESULT] 3,32,4,0.000226974,0.000223398,883,811,1766
[RESULT] 3,32,5,0.000196218,0.000192642,883,811,1766
[RESULT] 3,32,6,0.000187635,0.000184059,883,811,1766
[RESULT] 3,32,7,0.000274658,0.000271320,883,811,1766
[RESULT] 3,32,8,0.000191450,0.000187874,883,811,1766
[RESULT] 3,32,9,0.000198603,0.000195026,883,811,1766
[RESULT] 24,32,0,0.000293016,0.000288963,914,842,1828
[RESULT] 24,32,1,0.000271320,0.000267506,914,842,1828
[RESULT] 24,32,2,0.000272751,0.000268698,914,842,1828
[RESULT] 24,32,3,0.000270844,0.000267267,914,842,1828
[RESULT] 24,32,4,0.000401974,0.000398159,914,842,1828
[RESULT] 24,32,5,0.000278473,0.000274658,914,842,1828
[RESULT] 24,32,6,0.000283003,0.000279188,914,842,1828
[RESULT] 24,32,7,0.000404119,0.000400543,914,842,1828
[RESULT] 24,32,8,0.000285864,0.000282288,914,842,1828
[RESULT] 24,32,9,0.000272751,0.000269175,914,842,1828
[RESULT] 4,32,0,0.000284433,0.000280857,934,861,1868
[RESULT] 4,32,1,0.000247717,0.000244379,934,861,1868
[RESULT] 4,32,2,0.000187874,0.000184536,934,861,1868
[RESULT] 4,32,3,0.000166655,0.000163078,934,861,1868
[RESULT] 4,32,4,0.000211954,0.000208616,934,861,1868
[RESULT] 4,32,5,0.000186682,0.000183344,934,861,1868
[RESULT] 4,32,6,0.000161409,0.000158072,934,861,1868
[RESULT] 4,32,7,0.000270367,0.000267029,934,861,1868
[RESULT] 4,32,8,0.000156164,0.000153065,934,861,1868
[RESULT] 4,32,9,0.000171423,0.000168085,934,861,1868
[RESULT] 25,32,0,0.000294447,0.000290394,874,803,1748
[RESULT] 25,32,1,0.000260830,0.000257254,874,803,1748
[RESULT] 25,32,2,0.000279427,0.000275850,874,803,1748
[RESULT] 25,32,3,0.000266790,0.000263453,874,803,1748
[RESULT] 25,32,4,0.000390291,0.000386953,874,803,1748
[RESULT] 25,32,5,0.000268698,0.000265360,874,803,1748
[RESULT] 25,32,6,0.000278711,0.000275373,874,803,1748
[RESULT] 25,32,7,0.000379324,0.000375986,874,803,1748
[RESULT] 25,32,8,0.000293016,0.000289440,874,803,1748
[RESULT] 25,32,9,0.000267982,0.000264406,874,803,1748
[RESULT] 5,32,0,0.000280857,0.000276804,894,820,1788
[RESULT] 5,32,1,0.000253916,0.000250578,894,820,1788
[RESULT] 5,32,2,0.000176907,0.000173330,894,820,1788
[RESULT] 5,32,3,0.000146389,0.000143051,894,820,1788
[RESULT] 5,32,4,0.000196695,0.000193119,894,820,1788
[RESULT] 5,32,5,0.000178337,0.000174761,894,820,1788
[RESULT] 5,32,6,0.000167608,0.000164270,894,820,1788
[RESULT] 5,32,7,0.000261545,0.000257730,894,820,1788
[RESULT] 5,32,8,0.000150204,0.000146627,894,820,1788
[RESULT] 5,32,9,0.000165462,0.000161886,894,820,1788
[RESULT] 26,32,5,0.000254154,0.000250578,912,841,1824
[RESULT] 26,32,6,0.000260830,0.000257015,912,841,1824
[RESULT] 26,32,7,0.000375032,0.000371456,912,841,1824
[RESULT] 26,32,8,0.000265837,0.000262260,912,841,1824
[RESULT] 26,32,9,0.000252485,0.000248909,912,841,1824
[RESULT] 6,32,0,0.000267506,0.000263453,933,859,1866
[RESULT] 6,32,1,0.000177860,0.000173807,933,859,1866
[RESULT] 6,32,2,0.000166416,0.000162601,933,859,1866
[RESULT] 6,32,3,0.000134230,0.000130415,933,859,1866
[RESULT] 6,32,4,0.000199556,0.000195742,933,859,1866
[RESULT] 6,32,5,0.000159264,0.000155449,933,859,1866
[RESULT] 6,32,6,0.000147104,0.000143290,933,859,1866
[RESULT] 6,32,7,0.000267744,0.000264168,933,859,1866
[RESULT] 6,32,8,0.000143290,0.000139713,933,859,1866
[RESULT] 6,32,9,0.000165701,0.000161886,933,859,1866
[RESULT] 28,32,0,0.000294924,0.000290871,918,846,1836
[RESULT] 28,32,1,0.000239611,0.000236034,918,846,1836
[RESULT] 28,32,2,0.000274181,0.000270367,918,846,1836
[RESULT] 28,32,3,0.000243425,0.000239849,918,846,1836
[RESULT] 28,32,4,0.000358820,0.000355005,918,846,1836
[RESULT] 28,32,5,0.000259876,0.000256300,918,846,1836
[RESULT] 28,32,6,0.000266314,0.000262737,918,846,1836
[RESULT] 28,32,7,0.000353813,0.000350237,918,846,1836
[RESULT] 28,32,8,0.000280857,0.000277042,918,846,1836
[RESULT] 28,32,9,0.000260830,0.000257254,918,846,1836
[RESULT] 7,32,0,0.000204802,0.000200987,898,825,1796
[RESULT] 7,32,1,0.000249624,0.000246048,898,825,1796
[RESULT] 7,32,2,0.000186205,0.000182867,898,825,1796
[RESULT] 7,32,3,0.000173330,0.000169754,898,825,1796
[RESULT] 7,32,4,0.000177383,0.000173807,898,825,1796
[RESULT] 7,32,5,0.000182152,0.000178337,898,825,1796
[RESULT] 7,32,6,0.000182867,0.000174284,898,825,1796
[RESULT] 7,32,7,0.000245810,0.000242233,898,825,1796
[RESULT] 7,32,8,0.000194073,0.000190496,898,825,1796
[RESULT] 7,32,9,0.000195265,0.000191689,898,825,1796
[RESULT] 29,32,0,0.000303745,0.000300169,886,814,1772
[RESULT] 29,32,1,0.000224113,0.000220537,886,814,1772
[RESULT] 29,32,2,0.000275850,0.000272274,886,814,1772
[RESULT] 29,32,3,0.000282288,0.000278711,886,814,1772
[RESULT] 29,32,4,0.000320911,0.000317335,886,814,1772
[RESULT] 29,32,5,0.000278234,0.000274658,886,814,1772
[RESULT] 29,32,6,0.000286341,0.000282764,886,814,1772
[RESULT] 29,32,7,0.000378847,0.000375271,886,814,1772
[RESULT] 29,32,8,0.000260830,0.000257254,886,814,1772
[RESULT] 29,32,9,0.000288725,0.000284910,886,814,1772
[RESULT] 8,32,0,0.000234842,0.000231504,915,842,1830
[RESULT] 8,32,1,0.000179052,0.000175714,915,842,1830
[RESULT] 8,32,2,0.000148058,0.000144958,915,842,1830
[RESULT] 8,32,3,0.000142336,0.000138998,915,842,1830
[RESULT] 8,32,4,0.000170708,0.000167370,915,842,1830
[RESULT] 8,32,5,0.000153303,0.000149727,915,842,1830
[RESULT] 8,32,6,0.000145435,0.000142336,915,842,1830
[RESULT] 8,32,7,0.000224829,0.000221729,915,842,1830
[RESULT] 8,32,8,0.000156164,0.000153065,915,842,1830
[RESULT] 8,32,9,0.000175238,0.000172138,915,842,1830
[RESULT] 30,32,0,0.000237465,0.000233650,924,852,1848
[RESULT] 30,32,1,0.000252962,0.000249386,924,852,1848
[RESULT] 30,32,2,0.000235081,0.000231504,924,852,1848
[RESULT] 30,32,3,0.000261545,0.000257730,924,852,1848
[RESULT] 30,32,4,0.000308275,0.000304461,924,852,1848
[RESULT] 30,32,5,0.000243664,0.000239611,924,852,1848
[RESULT] 30,32,6,0.000253201,0.000249386,924,852,1848
[RESULT] 30,32,7,0.000341892,0.000338316,924,852,1848
[RESULT] 30,32,8,0.000239134,0.000235796,924,852,1848
[RESULT] 30,32,9,0.000263453,0.000259876,924,852,1848
[RESULT] 9,32,0,0.000146389,0.000142336,879,807,1758
[RESULT] 9,32,1,0.000167370,0.000163555,879,807,1758
[RESULT] 9,32,2,0.000164509,0.000160933,879,807,1758
[RESULT] 9,32,3,0.000145435,0.000141859,879,807,1758
[RESULT] 9,32,4,0.000164509,0.000160933,879,807,1758
[RESULT] 9,32,5,0.000159502,0.000156164,879,807,1758
[RESULT] 9,32,6,0.000151396,0.000148058,879,807,1758
[RESULT] 9,32,7,0.000209570,0.000206232,879,807,1758
[RESULT] 9,32,8,0.000158787,0.000155449,879,807,1758
[RESULT] 9,32,9,0.000179529,0.000175953,879,807,1758
[RESULT] 10,32,0,0.000215054,0.000200510,899,827,1798
[RESULT] 10,32,1,0.000220537,0.000216722,899,827,1798
[RESULT] 10,32,2,0.000190973,0.000187397,899,827,1798
[RESULT] 10,32,3,0.000172853,0.000169039,899,827,1798
[RESULT] 10,32,4,0.000172377,0.000162125,899,827,1798
[RESULT] 10,32,5,0.000200510,0.000196934,899,827,1798
[RESULT] 10,32,6,0.000188112,0.000184536,899,827,1798
[RESULT] 10,32,7,0.000192165,0.000188589,899,827,1798
[RESULT] 10,32,8,0.000187635,0.000184059,899,827,1798
[RESULT] 10,32,9,0.000195026,0.000191450,899,827,1798
[RESULT] 11,32,0,0.000167131,0.000164032,866,794,1732
[RESULT] 11,32,1,0.000198126,0.000195265,866,794,1732
[RESULT] 11,32,2,0.000163555,0.000160694,866,794,1732
[RESULT] 11,32,3,0.000144720,0.000141859,866,794,1732
[RESULT] 11,32,4,0.000143528,0.000140667,866,794,1732
[RESULT] 11,32,5,0.000169754,0.000166893,866,794,1732
[RESULT] 11,32,6,0.000165939,0.000163078,866,794,1732
[RESULT] 11,32,7,0.000175476,0.000172377,866,794,1732
[RESULT] 11,32,8,0.000163317,0.000160456,866,794,1732
[RESULT] 11,32,9,0.000176668,0.000173807,866,794,1732
[RESULT] 12,32,0,0.000135422,0.000131845,904,832,1808
[RESULT] 12,32,1,0.000200748,0.000197411,904,832,1808
[RESULT] 12,32,2,0.000165462,0.000162125,904,832,1808
[RESULT] 12,32,3,0.000147820,0.000144482,904,832,1808
[RESULT] 12,32,4,0.000143766,0.000140429,904,832,1808
[RESULT] 12,32,5,0.000169992,0.000166893,904,832,1808
[RESULT] 12,32,6,0.000165701,0.000162363,904,832,1808
[RESULT] 12,32,7,0.000174761,0.000171661,904,832,1808
[RESULT] 12,32,8,0.000162840,0.000159502,904,832,1808
[RESULT] 12,32,9,0.000176907,0.000173807,904,832,1808
[RESULT] 13,32,0,0.000133753,0.000129700,874,801,1748
[RESULT] 13,32,1,0.000197172,0.000193596,874,801,1748
[RESULT] 13,32,2,0.000163555,0.000160217,874,801,1748
[RESULT] 13,32,3,0.000145435,0.000142097,874,801,1748
[RESULT] 13,32,4,0.000141621,0.000138044,874,801,1748
[RESULT] 13,32,5,0.000168800,0.000165224,874,801,1748
[RESULT] 13,32,6,0.000165224,0.000161648,874,801,1748
[RESULT] 13,32,7,0.000154018,0.000150442,874,801,1748
[RESULT] 13,32,8,0.000161171,0.000157595,874,801,1748
[RESULT] 13,32,9,0.000175953,0.000172377,874,801,1748
[RESULT] 14,32,0,0.000159264,0.000154972,909,836,1818
[RESULT] 14,32,1,0.000197887,0.000194073,909,836,1818
[RESULT] 14,32,2,0.000164032,0.000160217,909,836,1818
[RESULT] 14,32,3,0.000145674,0.000142097,909,836,1818
[RESULT] 14,32,4,0.000141144,0.000137568,909,836,1818
[RESULT] 14,32,5,0.000169992,0.000166178,909,836,1818
[RESULT] 14,32,6,0.000164270,0.000160456,909,836,1818
[RESULT] 14,32,7,0.000145674,0.000142097,909,836,1818
[RESULT] 14,32,8,0.000161886,0.000158310,909,836,1818
[RESULT] 14,32,9,0.000175714,0.000171900,909,836,1818
[RESULT] 15,32,0,0.000134706,0.000131130,867,795,1734
[RESULT] 15,32,1,0.000196934,0.000193596,867,795,1734
[RESULT] 15,32,2,0.000163794,0.000160456,867,795,1734
[RESULT] 15,32,3,0.000144720,0.000141382,867,795,1734
[RESULT] 15,32,4,0.000140429,0.000137091,867,795,1734
[RESULT] 15,32,5,0.000169039,0.000165701,867,795,1734
[RESULT] 15,32,6,0.000163317,0.000159979,867,795,1734
[RESULT] 15,32,7,0.000144958,0.000141621,867,795,1734
[RESULT] 15,32,8,0.000159979,0.000156403,867,795,1734
[RESULT] 15,32,9,0.000174284,0.000170708,867,795,1734
[RESULT] 16,32,0,0.000136614,0.000132084,905,833,1810
[RESULT] 16,32,1,0.000201702,0.000197887,905,833,1810
[RESULT] 16,32,2,0.000164270,0.000160456,905,833,1810
[RESULT] 16,32,3,0.000146389,0.000142336,905,833,1810
[RESULT] 16,32,4,0.000142813,0.000138998,905,833,1810
[RESULT] 16,32,5,0.000169516,0.000165939,905,833,1810
[RESULT] 16,32,6,0.000166655,0.000163078,905,833,1810
[RESULT] 16,32,7,0.000147343,0.000143766,905,833,1810
[RESULT] 16,32,8,0.000162840,0.000159025,905,833,1810
[RESULT] 16,32,9,0.000176907,0.000172853,905,833,1810
[RESULT] 17,32,0,0.000135422,0.000132084,874,803,1748
[RESULT] 17,32,1,0.000199556,0.000196218,874,803,1748
[RESULT] 17,32,2,0.000162125,0.000158787,874,803,1748
[RESULT] 17,32,3,0.000144720,0.000141621,874,803,1748
[RESULT] 17,32,4,0.000140905,0.000137806,874,803,1748
[RESULT] 17,32,5,0.000168324,0.000165224,874,803,1748
[RESULT] 17,32,6,0.000164509,0.000161171,874,803,1748
[RESULT] 17,32,7,0.000145435,0.000142336,874,803,1748
[RESULT] 17,32,8,0.000161171,0.000157833,874,803,1748
[RESULT] 17,32,9,0.000174522,0.000171423,874,803,1748
[RESULT] 18,32,0,0.000134706,0.000131130,912,841,1824
[RESULT] 18,32,1,0.000198841,0.000195503,912,841,1824
[RESULT] 18,32,2,0.000137091,0.000133753,912,841,1824
[RESULT] 18,32,3,0.000143290,0.000140190,912,841,1824
[RESULT] 18,32,4,0.000141382,0.000138283,912,841,1824
[RESULT] 18,32,5,0.000168562,0.000165224,912,841,1824
[RESULT] 18,32,6,0.000163555,0.000160217,912,841,1824
[RESULT] 18,32,7,0.000144720,0.000141621,912,841,1824
[RESULT] 18,32,8,0.000161409,0.000158072,912,841,1824
[RESULT] 18,32,9,0.000174284,0.000170946,912,841,1824
[RESULT] 19,32,0,0.000133514,0.000130177,856,785,1712
[RESULT] 19,32,1,0.000197887,0.000194788,856,785,1712
[RESULT] 19,32,2,0.000135899,0.000132561,856,785,1712
[RESULT] 19,32,3,0.000141144,0.000137806,856,785,1712
[RESULT] 19,32,4,0.000140429,0.000137329,856,785,1712
[RESULT] 19,32,5,0.000166655,0.000163555,856,785,1712
[RESULT] 19,32,6,0.000161648,0.000158787,856,785,1712
[RESULT] 19,32,7,0.000143051,0.000139952,856,785,1712
[RESULT] 19,32,8,0.000157833,0.000154972,856,785,1712
[RESULT] 19,32,9,0.000172615,0.000169516,856,785,1712
[RESULT] 20,32,0,0.000133753,0.000130177,894,823,1788
[RESULT] 20,32,1,0.000198841,0.000195503,894,823,1788
[RESULT] 20,32,2,0.000136375,0.000133276,894,823,1788
[RESULT] 20,32,3,0.000139952,0.000136614,894,823,1788
[RESULT] 20,32,4,0.000139952,0.000136614,894,823,1788
[RESULT] 20,32,5,0.000165939,0.000162840,894,823,1788
[RESULT] 20,32,6,0.000162840,0.000159502,894,823,1788
[RESULT] 20,32,7,0.000143051,0.000139952,894,823,1788
[RESULT] 20,32,8,0.000158548,0.000155449,894,823,1788
[RESULT] 20,32,9,0.000171423,0.000168324,894,823,1788
[RESULT] 21,32,0,0.000131845,0.000127792,853,781,1706
[RESULT] 21,32,1,0.000196457,0.000192881,853,781,1706
[RESULT] 21,32,2,0.000136614,0.000133276,853,781,1706
[RESULT] 21,32,3,0.000138998,0.000135899,853,781,1706
[RESULT] 21,32,4,0.000138521,0.000135183,853,781,1706
[RESULT] 21,32,5,0.000164986,0.000161648,853,781,1706
[RESULT] 21,32,6,0.000159740,0.000156403,853,781,1706
[RESULT] 21,32,7,0.000140905,0.000137568,853,781,1706
[RESULT] 21,32,8,0.000156879,0.000153542,853,781,1706
[RESULT] 21,32,9,0.000170231,0.000166893,853,781,1706
[RESULT] 22,32,0,0.000131845,0.000128031,900,828,1800
[RESULT] 22,32,1,0.000185490,0.000182152,900,828,1800
[RESULT] 22,32,2,0.000135183,0.000131845,900,828,1800
[RESULT] 22,32,3,0.000137806,0.000134706,900,828,1800
[RESULT] 22,32,4,0.000138760,0.000135422,900,828,1800
[RESULT] 22,32,5,0.000164747,0.000161409,900,828,1800
[RESULT] 22,32,6,0.000160694,0.000157595,900,828,1800
[RESULT] 22,32,7,0.000140905,0.000137568,900,828,1800
[RESULT] 22,32,8,0.000157356,0.000154018,900,828,1800
[RESULT] 22,32,9,0.000170231,0.000166893,900,828,1800
[RESULT] 23,32,0,0.000130177,0.000126839,876,804,1752
[RESULT] 23,32,1,0.000183821,0.000180721,876,804,1752
[RESULT] 23,32,2,0.000133753,0.000130653,876,804,1752
[RESULT] 23,32,3,0.000137329,0.000134230,876,804,1752
[RESULT] 23,32,4,0.000138044,0.000134945,876,804,1752
[RESULT] 23,32,5,0.000163078,0.000159979,876,804,1752
[RESULT] 23,32,6,0.000159025,0.000155926,876,804,1752
[RESULT] 23,32,7,0.000140905,0.000137806,876,804,1752
[RESULT] 23,32,8,0.000155926,0.000152826,876,804,1752
[RESULT] 23,32,9,0.000170231,0.000167131,876,804,1752
Matrix NNZ: 28675
Total execution time: 0.032 seconds
