Retrieving the matrix from '../data/tmt_sym.mtx'...
Real Matrix (Strong Scaling): Rows=726713 | Cols=726713 | NNZ=2903837 | Procs=16
Matrix distributed and converted to CSR
Ghost columns identified: 131233 total ghost values needed
Local vector initialized (size=45420 per process)
[RESULT] 12,16,0,0.004422903,0.003165722,181566,130493,363132
[RESULT] 12,16,1,0.003905296,0.002639771,181566,130493,363132
[RESULT] 12,16,2,0.003702879,0.002459526,181566,130493,363132
[RESULT] 12,16,3,0.003673792,0.002424717,181566,130493,363132
[RESULT] 12,16,4,0.003746986,0.002486229,181566,130493,363132
[RESULT] 12,16,5,0.003827095,0.002574682,181566,130493,363132
[RESULT] 12,16,6,0.003636837,0.002393007,181566,130493,363132
[RESULT] 12,16,7,0.003761053,0.002521753,181566,130493,363132
[RESULT] 12,16,8,0.003849983,0.002597094,181566,130493,363132
[RESULT] 12,16,9,0.003680468,0.002373695,181566,130493,363132
[RESULT] 8,16,0,0.004499197,0.003368378,181660,131605,363320
[RESULT] 8,16,1,0.004084587,0.002961636,181660,131605,363320
[RESULT] 8,16,2,0.004071474,0.002946377,181660,131605,363320
[RESULT] 8,16,3,0.004063368,0.002954721,181660,131605,363320
[RESULT] 8,16,4,0.004090786,0.002960682,181660,131605,363320
[RESULT] 8,16,5,0.004052162,0.002946377,181660,131605,363320
[RESULT] 8,16,6,0.004017830,0.002896547,181660,131605,363320
[RESULT] 8,16,7,0.004013777,0.002900124,181660,131605,363320
[RESULT] 8,16,8,0.004421711,0.003302574,181660,131605,363320
[RESULT] 8,16,9,0.003978968,0.002865553,181660,131605,363320
[RESULT] 9,16,0,0.004683495,0.003500938,181401,131012,362802
[RESULT] 9,16,1,0.004377127,0.003205299,181401,131012,362802
[RESULT] 9,16,2,0.004352570,0.003204823,181401,131012,362802
[RESULT] 9,16,3,0.004291058,0.003161907,181401,131012,362802
[RESULT] 9,16,4,0.004301786,0.003181696,181401,131012,362802
[RESULT] 9,16,5,0.004183531,0.003066540,181401,131012,362802
[RESULT] 9,16,6,0.004244804,0.003105164,181401,131012,362802
[RESULT] 9,16,7,0.004332066,0.003194809,181401,131012,362802
[RESULT] 9,16,8,0.004349232,0.003216982,181401,131012,362802
[RESULT] 9,16,9,0.004222870,0.003082037,181401,131012,362802
[RESULT] 4,16,0,0.004565954,0.003204584,181624,130619,363248
[RESULT] 4,16,1,0.004241943,0.002871990,181624,130619,363248
[RESULT] 4,16,2,0.004212856,0.002867699,181624,130619,363248
[RESULT] 4,16,3,0.004256964,0.002928495,181624,130619,363248
[RESULT] 4,16,4,0.004276037,0.002940178,181624,130619,363248
[RESULT] 4,16,5,0.004209042,0.002894402,181624,130619,363248
[RESULT] 4,16,6,0.004269361,0.002970219,181624,130619,363248
[RESULT] 4,16,7,0.004187584,0.002908707,181624,130619,363248
[RESULT] 4,16,8,0.004291534,0.002918959,181624,130619,363248
[RESULT] 4,16,9,0.004289150,0.002914906,181624,130619,363248
[RESULT] 13,16,0,0.004092455,0.002909422,181347,129728,362694
[RESULT] 13,16,1,0.004498720,0.003248692,181347,129728,362694
[RESULT] 13,16,2,0.004443645,0.003283024,181347,129728,362694
[RESULT] 5,16,0,0.004734516,0.003578663,181466,129753,362932
[RESULT] 7,16,0,0.004457235,0.003428936,181639,131128,363278
[RESULT] 7,16,1,0.004207134,0.003185987,181639,131128,363278
[RESULT] 7,16,2,0.004229307,0.003209352,181639,131128,363278
[RESULT] 7,16,3,0.004433870,0.003414631,181639,131128,363278
[RESULT] 7,16,4,0.004350185,0.003340483,181639,131128,363278
[RESULT] 7,16,5,0.004381418,0.003369808,181639,131128,363278
[RESULT] 7,16,6,0.004331589,0.003315449,181639,131128,363278
[RESULT] 7,16,7,0.004350662,0.003282070,181639,131128,363278
[RESULT] 7,16,8,0.004465103,0.003444910,181639,131128,363278
[RESULT] 7,16,9,0.004383802,0.003368616,181639,131128,363278
[RESULT] 13,16,3,0.004417896,0.003273964,181347,129728,362694
[RESULT] 13,16,4,0.004408598,0.003269911,181347,129728,362694
[RESULT] 13,16,5,0.004380941,0.003251076,181347,129728,362694
[RESULT] 13,16,6,0.004429579,0.003271103,181347,129728,362694
[RESULT] 13,16,7,0.004444361,0.003299475,181347,129728,362694
[RESULT] 13,16,8,0.004242182,0.003082037,181347,129728,362694
[RESULT] 2,16,0,0.004700899,0.003467798,181722,130102,363444
[RESULT] 2,16,1,0.004658699,0.003499985,181722,130102,363444
[RESULT] 2,16,2,0.004548311,0.003408909,181722,130102,363444
[RESULT] 2,16,3,0.004391909,0.003249168,181722,130102,363444
[RESULT] 2,16,4,0.004275560,0.003116131,181722,130102,363444
[RESULT] 2,16,5,0.004259586,0.003104448,181722,130102,363444
[RESULT] 2,16,6,0.004285812,0.003139973,181722,130102,363444
[RESULT] 2,16,7,0.004258156,0.003106594,181722,130102,363444
[RESULT] 2,16,8,0.004544020,0.003390789,181722,130102,363444
[RESULT] 2,16,9,0.004398584,0.003240824,181722,130102,363444
[RESULT] 11,16,0,0.004792929,0.003592968,181409,129769,362818
[RESULT] 11,16,1,0.004519939,0.003373384,181409,129769,362818
[RESULT] 11,16,2,0.004535675,0.003389359,181409,129769,362818
[RESULT] 11,16,3,0.004547358,0.003407001,181409,129769,362818
[RESULT] 11,16,4,0.004526615,0.003375530,181409,129769,362818
[RESULT] 11,16,5,0.004525423,0.003380775,181409,129769,362818
[RESULT] 11,16,6,0.004517555,0.003371477,181409,129769,362818
[RESULT] 11,16,7,0.004460096,0.003306627,181409,129769,362818
[RESULT] 11,16,8,0.004626274,0.003462791,181409,129769,362818
[RESULT] 11,16,9,0.004389048,0.003226042,181409,129769,362818
[RESULT] 0,16,0,0.004829884,0.003705263,181270,131233,362540
[RESULT] 0,16,1,0.004434586,0.003311396,181270,131233,362540
[RESULT] 5,16,1,0.004425526,0.003274202,181466,129753,362932
[RESULT] 5,16,2,0.004510403,0.003306389,181466,129753,362932
[RESULT] 5,16,3,0.004418373,0.003277302,181466,129753,362932
[RESULT] 5,16,4,0.004409313,0.003279686,181466,129753,362932
[RESULT] 10,16,0,0.004776001,0.003622532,181553,129899,363106
[RESULT] 10,16,1,0.004390955,0.003226995,181553,129899,363106
[RESULT] 10,16,2,0.004324436,0.003182888,181553,129899,363106
[RESULT] 10,16,3,0.004342794,0.003201246,181553,129899,363106
[RESULT] 10,16,4,0.004329443,0.003183365,181553,129899,363106
[RESULT] 10,16,5,0.004409552,0.003268242,181553,129899,363106
[RESULT] 10,16,6,0.004405975,0.003263950,181553,129899,363106
[RESULT] 10,16,7,0.004390240,0.003209352,181553,129899,363106
[RESULT] 10,16,8,0.004424334,0.003276348,181553,129899,363106
[RESULT] 10,16,9,0.004408598,0.003274679,181553,129899,363106
[RESULT] 15,16,0,0.004799366,0.003704071,181638,131171,363276
[RESULT] 15,16,1,0.004384995,0.003302336,181638,131171,363276
[RESULT] 15,16,2,0.004509211,0.003365993,181638,131171,363276
[RESULT] 15,16,3,0.004493237,0.003377199,181638,131171,363276
[RESULT] 15,16,4,0.004444361,0.003341436,181638,131171,363276
[RESULT] 15,16,5,0.004442930,0.003360510,181638,131171,363276
[RESULT] 15,16,6,0.004413843,0.003339052,181638,131171,363276
[RESULT] 15,16,7,0.004221678,0.003142595,181638,131171,363276
[RESULT] 15,16,8,0.004407883,0.003283978,181638,131171,363276
[RESULT] 15,16,9,0.004421473,0.003348589,181638,131171,363276
[RESULT] 0,16,2,0.004427433,0.003299713,181270,131233,362540
[RESULT] 0,16,3,0.004415035,0.003293991,181270,131233,362540
[RESULT] 0,16,4,0.004440069,0.003318071,181270,131233,362540
[RESULT] 13,16,9,0.004413128,0.003254175,181347,129728,362694
[RESULT] 14,16,0,0.004939079,0.003716230,181433,129838,362866
[RESULT] 14,16,1,0.004552841,0.003384352,181433,129838,362866
[RESULT] 14,16,2,0.004548073,0.003354788,181433,129838,362866
[RESULT] 14,16,3,0.004512072,0.003369093,181433,129838,362866
[RESULT] 14,16,4,0.004495621,0.003348112,181433,129838,362866
[RESULT] 14,16,5,0.004498005,0.003353834,181433,129838,362866
[RESULT] 14,16,6,0.004584312,0.003351212,181433,129838,362866
[RESULT] 14,16,7,0.004499435,0.003359079,181433,129838,362866
[RESULT] 14,16,8,0.004488945,0.003347874,181433,129838,362866
[RESULT] 14,16,9,0.004505873,0.003363132,181433,129838,362866
[RESULT] 3,16,0,0.004799604,0.003741741,181131,129518,362262
[RESULT] 3,16,1,0.004435539,0.003389359,181131,129518,362262
[RESULT] 3,16,2,0.004478931,0.003430367,181131,129518,362262
[RESULT] 3,16,3,0.004478216,0.003426313,181131,129518,362262
[RESULT] 3,16,4,0.004524231,0.003405094,181131,129518,362262
[RESULT] 3,16,5,0.004486561,0.003437996,181131,129518,362262
[RESULT] 3,16,6,0.004479408,0.003445387,181131,129518,362262
[RESULT] 3,16,7,0.004516363,0.003408909,181131,129518,362262
[RESULT] 3,16,8,0.004491091,0.003449440,181131,129518,362262
[RESULT] 3,16,9,0.004468203,0.003423691,181131,129518,362262
[RESULT] 0,16,5,0.004456520,0.003330946,181270,131233,362540
[RESULT] 0,16,6,0.004394054,0.003288269,181270,131233,362540
[RESULT] 0,16,7,0.004388094,0.003262997,181270,131233,362540
[RESULT] 5,16,5,0.004408360,0.003274202,181466,129753,362932
[RESULT] 5,16,6,0.004436255,0.003275871,181466,129753,362932
[RESULT] 5,16,7,0.004419565,0.003277540,181466,129753,362932
[RESULT] 5,16,8,0.004421949,0.003288269,181466,129753,362932
[RESULT] 0,16,8,0.004269838,0.003171921,181270,131233,362540
[RESULT] 0,16,9,0.004486799,0.003366470,181270,131233,362540

Benchmark Summary[RESULT] 5,16,9,0.004429579,0.003292322,181466,129753,362932

Processes: 16
Iterations: 10
Matrix NNZ: 2903837
Total execution time: 1.773 seconds
[RESULT] 6,16,0,0.004770041,0.003620386,181348,129810,362696
[RESULT] 6,16,1,0.004442215,0.003298521,181348,129810,362696
[RESULT] 6,16,2,0.004464149,0.003278971,181348,129810,362696
[RESULT] 6,16,3,0.004442692,0.003305197,181348,129810,362696
[RESULT] 6,16,4,0.004422903,0.003280163,181348,129810,362696
[RESULT] 6,16,5,0.004428864,0.003302097,181348,129810,362696
[RESULT] 6,16,6,0.004359484,0.003223419,181348,129810,362696
[RESULT] 6,16,7,0.004412413,0.003278017,181348,129810,362696
[RESULT] 6,16,8,0.004559278,0.003428936,181348,129810,362696
[RESULT] 6,16,9,0.004600286,0.003472567,181348,129810,362696
[RESULT] 1,16,0,0.004665136,0.003524780,181630,131157,363260
[RESULT] 1,16,1,0.004256248,0.003130436,181630,131157,363260
[RESULT] 1,16,2,0.004363537,0.003237009,181630,131157,363260
[RESULT] 1,16,3,0.004450321,0.003328562,181630,131157,363260
[RESULT] 1,16,4,0.004473209,0.003349304,181630,131157,363260
[RESULT] 1,16,5,0.004363537,0.003240108,181630,131157,363260
[RESULT] 1,16,6,0.004655838,0.003537416,181630,131157,363260
[RESULT] 1,16,7,0.004359245,0.003239632,181630,131157,363260
[RESULT] 1,16,8,0.004756451,0.003543377,181630,131157,363260
[RESULT] 1,16,9,0.004695415,0.003551722,181630,131157,363260
