Synthetic Matrix (Weak Scaling): Rows/proc=10000 | Total rows=640000 | NNZ/row=~50 | Procs=64
Matrix distributed and converted to CSR
Ghost columns identified: 492321 total ghost values needed
Local vector initialized (size=10000 per process)
[RESULT] 55,64,0,0.358088255,0.352027416,500021,492209,1000042
[RESULT] 55,64,1,0.358172894,0.352025986,500021,492209,1000042
[RESULT] 55,64,2,0.358183861,0.352036476,500021,492209,1000042
[RESULT] 55,64,3,0.358848333,0.353115082,500021,492209,1000042
[RESULT] 55,64,4,0.356870174,0.351135015,500021,492209,1000042
[RESULT] 55,64,5,0.177899837,0.172143936,500021,492209,1000042
[RESULT] 55,64,6,0.188686371,0.183088541,500021,492209,1000042
[RESULT] 55,64,7,0.182755709,0.177131176,500021,492209,1000042
[RESULT] 55,64,8,0.182732582,0.177107096,500021,492209,1000042
[RESULT] 55,64,9,0.182714701,0.177087069,500021,492209,1000042
[RESULT] 3,64,0,0.708152533,0.702029943,499898,492124,999796
[RESULT] 3,64,1,0.720085859,0.714012146,499898,492124,999796
[RESULT] 3,64,2,0.709149361,0.703002453,499898,492124,999796
[RESULT] 3,64,3,0.710340977,0.704578638,499898,492124,999796
[RESULT] 3,64,4,0.708353996,0.702566862,499898,492124,999796
[RESULT] 3,64,5,0.530023336,0.524164677,499898,492124,999796
[RESULT] 3,64,6,0.543790102,0.538109303,499898,492124,999796
[RESULT] 3,64,7,0.533833027,0.528120279,499898,492124,999796
[RESULT] 3,64,8,0.533819914,0.528125763,499898,492124,999796
[RESULT] 3,64,9,0.533801556,0.528118849,499898,492124,999796
[RESULT] 63,64,0,0.182299137,0.176568270,499746,491782,999492
[RESULT] 63,64,1,0.182291746,0.176578283,499746,491782,999492
[RESULT] 63,64,2,0.182364225,0.176572800,499746,491782,999492
[RESULT] 63,64,3,0.182434559,0.176604271,499746,491782,999492
[RESULT] 63,64,4,0.180382252,0.174551010,499746,491782,999492
[RESULT] 63,64,5,0.177595139,0.171625137,499746,491782,999492
[RESULT] 63,64,6,0.188369274,0.182494164,499746,491782,999492
[RESULT] 63,64,7,0.182415009,0.176608324,499746,491782,999492
[RESULT] 63,64,8,0.182354927,0.176498413,499746,491782,999492
[RESULT] 63,64,9,0.182423830,0.176569939,499746,491782,999492
[RESULT] 54,64,0,0.515718699,0.448159456,499939,492118,999878
[RESULT] 54,64,1,0.515606642,0.448071003,499939,492118,999878
[RESULT] 54,64,2,0.515708923,0.448092461,499939,492118,999878
[RESULT] 54,64,3,0.641233444,0.513143778,499939,492118,999878
[RESULT] 54,64,4,0.579635620,0.512100935,499939,492118,999878
[RESULT] 54,64,5,0.387845755,0.320182323,499939,492118,999878
[RESULT] 54,64,6,0.451949596,0.384042025,499939,492118,999878
[RESULT] 54,64,7,0.387292862,0.320205450,499939,492118,999878
[RESULT] 54,64,8,0.451546431,0.384064436,499939,492118,999878
[RESULT] 54,64,9,0.387568712,0.320243120,499939,492118,999878
[RESULT] 15,64,0,0.510156631,0.504010916,499809,491991,999618
[RESULT] 15,64,1,0.534167051,0.528002977,499809,491991,999618
[RESULT] 15,64,2,0.534221888,0.528020382,499809,491991,999618
[RESULT] 15,64,3,0.534285545,0.528155565,499809,491991,999618
[RESULT] 15,64,4,0.527558088,0.521135569,499809,491991,999618
[RESULT] 15,64,5,0.364546537,0.358541489,499809,491991,999618
[RESULT] 15,64,6,0.353843451,0.348087311,499809,491991,999618
[RESULT] 15,64,7,0.358000040,0.352221489,499809,491991,999618
[RESULT] 15,64,8,0.357940912,0.352195263,499809,491991,999618
[RESULT] 15,64,9,0.357995987,0.352247000,499809,491991,999618
[RESULT] 51,64,0,0.543107033,0.537018061,500031,492316,1000062
[RESULT] 51,64,1,0.534078836,0.528011084,500031,492316,1000062
[RESULT] 51,64,2,0.358715773,0.353082418,500031,492316,1000062
[RESULT] 51,64,3,0.534093618,0.528044701,500031,492316,1000062
[RESULT] 51,64,4,0.527404070,0.521053791,500031,492316,1000062
[RESULT] 51,64,5,0.364334106,0.358255148,500031,492316,1000062
[RESULT] 51,64,6,0.353330374,0.347465515,500031,492316,1000062
[RESULT] 51,64,7,0.357317924,0.351479769,500031,492316,1000062
[RESULT] 51,64,8,0.357367039,0.351489782,500031,492316,1000062
[RESULT] 51,64,9,0.358265400,0.352458715,500031,492316,1000062
[RESULT] 31,64,0,0.532145977,0.525991440,499871,492070,999742
[RESULT] 31,64,1,0.534096479,0.527974129,499871,492070,999742
[RESULT] 31,64,2,0.358621836,0.352949858,499871,492070,999742
[RESULT] 31,64,3,0.182934046,0.177091837,499871,492070,999742
[RESULT] 31,64,4,0.182934761,0.177069664,499871,492070,999742
[RESULT] 31,64,5,0.188441038,0.182523727,499871,492070,999742
[RESULT] 31,64,6,0.182359219,0.176503658,499871,492070,999742
[RESULT] 31,64,7,0.182363987,0.176579237,499871,492070,999742
[RESULT] 31,64,8,0.182407141,0.176547766,499871,492070,999742
[RESULT] 31,64,9,0.182458162,0.176619530,499871,492070,999742
[RESULT] 49,64,0,0.643327236,0.576087236,500181,492367,1000362
[RESULT] 49,64,1,0.642252207,0.575051308,500181,492367,1000362
[RESULT] 49,64,2,0.576301575,0.509098768,500181,492367,1000362
[RESULT] 49,64,3,0.707303286,0.640091181,500181,492367,1000362
[RESULT] 49,64,4,0.707306862,0.640112162,500181,492367,1000362
[RESULT] 49,64,5,0.515318155,0.448093414,500181,492367,1000362
[RESULT] 49,64,6,0.579256535,0.512072802,500181,492367,1000362
[RESULT] 49,64,7,0.514234066,0.447130919,500181,492367,1000362
[RESULT] 49,64,8,0.579304218,0.512074709,500181,492367,1000362
[RESULT] 49,64,9,0.512186050,0.448086500,500181,492367,1000362
[RESULT] 50,64,0,0.579578876,0.512077570,499732,491852,999464
[RESULT] 50,64,1,0.515538692,0.448046446,499732,491852,999464
[RESULT] 50,64,2,0.515717030,0.448108912,499732,491852,999464
[RESULT] 50,64,3,0.643666029,0.576078653,499732,491852,999464
[RESULT] 50,64,4,0.579596519,0.512122154,499732,491852,999464
[RESULT] 50,64,5,0.451722145,0.384104490,499732,491852,999464
[RESULT] 50,64,6,0.511916637,0.444061041,499732,491852,999464
[RESULT] 50,64,7,0.455511093,0.388093710,499732,491852,999464
[RESULT] 50,64,8,0.511570215,0.444061995,499732,491852,999464
[RESULT] 50,64,9,0.447610855,0.380094290,499732,491852,999464
[RESULT] 7,64,0,0.719231367,0.713030815,500058,492322,1000116
[RESULT] 7,64,1,0.709190845,0.703016520,500058,492322,1000116
[RESULT] 7,64,2,0.709265232,0.703025103,500058,492322,1000116
[RESULT] 7,64,3,0.710274220,0.704151154,500058,492322,1000116
[RESULT] 7,64,4,0.703519821,0.697159767,500058,492322,1000116
[RESULT] 7,64,5,0.540417910,0.534271717,500058,492322,1000116
[RESULT] 7,64,6,0.529312849,0.523269892,500058,492322,1000116
[RESULT] 7,64,7,0.533325672,0.527273178,500058,492322,1000116
[RESULT] 7,64,8,0.533334732,0.527285337,500058,492322,1000116
[RESULT] 7,64,9,0.533337831,0.527275801,500058,492322,1000116
[RESULT] 53,64,0,0.579448700,0.512079000,500111,492435,1000222
[RESULT] 53,64,1,0.578238010,0.511029005,500111,492435,1000222
[RESULT] 53,64,2,0.532437086,0.465066195,500111,492435,1000222
[RESULT] 53,64,3,0.703451395,0.640077829,500111,492435,1000222
[RESULT] 53,64,4,0.703497887,0.636151791,500111,492435,1000222
[RESULT] 53,64,5,0.450847149,0.384326935,500111,492435,1000222
[RESULT] 53,64,6,0.514996290,0.448179483,500111,492435,1000222
[RESULT] 53,64,7,0.514366627,0.447062016,500111,492435,1000222
[RESULT] 53,64,8,0.514965057,0.448196173,500111,492435,1000222
[RESULT] 53,64,9,0.512423992,0.448065519,500111,492435,1000222
[RESULT] 2,64,0,0.643356085,0.576041937,499748,491924,999496
[RESULT] 2,64,1,0.579344749,0.512000084,499748,491924,999496
[RESULT] 2,64,2,0.643285275,0.576033831,499748,491924,999496
[RESULT] 2,64,3,0.768708467,0.641024590,499748,491924,999496
[RESULT] 2,64,4,0.707307816,0.640038252,499748,491924,999496
[RESULT] 2,64,5,0.515495300,0.448079348,499748,491924,999496
[RESULT] 2,64,6,0.579748154,0.512043476,499748,491924,999496
[RESULT] 2,64,7,0.515568018,0.448102951,499748,491924,999496
[RESULT] 2,64,8,0.579458475,0.512036324,499748,491924,999496
[RESULT] 2,64,9,0.515369177,0.448066711,499748,491924,999496
[RESULT] 9,64,0,0.579210758,0.512118101,500244,492497,1000488
[RESULT] 9,64,1,0.642258883,0.575060606,500244,492497,1000488
[RESULT] 9,64,2,0.576802731,0.509611130,500244,492497,1000488
[RESULT] 9,64,3,0.711261272,0.640071392,500244,492497,1000488
[RESULT] 9,64,4,0.774966955,0.708077908,500244,492497,1000488
[RESULT] 9,64,5,0.515335083,0.448132038,500244,492497,1000488
[RESULT] 9,64,6,0.579313040,0.512108803,500244,492497,1000488
[RESULT] 9,64,7,0.514333010,0.447146654,500244,492497,1000488
[RESULT] 9,64,8,0.579288244,0.512097836,500244,492497,1000488
[RESULT] 9,64,9,0.512326956,0.448121071,500244,492497,1000488
[RESULT] 27,64,0,0.532017469,0.525928259,499987,492151,999974
[RESULT] 27,64,1,0.533218861,0.527029753,499987,492151,999974
[RESULT] 27,64,2,0.534186602,0.528000832,499987,492151,999974
[RESULT] 27,64,3,0.358159781,0.352104902,499987,492151,999974
[RESULT] 27,64,4,0.358188152,0.352141857,499987,492151,999974
[RESULT] 27,64,5,0.364387751,0.358238459,499987,492151,999974
[RESULT] 27,64,6,0.353337049,0.347388983,499987,492151,999974
[RESULT] 27,64,7,0.357248783,0.351253986,499987,492151,999974
[RESULT] 27,64,8,0.357299089,0.351312637,499987,492151,999974
[RESULT] 27,64,9,0.358362436,0.352396250,499987,492151,999974
[RESULT] 5,64,0,0.579397202,0.512089729,500177,492473,1000354
[RESULT] 5,64,1,0.646436453,0.579075575,500177,492473,1000354
[RESULT] 5,64,2,0.580535650,0.513119459,500177,492473,1000354
[RESULT] 5,64,3,0.707442999,0.640070677,500177,492473,1000354
[RESULT] 5,64,4,0.707502127,0.640109777,500177,492473,1000354
[RESULT] 5,64,5,0.511517525,0.448118925,500177,492473,1000354
[RESULT] 5,64,6,0.579476595,0.512116671,500177,492473,1000354
[RESULT] 5,64,7,0.514506102,0.447129011,500177,492473,1000354
[RESULT] 5,64,8,0.579512358,0.512108326,500177,492473,1000354
[RESULT] 5,64,9,0.512494326,0.448118925,500177,492473,1000354
[RESULT] 58,64,0,0.515430212,0.448084831,500063,492158,1000126
[RESULT] 58,64,1,0.515532970,0.448061466,500063,492158,1000126
[RESULT] 58,64,2,0.515551090,0.448080778,500063,492158,1000126
[RESULT] 58,64,3,0.643552065,0.576102734,500063,492158,1000126
[RESULT] 58,64,4,0.643424034,0.576077700,500063,492158,1000126
[RESULT] 58,64,5,0.451597691,0.384071112,500063,492158,1000126
[RESULT] 58,64,6,0.515873432,0.448058367,500063,492158,1000126
[RESULT] 58,64,7,0.451489687,0.384040594,500063,492158,1000126
[RESULT] 58,64,8,0.515527248,0.448053360,500063,492158,1000126
[RESULT] 58,64,9,0.451542854,0.384062052,500063,492158,1000126
[RESULT] 6,64,0,0.579535961,0.512068510,499961,492122,999922
[RESULT] 6,64,1,0.579634428,0.512062788,499961,492122,999922
[RESULT] 6,64,2,0.579564095,0.512097597,499961,492122,999922
[RESULT] 6,64,3,0.707540751,0.640059471,499961,492122,999922
[RESULT] 6,64,4,0.706732273,0.578695774,499961,492122,999922
[RESULT] 6,64,5,0.515693426,0.448111057,499961,492122,999922
[RESULT] 6,64,6,0.579966068,0.512104511,499961,492122,999922
[RESULT] 6,64,7,0.515567064,0.448114395,499961,492122,999922
[RESULT] 6,64,8,0.579656839,0.512098312,499961,492122,999922
[RESULT] 6,64,9,0.515651226,0.448070526,499961,492122,999922
[RESULT] 23,64,0,0.532358646,0.526225567,499931,492218,999862
[RESULT] 23,64,1,0.533321857,0.527180195,499931,492218,999862
[RESULT] 23,64,2,0.544201851,0.538028717,499931,492218,999862
[RESULT] 23,64,3,0.534232378,0.528015614,499931,492218,999862
[RESULT] 23,64,4,0.526330709,0.520003319,499931,492218,999862
[RESULT] 23,64,5,0.342148781,0.336054087,499931,492218,999862
[RESULT] 23,64,6,0.342248678,0.336212397,499931,492218,999862
[RESULT] 23,64,7,0.357254028,0.351180553,499931,492218,999862
[RESULT] 23,64,8,0.357293129,0.351241827,499931,492218,999862
[RESULT] 23,64,9,0.358294487,0.352244377,499931,492218,999862
[RESULT] 52,64,0,0.631194353,0.507082939,499829,491930,999658
[RESULT] 52,64,1,0.644157648,0.516070366,499829,491930,999658
[RESULT] 52,64,2,0.641068697,0.513081312,499829,491930,999658
[RESULT] 52,64,3,0.703367710,0.575188875,499829,491930,999658
[RESULT] 52,64,4,0.700264454,0.572083235,499829,491930,999658
[RESULT] 52,64,5,0.509434700,0.381195784,499829,491930,999658
[RESULT] 52,64,6,0.452874899,0.385067940,499829,491930,999658
[RESULT] 52,64,7,0.445340395,0.317361832,499829,491930,999658
[RESULT] 52,64,8,0.451939583,0.384094238,499829,491930,999658
[RESULT] 52,64,9,0.451387644,0.323382854,499829,491930,999658
[RESULT] 62,64,0,0.515650749,0.448116541,499810,492134,999620
[RESULT] 62,64,1,0.515567541,0.448050976,499810,492134,999620
[RESULT] 62,64,2,0.515636683,0.448127985,499810,492134,999620
[RESULT] 62,64,3,0.643594742,0.576055288,499810,492134,999620
[RESULT] 62,64,4,0.579580784,0.512089491,499810,492134,999620
[RESULT] 62,64,5,0.451609373,0.384068012,499810,492134,999620
[RESULT] 62,64,6,0.575981855,0.448064089,499810,492134,999620
[RESULT] 62,64,7,0.451633453,0.384084225,499810,492134,999620
[RESULT] 62,64,8,0.515654325,0.448074818,499810,492134,999620
[RESULT] 62,64,9,0.451658964,0.384080887,499810,492134,999620
[RESULT] 61,64,0,0.579447746,0.512073517,500134,492183,1000268
[RESULT] 61,64,1,0.578386068,0.511089325,500134,492183,1000268
[RESULT] 61,64,2,0.576380491,0.509093285,500134,492183,1000268
[RESULT] 61,64,3,0.707419872,0.640089750,500134,492183,1000268
[RESULT] 61,64,4,0.707432985,0.640068769,500134,492183,1000268
[RESULT] 61,64,5,0.451435804,0.384120464,500134,492183,1000268
[RESULT] 61,64,6,0.515438080,0.448058605,500134,492183,1000268
[RESULT] 61,64,7,0.512483358,0.384988308,500134,492183,1000268
[RESULT] 61,64,8,0.515419960,0.448055267,500134,492183,1000268
[RESULT] 61,64,9,0.479870558,0.384148121,500134,492183,1000268
[RESULT] 17,64,0,0.643472910,0.576097250,500225,492398,1000450
[RESULT] 17,64,1,0.698396921,0.631069660,500225,492398,1000450
[RESULT] 17,64,2,0.580466747,0.513112307,500225,492398,1000450
[RESULT] 17,64,3,0.707481623,0.640079260,500225,492398,1000450
[RESULT] 17,64,4,0.707458019,0.640081644,500225,492398,1000450
[RESULT] 17,64,5,0.515478849,0.448147774,500225,492398,1000450
[RESULT] 17,64,6,0.579532146,0.512124538,500225,492398,1000450
[RESULT] 17,64,7,0.576900959,0.448822737,500225,492398,1000450
[RESULT] 17,64,8,0.579474688,0.512109041,500225,492398,1000450
[RESULT] 17,64,9,0.516509533,0.448157310,500225,492398,1000450
[RESULT] 42,64,0,0.579362392,0.451884747,499740,491992,999480
[RESULT] 42,64,1,0.515552998,0.448062658,499740,491992,999480
[RESULT] 42,64,2,0.451600313,0.384209394,499740,491992,999480
[RESULT] 42,64,3,0.579578876,0.512119293,499740,491992,999480
[RESULT] 42,64,4,0.579651833,0.512068510,499740,491992,999480
[RESULT] 42,64,5,0.451619864,0.384069443,499740,491992,999480
[RESULT] 42,64,6,0.515945435,0.448064327,499740,491992,999480
[RESULT] 42,64,7,0.451683044,0.384125948,499740,491992,999480
[RESULT] 42,64,8,0.515519381,0.448066235,499740,491992,999480
[RESULT] 42,64,9,0.451613426,0.384138107,499740,491992,999480
[RESULT] 47,64,0,0.182412386,0.176553726,499936,492186,999872
[RESULT] 47,64,1,0.182374954,0.176582813,499936,492186,999872
[RESULT] 47,64,2,0.358225107,0.352163553,499936,492186,999872
[RESULT] 47,64,3,0.534116268,0.528021336,499936,492186,999872
[RESULT] 47,64,4,0.548279285,0.542024136,499936,492186,999872
[RESULT] 47,64,5,0.364156246,0.358030319,499936,492186,999872
[RESULT] 47,64,6,0.364217281,0.358177900,499936,492186,999872
[RESULT] 47,64,7,0.357201815,0.351148367,499936,492186,999872
[RESULT] 47,64,8,0.358218193,0.352150202,499936,492186,999872
[RESULT] 47,64,9,0.358221292,0.352186441,499936,492186,999872
[RESULT] 1,64,0,0.643347025,0.576075792,499877,492195,999754
[RESULT] 1,64,1,0.710394382,0.643072128,499877,492195,999754
[RESULT] 1,64,2,0.644402742,0.577102184,499877,492195,999754
[RESULT] 1,64,3,0.771383047,0.704064369,499877,492195,999754
[RESULT] 1,64,4,0.771505594,0.704102039,499877,492195,999754
[RESULT] 1,64,5,0.579368114,0.512061834,499877,492195,999754
[RESULT] 1,64,6,0.579278469,0.512111664,499877,492195,999754
[RESULT] 1,64,7,0.578393936,0.511053801,499877,492195,999754
[RESULT] 1,64,8,0.579311609,0.512128592,499877,492195,999754
[RESULT] 1,64,9,0.580476761,0.512060404,499877,492195,999754
[RESULT] 18,64,0,0.579541206,0.512086868,500038,491949,1000076
[RESULT] 18,64,1,0.579505205,0.512023687,500038,491949,1000076
[RESULT] 18,64,2,0.579546928,0.512100935,500038,491949,1000076
[RESULT] 18,64,3,0.707546473,0.640079975,500038,491949,1000076
[RESULT] 18,64,4,0.643541098,0.576074839,500038,491949,1000076
[RESULT] 18,64,5,0.515638828,0.448140144,500038,491949,1000076
[RESULT] 18,64,6,0.579973698,0.512110949,500038,491949,1000076
[RESULT] 18,64,7,0.515650034,0.448169231,500038,491949,1000076
[RESULT] 18,64,8,0.579526186,0.512105942,500038,491949,1000076
[RESULT] 18,64,9,0.515732527,0.448161602,500038,491949,1000076
[RESULT] 13,64,0,0.579359055,0.512085199,499794,492017,999588
[RESULT] 13,64,1,0.646332979,0.579079151,499794,492017,999588
[RESULT] 13,64,2,0.580331087,0.513069630,499794,492017,999588
[RESULT] 13,64,3,0.707330465,0.640072107,499794,492017,999588
[RESULT] 13,64,4,0.707349777,0.640075922,499794,492017,999588
[RESULT] 13,64,5,0.515349150,0.448132992,499794,492017,999588
[RESULT] 13,64,6,0.579198599,0.451849461,499794,492017,999588
[RESULT] 13,64,7,0.514374018,0.447140455,499794,492017,999588
[RESULT] 13,64,8,0.578659773,0.450875759,499794,492017,999588
[RESULT] 13,64,9,0.516361237,0.448149920,499794,492017,999588
[RESULT] 0,64,0,0.642914295,0.575074673,500109,492321,1000218
[RESULT] 0,64,1,0.643858433,0.576025009,500109,492321,1000218
[RESULT] 0,64,2,0.644885778,0.577064514,500109,492321,1000218
[RESULT] 0,64,3,0.831316233,0.703068018,500109,492321,1000218
[RESULT] 0,64,4,0.832105875,0.704094410,500109,492321,1000218
[RESULT] 0,64,5,0.596700668,0.529017925,500109,492321,1000218
[RESULT] 0,64,6,0.640430927,0.512047768,500109,492321,1000218
[RESULT] 0,64,7,0.580806255,0.513027191,500109,492321,1000218
[RESULT] 0,64,8,0.579869270,0.512097836,500109,492321,1000218
[RESULT] 0,64,9,0.577820778,0.510026455,500109,492321,1000218

Benchmark Summary
Processes: 64
Iterations: 10
Matrix NNZ: 32001269
Total execution time: 17.201 seconds
[RESULT] 10,64,0,0.579561710,0.512105227,499829,492191,999658
[RESULT] 10,64,1,0.579563856,0.512069941,499829,492191,999658
[RESULT] 10,64,2,0.579539299,0.512081385,499829,492191,999658
[RESULT] 10,64,3,0.707592249,0.640083075,499829,492191,999658
[RESULT] 10,64,4,0.643522024,0.576076984,499829,492191,999658
[RESULT] 10,64,5,0.515595436,0.448076010,499829,492191,999658
[RESULT] 10,64,6,0.579423189,0.451183081,499829,492191,999658
[RESULT] 10,64,7,0.515547037,0.448108912,499829,492191,999658
[RESULT] 10,64,8,0.577261925,0.449174166,499829,492191,999658
[RESULT] 10,64,9,0.515609741,0.448109388,499829,492191,999658
[RESULT] 37,64,0,0.579354525,0.512072325,500242,492471,1000484
[RESULT] 37,64,1,0.642337084,0.575065613,500242,492471,1000484
[RESULT] 37,64,2,0.516291857,0.449027777,500242,492471,1000484
[RESULT] 37,64,3,0.643315554,0.576039314,500242,492471,1000484
[RESULT] 37,64,4,0.643378019,0.576117039,500242,492471,1000484
[RESULT] 37,64,5,0.451524734,0.384338856,500242,492471,1000484
[RESULT] 37,64,6,0.579373598,0.512073040,500242,492471,1000484
[RESULT] 37,64,7,0.506393671,0.439104319,500242,492471,1000484
[RESULT] 37,64,8,0.579361916,0.512079000,500242,492471,1000484
[RESULT] 37,64,9,0.516439915,0.448107958,500242,492471,1000484
[RESULT] 14,64,0,0.579619169,0.512069225,500214,492521,1000428
[RESULT] 14,64,1,0.576822996,0.448810816,500214,492521,1000428
[RESULT] 14,64,2,0.579568148,0.512070894,500214,492521,1000428
[RESULT] 14,64,3,0.707916260,0.640418291,500214,492521,1000428
[RESULT] 14,64,4,0.643842220,0.576326847,500214,492521,1000428
[RESULT] 14,64,5,0.515756369,0.448085308,500214,492521,1000428
[RESULT] 14,64,6,0.576006889,0.448148012,500214,492521,1000428
[RESULT] 14,64,7,0.515641451,0.448132277,500214,492521,1000428
[RESULT] 14,64,8,0.515691042,0.448138237,500214,492521,1000428
[RESULT] 14,64,9,0.515758753,0.448154449,500214,492521,1000428
[RESULT] 39,64,0,0.358217716,0.352357149,500001,492261,1000002
[RESULT] 39,64,1,0.358207464,0.352220297,500001,492261,1000002
[RESULT] 39,64,2,0.358115196,0.352033377,500001,492261,1000002
[RESULT] 39,64,3,0.534152508,0.528021574,500001,492261,1000002
[RESULT] 39,64,4,0.537285805,0.531008005,500001,492261,1000002
[RESULT] 39,64,5,0.353115797,0.347014427,500001,492261,1000002
[RESULT] 39,64,6,0.353115797,0.347048044,500001,492261,1000002
[RESULT] 39,64,7,0.357122183,0.351048231,500001,492261,1000002
[RESULT] 39,64,8,0.358154297,0.352045774,500001,492261,1000002
[RESULT] 39,64,9,0.358180046,0.352115154,500001,492261,1000002
[RESULT] 57,64,0,0.579289198,0.512058020,499899,491971,999798
[RESULT] 57,64,1,0.641456366,0.513634920,499899,491971,999798
[RESULT] 57,64,2,0.580338001,0.513090134,499899,491971,999798
[RESULT] 57,64,3,0.707325935,0.640085697,499899,491971,999798
[RESULT] 57,64,4,0.707357168,0.640087128,499899,491971,999798
[RESULT] 57,64,5,0.515314817,0.448081732,499899,491971,999798
[RESULT] 57,64,6,0.515285969,0.448054552,499899,491971,999798
[RESULT] 57,64,7,0.518324375,0.451066732,499899,491971,999798
[RESULT] 57,64,8,0.515207767,0.448032379,499899,491971,999798
[RESULT] 57,64,9,0.516337872,0.448070288,499899,491971,999798
[RESULT] 22,64,0,0.579695463,0.512067795,499895,492108,999790
[RESULT] 22,64,1,0.579643726,0.512071133,499895,492108,999790
[RESULT] 22,64,2,0.515614510,0.448090076,499895,492108,999790
[RESULT] 22,64,3,0.707609177,0.640069962,499895,492108,999790
[RESULT] 22,64,4,0.643551826,0.576039791,499895,492108,999790
[RESULT] 22,64,5,0.515652895,0.448108673,499895,492108,999790
[RESULT] 22,64,6,0.640052557,0.512078047,499895,492108,999790
[RESULT] 22,64,7,0.515600920,0.448150873,499895,492108,999790
[RESULT] 22,64,8,0.579583645,0.512076378,499895,492108,999790
[RESULT] 22,64,9,0.515759945,0.448138475,499895,492108,999790
[RESULT] 29,64,0,0.579399586,0.512074471,499921,492039,999842
[RESULT] 29,64,1,0.642448425,0.575092077,499921,492039,999842
[RESULT] 29,64,2,0.452323675,0.385051012,499921,492039,999842
[RESULT] 29,64,3,0.514278889,0.448067188,499921,492039,999842
[RESULT] 29,64,4,0.514258146,0.448121071,499921,492039,999842
[RESULT] 29,64,5,0.451426029,0.384074211,499921,492039,999842
[RESULT] 29,64,6,0.515495777,0.448081255,499921,492039,999842
[RESULT] 29,64,7,0.451479435,0.384128571,499921,492039,999842
[RESULT] 29,64,8,0.515418053,0.448085308,499921,492039,999842
[RESULT] 29,64,9,0.452521801,0.384131908,499921,492039,999842
[RESULT] 30,64,0,0.515595198,0.448069334,500074,492186,1000148
[RESULT] 30,64,1,0.515594006,0.448073149,500074,492186,1000148
[RESULT] 30,64,2,0.387081861,0.320280790,500074,492186,1000148
[RESULT] 30,64,3,0.515256405,0.448019981,500074,492186,1000148
[RESULT] 30,64,4,0.451298475,0.384068966,500074,492186,1000148
[RESULT] 30,64,5,0.451602697,0.384069204,500074,492186,1000148
[RESULT] 30,64,6,0.515909195,0.448085785,500074,492186,1000148
[RESULT] 30,64,7,0.451627493,0.384108543,500074,492186,1000148
[RESULT] 30,64,8,0.515520334,0.448035717,500074,492186,1000148
[RESULT] 30,64,9,0.451716900,0.384107828,500074,492186,1000148
[RESULT] 33,64,0,0.643465996,0.576075792,500142,492480,1000284
[RESULT] 33,64,1,0.706474781,0.639090300,500142,492480,1000284
[RESULT] 33,64,2,0.580428362,0.513059616,500142,492480,1000284
[RESULT] 33,64,3,0.642417908,0.576056480,500142,492480,1000284
[RESULT] 33,64,4,0.643687010,0.577197075,500142,492480,1000284
[RESULT] 33,64,5,0.579511166,0.512087345,500142,492480,1000284
[RESULT] 33,64,6,0.643449783,0.576096535,500142,492480,1000284
[RESULT] 33,64,7,0.578468561,0.511118412,500142,492480,1000284
[RESULT] 33,64,8,0.643440008,0.576089144,500142,492480,1000284
[RESULT] 33,64,9,0.580516815,0.512120247,500142,492480,1000284
[RESULT] 35,64,0,0.532137871,0.526199579,500089,492327,1000178
[RESULT] 35,64,1,0.533203125,0.527145624,500089,492327,1000178
[RESULT] 35,64,2,0.534075737,0.528032780,500089,492327,1000178
[RESULT] 35,64,3,0.534432650,0.528864622,500089,492327,1000178
[RESULT] 35,64,4,0.534436941,0.528849363,500089,492327,1000178
[RESULT] 35,64,5,0.529051304,0.523026466,500089,492327,1000178
[RESULT] 35,64,6,0.529066086,0.523048878,500089,492327,1000178
[RESULT] 35,64,7,0.533067465,0.527051210,500089,492327,1000178
[RESULT] 35,64,8,0.533020735,0.526998520,500089,492327,1000178
[RESULT] 35,64,9,0.533063173,0.527049303,500089,492327,1000178
[RESULT] 48,64,0,0.703229904,0.575077772,499937,492174,999874
[RESULT] 48,64,1,0.640414000,0.512055635,499937,492174,999874
[RESULT] 48,64,2,0.641639233,0.513073444,499937,492174,999874
[RESULT] 48,64,3,0.767203093,0.639098883,499937,492174,999874
[RESULT] 48,64,4,0.704265594,0.576135159,499937,492174,999874
[RESULT] 48,64,5,0.577908039,0.449045181,499937,492174,999874
[RESULT] 48,64,6,0.573280096,0.445079565,499937,492174,999874
[RESULT] 48,64,7,0.514096975,0.385237217,499937,492174,999874
[RESULT] 48,64,8,0.580351353,0.452074766,499937,492174,999874
[RESULT] 48,64,9,0.511350393,0.383165598,499937,492174,999874
[RESULT] 34,64,0,0.579620600,0.512125254,500135,492315,1000270
[RESULT] 34,64,1,0.579533100,0.512076855,500135,492315,1000270
[RESULT] 34,64,2,0.515580416,0.448068857,500135,492315,1000270
[RESULT] 34,64,3,0.579158306,0.512056351,500135,492315,1000270
[RESULT] 34,64,4,0.577336073,0.449912786,500135,492315,1000270
[RESULT] 34,64,5,0.515502691,0.448076725,500135,492315,1000270
[RESULT] 34,64,6,0.579896927,0.512076139,500135,492315,1000270
[RESULT] 34,64,7,0.515562057,0.448089600,500135,492315,1000270
[RESULT] 34,64,8,0.579565287,0.512074709,500135,492315,1000270
[RESULT] 34,64,9,0.515671968,0.448110104,500135,492315,1000270
[RESULT] 21,64,0,0.643373251,0.576078892,500015,492143,1000030
[RESULT] 21,64,1,0.706364632,0.639082670,500015,492143,1000030
[RESULT] 21,64,2,0.516369820,0.449096441,500015,492143,1000030
[RESULT] 21,64,3,0.707313776,0.640059471,500015,492143,1000030
[RESULT] 21,64,4,0.707363844,0.640066862,500015,492143,1000030
[RESULT] 21,64,5,0.515398026,0.448077917,500015,492143,1000030
[RESULT] 21,64,6,0.579382181,0.512072325,500015,492143,1000030
[RESULT] 21,64,7,0.515414238,0.448141813,500015,492143,1000030
[RESULT] 21,64,8,0.579381466,0.512069225,500015,492143,1000030
[RESULT] 21,64,9,0.516436815,0.448115110,500015,492143,1000030
[RESULT] 46,64,0,0.515612125,0.448099375,500151,492563,1000302
[RESULT] 46,64,1,0.515574455,0.448064804,500151,492563,1000302
[RESULT] 46,64,2,0.451533794,0.384063005,500151,492563,1000302
[RESULT] 46,64,3,0.579556465,0.512095213,500151,492563,1000302
[RESULT] 46,64,4,0.515606642,0.448112011,500151,492563,1000302
[RESULT] 46,64,5,0.387650013,0.320106030,500151,492563,1000302
[RESULT] 46,64,6,0.575988770,0.448076487,500151,492563,1000302
[RESULT] 46,64,7,0.451582432,0.384072304,500151,492563,1000302
[RESULT] 46,64,8,0.515046358,0.387033939,500151,492563,1000302
[RESULT] 46,64,9,0.451620817,0.384079695,500151,492563,1000302
[RESULT] 16,64,0,0.702983856,0.575078011,499904,491913,999808
[RESULT] 26,64,0,0.579657793,0.512190580,500146,492276,1000292
[RESULT] 26,64,1,0.579083443,0.451205492,500146,492276,1000292
[RESULT] 26,64,2,0.515536547,0.448066711,500146,492276,1000292
[RESULT] 26,64,3,0.579156399,0.512067318,500146,492276,1000292
[RESULT] 26,64,4,0.515191555,0.448089600,500146,492276,1000292
[RESULT] 26,64,5,0.513797760,0.385429621,500146,492276,1000292
[RESULT] 26,64,6,0.579992294,0.452151537,500146,492276,1000292
[RESULT] 26,64,7,0.511501551,0.444085121,500146,492276,1000292
[RESULT] 26,64,8,0.519555569,0.452108860,500146,492276,1000292
[RESULT] 26,64,9,0.515625000,0.452105284,500146,492276,1000292
[RESULT] 43,64,0,0.358233213,0.352281570,499881,492108,999762
[RESULT] 43,64,1,0.358239889,0.352202177,499881,492108,999762
[RESULT] 43,64,2,0.358233690,0.352186203,499881,492108,999762
[RESULT] 43,64,3,0.534188271,0.528029203,499881,492108,999762
[RESULT] 43,64,4,0.537369967,0.531030655,499881,492108,999762
[RESULT] 43,64,5,0.298355579,0.292118549,499881,492108,999762
[RESULT] 43,64,6,0.463146925,0.457033396,499881,492108,999762
[RESULT] 43,64,7,0.533166885,0.527040958,499881,492108,999762
[RESULT] 43,64,8,0.533160210,0.527039528,499881,492108,999762
[RESULT] 43,64,9,0.533196211,0.527040958,499881,492108,999762
[RESULT] 41,64,0,0.643447638,0.576092720,500268,492503,1000536
[RESULT] 41,64,1,0.642402411,0.575058699,500268,492503,1000536
[RESULT] 41,64,2,0.576396942,0.509069920,500268,492503,1000536
[RESULT] 41,64,3,0.707402468,0.640077829,500268,492503,1000536
[RESULT] 41,64,4,0.707447767,0.640105724,500268,492503,1000536
[RESULT] 41,64,5,0.515461206,0.448093176,500268,492503,1000536
[RESULT] 41,64,6,0.579442978,0.512101889,500268,492503,1000536
[RESULT] 41,64,7,0.578373432,0.511084795,500268,492503,1000536
[RESULT] 41,64,8,0.579432726,0.512101889,500268,492503,1000536
[RESULT] 41,64,9,0.576475382,0.509170771,500268,492503,1000536
[RESULT] 60,64,0,0.639085770,0.511075497,500226,492368,1000452
[RESULT] 60,64,1,0.576369762,0.448122501,500226,492368,1000452
[RESULT] 60,64,2,0.640247107,0.512034655,500226,492368,1000452
[RESULT] 60,64,3,0.706909180,0.639064550,500226,492368,1000452
[RESULT] 60,64,4,0.704066515,0.576087713,500226,492368,1000452
[RESULT] 60,64,5,0.517129660,0.389158010,500226,492368,1000452
[RESULT] 60,64,6,0.572056055,0.445071220,500226,492368,1000452
[RESULT] 60,64,7,0.388968229,0.321162462,500226,492368,1000452
[RESULT] 60,64,8,0.512133598,0.384075403,500226,492368,1000452
[RESULT] 60,64,9,0.448343277,0.320128918,500226,492368,1000452
[RESULT] 38,64,0,0.579583406,0.512071371,500248,492340,1000496
[RESULT] 38,64,1,0.515560389,0.448053837,500248,492340,1000496
[RESULT] 38,64,2,0.515572309,0.448024988,500248,492340,1000496
[RESULT] 38,64,3,0.643570662,0.576071739,500248,492340,1000496
[RESULT] 38,64,4,0.579589605,0.512057543,500248,492340,1000496
[RESULT] 38,64,5,0.451677799,0.384103775,500248,492340,1000496
[RESULT] 38,64,6,0.515941381,0.448085785,500248,492340,1000496
[RESULT] 38,64,7,0.515558243,0.448076963,500248,492340,1000496
[RESULT] 38,64,8,0.515594244,0.448103666,500248,492340,1000496
[RESULT] 38,64,9,0.511717319,0.448187351,500248,492340,1000496
[RESULT] 59,64,0,0.358074188,0.352012873,500239,492374,1000478
[RESULT] 59,64,1,0.358066320,0.352016926,500239,492374,1000478
[RESULT] 59,64,2,0.358155251,0.352037191,500239,492374,1000478
[RESULT] 59,64,3,0.358317137,0.352360249,500239,492374,1000478
[RESULT] 59,64,4,0.455053091,0.350326061,500239,492374,1000478
[RESULT] 59,64,5,0.353156328,0.346996784,500239,492374,1000478
[RESULT] 59,64,6,0.364178419,0.358024359,500239,492374,1000478
[RESULT] 59,64,7,0.357188940,0.351027012,500239,492374,1000478
[RESULT] 59,64,8,0.358215809,0.352021933,500239,492374,1000478
[RESULT] 59,64,9,0.358144283,0.352006912,500239,492374,1000478
[RESULT] 45,64,0,0.643393755,0.576064110,500249,492534,1000498
[RESULT] 45,64,1,0.638390541,0.571068048,500249,492534,1000498
[RESULT] 45,64,2,0.580397606,0.513069391,500249,492534,1000498
[RESULT] 45,64,3,0.707382441,0.640077591,500249,492534,1000498
[RESULT] 45,64,4,0.703449488,0.636115313,500249,492534,1000498
[RESULT] 45,64,5,0.515398502,0.448054790,500249,492534,1000498
[RESULT] 45,64,6,0.579378128,0.512073278,500249,492534,1000498
[RESULT] 45,64,7,0.578387499,0.511074066,500249,492534,1000498
[RESULT] 45,64,8,0.579401731,0.512067795,500249,492534,1000498
[RESULT] 45,64,9,0.572392702,0.509090185,500249,492534,1000498
[RESULT] 25,64,0,0.643433809,0.576079607,500163,492490,1000326
[RESULT] 25,64,1,0.642390251,0.575043678,500163,492490,1000326
[RESULT] 25,64,2,0.516457558,0.449074745,500163,492490,1000326
[RESULT] 25,64,3,0.577500343,0.454253674,500163,492490,1000326
[RESULT] 25,64,4,0.583232164,0.516071558,500163,492490,1000326
[RESULT] 25,64,5,0.455510855,0.384144783,500163,492490,1000326
[RESULT] 25,64,6,0.515480280,0.448116064,500163,492490,1000326
[RESULT] 25,64,7,0.515329123,0.448080301,500163,492490,1000326
[RESULT] 25,64,8,0.515489578,0.448107004,500163,492490,1000326
[RESULT] 25,64,9,0.512292385,0.387953997,500163,492490,1000326
[RESULT] 20,64,0,0.703068495,0.575080633,499847,492172,999694
[RESULT] 19,64,0,0.532686710,0.526972532,500070,492341,1000140
[RESULT] 19,64,1,0.533734322,0.528008938,500070,492341,1000140
[RESULT] 19,64,2,0.533338308,0.527205944,500070,492341,1000140
[RESULT] 19,64,3,0.710227966,0.704035044,500070,492341,1000140
[RESULT] 19,64,4,0.713383675,0.707018137,500070,492341,1000140
[RESULT] 19,64,5,0.529224396,0.523035765,500070,492341,1000140
[RESULT] 19,64,6,0.540226460,0.534058571,500070,492341,1000140
[RESULT] 19,64,7,0.533213139,0.527038336,500070,492341,1000140
[RESULT] 19,64,8,0.533194304,0.527049780,500070,492341,1000140
[RESULT] 19,64,9,0.533191919,0.527039528,500070,492341,1000140
[RESULT] 12,64,0,0.639168262,0.511122704,500307,492499,1000614
[RESULT] 12,64,1,0.640169621,0.512079239,500307,492499,1000614
[RESULT] 12,64,2,0.580963373,0.513108969,500307,492499,1000614
[RESULT] 12,64,3,0.767077446,0.639071465,500307,492499,1000614
[RESULT] 12,64,4,0.707960844,0.640087366,500307,492499,1000614
[RESULT] 12,64,5,0.577003479,0.449151516,500307,492499,1000614
[RESULT] 12,64,6,0.644214630,0.517094374,500307,492499,1000614
[RESULT] 12,64,7,0.589346170,0.461135864,500307,492499,1000614
[RESULT] 12,64,8,0.575966835,0.508109331,500307,492499,1000614
[RESULT] 12,64,9,0.579129934,0.451150179,500307,492499,1000614
[RESULT] 56,64,0,0.639218330,0.511074305,499810,492057,999620
[RESULT] 56,64,1,0.579526186,0.451148987,499810,492057,999620
[RESULT] 56,64,2,0.640291929,0.512083292,499810,492057,999620
[RESULT] 56,64,3,0.763199091,0.635080099,499810,492057,999620
[RESULT] 56,64,4,0.700664520,0.572128773,499810,492057,999620
[RESULT] 56,64,5,0.513240099,0.389102221,499810,492057,999620
[RESULT] 56,64,6,0.573009729,0.445061207,499810,492057,999620
[RESULT] 56,64,7,0.513014793,0.385074377,499810,492057,999620
[RESULT] 56,64,8,0.508579254,0.384094477,499810,492057,999620
[RESULT] 56,64,9,0.515253782,0.387081861,499810,492057,999620
[RESULT] 11,64,0,0.532170296,0.526035070,500017,492314,1000034
[RESULT] 11,64,1,0.533167601,0.527034521,500017,492314,1000034
[RESULT] 11,64,2,0.534185648,0.528037310,500017,492314,1000034
[RESULT] 11,64,3,0.710133553,0.703953981,500017,492314,1000034
[RESULT] 11,64,4,0.713301897,0.707009554,500017,492314,1000034
[RESULT] 11,64,5,0.529173374,0.523019314,500017,492314,1000034
[RESULT] 11,64,6,0.540180445,0.534027576,500017,492314,1000034
[RESULT] 11,64,7,0.533128977,0.526966095,500017,492314,1000034
[RESULT] 11,64,8,0.533178806,0.527031898,500017,492314,1000034
[RESULT] 11,64,9,0.533172131,0.527038097,500017,492314,1000034
[RESULT] 40,64,0,0.703536749,0.575173855,500142,492252,1000284
[RESULT] 40,64,1,0.700026035,0.572075367,500142,492252,1000284
[RESULT] 40,64,2,0.641006470,0.513080835,500142,492252,1000284
[RESULT] 40,64,3,0.767053127,0.639119387,500142,492252,1000284
[RESULT] 40,64,4,0.647924900,0.580109835,500142,492252,1000284
[RESULT] 40,64,5,0.520921707,0.453132868,500142,492252,1000284
[RESULT] 40,64,6,0.572528362,0.445113897,500142,492252,1000284
[RESULT] 40,64,7,0.577193260,0.449084282,500142,492252,1000284
[RESULT] 40,64,8,0.579923868,0.512089252,500142,492252,1000284
[RESULT] 40,64,9,0.575225830,0.447121382,500142,492252,1000284
[RESULT] 8,64,0,0.707736015,0.575184107,500107,492374,1000214
[RESULT] 8,64,1,0.676222324,0.548106194,500107,492374,1000214
[RESULT] 8,64,2,0.705114126,0.577095509,500107,492374,1000214
[RESULT] 8,64,3,0.770604372,0.642245054,500107,492374,1000214
[RESULT] 8,64,4,0.772001743,0.644063711,500107,492374,1000214
[RESULT] 8,64,5,0.548864126,0.481091022,500107,492374,1000214
[RESULT] 8,64,6,0.640285254,0.512155056,500107,492374,1000214
[RESULT] 8,64,7,0.580843449,0.513105869,500107,492374,1000214
[RESULT] 8,64,8,0.640076637,0.512142658,500107,492374,1000214
[RESULT] 8,64,9,0.638139725,0.510108709,500107,492374,1000214
[RESULT] 28,64,0,0.575320244,0.447077751,500038,492134,1000076
[RESULT] 28,64,1,0.574996710,0.447092533,500038,492134,1000076
[RESULT] 28,64,2,0.450017691,0.321315527,500038,492134,1000076
[RESULT] 28,64,3,0.575489044,0.447096586,500038,492134,1000076
[RESULT] 28,64,4,0.576434135,0.447152853,500038,492134,1000076
[RESULT] 28,64,5,0.581036806,0.453070402,500038,492134,1000076
[RESULT] 28,64,6,0.608080864,0.481140375,500038,492134,1000076
[RESULT] 28,64,7,0.580940485,0.513082504,500038,492134,1000076
[RESULT] 28,64,8,0.640054464,0.512146235,500038,492134,1000076
[RESULT] 28,64,9,0.614638805,0.486081362,500038,492134,1000076
[RESULT] 4,64,0,0.703190327,0.575119257,499887,492096,999774
[RESULT] 4,64,1,0.708748341,0.580072880,499887,492096,999774
[RESULT] 4,64,2,0.705110312,0.577114344,499887,492096,999774
[RESULT] 4,64,3,0.770924568,0.703096151,499887,492096,999774
[RESULT] 4,64,4,0.776072264,0.648079634,499887,492096,999774
[RESULT] 4,64,5,0.576901674,0.509117365,499887,492096,999774
[RESULT] 4,64,6,0.580894709,0.513051987,499887,492096,999774
[RESULT] 4,64,7,0.572983027,0.445099592,499887,492096,999774
[RESULT] 4,64,8,0.600069284,0.472142935,499887,492096,999774
[RESULT] 4,64,9,0.642247438,0.514150858,499887,492096,999774
[RESULT] 16,64,1,0.636139870,0.508096457,499904,491913,999808
[RESULT] 16,64,2,0.705048800,0.577088118,499904,491913,999808
[RESULT] 16,64,3,0.828032494,0.703066349,499904,491913,999808
[RESULT] 16,64,4,0.772345543,0.644073009,499904,491913,999808
[RESULT] 16,64,5,0.580762386,0.517083406,499904,491913,999808
[RESULT] 16,64,6,0.643951178,0.576086521,499904,491913,999808
[RESULT] 16,64,7,0.640997648,0.517153740,499904,491913,999808
[RESULT] 16,64,8,0.646986485,0.518383741,499904,491913,999808
[RESULT] 16,64,9,0.581923485,0.514107943,499904,491913,999808
[RESULT] 44,64,0,0.639365196,0.511122227,500170,492425,1000340
[RESULT] 44,64,1,0.640166759,0.512081146,500170,492425,1000340
[RESULT] 44,64,2,0.576689482,0.448063135,500170,492425,1000340
[RESULT] 44,64,3,0.703246117,0.575113297,500170,492425,1000340
[RESULT] 44,64,4,0.643994093,0.516146183,500170,492425,1000340
[RESULT] 44,64,5,0.460952759,0.393136263,500170,492425,1000340
[RESULT] 44,64,6,0.510721207,0.383080006,500170,492425,1000340
[RESULT] 44,64,7,0.452966452,0.385082483,500170,492425,1000340
[RESULT] 44,64,8,0.576530457,0.448112488,500170,492425,1000340
[RESULT] 44,64,9,0.575246811,0.447092295,500170,492425,1000340
[RESULT] 24,64,0,0.578902245,0.511050940,499933,492024,999866
[RESULT] 24,64,1,0.579963684,0.512079716,499933,492024,999866
[RESULT] 24,64,2,0.576086283,0.448076725,499933,492024,999866
[RESULT] 24,64,3,0.639805079,0.511450529,499933,492024,999866
[RESULT] 24,64,4,0.624557972,0.495424032,499933,492024,999866
[RESULT] 24,64,5,0.520895720,0.453146458,499933,492024,999866
[RESULT] 24,64,6,0.639253139,0.512135506,499933,492024,999866
[RESULT] 24,64,7,0.580930233,0.513074160,499933,492024,999866
[RESULT] 24,64,8,0.640128613,0.512148857,499933,492024,999866
[RESULT] 24,64,9,0.581940413,0.514089346,499933,492024,999866
[RESULT] 32,64,0,0.703186989,0.575080633,500042,492163,1000084
[RESULT] 32,64,1,0.664312363,0.536074400,500042,492163,1000084
[RESULT] 32,64,2,0.705226421,0.577072620,500042,492163,1000084
[RESULT] 32,64,3,0.704874039,0.576199293,500042,492163,1000084
[RESULT] 32,64,4,0.641821623,0.508174419,500042,492163,1000084
[RESULT] 32,64,5,0.637298107,0.509149313,500042,492163,1000084
[RESULT] 32,64,6,0.636074781,0.509111881,500042,492163,1000084
[RESULT] 32,64,7,0.641825914,0.513079643,500042,492163,1000084
[RESULT] 32,64,8,0.640417576,0.512115717,500042,492163,1000084
[RESULT] 32,64,9,0.639180899,0.511066675,500042,492163,1000084
[RESULT] 36,64,0,0.643091679,0.515072823,500031,492197,1000062
[RESULT] 36,64,1,0.640009880,0.512089968,500031,492197,1000062
[RESULT] 36,64,2,0.641180515,0.513100386,500031,492197,1000062
[RESULT] 36,64,3,0.710927963,0.643070936,500031,492197,1000062
[RESULT] 36,64,4,0.706769943,0.578041792,500031,492197,1000062
[RESULT] 36,64,5,0.520952225,0.453125000,500031,492197,1000062
[RESULT] 36,64,6,0.640086174,0.509085178,500031,492197,1000062
[RESULT] 36,64,7,0.516944885,0.445090294,500031,492197,1000062
[RESULT] 36,64,8,0.555935383,0.484080076,500031,492197,1000062
[RESULT] 36,64,9,0.623092651,0.495079994,500031,492197,1000062
[RESULT] 20,64,1,0.643994570,0.516095400,499847,492172,999694
[RESULT] 20,64,2,0.641263723,0.513082504,499847,492172,999694
[RESULT] 20,64,3,0.706874847,0.639070988,499847,492172,999694
[RESULT] 20,64,4,0.643884897,0.576069355,499847,492172,999694
[RESULT] 20,64,5,0.512957573,0.445180416,499847,492172,999694
[RESULT] 20,64,6,0.640223980,0.513149500,499847,492172,999694
[RESULT] 20,64,7,0.637005091,0.509074211,499847,492172,999694
[RESULT] 20,64,8,0.640270472,0.512148619,499847,492172,999694
[RESULT] 20,64,9,0.582925320,0.515082836,499847,492172,999694
