Synthetic Matrix (Weak Scaling): Rows/proc=10000 | Total rows=80000 | NNZ/row=~50 | Procs=8
Matrix distributed and converted to CSR
Ghost columns identified: 437339 total ghost values needed
Local vector initialized (size=10000 per process)
[RESULT] 2,8,0,0.007434130,0.003823757,499748,437445,999496
[RESULT] 2,8,1,0.005789518,0.002278090,499748,437445,999496
[RESULT] 2,8,2,0.005766153,0.002155542,499748,437445,999496
[RESULT] 2,8,3,0.005689383,0.002187014,499748,437445,999496
[RESULT] 2,8,4,0.005666494,0.002111673,499748,437445,999496
[RESULT] 2,8,5,0.005768538,0.002235174,499748,437445,999496
[RESULT] 2,8,6,0.005783796,0.002278566,499748,437445,999496
[RESULT] 2,8,7,0.005890131,0.002322674,499748,437445,999496
[RESULT] 2,8,8,0.005568981,0.002097607,499748,437445,999496
[RESULT] 2,8,9,0.005534410,0.002114058,499748,437445,999496
[RESULT] 7,8,0,0.007062912,0.003477097,500058,437467,1000116
[RESULT] 7,8,1,0.005855799,0.002348661,500058,437467,1000116
[RESULT] 7,8,2,0.006008863,0.002401114,500058,437467,1000116
[RESULT] 7,8,3,0.005742073,0.002238035,500058,437467,1000116
[RESULT] 7,8,4,0.005744219,0.002184153,500058,437467,1000116
[RESULT] 7,8,5,0.005908489,0.002387762,500058,437467,1000116
[RESULT] 7,8,6,0.005836248,0.002332211,500058,437467,1000116
[RESULT] 7,8,7,0.005892277,0.002348423,500058,437467,1000116
[RESULT] 7,8,8,0.005849600,0.002379894,500058,437467,1000116
[RESULT] 7,8,9,0.005743980,0.002329826,500058,437467,1000116
[RESULT] 3,8,0,0.008224249,0.003960133,499898,437328,999796
[RESULT] 3,8,1,0.006090879,0.002196550,499898,437328,999796
[RESULT] 3,8,2,0.006152391,0.002308846,499898,437328,999796
[RESULT] 3,8,3,0.005852222,0.002066135,499898,437328,999796
[RESULT] 3,8,4,0.005974054,0.002166986,499898,437328,999796
[RESULT] 3,8,5,0.005926132,0.002127647,499898,437328,999796
[RESULT] 3,8,6,0.006152630,0.002228498,499898,437328,999796
[RESULT] 3,8,7,0.005993843,0.002097607,499898,437328,999796
[RESULT] 3,8,8,0.006211042,0.002330542,499898,437328,999796
[RESULT] 3,8,9,0.006200314,0.002288103,499898,437328,999796
[RESULT] 5,8,0,0.007942200,0.003619671,500177,437814,1000354
[RESULT] 5,8,1,0.006274700,0.002303123,500177,437814,1000354
[RESULT] 5,8,2,0.006005287,0.002137423,500177,437814,1000354
[RESULT] 5,8,3,0.006023169,0.002186060,500177,437814,1000354
[RESULT] 5,8,4,0.006100416,0.002282381,500177,437814,1000354
[RESULT] 5,8,5,0.005874395,0.002048731,500177,437814,1000354
[RESULT] 5,8,6,0.006147385,0.002221823,500177,437814,1000354
[RESULT] 5,8,7,0.006167650,0.002236843,500177,437814,1000354
[RESULT] 5,8,8,0.006036043,0.002191544,500177,437814,1000354
[RESULT] 5,8,9,0.006251097,0.002330780,500177,437814,1000354
[RESULT] 0,8,0,0.007962704,0.003716946,500109,437339,1000218
[RESULT] 0,8,1,0.006184101,0.002264738,500109,437339,1000218
[RESULT] 0,8,2,0.006287336,0.002453566,500109,437339,1000218
[RESULT] 0,8,3,0.005913019,0.002113104,500109,437339,1000218
[RESULT] 0,8,4,0.005918264,0.002096891,500109,437339,1000218
[RESULT] 0,8,5,0.006176233,0.002372742,500109,437339,1000218
[RESULT] 0,8,6,0.006333590,0.002443790,500109,437339,1000218
[RESULT] 0,8,7,0.006278753,0.002388716,500109,437339,1000218
[RESULT] 0,8,8,0.006105661,0.002272367,500109,437339,1000218
[RESULT] 0,8,9,0.006295204,0.002396822,500109,437339,1000218

Benchmark Summary
Processes: 8
Iterations: 10
Matrix NNZ: 3999715
Total execution time: 0.113 seconds
[RESULT] 4,8,0,0.008263350,0.003954411,499887,437529,999774
[RESULT] 4,8,1,0.006426334,0.002408504,499887,437529,999774
[RESULT] 4,8,2,0.006105900,0.002266169,499887,437529,999774
[RESULT] 4,8,3,0.005986929,0.002209902,499887,437529,999774
[RESULT] 4,8,4,0.006036282,0.002261639,499887,437529,999774
[RESULT] 4,8,5,0.005928278,0.002179384,499887,437529,999774
[RESULT] 4,8,6,0.006310225,0.002417564,499887,437529,999774
[RESULT] 4,8,7,0.006196260,0.002323627,499887,437529,999774
[RESULT] 4,8,8,0.006148815,0.002350569,499887,437529,999774
[RESULT] 4,8,9,0.006305218,0.002432108,499887,437529,999774
[RESULT] 6,8,0,0.008037329,0.003854036,499961,437495,999922
[RESULT] 6,8,1,0.006386757,0.002516985,499961,437495,999922
[RESULT] 6,8,2,0.006047964,0.002305508,499961,437495,999922
[RESULT] 6,8,3,0.006070137,0.002385855,499961,437495,999922
[RESULT] 6,8,4,0.005877733,0.002183199,499961,437495,999922
[RESULT] 6,8,5,0.005936384,0.002223253,499961,437495,999922
[RESULT] 6,8,6,0.006241322,0.002437830,499961,437495,999922
[RESULT] 6,8,7,0.006104946,0.002305508,499961,437495,999922
[RESULT] 6,8,8,0.006103754,0.002376795,499961,437495,999922
[RESULT] 6,8,9,0.006357431,0.002517223,499961,437495,999922
[RESULT] 1,8,0,0.007797718,0.003684759,499877,437248,999754
[RESULT] 1,8,1,0.006453753,0.002525806,499877,437248,999754
[RESULT] 1,8,2,0.006072044,0.002322197,499877,437248,999754
[RESULT] 1,8,3,0.006000280,0.002248049,499877,437248,999754
[RESULT] 1,8,4,0.005938530,0.002171278,499877,437248,999754
[RESULT] 1,8,5,0.005891562,0.002133608,499877,437248,999754
[RESULT] 1,8,6,0.006226301,0.002376318,499877,437248,999754
[RESULT] 1,8,7,0.006087542,0.002248287,499877,437248,999754
[RESULT] 1,8,8,0.006124258,0.002380848,499877,437248,999754
[RESULT] 1,8,9,0.006384373,0.002529144,499877,437248,999754
