Synthetic Matrix (Weak Scaling): Rows/proc=10000 | Total rows=160000 | NNZ/row=~50 | Procs=16
Matrix distributed and converted to CSR
Ghost columns identified: 468852 total ghost values needed
Local vector initialized (size=10000 per process)
[RESULT] 7,16,0,0.016002178,0.012697458,500058,468786,1000116
[RESULT] 7,16,1,0.014682770,0.011442900,500058,468786,1000116
[RESULT] 7,16,2,0.015574932,0.011719704,500058,468786,1000116
[RESULT] 7,16,3,0.014971495,0.011604309,500058,468786,1000116
[RESULT] 7,16,4,0.014484882,0.011213064,500058,468786,1000116
[RESULT] 7,16,5,0.014691114,0.011461973,500058,468786,1000116
[RESULT] 7,16,6,0.014638186,0.011407137,500058,468786,1000116
[RESULT] 7,16,7,0.014609575,0.011383533,500058,468786,1000116
[RESULT] 7,16,8,0.014762640,0.011548519,500058,468786,1000116
[RESULT] 7,16,9,0.014784098,0.011563540,500058,468786,1000116
[RESULT] 6,16,0,0.015850544,0.012367725,499961,468796,999922
[RESULT] 6,16,1,0.014743567,0.011318445,499961,468796,999922
[RESULT] 6,16,2,0.014868259,0.011371851,499961,468796,999922
[RESULT] 6,16,3,0.015394449,0.011992455,499961,468796,999922
[RESULT] 6,16,4,0.014963388,0.011579514,499961,468796,999922
[RESULT] 6,16,5,0.015022516,0.011618614,499961,468796,999922
[RESULT] 6,16,6,0.015232801,0.011852026,499961,468796,999922
[RESULT] 6,16,7,0.015116453,0.011682510,499961,468796,999922
[RESULT] 6,16,8,0.015047312,0.011668682,499961,468796,999922
[RESULT] 6,16,9,0.014977694,0.011599779,499961,468796,999922
[RESULT] 3,16,0,0.016027212,0.012587070,499898,468547,999796
[RESULT] 3,16,1,0.014928818,0.011529684,499898,468547,999796
[RESULT] 3,16,2,0.015194416,0.011755466,499898,468547,999796
[RESULT] 3,16,3,0.015089750,0.011700630,499898,468547,999796
[RESULT] 3,16,4,0.014942884,0.011581898,499898,468547,999796
[RESULT] 3,16,5,0.015056372,0.011672020,499898,468547,999796
[RESULT] 3,16,6,0.015095711,0.011698961,499898,468547,999796
[RESULT] 3,16,7,0.015059471,0.011703968,499898,468547,999796
[RESULT] 3,16,8,0.015055656,0.011707544,499898,468547,999796
[RESULT] 3,16,9,0.015155554,0.011816502,499898,468547,999796
[RESULT] 10,16,0,0.016978741,0.012656689,499829,468882,999658
[RESULT] 10,16,1,0.015898943,0.011684418,499829,468882,999658
[RESULT] 10,16,2,0.016180754,0.011928320,499829,468882,999658
[RESULT] 10,16,3,0.015839577,0.011667728,499829,468882,999658
[RESULT] 10,16,4,0.015398026,0.011242390,499829,468882,999658
[RESULT] 10,16,5,0.015818119,0.011641026,499829,468882,999658
[RESULT] 10,16,6,0.015979528,0.011806488,499829,468882,999658
[RESULT] 10,16,7,0.015805006,0.011644125,499829,468882,999658
[RESULT] 10,16,8,0.015527725,0.011360407,499829,468882,999658
[RESULT] 10,16,9,0.015222311,0.011158466,499829,468882,999658
[RESULT] 0,16,0,0.017032862,0.012716055,500109,468852,1000218
[RESULT] 0,16,1,0.015763521,0.011662722,500109,468852,1000218
[RESULT] 0,16,2,0.016215801,0.011820793,500109,468852,1000218
[RESULT] 0,16,3,0.015396357,0.011251688,500109,468852,1000218
[RESULT] 0,16,4,0.015003920,0.011224508,500109,468852,1000218
[RESULT] 0,16,5,0.015170097,0.011229753,500109,468852,1000218
[RESULT] 0,16,6,0.015502214,0.011615276,500109,468852,1000218
[RESULT] 0,16,7,0.014789581,0.011237144,500109,468852,1000218
[RESULT] 0,16,8,0.014399529,0.011022329,500109,468852,1000218
[RESULT] 0,16,9,0.015285492,0.011301994,500109,468852,1000218

Benchmark Summary
Processes: 16
Iterations: 10
Matrix NNZ: 8000036
Total execution time: 0.429 seconds
[RESULT] 9,16,0,0.016744852,0.012310266,500244,468967,1000488
[RESULT] 9,16,1,0.015576839,0.011364460,500244,468967,1000488
[RESULT] 9,16,2,0.016012669,0.011756182,500244,468967,1000488
[RESULT] 9,16,3,0.016096354,0.011854410,500244,468967,1000488
[RESULT] 9,16,4,0.016192436,0.011974335,500244,468967,1000488
[RESULT] 9,16,5,0.015811682,0.011607647,500244,468967,1000488
[RESULT] 9,16,6,0.015856504,0.011669159,500244,468967,1000488
[RESULT] 9,16,7,0.015616179,0.011409283,500244,468967,1000488
[RESULT] 9,16,8,0.015798807,0.011703730,500244,468967,1000488
[RESULT] 9,16,9,0.015405178,0.011440277,500244,468967,1000488
[RESULT] 4,16,0,0.017396927,0.012531281,499887,468827,999774
[RESULT] 4,16,1,0.016255856,0.011503220,499887,468827,999774
[RESULT] 4,16,2,0.016496897,0.011577129,499887,468827,999774
[RESULT] 4,16,3,0.015632391,0.010918856,499887,468827,999774
[RESULT] 4,16,4,0.015584469,0.010890007,499887,468827,999774
[RESULT] 4,16,5,0.015942097,0.011276722,499887,468827,999774
[RESULT] 4,16,6,0.015510798,0.010860443,499887,468827,999774
[RESULT] 4,16,7,0.015674114,0.011011124,499887,468827,999774
[RESULT] 4,16,8,0.015345335,0.010687113,499887,468827,999774
[RESULT] 4,16,9,0.015529394,0.010917664,499887,468827,999774
[RESULT] 13,16,0,0.016867638,0.012376547,499794,468657,999588
[RESULT] 2,16,0,0.016944885,0.012568951,499748,468444,999496
[RESULT] 2,16,1,0.015413046,0.011107922,499748,468444,999496
[RESULT] 2,16,2,0.016070843,0.011627674,499748,468444,999496
[RESULT] 2,16,3,0.015907288,0.011883020,499748,468444,999496
[RESULT] 2,16,4,0.016114712,0.011928797,499748,468444,999496
[RESULT] 13,16,1,0.015359879,0.011190176,499794,468657,999588
[RESULT] 13,16,2,0.016530991,0.012197018,499794,468657,999588
[RESULT] 13,16,3,0.016127110,0.011879683,499794,468657,999588
[RESULT] 13,16,4,0.016314983,0.012075186,499794,468657,999588
[RESULT] 13,16,5,0.016039848,0.011837244,499794,468657,999588
[RESULT] 11,16,0,0.016830683,0.012617826,500017,468859,1000034
[RESULT] 11,16,1,0.015521288,0.011378050,500017,468859,1000034
[RESULT] 11,16,2,0.015408039,0.011274338,500017,468859,1000034
[RESULT] 11,16,3,0.015505075,0.011542797,500017,468859,1000034
[RESULT] 11,16,4,0.015289783,0.011298656,500017,468859,1000034
[RESULT] 2,16,5,0.015882492,0.011703253,499748,468444,999496
[RESULT] 2,16,6,0.016107082,0.011936426,499748,468444,999496
[RESULT] 2,16,7,0.016905069,0.011908293,499748,468444,999496
[RESULT] 2,16,8,0.016196966,0.011637688,499748,468444,999496
[RESULT] 2,16,9,0.015638351,0.011368752,499748,468444,999496
[RESULT] 11,16,5,0.015659571,0.011596918,500017,468859,1000034
[RESULT] 11,16,6,0.015677452,0.011589050,500017,468859,1000034
[RESULT] 11,16,7,0.015432358,0.011322260,500017,468859,1000034
[RESULT] 11,16,8,0.015693188,0.011586666,500017,468859,1000034
[RESULT] 11,16,9,0.015677691,0.011596441,500017,468859,1000034
[RESULT] 13,16,6,0.016018152,0.011773109,499794,468657,999588
[RESULT] 13,16,7,0.016040564,0.011779785,499794,468657,999588
[RESULT] 13,16,8,0.015718937,0.011670828,499794,468657,999588
[RESULT] 8,16,0,0.017502785,0.012683153,500107,468851,1000214
[RESULT] 8,16,1,0.016242981,0.011536598,500107,468851,1000214
[RESULT] 13,16,9,0.015691280,0.011729956,499794,468657,999588
[RESULT] 8,16,2,0.016409636,0.011550426,500107,468851,1000214
[RESULT] 8,16,3,0.015617847,0.010955572,500107,468851,1000214
[RESULT] 8,16,4,0.015619516,0.010990381,500107,468851,1000214
[RESULT] 1,16,0,0.015995264,0.011667490,499877,468467,999754
[RESULT] 15,16,0,0.016869545,0.012641668,499809,468597,999618
[RESULT] 15,16,1,0.015673876,0.011497259,499809,468597,999618
[RESULT] 15,16,2,0.015901804,0.011753082,499809,468597,999618
[RESULT] 15,16,3,0.015820265,0.011845350,499809,468597,999618
[RESULT] 15,16,4,0.015214920,0.011239529,499809,468597,999618
[RESULT] 15,16,5,0.015414000,0.011409283,499809,468597,999618
[RESULT] 15,16,6,0.015720367,0.011613846,499809,468597,999618
[RESULT] 15,16,7,0.015457153,0.011371613,499809,468597,999618
[RESULT] 15,16,8,0.015595913,0.011502266,499809,468597,999618
[RESULT] 15,16,9,0.015690565,0.011550665,499809,468597,999618
[RESULT] 8,16,5,0.015913725,0.011327744,500107,468851,1000214
[RESULT] 8,16,6,0.015646696,0.011062860,500107,468851,1000214
[RESULT] 1,16,1,0.213717699,0.209167719,499877,468467,999754
[RESULT] 1,16,2,0.016194820,0.011894703,499877,468467,999754
[RESULT] 8,16,7,0.015730143,0.011120558,500107,468851,1000214
[RESULT] 8,16,8,0.016167402,0.011475801,500107,468851,1000214
[RESULT] 1,16,3,0.016065836,0.011778593,499877,468467,999754
[RESULT] 1,16,4,0.016252518,0.012006283,499877,468467,999754
[RESULT] 8,16,9,0.015753269,0.011101007,500107,468851,1000214
[RESULT] 1,16,5,0.016051531,0.011810541,499877,468467,999754
[RESULT] 1,16,6,0.015762329,0.011532307,499877,468467,999754
[RESULT] 1,16,7,0.015939713,0.011686802,499877,468467,999754
[RESULT] 1,16,8,0.015823603,0.011704922,499877,468467,999754
[RESULT] 12,16,0,0.017319441,0.012501240,500307,469078,1000614
[RESULT] 12,16,1,0.016158819,0.011401653,500307,469078,1000614
[RESULT] 12,16,2,0.016349792,0.011402607,500307,469078,1000614
[RESULT] 1,16,9,0.015743971,0.011703491,499877,468467,999754
[RESULT] 12,16,3,0.016027212,0.011305571,500307,469078,1000614
[RESULT] 12,16,4,0.015547752,0.010857821,500307,469078,1000614
[RESULT] 12,16,5,0.016057014,0.011364222,500307,469078,1000614
[RESULT] 12,16,6,0.015900373,0.011191845,500307,469078,1000614
[RESULT] 12,16,7,0.015884876,0.011194944,500307,469078,1000614
[RESULT] 12,16,8,0.015311003,0.010634899,500307,469078,1000614
[RESULT] 12,16,9,0.015780687,0.011063337,500307,469078,1000614
[RESULT] 5,16,0,0.016811609,0.012398720,500177,468950,1000354
[RESULT] 5,16,1,0.015728951,0.011572123,500177,468950,1000354
[RESULT] 5,16,2,0.016247988,0.012007236,500177,468950,1000354
[RESULT] 5,16,3,0.016801596,0.012515783,500177,468950,1000354
[RESULT] 5,16,4,0.016513348,0.012262583,500177,468950,1000354
[RESULT] 5,16,5,0.016184330,0.011980534,500177,468950,1000354
[RESULT] 5,16,6,0.016173840,0.011929750,500177,468950,1000354
[RESULT] 5,16,7,0.016027212,0.011805534,500177,468950,1000354
[RESULT] 5,16,8,0.017555714,0.011738062,500177,468950,1000354
[RESULT] 5,16,9,0.016825438,0.011724472,500177,468950,1000354
[RESULT] 14,16,0,0.016956329,0.012696266,500214,469148,1000428
[RESULT] 14,16,1,0.015302658,0.011135578,500214,469148,1000428
[RESULT] 14,16,2,0.015184879,0.010961056,500214,469148,1000428
[RESULT] 14,16,3,0.015826702,0.011670828,500214,469148,1000428
[RESULT] 14,16,4,0.015184879,0.010977507,500214,469148,1000428
[RESULT] 14,16,5,0.015299082,0.011107445,500214,469148,1000428
[RESULT] 14,16,6,0.015760899,0.011580229,500214,469148,1000428
[RESULT] 14,16,7,0.015445948,0.011279345,500214,469148,1000428
[RESULT] 14,16,8,0.015473604,0.011342049,500214,469148,1000428
[RESULT] 14,16,9,0.016921759,0.010680914,500214,469148,1000428
