Synthetic Matrix (Weak Scaling): Rows/proc=10000 | Total rows=640000 | NNZ/row=~50 | Procs=64
Matrix distributed and converted to CSR
Ghost columns identified: 492321 total ghost values needed
Local vector initialized (size=10000 per process)
[RESULT] 23,64,0,0.244883776,0.238774061,499931,492218,999862
[RESULT] 23,64,1,0.065433264,0.059775114,499931,492218,999862
[RESULT] 23,64,2,0.246160030,0.240807772,499931,492218,999862
[RESULT] 23,64,3,0.236753464,0.231528997,499931,492218,999862
[RESULT] 23,64,4,0.249156475,0.242934942,499931,492218,999862
[RESULT] 23,64,5,0.236599922,0.231339931,499931,492218,999862
[RESULT] 23,64,6,0.244667053,0.237938643,499931,492218,999862
[RESULT] 23,64,7,0.241721392,0.232762814,499931,492218,999862
[RESULT] 23,64,8,0.243024588,0.236258984,499931,492218,999862
[RESULT] 23,64,9,0.232792377,0.226571083,499931,492218,999862
[RESULT] 24,64,0,0.240384579,0.231807232,499933,492024,999866
[RESULT] 24,64,1,0.066102982,0.058940172,499933,492024,999866
[RESULT] 24,64,2,0.257875443,0.241230488,499933,492024,999866
[RESULT] 24,64,3,0.245164871,0.231458902,499933,492024,999866
[RESULT] 24,64,4,0.259732485,0.243006468,499933,492024,999866
[RESULT] 24,64,5,0.249593496,0.230810881,499933,492024,999866
[RESULT] 24,64,6,0.251009464,0.238140583,499933,492024,999866
[RESULT] 24,64,7,0.254775763,0.231903076,499933,492024,999866
[RESULT] 24,64,8,0.244192839,0.235926390,499933,492024,999866
[RESULT] 24,64,9,0.233031988,0.226037264,499933,492024,999866
[RESULT] 25,64,0,0.259143829,0.249943256,500163,492490,1000326
[RESULT] 25,64,1,0.256129265,0.247546911,500163,492490,1000326
[RESULT] 25,64,2,0.248995304,0.242109299,500163,492490,1000326
[RESULT] 25,64,3,0.236999512,0.230646372,500163,492490,1000326
[RESULT] 25,64,4,0.247050762,0.238473415,500163,492490,1000326
[RESULT] 25,64,5,0.255171061,0.247084379,500163,492490,1000326
[RESULT] 25,64,6,0.245893717,0.236651182,500163,492490,1000326
[RESULT] 25,64,7,0.239909410,0.231277704,500163,492490,1000326
[RESULT] 25,64,8,0.255545855,0.246629953,500163,492490,1000326
[RESULT] 25,64,9,0.233481407,0.227175713,500163,492490,1000326
[RESULT] 31,64,0,0.048971176,0.043565273,499871,492070,999742
[RESULT] 31,64,1,0.226493835,0.220015526,499871,492070,999742
[RESULT] 31,64,2,0.248397112,0.242048502,499871,492070,999742
[RESULT] 31,64,3,0.236384630,0.231350422,499871,492070,999742
[RESULT] 31,64,4,0.248663425,0.242841005,499871,492070,999742
[RESULT] 31,64,5,0.235975504,0.231169701,499871,492070,999742
[RESULT] 31,64,6,0.243716717,0.237833261,499871,492070,999742
[RESULT] 31,64,7,0.239912987,0.232885599,499871,492070,999742
[RESULT] 31,64,8,0.249014139,0.243169546,499871,492070,999742
[RESULT] 31,64,9,0.233789444,0.229254007,499871,492070,999742
[RESULT] 29,64,0,0.258348703,0.248659611,499921,492039,999842
[RESULT] 29,64,1,0.255986452,0.247117996,499921,492039,999842
[RESULT] 29,64,2,0.247904301,0.240263462,499921,492039,999842
[RESULT] 29,64,3,0.237254858,0.230559826,499921,492039,999842
[RESULT] 29,64,4,0.247311115,0.238396406,499921,492039,999842
[RESULT] 29,64,5,0.254668713,0.246256590,499921,492039,999842
[RESULT] 29,64,6,0.246069670,0.236566782,499921,492039,999842
[RESULT] 29,64,7,0.241061449,0.231169939,499921,492039,999842
[RESULT] 29,64,8,0.257357836,0.247978210,499921,492039,999842
[RESULT] 29,64,9,0.234061241,0.227119207,499921,492039,999842
[RESULT] 22,64,0,0.241046906,0.232294321,499895,492108,999790
[RESULT] 22,64,1,0.066364050,0.059716463,499895,492108,999790
[RESULT] 22,64,2,0.251241684,0.242042542,499895,492108,999790
[RESULT] 22,64,3,0.239223480,0.231781483,499895,492108,999790
[RESULT] 22,64,4,0.252252340,0.243088961,499895,492108,999790
[RESULT] 22,64,5,0.237792492,0.230563879,499895,492108,999790
[RESULT] 22,64,6,0.246055126,0.237675905,499895,492108,999790
[RESULT] 22,64,7,0.242161989,0.232011318,499895,492108,999790
[RESULT] 22,64,8,0.244186878,0.236198902,499895,492108,999790
[RESULT] 22,64,9,0.233999968,0.227178574,499895,492108,999790
[RESULT] 26,64,0,0.238929033,0.232169390,500146,492276,1000292
[RESULT] 26,64,1,0.226266623,0.219907761,500146,492276,1000292
[RESULT] 26,64,2,0.248752832,0.241904736,500146,492276,1000292
[RESULT] 26,64,3,0.238449812,0.231864691,500146,492276,1000292
[RESULT] 26,64,4,0.249327898,0.242513657,500146,492276,1000292
[RESULT] 26,64,5,0.234944344,0.229300499,500146,492276,1000292
[RESULT] 26,64,6,0.245053053,0.238118410,500146,492276,1000292
[RESULT] 26,64,7,0.242257833,0.232987404,500146,492276,1000292
[RESULT] 26,64,8,0.243204594,0.235970974,500146,492276,1000292
[RESULT] 26,64,9,0.234291792,0.228558779,500146,492276,1000292
[RESULT] 39,64,0,0.237843990,0.230978251,500001,492261,1000002
[RESULT] 39,64,1,0.250458717,0.244226933,500001,492261,1000002
[RESULT] 39,64,2,0.247451544,0.241598606,500001,492261,1000002
[RESULT] 39,64,3,0.237771034,0.232293844,500001,492261,1000002
[RESULT] 39,64,4,0.248801231,0.242922068,500001,492261,1000002
[RESULT] 39,64,5,0.235509157,0.230715752,500001,492261,1000002
[RESULT] 39,64,6,0.243195772,0.237232208,500001,492261,1000002
[RESULT] 39,64,7,0.239622831,0.232897520,500001,492261,1000002
[RESULT] 39,64,8,0.241681576,0.236054897,500001,492261,1000002
[RESULT] 39,64,9,0.234436035,0.229408026,500001,492261,1000002
[RESULT] 33,64,0,0.258400440,0.248762846,500142,492480,1000284
[RESULT] 33,64,1,0.254947424,0.246143818,500142,492480,1000284
[RESULT] 33,64,2,0.243290663,0.235867500,500142,492480,1000284
[RESULT] 33,64,3,0.245083570,0.236535549,500142,492480,1000284
[RESULT] 33,64,4,0.247246504,0.238325834,500142,492480,1000284
[RESULT] 33,64,5,0.256105661,0.248012543,500142,492480,1000284
[RESULT] 33,64,6,0.246002674,0.236490011,500142,492480,1000284
[RESULT] 33,64,7,0.240954638,0.231066942,500142,492480,1000284
[RESULT] 33,64,8,0.258920193,0.250057936,500142,492480,1000284
[RESULT] 33,64,9,0.234882116,0.228164673,500142,492480,1000284
[RESULT] 37,64,0,0.253763199,0.245273113,500242,492471,1000484
[RESULT] 37,64,1,0.256461382,0.247617245,500242,492471,1000484
[RESULT] 37,64,2,0.248277187,0.240652084,500242,492471,1000484
[RESULT] 37,64,3,0.237115383,0.230398893,500242,492471,1000484
[RESULT] 37,64,4,0.247236252,0.238244534,500242,492471,1000484
[RESULT] 37,64,5,0.252966404,0.244758368,500242,492471,1000484
[RESULT] 37,64,6,0.246015549,0.236414194,500242,492471,1000484
[RESULT] 37,64,7,0.241503716,0.230916977,500242,492471,1000484
[RESULT] 37,64,8,0.257839918,0.248468399,500242,492471,1000484
[RESULT] 37,64,9,0.235150099,0.228105307,500242,492471,1000484
[RESULT] 27,64,0,0.239835262,0.232809782,499987,492151,999974
[RESULT] 27,64,1,0.226674318,0.219964981,499987,492151,999974
[RESULT] 27,64,2,0.247273922,0.240804195,499987,492151,999974
[RESULT] 27,64,3,0.237917662,0.231684923,499987,492151,999974
[RESULT] 27,64,4,0.249537468,0.242998600,499987,492151,999974
[RESULT] 27,64,5,0.236575365,0.231098890,499987,492151,999974
[RESULT] 27,64,6,0.244729996,0.238121986,499987,492151,999974
[RESULT] 27,64,7,0.242005348,0.233098269,499987,492151,999974
[RESULT] 27,64,8,0.242523909,0.235981703,499987,492151,999974
[RESULT] 27,64,9,0.235196352,0.229546309,499987,492151,999974
[RESULT] 35,64,0,0.237961054,0.231021166,500089,492327,1000178
[RESULT] 35,64,1,0.226650715,0.219935179,500089,492327,1000178
[RESULT] 35,64,2,0.246556759,0.240268230,500089,492327,1000178
[RESULT] 35,64,3,0.237703323,0.231512070,500089,492327,1000178
[RESULT] 35,64,4,0.249358654,0.242847204,500089,492327,1000178
[RESULT] 35,64,5,0.251348734,0.245109081,500089,492327,1000178
[RESULT] 35,64,6,0.244304895,0.237970352,500089,492327,1000178
[RESULT] 35,64,7,0.241669178,0.232834339,500089,492327,1000178
[RESULT] 35,64,8,0.242491484,0.236007214,500089,492327,1000178
[RESULT] 35,64,9,0.235319376,0.229707718,500089,492327,1000178
[RESULT] 30,64,0,0.051313162,0.044197321,500074,492186,1000148
[RESULT] 30,64,1,0.228013515,0.220151901,500074,492186,1000148
[RESULT] 30,64,2,0.250227213,0.242052794,500074,492186,1000148
[RESULT] 30,64,3,0.239093304,0.231267452,500074,492186,1000148
[RESULT] 30,64,4,0.251293659,0.243055344,500074,492186,1000148
[RESULT] 30,64,5,0.239892721,0.232330561,500074,492186,1000148
[RESULT] 30,64,6,0.245653629,0.237467527,500074,492186,1000148
[RESULT] 30,64,7,0.249815464,0.233096838,500074,492186,1000148
[RESULT] 30,64,8,0.240686417,0.234164715,500074,492186,1000148
[RESULT] 30,64,9,0.235351562,0.229364395,500074,492186,1000148
[RESULT] 44,64,0,0.238431692,0.231082201,500170,492425,1000340
[RESULT] 44,64,1,0.226957083,0.219742775,500170,492425,1000340
[RESULT] 44,64,2,0.247228146,0.239983082,500170,492425,1000340
[RESULT] 44,64,3,0.244164944,0.236734152,500170,492425,1000340
[RESULT] 44,64,4,0.250881433,0.243002176,500170,492425,1000340
[RESULT] 44,64,5,0.236967802,0.230540991,500170,492425,1000340
[RESULT] 44,64,6,0.246085882,0.237998247,500170,492425,1000340
[RESULT] 44,64,7,0.249173164,0.238858223,500170,492425,1000340
[RESULT] 44,64,8,0.243953228,0.235971689,500170,492425,1000340
[RESULT] 44,64,9,0.235536098,0.229197025,500170,492425,1000340
[RESULT] 34,64,0,0.237625837,0.231054306,500135,492315,1000270
[RESULT] 34,64,1,0.226515293,0.219902515,500135,492315,1000270
[RESULT] 34,64,2,0.247373819,0.240626335,500135,492315,1000270
[RESULT] 34,64,3,0.237703323,0.231454372,500135,492315,1000270
[RESULT] 34,64,4,0.249539375,0.242575645,500135,492315,1000270
[RESULT] 34,64,5,0.237550259,0.231265783,500135,492315,1000270
[RESULT] 34,64,6,0.244109154,0.237409592,500135,492315,1000270
[RESULT] 34,64,7,0.241610289,0.233328342,500135,492315,1000270
[RESULT] 34,64,8,0.243493557,0.236087084,500135,492315,1000270
[RESULT] 34,64,9,0.235949516,0.229584217,500135,492315,1000270
[RESULT] 43,64,0,0.236435413,0.230917692,499881,492108,999762
[RESULT] 43,64,1,0.225924969,0.219681978,499881,492108,999762
[RESULT] 43,64,2,0.247533798,0.241941929,499881,492108,999762
[RESULT] 43,64,3,0.242837429,0.236748934,499881,492108,999762
[RESULT] 43,64,4,0.248242140,0.242637157,499881,492108,999762
[RESULT] 43,64,5,0.235327959,0.230024815,499881,492108,999762
[RESULT] 43,64,6,0.244694471,0.237783432,499881,492108,999762
[RESULT] 43,64,7,0.248011351,0.238643646,499881,492108,999762
[RESULT] 43,64,8,0.241834164,0.234886169,499881,492108,999762
[RESULT] 43,64,9,0.236017942,0.229696274,499881,492108,999762
[RESULT] 32,64,0,0.050728798,0.044232368,500042,492163,1000084
[RESULT] 32,64,1,0.227186680,0.219912291,500042,492163,1000084
[RESULT] 32,64,2,0.247224808,0.239901543,500042,492163,1000084
[RESULT] 32,64,3,0.238331079,0.231401682,500042,492163,1000084
[RESULT] 32,64,4,0.250833273,0.242672682,500042,492163,1000084
[RESULT] 32,64,5,0.237427473,0.230846643,500042,492163,1000084
[RESULT] 32,64,6,0.246383190,0.238220453,500042,492163,1000084
[RESULT] 32,64,7,0.242616415,0.232841730,500042,492163,1000084
[RESULT] 32,64,8,0.243096828,0.235090017,500042,492163,1000084
[RESULT] 32,64,9,0.236050129,0.229454756,500042,492163,1000084
[RESULT] 36,64,0,0.239467382,0.231032610,500031,492197,1000062
[RESULT] 36,64,1,0.227200270,0.219815254,500031,492197,1000062
[RESULT] 36,64,2,0.248343945,0.240526199,500031,492197,1000062
[RESULT] 36,64,3,0.237954855,0.230498791,500031,492197,1000062
[RESULT] 36,64,4,0.250532627,0.242650270,500031,492197,1000062
[RESULT] 36,64,5,0.238116980,0.230950356,500031,492197,1000062
[RESULT] 36,64,6,0.245445251,0.237988472,500031,492197,1000062
[RESULT] 36,64,7,0.243423939,0.233023882,500031,492197,1000062
[RESULT] 36,64,8,0.244219065,0.236243963,500031,492197,1000062
[RESULT] 36,64,9,0.236280918,0.229115963,500031,492197,1000062
[RESULT] 42,64,0,0.239761114,0.231008530,499740,491992,999480
[RESULT] 42,64,1,0.227158070,0.219733238,499740,491992,999480
[RESULT] 42,64,2,0.250442028,0.241313934,499740,491992,999480
[RESULT] 42,64,3,0.244675159,0.236886024,499740,491992,999480
[RESULT] 42,64,4,0.252173901,0.242954731,499740,491992,999480
[RESULT] 42,64,5,0.238773108,0.231342077,499740,491992,999480
[RESULT] 42,64,6,0.246011257,0.237602711,499740,491992,999480
[RESULT] 42,64,7,0.249387503,0.238749981,499740,491992,999480
[RESULT] 42,64,8,0.243272543,0.235134125,499740,491992,999480
[RESULT] 42,64,9,0.236401320,0.229388952,499740,491992,999480
[RESULT] 38,64,0,0.239994287,0.231108427,500248,492340,1000496
[RESULT] 38,64,1,0.227184057,0.219737291,500248,492340,1000496
[RESULT] 38,64,2,0.250211716,0.241087198,500248,492340,1000496
[RESULT] 38,64,3,0.238522530,0.231279373,500248,492340,1000496
[RESULT] 38,64,4,0.252438307,0.243190289,500248,492340,1000496
[RESULT] 38,64,5,0.238613605,0.231181145,500248,492340,1000496
[RESULT] 38,64,6,0.246017694,0.237594128,500248,492340,1000496
[RESULT] 38,64,7,0.243116379,0.232708216,500248,492340,1000496
[RESULT] 38,64,8,0.243828297,0.235662222,500248,492340,1000496
[RESULT] 38,64,9,0.236763239,0.229686260,500248,492340,1000496
[RESULT] 28,64,0,0.252022982,0.244728327,500038,492134,1000076
[RESULT] 28,64,1,0.228237152,0.220201492,500038,492134,1000076
[RESULT] 28,64,2,0.250089645,0.241867304,500038,492134,1000076
[RESULT] 28,64,3,0.239052534,0.231686592,500038,492134,1000076
[RESULT] 28,64,4,0.250576019,0.242908955,500038,492134,1000076
[RESULT] 28,64,5,0.237461567,0.230296850,500038,492134,1000076
[RESULT] 28,64,6,0.244393110,0.237210751,500038,492134,1000076
[RESULT] 28,64,7,0.243185759,0.232991457,500038,492134,1000076
[RESULT] 28,64,8,0.244671822,0.236473560,500038,492134,1000076
[RESULT] 28,64,9,0.236844063,0.229565620,500038,492134,1000076
[RESULT] 40,64,0,0.239458084,0.230991125,500142,492252,1000284
[RESULT] 40,64,1,0.227047443,0.219613075,500142,492252,1000284
[RESULT] 40,64,2,0.248800755,0.240867376,500142,492252,1000284
[RESULT] 40,64,3,0.238761902,0.231298923,500142,492252,1000284
[RESULT] 40,64,4,0.249325275,0.241429090,500142,492252,1000284
[RESULT] 40,64,5,0.238128185,0.230926752,500142,492252,1000284
[RESULT] 40,64,6,0.244648457,0.237118244,500142,492252,1000284
[RESULT] 40,64,7,0.243552446,0.233181477,500142,492252,1000284
[RESULT] 40,64,8,0.243925333,0.235989332,500142,492252,1000284
[RESULT] 40,64,9,0.236911774,0.229729891,500142,492252,1000284
[RESULT] 41,64,0,0.255712748,0.246435642,500268,492503,1000536
[RESULT] 41,64,1,0.224933624,0.218902349,500268,492503,1000536
[RESULT] 41,64,2,0.240019798,0.233647585,500268,492503,1000536
[RESULT] 41,64,3,0.244519472,0.235912800,500268,492503,1000536
[RESULT] 41,64,4,0.247021437,0.238166571,500268,492503,1000536
[RESULT] 41,64,5,0.234318018,0.228211164,500268,492503,1000536
[RESULT] 41,64,6,0.245828629,0.236337662,500268,492503,1000536
[RESULT] 41,64,7,0.247706413,0.237924814,500268,492503,1000536
[RESULT] 41,64,8,0.257088900,0.247779846,500268,492503,1000536
[RESULT] 41,64,9,0.237186432,0.228028059,500268,492503,1000536
[RESULT] 47,64,0,0.237507105,0.230815411,499936,492186,999872
[RESULT] 47,64,1,0.225867271,0.219439030,499936,492186,999872
[RESULT] 47,64,2,0.245918751,0.240309715,499936,492186,999872
[RESULT] 47,64,3,0.242891550,0.236889362,499936,492186,999872
[RESULT] 47,64,4,0.245668173,0.240853548,499936,492186,999872
[RESULT] 47,64,5,0.241404295,0.235676765,499936,492186,999872
[RESULT] 47,64,6,0.235259056,0.230395317,499936,492186,999872
[RESULT] 47,64,7,0.245892525,0.238733768,499936,492186,999872
[RESULT] 47,64,8,0.241170645,0.236120462,499936,492186,999872
[RESULT] 47,64,9,0.238438368,0.232871294,499936,492186,999872
[RESULT] 45,64,0,0.258853674,0.249273777,500249,492534,1000498
[RESULT] 45,64,1,0.255439043,0.246602058,500249,492534,1000498
[RESULT] 45,64,2,0.242290497,0.235342979,500249,492534,1000498
[RESULT] 45,64,3,0.244649649,0.235855818,500249,492534,1000498
[RESULT] 45,64,4,0.247023106,0.238087416,500249,492534,1000498
[RESULT] 45,64,5,0.254187346,0.245759010,500249,492534,1000498
[RESULT] 45,64,6,0.245767355,0.236242533,500249,492534,1000498
[RESULT] 45,64,7,0.256426096,0.248179436,500249,492534,1000498
[RESULT] 45,64,8,0.259645462,0.251142502,500249,492534,1000498
[RESULT] 45,64,9,0.238601446,0.232164860,500249,492534,1000498
[RESULT] 51,64,0,0.237839937,0.231055498,500031,492316,1000062
[RESULT] 51,64,1,0.226350784,0.219802380,500031,492316,1000062
[RESULT] 51,64,2,0.248322964,0.241906166,500031,492316,1000062
[RESULT] 51,64,3,0.242798090,0.236862421,500031,492316,1000062
[RESULT] 51,64,4,0.244328976,0.239727974,500031,492316,1000062
[RESULT] 51,64,5,0.241651297,0.235726833,500031,492316,1000062
[RESULT] 51,64,6,0.234970808,0.230113983,500031,492316,1000062
[RESULT] 51,64,7,0.246380568,0.238679886,500031,492316,1000062
[RESULT] 51,64,8,0.238864660,0.234285116,500031,492316,1000062
[RESULT] 51,64,9,0.238767624,0.232890844,500031,492316,1000062
[RESULT] 50,64,0,0.248733521,0.242479563,499732,491852,999464
[RESULT] 50,64,1,0.226136208,0.219508886,499732,491852,999464
[RESULT] 50,64,2,0.248938084,0.242113113,499732,491852,999464
[RESULT] 50,64,3,0.243266106,0.236751080,499732,491852,999464
[RESULT] 50,64,4,0.247849703,0.240974188,499732,491852,999464
[RESULT] 50,64,5,0.242463589,0.235701799,499732,491852,999464
[RESULT] 50,64,6,0.236339569,0.230062246,499732,491852,999464
[RESULT] 50,64,7,0.247405291,0.238618851,499732,491852,999464
[RESULT] 50,64,8,0.243361235,0.236009121,499732,491852,999464
[RESULT] 50,64,9,0.239317417,0.232841730,499732,491852,999464
[RESULT] 48,64,0,0.237985134,0.230905533,499937,492174,999874
[RESULT] 48,64,1,0.227518082,0.219655037,499937,492174,999874
[RESULT] 48,64,2,0.249930859,0.241711617,499937,492174,999874
[RESULT] 48,64,3,0.244069338,0.236651897,499937,492174,999874
[RESULT] 48,64,4,0.245803833,0.238188028,499937,492174,999874
[RESULT] 48,64,5,0.243757010,0.235855818,499937,492174,999874
[RESULT] 48,64,6,0.236949921,0.230058670,499937,492174,999874
[RESULT] 48,64,7,0.250130177,0.238870621,499937,492174,999874
[RESULT] 48,64,8,0.241133690,0.233532906,499937,492174,999874
[RESULT] 48,64,9,0.240194559,0.232939720,499937,492174,999874
[RESULT] 52,64,0,0.239240408,0.230898380,499829,491930,999658
[RESULT] 52,64,1,0.226138115,0.218755007,499829,491930,999658
[RESULT] 52,64,2,0.249746323,0.241835833,499829,491930,999658
[RESULT] 52,64,3,0.243797302,0.236547947,499829,491930,999658
[RESULT] 52,64,4,0.247684956,0.240144730,499829,491930,999658
[RESULT] 52,64,5,0.243358612,0.235885382,499829,491930,999658
[RESULT] 52,64,6,0.236055374,0.229234934,499829,491930,999658
[RESULT] 52,64,7,0.248716831,0.238452196,499829,491930,999658
[RESULT] 52,64,8,0.243834972,0.235965729,499829,491930,999658
[RESULT] 52,64,9,0.240162611,0.232983112,499829,491930,999658
[RESULT] 46,64,0,0.239794970,0.231011391,500151,492563,1000302
[RESULT] 46,64,1,0.227293015,0.219906092,500151,492563,1000302
[RESULT] 46,64,2,0.251298428,0.242104292,500151,492563,1000302
[RESULT] 46,64,3,0.244598627,0.236767054,500151,492563,1000302
[RESULT] 46,64,4,0.250645161,0.241548300,500151,492563,1000302
[RESULT] 46,64,5,0.243723154,0.235778809,500151,492563,1000302
[RESULT] 46,64,6,0.236499310,0.229642630,500151,492563,1000302
[RESULT] 46,64,7,0.249387741,0.238749504,500151,492563,1000302
[RESULT] 46,64,8,0.242837906,0.234757662,500151,492563,1000302
[RESULT] 46,64,9,0.240624666,0.232944727,500151,492563,1000302
[RESULT] 49,64,0,0.257345438,0.247600794,500181,492367,1000362
[RESULT] 49,64,1,0.255794525,0.246825457,500181,492367,1000362
[RESULT] 49,64,2,0.247747421,0.239962339,500181,492367,1000362
[RESULT] 49,64,3,0.244609118,0.235775232,500181,492367,1000362
[RESULT] 49,64,4,0.235976696,0.229536295,500181,492367,1000362
[RESULT] 49,64,5,0.254180431,0.245745420,500181,492367,1000362
[RESULT] 49,64,6,0.235598087,0.229200125,500181,492367,1000362
[RESULT] 49,64,7,0.247404099,0.237779617,500181,492367,1000362
[RESULT] 49,64,8,0.257078171,0.247624636,500181,492367,1000362
[RESULT] 49,64,9,0.241726398,0.235336781,500181,492367,1000362
[RESULT] 53,64,0,0.255378246,0.246156454,500111,492435,1000222
[RESULT] 53,64,1,0.256502390,0.247783184,500111,492435,1000222
[RESULT] 53,64,2,0.248181820,0.239719868,500111,492435,1000222
[RESULT] 53,64,3,0.243795156,0.235703230,500111,492435,1000222
[RESULT] 53,64,4,0.237087488,0.229471684,500111,492435,1000222
[RESULT] 53,64,5,0.253586531,0.247071266,500111,492435,1000222
[RESULT] 53,64,6,0.244326830,0.238212585,500111,492435,1000222
[RESULT] 53,64,7,0.251247406,0.237849474,500111,492435,1000222
[RESULT] 53,64,8,0.234994173,0.230142117,500111,492435,1000222
[RESULT] 53,64,9,0.246242523,0.241318226,500111,492435,1000222
[RESULT] 15,64,0,0.239531040,0.232604980,499809,491991,999618
[RESULT] 15,64,1,0.048269987,0.042570829,499809,491991,999618
[RESULT] 15,64,2,0.247852087,0.241275311,499809,491991,999618
[RESULT] 15,64,3,0.237756491,0.231686115,499809,491991,999618
[RESULT] 15,64,4,0.249380112,0.242948055,499809,491991,999618
[RESULT] 15,64,5,0.249292612,0.243222952,499809,491991,999618
[RESULT] 15,64,6,0.244923353,0.238568306,499809,491991,999618
[RESULT] 15,64,7,0.241695404,0.232986450,499809,491991,999618
[RESULT] 15,64,8,0.239694834,0.233932972,499809,491991,999618
[RESULT] 15,64,9,0.247729778,0.241490364,499809,491991,999618
[RESULT] 19,64,0,0.238486290,0.232616663,500070,492341,1000140
[RESULT] 19,64,1,0.064943790,0.059366226,500070,492341,1000140
[RESULT] 19,64,2,0.247915506,0.241859913,500070,492341,1000140
[RESULT] 19,64,3,0.237527132,0.231556416,500070,492341,1000140
[RESULT] 19,64,4,0.249541283,0.243050098,500070,492341,1000140
[RESULT] 19,64,5,0.242966413,0.236691236,500070,492341,1000140
[RESULT] 19,64,6,0.244452477,0.237983704,500070,492341,1000140
[RESULT] 19,64,7,0.241461515,0.232537508,500070,492341,1000140
[RESULT] 19,64,8,0.242857695,0.236125708,500070,492341,1000140
[RESULT] 19,64,9,0.248037338,0.241473198,500070,492341,1000140
[RESULT] 18,64,0,0.241435766,0.232546568,500038,491949,1000076
[RESULT] 18,64,1,0.066463947,0.059705973,500038,491949,1000076
[RESULT] 18,64,2,0.254609585,0.241721869,500038,491949,1000076
[RESULT] 18,64,3,0.245170593,0.231674194,500038,491949,1000076
[RESULT] 18,64,4,0.256634712,0.243136883,500038,491949,1000076
[RESULT] 18,64,5,0.248582840,0.236888885,500038,491949,1000076
[RESULT] 18,64,6,0.251687288,0.238031387,500038,491949,1000076
[RESULT] 18,64,7,0.255087852,0.233135223,500038,491949,1000076
[RESULT] 18,64,8,0.242755890,0.235646009,500038,491949,1000076
[RESULT] 18,64,9,0.248150110,0.241437912,500038,491949,1000076
[RESULT] 10,64,0,0.239463091,0.232747555,499829,492191,999658
[RESULT] 10,64,1,0.049233913,0.043486118,499829,492191,999658
[RESULT] 10,64,2,0.247120857,0.240671158,499829,492191,999658
[RESULT] 10,64,3,0.238177299,0.231715202,499829,492191,999658
[RESULT] 10,64,4,0.247634172,0.241351843,499829,492191,999658
[RESULT] 10,64,5,0.243409634,0.237321138,499829,492191,999658
[RESULT] 10,64,6,0.244500875,0.237747669,499829,492191,999658
[RESULT] 10,64,7,0.240082741,0.231299162,499829,492191,999658
[RESULT] 10,64,8,0.243480444,0.236299515,499829,492191,999658
[RESULT] 10,64,9,0.248262167,0.241720915,499829,492191,999658
[RESULT] 3,64,0,0.238884449,0.232946634,499898,492124,999796
[RESULT] 3,64,1,0.048006296,0.042796135,499898,492124,999796
[RESULT] 3,64,2,0.248078823,0.241958380,499898,492124,999796
[RESULT] 3,64,3,0.242283106,0.236462116,499898,492124,999796
[RESULT] 3,64,4,0.248526096,0.242911100,499898,492124,999796
[RESULT] 3,64,5,0.243127584,0.237146378,499898,492124,999796
[RESULT] 3,64,6,0.244420052,0.237723112,499898,492124,999796
[RESULT] 3,64,7,0.247671604,0.238378048,499898,492124,999796
[RESULT] 3,64,8,0.241588116,0.234719515,499898,492124,999796
[RESULT] 3,64,9,0.248342514,0.241886854,499898,492124,999796
[RESULT] 21,64,0,0.256270647,0.246987581,500015,492143,1000030
[RESULT] 21,64,1,0.255247116,0.246581793,500015,492143,1000030
[RESULT] 21,64,2,0.248498440,0.241255522,500015,492143,1000030
[RESULT] 21,64,3,0.242560148,0.234182358,500015,492143,1000030
[RESULT] 21,64,4,0.247205734,0.238552332,500015,492143,1000030
[RESULT] 21,64,5,0.254978895,0.246797323,500015,492143,1000030
[RESULT] 21,64,6,0.246030092,0.236733437,500015,492143,1000030
[RESULT] 21,64,7,0.237442970,0.228860855,500015,492143,1000030
[RESULT] 21,64,8,0.257499695,0.248379946,500015,492143,1000030
[RESULT] 21,64,9,0.248337507,0.240735054,500015,492143,1000030
[RESULT] 2,64,0,0.239595413,0.232854605,499748,491924,999496
[RESULT] 2,64,1,0.048972607,0.043206453,499748,491924,999496
[RESULT] 2,64,2,0.249021769,0.242092133,499748,491924,999496
[RESULT] 2,64,3,0.242820978,0.236411572,499748,491924,999496
[RESULT] 2,64,4,0.249761581,0.243052244,499748,491924,999496
[RESULT] 2,64,5,0.253544331,0.247451305,499748,491924,999496
[RESULT] 2,64,6,0.243674994,0.237236500,499748,491924,999496
[RESULT] 2,64,7,0.247742653,0.238430023,499748,491924,999496
[RESULT] 2,64,8,0.242846489,0.235747337,499748,491924,999496
[RESULT] 2,64,9,0.248424053,0.241858482,499748,491924,999496
[RESULT] 7,64,0,0.238883495,0.232897758,500058,492322,1000116
[RESULT] 7,64,1,0.048352480,0.042968512,500058,492322,1000116
[RESULT] 7,64,2,0.248233318,0.242015123,500058,492322,1000116
[RESULT] 7,64,3,0.242063046,0.236229658,500058,492322,1000116
[RESULT] 7,64,4,0.248843431,0.243034124,500058,492322,1000116
[RESULT] 7,64,5,0.242851496,0.236838579,500058,492322,1000116
[RESULT] 7,64,6,0.244138718,0.237416029,500058,492322,1000116
[RESULT] 7,64,7,0.247116566,0.237747669,500058,492322,1000116
[RESULT] 7,64,8,0.242483616,0.235663176,500058,492322,1000116
[RESULT] 7,64,9,0.248361588,0.241887093,500058,492322,1000116
[RESULT] 55,64,0,0.237906456,0.230944872,500021,492209,1000042
[RESULT] 55,64,1,0.226040363,0.219205618,500021,492209,1000042
[RESULT] 55,64,2,0.248566866,0.241886139,500021,492209,1000042
[RESULT] 55,64,3,0.242855310,0.236615896,500021,492209,1000042
[RESULT] 55,64,4,0.248002052,0.241983414,500021,492209,1000042
[RESULT] 55,64,5,0.243225098,0.237352133,500021,492209,1000042
[RESULT] 55,64,6,0.239924192,0.234076023,500021,492209,1000042
[RESULT] 55,64,7,0.247591257,0.238495827,500021,492209,1000042
[RESULT] 55,64,8,0.242421865,0.235983849,500021,492209,1000042
[RESULT] 55,64,9,0.248602390,0.242189884,500021,492209,1000042
[RESULT] 14,64,0,0.241340160,0.232650995,500214,492521,1000428
[RESULT] 14,64,1,0.049677610,0.042888641,500214,492521,1000428
[RESULT] 14,64,2,0.251183271,0.242070198,500214,492521,1000428
[RESULT] 14,64,3,0.239151716,0.231760502,500214,492521,1000428
[RESULT] 14,64,4,0.252280951,0.243170738,500214,492521,1000428
[RESULT] 14,64,5,0.244756937,0.237114429,500214,492521,1000428
[RESULT] 14,64,6,0.245795250,0.237550735,500214,492521,1000428
[RESULT] 14,64,7,0.241356850,0.231422424,500214,492521,1000428
[RESULT] 14,64,8,0.242035151,0.234163761,500214,492521,1000428
[RESULT] 14,64,9,0.248619080,0.241570234,500214,492521,1000428
[RESULT] 9,64,0,0.259898663,0.250825882,500244,492497,1000488
[RESULT] 9,64,1,0.252861500,0.244776964,500244,492497,1000488
[RESULT] 9,64,2,0.244040251,0.236367464,500244,492497,1000488
[RESULT] 9,64,3,0.244085312,0.235295773,500244,492497,1000488
[RESULT] 11,64,0,0.238894939,0.232959270,500017,492314,1000034
[RESULT] 11,64,1,0.048331261,0.043035746,500017,492314,1000034
[RESULT] 11,64,2,0.248262167,0.242013931,500017,492314,1000034
[RESULT] 11,64,3,0.237881422,0.231713772,500017,492314,1000034
[RESULT] 11,64,4,0.249341488,0.242799520,500017,492314,1000034
[RESULT] 11,64,5,0.243359804,0.236968279,500017,492314,1000034
[RESULT] 11,64,6,0.243194342,0.236625195,500017,492314,1000034
[RESULT] 11,64,7,0.240840197,0.231643200,500017,492314,1000034
[RESULT] 11,64,8,0.242536545,0.235699654,500017,492314,1000034
[RESULT] 11,64,9,0.248677254,0.241719246,500017,492314,1000034
[RESULT] 9,64,4,0.246756315,0.237829447,500244,492497,1000488
[RESULT] 9,64,5,0.243160009,0.236181498,500244,492497,1000488
[RESULT] 9,64,6,0.245296478,0.235787868,500244,492497,1000488
[RESULT] 9,64,7,0.246764183,0.237164021,500244,492497,1000488
[RESULT] 9,64,8,0.236035824,0.229799509,500244,492497,1000488
[RESULT] 9,64,9,0.248785257,0.240961552,500244,492497,1000488
[RESULT] 1,64,0,0.255943060,0.246629000,499877,492195,999754
[RESULT] 1,64,1,0.258219004,0.248160601,499877,492195,999754
[RESULT] 1,64,2,0.246589422,0.239518404,499877,492195,999754
[RESULT] 1,64,3,0.252247334,0.235482216,499877,492195,999754
[RESULT] 1,64,4,0.254341841,0.237986803,499877,492195,999754
[RESULT] 1,64,5,0.251666784,0.236313820,499877,492195,999754
[RESULT] 1,64,6,0.252745867,0.235957861,499877,492195,999754
[RESULT] 1,64,7,0.255448103,0.237609863,499877,492195,999754
[RESULT] 1,64,8,0.256927967,0.247636080,499877,492195,999754
[RESULT] 1,64,9,0.248840332,0.241117001,499877,492195,999754
[RESULT] 58,64,0,0.237260342,0.230589151,500063,492158,1000126
[RESULT] 58,64,1,0.049346685,0.043346643,500063,492158,1000126
[RESULT] 58,64,2,0.248797894,0.241896391,500063,492158,1000126
[RESULT] 58,64,3,0.243281126,0.236763000,500063,492158,1000126
[RESULT] 58,64,4,0.248341084,0.241331339,500063,492158,1000126
[RESULT] 58,64,5,0.244256258,0.237322569,500063,492158,1000126
[RESULT] 58,64,6,0.241008759,0.234254837,500063,492158,1000126
[RESULT] 58,64,7,0.247441530,0.238627911,500063,492158,1000126
[RESULT] 58,64,8,0.243741751,0.236293077,500063,492158,1000126
[RESULT] 58,64,9,0.248842955,0.242067575,500063,492158,1000126
[RESULT] 17,64,0,0.259485483,0.249952793,500225,492398,1000450
[RESULT] 17,64,1,0.254850626,0.245838165,500225,492398,1000450
[RESULT] 17,64,2,0.276483297,0.270511627,500225,492398,1000450
[RESULT] 17,64,3,0.246450663,0.237988710,500225,492398,1000450
[RESULT] 17,64,4,0.247648001,0.238633156,500225,492398,1000450
[RESULT] 17,64,5,0.255915642,0.247572899,500225,492398,1000450
[RESULT] 59,64,0,0.237326622,0.230608463,500239,492374,1000478
[RESULT] 59,64,1,0.048847198,0.042961836,500239,492374,1000478
[RESULT] 59,64,2,0.252620459,0.241716623,500239,492374,1000478
[RESULT] 59,64,3,0.247770309,0.236515522,500239,492374,1000478
[RESULT] 59,64,4,0.253263235,0.240921736,500239,492374,1000478
[RESULT] 59,64,5,0.254569054,0.243411064,500239,492374,1000478
[RESULT] 59,64,6,0.245116711,0.233338594,500239,492374,1000478
[RESULT] 59,64,7,0.257927895,0.238385916,500239,492374,1000478
[RESULT] 59,64,8,0.241344929,0.234752655,500239,492374,1000478
[RESULT] 59,64,9,0.248787642,0.242017984,500239,492374,1000478
[RESULT] 17,64,6,0.246464252,0.236820459,500225,492398,1000450
[RESULT] 17,64,7,0.238114119,0.229000330,500225,492398,1000450
[RESULT] 17,64,8,0.236714840,0.230650902,500225,492398,1000450
[RESULT] 17,64,9,0.248870134,0.240817785,500225,492398,1000450
[RESULT] 5,64,0,0.258025408,0.248244524,500177,492473,1000354
[RESULT] 5,64,1,0.049417973,0.043408155,500177,492473,1000354
[RESULT] 5,64,2,0.247539997,0.239665031,500177,492473,1000354
[RESULT] 5,64,3,0.244311333,0.235379457,500177,492473,1000354
[RESULT] 5,64,4,0.246929884,0.237918377,500177,492473,1000354
[RESULT] 5,64,5,0.243391752,0.236243725,500177,492473,1000354
[RESULT] 5,64,6,0.245437145,0.235864401,500177,492473,1000354
[RESULT] 5,64,7,0.247504473,0.237280130,500177,492473,1000354
[RESULT] 5,64,8,0.257851124,0.248426914,500177,492473,1000354
[RESULT] 5,64,9,0.248996735,0.241030216,500177,492473,1000354
[RESULT] 61,64,0,0.260113239,0.251154184,500134,492183,1000268
[RESULT] 61,64,1,0.256796837,0.247557878,500134,492183,1000268
[RESULT] 61,64,2,0.245409250,0.239862919,500134,492183,1000268
[RESULT] 61,64,3,0.245670080,0.235549450,500134,492183,1000268
[RESULT] 61,64,4,0.236532450,0.230323315,500134,492183,1000268
[RESULT] 61,64,5,0.255306005,0.246739864,500134,492183,1000268
[RESULT] 61,64,6,0.245603561,0.236004114,500134,492183,1000268
[RESULT] 61,64,7,0.247746229,0.237529516,500134,492183,1000268
[RESULT] 20,64,0,0.240991116,0.232761145,499847,492172,999694
[RESULT] 20,64,1,0.066043139,0.059034586,499847,492172,999694
[RESULT] 20,64,2,0.249663830,0.241625309,499847,492172,999694
[RESULT] 20,64,3,0.239276648,0.231777430,499847,492172,999694
[RESULT] 20,64,4,0.250956774,0.243188620,499847,492172,999694
[RESULT] 20,64,5,0.244621277,0.237183571,499847,492172,999694
[RESULT] 20,64,6,0.245274305,0.237793207,499847,492172,999694
[RESULT] 20,64,7,0.243251562,0.232817411,499847,492172,999694
[RESULT] 20,64,8,0.243291140,0.235368252,499847,492172,999694
[RESULT] 20,64,9,0.248872995,0.241592884,499847,492172,999694
[RESULT] 61,64,8,0.256149530,0.246673346,500134,492183,1000268
[RESULT] 61,64,9,0.249034405,0.241179705,500134,492183,1000268
[RESULT] 6,64,0,0.241642714,0.232895851,499961,492122,999922
[RESULT] 6,64,1,0.049818277,0.042894363,499961,492122,999922
[RESULT] 6,64,2,0.251215696,0.241851807,499961,492122,999922
[RESULT] 6,64,3,0.244382381,0.236321211,499961,492122,999922
[RESULT] 6,64,4,0.250867605,0.241596222,499961,492122,999922
[RESULT] 6,64,5,0.244939566,0.237170696,499961,492122,999922
[RESULT] 6,64,6,0.246408939,0.237981081,499961,492122,999922
[RESULT] 6,64,7,0.248863459,0.238019228,499961,492122,999922
[RESULT] 6,64,8,0.243811369,0.235702515,499961,492122,999922
[RESULT] 6,64,9,0.249101877,0.241971016,499961,492122,999922
[RESULT] 16,64,0,0.240547419,0.232896328,499904,491913,999808
[RESULT] 16,64,1,0.065438032,0.059098244,499904,491913,999808
[RESULT] 16,64,2,0.249336243,0.241510630,499904,491913,999808
[RESULT] 16,64,3,0.238355398,0.231694698,499904,491913,999808
[RESULT] 62,64,0,0.241414070,0.232880831,499810,492134,999620
[RESULT] 62,64,1,0.050045252,0.043317556,499810,492134,999620
[RESULT] 62,64,2,0.251128912,0.241987705,499810,492134,999620
[RESULT] 62,64,3,0.244249821,0.236473560,499810,492134,999620
[RESULT] 62,64,4,0.251648188,0.242489338,499810,492134,999620
[RESULT] 62,64,5,0.244895935,0.237293720,499810,492134,999620
[RESULT] 62,64,6,0.245098352,0.236940145,499810,492134,999620
[RESULT] 62,64,7,0.249175072,0.238631010,499810,492134,999620
[RESULT] 62,64,8,0.243561029,0.235570192,499810,492134,999620
[RESULT] 62,64,9,0.249104500,0.242184639,499810,492134,999620
[RESULT] 16,64,4,0.250142813,0.242402554,499904,491913,999808
[RESULT] 16,64,5,0.250324249,0.243496418,499904,491913,999808
[RESULT] 16,64,6,0.245824099,0.237999678,499904,491913,999808
[RESULT] 16,64,7,0.240569830,0.231277704,499904,491913,999808
[RESULT] 16,64,8,0.243602753,0.235666990,499904,491913,999808
[RESULT] 16,64,9,0.249101400,0.241610050,499904,491913,999808
[RESULT] 56,64,0,0.237837315,0.230808020,499810,492057,999620
[RESULT] 56,64,1,0.227494478,0.219709396,499810,492057,999620
[RESULT] 56,64,2,0.250101805,0.242014647,499810,492057,999620
[RESULT] 56,64,3,0.243860483,0.236518621,499810,492057,999620
[RESULT] 56,64,4,0.248049736,0.240290880,499810,492057,999620
[RESULT] 56,64,5,0.245145321,0.237430811,499810,492057,999620
[RESULT] 56,64,6,0.241147995,0.234142542,499810,492057,999620
[RESULT] 56,64,7,0.249856234,0.238710165,499810,492057,999620
[RESULT] 57,64,0,0.256661415,0.247016907,499899,491971,999798
[RESULT] 57,64,1,0.224733829,0.218588114,499899,491971,999798
[RESULT] 57,64,2,0.242262363,0.235145807,499899,491971,999798
[RESULT] 56,64,8,0.243891001,0.235716820,499810,492057,999620
[RESULT] 56,64,9,0.249155045,0.242041111,499810,492057,999620
[RESULT] 12,64,0,0.240430117,0.232793570,500307,492499,1000614
[RESULT] 12,64,1,0.049713850,0.043205261,500307,492499,1000614
[RESULT] 12,64,2,0.249985456,0.242107868,500307,492499,1000614
[RESULT] 12,64,3,0.238374472,0.231732845,500307,492499,1000614
[RESULT] 12,64,4,0.250309944,0.242403269,500307,492499,1000614
[RESULT] 12,64,5,0.254437685,0.247526646,500307,492499,1000614
[RESULT] 12,64,6,0.244142294,0.236771822,500307,492499,1000614
[RESULT] 12,64,7,0.242366552,0.232727766,500307,492499,1000614
[RESULT] 12,64,8,0.243505716,0.235598564,500307,492499,1000614
[RESULT] 12,64,9,0.249207973,0.241716623,500307,492499,1000614
[RESULT] 57,64,3,0.244446278,0.235615492,499899,491971,999798
[RESULT] 57,64,4,0.236407518,0.230180264,499899,491971,999798
[RESULT] 57,64,5,0.243476152,0.236423016,499899,491971,999798
[RESULT] 57,64,6,0.236858845,0.230479002,499899,491971,999798
[RESULT] 57,64,7,0.247854948,0.237649202,499899,491971,999798
[RESULT] 57,64,8,0.255937338,0.246626377,499899,491971,999798
[RESULT] 57,64,9,0.249203205,0.241284609,499899,491971,999798
[RESULT] 60,64,0,0.239008188,0.230517626,500226,492368,1000452
[RESULT] 60,64,1,0.049172640,0.042498589,500226,492368,1000452
[RESULT] 60,64,2,0.250111818,0.241985559,500226,492368,1000452
[RESULT] 60,64,3,0.243996859,0.236594915,500226,492368,1000452
[RESULT] 60,64,4,0.248396635,0.240544319,500226,492368,1000452
[RESULT] 60,64,5,0.244834423,0.237350702,500226,492368,1000452
[RESULT] 60,64,6,0.240547419,0.233317852,500226,492368,1000452
[RESULT] 60,64,7,0.249020338,0.238545418,500226,492368,1000452
[RESULT] 54,64,0,0.254192829,0.247889519,499939,492118,999878
[RESULT] 54,64,1,0.226878405,0.219455719,499939,492118,999878
[RESULT] 54,64,2,0.250741005,0.241579056,499939,492118,999878
[RESULT] 54,64,3,0.244518757,0.236635685,499939,492118,999878
[RESULT] 54,64,4,0.250436306,0.241367817,499939,492118,999878
[RESULT] 54,64,5,0.250626802,0.237527370,499939,492118,999878
[RESULT] 54,64,6,0.249005556,0.234271526,499939,492118,999878
[RESULT] 54,64,7,0.260917425,0.238770723,499939,492118,999878
[RESULT] 54,64,8,0.243495464,0.235910654,499939,492118,999878
[RESULT] 54,64,9,0.249190092,0.242250681,499939,492118,999878
[RESULT] 60,64,8,0.242342234,0.234509945,500226,492368,1000452
[RESULT] 60,64,9,0.249246359,0.241934299,500226,492368,1000452
[RESULT] 4,64,0,0.239877701,0.232807875,499887,492096,999774
[RESULT] 4,64,1,0.049446821,0.042876005,499887,492096,999774
[RESULT] 4,64,2,0.249739408,0.241673708,499887,492096,999774
[RESULT] 4,64,3,0.243691921,0.236357689,499887,492096,999774
[RESULT] 4,64,4,0.249024868,0.241330624,499887,492096,999774
[RESULT] 4,64,5,0.245414019,0.237691402,499887,492096,999774
[RESULT] 4,64,6,0.243782043,0.236680746,499887,492096,999774
[RESULT] 4,64,7,0.249333858,0.238133430,499887,492096,999774
[RESULT] 4,64,8,0.243843079,0.235696316,499887,492096,999774
[RESULT] 4,64,9,0.249349356,0.242291927,499887,492096,999774
[RESULT] 0,64,0,0.240117311,0.232579470,500109,492321,1000218
[RESULT] 0,64,1,0.049407959,0.042957306,500109,492321,1000218
[RESULT] 0,64,2,0.249755383,0.241927385,500109,492321,1000218
[RESULT] 0,64,3,0.243354559,0.236004829,500109,492321,1000218
[RESULT] 0,64,4,0.246717215,0.240033865,500109,492321,1000218
[RESULT] 0,64,5,0.244171381,0.237338305,500109,492321,1000218
[RESULT] 0,64,6,0.243542194,0.236259937,500109,492321,1000218
[RESULT] 0,64,7,0.248444319,0.238263845,500109,492321,1000218
[RESULT] 0,64,8,0.243472576,0.235764503,500109,492321,1000218
[RESULT] 0,64,9,0.249439240,0.242014170,500109,492321,1000218

Benchmark Summary
Processes: 64
Iterations: 10
Matrix NNZ: 32001269
Total execution time: 2.724 seconds
[RESULT] 8,64,0,0.240720272,0.232891083,500107,492374,1000214
[RESULT] 8,64,1,0.050014019,0.043277979,500107,492374,1000214
[RESULT] 8,64,2,0.247305632,0.239753723,500107,492374,1000214
[RESULT] 8,64,3,0.243730783,0.236131668,500107,492374,1000214
[RESULT] 8,64,4,0.249454021,0.241724253,500107,492374,1000214
[RESULT] 8,64,5,0.243968487,0.236978531,500107,492374,1000214
[RESULT] 8,64,6,0.244507551,0.236827374,500107,492374,1000214
[RESULT] 8,64,7,0.248618364,0.238172054,500107,492374,1000214
[RESULT] 8,64,8,0.243818045,0.235799789,500107,492374,1000214
[RESULT] 8,64,9,0.249460936,0.241815090,500107,492374,1000214
[RESULT] 63,64,0,0.239588976,0.233022928,499746,491782,999492
[RESULT] 63,64,1,0.048312664,0.042962074,499746,491782,999492
[RESULT] 63,64,2,0.248529911,0.241636276,499746,491782,999492
[RESULT] 63,64,3,0.246513367,0.236483097,499746,491782,999492
[RESULT] 63,64,4,0.255204916,0.242663383,499746,491782,999492
[RESULT] 63,64,5,0.249162912,0.237164497,499746,491782,999492
[RESULT] 63,64,6,0.250213861,0.237830639,499746,491782,999492
[RESULT] 63,64,7,0.258152008,0.238470554,499746,491782,999492
[RESULT] 63,64,8,0.244380236,0.235793114,499746,491782,999492
[RESULT] 63,64,9,0.250492096,0.241910696,499746,491782,999492
[RESULT] 13,64,0,0.258112431,0.248298883,499794,492017,999588
[RESULT] 13,64,1,0.255376101,0.246384382,499794,492017,999588
[RESULT] 13,64,2,0.243942261,0.236286640,499794,492017,999588
[RESULT] 13,64,3,0.249605894,0.243066072,499794,492017,999588
[RESULT] 13,64,4,0.250223160,0.242579937,499794,492017,999588
[RESULT] 13,64,5,0.243151188,0.236128807,499794,492017,999588
[RESULT] 13,64,6,0.246410847,0.236881018,499794,492017,999588
[RESULT] 13,64,7,0.238058805,0.228648663,499794,492017,999588
[RESULT] 13,64,8,0.256378412,0.246955395,499794,492017,999588
[RESULT] 13,64,9,0.261608601,0.255549669,499794,492017,999588
