Synthetic Matrix (Weak Scaling): Rows/proc=10000 | Total rows=1280000 | NNZ/row=~50 | Procs=128
Matrix distributed and converted to CSR
Ghost columns identified: 496292 total ghost values needed
Local vector initialized (size=10000 per process)
[RESULT] 95,128,0,0.482750416,0.471644163,499760,495839,999520
[RESULT] 95,128,1,0.472764015,0.464788198,499760,495839,999520
[RESULT] 95,128,2,0.470983505,0.462746143,499760,495839,999520
[RESULT] 95,128,3,0.465092897,0.457341194,499760,495839,999520
[RESULT] 95,128,4,0.469116449,0.458650827,499760,495839,999520
[RESULT] 95,128,5,0.474403620,0.466746807,499760,495839,999520
[RESULT] 95,128,6,0.482612610,0.475171566,499760,495839,999520
[RESULT] 95,128,7,0.264432907,0.256964445,499760,495839,999520
[RESULT] 95,128,8,0.462473392,0.454597235,499760,495839,999520
[RESULT] 95,128,9,0.260507345,0.254197598,499760,495839,999520
[RESULT] 97,128,0,0.483232260,0.471467257,500038,496101,1000076
[RESULT] 97,128,1,0.474084854,0.464548826,500038,496101,1000076
[RESULT] 97,128,2,0.472543478,0.462917089,500038,496101,1000076
[RESULT] 97,128,3,0.466279984,0.457125664,500038,496101,1000076
[RESULT] 97,128,4,0.470247030,0.458593130,500038,496101,1000076
[RESULT] 97,128,5,0.476401091,0.467167139,500038,496101,1000076
[RESULT] 97,128,6,0.483523846,0.475287199,500038,496101,1000076
[RESULT] 97,128,7,0.257512808,0.250823021,500038,496101,1000076
[RESULT] 97,128,8,0.463911772,0.454563379,500038,496101,1000076
[RESULT] 97,128,9,0.260993958,0.254203320,500038,496101,1000076
[RESULT] 92,128,0,0.484097719,0.472917318,499942,495978,999884
[RESULT] 92,128,1,0.474420309,0.464509249,499942,495978,999884
[RESULT] 92,128,2,0.473035574,0.462751389,499942,495978,999884
[RESULT] 92,128,3,0.468055010,0.457592964,499942,495978,999884
[RESULT] 92,128,4,0.469580173,0.458663702,499942,495978,999884
[RESULT] 92,128,5,0.477934837,0.467462063,499942,495978,999884
[RESULT] 92,128,6,0.483857155,0.475188494,499942,495978,999884
[RESULT] 92,128,7,0.263820887,0.256434679,499942,495978,999884
[RESULT] 92,128,8,0.465868235,0.455552578,499942,495978,999884
[RESULT] 92,128,9,0.261304379,0.254033327,499942,495978,999884
[RESULT] 94,128,0,0.485388756,0.472961187,499903,495930,999806
[RESULT] 94,128,1,0.473751068,0.464755535,499903,495930,999806
[RESULT] 94,128,2,0.472009182,0.462786198,499903,495930,999806
[RESULT] 94,128,3,0.465966702,0.457555294,499903,495930,999806
[RESULT] 94,128,4,0.470349073,0.458614826,499903,495930,999806
[RESULT] 94,128,5,0.475994825,0.466921568,499903,495930,999806
[RESULT] 94,128,6,0.484101295,0.474872351,499903,495930,999806
[RESULT] 94,128,7,0.264589548,0.256771564,499903,495930,999806
[RESULT] 94,128,8,0.462488890,0.453190565,499903,495930,999806
[RESULT] 94,128,9,0.261543989,0.254917145,499903,495930,999806
[RESULT] 91,128,0,0.486166716,0.473729849,500042,496081,1000084
[RESULT] 91,128,1,0.474132538,0.464583397,500042,496081,1000084
[RESULT] 91,128,2,0.472511530,0.462850094,500042,496081,1000084
[RESULT] 91,128,3,0.466452837,0.457374334,500042,496081,1000084
[RESULT] 91,128,4,0.470463514,0.458800316,500042,496081,1000084
[RESULT] 91,128,5,0.476390123,0.467160702,500042,496081,1000084
[RESULT] 91,128,6,0.483519077,0.475262403,500042,496081,1000084
[RESULT] 91,128,7,0.263537884,0.256463289,500042,496081,1000084
[RESULT] 91,128,8,0.464157104,0.454751253,500042,496081,1000084
[RESULT] 91,128,9,0.261603832,0.254718781,500042,496081,1000084
[RESULT] 93,128,0,0.487354040,0.474202633,500158,496218,1000316
[RESULT] 93,128,1,0.474287748,0.464496136,500158,496218,1000316
[RESULT] 93,128,2,0.472850084,0.462673187,500158,496218,1000316
[RESULT] 93,128,3,0.467153788,0.457145929,500158,496218,1000316
[RESULT] 93,128,4,0.471454144,0.458487511,500158,496218,1000316
[RESULT] 93,128,5,0.476927280,0.466988564,500158,496218,1000316
[RESULT] 93,128,6,0.484196424,0.475089073,500158,496218,1000316
[RESULT] 93,128,7,0.264861107,0.256371975,500158,496218,1000316
[RESULT] 93,128,8,0.463999510,0.453882694,500158,496218,1000316
[RESULT] 93,128,9,0.261940479,0.254955053,500158,496218,1000316
[RESULT] 98,128,0,0.485198021,0.473932028,499930,496002,999860
[RESULT] 98,128,1,0.474386454,0.464501381,499930,496002,999860
[RESULT] 98,128,2,0.472893238,0.462696075,499930,496002,999860
[RESULT] 98,128,3,0.467681408,0.457254171,499930,496002,999860
[RESULT] 98,128,4,0.469432354,0.458481550,499930,496002,999860
[RESULT] 98,128,5,0.477361917,0.467044353,499930,496002,999860
[RESULT] 98,128,6,0.483898163,0.475099325,499930,496002,999860
[RESULT] 98,128,7,0.257912874,0.250948191,499930,496002,999860
[RESULT] 98,128,8,0.464347124,0.454191923,499930,496002,999860
[RESULT] 98,128,9,0.262322903,0.254827499,499930,496002,999860
[RESULT] 111,128,0,0.487468958,0.474761009,499899,495942,999798
[RESULT] 111,128,1,0.467592955,0.459637403,499899,495942,999798
[RESULT] 111,128,2,0.472314119,0.462159157,499899,495942,999798
[RESULT] 111,128,3,0.454944372,0.447398901,499899,495942,999798
[RESULT] 111,128,4,0.467656136,0.455941200,499899,495942,999798
[RESULT] 111,128,5,0.473441839,0.464116096,499899,495942,999798
[RESULT] 111,128,6,0.484028339,0.474889040,499899,495942,999798
[RESULT] 111,128,7,0.459781170,0.452297926,499899,495942,999798
[RESULT] 111,128,8,0.458673239,0.451123953,499899,495942,999798
[RESULT] 111,128,9,0.442226648,0.435333729,499899,495942,999798
[RESULT] 105,128,0,0.493841648,0.471647501,499794,495698,999588
[RESULT] 105,128,1,0.478648186,0.464469671,499794,495698,999588
[RESULT] 105,128,2,0.477409840,0.462654352,499794,495698,999588
[RESULT] 105,128,3,0.474697590,0.453272581,499794,495698,999588
[RESULT] 105,128,4,0.471333265,0.455981731,499794,495698,999588
[RESULT] 105,128,5,0.473243952,0.464487076,499794,495698,999588
[RESULT] 105,128,6,0.484620333,0.474930048,499794,495698,999588
[RESULT] 105,128,7,0.265544653,0.256588459,499794,495698,999588
[RESULT] 105,128,8,0.461087465,0.445910215,499794,495698,999588
[RESULT] 105,128,9,0.442482710,0.435409307,499794,495698,999588
[RESULT] 117,128,0,0.487735987,0.474631548,499807,495814,999614
[RESULT] 117,128,1,0.470562696,0.460894346,499807,495814,999614
[RESULT] 117,128,2,0.471184969,0.461006641,499807,495814,999614
[RESULT] 117,128,3,0.454568148,0.447146893,499807,495814,999614
[RESULT] 117,128,4,0.468852758,0.455721855,499807,495814,999614
[RESULT] 117,128,5,0.466952562,0.459672689,499807,495814,999614
[RESULT] 117,128,6,0.483886242,0.474766016,499807,495814,999614
[RESULT] 117,128,7,0.468348503,0.459951162,499807,495814,999614
[RESULT] 117,128,8,0.464762926,0.454428434,499807,495814,999614
[RESULT] 117,128,9,0.443347931,0.435256720,499807,495814,999614
[RESULT] 87,128,0,0.484272718,0.471864700,499779,495867,999558
[RESULT] 87,128,1,0.474435329,0.464591980,499779,495867,999558
[RESULT] 87,128,2,0.473012209,0.462718487,499779,495867,999558
[RESULT] 87,128,3,0.467586279,0.457456589,499779,495867,999558
[RESULT] 87,128,4,0.471853971,0.458737612,499779,495867,999558
[RESULT] 87,128,5,0.477076530,0.467007399,499779,495867,999558
[RESULT] 87,128,6,0.482898951,0.473930597,499779,495867,999558
[RESULT] 87,128,7,0.265262604,0.256699085,499779,495867,999558
[RESULT] 87,128,8,0.465934992,0.455457926,499779,495867,999558
[RESULT] 87,128,9,0.443654776,0.435496569,499779,495867,999558
[RESULT] 99,128,0,0.496774197,0.471508026,499893,496086,999786
[RESULT] 99,128,1,0.474476814,0.464761019,499893,496086,999786
[RESULT] 99,128,2,0.472730160,0.462625027,499893,496086,999786
[RESULT] 99,128,3,0.462985277,0.453306675,499893,496086,999786
[RESULT] 99,128,4,0.471758127,0.458435535,499893,496086,999786
[RESULT] 99,128,5,0.473254919,0.464265585,499893,496086,999786
[RESULT] 99,128,6,0.484342098,0.475271463,499893,496086,999786
[RESULT] 99,128,7,0.264451981,0.255409718,499893,496086,999786
[RESULT] 99,128,8,0.462188959,0.448946714,499893,496086,999786
[RESULT] 99,128,9,0.444555283,0.435470104,499893,496086,999786
[RESULT] 103,128,0,0.485833883,0.472695589,500017,496128,1000034
[RESULT] 103,128,1,0.474873781,0.464529991,500017,496128,1000034
[RESULT] 103,128,2,0.473372698,0.462929964,500017,496128,1000034
[RESULT] 103,128,3,0.461965799,0.453391075,500017,496128,1000034
[RESULT] 103,128,4,0.470835924,0.458569288,500017,496128,1000034
[RESULT] 103,128,5,0.473989248,0.464372635,500017,496128,1000034
[RESULT] 103,128,6,0.484596491,0.475129843,500017,496128,1000034
[RESULT] 103,128,7,0.262574196,0.254305601,500017,496128,1000034
[RESULT] 103,128,8,0.454070330,0.447497368,500017,496128,1000034
[RESULT] 103,128,9,0.446999073,0.440129280,500017,496128,1000034
[RESULT] 106,128,0,0.482208014,0.472376823,499894,495944,999788
[RESULT] 106,128,1,0.472771883,0.464680672,499894,495944,999788
[RESULT] 106,128,2,0.471262932,0.462802649,499894,495944,999788
[RESULT] 106,128,3,0.461440086,0.453690290,499894,495944,999788
[RESULT] 106,128,4,0.465468884,0.455922365,499894,495944,999788
[RESULT] 106,128,5,0.471172571,0.464638233,499894,495944,999788
[RESULT] 106,128,6,0.482176065,0.474742889,499894,495944,999788
[RESULT] 106,128,7,0.264057636,0.257106066,499894,495944,999788
[RESULT] 106,128,8,0.452021599,0.445816040,499894,495944,999788
[RESULT] 106,128,9,0.447154999,0.440921307,499894,495944,999788
[RESULT] 115,128,0,0.487482786,0.474707842,500334,496490,1000668
[RESULT] 115,128,1,0.470657587,0.461521626,500334,496490,1000668
[RESULT] 115,128,2,0.472563505,0.462021351,500334,496490,1000668
[RESULT] 115,128,3,0.453313112,0.446390152,500334,496490,1000668
[RESULT] 115,128,4,0.467932224,0.455985546,500334,496490,1000668
[RESULT] 115,128,5,0.473864555,0.464324474,500334,496490,1000668
[RESULT] 115,128,6,0.484450340,0.475101233,500334,496490,1000668
[RESULT] 115,128,7,0.467349768,0.459978819,500334,496490,1000668
[RESULT] 115,128,8,0.461678505,0.452279091,500334,496490,1000668
[RESULT] 115,128,9,0.447161436,0.440315485,500334,496490,1000668
[RESULT] 109,128,0,0.486787796,0.474569082,499986,496066,999972
[RESULT] 109,128,1,0.473911047,0.464522123,499986,496066,999972
[RESULT] 109,128,2,0.472209692,0.462660789,499986,496066,999972
[RESULT] 109,128,3,0.462111235,0.453217030,499986,496066,999972
[RESULT] 109,128,4,0.467695475,0.456156969,499986,496066,999972
[RESULT] 109,128,5,0.471814871,0.464357615,499986,496066,999972
[RESULT] 109,128,6,0.483242035,0.475126982,499986,496066,999972
[RESULT] 109,128,7,0.459594727,0.452459097,499986,496066,999972
[RESULT] 109,128,8,0.459179878,0.451694727,499986,496066,999972
[RESULT] 109,128,9,0.447283983,0.440444708,499986,496066,999972
[RESULT] 107,128,0,0.483287811,0.472229004,500134,496121,1000268
[RESULT] 107,128,1,0.473636627,0.464700699,500134,496121,1000268
[RESULT] 107,128,2,0.471875429,0.462727308,500134,496121,1000268
[RESULT] 107,128,3,0.461882591,0.453408957,500134,496121,1000268
[RESULT] 107,128,4,0.466488123,0.455930471,500134,496121,1000268
[RESULT] 107,128,5,0.472282171,0.464417219,500134,496121,1000268
[RESULT] 107,128,6,0.483541489,0.475206375,500134,496121,1000268
[RESULT] 107,128,7,0.262497663,0.255439758,500134,496121,1000268
[RESULT] 107,128,8,0.452096462,0.445715427,500134,496121,1000268
[RESULT] 107,128,9,0.447348595,0.440581799,500134,496121,1000268
[RESULT] 89,128,0,0.483040571,0.472010612,499898,495932,999796
[RESULT] 89,128,1,0.473694324,0.464816093,499898,495932,999796
[RESULT] 89,128,2,0.471934080,0.462933064,499898,495932,999796
[RESULT] 89,128,3,0.465881824,0.457366705,499898,495932,999796
[RESULT] 89,128,4,0.469119310,0.458808899,499898,495932,999796
[RESULT] 89,128,5,0.475789547,0.466892004,499898,495932,999796
[RESULT] 89,128,6,0.483623266,0.475370407,499898,495932,999796
[RESULT] 89,128,7,0.297090292,0.290246010,499898,495932,999796
[RESULT] 89,128,8,0.462132215,0.453408241,499898,495932,999796
[RESULT] 89,128,9,0.447641373,0.440885782,499898,495932,999796
[RESULT] 113,128,0,0.486442804,0.474128962,500100,496076,1000200
[RESULT] 113,128,1,0.469509602,0.460664272,500100,496076,1000200
[RESULT] 113,128,2,0.471474648,0.461806059,500100,496076,1000200
[RESULT] 113,128,3,0.453770876,0.446551800,500100,496076,1000200
[RESULT] 113,128,4,0.468126297,0.456006289,500100,496076,1000200
[RESULT] 113,128,5,0.472597361,0.464414120,500100,496076,1000200
[RESULT] 113,128,6,0.483688593,0.475002289,500100,496076,1000200
[RESULT] 113,128,7,0.459311247,0.452096701,500100,496076,1000200
[RESULT] 113,128,8,0.456181049,0.448885679,500100,496076,1000200
[RESULT] 113,128,9,0.447734833,0.440139294,500100,496076,1000200
[RESULT] 101,128,0,0.483416557,0.471589088,500115,496234,1000230
[RESULT] 101,128,1,0.473906517,0.464751482,500115,496234,1000230
[RESULT] 101,128,2,0.472405434,0.462709904,500115,496234,1000230
[RESULT] 101,128,3,0.461767197,0.453413486,500115,496234,1000230
[RESULT] 101,128,4,0.470548630,0.458613873,500115,496234,1000230
[RESULT] 101,128,5,0.472481251,0.464400053,500115,496234,1000230
[RESULT] 101,128,6,0.483860493,0.475197792,500115,496234,1000230
[RESULT] 101,128,7,0.261882782,0.254889965,500115,496234,1000230
[RESULT] 101,128,8,0.454250336,0.447299957,500115,496234,1000230
[RESULT] 101,128,9,0.447806358,0.440262079,500115,496234,1000230
[RESULT] 119,128,0,0.487054110,0.474895477,500028,496140,1000056
[RESULT] 119,128,1,0.469217300,0.460566044,500028,496140,1000056
[RESULT] 119,128,2,0.470927000,0.461491108,500028,496140,1000056
[RESULT] 119,128,3,0.452410936,0.445437431,500028,496140,1000056
[RESULT] 119,128,4,0.467987537,0.456021786,500028,496140,1000056
[RESULT] 119,128,5,0.465116262,0.458498001,500028,496140,1000056
[RESULT] 119,128,6,0.483526945,0.474982500,500028,496140,1000056
[RESULT] 119,128,7,0.468046188,0.460080147,500028,496140,1000056
[RESULT] 119,128,8,0.462000608,0.453438997,500028,496140,1000056
[RESULT] 119,128,9,0.447873592,0.440336704,500028,496140,1000056
[RESULT] 118,128,0,0.486666918,0.474342346,499906,495902,999812
[RESULT] 118,128,1,0.466863394,0.459008455,499906,495902,999812
[RESULT] 118,128,2,0.470518351,0.461311102,499906,495902,999812
[RESULT] 118,128,3,0.452706337,0.445699692,499906,495902,999812
[RESULT] 118,128,4,0.467764378,0.456072092,499906,495902,999812
[RESULT] 118,128,5,0.466314793,0.459609747,499906,495902,999812
[RESULT] 118,128,6,0.483699322,0.474592686,499906,495902,999812
[RESULT] 118,128,7,0.467555285,0.460139036,499906,495902,999812
[RESULT] 118,128,8,0.460054636,0.451345205,499906,495902,999812
[RESULT] 118,128,9,0.448200226,0.440336227,499906,495902,999812
[RESULT] 88,128,0,0.484026432,0.472002506,500026,496074,1000052
[RESULT] 88,128,1,0.473687887,0.464775085,500026,496074,1000052
[RESULT] 88,128,2,0.471945763,0.462853670,500026,496074,1000052
[RESULT] 88,128,3,0.465924740,0.457574844,500026,496074,1000052
[RESULT] 88,128,4,0.470579624,0.458770752,500026,496074,1000052
[RESULT] 88,128,5,0.476305246,0.467289209,500026,496074,1000052
[RESULT] 88,128,6,0.483984709,0.474937677,500026,496074,1000052
[RESULT] 88,128,7,0.264638186,0.256878138,500026,496074,1000052
[RESULT] 88,128,8,0.462298632,0.453085423,500026,496074,1000052
[RESULT] 88,128,9,0.448302984,0.440429688,500026,496074,1000052
[RESULT] 116,128,0,0.487859488,0.475350142,499976,496134,999952
[RESULT] 116,128,1,0.473633289,0.461478710,499976,496134,999952
[RESULT] 116,128,2,0.478512287,0.461310148,499976,496134,999952
[RESULT] 116,128,3,0.464674711,0.446712494,499976,496134,999952
[RESULT] 116,128,4,0.470113277,0.456037283,499976,496134,999952
[RESULT] 116,128,5,0.473403215,0.464200735,499976,496134,999952
[RESULT] 116,128,6,0.485290289,0.474919081,499976,496134,999952
[RESULT] 116,128,7,0.468285561,0.460070610,499976,496134,999952
[RESULT] 116,128,8,0.466534376,0.453547478,499976,496134,999952
[RESULT] 116,128,9,0.448291779,0.440610170,499976,496134,999952
[RESULT] 112,128,0,0.487666607,0.475320101,500358,496409,1000716
[RESULT] 112,128,1,0.469044685,0.460349083,500358,496409,1000716
[RESULT] 112,128,2,0.469003916,0.459814548,500358,496409,1000716
[RESULT] 112,128,3,0.453887939,0.446567774,500358,496409,1000716
[RESULT] 112,128,4,0.468024969,0.456089258,500358,496409,1000716
[RESULT] 112,128,5,0.473148108,0.464559555,500358,496409,1000716
[RESULT] 112,128,6,0.483960629,0.474673510,500358,496409,1000716
[RESULT] 112,128,7,0.460247993,0.452501059,500358,496409,1000716
[RESULT] 112,128,8,0.458195210,0.449992180,500358,496409,1000716
[RESULT] 112,128,9,0.449053764,0.441052437,500358,496409,1000716
[RESULT] 110,128,0,0.493361235,0.474901199,499895,496062,999790
[RESULT] 110,128,1,0.474274874,0.464431763,499895,496062,999790
[RESULT] 110,128,2,0.473116636,0.462919712,499895,496062,999790
[RESULT] 110,128,3,0.462266445,0.453303814,499895,496062,999790
[RESULT] 110,128,4,0.466733217,0.455841780,499895,496062,999790
[RESULT] 110,128,5,0.474206448,0.464589596,499895,496062,999790
[RESULT] 110,128,6,0.483780384,0.475009680,499895,496062,999790
[RESULT] 110,128,7,0.460417509,0.453204155,499895,496062,999790
[RESULT] 110,128,8,0.463899374,0.454126358,499895,496062,999790
[RESULT] 110,128,9,0.449042797,0.440797806,499895,496062,999790
[RESULT] 104,128,0,0.493215799,0.473047495,499881,495973,999762
[RESULT] 104,128,1,0.474873066,0.464580774,499881,495973,999762
[RESULT] 104,128,2,0.473235607,0.462702513,499881,495973,999762
[RESULT] 104,128,3,0.463806868,0.453742743,499881,495973,999762
[RESULT] 104,128,4,0.469973803,0.458334684,499881,495973,999762
[RESULT] 104,128,5,0.474339247,0.464676857,499881,495973,999762
[RESULT] 104,128,6,0.485399485,0.475058794,499881,495973,999762
[RESULT] 104,128,7,0.263965845,0.254963875,499881,495973,999762
[RESULT] 104,128,8,0.455019236,0.447007656,499881,495973,999762
[RESULT] 104,128,9,0.450084925,0.440829277,499881,495973,999762
[RESULT] 100,128,0,0.494805574,0.470474482,500005,496116,1000010
[RESULT] 100,128,1,0.478806734,0.464774609,500005,496116,1000010
[RESULT] 100,128,2,0.476914167,0.462820292,500005,496116,1000010
[RESULT] 100,128,3,0.468063116,0.453598261,500005,496116,1000010
[RESULT] 100,128,4,0.473989487,0.458647966,500005,496116,1000010
[RESULT] 100,128,5,0.479738474,0.464598179,500005,496116,1000010
[RESULT] 100,128,6,0.489841938,0.474802732,500005,496116,1000010
[RESULT] 100,128,7,0.268401861,0.256307602,500005,496116,1000010
[RESULT] 100,128,8,0.460251570,0.447356939,500005,496116,1000010
[RESULT] 100,128,9,0.453400850,0.441121340,500005,496116,1000010
[RESULT] 82,128,0,0.477519035,0.469026089,499874,496069,999748
[RESULT] 82,128,1,0.472784758,0.464854002,499874,496069,999748
[RESULT] 82,128,2,0.471178532,0.462966442,499874,496069,999748
[RESULT] 82,128,3,0.465186119,0.457505465,499874,496069,999748
[RESULT] 82,128,4,0.468039274,0.458783150,499874,496069,999748
[RESULT] 82,128,5,0.474935532,0.467441559,499874,496069,999748
[RESULT] 82,128,6,0.481052637,0.473820925,499874,496069,999748
[RESULT] 82,128,7,0.263808012,0.257066965,499874,496069,999748
[RESULT] 82,128,8,0.462723732,0.455004930,499874,496069,999748
[RESULT] 82,128,9,0.458060741,0.451636314,499874,496069,999748
[RESULT] 85,128,0,0.487529755,0.474845171,500033,496207,1000066
[RESULT] 85,128,1,0.475041628,0.464734554,500033,496207,1000066
[RESULT] 85,128,2,0.473325014,0.462902308,500033,496207,1000066
[RESULT] 85,128,3,0.466250181,0.457351685,500033,496207,1000066
[RESULT] 85,128,4,0.471100807,0.458789349,500033,496207,1000066
[RESULT] 85,128,5,0.477149010,0.467040062,500033,496207,1000066
[RESULT] 85,128,6,0.483523130,0.474200010,500033,496207,1000066
[RESULT] 85,128,7,0.265460491,0.256534338,500033,496207,1000066
[RESULT] 85,128,8,0.464856863,0.454682350,500033,496207,1000066
[RESULT] 85,128,9,0.458780766,0.451303005,500033,496207,1000066
[RESULT] 81,128,0,0.490813255,0.468999863,499767,495786,999534
[RESULT] 81,128,1,0.478028059,0.464746475,499767,495786,999534
[RESULT] 81,128,2,0.476508141,0.462818146,499767,495786,999534
[RESULT] 81,128,3,0.476826668,0.457311869,499767,495786,999534
[RESULT] 81,128,4,0.475882530,0.458891630,499767,495786,999534
[RESULT] 81,128,5,0.482223749,0.466805696,499767,495786,999534
[RESULT] 81,128,6,0.489096403,0.474009514,499767,495786,999534
[RESULT] 81,128,7,0.269673347,0.256641150,499767,495786,999534
[RESULT] 81,128,8,0.472539902,0.454022646,499767,495786,999534
[RESULT] 81,128,9,0.458844900,0.451217413,499767,495786,999534
[RESULT] 83,128,0,0.480272293,0.469450474,499977,496107,999954
[RESULT] 83,128,1,0.474056482,0.464891434,499977,496107,999954
[RESULT] 83,128,2,0.472713232,0.462946653,499977,496107,999954
[RESULT] 83,128,3,0.466024160,0.457406044,499977,496107,999954
[RESULT] 83,128,4,0.470963240,0.458870888,499977,496107,999954
[RESULT] 83,128,5,0.476294756,0.467275381,499977,496107,999954
[RESULT] 83,128,6,0.482783318,0.474165678,499977,496107,999954
[RESULT] 83,128,7,0.263898373,0.256790876,499977,496107,999954
[RESULT] 83,128,8,0.463603258,0.454621553,499977,496107,999954
[RESULT] 83,128,9,0.458987713,0.451473713,499977,496107,999954
[RESULT] 86,128,0,0.483971357,0.471715212,500138,496391,1000276
[RESULT] 86,128,1,0.474883556,0.464747190,500138,496391,1000276
[RESULT] 86,128,2,0.473199129,0.462835312,500138,496391,1000276
[RESULT] 86,128,3,0.467999935,0.457671642,500138,496391,1000276
[RESULT] 86,128,4,0.470660925,0.458760500,500138,496391,1000276
[RESULT] 86,128,5,0.477606058,0.467239618,500138,496391,1000276
[RESULT] 86,128,6,0.484106302,0.474067211,500138,496391,1000276
[RESULT] 86,128,7,0.265239954,0.256335258,500138,496391,1000276
[RESULT] 86,128,8,0.465193272,0.454767704,500138,496391,1000276
[RESULT] 86,128,9,0.459283113,0.451312542,500138,496391,1000276
[RESULT] 70,128,0,0.477391005,0.468731403,500114,496205,1000228
[RESULT] 70,128,1,0.473747492,0.466044426,500114,496205,1000228
[RESULT] 70,128,2,0.467682362,0.459841013,500114,496205,1000228
[RESULT] 70,128,3,0.465456486,0.457738161,500114,496205,1000228
[RESULT] 70,128,4,0.452587128,0.444531679,500114,496205,1000228
[RESULT] 70,128,5,0.475476980,0.467451811,500114,496205,1000228
[RESULT] 70,128,6,0.484478712,0.477279186,500114,496205,1000228
[RESULT] 70,128,7,0.263784885,0.257061958,500114,496205,1000228
[RESULT] 70,128,8,0.463216305,0.455034018,500114,496205,1000228
[RESULT] 70,128,9,0.459488153,0.452951670,500114,496205,1000228
[RESULT] 77,128,0,0.478841305,0.469027281,500055,496124,1000110
[RESULT] 77,128,1,0.474754810,0.466038227,500055,496124,1000110
[RESULT] 77,128,2,0.467452288,0.459039211,500055,496124,1000110
[RESULT] 77,128,3,0.465970516,0.457555532,500055,496124,1000110
[RESULT] 77,128,4,0.469170094,0.458990574,500055,496124,1000110
[RESULT] 77,128,5,0.475984097,0.467087984,500055,496124,1000110
[RESULT] 77,128,6,0.482495070,0.474323988,500055,496124,1000110
[RESULT] 77,128,7,0.263601542,0.256373405,500055,496124,1000110
[RESULT] 77,128,8,0.463424444,0.454249382,500055,496124,1000110
[RESULT] 77,128,9,0.460040569,0.453064680,500055,496124,1000110
[RESULT] 76,128,0,0.477012396,0.468049049,499921,496005,999842
[RESULT] 76,128,1,0.473786592,0.466037989,499921,496005,999842
[RESULT] 76,128,2,0.468536377,0.460408688,499921,496005,999842
[RESULT] 76,128,3,0.465556860,0.457753420,499921,496005,999842
[RESULT] 76,128,4,0.468184233,0.458971024,499921,496005,999842
[RESULT] 76,128,5,0.475328684,0.467341185,499921,496005,999842
[RESULT] 76,128,6,0.481076956,0.473883867,499921,496005,999842
[RESULT] 76,128,7,0.263834000,0.256931543,499921,496005,999842
[RESULT] 76,128,8,0.461352348,0.453537941,499921,496005,999842
[RESULT] 76,128,9,0.460509539,0.453696489,499921,496005,999842
[RESULT] 108,128,0,0.479270697,0.470727205,500142,496326,1000284
[RESULT] 108,128,1,0.471910000,0.464102507,500142,496326,1000284
[RESULT] 108,128,2,0.470162153,0.462180853,500142,496326,1000284
[RESULT] 108,128,3,0.459667444,0.452889919,500142,496326,1000284
[RESULT] 108,128,4,0.465426445,0.456896782,500142,496326,1000284
[RESULT] 108,128,5,0.471494436,0.464058876,500142,496326,1000284
[RESULT] 108,128,6,0.484015942,0.475929260,500142,496326,1000284
[RESULT] 108,128,7,0.461711407,0.454758883,500142,496326,1000284
[RESULT] 108,128,8,0.468226194,0.460382223,500142,496326,1000284
[RESULT] 108,128,9,0.461627245,0.454900980,500142,496326,1000284
[RESULT] 79,128,0,0.481402159,0.469084263,499867,495893,999734
[RESULT] 79,128,1,0.476407528,0.465937614,499867,495893,999734
[RESULT] 79,128,2,0.473622084,0.463030100,499867,495893,999734
[RESULT] 79,128,3,0.466466427,0.457391024,499867,495893,999734
[RESULT] 79,128,4,0.471511841,0.458953381,499867,495893,999734
[RESULT] 79,128,5,0.477779150,0.467475414,499867,495893,999734
[RESULT] 79,128,6,0.483736515,0.474191189,499867,495893,999734
[RESULT] 79,128,7,0.265192032,0.256160259,499867,495893,999734
[RESULT] 79,128,8,0.464998722,0.454597473,499867,495893,999734
[RESULT] 79,128,9,0.461616039,0.453500509,499867,495893,999734
[RESULT] 75,128,0,0.478304386,0.467394829,499907,495994,999814
[RESULT] 75,128,1,0.475399971,0.465883970,499907,495994,999814
[RESULT] 75,128,2,0.469409704,0.459393024,499907,495994,999814
[RESULT] 75,128,3,0.466128826,0.457451820,499907,495994,999814
[RESULT] 75,128,4,0.471307278,0.458942413,499907,495994,999814
[RESULT] 75,128,5,0.477266550,0.467013597,499907,495994,999814
[RESULT] 75,128,6,0.483098984,0.474079370,499907,495994,999814
[RESULT] 75,128,7,0.265532732,0.256799459,499907,495994,999814
[RESULT] 75,128,8,0.468694925,0.454961300,499907,495994,999814
[RESULT] 75,128,9,0.461922884,0.453445435,499907,495994,999814
[RESULT] 73,128,0,0.484282970,0.471311092,499873,495954,999746
[RESULT] 73,128,1,0.476236343,0.465844870,499873,495954,999746
[RESULT] 73,128,2,0.471156120,0.460495949,499873,495954,999746
[RESULT] 73,128,3,0.466523409,0.457516193,499873,495954,999746
[RESULT] 73,128,4,0.471613407,0.459146738,499873,495954,999746
[RESULT] 73,128,5,0.477705002,0.467470884,499873,495954,999746
[RESULT] 73,128,6,0.483886957,0.474352598,499873,495954,999746
[RESULT] 73,128,7,0.265691757,0.256682158,499873,495954,999746
[RESULT] 73,128,8,0.464865923,0.454521656,499873,495954,999746
[RESULT] 73,128,9,0.462233782,0.454059362,499873,495954,999746
[RESULT] 127,128,0,0.482701302,0.475451708,499940,496021,999880
[RESULT] 127,128,1,0.465890408,0.460888147,499940,496021,999880
[RESULT] 127,128,2,0.477934122,0.461727142,499940,496021,999880
[RESULT] 127,128,3,0.469687223,0.452657223,499940,496021,999880
[RESULT] 127,128,4,0.464879513,0.455827951,499940,496021,999880
[RESULT] 127,128,5,0.472268820,0.467156410,499940,496021,999880
[RESULT] 127,128,6,0.450119972,0.445027590,499940,496021,999880
[RESULT] 127,128,7,0.472446918,0.459870815,499940,496021,999880
[RESULT] 127,128,8,0.462002039,0.454080820,499940,496021,999880
[RESULT] 127,128,9,0.462855339,0.457945108,499940,496021,999880
[RESULT] 69,128,0,0.487385035,0.474301338,500097,496250,1000194
[RESULT] 69,128,1,0.475441933,0.465837717,500097,496250,1000194
[RESULT] 69,128,2,0.469892263,0.459672689,500097,496250,1000194
[RESULT] 69,128,3,0.466308117,0.457537174,500097,496250,1000194
[RESULT] 69,128,4,0.454877853,0.442644358,500097,496250,1000194
[RESULT] 69,128,5,0.478508234,0.468231916,500097,496250,1000194
[RESULT] 69,128,6,0.487137318,0.477465391,500097,496250,1000194
[RESULT] 69,128,7,0.265650034,0.256873846,500097,496250,1000194
[RESULT] 69,128,8,0.469112873,0.455261230,500097,496250,1000194
[RESULT] 69,128,9,0.462926149,0.454113722,500097,496250,1000194
[RESULT] 74,128,0,0.482633352,0.470920801,500014,496097,1000028
[RESULT] 74,128,1,0.476059198,0.465837002,500014,496097,1000028
[RESULT] 74,128,2,0.467257977,0.458004236,500014,496097,1000028
[RESULT] 74,128,3,0.468149662,0.457628489,500014,496097,1000028
[RESULT] 74,128,4,0.470516205,0.459026337,500014,496097,1000028
[RESULT] 74,128,5,0.478060961,0.467552900,500014,496097,1000028
[RESULT] 74,128,6,0.484440804,0.474225760,500014,496097,1000028
[RESULT] 74,128,7,0.265379906,0.256507397,500014,496097,1000028
[RESULT] 74,128,8,0.466106653,0.455507755,500014,496097,1000028
[RESULT] 74,128,9,0.463142157,0.453927040,500014,496097,1000028
[RESULT] 66,128,0,0.483574867,0.470213175,499860,495968,999720
[RESULT] 66,128,1,0.479655027,0.465599298,499860,495968,999720
[RESULT] 66,128,2,0.470399141,0.455342531,499860,495968,999720
[RESULT] 66,128,3,0.470772743,0.457219362,499860,495968,999720
[RESULT] 66,128,4,0.457086086,0.446379423,499860,495968,999720
[RESULT] 66,128,5,0.475162983,0.466611147,499860,495968,999720
[RESULT] 66,128,6,0.485318661,0.478144169,499860,495968,999720
[RESULT] 66,128,7,0.466872454,0.459884882,499860,495968,999720
[RESULT] 66,128,8,0.456183434,0.449173450,499860,495968,999720
[RESULT] 66,128,9,0.463452578,0.456705093,499860,495968,999720
[RESULT] 80,128,0,0.494377136,0.471951246,500178,496282,1000356
[RESULT] 80,128,1,0.475871325,0.465697527,500178,496282,1000356
[RESULT] 80,128,2,0.473317623,0.462928295,500178,496282,1000356
[RESULT] 80,128,3,0.467890024,0.457498789,500178,496282,1000356
[RESULT] 80,128,4,0.470915556,0.458889008,500178,496282,1000356
[RESULT] 80,128,5,0.477784634,0.467284679,500178,496282,1000356
[RESULT] 80,128,6,0.484379053,0.474132299,500178,496282,1000356
[RESULT] 80,128,7,0.265376806,0.256130695,500178,496282,1000356
[RESULT] 80,128,8,0.466176748,0.455661535,500178,496282,1000356
[RESULT] 80,128,9,0.464955330,0.453546524,500178,496282,1000356
[RESULT] 78,128,0,0.479005337,0.470520973,500035,496065,1000070
[RESULT] 78,128,1,0.473583221,0.465439081,500035,496065,1000070
[RESULT] 78,128,2,0.470550299,0.462434292,500035,496065,1000070
[RESULT] 78,128,3,0.464731455,0.457068682,500035,496065,1000070
[RESULT] 78,128,4,0.467130899,0.458511114,500035,496065,1000070
[RESULT] 78,128,5,0.474510670,0.466502190,500035,496065,1000070
[RESULT] 78,128,6,0.482569456,0.474713802,500035,496065,1000070
[RESULT] 78,128,7,0.275449991,0.269187927,500035,496065,1000070
[RESULT] 78,128,8,0.457378149,0.450678349,500035,496065,1000070
[RESULT] 78,128,9,0.465223074,0.457445860,500035,496065,1000070
[RESULT] 96,128,0,0.482646465,0.475158930,500046,496245,1000092
[RESULT] 96,128,1,0.471753836,0.464223385,500046,496245,1000092
[RESULT] 96,128,2,0.470079899,0.462292910,500046,496245,1000092
[RESULT] 96,128,3,0.464257479,0.456826925,500046,496245,1000092
[RESULT] 96,128,4,0.466218948,0.458135605,500046,496245,1000092
[RESULT] 96,128,5,0.474009991,0.466299057,500046,496245,1000092
[RESULT] 96,128,6,0.483947992,0.476113081,500046,496245,1000092
[RESULT] 96,128,7,0.493257999,0.486760855,500046,496245,1000092
[RESULT] 96,128,8,0.454904318,0.448822975,500046,496245,1000092
[RESULT] 96,128,9,0.465303898,0.457962275,500046,496245,1000092
[RESULT] 102,128,0,0.475889683,0.468096495,500214,496164,1000428
[RESULT] 102,128,1,0.471722603,0.464168549,500214,496164,1000428
[RESULT] 102,128,2,0.469930887,0.462236166,500214,496164,1000428
[RESULT] 102,128,3,0.459640503,0.452954292,500214,496164,1000428
[RESULT] 102,128,4,0.466345549,0.458009005,500214,496164,1000428
[RESULT] 102,128,5,0.471331358,0.464126825,500214,496164,1000428
[RESULT] 102,128,6,0.483706474,0.475909472,500214,496164,1000428
[RESULT] 102,128,7,0.463200092,0.456192493,500214,496164,1000428
[RESULT] 102,128,8,0.466708660,0.459493399,500214,496164,1000428
[RESULT] 102,128,9,0.465362310,0.458140373,500214,496164,1000428
[RESULT] 65,128,0,0.480149984,0.469995737,499945,496055,999890
[RESULT] 65,128,1,0.474111319,0.466058254,499945,496055,999890
[RESULT] 65,128,2,0.466379642,0.459230185,499945,496055,999890
[RESULT] 65,128,3,0.456485271,0.449659824,499945,496055,999890
[RESULT] 65,128,4,0.454913378,0.444595337,499945,496055,999890
[RESULT] 65,128,5,0.472869635,0.465321541,499945,496055,999890
[RESULT] 65,128,6,0.485589981,0.477721691,499945,496055,999890
[RESULT] 65,128,7,0.263674498,0.256597757,499945,496055,999890
[RESULT] 65,128,8,0.462485075,0.454606295,499945,496055,999890
[RESULT] 65,128,9,0.465190649,0.457710028,499945,496055,999890
[RESULT] 114,128,0,0.484430790,0.470701694,500294,496501,1000588
[RESULT] 114,128,1,0.465076208,0.457569838,500294,496501,1000588
[RESULT] 114,128,2,0.466611862,0.459090233,500294,496501,1000588
[RESULT] 114,128,3,0.454156399,0.447995186,500294,496501,1000588
[RESULT] 114,128,4,0.463395834,0.455206633,500294,496501,1000588
[RESULT] 114,128,5,0.470305443,0.463980913,500294,496501,1000588
[RESULT] 114,128,6,0.482656717,0.475528955,500294,496501,1000588
[RESULT] 114,128,7,0.466706038,0.459599733,500294,496501,1000588
[RESULT] 114,128,8,0.455166578,0.447912216,500294,496501,1000588
[RESULT] 114,128,9,0.465302229,0.457776070,500294,496501,1000588
[RESULT] 68,128,0,0.484431028,0.472922325,500154,496163,1000308
[RESULT] 68,128,1,0.475532293,0.465908289,500154,496163,1000308
[RESULT] 68,128,2,0.468991518,0.459762812,500154,496163,1000308
[RESULT] 68,128,3,0.468142986,0.457684040,500154,496163,1000308
[RESULT] 68,128,4,0.455416918,0.445165634,500154,496163,1000308
[RESULT] 68,128,5,0.478364944,0.467825174,500154,496163,1000308
[RESULT] 68,128,6,0.486009836,0.477588654,500154,496163,1000308
[RESULT] 68,128,7,0.264419317,0.256964922,500154,496163,1000308
[RESULT] 68,128,8,0.464169741,0.454112291,500154,496163,1000308
[RESULT] 68,128,9,0.465651751,0.457328558,500154,496163,1000308
[RESULT] 64,128,0,0.479381084,0.469843388,499983,496028,999966
[RESULT] 64,128,1,0.473886013,0.466052771,499983,496028,999966
[RESULT] 64,128,2,0.466777325,0.459146023,499983,496028,999966
[RESULT] 64,128,3,0.456414938,0.449925900,499983,496028,999966
[RESULT] 64,128,4,0.454024553,0.445577145,499983,496028,999966
[RESULT] 64,128,5,0.473207474,0.465495825,499983,496028,999966
[RESULT] 124,128,0,0.483508110,0.474169016,499886,495928,999772
[RESULT] 124,128,1,0.465889215,0.459242105,499886,495928,999772
[RESULT] 124,128,2,0.470013618,0.461563826,499886,495928,999772
[RESULT] 124,128,3,0.448907375,0.442821026,499886,495928,999772
[RESULT] 124,128,4,0.465127707,0.455683947,499886,495928,999772
[RESULT] 124,128,5,0.470143557,0.463627577,499886,495928,999772
[RESULT] 124,128,6,0.449063778,0.442556381,499886,495928,999772
[RESULT] 124,128,7,0.467476130,0.460147381,499886,495928,999772
[RESULT] 124,128,8,0.460641384,0.453263521,499886,495928,999772
[RESULT] 124,128,9,0.465820551,0.458060980,499886,495928,999772
[RESULT] 64,128,6,0.484586000,0.477359295,499983,496028,999966
[RESULT] 64,128,7,0.263872147,0.256946564,499983,496028,999966
[RESULT] 64,128,8,0.462539673,0.454283953,499983,496028,999966
[RESULT] 64,128,9,0.465822220,0.457936287,499983,496028,999966
[RESULT] 18,128,0,0.480156183,0.472221136,500038,495977,1000076
[RESULT] 18,128,1,0.468436480,0.461870193,500038,495977,1000076
[RESULT] 18,128,2,0.467789412,0.460541010,500038,495977,1000076
[RESULT] 18,128,3,0.463253736,0.455988169,500038,495977,1000076
[RESULT] 18,128,4,0.463645697,0.455699682,500038,495977,1000076
[RESULT] 18,128,5,0.477275372,0.469669819,500038,495977,1000076
[RESULT] 18,128,6,0.455843925,0.449595928,500038,495977,1000076
[RESULT] 18,128,7,0.469509840,0.462379217,500038,495977,1000076
[RESULT] 18,128,8,0.463948011,0.456888437,500038,495977,1000076
[RESULT] 18,128,9,0.466124296,0.458720446,500038,495977,1000076
[RESULT] 125,128,0,0.485708475,0.475318909,500019,496203,1000038
[RESULT] 125,128,1,0.464308977,0.457719326,500019,496203,1000038
[RESULT] 125,128,2,0.471380711,0.462234735,500019,496203,1000038
[RESULT] 125,128,3,0.449037552,0.442628384,500019,496203,1000038
[RESULT] 125,128,4,0.466404200,0.456109524,500019,496203,1000038
[RESULT] 125,128,5,0.470610142,0.463466167,500019,496203,1000038
[RESULT] 125,128,6,0.451893568,0.445025921,500019,496203,1000038
[RESULT] 125,128,7,0.467398643,0.460099936,500019,496203,1000038
[RESULT] 125,128,8,0.463384390,0.454381466,500019,496203,1000038
[RESULT] 125,128,9,0.466049194,0.458046913,500019,496203,1000038
[RESULT] 67,128,0,0.482398748,0.469888926,499977,496019,999954
[RESULT] 67,128,1,0.476090193,0.465851307,499977,496019,999954
[RESULT] 67,128,2,0.470215321,0.459934711,499977,496019,999954
[RESULT] 67,128,3,0.466381788,0.457538128,499977,496019,999954
[RESULT] 67,128,4,0.454316854,0.444176197,499977,496019,999954
[RESULT] 126,128,0,0.481200218,0.472443342,500030,496161,1000060
[RESULT] 126,128,1,0.464588404,0.457180500,500030,496161,1000060
[RESULT] 126,128,2,0.467620134,0.459827185,500030,496161,1000060
[RESULT] 126,128,3,0.459950447,0.452518940,500030,496161,1000060
[RESULT] 71,128,0,0.492060184,0.469702959,500001,496015,1000002
[RESULT] 71,128,1,0.477770090,0.466018200,500001,496015,1000002
[RESULT] 71,128,2,0.473268509,0.459595442,500001,496015,1000002
[RESULT] 67,128,5,0.477930069,0.467965841,499977,496019,999954
[RESULT] 67,128,6,0.486982107,0.477818727,499977,496019,999954
[RESULT] 67,128,7,0.265506983,0.256675959,499977,496019,999954
[RESULT] 67,128,8,0.465137720,0.455062151,499977,496019,999954
[RESULT] 67,128,9,0.466149330,0.457525492,499977,496019,999954
[RESULT] 126,128,4,0.470570564,0.455876350,500030,496161,1000060
[RESULT] 126,128,5,0.483304501,0.466363668,500030,496161,1000060
[RESULT] 126,128,6,0.465657711,0.448431730,500030,496161,1000060
[RESULT] 126,128,7,0.474827766,0.459590197,500030,496161,1000060
[RESULT] 126,128,8,0.460706711,0.449871540,500030,496161,1000060
[RESULT] 126,128,9,0.466286421,0.458528280,500030,496161,1000060
[RESULT] 71,128,3,0.469018698,0.457538843,500001,496015,1000002
[RESULT] 71,128,4,0.457150459,0.445814133,500001,496015,1000002
[RESULT] 71,128,5,0.480146646,0.467259645,500001,496015,1000002
[RESULT] 71,128,6,0.488729954,0.477741957,500001,496015,1000002
[RESULT] 71,128,7,0.299660683,0.290233374,500001,496015,1000002
[RESULT] 71,128,8,0.467869520,0.455404520,500001,496015,1000002
[RESULT] 71,128,9,0.466199636,0.453415155,500001,496015,1000002
[RESULT] 12,128,0,0.480602264,0.472349167,500307,496447,1000614
[RESULT] 12,128,1,0.469321251,0.462301731,500307,496447,1000614
[RESULT] 12,128,2,0.467887878,0.460621357,500307,496447,1000614
[RESULT] 12,128,3,0.463478088,0.456065655,500307,496447,1000614
[RESULT] 12,128,4,0.464534998,0.456059217,500307,496447,1000614
[RESULT] 12,128,5,0.475557089,0.467647791,500307,496447,1000614
[RESULT] 12,128,6,0.456718683,0.450282097,500307,496447,1000614
[RESULT] 12,128,7,0.469676256,0.462459326,500307,496447,1000614
[RESULT] 12,128,8,0.463911772,0.456957340,500307,496447,1000614
[RESULT] 12,128,9,0.466403961,0.458798647,500307,496447,1000614
[RESULT] 120,128,0,0.486895084,0.470625877,500006,496105,1000012
[RESULT] 120,128,1,0.463407040,0.456088066,500006,496105,1000012
[RESULT] 120,128,2,0.467982054,0.459882498,500006,496105,1000012
[RESULT] 120,128,3,0.460329294,0.452628613,500006,496105,1000012
[RESULT] 120,128,4,0.463855267,0.455104828,500006,496105,1000012
[RESULT] 120,128,5,0.474166155,0.466727257,500006,496105,1000012
[RESULT] 120,128,6,0.482824087,0.475510120,500006,496105,1000012
[RESULT] 120,128,7,0.467936993,0.460360527,500006,496105,1000012
[RESULT] 120,128,8,0.455482244,0.447945833,500006,496105,1000012
[RESULT] 120,128,9,0.466591835,0.458604097,500006,496105,1000012
[RESULT] 0,128,0,0.482006073,0.472562790,500109,496292,1000218
[RESULT] 0,128,1,0.463769197,0.456028223,500109,496292,1000218
[RESULT] 0,128,2,0.468247890,0.459823608,500109,496292,1000218
[RESULT] 0,128,3,0.463730335,0.456208229,500109,496292,1000218
[RESULT] 0,128,4,0.463740110,0.454986811,500109,496292,1000218
[RESULT] 0,128,5,0.475734234,0.467761278,500109,496292,1000218
[RESULT] 0,128,6,0.453809977,0.447412491,500109,496292,1000218
[RESULT] 121,128,0,0.487254858,0.474583387,500048,496072,1000096
[RESULT] 121,128,1,0.469668865,0.460966825,500048,496072,1000096
[RESULT] 121,128,2,0.472037792,0.461407900,500048,496072,1000096
[RESULT] 121,128,3,0.452136278,0.445288181,500048,496072,1000096
[RESULT] 0,128,7,0.469179392,0.461053848,500109,496292,1000218
[RESULT] 0,128,8,0.462384701,0.454899311,500109,496292,1000218
[RESULT] 0,128,9,0.466784239,0.458507299,500109,496292,1000218

Benchmark Summary
Processes: 128
Iterations: 10
Matrix NNZ: 64000878
Total execution time: 6.637 seconds
[RESULT] 121,128,4,0.467929125,0.455955029,500048,496072,1000096
[RESULT] 121,128,5,0.472443819,0.463511229,500048,496072,1000096
[RESULT] 121,128,6,0.453964233,0.446929932,500048,496072,1000096
[RESULT] 121,128,7,0.467410326,0.459975243,500048,496072,1000096
[RESULT] 121,128,8,0.462932348,0.453138113,500048,496072,1000096
[RESULT] 121,128,9,0.466675520,0.458039522,500048,496072,1000096
[RESULT] 6,128,0,0.481764078,0.472460270,499961,496031,999922
[RESULT] 6,128,1,0.463847876,0.457502604,499961,496031,999922
[RESULT] 6,128,2,0.468289375,0.460687160,499961,496031,999922
[RESULT] 6,128,3,0.463934898,0.456137657,499961,496031,999922
[RESULT] 6,128,4,0.463400841,0.454885006,499961,496031,999922
[RESULT] 6,128,5,0.475612640,0.467706203,499961,496031,999922
[RESULT] 6,128,6,0.453643322,0.447083712,499961,496031,999922
[RESULT] 6,128,7,0.470246077,0.462519884,499961,496031,999922
[RESULT] 6,128,8,0.463636637,0.455506325,499961,496031,999922
[RESULT] 6,128,9,0.466808081,0.459188938,499961,496031,999922
[RESULT] 60,128,0,0.477674961,0.469510317,500226,496253,1000452
[RESULT] 60,128,1,0.473633289,0.465658188,500226,496253,1000452
[RESULT] 60,128,2,0.462312460,0.455404520,500226,496253,1000452
[RESULT] 60,128,3,0.458714485,0.452011824,500226,496253,1000452
[RESULT] 60,128,4,0.453453302,0.446566582,500226,496253,1000452
[RESULT] 60,128,5,0.471893549,0.464952469,500226,496253,1000452
[RESULT] 60,128,6,0.490493536,0.478527546,500226,496253,1000452
[RESULT] 60,128,7,0.475775480,0.458523273,500226,496253,1000452
[RESULT] 60,128,8,0.459593058,0.448906898,500226,496253,1000452
[RESULT] 60,128,9,0.467045546,0.458630562,500226,496253,1000452
[RESULT] 72,128,0,0.488016844,0.473779678,499838,495920,999676
[RESULT] 72,128,1,0.473189116,0.465514660,499838,495920,999676
[RESULT] 72,128,2,0.462126732,0.455376863,499838,495920,999676
[RESULT] 72,128,3,0.464388609,0.457152128,499838,495920,999676
[RESULT] 72,128,4,0.467015743,0.458599806,499838,495920,999676
[RESULT] 17,128,0,0.486065626,0.475212097,500225,496276,1000450
[RESULT] 17,128,1,0.466851950,0.460493326,500225,496276,1000450
[RESULT] 17,128,2,0.470260143,0.461989403,500225,496276,1000450
[RESULT] 17,128,3,0.464159966,0.456407785,500225,496276,1000450
[RESULT] 17,128,4,0.465951681,0.455420256,500225,496276,1000450
[RESULT] 17,128,5,0.476622581,0.468683958,500225,496276,1000450
[RESULT] 17,128,6,0.451339722,0.445073843,500225,496276,1000450
[RESULT] 17,128,7,0.470092535,0.462985992,500225,496276,1000450
[RESULT] 17,128,8,0.465319872,0.457426310,500225,496276,1000450
[RESULT] 17,128,9,0.467581272,0.459812164,500225,496276,1000450
[RESULT] 22,128,0,0.484690189,0.474952459,499895,496020,999790
[RESULT] 22,128,1,0.470634460,0.462755919,499895,496020,999790
[RESULT] 22,128,2,0.470808983,0.462190390,499895,496020,999790
[RESULT] 22,128,3,0.464779615,0.456600666,499895,496020,999790
[RESULT] 22,128,4,0.464852095,0.455130816,499895,496020,999790
[RESULT] 22,128,5,0.478268147,0.470066786,499895,496020,999790
[RESULT] 22,128,6,0.458061457,0.451301575,499895,496020,999790
[RESULT] 22,128,7,0.470388889,0.462841272,499895,496020,999790
[RESULT] 22,128,8,0.465383530,0.457475185,499895,496020,999790
[RESULT] 63,128,0,0.482006073,0.469699621,499746,495681,999492
[RESULT] 63,128,1,0.475511074,0.465949297,499746,495681,999492
[RESULT] 63,128,2,0.470390320,0.460076809,499746,495681,999492
[RESULT] 63,128,3,0.460203648,0.451386690,499746,495681,999492
[RESULT] 63,128,4,0.454325438,0.442749262,499746,495681,999492
[RESULT] 63,128,5,0.475047827,0.465114594,499746,495681,999492
[RESULT] 63,128,6,0.487109184,0.477580070,499746,495681,999492
[RESULT] 63,128,7,0.265608788,0.256870270,499746,495681,999492
[RESULT] 63,128,8,0.463571072,0.453889370,499746,495681,999492
[RESULT] 63,128,9,0.467493534,0.457888603,499746,495681,999492
[RESULT] 72,128,5,0.474022150,0.466567993,499838,495920,999676
[RESULT] 72,128,6,0.485604048,0.478511810,499838,495920,999676
[RESULT] 72,128,7,0.465463161,0.458743334,499838,495920,999676
[RESULT] 72,128,8,0.455886126,0.449098587,499838,495920,999676
[RESULT] 72,128,9,0.467760324,0.458551407,499838,495920,999676
[RESULT] 59,128,0,0.482484579,0.471751213,500239,496305,1000478
[RESULT] 59,128,1,0.474319696,0.466244221,500239,496305,1000478
[RESULT] 59,128,2,0.468378544,0.460509539,500239,496305,1000478
[RESULT] 59,128,3,0.458373547,0.451175451,500239,496305,1000478
[RESULT] 59,128,4,0.455841303,0.445517540,500239,496305,1000478
[RESULT] 59,128,5,0.472759247,0.465236187,500239,496305,1000478
[RESULT] 59,128,6,0.485651255,0.477737427,500239,496305,1000478
[RESULT] 59,128,7,0.263846159,0.256655216,500239,496305,1000478
[RESULT] 59,128,8,0.461902857,0.454140186,500239,496305,1000478
[RESULT] 59,128,9,0.467584133,0.459630728,500239,496305,1000478
[RESULT] 22,128,9,0.467739582,0.459880590,499895,496020,999790
[RESULT] 20,128,0,0.482007265,0.475334167,499847,495945,999694
[RESULT] 20,128,1,0.469969988,0.462766647,499847,495945,999694
[RESULT] 20,128,2,0.470634937,0.461955070,499847,495945,999694
[RESULT] 20,128,3,0.463954210,0.456434488,499847,495945,999694
[RESULT] 20,128,4,0.464632511,0.455130339,499847,495945,999694
[RESULT] 20,128,5,0.477116108,0.469954252,499847,495945,999694
[RESULT] 20,128,6,0.452519655,0.445127726,499847,495945,999694
[RESULT] 20,128,7,0.471112967,0.462782860,499847,495945,999694
[RESULT] 20,128,8,0.464612246,0.457351446,499847,495945,999694
[RESULT] 20,128,9,0.467794657,0.460375786,499847,495945,999694
[RESULT] 123,128,0,0.487081289,0.474210501,499987,496064,999974
[RESULT] 123,128,1,0.468149185,0.459841013,499987,496064,999974
[RESULT] 123,128,2,0.471794605,0.461431742,499987,496064,999974
[RESULT] 123,128,3,0.451874018,0.444709301,499987,496064,999974
[RESULT] 123,128,4,0.467881203,0.456015348,499987,496064,999974
[RESULT] 123,128,5,0.472579002,0.463580370,499987,496064,999974
[RESULT] 123,128,6,0.455450058,0.447821856,499987,496064,999974
[RESULT] 123,128,7,0.467556477,0.459897041,499987,496064,999974
[RESULT] 123,128,8,0.463700056,0.454063177,499987,496064,999974
[RESULT] 123,128,9,0.467760324,0.458225012,499987,496064,999974
[RESULT] 58,128,0,0.483807564,0.471843719,500063,496057,1000126
[RESULT] 58,128,1,0.474917173,0.466221333,500063,496057,1000126
[RESULT] 58,128,2,0.466655970,0.458178043,500063,496057,1000126
[RESULT] 58,128,3,0.459030151,0.451011658,500063,496057,1000126
[RESULT] 58,128,4,0.456199169,0.446079254,500063,496057,1000126
[RESULT] 58,128,5,0.474222422,0.465476036,500063,496057,1000126
[RESULT] 58,128,6,0.486576080,0.477428913,500063,496057,1000126
[RESULT] 58,128,7,0.264707088,0.256937742,500063,496057,1000126
[RESULT] 58,128,8,0.464169979,0.454958200,500063,496057,1000126
[RESULT] 30,128,0,0.486959219,0.472004652,500074,496156,1000148
[RESULT] 30,128,1,0.469545603,0.462291956,500074,496156,1000148
[RESULT] 30,128,2,0.467839241,0.460384130,500074,496156,1000148
[RESULT] 30,128,3,0.463461399,0.455821991,500074,496156,1000148
[RESULT] 30,128,4,0.464430571,0.455859661,500074,496156,1000148
[RESULT] 30,128,5,0.477532864,0.469538450,500074,496156,1000148
[RESULT] 5,128,0,0.487971067,0.475678444,500177,496214,1000354
[RESULT] 5,128,1,0.468622684,0.460108995,500177,496214,1000354
[RESULT] 5,128,2,0.471632242,0.461852789,500177,496214,1000354
[RESULT] 5,128,3,0.465298891,0.456570387,500177,496214,1000354
[RESULT] 5,128,4,0.467915535,0.455687284,500177,496214,1000354
[RESULT] 1,128,0,0.487945318,0.475485563,499877,496104,999754
[RESULT] 1,128,1,0.469048500,0.460350990,499877,496104,999754
[RESULT] 1,128,2,0.472107410,0.462203026,499877,496104,999754
[RESULT] 1,128,3,0.466115475,0.456631422,499877,496104,999754
[RESULT] 1,128,4,0.468035460,0.456080198,499877,496104,999754
[RESULT] 1,128,5,0.478454590,0.468775749,499877,496104,999754
[RESULT] 58,128,9,0.468093634,0.460033655,500063,496057,1000126
[RESULT] 33,128,0,0.493580103,0.474264860,500142,496330,1000284
[RESULT] 33,128,1,0.466327906,0.462567329,500142,496330,1000284
[RESULT] 33,128,2,0.465509653,0.461727858,500142,496330,1000284
[RESULT] 33,128,3,0.473115921,0.452404737,500142,496330,1000284
[RESULT] 33,128,4,0.458550215,0.444664955,500142,496330,1000284
[RESULT] 33,128,5,0.477318764,0.469586372,500142,496330,1000284
[RESULT] 33,128,6,0.457557440,0.449914932,500142,496330,1000284
[RESULT] 33,128,7,0.470213890,0.462522745,500142,496330,1000284
[RESULT] 33,128,8,0.468172312,0.457182646,500142,496330,1000284
[RESULT] 33,128,9,0.468384743,0.460767508,500142,496330,1000284
[RESULT] 56,128,0,0.481204987,0.470482349,499810,495961,999620
[RESULT] 56,128,1,0.473207712,0.466085672,499810,495961,999620
[RESULT] 56,128,2,0.467945337,0.460634947,499810,495961,999620
[RESULT] 56,128,3,0.460013628,0.452832460,499810,495961,999620
[RESULT] 56,128,4,0.449659824,0.438700199,499810,495961,999620
[RESULT] 56,128,5,0.475559711,0.468041420,499810,495961,999620
[RESULT] 56,128,6,0.485768795,0.477968693,499810,495961,999620
[RESULT] 56,128,7,0.264301777,0.257277489,499810,495961,999620
[RESULT] 56,128,8,0.462843657,0.454743385,499810,495961,999620
[RESULT] 56,128,9,0.468232393,0.460907221,499810,495961,999620
[RESULT] 54,128,0,0.480597019,0.471565008,499939,495978,999878
[RESULT] 54,128,1,0.472934961,0.465727091,499939,495978,999878
[RESULT] 54,128,2,0.461683512,0.455469847,499939,495978,999878
[RESULT] 54,128,3,0.459794283,0.452574730,499939,495978,999878
[RESULT] 54,128,4,0.446051836,0.439133406,499939,495978,999878
[RESULT] 54,128,5,0.475269556,0.467303038,499939,495978,999878
[RESULT] 54,128,6,0.485511065,0.478314400,499939,495978,999878
[RESULT] 54,128,7,0.452291727,0.446797848,499939,495978,999878
[RESULT] 54,128,8,0.456097841,0.449034452,499939,495978,999878
[RESULT] 5,128,5,0.477641106,0.468615055,500177,496214,1000354
[RESULT] 5,128,6,0.452302694,0.445272446,500177,496214,1000354
[RESULT] 5,128,7,0.469885588,0.461584568,500177,496214,1000354
[RESULT] 5,128,8,0.462707758,0.453855991,500177,496214,1000354
[RESULT] 5,128,9,0.468003750,0.459720373,500177,496214,1000354
[RESULT] 1,128,6,0.454019070,0.446695089,499877,496104,999754
[RESULT] 1,128,7,0.469413996,0.461401224,499877,496104,999754
[RESULT] 1,128,8,0.464841366,0.455128670,499877,496104,999754
[RESULT] 1,128,9,0.468430519,0.459851265,499877,496104,999754
[RESULT] 10,128,0,0.488000631,0.475675583,499829,495995,999658
[RESULT] 10,128,1,0.469019890,0.460445642,499829,495995,999658
[RESULT] 10,128,2,0.471414804,0.462059259,499829,495995,999658
[RESULT] 10,128,3,0.465296268,0.456747293,499829,495995,999658
[RESULT] 10,128,4,0.467812538,0.455889225,499829,495995,999658
[RESULT] 10,128,5,0.477946043,0.468867064,499829,495995,999658
[RESULT] 10,128,6,0.450757504,0.443997622,499829,495995,999658
[RESULT] 10,128,7,0.470365524,0.463051319,499829,495995,999658
[RESULT] 30,128,6,0.457341194,0.450273275,500074,496156,1000148
[RESULT] 30,128,7,0.469898939,0.462236643,500074,496156,1000148
[RESULT] 30,128,8,0.464010477,0.456749678,500074,496156,1000148
[RESULT] 30,128,9,0.468177557,0.460463047,500074,496156,1000148
[RESULT] 23,128,0,0.487401485,0.475072622,499931,496078,999862
[RESULT] 23,128,1,0.472360373,0.463089466,499931,496078,999862
[RESULT] 23,128,2,0.471791744,0.462166071,499931,496078,999862
[RESULT] 23,128,3,0.465004683,0.456370592,499931,496078,999862
[RESULT] 61,128,0,0.484472513,0.471275568,500134,496131,1000268
[RESULT] 61,128,1,0.476456404,0.466137409,500134,496131,1000268
[RESULT] 61,128,2,0.469509840,0.459369659,500134,496131,1000268
[RESULT] 61,128,3,0.460132360,0.451932907,500134,496131,1000268
[RESULT] 61,128,4,0.456355572,0.446172476,500134,496131,1000268
[RESULT] 10,128,8,0.465098143,0.456110239,499829,495995,999658
[RESULT] 10,128,9,0.468426943,0.460308313,499829,495995,999658
[RESULT] 54,128,9,0.468224764,0.460190535,499939,495978,999878
[RESULT] 23,128,4,0.467364550,0.455335617,499931,496078,999862
[RESULT] 23,128,5,0.478689671,0.469954491,499931,496078,999862
[RESULT] 23,128,6,0.454984665,0.447789907,499931,496078,999862
[RESULT] 23,128,7,0.471001387,0.462840319,499931,496078,999862
[RESULT] 23,128,8,0.466043234,0.457377434,499931,496078,999862
[RESULT] 61,128,5,0.475238800,0.465197563,500134,496131,1000268
[RESULT] 61,128,6,0.487128973,0.477816105,500134,496131,1000268
[RESULT] 61,128,7,0.265485525,0.256482124,500134,496131,1000268
[RESULT] 61,128,8,0.464647770,0.454366207,500134,496131,1000268
[RESULT] 61,128,9,0.468534470,0.459841251,500134,496131,1000268
[RESULT] 52,128,0,0.480789423,0.471379042,499829,495930,999658
[RESULT] 52,128,1,0.473945618,0.466173172,499829,495930,999658
[RESULT] 52,128,2,0.467163563,0.460063457,499829,495930,999658
[RESULT] 52,128,3,0.459285975,0.452251196,499829,495930,999658
[RESULT] 52,128,4,0.446276188,0.438305855,499829,495930,999658
[RESULT] 24,128,0,0.481204271,0.472102642,499933,496015,999866
[RESULT] 24,128,1,0.469045639,0.461725473,499933,496015,999866
[RESULT] 24,128,2,0.468018055,0.460459471,499933,496015,999866
[RESULT] 24,128,3,0.463707209,0.455910444,499933,496015,999866
[RESULT] 24,128,4,0.463170290,0.454903841,499933,496015,999866
[RESULT] 23,128,9,0.468031883,0.459903240,499931,496078,999862
[RESULT] 49,128,0,0.484561920,0.471600771,500181,496246,1000362
[RESULT] 49,128,1,0.476177216,0.466068506,500181,496246,1000362
[RESULT] 49,128,2,0.470723391,0.460334778,500181,496246,1000362
[RESULT] 49,128,3,0.458758354,0.451102495,500181,496246,1000362
[RESULT] 49,128,4,0.448533058,0.438908339,500181,496246,1000362
[RESULT] 49,128,5,0.479128361,0.469708204,500181,496246,1000362
[RESULT] 49,128,6,0.487037420,0.477963209,500181,496246,1000362
[RESULT] 49,128,7,0.458488703,0.451652050,500181,496246,1000362
[RESULT] 49,128,8,0.464273930,0.454220057,500181,496246,1000362
[RESULT] 49,128,9,0.469228506,0.460858345,500181,496246,1000362
[RESULT] 52,128,5,0.476303816,0.468240499,499829,495930,999658
[RESULT] 52,128,6,0.484462023,0.477513075,499829,495930,999658
[RESULT] 52,128,7,0.264181137,0.257483959,499829,495930,999658
[RESULT] 52,128,8,0.460817814,0.453403473,499829,495930,999658
[RESULT] 52,128,9,0.468716383,0.460946083,499829,495930,999658
[RESULT] 24,128,5,0.477756500,0.469615221,499933,496015,999866
[RESULT] 24,128,6,0.457213402,0.450213194,499933,496015,999866
[RESULT] 24,128,7,0.470067501,0.462313175,499933,496015,999866
[RESULT] 24,128,8,0.464165449,0.456827879,499933,496015,999866
[RESULT] 24,128,9,0.468380451,0.460516930,499933,496015,999866
[RESULT] 11,128,0,0.485551119,0.474688530,500017,496111,1000034
[RESULT] 11,128,1,0.468198061,0.460551739,500017,496111,1000034
[RESULT] 11,128,2,0.471060753,0.461888790,500017,496111,1000034
[RESULT] 11,128,3,0.465288162,0.456617117,500017,496111,1000034
[RESULT] 43,128,0,0.485141516,0.472791433,499881,496060,999762
[RESULT] 43,128,1,0.471057415,0.461829424,499881,496060,999762
[RESULT] 43,128,2,0.468213320,0.459361076,499881,496060,999762
[RESULT] 43,128,3,0.460017204,0.451683760,499881,496060,999762
[RESULT] 28,128,0,0.484410524,0.475334406,500038,496152,1000076
[RESULT] 28,128,1,0.470183849,0.462729216,500038,496152,1000076
[RESULT] 28,128,2,0.470307589,0.461929798,500038,496152,1000076
[RESULT] 28,128,3,0.464284658,0.456577539,500038,496152,1000076
[RESULT] 28,128,4,0.464425325,0.455077648,500038,496152,1000076
[RESULT] 28,128,5,0.477893353,0.470125198,500038,496152,1000076
[RESULT] 28,128,6,0.455078602,0.448590040,500038,496152,1000076
[RESULT] 28,128,7,0.470207930,0.462902069,500038,496152,1000076
[RESULT] 28,128,8,0.465511799,0.457554817,500038,496152,1000076
[RESULT] 28,128,9,0.468741894,0.461108446,500038,496152,1000076
[RESULT] 36,128,0,0.477617502,0.469233274,500031,496086,1000062
[RESULT] 36,128,1,0.469287634,0.462044954,500031,496086,1000062
[RESULT] 36,128,2,0.468369246,0.460311174,500031,496086,1000062
[RESULT] 36,128,3,0.458131075,0.450881481,500031,496086,1000062
[RESULT] 36,128,4,0.463986874,0.455456972,500031,496086,1000062
[RESULT] 36,128,5,0.476985455,0.469464302,500031,496086,1000062
[RESULT] 36,128,6,0.456106186,0.449870586,500031,496086,1000062
[RESULT] 36,128,7,0.469993830,0.462171316,500031,496086,1000062
[RESULT] 11,128,4,0.465961456,0.455376625,500017,496111,1000034
[RESULT] 11,128,5,0.477524042,0.468639612,500017,496111,1000034
[RESULT] 11,128,6,0.452032804,0.445206404,500017,496111,1000034
[RESULT] 11,128,7,0.470415831,0.463045835,500017,496111,1000034
[RESULT] 11,128,8,0.464918852,0.456065655,500017,496111,1000034
[RESULT] 11,128,9,0.468459606,0.460112095,500017,496111,1000034
[RESULT] 43,128,4,0.449620485,0.439035892,499881,496060,999762
[RESULT] 43,128,5,0.479074001,0.469696999,499881,496060,999762
[RESULT] 43,128,6,0.486027718,0.477952957,499881,496060,999762
[RESULT] 43,128,7,0.459068060,0.451814890,499881,496060,999762
[RESULT] 43,128,8,0.466381788,0.456974268,499881,496060,999762
[RESULT] 43,128,9,0.469340801,0.460851431,499881,496060,999762
[RESULT] 34,128,0,0.483456850,0.473626137,500135,496259,1000270
[RESULT] 34,128,1,0.469698429,0.462101936,500135,496259,1000270
[RESULT] 34,128,2,0.470540524,0.462117910,500135,496259,1000270
[RESULT] 34,128,3,0.459928513,0.452610731,500135,496259,1000270
[RESULT] 34,128,4,0.452518702,0.444113493,500135,496259,1000270
[RESULT] 34,128,5,0.478042603,0.469898224,500135,496259,1000270
[RESULT] 34,128,6,0.455229282,0.448523760,500135,496259,1000270
[RESULT] 34,128,7,0.470408201,0.462825775,500135,496259,1000270
[RESULT] 34,128,8,0.465233326,0.457355976,500135,496259,1000270
[RESULT] 34,128,9,0.468881130,0.461095333,500135,496259,1000270
[RESULT] 36,128,8,0.472351551,0.465634823,500031,496086,1000062
[RESULT] 36,128,9,0.468388796,0.460396767,500031,496086,1000062
[RESULT] 35,128,0,0.485228300,0.473026991,500089,496254,1000178
[RESULT] 35,128,1,0.472117901,0.462864399,500089,496254,1000178
[RESULT] 35,128,2,0.471421957,0.461843252,500089,496254,1000178
[RESULT] 35,128,3,0.459953547,0.452135563,500089,496254,1000178
[RESULT] 35,128,4,0.448845387,0.439130783,500089,496254,1000178
[RESULT] 35,128,5,0.478505850,0.469766617,500089,496254,1000178
[RESULT] 35,128,6,0.457300663,0.450111389,500089,496254,1000178
[RESULT] 35,128,7,0.471176624,0.463110209,500089,496254,1000178
[RESULT] 35,128,8,0.465949535,0.457287550,500089,496254,1000178
[RESULT] 35,128,9,0.468934059,0.460906982,500089,496254,1000178
[RESULT] 55,128,0,0.483884811,0.471833467,500021,496103,1000042
[RESULT] 55,128,1,0.475636005,0.466072559,500021,496103,1000042
[RESULT] 55,128,2,0.466179848,0.458050728,500021,496103,1000042
[RESULT] 55,128,3,0.459462643,0.451176643,500021,496103,1000042
[RESULT] 55,128,4,0.449674845,0.438888550,500021,496103,1000042
[RESULT] 55,128,5,0.478246927,0.468502283,500021,496103,1000042
[RESULT] 55,128,6,0.486115694,0.477808237,500021,496103,1000042
[RESULT] 55,128,7,0.264463902,0.257305861,500021,496103,1000042
[RESULT] 55,128,8,0.465023518,0.455219507,500021,496103,1000042
[RESULT] 55,128,9,0.469459057,0.460668802,500021,496103,1000042
[RESULT] 46,128,0,0.482676268,0.470844746,500151,496435,1000302
[RESULT] 46,128,1,0.471291780,0.462273359,500151,496435,1000302
[RESULT] 46,128,2,0.465811729,0.457715988,500151,496435,1000302
[RESULT] 46,128,3,0.460318804,0.452160597,500151,496435,1000302
[RESULT] 46,128,4,0.448579311,0.438415527,500151,496435,1000302
[RESULT] 48,128,0,0.473623514,0.466733694,499937,496022,999874
[RESULT] 48,128,1,0.473560572,0.465785742,499937,496022,999874
[RESULT] 48,128,2,0.497203350,0.490581274,499937,496022,999874
[RESULT] 48,128,3,0.455011606,0.449372768,499937,496022,999874
[RESULT] 48,128,4,0.463853598,0.455598354,499937,496022,999874
[RESULT] 48,128,5,0.477105856,0.469316959,499937,496022,999874
[RESULT] 48,128,6,0.485450506,0.478294373,499937,496022,999874
[RESULT] 48,128,7,0.460195303,0.454266310,499937,496022,999874
[RESULT] 29,128,0,0.485802412,0.475126266,499921,496003,999842
[RESULT] 29,128,1,0.471070528,0.462663174,499921,496003,999842
[RESULT] 29,128,2,0.471047163,0.461915970,499921,496003,999842
[RESULT] 29,128,3,0.464991331,0.456356525,499921,496003,999842
[RESULT] 29,128,4,0.465459585,0.455103159,499921,496003,999842
[RESULT] 46,128,5,0.478655577,0.469876528,500151,496435,1000302
[RESULT] 46,128,6,0.486639261,0.477591515,500151,496435,1000302
[RESULT] 46,128,7,0.459768057,0.452068806,500151,496435,1000302
[RESULT] 46,128,8,0.463772774,0.454542637,500151,496435,1000302
[RESULT] 46,128,9,0.468923330,0.460946560,500151,496435,1000302
[RESULT] 48,128,8,0.455938339,0.449171782,499937,496022,999874
[RESULT] 48,128,9,0.468405962,0.460262537,499937,496022,999874
[RESULT] 29,128,5,0.478532076,0.469936371,499921,496003,999842
[RESULT] 29,128,6,0.456751823,0.450052977,499921,496003,999842
[RESULT] 29,128,7,0.470201254,0.462868929,499921,496003,999842
[RESULT] 29,128,8,0.465894461,0.457271814,499921,496003,999842
[RESULT] 29,128,9,0.469174623,0.460935593,499921,496003,999842
[RESULT] 4,128,0,0.491084576,0.475150585,499887,496016,999774
[RESULT] 4,128,1,0.465482950,0.459274530,499887,496016,999774
[RESULT] 4,128,2,0.470027447,0.461541653,499887,496016,999774
[RESULT] 4,128,3,0.464892864,0.456752539,499887,496016,999774
[RESULT] 4,128,4,0.465237617,0.455907583,499887,496016,999774
[RESULT] 4,128,5,0.477144003,0.468892813,499887,496016,999774
[RESULT] 4,128,6,0.448755503,0.442473412,499887,496016,999774
[RESULT] 4,128,7,0.469266176,0.461616039,499887,496016,999774
[RESULT] 4,128,8,0.463182211,0.455152988,499887,496016,999774
[RESULT] 53,128,0,0.481714249,0.470746756,500111,496193,1000222
[RESULT] 53,128,1,0.475054502,0.466278076,500111,496193,1000222
[RESULT] 53,128,2,0.466433048,0.458295345,500111,496193,1000222
[RESULT] 4,128,9,0.469221592,0.459668398,499887,496016,999774
[RESULT] 53,128,3,0.460312605,0.452229261,500111,496193,1000222
[RESULT] 53,128,4,0.447674990,0.438797712,500111,496193,1000222
[RESULT] 53,128,5,0.477638721,0.468449831,500111,496193,1000222
[RESULT] 53,128,6,0.486230135,0.477907896,500111,496193,1000222
[RESULT] 53,128,7,0.264709473,0.257400990,500111,496193,1000222
[RESULT] 53,128,8,0.464159012,0.454904079,500111,496193,1000222
[RESULT] 53,128,9,0.469204903,0.460707426,500111,496193,1000222
[RESULT] 47,128,0,0.481271267,0.470673084,499936,496156,999872
[RESULT] 47,128,1,0.471824408,0.463062286,499936,496156,999872
[RESULT] 47,128,2,0.468069792,0.459288120,499936,496156,999872
[RESULT] 47,128,3,0.460222721,0.452186346,499936,496156,999872
[RESULT] 47,128,4,0.447737694,0.438966036,499936,496156,999872
[RESULT] 16,128,0,0.492607117,0.475683689,499904,495882,999808
[RESULT] 16,128,1,0.467207670,0.460481644,499904,495882,999808
[RESULT] 16,128,2,0.470505476,0.461996555,499904,495882,999808
[RESULT] 16,128,3,0.464403868,0.456534386,499904,495882,999808
[RESULT] 16,128,4,0.464924812,0.455312967,499904,495882,999808
[RESULT] 16,128,5,0.476670980,0.468525648,499904,495882,999808
[RESULT] 16,128,6,0.450874805,0.444218636,499904,495882,999808
[RESULT] 16,128,7,0.470431089,0.463042498,499904,495882,999808
[RESULT] 16,128,8,0.465598583,0.457499504,499904,495882,999808
[RESULT] 21,128,0,0.488021374,0.475326061,500015,496107,1000030
[RESULT] 21,128,1,0.471104622,0.461777449,500015,496107,1000030
[RESULT] 21,128,2,0.472260237,0.461897850,500015,496107,1000030
[RESULT] 21,128,3,0.465479374,0.456517696,500015,496107,1000030
[RESULT] 21,128,4,0.467080116,0.455083370,500015,496107,1000030
[RESULT] 21,128,5,0.479776621,0.469991922,500015,496107,1000030
[RESULT] 21,128,6,0.457031012,0.449331045,500015,496107,1000030
[RESULT] 21,128,7,0.470443249,0.462644339,500015,496107,1000030
[RESULT] 21,128,8,0.467315435,0.457238674,500015,496107,1000030
[RESULT] 21,128,9,0.469521284,0.459963322,500015,496107,1000030
[RESULT] 8,128,0,0.486423731,0.475437880,500107,496192,1000214
[RESULT] 8,128,1,0.469457626,0.460599899,500107,496192,1000214
[RESULT] 8,128,2,0.472279310,0.462172508,500107,496192,1000214
[RESULT] 8,128,3,0.466927528,0.456602573,500107,496192,1000214
[RESULT] 8,128,4,0.466557503,0.455752373,500107,496192,1000214
[RESULT] 8,128,5,0.479218483,0.469015121,500107,496192,1000214
[RESULT] 8,128,6,0.452246904,0.445074797,500107,496192,1000214
[RESULT] 8,128,7,0.471276522,0.462976933,500107,496192,1000214
[RESULT] 8,128,8,0.466231346,0.456051826,500107,496192,1000214
[RESULT] 8,128,9,0.469113111,0.460488319,500107,496192,1000214
[RESULT] 47,128,5,0.478629351,0.469773054,499936,496156,999872
[RESULT] 47,128,6,0.486228943,0.477916002,499936,496156,999872
[RESULT] 47,128,7,0.459440231,0.452546358,499936,496156,999872
[RESULT] 47,128,8,0.462697029,0.453680992,499936,496156,999872
[RESULT] 47,128,9,0.469323635,0.460893154,499936,496156,999872
[RESULT] 16,128,9,0.469674110,0.460326672,499904,495882,999808
[RESULT] 27,128,0,0.488155842,0.475023270,499987,496119,999974
[RESULT] 27,128,1,0.472705364,0.462779045,499987,496119,999974
[RESULT] 27,128,2,0.471055031,0.460999727,499987,496119,999974
[RESULT] 27,128,3,0.466325045,0.456188679,499987,496119,999974
[RESULT] 27,128,4,0.467793941,0.454821348,499987,496119,999974
[RESULT] 27,128,5,0.480052710,0.469988585,499987,496119,999974
[RESULT] 27,128,6,0.458422661,0.449930191,499987,496119,999974
[RESULT] 27,128,7,0.471075058,0.462635040,499987,496119,999974
[RESULT] 27,128,8,0.467286110,0.457042217,499987,496119,999974
[RESULT] 27,128,9,0.469483137,0.460819960,499987,496119,999974
[RESULT] 14,128,0,0.487634897,0.475477695,500214,496475,1000428
[RESULT] 14,128,1,0.468662739,0.460364103,500214,496475,1000428
[RESULT] 14,128,2,0.472272635,0.461721420,500214,496475,1000428
[RESULT] 14,128,3,0.466929913,0.456571817,500214,496475,1000428
[RESULT] 14,128,4,0.466134310,0.455309868,500214,496475,1000428
[RESULT] 14,128,5,0.479113579,0.468771219,500214,496475,1000428
[RESULT] 14,128,6,0.454444408,0.446970224,500214,496475,1000428
[RESULT] 14,128,7,0.471825361,0.463167429,500214,496475,1000428
[RESULT] 14,128,8,0.467751741,0.457423925,500214,496475,1000428
[RESULT] 14,128,9,0.469319344,0.459609270,500214,496475,1000428
[RESULT] 57,128,0,0.485335350,0.472128153,499899,495934,999798
[RESULT] 57,128,1,0.475673437,0.466077328,499899,495934,999798
[RESULT] 57,128,2,0.470053673,0.459715128,499899,495934,999798
[RESULT] 57,128,3,0.460366011,0.451449156,499899,495934,999798
[RESULT] 57,128,4,0.454157352,0.442801714,499899,495934,999798
[RESULT] 57,128,5,0.475494862,0.465374708,499899,495934,999798
[RESULT] 57,128,6,0.487347841,0.477761030,499899,495934,999798
[RESULT] 57,128,7,0.265686274,0.256850719,499899,495934,999798
[RESULT] 57,128,8,0.466059923,0.455781698,499899,495934,999798
[RESULT] 57,128,9,0.469680786,0.460062981,499899,495934,999798
[RESULT] 62,128,0,0.492080450,0.471612215,499810,496028,999620
[RESULT] 62,128,1,0.476141453,0.466077328,499810,496028,999620
[RESULT] 62,128,2,0.470294952,0.459853649,499810,496028,999620
[RESULT] 62,128,3,0.468961000,0.452553988,499810,496028,999620
[RESULT] 62,128,4,0.458370686,0.446167707,499810,496028,999620
[RESULT] 62,128,5,0.475740671,0.465527058,499810,496028,999620
[RESULT] 62,128,6,0.487776041,0.477698326,499810,496028,999620
[RESULT] 62,128,7,0.265992880,0.256791830,499810,496028,999620
[RESULT] 62,128,8,0.468111515,0.455374718,499810,496028,999620
[RESULT] 62,128,9,0.469054699,0.459265709,499810,496028,999620
[RESULT] 45,128,0,0.485013723,0.472094536,500249,496460,1000498
[RESULT] 45,128,1,0.471780062,0.462394714,500249,496460,1000498
[RESULT] 45,128,2,0.470371723,0.460129023,500249,496460,1000498
[RESULT] 45,128,3,0.461238146,0.452353239,500249,496460,1000498
[RESULT] 45,128,4,0.450349569,0.438771248,500249,496460,1000498
[RESULT] 45,128,5,0.479334593,0.469471693,500249,496460,1000498
[RESULT] 45,128,6,0.487445593,0.478007555,500249,496460,1000498
[RESULT] 45,128,7,0.459396601,0.451806784,500249,496460,1000498
[RESULT] 45,128,8,0.468955994,0.455391645,500249,496460,1000498
[RESULT] 45,128,9,0.470028639,0.460662603,500249,496460,1000498
[RESULT] 50,128,0,0.481415033,0.469928026,499732,495780,999464
[RESULT] 50,128,1,0.476081848,0.466188908,499732,495780,999464
[RESULT] 50,128,2,0.469936848,0.459670782,499732,495780,999464
[RESULT] 50,128,3,0.462452412,0.452565670,499732,495780,999464
[RESULT] 50,128,4,0.448328733,0.438789368,499732,495780,999464
[RESULT] 50,128,5,0.479741096,0.469560862,499732,495780,999464
[RESULT] 50,128,6,0.487791538,0.477875233,499732,495780,999464
[RESULT] 50,128,7,0.460761309,0.452146053,499732,495780,999464
[RESULT] 50,128,8,0.466310740,0.455723286,499732,495780,999464
[RESULT] 50,128,9,0.470530510,0.460889816,499732,495780,999464
[RESULT] 44,128,0,0.486667395,0.474305391,500170,496293,1000340
[RESULT] 44,128,1,0.472174883,0.462442875,500170,496293,1000340
[RESULT] 44,128,2,0.469677687,0.459366560,500170,496293,1000340
[RESULT] 44,128,3,0.462043047,0.452226400,500170,496293,1000340
[RESULT] 44,128,4,0.448670626,0.438988924,500170,496293,1000340
[RESULT] 44,128,5,0.480104685,0.469928265,500170,496293,1000340
[RESULT] 44,128,6,0.488053560,0.478135586,500170,496293,1000340
[RESULT] 44,128,7,0.460882664,0.452212811,500170,496293,1000340
[RESULT] 44,128,8,0.467488050,0.456927776,500170,496293,1000340
[RESULT] 44,128,9,0.470705271,0.460861206,500170,496293,1000340
[RESULT] 90,128,0,0.477860689,0.469562531,499997,496004,999994
[RESULT] 90,128,1,0.472259045,0.464271784,499997,496004,999994
[RESULT] 90,128,2,0.470210075,0.462331533,499997,496004,999994
[RESULT] 90,128,3,0.464424610,0.456893921,499997,496004,999994
[RESULT] 90,128,4,0.466796398,0.458261967,499997,496004,999994
[RESULT] 90,128,5,0.474179029,0.466358662,499997,496004,999994
[RESULT] 90,128,6,0.484113693,0.476107359,499997,496004,999994
[RESULT] 90,128,7,0.462543011,0.455343008,499997,496004,999994
[RESULT] 90,128,8,0.464320898,0.457015276,499997,496004,999994
[RESULT] 90,128,9,0.471042156,0.464007854,499997,496004,999994
[RESULT] 32,128,0,0.495257139,0.475270033,500042,496063,1000084
[RESULT] 32,128,1,0.472234964,0.462424755,500042,496063,1000084
[RESULT] 32,128,2,0.472615480,0.462394953,500042,496063,1000084
[RESULT] 32,128,3,0.466634750,0.456212997,500042,496063,1000084
[RESULT] 32,128,4,0.465716124,0.454765558,500042,496063,1000084
[RESULT] 32,128,5,0.480114222,0.469847679,500042,496063,1000084
[RESULT] 32,128,6,0.458675146,0.450025320,500042,496063,1000084
[RESULT] 32,128,7,0.471175432,0.462633371,500042,496063,1000084
[RESULT] 32,128,8,0.469020128,0.457196236,500042,496063,1000084
[RESULT] 32,128,9,0.470963955,0.460950375,500042,496063,1000084
[RESULT] 2,128,0,0.495055914,0.475605726,499748,495818,999496
[RESULT] 2,128,1,0.471594810,0.462034464,499748,495818,999496
[RESULT] 2,128,2,0.472487926,0.461931705,499748,495818,999496
[RESULT] 2,128,3,0.467058659,0.456668377,499748,495818,999496
[RESULT] 2,128,4,0.466749191,0.455984592,499748,495818,999496
[RESULT] 2,128,5,0.479207039,0.468903303,499748,495818,999496
[RESULT] 2,128,6,0.456325531,0.448427916,499748,495818,999496
[RESULT] 2,128,7,0.470095158,0.461523056,499748,495818,999496
[RESULT] 2,128,8,0.465847015,0.455483913,499748,495818,999496
[RESULT] 2,128,9,0.471170425,0.460114956,499748,495818,999496
[RESULT] 38,128,0,0.495884180,0.473747492,500248,496281,1000496
[RESULT] 38,128,1,0.472536325,0.462737560,500248,496281,1000496
[RESULT] 38,128,2,0.472302198,0.462069750,500248,496281,1000496
[RESULT] 38,128,3,0.461136580,0.452745914,500248,496281,1000496
[RESULT] 38,128,4,0.449148417,0.439063787,500248,496281,1000496
[RESULT] 38,128,5,0.480024815,0.469740391,500248,496281,1000496
[RESULT] 3,128,0,0.488473177,0.475332260,499898,496032,999796
[RESULT] 3,128,1,0.468593359,0.459543943,499898,496032,999796
[RESULT] 3,128,2,0.471928358,0.461583376,499898,496032,999796
[RESULT] 3,128,3,0.466783285,0.456607819,499898,496032,999796
[RESULT] 3,128,4,0.468888283,0.455728054,499898,496032,999796
[RESULT] 3,128,5,0.479244471,0.468907595,499898,496032,999796
[RESULT] 3,128,6,0.454909325,0.446610689,499898,496032,999796
[RESULT] 3,128,7,0.470054865,0.461442709,499898,496032,999796
[RESULT] 3,128,8,0.464643002,0.454252243,499898,496032,999796
[RESULT] 3,128,9,0.471438646,0.460071564,499898,496032,999796
[RESULT] 38,128,6,0.458393812,0.449868917,500248,496281,1000496
[RESULT] 38,128,7,0.470941305,0.462512732,500248,496281,1000496
[RESULT] 38,128,8,0.467225313,0.457027912,500248,496281,1000496
[RESULT] 38,128,9,0.471731901,0.460857391,500248,496281,1000496
[RESULT] 26,128,0,0.495110750,0.474778175,500146,496158,1000292
[RESULT] 26,128,1,0.472539425,0.462576628,500146,496158,1000292
[RESULT] 26,128,2,0.472396612,0.462047100,500146,496158,1000292
[RESULT] 26,128,3,0.466927290,0.456319809,500146,496158,1000292
[RESULT] 26,128,4,0.466190815,0.454951048,500146,496158,1000292
[RESULT] 15,128,0,0.499556780,0.475204706,499809,495919,999618
[RESULT] 15,128,1,0.472002029,0.462059021,499809,495919,999618
[RESULT] 15,128,2,0.472508430,0.462141752,499809,495919,999618
[RESULT] 15,128,3,0.466658354,0.456405163,499809,495919,999618
[RESULT] 15,128,4,0.468569517,0.455333710,499809,495919,999618
[RESULT] 15,128,5,0.478928089,0.468577862,499809,495919,999618
[RESULT] 15,128,6,0.457645178,0.449002981,499809,495919,999618
[RESULT] 15,128,7,0.471307755,0.462803125,499809,495919,999618
[RESULT] 15,128,8,0.467617273,0.457230091,499809,495919,999618
[RESULT] 15,128,9,0.472194433,0.460052013,499809,495919,999618
[RESULT] 26,128,5,0.480342388,0.470084906,500146,496158,1000292
[RESULT] 26,128,6,0.456451654,0.448140383,500146,496158,1000292
[RESULT] 26,128,7,0.471353054,0.462708712,500146,496158,1000292
[RESULT] 26,128,8,0.467693329,0.457492828,500146,496158,1000292
[RESULT] 26,128,9,0.471982002,0.461055040,500146,496158,1000292
[RESULT] 41,128,0,0.492206097,0.473085880,500268,496347,1000536
[RESULT] 41,128,1,0.475090027,0.462741613,500268,496347,1000536
[RESULT] 41,128,2,0.472341061,0.459409237,500268,496347,1000536
[RESULT] 41,128,3,0.463556290,0.451788664,500268,496347,1000536
[RESULT] 41,128,4,0.450043201,0.438958406,500268,496347,1000536
[RESULT] 41,128,5,0.481157780,0.469713688,500268,496347,1000536
[RESULT] 41,128,6,0.489746332,0.478090525,500268,496347,1000536
[RESULT] 41,128,7,0.462642670,0.452449799,500268,496347,1000536
[RESULT] 41,128,8,0.469207525,0.457190752,500268,496347,1000536
[RESULT] 41,128,9,0.473865747,0.460908175,500268,496347,1000536
[RESULT] 13,128,0,0.498007298,0.475532770,499794,495926,999588
[RESULT] 13,128,1,0.475116491,0.460738659,499794,495926,999588
[RESULT] 13,128,2,0.476197958,0.461359978,499794,495926,999588
[RESULT] 13,128,3,0.469701052,0.456417084,499794,495926,999588
[RESULT] 13,128,4,0.471569538,0.455317020,499794,495926,999588
[RESULT] 13,128,5,0.482333899,0.468775749,499794,495926,999588
[RESULT] 13,128,6,0.454449892,0.444558620,499794,495926,999588
[RESULT] 13,128,7,0.473073721,0.462803125,499794,495926,999588
[RESULT] 13,128,8,0.470227242,0.457396507,499794,495926,999588
[RESULT] 13,128,9,0.474114656,0.460142136,499794,495926,999588
[RESULT] 51,128,0,0.486492157,0.473430157,500031,496113,1000062
[RESULT] 51,128,1,0.483288050,0.466099024,500031,496113,1000062
[RESULT] 51,128,2,0.480368376,0.461022615,500031,496113,1000062
[RESULT] 51,128,3,0.472221851,0.452831268,500031,496113,1000062
[RESULT] 51,128,4,0.454482079,0.438699961,500031,496113,1000062
[RESULT] 51,128,5,0.478981733,0.468696356,500031,496113,1000062
[RESULT] 51,128,6,0.486416101,0.477715015,500031,496113,1000062
[RESULT] 51,128,7,0.265879631,0.257268906,500031,496113,1000062
[RESULT] 51,128,8,0.469146967,0.455437660,500031,496113,1000062
[RESULT] 51,128,9,0.474226713,0.460605383,500031,496113,1000062
[RESULT] 40,128,0,0.496331453,0.475118399,500142,496236,1000284
[RESULT] 40,128,1,0.477525711,0.462045193,500142,496236,1000284
[RESULT] 40,128,2,0.475453615,0.459659338,500142,496236,1000284
[RESULT] 40,128,3,0.467344999,0.452262878,500142,496236,1000284
[RESULT] 40,128,4,0.451274633,0.438523769,500142,496236,1000284
[RESULT] 40,128,5,0.483371735,0.469938755,500142,496236,1000284
[RESULT] 40,128,6,0.491655827,0.477650642,500142,496236,1000284
[RESULT] 40,128,7,0.464238882,0.452191591,500142,496236,1000284
[RESULT] 40,128,8,0.470015526,0.457341909,500142,496236,1000284
[RESULT] 40,128,9,0.474606037,0.460979462,500142,496236,1000284
[RESULT] 25,128,0,0.498123407,0.475116968,500163,496285,1000326
[RESULT] 25,128,1,0.477033138,0.462605000,500163,496285,1000326
[RESULT] 25,128,2,0.476572275,0.462062120,500163,496285,1000326
[RESULT] 25,128,3,0.470263958,0.456298590,500163,496285,1000326
[RESULT] 25,128,4,0.470554352,0.455092192,500163,496285,1000326
[RESULT] 25,128,5,0.483250856,0.469909668,500163,496285,1000326
[RESULT] 25,128,6,0.459429502,0.448753357,500163,496285,1000326
[RESULT] 25,128,7,0.474489927,0.462628603,500163,496285,1000326
[RESULT] 25,128,8,0.470463276,0.457192898,500163,496285,1000326
[RESULT] 25,128,9,0.475460529,0.461019993,500163,496285,1000326
[RESULT] 7,128,0,0.499013186,0.475549459,500058,496221,1000116
[RESULT] 7,128,1,0.476828098,0.461118460,500058,496221,1000116
[RESULT] 7,128,2,0.478091955,0.462127686,500058,496221,1000116
[RESULT] 7,128,3,0.471860647,0.456460476,500058,496221,1000116
[RESULT] 7,128,4,0.472366095,0.455578566,500058,496221,1000116
[RESULT] 7,128,5,0.483908653,0.468544006,500058,496221,1000116
[RESULT] 7,128,6,0.456373930,0.445196867,500058,496221,1000116
[RESULT] 7,128,7,0.476290941,0.462851763,500058,496221,1000116
[RESULT] 7,128,8,0.471232653,0.455884457,500058,496221,1000116
[RESULT] 7,128,9,0.475691319,0.460177422,500058,496221,1000116
[RESULT] 19,128,0,0.497742414,0.474801779,500070,496197,1000140
[RESULT] 19,128,1,0.479866028,0.462409019,500070,496197,1000140
[RESULT] 19,128,2,0.478748798,0.462130070,500070,496197,1000140
[RESULT] 19,128,3,0.471865892,0.456233263,500070,496197,1000140
[RESULT] 19,128,4,0.474088669,0.455393076,500070,496197,1000140
[RESULT] 19,128,5,0.484863043,0.469965219,500070,496197,1000140
[RESULT] 19,128,6,0.458618879,0.446754694,500070,496197,1000140
[RESULT] 19,128,7,0.475080729,0.462788582,500070,496197,1000140
[RESULT] 19,128,8,0.472179413,0.457214594,500070,496197,1000140
[RESULT] 19,128,9,0.476002932,0.460023880,500070,496197,1000140
[RESULT] 37,128,0,0.500977516,0.475578547,500242,496411,1000484
[RESULT] 37,128,1,0.478899717,0.462037325,500242,496411,1000484
[RESULT] 37,128,2,0.478797674,0.461768150,500242,496411,1000484
[RESULT] 37,128,3,0.469320774,0.452073812,500242,496411,1000484
[RESULT] 37,128,4,0.452782393,0.439044476,500242,496411,1000484
[RESULT] 37,128,5,0.485350847,0.469660044,500242,496411,1000484
[RESULT] 37,128,6,0.462659359,0.450257301,500242,496411,1000484
[RESULT] 37,128,7,0.476925135,0.462594748,500242,496411,1000484
[RESULT] 37,128,8,0.472589731,0.457038879,500242,496411,1000484
[RESULT] 37,128,9,0.476236820,0.460990906,500242,496411,1000484
[RESULT] 42,128,0,0.484424353,0.469136000,499740,495856,999480
[RESULT] 42,128,1,0.469439268,0.462068558,499740,495856,999480
[RESULT] 42,128,2,0.461902857,0.455278397,499740,495856,999480
[RESULT] 42,128,3,0.457353115,0.450779438,499740,495856,999480
[RESULT] 42,128,4,0.471790075,0.455879211,499740,495856,999480
[RESULT] 42,128,5,0.484436750,0.469390869,499740,495856,999480
[RESULT] 42,128,6,0.492620707,0.478942394,499740,495856,999480
[RESULT] 42,128,7,0.505772114,0.493278980,499740,495856,999480
[RESULT] 42,128,8,0.473372698,0.456612825,499740,495856,999480
[RESULT] 42,128,9,0.476358175,0.460335016,499740,495856,999480
[RESULT] 9,128,0,0.496354342,0.475268602,500244,496409,1000488
[RESULT] 9,128,1,0.474915504,0.462316751,500244,496409,1000488
[RESULT] 9,128,2,0.475465298,0.462200165,500244,496409,1000488
[RESULT] 9,128,3,0.468691111,0.456697226,500244,496409,1000488
[RESULT] 9,128,4,0.472000599,0.455336332,500244,496409,1000488
[RESULT] 9,128,5,0.483856678,0.468438148,500244,496409,1000488
[RESULT] 9,128,6,0.454802036,0.444617033,500244,496409,1000488
[RESULT] 9,128,7,0.473949909,0.462859869,500244,496409,1000488
[RESULT] 9,128,8,0.471117496,0.455850363,500244,496409,1000488
[RESULT] 9,128,9,0.476417065,0.459729910,500244,496409,1000488
[RESULT] 84,128,0,0.489086151,0.468864202,499957,496153,999914
[RESULT] 84,128,1,0.474595070,0.464346170,499957,496153,999914
[RESULT] 84,128,2,0.475331545,0.462407589,499957,496153,999914
[RESULT] 84,128,3,0.471531391,0.456985235,499957,496153,999914
[RESULT] 84,128,4,0.471799374,0.458398581,499957,496153,999914
[RESULT] 84,128,5,0.478719711,0.466428995,499957,496153,999914
[RESULT] 84,128,6,0.486893177,0.474940062,499957,496153,999914
[RESULT] 84,128,7,0.473870754,0.461191416,499957,496153,999914
[RESULT] 84,128,8,0.465061903,0.456452370,499957,496153,999914
[RESULT] 84,128,9,0.476626635,0.463147402,499957,496153,999914
[RESULT] 31,128,0,0.500816822,0.474532843,499871,495979,999742
[RESULT] 31,128,1,0.478976488,0.462230682,499871,495979,999742
[RESULT] 31,128,2,0.478939295,0.462307453,499871,495979,999742
[RESULT] 31,128,3,0.472398281,0.456238270,499871,495979,999742
[RESULT] 31,128,4,0.473288774,0.455039024,499871,495979,999742
[RESULT] 31,128,5,0.485409021,0.469880342,499871,495979,999742
[RESULT] 31,128,6,0.461973667,0.449185610,499871,495979,999742
[RESULT] 31,128,7,0.476864100,0.462615967,499871,495979,999742
[RESULT] 31,128,8,0.472549915,0.457044125,499871,495979,999742
[RESULT] 31,128,9,0.477941036,0.460980415,499871,495979,999742
[RESULT] 39,128,0,0.499265909,0.475338936,500001,496061,1000002
[RESULT] 39,128,1,0.472846746,0.462837934,500001,496061,1000002
[RESULT] 39,128,2,0.470842838,0.460702419,500001,496061,1000002
[RESULT] 39,128,3,0.462216616,0.452684879,500001,496061,1000002
[RESULT] 39,128,4,0.451644659,0.438872337,500001,496061,1000002
[RESULT] 39,128,5,0.479904175,0.469644547,500001,496061,1000002
[RESULT] 39,128,6,0.458036900,0.449325562,500001,496061,1000002
[RESULT] 39,128,7,0.460425854,0.453098059,500001,496061,1000002
[RESULT] 39,128,8,0.467252731,0.456868410,500001,496061,1000002
[RESULT] 39,128,9,0.478165150,0.460675240,500001,496061,1000002
[RESULT] 122,128,0,0.484228373,0.474486113,499937,496047,999874
[RESULT] 122,128,1,0.467408895,0.458568335,499937,496047,999874
[RESULT] 122,128,2,0.481833220,0.462014914,499937,496047,999874
[RESULT] 122,128,3,0.467528105,0.445589304,499937,496047,999874
[RESULT] 122,128,4,0.477843285,0.455752611,499937,496047,999874
[RESULT] 122,128,5,0.485986471,0.463524818,499937,496047,999874
[RESULT] 122,128,6,0.466211081,0.446599483,499937,496047,999874
[RESULT] 122,128,7,0.478412628,0.460061550,499937,496047,999874
[RESULT] 122,128,8,0.478822708,0.455909014,499937,496047,999874
[RESULT] 122,128,9,0.479769945,0.458195925,499937,496047,999874
