Synthetic Matrix (Weak Scaling): Rows/proc=10000 | Total rows=40000 | NNZ/row=~50 | Procs=4
Matrix distributed and converted to CSR
Ghost columns identified: 375097 total ghost values needed
Local vector initialized (size=10000 per process)
[RESULT] 2,4,0,0.007755995,0.003821850,499748,374720,999496
[RESULT] 2,4,1,0.005932093,0.002026320,499748,374720,999496
[RESULT] 2,4,2,0.005924940,0.002013922,499748,374720,999496
[RESULT] 2,4,3,0.006086111,0.002155542,499748,374720,999496
[RESULT] 2,4,4,0.006183386,0.002249241,499748,374720,999496
[RESULT] 2,4,5,0.006672382,0.002700567,499748,374720,999496
[RESULT] 2,4,6,0.005866766,0.001905203,499748,374720,999496
[RESULT] 2,4,7,0.005650997,0.001686573,499748,374720,999496
[RESULT] 2,4,8,0.005625486,0.001666069,499748,374720,999496
[RESULT] 2,4,9,0.006320000,0.002326488,499748,374720,999496
[RESULT] 1,4,0,0.007804155,0.003844976,499877,374927,999754
[RESULT] 1,4,1,0.006075621,0.002181053,499877,374927,999754
[RESULT] 1,4,2,0.006105423,0.002194166,499877,374927,999754
[RESULT] 1,4,3,0.006034374,0.002111435,499877,374927,999754
[RESULT] 1,4,4,0.006103277,0.002184391,499877,374927,999754
[RESULT] 1,4,5,0.006633759,0.002695799,499877,374927,999754
[RESULT] 1,4,6,0.006223917,0.002317667,499877,374927,999754
[RESULT] 1,4,7,0.006310463,0.002452135,499877,374927,999754
[RESULT] 1,4,8,0.006292582,0.002439022,499877,374927,999754
[RESULT] 1,4,9,0.006389618,0.002500772,499877,374927,999754
[RESULT] 0,4,0,0.007668734,0.003767967,500109,375097,1000218
[RESULT] 0,4,1,0.006052017,0.002188921,500109,375097,1000218
[RESULT] 0,4,2,0.006067038,0.002201557,500109,375097,1000218
[RESULT] 0,4,3,0.005992174,0.002117872,500109,375097,1000218
[RESULT] 0,4,4,0.006061554,0.002192736,500109,375097,1000218
[RESULT] 3,4,0,0.007864714,0.003678799,499898,374377,999796
[RESULT] 3,4,1,0.006230593,0.002018690,499898,374377,999796
[RESULT] 3,4,2,0.006230831,0.002016544,499898,374377,999796
[RESULT] 3,4,3,0.006399632,0.002146006,499898,374377,999796
[RESULT] 0,4,5,0.007005215,0.002653360,500109,375097,1000218
[RESULT] 0,4,6,0.006666899,0.002481222,500109,375097,1000218
[RESULT] 0,4,7,0.005845785,0.001684189,500109,375097,1000218
[RESULT] 0,4,8,0.005832434,0.001663208,500109,375097,1000218
[RESULT] 0,4,9,0.006774426,0.002497435,500109,375097,1000218

Benchmark Summary
[RESULT] 3,4,4,0.006804705,0.002243757,499898,374377,999796
[RESULT] 3,4,5,0.007198572,0.002611876,499898,374377,999796
[RESULT] 3,4,6,0.006916046,0.002443552,499898,374377,999796
[RESULT] 3,4,7,0.006814480,0.002447605,499898,374377,999796
[RESULT] 3,4,8,0.006866217,0.002432108,499898,374377,999796
Processes: 4
Iterations: 10
Matrix NNZ: 1999632
Total execution time: 0.115 seconds
[RESULT] 3,4,9,0.006780624,0.002321959,499898,374377,999796
