Synthetic Matrix (Weak Scaling): Rows/proc=10000 | Total rows=20000 | NNZ/row=~50 | Procs=2
Matrix distributed and converted to CSR
Ghost columns identified: 249636 total ghost values needed
Local vector initialized (size=10000 per process)
[RESULT] 0,2,0,0.007646322,0.002013922,500109,249636,1000218
[RESULT] 0,2,1,0.007551908,0.001925945,500109,249636,1000218
[RESULT] 0,2,2,0.007537603,0.001915216,500109,249636,1000218
[RESULT] 0,2,3,0.007498503,0.001880407,500109,249636,1000218
[RESULT] 0,2,4,0.007462502,0.001859188,500109,249636,1000218
[RESULT] 0,2,5,0.007576227,0.001954556,500109,249636,1000218
[RESULT] 0,2,6,0.007684231,0.001970530,500109,249636,1000218
[RESULT] 0,2,7,0.007614613,0.002009869,500109,249636,1000218
[RESULT] 0,2,8,0.007518291,0.001899004,500109,249636,1000218
[RESULT] 0,2,9,0.007474661,0.001872778,500109,249636,1000218

Benchmark Summary
Processes: 2
Iterations: 10
Matrix NNZ: 999986
Total execution time: 0.122 seconds
[RESULT] 1,2,0,0.007758617,0.002002716,499877,250129,999754
[RESULT] 1,2,1,0.007702351,0.001932383,499877,250129,999754
[RESULT] 1,2,2,0.007632971,0.001906395,499877,250129,999754
[RESULT] 1,2,3,0.007510662,0.001872540,499877,250129,999754
[RESULT] 1,2,4,0.007530689,0.001851082,499877,250129,999754
[RESULT] 1,2,5,0.007627964,0.001946449,499877,250129,999754
[RESULT] 1,2,6,0.007670641,0.001977921,499877,250129,999754
[RESULT] 1,2,7,0.007707119,0.002016306,499877,250129,999754
[RESULT] 1,2,8,0.007593155,0.001905680,499877,250129,999754
[RESULT] 1,2,9,0.007494688,0.001880407,499877,250129,999754
