Synthetic Matrix (Weak Scaling): Rows/proc=10000 | Total rows=1280000 | NNZ/row=~50 | Procs=128
Matrix distributed and converted to CSR
Ghost columns identified: 496292 total ghost values needed
Local vector initialized (size=10000 per process)
[RESULT] 24,128,0,1.649942398,1.646239996,499933,496015,999866
[RESULT] 24,128,1,1.756419659,1.752275705,499933,496015,999866
[RESULT] 24,128,2,1.765551329,1.761160612,499933,496015,999866
[RESULT] 24,128,3,1.764130354,1.760243416,499933,496015,999866
[RESULT] 24,128,4,1.766157150,1.760266781,499933,496015,999866
[RESULT] 24,128,5,1.760095596,1.756196022,499933,496015,999866
[RESULT] 24,128,6,1.769207954,1.767141342,499933,496015,999866
[RESULT] 24,128,7,1.762832642,1.760790825,499933,496015,999866
[RESULT] 24,128,8,1.766934156,1.760181427,499933,496015,999866
[RESULT] 24,128,9,1.762871265,1.760844946,499933,496015,999866
[RESULT] 92,128,0,1.567982912,1.304192543,499942,495978,999884
[RESULT] 120,128,0,1.767153025,1.759131670,500006,496105,1000012
[RESULT] 120,128,1,1.414056301,1.412023783,500006,496105,1000012
[RESULT] 120,128,2,1.411281824,1.409200430,500006,496105,1000012
[RESULT] 120,128,3,1.412799120,1.408329010,500006,496105,1000012
[RESULT] 120,128,4,1.412055254,1.408278704,500006,496105,1000012
[RESULT] 120,128,5,1.602049828,1.270807028,500006,496105,1000012
[RESULT] 120,128,6,1.758324146,1.756126642,500006,496105,1000012
[RESULT] 120,128,7,1.773340464,1.771252394,500006,496105,1000012
[RESULT] 120,128,8,2.029997587,1.725138903,500006,496105,1000012
[RESULT] 120,128,9,1.762480736,1.760445595,500006,496105,1000012
[RESULT] 90,128,0,1.655992508,1.392144203,499997,496004,999994
[RESULT] 90,128,1,2.106985092,1.843157053,499997,496004,999994
[RESULT] 90,128,2,1.857199907,1.854096174,499997,496004,999994
[RESULT] 90,128,3,1.591861010,1.587139130,499997,496004,999994
[RESULT] 90,128,4,1.848865271,1.844158649,499997,496004,999994
[RESULT] 90,128,5,1.446295261,1.444252253,499997,496004,999994
[RESULT] 90,128,6,1.325363159,1.323253870,499997,496004,999994
[RESULT] 90,128,7,1.592111826,1.587194443,499997,496004,999994
[RESULT] 90,128,8,1.411858320,1.407138586,499997,496004,999994
[RESULT] 90,128,9,1.317377806,1.315323830,499997,496004,999994
[RESULT] 125,128,0,1.060838461,1.058752298,500019,496203,1000038
[RESULT] 125,128,1,1.195874929,1.191214800,500019,496203,1000038
[RESULT] 125,128,2,1.402142286,1.398023129,500019,496203,1000038
[RESULT] 125,128,3,1.060185671,1.056019306,500019,496203,1000038
[RESULT] 125,128,4,1.062390089,1.056003809,500019,496203,1000038
[RESULT] 125,128,5,1.060163736,1.056169987,500019,496203,1000038
[RESULT] 125,128,6,1.057566881,1.052146912,500019,496203,1000038
[RESULT] 125,128,7,1.059478045,1.056291342,500019,496203,1000038
[RESULT] 125,128,8,1.402998447,1.038220882,500019,496203,1000038
[RESULT] 125,128,9,1.410521746,1.408429384,500019,496203,1000038
[RESULT] 124,128,0,1.411976099,1.407403708,499886,495928,999772
[RESULT] 124,128,1,1.393857002,1.389258385,499886,495928,999772
[RESULT] 124,128,2,1.125627279,1.123573542,499886,495928,999772
[RESULT] 124,128,3,1.059169054,1.057082653,499886,495928,999772
[RESULT] 124,128,4,1.059978247,1.057436943,499886,495928,999772
[RESULT] 124,128,5,1.412136316,1.408111811,499886,495928,999772
[RESULT] 124,128,6,1.406384706,1.404149771,499886,495928,999772
[RESULT] 124,128,7,1.410299540,1.408231735,499886,495928,999772
[RESULT] 124,128,8,1.743989229,1.384148836,499886,495928,999772
[RESULT] 124,128,9,1.762447119,1.760375261,499886,495928,999772
[RESULT] 88,128,0,1.854001045,1.590127230,500026,496074,1000052
[RESULT] 88,128,1,2.370996714,2.107106686,500026,496074,1000052
[RESULT] 88,128,2,2.121156216,2.118097544,500026,496074,1000052
[RESULT] 88,128,3,1.578284264,1.576226234,500026,496074,1000052
[RESULT] 88,128,4,1.856281757,1.854248762,500026,496074,1000052
[RESULT] 88,128,5,1.590422392,1.587201834,500026,496074,1000052
[RESULT] 88,128,6,1.671827078,1.667170763,500026,496074,1000052
[RESULT] 88,128,7,1.851992130,1.843116283,500026,496074,1000052
[RESULT] 88,128,8,1.587800741,1.583024740,500026,496074,1000052
[RESULT] 88,128,9,1.570279121,1.568277359,500026,496074,1000052
[RESULT] 126,128,0,1.413985729,1.407155752,500030,496161,1000060
[RESULT] 126,128,1,1.272899628,1.268169880,500030,496161,1000060
[RESULT] 126,128,2,1.060705900,1.058076143,500030,496161,1000060
[RESULT] 126,128,3,1.060419559,1.057067156,500030,496161,1000060
[RESULT] 126,128,4,1.050396442,1.046405792,500030,496161,1000060
[RESULT] 126,128,5,1.424999952,1.419012070,500030,496161,1000060
[RESULT] 126,128,6,1.408407688,1.404093504,500030,496161,1000060
[RESULT] 126,128,7,1.412497520,1.408178329,500030,496161,1000060
[RESULT] 126,128,8,1.732987642,1.381106138,500030,496161,1000060
[RESULT] 126,128,9,1.762389183,1.760325670,500030,496161,1000060
[RESULT] 92,128,1,2.128987551,1.865171909,499942,495978,999884
[RESULT] 92,128,2,1.858838320,1.854092598,499942,495978,999884
[RESULT] 92,128,3,1.314332485,1.312264204,499942,495978,999884
[RESULT] 92,128,4,1.589346409,1.587272882,499942,495978,999884
[RESULT] 92,128,5,1.592112303,1.587171793,499942,495978,999884
[RESULT] 92,128,6,1.583843946,1.579192638,499942,495978,999884
[RESULT] 92,128,7,1.589760303,1.587178469,499942,495978,999884
[RESULT] 92,128,8,1.323854208,1.319171906,499942,495978,999884
[RESULT] 92,128,9,1.325842381,1.323764324,499942,495978,999884
[RESULT] 14,128,0,1.340072393,1.148184061,500214,496475,1000428
[RESULT] 14,128,1,1.916044235,1.730148554,500214,496475,1000428
[RESULT] 14,128,2,2.108997583,1.918089628,500214,496475,1000428
[RESULT] 14,128,3,1.724034071,1.536216736,500214,496475,1000428
[RESULT] 14,128,4,1.731912613,1.728124857,500214,496475,1000428
[RESULT] 14,128,5,1.347975492,1.344218493,500214,496475,1000428
[RESULT] 14,128,6,1.152893066,1.149133682,500214,496475,1000428
[RESULT] 14,128,7,1.155931711,1.152114153,500214,496475,1000428
[RESULT] 14,128,8,1.344041348,1.152159691,500214,496475,1000428
[RESULT] 14,128,9,1.330219030,1.147179365,500214,496475,1000428
[RESULT] 89,128,0,1.853996277,1.590011835,499898,495932,999796
[RESULT] 89,128,1,1.835109711,1.832331657,499898,495932,999796
[RESULT] 89,128,2,1.856195688,1.854111910,499898,495932,999796
[RESULT] 89,128,3,1.589753628,1.587191582,499898,495932,999796
[RESULT] 89,128,4,1.846429348,1.844210863,499898,495932,999796
[RESULT] 89,128,5,1.591822624,1.587134838,499898,495932,999796
[RESULT] 89,128,6,1.671823502,1.667099714,499898,495932,999796
[RESULT] 89,128,7,1.832012653,1.585608959,499898,495932,999796
[RESULT] 89,128,8,1.321779490,1.319315434,499898,495932,999796
[RESULT] 89,128,9,1.592286110,1.590238571,499898,495932,999796
[RESULT] 26,128,0,1.765979767,1.759022713,500146,496158,1000292
[RESULT] 26,128,1,1.779991388,1.774011612,500146,496158,1000292
[RESULT] 26,128,2,1.753966808,1.750005960,500146,496158,1000292
[RESULT] 26,128,3,1.764979124,1.760007381,500146,496158,1000292
[RESULT] 26,128,4,1.765963554,1.759996653,500146,496158,1000292
[RESULT] 26,128,5,1.406926632,1.404894352,500146,496158,1000292
[RESULT] 26,128,6,1.395980597,1.393946886,500146,496158,1000292
[RESULT] 26,128,7,1.773554087,1.771525145,500146,496158,1000292
[RESULT] 26,128,8,2.084978580,1.732998848,500146,496158,1000292
[RESULT] 26,128,9,1.762626171,1.760569811,500146,496158,1000292
[RESULT] 17,128,0,1.344047308,1.152160406,500225,496276,1000450
[RESULT] 17,128,1,1.912006378,1.726137161,500225,496276,1000450
[RESULT] 17,128,2,2.109001637,1.918088675,500225,496276,1000450
[RESULT] 17,128,3,1.726070881,1.536169529,500225,496276,1000450
[RESULT] 17,128,4,1.731924534,1.728101969,500225,496276,1000450
[RESULT] 17,128,5,1.535079956,1.344211102,500225,496276,1000450
[RESULT] 17,128,6,1.536093950,1.345128775,500225,496276,1000450
[RESULT] 17,128,7,1.537051678,1.344137907,500225,496276,1000450
[RESULT] 17,128,8,1.533070564,1.344141483,500225,496276,1000450
[RESULT] 17,128,9,1.289004803,1.136043549,500225,496276,1000450
[RESULT] 80,128,0,1.329990864,1.323287010,500178,496282,1000356
[RESULT] 80,128,1,1.863999128,1.854317188,500178,496282,1000356
[RESULT] 80,128,2,1.847864151,1.843231440,500178,496282,1000356
[RESULT] 80,128,3,1.591846228,1.587134838,500178,496282,1000356
[RESULT] 80,128,4,1.855853558,1.851166487,500178,496282,1000356
[RESULT] 80,128,5,1.591834068,1.587085247,500178,496282,1000356
[RESULT] 80,128,6,1.591844320,1.587103128,500178,496282,1000356
[RESULT] 80,128,7,1.843018770,1.585695267,500178,496282,1000356
[RESULT] 80,128,8,1.321967602,1.319323540,500178,496282,1000356
[RESULT] 80,128,9,1.600697756,1.598642588,500178,496282,1000356
[RESULT] 127,128,0,1.061971903,1.055165768,499940,496021,999880
[RESULT] 127,128,1,1.064983368,1.059020758,499940,496021,999880
[RESULT] 127,128,2,1.059949398,1.057830095,499940,496021,999880
[RESULT] 127,128,3,1.070038080,1.067885160,499940,496021,999880
[RESULT] 127,128,4,1.059846878,1.057147741,499940,496021,999880
[RESULT] 127,128,5,1.058530807,1.056412935,499940,496021,999880
[RESULT] 127,128,6,1.043504953,1.041393518,499940,496021,999880
[RESULT] 127,128,7,1.411459923,1.408138514,499940,496021,999880
[RESULT] 127,128,8,1.059700727,1.056935787,499940,496021,999880
[RESULT] 127,128,9,1.762321472,1.760207176,499940,496021,999880
[RESULT] 93,128,0,1.578997612,1.315157413,500158,496218,1000316
[RESULT] 93,128,1,1.711094618,1.585273027,500158,496218,1000316
[RESULT] 93,128,2,1.594896555,1.590110064,500158,496218,1000316
[RESULT] 93,128,3,1.316839695,1.312104702,500158,496218,1000316
[RESULT] 93,128,4,1.591826200,1.587027788,500158,496218,1000316
[RESULT] 93,128,5,1.591827154,1.587031603,500158,496218,1000316
[RESULT] 93,128,6,1.591849089,1.587105989,500158,496218,1000316
[RESULT] 93,128,7,1.391331434,1.389271498,500158,496218,1000316
[RESULT] 93,128,8,1.057761908,1.055254221,500158,496218,1000316
[RESULT] 93,128,9,1.335987091,1.326197386,500158,496218,1000316
[RESULT] 94,128,0,1.068385839,1.059263468,499903,495930,999806
[RESULT] 94,128,1,1.584361315,1.579267263,499903,495930,999806
[RESULT] 94,128,2,1.573184252,1.568107843,499903,495930,999806
[RESULT] 94,128,3,1.338845015,1.334109545,499903,495930,999806
[RESULT] 94,128,4,1.591831923,1.587105513,499903,495930,999806
[RESULT] 94,128,5,1.569811344,1.565036535,499903,495930,999806
[RESULT] 94,128,6,1.325357199,1.323249340,499903,495930,999806
[RESULT] 94,128,7,1.326442242,1.323248863,499903,495930,999806
[RESULT] 94,128,8,1.059980392,1.055247307,499903,495930,999806
[RESULT] 94,128,9,1.333983660,1.326191425,499903,495930,999806
[RESULT] 79,128,0,1.578941584,1.315184355,499867,495893,999734
[RESULT] 79,128,1,1.853995085,1.590303898,499867,495893,999734
[RESULT] 79,128,2,1.580847979,1.576193333,499867,495893,999734
[RESULT] 79,128,3,1.327860594,1.323130131,499867,495893,999734
[RESULT] 79,128,4,1.591854811,1.587164640,499867,495893,999734
[RESULT] 79,128,5,1.294860363,1.290146589,499867,495893,999734
[RESULT] 79,128,6,1.327851295,1.323134661,499867,495893,999734
[RESULT] 79,128,7,1.576989174,1.568128347,499867,495893,999734
[RESULT] 79,128,8,1.057836771,1.055780172,499867,495893,999734
[RESULT] 79,128,9,1.333982229,1.326315641,499867,495893,999734
[RESULT] 121,128,0,1.411005259,1.407150984,500048,496072,1000096
[RESULT] 121,128,1,1.416980743,1.411024094,500048,496072,1000096
[RESULT] 121,128,2,1.059304714,1.057224512,500048,496072,1000096
[RESULT] 121,128,3,1.058860064,1.056405783,500048,496072,1000096
[RESULT] 121,128,4,1.063192844,1.056416750,500048,496072,1000096
[RESULT] 121,128,5,1.059979677,1.056444645,500048,496072,1000096
[RESULT] 121,128,6,1.406436920,1.404372215,500048,496072,1000096
[RESULT] 121,128,7,1.763987064,1.760165215,500048,496072,1000096
[RESULT] 121,128,8,1.413644314,1.408512115,500048,496072,1000096
[RESULT] 121,128,9,1.762332678,1.760237217,500048,496072,1000096
[RESULT] 87,128,0,1.061754465,1.059278965,499779,495867,999558
[RESULT] 87,128,1,1.571518183,1.568400145,499779,495867,999558
[RESULT] 87,128,2,1.592779160,1.590195894,499779,495867,999558
[RESULT] 87,128,3,1.063842058,1.059165239,499779,495867,999558
[RESULT] 87,128,4,1.591826200,1.587087393,499779,495867,999558
[RESULT] 87,128,5,1.050379038,1.048290253,499779,495867,999558
[RESULT] 87,128,6,1.325674772,1.323086500,499779,495867,999558
[RESULT] 87,128,7,1.325771332,1.323293209,499779,495867,999558
[RESULT] 87,128,8,1.070871353,1.066308260,499779,495867,999558
[RESULT] 87,128,9,1.328870296,1.326183558,499779,495867,999558
[RESULT] 91,128,0,1.567988157,1.304207563,500042,496081,1000084
[RESULT] 91,128,1,1.864998102,1.601186991,500042,496081,1000084
[RESULT] 91,128,2,1.591775417,1.587022305,500042,496081,1000084
[RESULT] 91,128,3,1.392189980,1.389210463,500042,496081,1000084
[RESULT] 91,128,4,1.590441704,1.587230682,500042,496081,1000084
[RESULT] 91,128,5,1.325747252,1.323173761,500042,496081,1000084
[RESULT] 91,128,6,1.316842794,1.312204361,500042,496081,1000084
[RESULT] 91,128,7,1.589753866,1.587173939,500042,496081,1000084
[RESULT] 91,128,8,1.070866108,1.066242456,500042,496081,1000084
[RESULT] 91,128,9,1.328808308,1.326186895,500042,496081,1000084
[RESULT] 20,128,0,1.532039165,1.344118118,499847,495945,999694
[RESULT] 20,128,1,2.116003275,1.730165005,499847,495945,999694
[RESULT] 20,128,2,1.925970078,1.922096729,499847,495945,999694
[RESULT] 20,128,3,1.763003826,1.728097200,499847,495945,999694
[RESULT] 20,128,4,1.731934547,1.728117228,499847,495945,999694
[RESULT] 20,128,5,1.532057524,1.344310760,499847,495945,999694
[RESULT] 20,128,6,1.541022539,1.349180222,499847,495945,999694
[RESULT] 20,128,7,1.537092924,1.344167471,499847,495945,999694
[RESULT] 20,128,8,1.536051273,1.344186306,499847,495945,999694
[RESULT] 20,128,9,1.424975395,1.143831730,499847,495945,999694
[RESULT] 29,128,0,1.411985397,1.407186985,499921,496003,999842
[RESULT] 29,128,1,1.756859064,1.752198219,499921,496003,999842
[RESULT] 29,128,2,1.754126072,1.750160217,499921,496003,999842
[RESULT] 29,128,3,1.764197826,1.760213614,499921,496003,999842
[RESULT] 29,128,4,1.766401291,1.760229826,499921,496003,999842
[RESULT] 29,128,5,1.760135174,1.756131649,499921,496003,999842
[RESULT] 29,128,6,1.772983313,1.767564774,499921,496003,999842
[RESULT] 29,128,7,2.105985165,2.101023436,499921,496003,999842
[RESULT] 29,128,8,1.964051008,1.754155874,499921,496003,999842
[RESULT] 29,128,9,1.762460232,1.760417461,499921,496003,999842
[RESULT] 84,128,0,1.578988552,1.315286398,499957,496153,999914
[RESULT] 84,128,1,2.118002176,1.854338169,499957,496153,999914
[RESULT] 84,128,2,1.935825348,1.931108236,499957,496153,999914
[RESULT] 84,128,3,1.314377546,1.312300444,499957,496153,999914
[RESULT] 84,128,4,1.854422569,1.851099253,499957,496153,999914
[RESULT] 84,128,5,1.326432467,1.323280334,499957,496153,999914
[RESULT] 84,128,6,1.326445341,1.323307991,499957,496153,999914
[RESULT] 84,128,7,1.591830969,1.587273359,499957,496153,999914
[RESULT] 84,128,8,1.323827744,1.319209099,499957,496153,999914
[RESULT] 84,128,9,1.592741013,1.590195894,499957,496153,999914
[RESULT] 25,128,0,1.411983728,1.407249928,500163,496285,1000326
[RESULT] 25,128,1,1.756872416,1.752222300,500163,496285,1000326
[RESULT] 25,128,2,1.754182816,1.750180006,500163,496285,1000326
[RESULT] 25,128,3,1.764190912,1.760225296,500163,496285,1000326
[RESULT] 25,128,4,1.766423702,1.760206938,500163,496285,1000326
[RESULT] 25,128,5,1.412174463,1.408169746,500163,496285,1000326
[RESULT] 25,128,6,1.771329165,1.767114401,500163,496285,1000326
[RESULT] 25,128,7,1.773821354,1.771814108,500163,496285,1000326
[RESULT] 25,128,8,1.964039564,1.748125076,500163,496285,1000326
[RESULT] 25,128,9,1.763452530,1.760022640,500163,496285,1000326
[RESULT] 108,128,0,1.541974068,1.152384520,500142,496326,1000284
[RESULT] 108,128,1,1.726000786,1.534260750,500142,496326,1000284
[RESULT] 108,128,2,1.922024727,1.730118036,500142,496326,1000284
[RESULT] 108,128,3,1.728059769,1.536412954,500142,496326,1000284
[RESULT] 108,128,4,1.920040846,1.728198528,500142,496326,1000284
[RESULT] 108,128,5,1.681995630,1.344400883,500142,496326,1000284
[RESULT] 108,128,6,1.731996536,1.345371008,500142,496326,1000284
[RESULT] 108,128,7,1.728056669,1.537300825,500142,496326,1000284
[RESULT] 108,128,8,1.728001595,1.344331503,500142,496326,1000284
[RESULT] 108,128,9,1.435992479,1.315475702,500142,496326,1000284
[RESULT] 44,128,0,1.777059317,1.770061016,500170,496293,1000340
[RESULT] 44,128,1,1.781986237,1.774053574,500170,496293,1000340
[RESULT] 44,128,2,1.775986910,1.772036076,500170,496293,1000340
[RESULT] 44,128,3,1.764985561,1.760022163,500170,496293,1000340
[RESULT] 44,128,4,1.765976906,1.760016203,500170,496293,1000340
[RESULT] 44,128,5,1.785879612,1.778032780,500170,496293,1000340
[RESULT] 44,128,6,1.758696795,1.756062269,500170,496293,1000340
[RESULT] 44,128,7,2.106991291,2.101028919,500170,496293,1000340
[RESULT] 44,128,8,1.996990919,1.759078741,500170,496293,1000340
[RESULT] 44,128,9,1.751888752,1.749595165,500170,496293,1000340
[RESULT] 75,128,0,1.579003572,1.315269709,499907,495994,999814
[RESULT] 75,128,1,2.118000269,1.854354143,499907,495994,999814
[RESULT] 75,128,2,1.836875200,1.832282305,499907,495994,999814
[RESULT] 75,128,3,1.591841936,1.587178230,499907,495994,999814
[RESULT] 75,128,4,1.854410648,1.851125717,499907,495994,999814
[RESULT] 75,128,5,1.590721130,1.587096930,499907,495994,999814
[RESULT] 75,128,6,1.325814486,1.323364019,499907,495994,999814
[RESULT] 75,128,7,1.856192589,1.854079485,499907,495994,999814
[RESULT] 75,128,8,1.323878765,1.319248199,499907,495994,999814
[RESULT] 75,128,9,1.599355698,1.596599340,499907,495994,999814
[RESULT] 60,128,0,1.434984922,1.426129818,500226,496253,1000452
[RESULT] 60,128,1,1.318763733,1.315920591,500226,496253,1000452
[RESULT] 60,128,2,2.078984022,2.069143772,500226,496253,1000452
[RESULT] 60,128,3,1.573985577,1.571235657,500226,496253,1000452
[RESULT] 60,128,4,1.863986969,1.857163668,500226,496253,1000452
[RESULT] 60,128,5,1.580710888,1.577076912,500226,496253,1000452
[RESULT] 60,128,6,1.587976933,1.583131313,500226,496253,1000452
[RESULT] 60,128,7,1.871986151,1.865126610,500226,496253,1000452
[RESULT] 60,128,8,2.053003311,1.784144402,500226,496253,1000452
[RESULT] 60,128,9,1.460981369,1.451282501,500226,496253,1000452
[RESULT] 86,128,0,1.578981161,1.315227747,500138,496391,1000276
[RESULT] 86,128,1,2.117998600,1.854268074,500138,496391,1000276
[RESULT] 86,128,2,1.836859941,1.832141876,500138,496391,1000276
[RESULT] 86,128,3,1.323066711,1.068668127,500138,496391,1000276
[RESULT] 86,128,4,1.591847897,1.587097883,500138,496391,1000276
[RESULT] 86,128,5,1.316821337,1.312012911,500138,496391,1000276
[RESULT] 86,128,6,1.327845335,1.323105097,500138,496391,1000276
[RESULT] 86,128,7,1.589714050,1.587248325,500138,496391,1000276
[RESULT] 86,128,8,1.323870420,1.319203615,500138,496391,1000276
[RESULT] 86,128,9,1.597013235,1.590159178,500138,496391,1000276
[RESULT] 123,128,0,1.061995268,1.056469440,499987,496064,999974
[RESULT] 123,128,1,1.051157236,1.048972368,499987,496064,999974
[RESULT] 123,128,2,1.060396433,1.057178497,499987,496064,999974
[RESULT] 123,128,3,1.060147762,1.056301832,499987,496064,999974
[RESULT] 123,128,4,1.059979439,1.056221724,499987,496064,999974
[RESULT] 123,128,5,1.058453083,1.056383133,499987,496064,999974
[RESULT] 123,128,6,1.054453135,1.052405596,499987,496064,999974
[RESULT] 123,128,7,1.411983013,1.408143759,499987,496064,999974
[RESULT] 123,128,8,1.060589552,1.056414127,499987,496064,999974
[RESULT] 123,128,9,1.413448095,1.408166885,499987,496064,999974
[RESULT] 116,128,0,1.344010592,1.156190157,499976,496134,999952
[RESULT] 116,128,1,1.919070005,1.730103731,499976,496134,999952
[RESULT] 116,128,2,1.726074219,1.534350395,499976,496134,999952
[RESULT] 116,128,3,1.536031723,1.344289064,499976,496134,999952
[RESULT] 116,128,4,1.727062225,1.536103487,499976,496134,999952
[RESULT] 116,128,5,1.531064272,1.344116211,499976,496134,999952
[RESULT] 116,128,6,1.532010078,1.341119051,499976,496134,999952
[RESULT] 116,128,7,1.532040358,1.345308781,499976,496134,999952
[RESULT] 116,128,8,1.529060602,1.344095707,499976,496134,999952
[RESULT] 116,128,9,1.322057247,1.142296076,499976,496134,999952
[RESULT] 63,128,0,1.313960791,1.057153225,499746,495681,999492
[RESULT] 63,128,1,1.226512671,1.221166372,499746,495681,999492
[RESULT] 63,128,2,1.852981806,1.843161106,499746,495681,999492
[RESULT] 63,128,3,1.339988232,1.336087465,499746,495681,999492
[RESULT] 63,128,4,1.573982954,1.567091227,499746,495681,999492
[RESULT] 63,128,5,1.320704222,1.317070246,499746,495681,999492
[RESULT] 63,128,6,1.056244612,1.052251577,499746,495681,999492
[RESULT] 63,128,7,1.991002560,1.733195543,499746,495681,999492
[RESULT] 63,128,8,1.494989157,1.488256931,499746,495681,999492
[RESULT] 63,128,9,1.058979273,1.051322460,499746,495681,999492
[RESULT] 95,128,0,1.322989941,1.059172869,499760,495839,999520
[RESULT] 95,128,1,1.323327065,1.321287394,499760,495839,999520
[RESULT] 95,128,2,1.325763226,1.323122740,499760,495839,999520
[RESULT] 95,128,3,1.051424503,1.048213243,499760,495839,999520
[RESULT] 95,128,4,1.325282097,1.323226929,499760,495839,999520
[RESULT] 95,128,5,1.325237274,1.323204517,499760,495839,999520
[RESULT] 95,128,6,1.328054667,1.323104620,499760,495839,999520
[RESULT] 95,128,7,1.325755119,1.323176146,499760,495839,999520
[RESULT] 95,128,8,1.059864521,1.055178881,499760,495839,999520
[RESULT] 95,128,9,1.331987143,1.325016737,499760,495839,999520
[RESULT] 96,128,0,1.538034916,1.344168186,500046,496245,1000092
[RESULT] 96,128,1,2.008001089,1.618296146,500046,496245,1000092
[RESULT] 96,128,2,2.073999166,1.882114649,500046,496245,1000092
[RESULT] 96,128,3,1.728011370,1.536424398,500046,496245,1000092
[RESULT] 96,128,4,1.920025587,1.728254795,500046,496245,1000092
[RESULT] 96,128,5,1.725095987,1.536308050,500046,496245,1000092
[RESULT] 96,128,6,1.728014469,1.537302971,500046,496245,1000092
[RESULT] 96,128,7,1.915995359,1.724217415,500046,496245,1000092
[RESULT] 96,128,8,1.724060774,1.536279440,500046,496245,1000092
[RESULT] 96,128,9,1.558779001,1.324365854,500046,496245,1000092
[RESULT] 30,128,0,1.411980867,1.407149315,500074,496156,1000148
[RESULT] 30,128,1,1.767884731,1.763117790,500074,496156,1000148
[RESULT] 30,128,2,1.754107475,1.750102758,500074,496156,1000148
[RESULT] 30,128,3,1.764178753,1.760113001,500074,496156,1000148
[RESULT] 30,128,4,1.766400814,1.760123014,500074,496156,1000148
[RESULT] 30,128,5,1.760104179,1.756014824,500074,496156,1000148
[RESULT] 30,128,6,1.758526802,1.756440878,500074,496156,1000148
[RESULT] 30,128,7,2.119019747,2.112019777,500074,496156,1000148
[RESULT] 30,128,8,1.964069605,1.742029667,500074,496156,1000148
[RESULT] 30,128,9,1.764868259,1.760038137,500074,496156,1000148
[RESULT] 52,128,0,1.577987432,1.316269398,499829,495930,999658
[RESULT] 52,128,1,1.862990618,1.858163118,499829,495930,999658
[RESULT] 52,128,2,2.391986132,2.389121771,499829,495930,999658
[RESULT] 52,128,3,1.860232830,1.858074665,499829,495930,999658
[RESULT] 52,128,4,1.850181580,1.848010778,499829,495930,999658
[RESULT] 52,128,5,1.583988428,1.578239202,499829,495930,999658
[RESULT] 52,128,6,1.906289339,1.902217865,499829,495930,999658
[RESULT] 52,128,7,2.101005316,1.843181610,499829,495930,999658
[RESULT] 52,128,8,1.811990976,1.543143034,499829,495930,999658
[RESULT] 52,128,9,1.840992928,1.833307981,499829,495930,999658
[RESULT] 2,128,0,1.530021429,1.340232611,499748,495818,999496
[RESULT] 2,128,1,2.119996309,1.922095060,499748,495818,999496
[RESULT] 2,128,2,2.113067389,1.922167778,499748,495818,999496
[RESULT] 2,128,3,1.918072701,1.728093147,499748,495818,999496
[RESULT] 2,128,4,1.919087887,1.728154421,499748,495818,999496
[RESULT] 2,128,5,1.724080324,1.536133289,499748,495818,999496
[RESULT] 2,128,6,1.537079096,1.345299482,499748,495818,999496
[RESULT] 2,128,7,1.724055529,1.533107519,499748,495818,999496
[RESULT] 2,128,8,1.723038673,1.536100864,499748,495818,999496
[RESULT] 2,128,9,1.745141506,1.524134398,499748,495818,999496
[RESULT] 85,128,0,1.600990057,1.337012291,500033,496207,1000066
[RESULT] 85,128,1,2.106930733,1.843080521,500033,496207,1000066
[RESULT] 85,128,2,1.856632710,1.853991270,500033,496207,1000066
[RESULT] 85,128,3,1.326436520,1.323243856,500033,496207,1000066
[RESULT] 85,128,4,1.578770161,1.576265335,500033,496207,1000066
[RESULT] 85,128,5,1.327807903,1.323175430,500033,496207,1000066
[RESULT] 85,128,6,1.316820383,1.312210560,500033,496207,1000066
[RESULT] 85,128,7,1.589754820,1.587200642,500033,496207,1000066
[RESULT] 85,128,8,1.323827505,1.319171667,500033,496207,1000066
[RESULT] 85,128,9,1.585998774,1.579152346,500033,496207,1000066
[RESULT] 5,128,0,1.152069092,0.960277081,500177,496214,1000354
[RESULT] 5,128,1,1.724089384,1.538153172,500177,496214,1000354
[RESULT] 5,128,2,1.916990757,1.726098776,500177,496214,1000354
[RESULT] 5,128,3,1.534019947,1.344172716,500177,496214,1000354
[RESULT] 5,128,4,1.539908648,1.536098719,500177,496214,1000354
[RESULT] 5,128,5,1.344080925,1.152225494,500177,496214,1000354
[RESULT] 5,128,6,1.344013453,1.153157711,500177,496214,1000354
[RESULT] 5,128,7,1.345056534,1.156134844,500177,496214,1000354
[RESULT] 5,128,8,1.337994576,1.152159691,500177,496214,1000354
[RESULT] 5,128,9,1.476979733,1.140194178,500177,496214,1000354
[RESULT] 43,128,0,1.409479856,1.407015324,499881,496060,999762
[RESULT] 43,128,1,1.402674198,1.400037050,499881,496060,999762
[RESULT] 43,128,2,1.411999702,1.409024000,499881,496060,999762
[RESULT] 43,128,3,1.060262680,1.056686878,499881,496060,999762
[RESULT] 43,128,4,1.414182186,1.408686161,499881,496060,999762
[RESULT] 43,128,5,1.412889242,1.408677340,499881,496060,999762
[RESULT] 43,128,6,1.759794712,1.756045818,499881,496060,999762
[RESULT] 43,128,7,1.763984203,1.760086536,499881,496060,999762
[RESULT] 43,128,8,1.786982059,1.777007818,499881,496060,999762
[RESULT] 43,128,9,1.764845133,1.760086775,499881,496060,999762
[RESULT] 58,128,0,1.845988035,1.578089476,500063,496057,1000126
[RESULT] 58,128,1,1.834012032,1.577178717,500063,496057,1000126
[RESULT] 58,128,2,1.853064775,1.850877285,500063,496057,1000126
[RESULT] 58,128,3,1.573967695,1.571259022,500063,496057,1000126
[RESULT] 58,128,4,1.840692759,1.836275816,500063,496057,1000126
[RESULT] 58,128,5,1.473987103,1.468293190,500063,496057,1000126
[RESULT] 58,128,6,1.604229927,1.600200653,500063,496057,1000126
[RESULT] 58,128,7,1.847055674,1.843179703,500063,496057,1000126
[RESULT] 58,128,8,1.676991463,1.667114973,500063,496057,1000126
[RESULT] 58,128,9,1.585985184,1.578311920,500063,496057,1000126
[RESULT] 22,128,0,1.537986040,1.152158499,499895,496020,999790
[RESULT] 22,128,1,1.912009001,1.726149559,499895,496020,999790
[RESULT] 22,128,2,2.112994432,1.918100834,499895,496020,999790
[RESULT] 22,128,3,1.726064682,1.536179304,499895,496020,999790
[RESULT] 22,128,4,1.923073292,1.728096008,499895,496020,999790
[RESULT] 22,128,5,1.534099102,1.344221592,499895,496020,999790
[RESULT] 22,128,6,1.536027193,1.345109463,499895,496020,999790
[RESULT] 22,128,7,1.536031246,1.344179869,499895,496020,999790
[RESULT] 22,128,8,1.533044100,1.344128132,499895,496020,999790
[RESULT] 22,128,9,1.420976162,1.129021645,499895,496020,999790
[RESULT] 77,128,0,1.578992128,1.315007448,500055,496124,1000110
[RESULT] 77,128,1,2.084992170,1.821108103,500055,496124,1000110
[RESULT] 77,128,2,1.857175112,1.854086637,500055,496124,1000110
[RESULT] 77,128,3,1.589125633,1.587098360,500055,496124,1000110
[RESULT] 77,128,4,1.858019352,1.854073048,500055,496124,1000110
[RESULT] 77,128,5,1.327855110,1.323220491,500055,496124,1000110
[RESULT] 77,128,6,1.316864729,1.312273979,500055,496124,1000110
[RESULT] 77,128,7,1.589760303,1.587219715,500055,496124,1000110
[RESULT] 77,128,8,1.312859058,1.308162689,500055,496124,1000110
[RESULT] 77,128,9,1.586020470,1.579190969,500055,496124,1000110
[RESULT] 122,128,0,1.410510540,1.408452749,499937,496047,999874
[RESULT] 122,128,1,1.402435541,1.400389910,499937,496047,999874
[RESULT] 122,128,2,1.411210775,1.409141541,499937,496047,999874
[RESULT] 122,128,3,1.412183285,1.408236027,499937,496047,999874
[RESULT] 122,128,4,1.414432764,1.408215046,499937,496047,999874
[RESULT] 122,128,5,1.412187815,1.408348083,499937,496047,999874
[RESULT] 122,128,6,1.417446613,1.415364981,499937,496047,999874
[RESULT] 122,128,7,1.763983488,1.760132551,499937,496047,999874
[RESULT] 122,128,8,1.415266752,1.408388376,499937,496047,999874
[RESULT] 122,128,9,1.764902830,1.760145187,499937,496047,999874
[RESULT] 64,128,0,1.597990990,1.589108229,499983,496028,999966
[RESULT] 64,128,1,1.782373905,1.776290178,499983,496028,999966
[RESULT] 64,128,2,2.388981104,2.125227451,499983,496028,999966
[RESULT] 64,128,3,1.846988916,1.842169523,499983,496028,999966
[RESULT] 64,128,4,1.907988548,1.902099609,499983,496028,999966
[RESULT] 64,128,5,1.605992794,1.600268126,499983,496028,999966
[RESULT] 64,128,6,2.098996401,1.835088968,499983,496028,999966
[RESULT] 64,128,7,1.572031260,1.565242529,499983,496028,999966
[RESULT] 64,128,8,1.755089045,1.625191927,499983,496028,999966
[RESULT] 64,128,9,1.851996422,1.844315290,499983,496028,999966
[RESULT] 117,128,0,1.350058794,1.156118870,499807,495814,999614
[RESULT] 117,128,1,1.730031490,1.538300753,499807,495814,999614
[RESULT] 117,128,2,1.726010561,1.534213066,499807,495814,999614
[RESULT] 117,128,3,1.725960970,1.344085455,499807,495814,999614
[RESULT] 117,128,4,1.536085844,1.344288111,499807,495814,999614
[RESULT] 117,128,5,1.541996479,1.152333736,499807,495814,999614
[RESULT] 117,128,6,1.344021082,1.153235435,499807,495814,999614
[RESULT] 117,128,7,1.540028811,1.345160961,499807,495814,999614
[RESULT] 117,128,8,1.531996489,1.152235746,499807,495814,999614
[RESULT] 117,128,9,1.276948214,1.102126598,499807,495814,999614
[RESULT] 31,128,0,1.060652971,1.056646347,499871,495979,999742
[RESULT] 31,128,1,1.403304815,1.400696993,499871,495979,999742
[RESULT] 31,128,2,1.412532330,1.409664154,499871,495979,999742
[RESULT] 31,128,3,1.423186302,1.419328928,499871,495979,999742
[RESULT] 31,128,4,1.414243221,1.408418894,499871,495979,999742
[RESULT] 31,128,5,1.412136316,1.408269644,499871,495979,999742
[RESULT] 31,128,6,1.769261360,1.767020464,499871,495979,999742
[RESULT] 31,128,7,1.763981104,1.760041475,499871,495979,999742
[RESULT] 31,128,8,1.416992903,1.408287764,499871,495979,999742
[RESULT] 31,128,9,1.764855146,1.760038853,499871,495979,999742
[RESULT] 15,128,0,1.529976368,1.152159929,499809,495919,999618
[RESULT] 15,128,1,1.912024736,1.726117373,499809,495919,999618
[RESULT] 15,128,2,2.113072872,1.918098211,499809,495919,999618
[RESULT] 15,128,3,1.726080656,1.536098719,499809,495919,999618
[RESULT] 15,128,4,1.731909513,1.728099585,499809,495919,999618
[RESULT] 15,128,5,1.529094696,1.340142965,499809,495919,999618
[RESULT] 15,128,6,1.153022766,0.961282015,499809,495919,999618
[RESULT] 15,128,7,1.340085030,1.149136305,499809,495919,999618
[RESULT] 15,128,8,1.341014385,1.152113438,499809,495919,999618
[RESULT] 15,128,9,1.414417028,1.133072376,499809,495919,999618
[RESULT] 73,128,0,1.853998184,1.590088129,499873,495954,999746
[RESULT] 73,128,1,1.903398037,1.898575544,499873,495954,999746
[RESULT] 73,128,2,1.946854591,1.942245245,499873,495954,999746
[RESULT] 73,128,3,1.591841698,1.587162018,499873,495954,999746
[RESULT] 73,128,4,1.855837107,1.851186752,499873,495954,999746
[RESULT] 73,128,5,1.578576803,1.576099634,499873,495954,999746
[RESULT] 73,128,6,1.591820717,1.587086916,499873,495954,999746
[RESULT] 73,128,7,1.845705032,1.843102932,499873,495954,999746
[RESULT] 73,128,8,1.587841034,1.583148479,499873,495954,999746
[RESULT] 73,128,9,1.845657587,1.843255281,499873,495954,999746
[RESULT] 71,128,0,1.252987862,1.244019985,500001,496015,1000002
[RESULT] 71,128,1,1.861990690,1.599236012,500001,496015,1000002
[RESULT] 71,128,2,2.040996313,1.777173758,500001,496015,1000002
[RESULT] 71,128,3,1.327979803,1.325161934,500001,496015,1000002
[RESULT] 71,128,4,1.593978405,1.588150024,500001,496015,1000002
[RESULT] 71,128,5,1.335980415,1.326106071,500001,496015,1000002
[RESULT] 71,128,6,1.314255238,1.310126305,500001,496015,1000002
[RESULT] 71,128,7,1.276981354,1.014174938,500001,496015,1000002
[RESULT] 71,128,8,1.212375879,1.210221052,500001,496015,1000002
[RESULT] 71,128,9,1.585988522,1.578250647,500001,496015,1000002
[RESULT] 4,128,0,1.344025373,1.152257919,499887,496016,999774
[RESULT] 4,128,1,1.916064739,1.730144739,499887,496016,999774
[RESULT] 4,128,2,1.921940088,1.918101072,499887,496016,999774
[RESULT] 4,128,3,1.726026058,1.536163807,499887,496016,999774
[RESULT] 4,128,4,1.731883764,1.728094578,499887,496016,999774
[RESULT] 4,128,5,1.535985947,1.344211817,499887,496016,999774
[RESULT] 4,128,6,1.348904610,1.345146894,499887,496016,999774
[RESULT] 4,128,7,1.343943596,1.340129375,499887,496016,999774
[RESULT] 4,128,8,1.343913794,1.340154648,499887,496016,999774
[RESULT] 4,128,9,1.665925980,1.331162214,499887,496016,999774
[RESULT] 33,128,0,1.413986444,1.408655643,500142,496330,1000284
[RESULT] 33,128,1,1.402883768,1.400702477,500142,496330,1000284
[RESULT] 33,128,2,1.411840200,1.409696341,500142,496330,1000284
[RESULT] 33,128,3,1.401202917,1.397291660,500142,496330,1000284
[RESULT] 33,128,4,1.414305925,1.408519983,500142,496330,1000284
[RESULT] 33,128,5,1.412146091,1.408289194,500142,496330,1000284
[RESULT] 33,128,6,1.769359827,1.767020226,500142,496330,1000284
[RESULT] 33,128,7,1.763978243,1.760056973,500142,496330,1000284
[RESULT] 33,128,8,1.414985418,1.408232212,500142,496330,1000284
[RESULT] 33,128,9,1.764827251,1.760043859,500142,496330,1000284
[RESULT] 105,128,0,1.467040777,1.343024254,499794,495698,999588
[RESULT] 105,128,1,2.111998081,1.730103731,499794,495698,999588
[RESULT] 105,128,2,1.866013765,1.674354792,499794,495698,999588
[RESULT] 105,128,3,1.728066921,1.536319256,499794,495698,999588
[RESULT] 105,128,4,1.919096947,1.728122234,499794,495698,999588
[RESULT] 105,128,5,1.723058462,1.536184311,499794,495698,999588
[RESULT] 105,128,6,1.728088617,1.533153296,499794,495698,999588
[RESULT] 105,128,7,1.728092194,1.537401915,499794,495698,999588
[RESULT] 105,128,8,1.724087000,1.536121845,499794,495698,999588
[RESULT] 105,128,9,1.549012899,1.336225271,499794,495698,999588
[RESULT] 74,128,0,1.843003273,1.579147816,500014,496097,1000028
[RESULT] 74,128,1,2.371000290,2.107198477,500014,496097,1000028
[RESULT] 74,128,2,2.121532202,2.118153095,500014,496097,1000028
[RESULT] 74,128,3,1.843104839,1.840103865,500014,496097,1000028
[RESULT] 74,128,4,2.120728970,2.118115187,500014,496097,1000028
[RESULT] 74,128,5,1.591820955,1.587198257,500014,496097,1000028
[RESULT] 74,128,6,1.580809355,1.576253653,500014,496097,1000028
[RESULT] 74,128,7,1.851990938,1.843191147,500014,496097,1000028
[RESULT] 74,128,8,1.587815285,1.583116055,500014,496097,1000028
[RESULT] 74,128,9,1.834804535,1.832248211,500014,496097,1000028
[RESULT] 65,128,0,1.801990032,1.534135103,499945,496055,999890
[RESULT] 65,128,1,2.133989811,1.869138956,499945,496055,999890
[RESULT] 65,128,2,2.367992401,2.113118410,499945,496055,999890
[RESULT] 65,128,3,1.587670088,1.582247496,499945,496055,999890
[RESULT] 65,128,4,1.590681553,1.588255167,499945,496055,999890
[RESULT] 65,128,5,1.585992575,1.578233719,499945,496055,999890
[RESULT] 65,128,6,1.999993801,1.736093521,499945,496055,999890
[RESULT] 65,128,7,1.592982292,1.586115837,499945,496055,999890
[RESULT] 65,128,8,1.340563536,1.337247372,499945,496055,999890
[RESULT] 65,128,9,1.717985630,1.710292339,499945,496055,999890
[RESULT] 13,128,0,1.533997059,1.156185865,499794,495926,999588
[RESULT] 13,128,1,1.912040472,1.726139545,499794,495926,999588
[RESULT] 13,128,2,2.104999781,1.918127060,499794,495926,999588
[RESULT] 13,128,3,1.726069927,1.536148071,499794,495926,999588
[RESULT] 13,128,4,1.919053555,1.724102736,499794,495926,999588
[RESULT] 13,128,5,1.534074783,1.344146967,499794,495926,999588
[RESULT] 13,128,6,1.536070585,1.345093250,499794,495926,999588
[RESULT] 13,128,7,1.536015034,1.344128847,499794,495926,999588
[RESULT] 13,128,8,1.533030748,1.344123840,499794,495926,999588
[RESULT] 13,128,9,1.644989252,1.319323063,499794,495926,999588
[RESULT] 38,128,0,1.059990883,1.055179596,500248,496281,1000496
[RESULT] 38,128,1,1.052988052,1.048663616,500248,496281,1000496
[RESULT] 38,128,2,1.050174952,1.046148062,500248,496281,1000496
[RESULT] 38,128,3,1.060191870,1.056169987,500248,496281,1000496
[RESULT] 38,128,4,1.062444448,1.056166887,500248,496281,1000496
[RESULT] 38,128,5,1.060069799,1.056045532,500248,496281,1000496
[RESULT] 38,128,6,1.310909748,1.305031061,500248,496281,1000496
[RESULT] 38,128,7,1.411983967,1.408109188,500248,496281,1000496
[RESULT] 38,128,8,1.060617924,1.056617498,500248,496281,1000496
[RESULT] 38,128,9,1.412860632,1.408092022,500248,496281,1000496
[RESULT] 10,128,0,1.532016039,1.344128132,499829,495995,999658
[RESULT] 10,128,1,1.917101860,1.730160475,499829,495995,999658
[RESULT] 10,128,2,1.925956249,1.922085285,499829,495995,999658
[RESULT] 10,128,3,1.922053099,1.724102974,499829,495995,999658
[RESULT] 10,128,4,1.735884190,1.732095242,499829,495995,999658
[RESULT] 10,128,5,1.534096479,1.344166756,499829,495995,999658
[RESULT] 10,128,6,1.535993814,1.345091343,499829,495995,999658
[RESULT] 10,128,7,1.536013842,1.344115257,499829,495995,999658
[RESULT] 10,128,8,1.533080578,1.344131470,499829,495995,999658
[RESULT] 10,128,9,1.656984329,1.324717045,499829,495995,999658
[RESULT] 59,128,0,1.327982426,1.319115877,500239,496305,1000478
[RESULT] 59,128,1,1.577982903,1.315245152,500239,496305,1000478
[RESULT] 59,128,2,1.848981619,1.843085527,500239,496305,1000478
[RESULT] 59,128,3,1.565575838,1.563150883,500239,496305,1000478
[RESULT] 59,128,4,1.852985859,1.847167253,500239,496305,1000478
[RESULT] 59,128,5,1.469987869,1.462145805,500239,496305,1000478
[RESULT] 59,128,6,1.323229313,1.319248438,500239,496305,1000478
[RESULT] 59,128,7,1.843992949,1.581222773,500239,496305,1000478
[RESULT] 59,128,8,1.339870691,1.337263584,500239,496305,1000478
[RESULT] 59,128,9,1.447921276,1.440256596,500239,496305,1000478
[RESULT] 115,128,0,1.346024990,1.156268120,500334,496490,1000668
[RESULT] 115,128,1,1.727001905,1.538123131,500334,496490,1000668
[RESULT] 115,128,2,1.726047516,1.534379959,500334,496490,1000668
[RESULT] 115,128,3,1.536077499,1.344311237,500334,496490,1000668
[RESULT] 115,128,4,1.727063417,1.536101341,500334,496490,1000668
[RESULT] 115,128,5,1.531083584,1.344118834,500334,496490,1000668
[RESULT] 115,128,6,1.532013655,1.341088772,500334,496490,1000668
[RESULT] 115,128,7,1.536073923,1.345308542,500334,496490,1000668
[RESULT] 115,128,8,1.529043674,1.344112396,500334,496490,1000668
[RESULT] 115,128,9,1.384998083,1.141249657,500334,496490,1000668
[RESULT] 101,128,0,1.345969200,0.960322380,500115,496234,1000230
[RESULT] 101,128,1,1.731994629,1.346196890,500115,496234,1000230
[RESULT] 101,128,2,1.730073690,1.538314104,500115,496234,1000230
[RESULT] 101,128,3,1.536056757,1.344265699,500115,496234,1000230
[RESULT] 101,128,4,1.536093473,1.346280098,500115,496234,1000230
[RESULT] 101,128,5,1.717979908,1.344127417,500115,496234,1000230
[RESULT] 101,128,6,1.540022135,1.345078468,500115,496234,1000230
[RESULT] 101,128,7,1.536018848,1.345459938,500115,496234,1000230
[RESULT] 101,128,8,1.532050610,1.344103575,500115,496234,1000230
[RESULT] 101,128,9,1.361001730,1.132248402,500115,496234,1000230
[RESULT] 109,128,0,1.340077400,1.152215004,499986,496066,999972
[RESULT] 109,128,1,1.725044012,1.538106203,499986,496066,999972
[RESULT] 109,128,2,1.730018139,1.538236856,499986,496066,999972
[RESULT] 109,128,3,1.724003792,1.536212444,499986,496066,999972
[RESULT] 109,128,4,1.724021196,1.536412001,499986,496066,999972
[RESULT] 109,128,5,1.534075975,1.340116262,499986,496066,999972
[RESULT] 109,128,6,1.540511370,1.345363379,499986,496066,999972
[RESULT] 109,128,7,1.728008986,1.537281990,499986,496066,999972
[RESULT] 109,128,8,1.668996572,1.344333172,499986,496066,999972
[RESULT] 109,128,9,1.388961077,1.146224022,499986,496066,999972
[RESULT] 78,128,0,1.326689720,1.323350906,500035,496065,1000070
[RESULT] 78,128,1,2.117999315,1.854323864,500035,496065,1000070
[RESULT] 78,128,2,1.836851597,1.832215786,500035,496065,1000070
[RESULT] 78,128,3,1.591837168,1.587109566,500035,496065,1000070
[RESULT] 78,128,4,1.855846405,1.851145029,500035,496065,1000070
[RESULT] 78,128,5,1.314867020,1.312823772,500035,496065,1000070
[RESULT] 78,128,6,1.591836214,1.587086439,500035,496065,1000070
[RESULT] 78,128,7,1.845484972,1.843110323,500035,496065,1000070
[RESULT] 78,128,8,1.323188066,1.319367170,500035,496065,1000070
[RESULT] 78,128,9,1.571128607,1.568208218,500035,496065,1000070
[RESULT] 62,128,0,1.327971935,1.319151163,499810,496028,999620
[RESULT] 62,128,1,1.588999033,1.326317072,499810,496028,999620
[RESULT] 62,128,2,1.983994007,1.981093884,499810,496028,999620
[RESULT] 62,128,3,1.588990450,1.585091829,499810,496028,999620
[RESULT] 62,128,4,1.604974031,1.599164248,499810,496028,999620
[RESULT] 62,128,5,1.329768181,1.326096773,499810,496028,999620
[RESULT] 62,128,6,1.313012362,1.310144663,499810,496028,999620
[RESULT] 62,128,7,1.860989809,1.853088379,499810,496028,999620
[RESULT] 62,128,8,1.593961954,1.589253664,499810,496028,999620
[RESULT] 62,128,9,1.330307245,1.326297045,499810,496028,999620
[RESULT] 6,128,0,1.344062805,1.156143427,499961,496031,999922
[RESULT] 6,128,1,1.725071430,1.538168192,499961,496031,999922
[RESULT] 6,128,2,1.916997671,1.730140686,499961,496031,999922
[RESULT] 6,128,3,1.730059385,1.532099485,499961,496031,999922
[RESULT] 6,128,4,1.539911747,1.536105394,499961,496031,999922
[RESULT] 6,128,5,1.348014355,1.156244755,499961,496031,999922
[RESULT] 6,128,6,1.156926155,1.153167009,499961,496031,999922
[RESULT] 6,128,7,1.155932426,1.152117491,499961,496031,999922
[RESULT] 6,128,8,1.155921936,1.152152777,499961,496031,999922
[RESULT] 6,128,9,1.520978212,1.138167143,499961,496031,999922
[RESULT] 28,128,0,1.411993980,1.408256292,500038,496152,1000076
[RESULT] 28,128,1,1.756863594,1.752265215,500038,496152,1000076
[RESULT] 28,128,2,1.765145063,1.761183023,500038,496152,1000076
[RESULT] 28,128,3,1.764164686,1.760244370,500038,496152,1000076
[RESULT] 28,128,4,1.766422272,1.760225773,500038,496152,1000076
[RESULT] 28,128,5,1.760141611,1.756197691,500038,496152,1000076
[RESULT] 28,128,6,1.769232750,1.767151833,500038,496152,1000076
[RESULT] 28,128,7,2.116984844,2.112031221,500038,496152,1000076
[RESULT] 28,128,8,1.766979456,1.760169506,500038,496152,1000076
[RESULT] 28,128,9,2.116176367,2.112029552,500038,496152,1000076
[RESULT] 97,128,0,1.338023186,1.148449421,500038,496101,1000076
[RESULT] 97,128,1,1.920001745,1.534328938,500038,496101,1000076
[RESULT] 97,128,2,1.921012640,1.730136633,500038,496101,1000076
[RESULT] 97,128,3,1.728036880,1.536383390,500038,496101,1000076
[RESULT] 97,128,4,2.110986710,1.728215933,500038,496101,1000076
[RESULT] 97,128,5,1.724066496,1.536261082,500038,496101,1000076
[RESULT] 97,128,6,1.724000692,1.533270836,500038,496101,1000076
[RESULT] 97,128,7,1.727934122,1.724173069,500038,496101,1000076
[RESULT] 97,128,8,1.722975492,1.536217690,500038,496101,1000076
[RESULT] 97,128,9,1.620973825,1.329314947,500038,496101,1000076
[RESULT] 8,128,0,1.722001076,1.344220161,500107,496192,1000214
[RESULT] 8,128,1,2.104079962,1.918128729,500107,496192,1000214
[RESULT] 8,128,2,2.305087328,2.110106945,500107,496192,1000214
[RESULT] 8,128,3,1.918088913,1.728132963,500107,496192,1000214
[RESULT] 8,128,4,1.923931122,1.920097828,500107,496192,1000214
[RESULT] 8,128,5,1.725996017,1.536165714,500107,496192,1000214
[RESULT] 8,128,6,1.536039352,1.345154524,500107,496192,1000214
[RESULT] 8,128,7,1.347931147,1.344121933,500107,496192,1000214
[RESULT] 8,128,8,1.534072638,1.344167948,500107,496192,1000214
[RESULT] 8,128,9,1.714112043,1.330147743,500107,496192,1000214
[RESULT] 54,128,0,1.327992916,1.319150925,499939,495978,999878
[RESULT] 54,128,1,1.861991167,1.599239111,499939,495978,999878
[RESULT] 54,128,2,2.030977011,2.023286581,499939,495978,999878
[RESULT] 54,128,3,1.835988998,1.833253145,499939,495978,999878
[RESULT] 54,128,4,1.842697144,1.836262465,499939,495978,999878
[RESULT] 54,128,5,1.698072672,1.583204746,499939,495978,999878
[RESULT] 54,128,6,2.141992569,1.878119946,499939,495978,999878
[RESULT] 54,128,7,1.989001751,1.735135317,499939,495978,999878
[RESULT] 54,128,8,1.822987080,1.558126211,499939,495978,999878
[RESULT] 54,128,9,1.814265013,1.810232162,499939,495978,999878
[RESULT] 106,128,0,1.729972839,1.344133854,499894,495944,999788
[RESULT] 106,128,1,1.730077744,1.538393497,499894,495944,999788
[RESULT] 106,128,2,1.921986103,1.726159811,499894,495944,999788
[RESULT] 106,128,3,1.726044655,1.536147356,499894,495944,999788
[RESULT] 106,128,4,1.728056431,1.536335468,499894,495944,999788
[RESULT] 106,128,5,1.729998589,1.344430447,499894,495944,999788
[RESULT] 106,128,6,1.536031246,1.345358133,499894,495944,999788
[RESULT] 106,128,7,1.732057333,1.537274837,499894,495944,999788
[RESULT] 106,128,8,1.723997116,1.344322920,499894,495944,999788
[RESULT] 106,128,9,1.522007942,1.332126379,499894,495944,999788
[RESULT] 40,128,0,1.763998270,1.759055138,500142,496236,1000284
[RESULT] 40,128,1,1.781990051,1.774049759,500142,496236,1000284
[RESULT] 40,128,2,1.764992714,1.761049986,500142,496236,1000284
[RESULT] 40,128,3,1.764988899,1.760040045,500142,496236,1000284
[RESULT] 40,128,4,1.766430140,1.760230780,500142,496236,1000284
[RESULT] 40,128,5,1.760182619,1.756246090,500142,496236,1000284
[RESULT] 40,128,6,2.123802185,2.119009256,500142,496236,1000284
[RESULT] 40,128,7,2.117129564,2.112064123,500142,496236,1000284
[RESULT] 40,128,8,1.766974688,1.760170460,500142,496236,1000284
[RESULT] 40,128,9,2.116182327,2.112071991,500142,496236,1000284
[RESULT] 81,128,0,1.589927673,1.326044083,499767,495786,999534
[RESULT] 81,128,1,2.106989145,1.843123198,499767,495786,999534
[RESULT] 81,128,2,1.857164383,1.854103088,499767,495786,999534
[RESULT] 81,128,3,1.325379133,1.323277235,499767,495786,999534
[RESULT] 81,128,4,1.635879755,1.631212234,499767,495786,999534
[RESULT] 81,128,5,1.316839457,1.312126875,499767,495786,999534
[RESULT] 81,128,6,1.327866793,1.323197365,499767,495786,999534
[RESULT] 81,128,7,1.587981701,1.579111338,499767,495786,999534
[RESULT] 81,128,8,1.323808193,1.319011450,499767,495786,999534
[RESULT] 81,128,9,1.582413912,1.579179764,499767,495786,999534
[RESULT] 66,128,0,1.316984177,1.308113098,499860,495968,999720
[RESULT] 66,128,1,1.584191799,1.578318834,499860,495968,999720
[RESULT] 66,128,2,2.101995707,1.838224411,499860,495968,999720
[RESULT] 66,128,3,1.628993034,1.624149561,499860,495968,999720
[RESULT] 66,128,4,1.885992527,1.879148960,499860,495968,999720
[RESULT] 66,128,5,1.596991539,1.589204311,499860,495968,999720
[RESULT] 66,128,6,1.593267441,1.589173555,499860,495968,999720
[RESULT] 66,128,7,1.471640587,1.466243505,499860,495968,999720
[RESULT] 66,128,8,1.851995468,1.569236040,499860,495968,999720
[RESULT] 66,128,9,1.875291348,1.871295691,499860,495968,999720
[RESULT] 23,128,0,1.537993670,1.152124643,499931,496078,999862
[RESULT] 23,128,1,1.726063490,1.538163424,499931,496078,999862
[RESULT] 23,128,2,1.921065569,1.730108023,499931,496078,999862
[RESULT] 23,128,3,1.673999548,1.533093452,499931,496078,999862
[RESULT] 23,128,4,1.727005005,1.536168098,499931,496078,999862
[RESULT] 23,128,5,1.531052828,1.344116449,499931,496078,999862
[RESULT] 23,128,6,1.341012955,1.149229527,499931,496078,999862
[RESULT] 23,128,7,1.536058187,1.345113754,499931,496078,999862
[RESULT] 23,128,8,1.529993296,1.344108105,499931,496078,999862
[RESULT] 23,128,9,1.461974382,1.137103081,499931,496078,999862
[RESULT] 0,128,0,1.536063671,1.344245434,500109,496292,1000218
[RESULT] 0,128,1,2.103989840,1.918115854,500109,496292,1000218
[RESULT] 0,128,2,2.301028728,2.110097885,500109,496292,1000218
[RESULT] 0,128,3,1.918031216,1.728120565,500109,496292,1000218
[RESULT] 0,128,4,2.115029335,1.920078516,500109,496292,1000218
[RESULT] 0,128,5,1.726065636,1.536184072,500109,496292,1000218
[RESULT] 0,128,6,1.724057674,1.533093214,500109,496292,1000218
[RESULT] 0,128,7,1.923982143,1.536162853,500109,496292,1000218
[RESULT] 0,128,8,1.725037813,1.536132097,500109,496292,1000218
[RESULT] 0,128,9,1.845944881,1.524092674,500109,496292,1000218

Benchmark Summary
Processes: 128
Iterations: 10
Matrix NNZ: 64000878
Total execution time: 47.483 seconds
[RESULT] 83,128,0,1.139039755,1.059246063,499977,496107,999954
[RESULT] 83,128,1,1.820985317,1.557168007,499977,496107,999954
[RESULT] 83,128,2,1.589479923,1.587090492,499977,496107,999954
[RESULT] 83,128,3,1.064134359,1.059234381,499977,496107,999954
[RESULT] 83,128,4,1.329233646,1.323196888,499977,496107,999954
[RESULT] 83,128,5,1.063813925,1.059143305,499977,496107,999954
[RESULT] 83,128,6,1.052828789,1.048213720,499977,496107,999954
[RESULT] 83,128,7,1.323994398,1.315175295,499977,496107,999954
[RESULT] 83,128,8,1.059790134,1.055035114,499977,496107,999954
[RESULT] 83,128,9,1.372245312,1.369176865,499977,496107,999954
[RESULT] 102,128,0,1.154026747,0.964469194,500214,496164,1000428
[RESULT] 102,128,1,1.530042171,1.338332891,500214,496164,1000428
[RESULT] 102,128,2,1.921963692,1.730096340,500214,496164,1000428
[RESULT] 102,128,3,1.726063013,1.536106586,500214,496164,1000428
[RESULT] 102,128,4,1.728076935,1.536306381,500214,496164,1000428
[RESULT] 102,128,5,1.534028769,1.344388008,500214,496164,1000428
[RESULT] 102,128,6,1.536088705,1.345308781,500214,496164,1000428
[RESULT] 102,128,7,1.688074350,1.537254810,500214,496164,1000428
[RESULT] 102,128,8,1.719995975,1.344396591,500214,496164,1000428
[RESULT] 102,128,9,1.368968248,1.137140036,500214,496164,1000428
[RESULT] 49,128,0,1.835007668,1.578187704,500181,496246,1000362
[RESULT] 49,128,1,1.584421635,1.578208447,500181,496246,1000362
[RESULT] 49,128,2,2.277996302,2.268135309,500181,496246,1000362
[RESULT] 49,128,3,2.006999969,2.002213717,500181,496246,1000362
[RESULT] 49,128,4,1.863988400,1.858209610,500181,496246,1000362
[RESULT] 49,128,5,1.856988430,1.847112417,500181,496246,1000362
[RESULT] 49,128,6,1.790254831,1.786261082,500181,496246,1000362
[RESULT] 49,128,7,2.101001978,1.843204021,500181,496246,1000362
[RESULT] 49,128,8,1.822987080,1.554158688,500181,496246,1000362
[RESULT] 49,128,9,1.875273228,1.871270895,500181,496246,1000362
[RESULT] 37,128,0,1.059993029,1.056700468,500242,496411,1000484
[RESULT] 37,128,1,1.052259207,1.048697472,500242,496411,1000484
[RESULT] 37,128,2,1.061265230,1.057611227,500242,496411,1000484
[RESULT] 37,128,3,1.060219765,1.056260824,500242,496411,1000484
[RESULT] 37,128,4,1.062437773,1.056224823,500242,496411,1000484
[RESULT] 37,128,5,1.060223579,1.056223154,500242,496411,1000484
[RESULT] 37,128,6,1.418981791,1.415006161,500242,496411,1000484
[RESULT] 37,128,7,1.412986755,1.408051014,500242,496411,1000484
[RESULT] 37,128,8,1.063004732,1.056205750,500242,496411,1000484
[RESULT] 37,128,9,1.410271168,1.408051729,500242,496411,1000484
[RESULT] 110,128,0,1.526360512,1.152355909,499895,496062,999790
[RESULT] 110,128,1,1.534101725,1.342312098,499895,496062,999790
[RESULT] 110,128,2,1.726047993,1.534131765,499895,496062,999790
[RESULT] 110,128,3,1.726089954,1.536103249,499895,496062,999790
[RESULT] 110,128,4,1.727977514,1.536256313,499895,496062,999790
[RESULT] 110,128,5,1.725975990,1.344304800,499895,496062,999790
[RESULT] 110,128,6,1.536031961,1.345227242,499895,496062,999790
[RESULT] 110,128,7,1.539905071,1.536156893,499895,496062,999790
[RESULT] 110,128,8,1.533023596,1.344216347,499895,496062,999790
[RESULT] 110,128,9,1.504964590,1.128309011,499895,496062,999790
[RESULT] 82,128,0,1.065987349,1.059285402,499874,496069,999748
[RESULT] 82,128,1,1.599929094,1.590281487,499874,496069,999748
[RESULT] 82,128,2,1.583804607,1.579184055,499874,496069,999748
[RESULT] 82,128,3,1.327821255,1.323135376,499874,496069,999748
[RESULT] 82,128,4,1.591816187,1.587148190,499874,496069,999748
[RESULT] 82,128,5,1.327798128,1.323089123,499874,496069,999748
[RESULT] 82,128,6,1.327822447,1.323133707,499874,496069,999748
[RESULT] 82,128,7,1.576977491,1.568097830,499874,496069,999748
[RESULT] 82,128,8,1.058580875,1.055787802,499874,496069,999748
[RESULT] 82,128,9,1.593238354,1.590180874,499874,496069,999748
[RESULT] 53,128,0,1.340980530,1.332196951,500111,496193,1000222
[RESULT] 53,128,1,1.740989447,1.478286028,500111,496193,1000222
[RESULT] 53,128,2,2.244994879,2.235146284,500111,496193,1000222
[RESULT] 53,128,3,1.793624163,1.789146662,500111,496193,1000222
[RESULT] 53,128,4,1.863991499,1.857151985,500111,496193,1000222
[RESULT] 53,128,5,1.458980799,1.451223373,500111,496193,1000222
[RESULT] 53,128,6,2.076004505,1.812161922,500111,496193,1000222
[RESULT] 53,128,7,1.985004187,1.722297192,500111,496193,1000222
[RESULT] 53,128,8,1.646979570,1.378142357,500111,496193,1000222
[RESULT] 53,128,9,1.875260830,1.871302843,500111,496193,1000222
[RESULT] 112,128,0,1.725993395,1.340222120,500358,496409,1000716
[RESULT] 112,128,1,2.112002611,1.730109692,500358,496409,1000716
[RESULT] 112,128,2,1.922114372,1.730272532,500358,496409,1000716
[RESULT] 112,128,3,1.926007509,1.536227226,500358,496409,1000716
[RESULT] 112,128,4,1.728018761,1.536392212,500358,496409,1000716
[RESULT] 112,128,5,1.722051859,1.536091328,500358,496409,1000716
[RESULT] 112,128,6,1.732000113,1.347030640,500358,496409,1000716
[RESULT] 112,128,7,1.728051901,1.537245274,500358,496409,1000716
[RESULT] 112,128,8,1.723995209,1.344343662,500358,496409,1000716
[RESULT] 112,128,9,1.588989735,1.286700964,500358,496409,1000716
[RESULT] 111,128,0,1.341997623,1.152257442,499899,495942,999798
[RESULT] 111,128,1,1.731998920,1.346173286,499899,495942,999798
[RESULT] 111,128,2,1.534023046,1.342370510,499899,495942,999798
[RESULT] 111,128,3,1.536045790,1.344326258,499899,495942,999798
[RESULT] 111,128,4,1.727006674,1.536123753,499899,495942,999798
[RESULT] 111,128,5,1.531059980,1.344167709,499899,495942,999798
[RESULT] 111,128,6,1.540051460,1.345159769,499899,495942,999798
[RESULT] 111,128,7,1.536039352,1.345310450,499899,495942,999798
[RESULT] 111,128,8,1.532980680,1.344146490,499899,495942,999798
[RESULT] 111,128,9,1.464994669,1.139217377,499899,495942,999798
[RESULT] 104,128,0,1.534023046,1.344391346,499881,495973,999762
[RESULT] 104,128,1,2.079999208,1.730244637,499881,495973,999762
[RESULT] 104,128,2,2.300998449,1.922113895,499881,495973,999762
[RESULT] 104,128,3,1.728057861,1.536410332,499881,495973,999762
[RESULT] 104,128,4,1.920103550,1.728201628,499881,495973,999762
[RESULT] 104,128,5,1.724045992,1.536285877,499881,495973,999762
[RESULT] 104,128,6,1.728076458,1.537238598,499881,495973,999762
[RESULT] 104,128,7,1.916049242,1.724182844,499881,495973,999762
[RESULT] 104,128,8,1.919995308,1.536221027,499881,495973,999762
[RESULT] 104,128,9,1.688971281,1.329684734,499881,495973,999762
[RESULT] 67,128,0,1.577995777,1.310088634,499977,496019,999954
[RESULT] 67,128,1,1.833987713,1.577171326,499977,496019,999954
[RESULT] 67,128,2,1.852991343,1.843147516,499977,496019,999954
[RESULT] 67,128,3,1.599993706,1.596107244,499977,496019,999954
[RESULT] 67,128,4,1.857994795,1.851105690,499977,496019,999954
[RESULT] 67,128,5,1.271020651,1.268842697,499977,496019,999954
[RESULT] 67,128,6,1.533053875,1.528087854,499977,496019,999954
[RESULT] 67,128,7,1.586984634,1.579075575,499977,496019,999954
[RESULT] 67,128,8,1.330953121,1.326218605,499977,496019,999954
[RESULT] 67,128,9,1.829262733,1.825207710,499977,496019,999954
[RESULT] 1,128,0,1.729996681,1.348195791,499877,496104,999754
[RESULT] 1,128,1,1.922110558,1.730162621,499877,496104,999754
[RESULT] 1,128,2,2.113022327,1.922128439,499877,496104,999754
[RESULT] 1,128,3,1.922082663,1.728116512,499877,496104,999754
[RESULT] 1,128,4,1.919052362,1.728136063,499877,496104,999754
[RESULT] 1,128,5,1.536031723,1.344296694,499877,496104,999754
[RESULT] 1,128,6,1.537074566,1.345215797,499877,496104,999754
[RESULT] 1,128,7,1.728047609,1.537036657,499877,496104,999754
[RESULT] 1,128,8,1.724014282,1.536072731,499877,496104,999754
[RESULT] 1,128,9,1.812990904,1.521118164,499877,496104,999754
[RESULT] 119,128,0,1.149997950,0.960209131,500028,496140,1000056
[RESULT] 119,128,1,1.923995733,1.534148216,500028,496140,1000056
[RESULT] 119,128,2,1.538054943,1.346366405,500028,496140,1000056
[RESULT] 119,128,3,1.344079733,1.152285576,500028,496140,1000056
[RESULT] 119,128,4,1.344093800,1.154103994,500028,496140,1000056
[RESULT] 119,128,5,1.529995203,1.152115822,500028,496140,1000056
[RESULT] 119,128,6,1.340087414,1.149122477,500028,496140,1000056
[RESULT] 119,128,7,1.536037445,1.344097137,500028,496140,1000056
[RESULT] 119,128,8,1.507998228,1.152103424,500028,496140,1000056
[RESULT] 119,128,9,1.316980600,0.940249205,500028,496140,1000056
[RESULT] 76,128,0,1.326051235,1.324007750,499921,496005,999842
[RESULT] 76,128,1,1.836108446,1.832710028,499921,496005,999842
[RESULT] 76,128,2,1.857490778,1.854329586,499921,496005,999842
[RESULT] 76,128,3,1.591882944,1.587260246,499921,496005,999842
[RESULT] 76,128,4,1.839746952,1.837713957,499921,496005,999842
[RESULT] 76,128,5,1.591864824,1.587211609,499921,496005,999842
[RESULT] 76,128,6,1.580856323,1.576250792,499921,496005,999842
[RESULT] 76,128,7,1.853774309,1.851247787,499921,496005,999842
[RESULT] 76,128,8,1.586328030,1.583112717,499921,496005,999842
[RESULT] 76,128,9,1.857490778,1.854218960,499921,496005,999842
[RESULT] 46,128,0,1.411982298,1.407146215,500151,496435,1000302
[RESULT] 46,128,1,1.430242777,1.422082901,500151,496435,1000302
[RESULT] 46,128,2,1.413336277,1.409082174,500151,496435,1000302
[RESULT] 46,128,3,1.411176920,1.408065557,500151,496435,1000302
[RESULT] 46,128,4,1.412102461,1.408060551,500151,496435,1000302
[RESULT] 46,128,5,1.414398909,1.408073664,500151,496435,1000302
[RESULT] 46,128,6,1.406326771,1.404091597,500151,496435,1000302
[RESULT] 46,128,7,1.762650251,1.760062456,500151,496435,1000302
[RESULT] 46,128,8,2.095991373,1.744083166,500151,496435,1000302
[RESULT] 46,128,9,1.747648716,1.744074583,500151,496435,1000302
[RESULT] 113,128,0,1.538947344,1.344139576,500100,496076,1000200
[RESULT] 113,128,1,1.726070881,1.538120270,500100,496076,1000200
[RESULT] 113,128,2,1.730016232,1.538282871,500100,496076,1000200
[RESULT] 113,128,3,1.536030769,1.344199419,500100,496076,1000200
[RESULT] 113,128,4,1.536073446,1.344400406,500100,496076,1000200
[RESULT] 113,128,5,1.530943155,1.344094276,500100,496076,1000200
[RESULT] 113,128,6,1.532007933,1.341141701,500100,496076,1000200
[RESULT] 113,128,7,1.728019953,1.536105871,500100,496076,1000200
[RESULT] 113,128,8,1.731987238,1.344122648,500100,496076,1000200
[RESULT] 113,128,9,1.472998142,1.138236523,500100,496076,1000200
[RESULT] 55,128,0,1.197988272,1.189252853,500021,496103,1000042
[RESULT] 55,128,1,1.767994881,1.511139154,500021,496103,1000042
[RESULT] 55,128,2,2.263998270,2.000290394,500021,496103,1000042
[RESULT] 55,128,3,1.824994802,1.822262287,500021,496103,1000042
[RESULT] 55,128,4,1.841987610,1.836253881,500021,496103,1000042
[RESULT] 55,128,5,1.597981215,1.588128328,500021,496103,1000042
[RESULT] 55,128,6,1.582228661,1.578173161,500021,496103,1000042
[RESULT] 55,128,7,1.822001457,1.559272289,500021,496103,1000042
[RESULT] 55,128,8,1.413973331,1.300204754,500021,496103,1000042
[RESULT] 55,128,9,1.851283073,1.847290993,500021,496103,1000042
[RESULT] 7,128,0,1.150012732,0.960208893,500058,496221,1000116
[RESULT] 7,128,1,1.728075504,1.534113884,500058,496221,1000116
[RESULT] 7,128,2,1.928956509,1.539455652,500058,496221,1000116
[RESULT] 7,128,3,1.534081697,1.344103813,500058,496221,1000116
[RESULT] 7,128,4,1.730997086,1.344202995,500058,496221,1000116
[RESULT] 7,128,5,1.340023041,1.152131796,500058,496221,1000116
[RESULT] 7,128,6,1.153026581,0.961263895,500058,496221,1000116
[RESULT] 7,128,7,1.340063810,1.149125576,500058,496221,1000116
[RESULT] 7,128,8,1.487988472,1.152108669,500058,496221,1000116
[RESULT] 7,128,9,1.554868698,1.135112286,500058,496221,1000116
[RESULT] 12,128,0,1.533047676,1.344156742,500307,496447,1000614
[RESULT] 12,128,1,2.071998596,1.726195574,500307,496447,1000614
[RESULT] 12,128,2,2.309056282,2.114110470,500307,496447,1000614
[RESULT] 12,128,3,1.918030024,1.728097200,500307,496447,1000614
[RESULT] 12,128,4,1.923929214,1.920101643,500307,496447,1000614
[RESULT] 12,128,5,1.539945841,1.536145687,500307,496447,1000614
[RESULT] 12,128,6,1.348940611,1.345131159,500307,496447,1000614
[RESULT] 12,128,7,1.537086248,1.344137907,500307,496447,1000614
[RESULT] 12,128,8,1.533023596,1.344157457,500307,496447,1000614
[RESULT] 12,128,9,1.761982203,1.331059694,500307,496447,1000614
[RESULT] 51,128,0,1.791014194,1.580172777,500031,496113,1000062
[RESULT] 51,128,1,1.840993643,1.836107492,500031,496113,1000062
[RESULT] 51,128,2,2.001992702,1.992203951,500031,496113,1000062
[RESULT] 51,128,3,2.043989420,2.040113926,500031,496113,1000062
[RESULT] 51,128,4,1.863984108,1.857105255,500031,496113,1000062
[RESULT] 51,128,5,1.605992794,1.600258112,500031,496113,1000062
[RESULT] 51,128,6,1.595119715,1.592949152,500031,496113,1000062
[RESULT] 51,128,7,1.854982376,1.592232704,500031,496113,1000062
[RESULT] 51,128,8,1.678083658,1.558246136,500031,496113,1000062
[RESULT] 51,128,9,1.581326008,1.577237368,500031,496113,1000062
[RESULT] 21,128,0,1.344076633,1.152164936,500015,496107,1000030
[RESULT] 21,128,1,1.912046909,1.726144791,500015,496107,1000030
[RESULT] 21,128,2,1.921955824,1.918105125,500015,496107,1000030
[RESULT] 21,128,3,1.726068974,1.536155701,500015,496107,1000030
[RESULT] 21,128,4,1.923038721,1.728116512,500015,496107,1000030
[RESULT] 21,128,5,1.534000874,1.344184160,500015,496107,1000030
[RESULT] 21,128,6,1.345022678,1.153278112,500015,496107,1000030
[RESULT] 21,128,7,1.536055326,1.344141722,500015,496107,1000030
[RESULT] 21,128,8,1.727996349,1.344128370,500015,496107,1000030
[RESULT] 21,128,9,1.537986040,1.132100582,500015,496107,1000030
[RESULT] 42,128,0,1.411973953,1.407109499,499740,495856,999480
[RESULT] 42,128,1,1.429992437,1.422069073,499740,495856,999480
[RESULT] 42,128,2,1.412988901,1.409070015,499740,495856,999480
[RESULT] 42,128,3,1.412984848,1.408051968,499740,495856,999480
[RESULT] 42,128,4,1.764156818,1.760044336,499740,495856,999480
[RESULT] 42,128,5,1.772990465,1.767041683,499740,495856,999480
[RESULT] 42,128,6,1.759985685,1.756073475,499740,495856,999480
[RESULT] 42,128,7,2.116066933,2.112044811,499740,495856,999480
[RESULT] 42,128,8,2.084987402,1.733040333,499740,495856,999480
[RESULT] 42,128,9,2.093320847,2.090068102,499740,495856,999480
[RESULT] 118,128,0,1.346041679,1.152096987,499906,495902,999812
[RESULT] 118,128,1,1.726102591,1.534238815,499906,495902,999812
[RESULT] 118,128,2,1.726025105,1.534149885,499906,495902,999812
[RESULT] 118,128,3,1.344022989,1.152430058,499906,495902,999812
[RESULT] 118,128,4,1.536024094,1.344230652,499906,495902,999812
[RESULT] 118,128,5,1.541996002,1.152239084,499906,495902,999812
[RESULT] 118,128,6,1.344052076,1.153192759,499906,495902,999812
[RESULT] 118,128,7,1.348844051,1.345077038,499906,495902,999812
[RESULT] 118,128,8,1.341011286,1.152160168,499906,495902,999812
[RESULT] 118,128,9,1.377961397,1.135094404,499906,495902,999812
[RESULT] 100,128,0,1.533977747,1.152243376,500005,496116,1000010
[RESULT] 100,128,1,1.725056171,1.538124323,500005,496116,1000010
[RESULT] 100,128,2,1.922082186,1.730226994,500005,496116,1000010
[RESULT] 100,128,3,1.728092909,1.536211729,500005,496116,1000010
[RESULT] 100,128,4,1.728087664,1.536412239,500005,496116,1000010
[RESULT] 100,128,5,1.730014086,1.536097765,500005,496116,1000010
[RESULT] 100,128,6,1.731986523,1.345427275,500005,496116,1000010
[RESULT] 100,128,7,1.724033833,1.533355951,500005,496116,1000010
[RESULT] 100,128,8,1.727990866,1.344434023,500005,496116,1000010
[RESULT] 100,128,9,1.610023737,1.326211452,500005,496116,1000010
[RESULT] 50,128,0,1.522990227,1.514246941,499732,495780,999464
[RESULT] 50,128,1,1.850486040,1.847148180,499732,495780,999464
[RESULT] 50,128,2,2.125986814,2.116168261,499732,495780,999464
[RESULT] 50,128,3,2.006987572,2.004120350,499732,495780,999464
[RESULT] 50,128,4,1.841995478,1.836256742,499732,495780,999464
[RESULT] 50,128,5,1.865998268,1.856151342,499732,495780,999464
[RESULT] 50,128,6,1.845291376,1.841226101,499732,495780,999464
[RESULT] 50,128,7,1.871991396,1.865119457,499732,495780,999464
[RESULT] 50,128,8,2.129997253,1.865085125,499732,495780,999464
[RESULT] 50,128,9,1.840286493,1.836240768,499732,495780,999464
[RESULT] 19,128,0,1.541991711,1.152164459,500070,496197,1000140
[RESULT] 19,128,1,1.912004232,1.726143599,500070,496197,1000140
[RESULT] 19,128,2,2.116996527,1.918101311,500070,496197,1000140
[RESULT] 19,128,3,1.726038694,1.536161661,500070,496197,1000140
[RESULT] 19,128,4,1.927026033,1.732097864,500070,496197,1000140
[RESULT] 19,128,5,1.534031868,1.344171524,500070,496197,1000140
[RESULT] 19,128,6,1.536062717,1.345098734,500070,496197,1000140
[RESULT] 19,128,7,1.536080360,1.344160080,500070,496197,1000140
[RESULT] 19,128,8,1.533088684,1.344120502,500070,496197,1000140
[RESULT] 19,128,9,1.557968140,1.127099514,500070,496197,1000140
[RESULT] 27,128,0,1.411986589,1.407027960,499987,496119,999974
[RESULT] 27,128,1,1.429979086,1.422018528,499987,496119,999974
[RESULT] 27,128,2,1.412987709,1.409016609,499987,496119,999974
[RESULT] 27,128,3,1.412986279,1.408022165,499987,496119,999974
[RESULT] 27,128,4,1.411880016,1.407889605,499987,496119,999974
[RESULT] 27,128,5,1.413978100,1.408007622,499987,496119,999974
[RESULT] 27,128,6,1.407979965,1.404012918,499987,496119,999974
[RESULT] 27,128,7,1.766125917,1.760002613,499987,496119,999974
[RESULT] 27,128,8,1.732992649,1.381001472,499987,496119,999974
[RESULT] 27,128,9,1.752898932,1.748996973,499987,496119,999974
[RESULT] 107,128,0,1.525993109,1.152392864,500134,496121,1000268
[RESULT] 107,128,1,1.726081371,1.534313440,500134,496121,1000268
[RESULT] 107,128,2,1.914069176,1.722117662,500134,496121,1000268
[RESULT] 107,128,3,1.536076069,1.344444990,500134,496121,1000268
[RESULT] 107,128,4,1.728046656,1.536244631,500134,496121,1000268
[RESULT] 107,128,5,1.729991436,1.344307899,500134,496121,1000268
[RESULT] 107,128,6,1.536017895,1.345221519,500134,496121,1000268
[RESULT] 107,128,7,1.535904169,1.532140970,500134,496121,1000268
[RESULT] 107,128,8,1.532986879,1.344217539,500134,496121,1000268
[RESULT] 107,128,9,1.606001377,1.282610178,500134,496121,1000268
[RESULT] 72,128,0,1.831985712,1.568177462,499838,495920,999676
[RESULT] 72,128,1,2.392929554,2.129190683,499838,495920,999676
[RESULT] 72,128,2,2.100821257,2.096193075,499838,495920,999676
[RESULT] 72,128,3,1.845626116,1.843118906,499838,495920,999676
[RESULT] 72,128,4,2.122002363,2.118129015,499838,495920,999676
[RESULT] 72,128,5,1.842861414,1.840072155,499838,495920,999676
[RESULT] 72,128,6,1.856716633,1.854081392,499838,495920,999676
[RESULT] 72,128,7,1.853767395,1.851255894,499838,495920,999676
[RESULT] 72,128,8,1.488842010,1.484176874,499838,495920,999676
[RESULT] 72,128,9,2.110318184,2.108181953,499838,495920,999676
[RESULT] 3,128,0,1.467892408,1.148252964,499898,496032,999796
[RESULT] 3,128,1,2.112005472,1.730170727,499898,496032,999796
[RESULT] 3,128,2,2.113085985,1.922140121,499898,496032,999796
[RESULT] 3,128,3,1.922013521,1.728091955,499898,496032,999796
[RESULT] 3,128,4,1.919090986,1.728153944,499898,496032,999796
[RESULT] 3,128,5,1.536009073,1.344281197,499898,496032,999796
[RESULT] 3,128,6,1.537003994,1.345247507,499898,496032,999796
[RESULT] 3,128,7,1.728057146,1.537065029,499898,496032,999796
[RESULT] 3,128,8,1.724077940,1.536099672,499898,496032,999796
[RESULT] 3,128,9,1.870025873,1.506617308,499898,496032,999796
[RESULT] 56,128,0,1.608998537,1.600229502,499810,495961,999620
[RESULT] 56,128,1,1.584402800,1.578297377,499810,495961,999620
[RESULT] 56,128,2,2.081996202,2.072224140,499810,495961,999620
[RESULT] 56,128,3,1.780992270,1.778241873,499810,495961,999620
[RESULT] 56,128,4,2.125998735,2.119096041,499810,495961,999620
[RESULT] 56,128,5,1.583997250,1.578272343,499810,495961,999620
[RESULT] 56,128,6,1.593296766,1.589260101,499810,495961,999620
[RESULT] 56,128,7,1.951989174,1.948152304,499810,495961,999620
[RESULT] 56,128,8,2.103006840,1.838118315,499810,495961,999620
[RESULT] 56,128,9,1.902331829,1.898240328,499810,495961,999620
[RESULT] 41,128,0,1.763989449,1.759048462,500268,496347,1000536
[RESULT] 41,128,1,1.781994581,1.774068356,500268,496347,1000536
[RESULT] 41,128,2,1.764989853,1.761038542,500268,496347,1000536
[RESULT] 41,128,3,1.764989138,1.760039330,500268,496347,1000536
[RESULT] 41,128,4,1.766099691,1.760066271,500268,496347,1000536
[RESULT] 41,128,5,1.772937059,1.766978979,500268,496347,1000536
[RESULT] 41,128,6,1.759993553,1.756066561,500268,496347,1000536
[RESULT] 41,128,7,2.117991686,2.112034082,500268,496347,1000536
[RESULT] 41,128,8,2.084993362,1.733035564,500268,496347,1000536
[RESULT] 41,128,9,2.104273558,2.101217031,500268,496347,1000536
[RESULT] 99,128,0,1.150073051,0.960354567,499893,496086,999786
[RESULT] 99,128,1,1.535022974,1.346213102,499893,496086,999786
[RESULT] 99,128,2,1.730075121,1.538405657,499893,496086,999786
[RESULT] 99,128,3,1.536051512,1.344347954,499893,496086,999786
[RESULT] 99,128,4,1.727072716,1.536179543,499893,496086,999786
[RESULT] 99,128,5,1.531979322,1.344268084,499893,496086,999786
[RESULT] 99,128,6,1.536038160,1.345279694,499893,496086,999786
[RESULT] 99,128,7,1.760075331,1.568160772,499893,496086,999786
[RESULT] 99,128,8,1.735991716,1.344234228,499893,496086,999786
[RESULT] 99,128,9,1.529967308,1.138302088,499893,496086,999786
[RESULT] 61,128,0,1.340977430,1.332221270,500134,496131,1000268
[RESULT] 61,128,1,1.317873716,1.310559750,500134,496131,1000268
[RESULT] 61,128,2,2.118966103,2.113070488,500134,496131,1000268
[RESULT] 61,128,3,1.533978462,1.530075073,500134,496131,1000268
[RESULT] 61,128,4,1.896994352,1.890087843,500134,496131,1000268
[RESULT] 61,128,5,1.423915386,1.414086342,500134,496131,1000268
[RESULT] 61,128,6,1.257256031,1.253271580,500134,496131,1000268
[RESULT] 61,128,7,1.839899778,1.581201553,500134,496131,1000268
[RESULT] 61,128,8,1.605628490,1.600262880,500134,496131,1000268
[RESULT] 61,128,9,1.570311785,1.566235542,500134,496131,1000268
[RESULT] 98,128,0,1.346041679,1.152208805,499930,496002,999860
[RESULT] 98,128,1,1.724044323,1.538096189,499930,496002,999860
[RESULT] 98,128,2,1.914009809,1.726193190,499930,496002,999860
[RESULT] 98,128,3,1.726086617,1.536166668,499930,496002,999860
[RESULT] 98,128,4,1.728014946,1.536403894,499930,496002,999860
[RESULT] 98,128,5,1.689995050,1.344452620,499930,496002,999860
[RESULT] 98,128,6,1.732012749,1.537095070,499930,496002,999860
[RESULT] 98,128,7,1.728085279,1.537435293,499930,496002,999860
[RESULT] 98,128,8,1.727994680,1.344489574,499930,496002,999860
[RESULT] 98,128,9,1.657981396,1.312231779,499930,496002,999860
[RESULT] 36,128,0,1.411908388,1.406960726,500031,496086,1000062
[RESULT] 36,128,1,1.429978848,1.422025204,500031,496086,1000062
[RESULT] 36,128,2,1.412988424,1.409047365,500031,496086,1000062
[RESULT] 36,128,3,1.412982941,1.408043623,500031,496086,1000062
[RESULT] 36,128,4,1.413969517,1.408015013,500031,496086,1000062
[RESULT] 36,128,5,1.413979769,1.408016205,500031,496086,1000062
[RESULT] 36,128,6,1.407989025,1.404050350,500031,496086,1000062
[RESULT] 36,128,7,1.765970230,1.760016680,500031,496086,1000062
[RESULT] 36,128,8,1.732984781,1.381030798,500031,496086,1000062
[RESULT] 36,128,9,1.752270222,1.749038219,500031,496086,1000062
[RESULT] 18,128,0,1.733978748,1.344098091,500038,495977,1000076
[RESULT] 18,128,1,1.917016745,1.730165958,500038,495977,1000076
[RESULT] 18,128,2,2.113000154,1.922107935,500038,495977,1000076
[RESULT] 18,128,3,1.720010519,1.537417412,500038,495977,1000076
[RESULT] 18,128,4,1.919046402,1.728075743,500038,495977,1000076
[RESULT] 18,128,5,1.536010742,1.344246626,500038,495977,1000076
[RESULT] 18,128,6,1.537822723,1.345141172,500038,495977,1000076
[RESULT] 18,128,7,1.537054777,1.344789505,500038,495977,1000076
[RESULT] 18,128,8,1.919997692,1.536118746,500038,495977,1000076
[RESULT] 18,128,9,1.707669735,1.152225256,500038,495977,1000076
[RESULT] 39,128,0,1.059978724,1.055141211,500001,496061,1000002
[RESULT] 39,128,1,1.064006090,1.059633493,500001,496061,1000002
[RESULT] 39,128,2,1.050109625,1.046122313,500001,496061,1000002
[RESULT] 39,128,3,1.060206413,1.056155205,500001,496061,1000002
[RESULT] 39,128,4,1.062421560,1.056169033,500001,496061,1000002
[RESULT] 39,128,5,1.060123682,1.056037426,500001,496061,1000002
[RESULT] 39,128,6,1.406089783,1.404008865,500001,496061,1000002
[RESULT] 39,128,7,1.412947416,1.408031702,500001,496061,1000002
[RESULT] 39,128,8,1.402998447,1.038057327,500001,496061,1000002
[RESULT] 39,128,9,1.485018492,1.400066853,500001,496061,1000002
[RESULT] 11,128,0,1.342066050,1.152166605,500017,496111,1000034
[RESULT] 11,128,1,1.923994541,1.538172483,500017,496111,1000034
[RESULT] 11,128,2,1.917002916,1.726162672,500017,496111,1000034
[RESULT] 11,128,3,1.730014086,1.536103964,500017,496111,1000034
[RESULT] 11,128,4,1.727041721,1.536166906,500017,496111,1000034
[RESULT] 11,128,5,1.344037533,1.152280092,500017,496111,1000034
[RESULT] 11,128,6,1.160965443,1.157179594,500017,496111,1000034
[RESULT] 11,128,7,1.155901432,1.152139187,500017,496111,1000034
[RESULT] 11,128,8,1.532049894,1.344112873,500017,496111,1000034
[RESULT] 11,128,9,1.711483955,1.150183678,500017,496111,1000034
[RESULT] 57,128,0,1.694994688,1.686132431,499899,495934,999798
[RESULT] 57,128,1,1.523205280,1.517238140,499899,495934,999798
[RESULT] 57,128,2,1.936980247,1.833282709,499899,495934,999798
[RESULT] 57,128,3,1.858992577,1.855098963,499899,495934,999798
[RESULT] 57,128,4,1.714992046,1.709244251,499899,495934,999798
[RESULT] 57,128,5,1.477238417,1.473288059,499899,495934,999798
[RESULT] 57,128,6,1.817996502,1.554106236,499899,495934,999798
[RESULT] 57,128,7,1.572330475,1.570138931,499899,495934,999798
[RESULT] 57,128,8,1.592990637,1.586271048,499899,495934,999798
[RESULT] 57,128,9,1.827391386,1.825212240,499899,495934,999798
[RESULT] 114,128,0,1.342059851,1.152285337,500294,496501,1000588
[RESULT] 114,128,1,1.919997692,1.538184166,500294,496501,1000588
[RESULT] 114,128,2,1.726022482,1.534393549,500294,496501,1000588
[RESULT] 114,128,3,1.536091089,1.344330788,500294,496501,1000588
[RESULT] 114,128,4,1.727030754,1.536116600,500294,496501,1000588
[RESULT] 114,128,5,1.531095982,1.344161510,500294,496501,1000588
[RESULT] 114,128,6,1.532032967,1.341136932,500294,496501,1000588
[RESULT] 114,128,7,1.540045023,1.345330954,500294,496501,1000588
[RESULT] 114,128,8,1.529058218,1.344124794,500294,496501,1000588
[RESULT] 114,128,9,1.559980154,1.145226955,500294,496501,1000588
[RESULT] 69,128,0,1.318984270,1.310091019,500097,496250,1000194
[RESULT] 69,128,1,1.833991528,1.577217579,500097,496250,1000194
[RESULT] 69,128,2,1.838989019,1.833228588,500097,496250,1000194
[RESULT] 69,128,3,1.573983192,1.571195364,500097,496250,1000194
[RESULT] 69,128,4,1.857969046,1.851086378,500097,496250,1000194
[RESULT] 69,128,5,1.335983515,1.330187559,500097,496250,1000194
[RESULT] 69,128,6,1.335660219,1.330228567,500097,496250,1000194
[RESULT] 69,128,7,1.600992203,1.338181496,500097,496250,1000194
[RESULT] 69,128,8,1.491040468,1.288171291,500097,496250,1000194
[RESULT] 69,128,9,1.858036041,1.599063873,500097,496250,1000194
[RESULT] 16,128,0,1.534077406,1.344168663,499904,495882,999808
[RESULT] 16,128,1,2.076000452,1.726197004,499904,495882,999808
[RESULT] 16,128,2,2.305016279,2.110112429,499904,495882,999808
[RESULT] 16,128,3,1.918064833,1.728126287,499904,495882,999808
[RESULT] 16,128,4,1.923897266,1.920103788,499904,495882,999808
[RESULT] 16,128,5,1.729013681,1.540144920,499904,495882,999808
[RESULT] 16,128,6,1.537068844,1.345267773,499904,495882,999808
[RESULT] 16,128,7,1.724014521,1.533136129,499904,495882,999808
[RESULT] 16,128,8,1.915994883,1.536109686,499904,495882,999808
[RESULT] 16,128,9,1.810021400,1.327085018,499904,495882,999808
[RESULT] 32,128,0,1.765986919,1.759022951,500042,496063,1000084
[RESULT] 32,128,1,1.790992975,1.785014868,500042,496063,1000084
[RESULT] 32,128,2,1.764514208,1.761011362,500042,496063,1000084
[RESULT] 32,128,3,1.399818659,1.397677660,500042,496063,1000084
[RESULT] 32,128,4,1.413053751,1.409286022,500042,496063,1000084
[RESULT] 32,128,5,1.418622017,1.415920734,500042,496063,1000084
[RESULT] 32,128,6,1.747717857,1.745021105,500042,496063,1000084
[RESULT] 32,128,7,1.762568712,1.760523796,500042,496063,1000084
[RESULT] 32,128,8,1.410998821,1.408920050,500042,496063,1000084
[RESULT] 32,128,9,2.114986897,2.108023643,500042,496063,1000084
[RESULT] 9,128,0,1.538075924,1.348195553,500244,496409,1000488
[RESULT] 9,128,1,2.115998507,1.723576307,500244,496409,1000488
[RESULT] 9,128,2,2.113079309,1.922193766,500244,496409,1000488
[RESULT] 9,128,3,1.918078184,1.728097439,500244,496409,1000488
[RESULT] 9,128,4,1.919063807,1.728184223,500244,496409,1000488
[RESULT] 9,128,5,1.914003134,1.536122084,500244,496409,1000488
[RESULT] 9,128,6,1.373039007,1.181209803,500244,496409,1000488
[RESULT] 9,128,7,1.345078945,1.152198792,500244,496409,1000488
[RESULT] 9,128,8,1.699992895,1.344105244,500244,496409,1000488
[RESULT] 9,128,9,1.789999723,1.327681065,500244,496409,1000488
[RESULT] 103,128,0,1.349996090,0.960238695,500017,496128,1000034
[RESULT] 103,128,1,1.532985926,1.346123219,500017,496128,1000034
[RESULT] 103,128,2,1.730059624,1.538328171,500017,496128,1000034
[RESULT] 103,128,3,1.536011219,1.344249487,500017,496128,1000034
[RESULT] 103,128,4,1.727023840,1.536087751,500017,496128,1000034
[RESULT] 103,128,5,1.531072617,1.344147682,500017,496128,1000034
[RESULT] 103,128,6,1.540016651,1.345093012,500017,496128,1000034
[RESULT] 103,128,7,1.536062241,1.345394135,500017,496128,1000034
[RESULT] 103,128,8,1.532025099,1.155126810,500017,496128,1000034
[RESULT] 103,128,9,1.353984594,0.940434933,500017,496128,1000034
[RESULT] 35,128,0,1.765985489,1.759009123,500089,496254,1000178
[RESULT] 35,128,1,1.779989481,1.774012804,500089,496254,1000178
[RESULT] 35,128,2,1.763994932,1.761016607,500089,496254,1000178
[RESULT] 35,128,3,1.410941601,1.408725739,500089,496254,1000178
[RESULT] 35,128,4,1.415228844,1.409017324,500089,496254,1000178
[RESULT] 35,128,5,1.419787645,1.415750027,500089,496254,1000178
[RESULT] 35,128,6,1.759612322,1.756018639,500089,496254,1000178
[RESULT] 35,128,7,1.764605761,1.760583639,500089,496254,1000178
[RESULT] 35,128,8,1.413963795,1.408777952,500089,496254,1000178
[RESULT] 35,128,9,2.107989073,2.100031137,500089,496254,1000178
[RESULT] 45,128,0,1.765069723,1.759015799,500249,496460,1000498
[RESULT] 45,128,1,1.768990993,1.763040066,500249,496460,1000498
[RESULT] 45,128,2,1.766207695,1.761021614,500249,496460,1000498
[RESULT] 45,128,3,1.763018847,1.760006428,500249,496460,1000498
[RESULT] 45,128,4,1.763329268,1.760006189,500249,496460,1000498
[RESULT] 45,128,5,1.772570133,1.767018557,500249,496460,1000498
[RESULT] 45,128,6,1.760573864,1.756045341,500249,496460,1000498
[RESULT] 45,128,7,1.763987303,1.760674000,500249,496460,1000498
[RESULT] 45,128,8,1.738059521,1.733019590,500249,496460,1000498
[RESULT] 45,128,9,1.750133514,1.748040199,500249,496460,1000498
[RESULT] 34,128,0,1.765980482,1.759017467,500135,496259,1000270
[RESULT] 34,128,1,1.779983997,1.774022579,500135,496259,1000270
[RESULT] 34,128,2,1.763979197,1.761024714,500135,496259,1000270
[RESULT] 34,128,3,1.410913229,1.408740044,500135,496259,1000270
[RESULT] 34,128,4,1.411527395,1.408858299,500135,496259,1000270
[RESULT] 34,128,5,1.417876005,1.415704727,500135,496259,1000270
[RESULT] 34,128,6,1.759423494,1.756031513,500135,496259,1000270
[RESULT] 34,128,7,1.762867451,1.760619879,500135,496259,1000270
[RESULT] 34,128,8,1.410946131,1.408731699,500135,496259,1000270
[RESULT] 34,128,9,2.191042185,2.108198404,500135,496259,1000270
[RESULT] 48,128,0,1.597958565,1.589184284,499937,496022,999874
[RESULT] 48,128,1,1.965968847,1.851251602,499937,496022,999874
[RESULT] 48,128,2,2.319973469,2.310168743,499937,496022,999874
[RESULT] 48,128,3,2.137935877,2.134083271,499937,496022,999874
[RESULT] 48,128,4,2.125948668,2.119090080,499937,496022,999874
[RESULT] 48,128,5,2.107968092,1.845167398,499937,496022,999874
[RESULT] 48,128,6,2.334961414,2.071058273,499937,496022,999874
[RESULT] 48,128,7,2.216961861,1.833237171,499937,496022,999874
[RESULT] 48,128,8,2.267940760,1.834084749,499937,496022,999874
[RESULT] 48,128,9,2.245958567,2.036200523,499937,496022,999874
[RESULT] 47,128,0,1.400984764,1.396050453,499936,496156,999872
[RESULT] 47,128,1,1.429988623,1.422061920,499936,496156,999872
[RESULT] 47,128,2,1.412979126,1.409051180,499936,496156,999872
[RESULT] 47,128,3,1.412979603,1.408034325,499936,496156,999872
[RESULT] 47,128,4,1.413955927,1.408069849,499936,496156,999872
[RESULT] 47,128,5,1.413988829,1.408038855,499936,496156,999872
[RESULT] 47,128,6,1.418122530,1.415075779,499936,496156,999872
[RESULT] 47,128,7,1.758596182,1.756071806,499936,496156,999872
[RESULT] 47,128,8,2.084986925,1.733029604,499936,496156,999872
[RESULT] 47,128,9,1.978003025,1.760061026,499936,496156,999872
[RESULT] 68,128,0,1.578024864,1.325722218,500154,496163,1000308
[RESULT] 68,128,1,2.104001045,1.847136974,500154,496163,1000308
[RESULT] 68,128,2,2.378986597,2.124091387,500154,496163,1000308
[RESULT] 68,128,3,2.107995272,1.853122234,500154,496163,1000308
[RESULT] 68,128,4,2.091989756,1.836161137,500154,496163,1000308
[RESULT] 68,128,5,1.850991964,1.588101864,500154,496163,1000308
[RESULT] 68,128,6,1.845996141,1.578115940,500154,496163,1000308
[RESULT] 68,128,7,1.839987278,1.585090399,500154,496163,1000308
[RESULT] 68,128,8,1.680012465,1.422184706,500154,496163,1000308
[RESULT] 68,128,9,2.268000364,1.866245747,500154,496163,1000308
[RESULT] 70,128,0,1.575999498,1.319141150,500114,496205,1000228
[RESULT] 70,128,1,1.889994383,1.627199173,500114,496205,1000228
[RESULT] 70,128,2,2.361992121,1.843158245,500114,496205,1000228
[RESULT] 70,128,3,1.998990297,1.576143742,500114,496205,1000228
[RESULT] 70,128,4,1.592271328,1.588212967,500114,496205,1000228
[RESULT] 70,128,5,1.318000078,1.310164452,500114,496205,1000228
[RESULT] 70,128,6,1.576075077,1.473097801,500114,496205,1000228
[RESULT] 70,128,7,1.734983683,1.316155434,500114,496205,1000228
[RESULT] 70,128,8,1.845007658,1.323235273,500114,496205,1000228
[RESULT] 70,128,9,2.111997366,1.847211361,500114,496205,1000228
