Synthetic Matrix (Weak Scaling): Rows/proc=10000 | Total rows=160000 | NNZ/row=~50 | Procs=16
Matrix distributed and converted to CSR
Ghost columns identified: 468852 total ghost values needed
Local vector initialized (size=10000 per process)
[RESULT] 4,16,0,0.009745359,0.006075859,499887,468827,999774
[RESULT] 4,16,1,0.009199142,0.005636930,499887,468827,999774
[RESULT] 4,16,2,0.009303331,0.005775928,499887,468827,999774
[RESULT] 4,16,3,0.008984804,0.005419970,499887,468827,999774
[RESULT] 4,16,4,0.008442163,0.004929543,499887,468827,999774
[RESULT] 4,16,5,0.008832216,0.005292892,499887,468827,999774
[RESULT] 4,16,6,0.008954287,0.005418301,499887,468827,999774
[RESULT] 4,16,7,0.008784056,0.005264044,499887,468827,999774
[RESULT] 4,16,8,0.009159803,0.005554438,499887,468827,999774
[RESULT] 4,16,9,0.008604050,0.005065203,499887,468827,999774
[RESULT] 13,16,0,0.010008812,0.006350040,499794,468657,999588
[RESULT] 13,16,1,0.008616447,0.005064726,499794,468657,999588
[RESULT] 13,16,2,0.008551836,0.005000591,499794,468657,999588
[RESULT] 13,16,3,0.008659124,0.005069256,499794,468657,999588
[RESULT] 13,16,4,0.009064436,0.005503416,499794,468657,999588
[RESULT] 13,16,5,0.008789062,0.005237818,499794,468657,999588
[RESULT] 13,16,6,0.008896589,0.005349159,499794,468657,999588
[RESULT] 13,16,7,0.009082556,0.005537510,499794,468657,999588
[RESULT] 13,16,8,0.008431435,0.004853010,499794,468657,999588
[RESULT] 13,16,9,0.008921385,0.005310297,499794,468657,999588
[RESULT] 15,16,0,0.011629820,0.006707907,499809,468597,999618
[RESULT] 15,16,1,0.009523392,0.005022049,499809,468597,999618
[RESULT] 15,16,2,0.010207415,0.005691528,499809,468597,999618
[RESULT] 15,16,3,0.009570837,0.005202055,499809,468597,999618
[RESULT] 15,16,4,0.010096312,0.005837679,499809,468597,999618
[RESULT] 15,16,5,0.009703875,0.005394697,499809,468597,999618
[RESULT] 15,16,6,0.010054111,0.005708933,499809,468597,999618
[RESULT] 15,16,7,0.008953810,0.004631758,499809,468597,999618
[RESULT] 15,16,8,0.009431124,0.005332470,499809,468597,999618
[RESULT] 15,16,9,0.009548903,0.005566835,499809,468597,999618
[RESULT] 5,16,0,0.011492729,0.006173134,500177,468950,1000354
[RESULT] 5,16,1,0.010217667,0.005185604,500177,468950,1000354
[RESULT] 5,16,2,0.010462046,0.005436897,500177,468950,1000354
[RESULT] 5,16,3,0.010469675,0.005530834,500177,468950,1000354
[RESULT] 5,16,4,0.009965658,0.005102158,500177,468950,1000354
[RESULT] 5,16,5,0.010529041,0.005604982,500177,468950,1000354
[RESULT] 5,16,6,0.010467529,0.005584955,500177,468950,1000354
[RESULT] 5,16,7,0.010328293,0.005381823,500177,468950,1000354
[RESULT] 5,16,8,0.010551929,0.005705595,500177,468950,1000354
[RESULT] 12,16,0,0.012066364,0.006429434,500307,469078,1000614
[RESULT] 12,16,1,0.009959459,0.004667997,500307,469078,1000614
[RESULT] 12,16,2,0.010860205,0.005582094,500307,469078,1000614
[RESULT] 12,16,3,0.010510921,0.005239964,500307,469078,1000614
[RESULT] 12,16,4,0.010720015,0.005474567,500307,469078,1000614
[RESULT] 12,16,5,0.010664701,0.005383730,500307,469078,1000614
[RESULT] 12,16,6,0.010460854,0.005224705,500307,469078,1000614
[RESULT] 5,16,9,0.010216713,0.005259514,500177,468950,1000354
[RESULT] 9,16,0,0.012222528,0.006972551,500244,468967,1000488
[RESULT] 9,16,1,0.010546923,0.005351782,500244,468967,1000488
[RESULT] 9,16,2,0.010862827,0.005741596,500244,468967,1000488
[RESULT] 9,16,3,0.010912418,0.005739689,500244,468967,1000488
[RESULT] 9,16,4,0.010771275,0.005650282,500244,468967,1000488
[RESULT] 9,16,5,0.010762215,0.005665541,500244,468967,1000488
[RESULT] 12,16,7,0.010518312,0.005239010,500307,469078,1000614
[RESULT] 12,16,8,0.010772228,0.005518198,500307,469078,1000614
[RESULT] 12,16,9,0.010254145,0.005018950,500307,469078,1000614
[RESULT] 9,16,6,0.010225058,0.005097151,500244,468967,1000488
[RESULT] 9,16,7,0.010786772,0.005655766,500244,468967,1000488
[RESULT] 9,16,8,0.010802031,0.005740166,500244,468967,1000488
[RESULT] 9,16,9,0.010281801,0.005109310,500244,468967,1000488
[RESULT] 1,16,0,0.011927128,0.006491184,499877,468467,999754
[RESULT] 1,16,1,0.010456085,0.005306005,499877,468467,999754
[RESULT] 1,16,2,0.010819912,0.005747318,499877,468467,999754
[RESULT] 1,16,3,0.010582447,0.005483150,499877,468467,999754
[RESULT] 1,16,4,0.010944843,0.005807877,499877,468467,999754
[RESULT] 1,16,5,0.010743380,0.005669117,499877,468467,999754
[RESULT] 1,16,6,0.010078907,0.005027294,499877,468467,999754
[RESULT] 1,16,7,0.009862661,0.004801273,499877,468467,999754
[RESULT] 1,16,8,0.010723114,0.005655289,499877,468467,999754
[RESULT] 1,16,9,0.010404348,0.005224943,499877,468467,999754
[RESULT] 0,16,0,0.012022257,0.006732464,500109,468852,1000218
[RESULT] 0,16,1,0.010109186,0.005063534,500109,468852,1000218
[RESULT] 0,16,2,0.010515928,0.005530834,500109,468852,1000218
[RESULT] 0,16,3,0.010422468,0.005422592,500109,468852,1000218
[RESULT] 0,16,4,0.010599375,0.005635738,500109,468852,1000218
[RESULT] 0,16,5,0.010504723,0.005574703,500109,468852,1000218
[RESULT] 0,16,6,0.009825706,0.004855633,500109,468852,1000218
[RESULT] 0,16,7,0.009640694,0.004697084,500109,468852,1000218
[RESULT] 0,16,8,0.010561228,0.005569935,500109,468852,1000218
[RESULT] 8,16,0,0.012133837,0.006710529,500107,468851,1000214
[RESULT] 8,16,1,0.010362387,0.005223036,500107,468851,1000214
[RESULT] 8,16,2,0.010657072,0.005467653,500107,468851,1000214
[RESULT] 8,16,3,0.010783672,0.005635262,500107,468851,1000214
[RESULT] 8,16,4,0.010608196,0.005482912,500107,468851,1000214
[RESULT] 0,16,9,0.010762215,0.005840063,500109,468852,1000218

Benchmark Summary
Processes: 16
Iterations: 10
Matrix NNZ: 8000036
Total execution time: 0.168 seconds
[RESULT] 8,16,5,0.010686874,0.005550861,500107,468851,1000214
[RESULT] 8,16,6,0.010776043,0.005663395,500107,468851,1000214
[RESULT] 8,16,7,0.010636806,0.005545855,500107,468851,1000214
[RESULT] 8,16,8,0.010344982,0.005237579,500107,468851,1000214
[RESULT] 8,16,9,0.010780096,0.005616426,500107,468851,1000214
[RESULT] 3,16,0,0.012365103,0.006813049,499898,468547,999796
[RESULT] 3,16,1,0.010918379,0.005512714,499898,468547,999796
[RESULT] 3,16,2,0.011122465,0.005576372,499898,468547,999796
[RESULT] 2,16,0,0.012449503,0.006799698,499748,468444,999496
[RESULT] 2,16,1,0.010914803,0.005455732,499748,468444,999496
[RESULT] 2,16,2,0.011221170,0.005720854,499748,468444,999496
[RESULT] 2,16,3,0.011135340,0.005666733,499748,468444,999496
[RESULT] 2,16,4,0.011197805,0.005604267,499748,468444,999496
[RESULT] 2,16,5,0.011204243,0.005755901,499748,468444,999496
[RESULT] 2,16,6,0.011078119,0.005537271,499748,468444,999496
[RESULT] 3,16,3,0.011153221,0.005745173,499898,468547,999796
[RESULT] 3,16,4,0.011110306,0.005494833,499898,468547,999796
[RESULT] 3,16,5,0.011256456,0.005818129,499898,468547,999796
[RESULT] 3,16,6,0.011022806,0.005630732,499898,468547,999796
[RESULT] 3,16,7,0.010860205,0.005408525,499898,468547,999796
[RESULT] 3,16,8,0.011222124,0.005798817,499898,468547,999796
[RESULT] 3,16,9,0.010964632,0.005521059,499898,468547,999796
[RESULT] 2,16,7,0.010938644,0.005483627,499748,468444,999496
[RESULT] 2,16,8,0.011079788,0.005547523,499748,468444,999496
[RESULT] 2,16,9,0.010982752,0.005558014,499748,468444,999496
[RESULT] 10,16,0,0.012521267,0.006906271,499829,468882,999658
[RESULT] 10,16,1,0.010933876,0.005483627,499829,468882,999658
[RESULT] 10,16,2,0.011287451,0.005782366,499829,468882,999658
[RESULT] 10,16,3,0.011211634,0.005593061,499829,468882,999658
[RESULT] 10,16,4,0.011283636,0.005819559,499829,468882,999658
[RESULT] 10,16,5,0.011180162,0.005693913,499829,468882,999658
[RESULT] 10,16,6,0.011116982,0.005606413,499829,468882,999658
[RESULT] 10,16,7,0.010920048,0.005428076,499829,468882,999658
[RESULT] 10,16,8,0.011229515,0.005695343,499829,468882,999658
[RESULT] 10,16,9,0.011026382,0.005589247,499829,468882,999658
[RESULT] 14,16,0,0.012413740,0.006821871,500214,469148,1000428
[RESULT] 14,16,1,0.011065006,0.005631924,500214,469148,1000428
[RESULT] 14,16,2,0.011234999,0.005771637,500214,469148,1000428
[RESULT] 14,16,3,0.011258364,0.005774260,500214,469148,1000428
[RESULT] 11,16,0,0.012517452,0.006835222,500017,468859,1000034
[RESULT] 11,16,1,0.010953903,0.005307198,500017,468859,1000034
[RESULT] 11,16,2,0.011298895,0.005691051,500017,468859,1000034
[RESULT] 11,16,3,0.011236191,0.005568504,500017,468859,1000034
[RESULT] 11,16,4,0.011290073,0.005628824,500017,468859,1000034
[RESULT] 14,16,4,0.011283159,0.005833387,500214,469148,1000428
[RESULT] 14,16,5,0.011303902,0.005842686,500214,469148,1000428
[RESULT] 14,16,6,0.011186361,0.005656481,500214,469148,1000428
[RESULT] 14,16,7,0.011046171,0.005647182,500214,469148,1000428
[RESULT] 14,16,8,0.011270046,0.005774736,500214,469148,1000428
[RESULT] 14,16,9,0.011082649,0.005656719,500214,469148,1000428
[RESULT] 7,16,0,0.012417078,0.006817818,500058,468786,1000116
[RESULT] 7,16,1,0.011004686,0.005475283,500058,468786,1000116
[RESULT] 7,16,2,0.011307478,0.005788326,500058,468786,1000116
[RESULT] 7,16,3,0.011279345,0.005727291,500058,468786,1000116
[RESULT] 7,16,4,0.011258602,0.005721569,500058,468786,1000116
[RESULT] 11,16,5,0.011066198,0.005339146,500017,468859,1000034
[RESULT] 11,16,6,0.011170864,0.005559921,500017,468859,1000034
[RESULT] 11,16,7,0.010905027,0.005316973,500017,468859,1000034
[RESULT] 11,16,8,0.011194944,0.005632639,500017,468859,1000034
[RESULT] 11,16,9,0.011096716,0.005549908,500017,468859,1000034
[RESULT] 7,16,5,0.011199951,0.005656481,500058,468786,1000116
[RESULT] 7,16,6,0.011176825,0.005704641,500058,468786,1000116
[RESULT] 7,16,7,0.010965109,0.005532503,500058,468786,1000116
[RESULT] 7,16,8,0.011154652,0.005593777,500058,468786,1000116
[RESULT] 7,16,9,0.011119127,0.005712748,500058,468786,1000116
[RESULT] 6,16,0,0.012601852,0.006891251,499961,468796,999922
[RESULT] 6,16,1,0.011011124,0.005314827,499961,468796,999922
[RESULT] 6,16,2,0.011410236,0.005775452,499961,468796,999922
[RESULT] 6,16,3,0.011270761,0.005573511,499961,468796,999922
[RESULT] 6,16,4,0.011418104,0.005694389,499961,468796,999922
[RESULT] 6,16,5,0.011259794,0.005559206,499961,468796,999922
[RESULT] 6,16,6,0.011249781,0.005582809,499961,468796,999922
[RESULT] 6,16,7,0.011085033,0.005451202,499961,468796,999922
[RESULT] 6,16,8,0.011285782,0.005581617,499961,468796,999922
[RESULT] 6,16,9,0.011211157,0.005595922,499961,468796,999922
