Synthetic Matrix (Weak Scaling): Rows/proc=10000 | Total rows=20000 | NNZ/row=~50 | Procs=2
Matrix distributed and converted to CSR
Ghost columns identified: 249636 total ghost values needed
Local vector initialized (size=10000 per process)
[RESULT] 0,2,0,0.002681494,0.002044916,500109,249636,1000218
[RESULT] 0,2,1,0.002645969,0.002002478,500109,249636,1000218
[RESULT] 0,2,2,0.002629042,0.001994848,500109,249636,1000218
[RESULT] 0,2,3,0.002621651,0.001991272,500109,249636,1000218
[RESULT] 0,2,4,0.002641201,0.002003908,500109,249636,1000218
[RESULT] 0,2,5,0.002626657,0.002005816,500109,249636,1000218
[RESULT] 0,2,6,0.002623558,0.001998901,500109,249636,1000218
[RESULT] 0,2,7,0.002632141,0.001995802,500109,249636,1000218
[RESULT] 0,2,8,0.002638340,0.002008200,500109,249636,1000218
[RESULT] 0,2,9,0.002632141,0.002001524,500109,249636,1000218

Benchmark Summary
Processes: 2
Iterations: 10
Matrix NNZ: 999986
Total execution time: 0.073 seconds
[RESULT] 1,2,0,0.003470182,0.002779961,499877,250129,999754
[RESULT] 1,2,1,0.003300905,0.002557755,499877,250129,999754
[RESULT] 1,2,2,0.003071785,0.002367973,499877,250129,999754
[RESULT] 1,2,3,0.003024101,0.002268076,499877,250129,999754
[RESULT] 1,2,4,0.002882957,0.002170086,499877,250129,999754
[RESULT] 1,2,5,0.002786160,0.002068758,499877,250129,999754
[RESULT] 1,2,6,0.002810478,0.002100945,499877,250129,999754
[RESULT] 1,2,7,0.002744198,0.002013683,499877,250129,999754
[RESULT] 1,2,8,0.002737999,0.002029181,499877,250129,999754
[RESULT] 1,2,9,0.002769232,0.002027512,499877,250129,999754
