Synthetic Matrix (Weak Scaling): Rows/proc=10000 | Total rows=1280000 | NNZ/row=~50 | Procs=128
Matrix distributed and converted to CSR
Ghost columns identified: 496292 total ghost values needed
Local vector initialized (size=10000 per process)
[RESULT] 59,128,0,0.315679550,0.304691553,500239,496305,1000478
[RESULT] 59,128,1,0.476562023,0.465724468,500239,496305,1000478
[RESULT] 59,128,2,0.473098040,0.461821318,500239,496305,1000478
[RESULT] 59,128,3,0.477533579,0.468927860,500239,496305,1000478
[RESULT] 59,128,4,0.480022907,0.468708277,500239,496305,1000478
[RESULT] 59,128,5,0.488064289,0.478701830,500239,496305,1000478
[RESULT] 59,128,6,0.513179779,0.499909401,500239,496305,1000478
[RESULT] 59,128,7,0.507446289,0.497017860,500239,496305,1000478
[RESULT] 59,128,8,0.676252604,0.664964914,500239,496305,1000478
[RESULT] 59,128,9,0.512348890,0.502016068,500239,496305,1000478
[RESULT] 62,128,0,0.313693047,0.304699421,499810,496028,999620
[RESULT] 62,128,1,0.475013971,0.465735674,499810,496028,999620
[RESULT] 62,128,2,0.473974228,0.461989403,499810,496028,999620
[RESULT] 62,128,3,0.473750830,0.465802670,499810,496028,999620
[RESULT] 71,128,0,0.323993921,0.305249929,500001,496015,1000002
[RESULT] 71,128,1,0.479581833,0.459462881,500001,496015,1000002
[RESULT] 71,128,2,0.489738941,0.460726500,500001,496015,1000002
[RESULT] 71,128,3,0.465422153,0.458058357,500001,496015,1000002
[RESULT] 71,128,4,0.470535994,0.462760925,500001,496015,1000002
[RESULT] 71,128,5,0.449596643,0.442012310,500001,496015,1000002
[RESULT] 71,128,6,0.512581587,0.499337435,500001,496015,1000002
[RESULT] 71,128,7,0.506076574,0.496992350,500001,496015,1000002
[RESULT] 71,128,8,0.676445723,0.662065983,500001,496015,1000002
[RESULT] 71,128,9,0.512495756,0.502924442,500001,496015,1000002
[RESULT] 62,128,4,0.476762056,0.467830181,499810,496028,999620
[RESULT] 62,128,5,0.486534119,0.478618145,499810,496028,999620
[RESULT] 62,128,6,0.512799025,0.499467850,499810,496028,999620
[RESULT] 62,128,7,0.506101847,0.497005701,499810,496028,999620
[RESULT] 62,128,8,0.674928665,0.665606022,499810,496028,999620
[RESULT] 62,128,9,0.512614965,0.503154993,499810,496028,999620
[RESULT] 53,128,0,0.316109419,0.304742575,500111,496193,1000222
[RESULT] 53,128,1,0.479895353,0.468878269,500111,496193,1000222
[RESULT] 53,128,2,0.502288818,0.489805698,500111,496193,1000222
[RESULT] 53,128,3,0.502063513,0.492379904,500111,496193,1000222
[RESULT] 53,128,4,0.480624199,0.468929529,500111,496193,1000222
[RESULT] 53,128,5,0.708650589,0.696348429,500111,496193,1000222
[RESULT] 53,128,6,0.511360407,0.499973774,500111,496193,1000222
[RESULT] 53,128,7,0.520105124,0.510541201,500111,496193,1000222
[RESULT] 53,128,8,0.674472332,0.663003445,500111,496193,1000222
[RESULT] 53,128,9,0.512701511,0.502164602,500111,496193,1000222
[RESULT] 55,128,0,0.314146280,0.305083513,500021,496103,1000042
[RESULT] 55,128,1,0.475331783,0.466058731,500021,496103,1000042
[RESULT] 55,128,2,0.501200914,0.489080906,500021,496103,1000042
[RESULT] 55,128,3,0.497224569,0.489379644,500021,496103,1000042
[RESULT] 55,128,4,0.478308916,0.469692230,500021,496103,1000042
[RESULT] 55,128,5,0.709017992,0.696418047,500021,496103,1000042
[RESULT] 55,128,6,0.508932352,0.500104427,500021,496103,1000042
[RESULT] 55,128,7,0.510102749,0.501245499,500021,496103,1000042
[RESULT] 55,128,8,0.674700737,0.665407181,500021,496103,1000042
[RESULT] 55,128,9,0.512783527,0.503275871,500021,496103,1000042
[RESULT] 97,128,0,0.334436417,0.312176943,500038,496101,1000076
[RESULT] 97,128,1,0.482990503,0.458171368,500038,496101,1000076
[RESULT] 97,128,2,0.520586252,0.476246595,500038,496101,1000076
[RESULT] 97,128,3,0.491464138,0.478692770,500038,496101,1000076
[RESULT] 97,128,4,0.499975681,0.476820707,500038,496101,1000076
[RESULT] 97,128,5,0.719099283,0.696381807,500038,496101,1000076
[RESULT] 97,128,6,0.497219563,0.487378597,500038,496101,1000076
[RESULT] 97,128,7,0.720430851,0.699325562,500038,496101,1000076
[RESULT] 97,128,8,0.676139116,0.656343937,500038,496101,1000076
[RESULT] 97,128,9,0.517784834,0.504872799,500038,496101,1000076
[RESULT] 84,128,0,0.319588661,0.311077118,499957,496153,999914
[RESULT] 84,128,1,0.470240593,0.461495638,499957,496153,999914
[RESULT] 84,128,2,0.478233576,0.466008186,499957,496153,999914
[RESULT] 84,128,3,0.477647066,0.468155622,499957,496153,999914
[RESULT] 84,128,4,0.477833748,0.467635393,499957,496153,999914
[RESULT] 84,128,5,0.462558270,0.452332973,499957,496153,999914
[RESULT] 84,128,6,0.500830412,0.488914490,499957,496153,999914
[RESULT] 84,128,7,0.504183531,0.494397879,499957,496153,999914
[RESULT] 84,128,8,0.675432682,0.665936947,499957,496153,999914
[RESULT] 84,128,9,0.513387442,0.503329277,499957,496153,999914
[RESULT] 56,128,0,0.315489054,0.304387331,499810,495961,999620
[RESULT] 56,128,1,0.476793528,0.465840101,499810,495961,999620
[RESULT] 56,128,2,0.482535839,0.471696377,499810,495961,999620
[RESULT] 56,128,3,0.483032703,0.474861383,499810,495961,999620
[RESULT] 85,128,0,0.321809530,0.312042952,500033,496207,1000066
[RESULT] 85,128,1,0.471213102,0.461488962,500033,496207,1000066
[RESULT] 85,128,2,0.480453968,0.466997385,500033,496207,1000066
[RESULT] 85,128,3,0.480271339,0.470678329,500033,496207,1000066
[RESULT] 85,128,4,0.477853298,0.467620850,500033,496207,1000066
[RESULT] 85,128,5,0.462379217,0.452198744,500033,496207,1000066
[RESULT] 56,128,4,0.480986118,0.469429016,499810,495961,999620
[RESULT] 56,128,5,0.488332033,0.478731871,499810,495961,999620
[RESULT] 56,128,6,0.514003277,0.500059128,499810,495961,999620
[RESULT] 56,128,7,0.507680416,0.497006655,499810,495961,999620
[RESULT] 56,128,8,0.674240589,0.662947893,499810,495961,999620
[RESULT] 56,128,9,0.513565779,0.503047466,499810,495961,999620
[RESULT] 72,128,0,0.322556973,0.312699556,499838,495920,999676
[RESULT] 72,128,1,0.471483946,0.461538792,499838,495920,999676
[RESULT] 72,128,2,0.480556726,0.466855526,499838,495920,999676
[RESULT] 72,128,3,0.482188225,0.472059488,499838,495920,999676
[RESULT] 72,128,4,0.477304220,0.466999769,499838,495920,999676
[RESULT] 72,128,5,0.462631941,0.452361345,499838,495920,999676
[RESULT] 72,128,6,0.512384653,0.499902725,499838,495920,999676
[RESULT] 57,128,0,0.316444635,0.305012941,499899,495934,999798
[RESULT] 57,128,1,0.477046013,0.465819120,499899,495934,999798
[RESULT] 57,128,2,0.474635839,0.461994886,499899,495934,999798
[RESULT] 57,128,3,0.478029490,0.468877792,499899,495934,999798
[RESULT] 57,128,4,0.480885983,0.469120026,499899,495934,999798
[RESULT] 85,128,6,0.500130892,0.488122225,500033,496207,1000066
[RESULT] 85,128,7,0.504284382,0.494394302,500033,496207,1000066
[RESULT] 85,128,8,0.675948620,0.666084290,500033,496207,1000066
[RESULT] 85,128,9,0.514024496,0.503816843,500033,496207,1000066
[RESULT] 57,128,5,0.488493443,0.478750467,499899,495934,999798
[RESULT] 57,128,6,0.514201641,0.500072002,499899,495934,999798
[RESULT] 57,128,7,0.507694721,0.496992111,499899,495934,999798
[RESULT] 57,128,8,0.674792528,0.663190842,499899,495934,999798
[RESULT] 57,128,9,0.513861656,0.503167152,499899,495934,999798
[RESULT] 72,128,7,0.507094860,0.497114420,499838,495920,999676
[RESULT] 72,128,8,0.676149607,0.666192055,499838,495920,999676
[RESULT] 72,128,9,0.514109612,0.503875494,499838,495920,999676
[RESULT] 67,128,0,0.318415642,0.305299997,499977,496019,999954
[RESULT] 67,128,1,0.476945877,0.464119196,499977,496019,999954
[RESULT] 67,128,2,0.478873491,0.462031364,499977,496019,999954
[RESULT] 67,128,3,0.464694738,0.453863382,499977,496019,999954
[RESULT] 67,128,4,0.480534315,0.467848063,499977,496019,999954
[RESULT] 73,128,0,0.331044912,0.312869310,499873,495954,999746
[RESULT] 73,128,1,0.480006933,0.460901022,499873,495954,999746
[RESULT] 73,128,2,0.498619080,0.466437817,499873,495954,999746
[RESULT] 73,128,3,0.482113838,0.472102404,499873,495954,999746
[RESULT] 73,128,4,0.476857901,0.466758966,499873,495954,999746
[RESULT] 73,128,5,0.462548971,0.452375174,499873,495954,999746
[RESULT] 73,128,6,0.511688232,0.499245167,499873,495954,999746
[RESULT] 73,128,7,0.506074429,0.496075630,499873,495954,999746
[RESULT] 73,128,8,0.680549145,0.666202307,499873,495954,999746
[RESULT] 73,128,9,0.514025927,0.503842592,499873,495954,999746
[RESULT] 67,128,5,0.453084469,0.442066669,499977,496019,999954
[RESULT] 67,128,6,0.516480446,0.499748468,499977,496019,999954
[RESULT] 67,128,7,0.509276152,0.496789455,499977,496019,999954
[RESULT] 67,128,8,0.675307512,0.662736893,499977,496019,999954
[RESULT] 67,128,9,0.514542341,0.502020121,499977,496019,999954
[RESULT] 74,128,0,0.331734419,0.312574148,500014,496097,1000028
[RESULT] 74,128,1,0.480078697,0.460491657,500014,496097,1000028
[RESULT] 74,128,2,0.499078512,0.467565775,500014,496097,1000028
[RESULT] 74,128,3,0.482265711,0.472803831,500014,496097,1000028
[RESULT] 74,128,4,0.476424456,0.466399193,500014,496097,1000028
[RESULT] 74,128,5,0.462436914,0.452286005,500014,496097,1000028
[RESULT] 74,128,6,0.512107611,0.499581099,500014,496097,1000028
[RESULT] 74,128,7,0.506981134,0.496985674,500014,496097,1000028
[RESULT] 74,128,8,0.680727720,0.666228056,500014,496097,1000028
[RESULT] 74,128,9,0.514037609,0.503913403,500014,496097,1000028
[RESULT] 69,128,0,0.318886757,0.305287123,500097,496250,1000194
[RESULT] 92,128,0,0.320677757,0.311127901,499942,495978,999884
[RESULT] 92,128,1,0.471610308,0.461754799,499942,495978,999884
[RESULT] 92,128,2,0.482855797,0.469016790,499942,495978,999884
[RESULT] 92,128,3,0.483917475,0.473951101,499942,495978,999884
[RESULT] 92,128,4,0.477940321,0.467682600,499942,495978,999884
[RESULT] 92,128,5,0.462132454,0.451954365,499942,495978,999884
[RESULT] 92,128,6,0.496147394,0.484396696,499942,495978,999884
[RESULT] 92,128,7,0.503630400,0.493860006,499942,495978,999884
[RESULT] 92,128,8,0.675868273,0.665951252,499942,495978,999884
[RESULT] 92,128,9,0.514115572,0.503857613,499942,495978,999884
[RESULT] 66,128,0,0.319141150,0.305318832,499860,495968,999720
[RESULT] 66,128,1,0.477186680,0.464165926,499860,495968,999720
[RESULT] 81,128,0,0.334224463,0.312125444,499767,495786,999534
[RESULT] 81,128,1,0.483830929,0.461575508,499767,495786,999534
[RESULT] 81,128,2,0.499144554,0.465933561,499767,495786,999534
[RESULT] 81,128,3,0.476906776,0.467594624,499767,495786,999534
[RESULT] 81,128,4,0.477842093,0.467420101,499767,495786,999534
[RESULT] 81,128,5,0.462883711,0.452406645,499767,495786,999534
[RESULT] 69,128,1,0.477002144,0.464117527,500097,496250,1000194
[RESULT] 69,128,2,0.480122089,0.462051868,500097,496250,1000194
[RESULT] 69,128,3,0.471177816,0.458066940,500097,496250,1000194
[RESULT] 69,128,4,0.481275797,0.468621016,500097,496250,1000194
[RESULT] 69,128,5,0.455563784,0.442054272,500097,496250,1000194
[RESULT] 69,128,6,0.516551495,0.499967575,500097,496250,1000194
[RESULT] 69,128,7,0.509740829,0.497135878,500097,496250,1000194
[RESULT] 69,128,8,0.678258181,0.665601492,500097,496250,1000194
[RESULT] 81,128,6,0.503540039,0.491130590,499767,495786,999534
[RESULT] 81,128,7,0.504264116,0.494427204,499767,495786,999534
[RESULT] 81,128,8,0.675779104,0.666184902,499767,495786,999534
[RESULT] 81,128,9,0.514212608,0.503906965,499767,495786,999534
[RESULT] 66,128,2,0.480042696,0.461992502,499860,495968,999720
[RESULT] 66,128,3,0.468658209,0.455502987,499860,495968,999720
[RESULT] 66,128,4,0.481838703,0.469195366,499860,495968,999720
[RESULT] 66,128,5,0.455266476,0.442078352,499860,495968,999720
[RESULT] 66,128,6,0.516613483,0.500036240,499860,495968,999720
[RESULT] 66,128,7,0.509726763,0.496919394,499860,495968,999720
[RESULT] 66,128,8,0.677670717,0.664508343,499860,495968,999720
[RESULT] 78,128,0,0.332409620,0.312164068,500035,496065,1000070
[RESULT] 78,128,1,0.481064081,0.460302353,500035,496065,1000070
[RESULT] 78,128,2,0.498084068,0.465583086,500035,496065,1000070
[RESULT] 78,128,3,0.481192350,0.471282959,500035,496065,1000070
[RESULT] 78,128,4,0.476911783,0.466649055,500035,496065,1000070
[RESULT] 78,128,5,0.462414503,0.452126980,500035,496065,1000070
[RESULT] 78,128,6,0.511639833,0.498918056,500035,496065,1000070
[RESULT] 78,128,7,0.506996632,0.496851683,500035,496065,1000070
[RESULT] 78,128,8,0.680745840,0.666159153,500035,496065,1000070
[RESULT] 78,128,9,0.514261007,0.503919363,500035,496065,1000070
[RESULT] 69,128,9,0.515293837,0.501997948,500097,496250,1000194
[RESULT] 75,128,0,0.322725058,0.312121391,499907,495994,999814
[RESULT] 75,128,1,0.471512794,0.460883379,499907,495994,999814
[RESULT] 75,128,2,0.481441021,0.466514349,499907,495994,999814
[RESULT] 75,128,3,0.483333826,0.471689463,499907,495994,999814
[RESULT] 75,128,4,0.479426861,0.466676950,499907,495994,999814
[RESULT] 66,128,9,0.515443087,0.502026796,499860,495968,999720
[RESULT] 75,128,5,0.462677717,0.452338219,499907,495994,999814
[RESULT] 75,128,6,0.513913631,0.499825239,499907,495994,999814
[RESULT] 75,128,7,0.507802010,0.497024775,499907,495994,999814
[RESULT] 75,128,8,0.676402330,0.666087866,499907,495994,999814
[RESULT] 75,128,9,0.514305353,0.503866196,499907,495994,999814
[RESULT] 64,128,0,0.318280458,0.305392742,499983,496028,999966
[RESULT] 64,128,1,0.476743698,0.464088202,499983,496028,999966
[RESULT] 64,128,2,0.478692055,0.462056160,499983,496028,999966
[RESULT] 64,128,3,0.466273546,0.455507994,499983,496028,999966
[RESULT] 64,128,4,0.481487513,0.468854189,499983,496028,999966
[RESULT] 79,128,0,0.324340820,0.312024355,499867,495893,999734
[RESULT] 79,128,1,0.475083828,0.461124182,499867,495893,999734
[RESULT] 79,128,2,0.485538721,0.468848944,499867,495893,999734
[RESULT] 79,128,3,0.484351397,0.472017527,499867,495893,999734
[RESULT] 79,128,4,0.480554342,0.467792273,499867,495893,999734
[RESULT] 79,128,5,0.462799311,0.452265739,499867,495893,999734
[RESULT] 79,128,6,0.509666443,0.495819569,499867,495893,999734
[RESULT] 79,128,7,0.507609844,0.496591806,499867,495893,999734
[RESULT] 79,128,8,0.676618099,0.666095734,499867,495893,999734
[RESULT] 64,128,5,0.452939987,0.442100763,499983,496028,999966
[RESULT] 64,128,6,0.516221523,0.499675035,499983,496028,999966
[RESULT] 64,128,7,0.509623289,0.497299671,499983,496028,999966
[RESULT] 64,128,8,0.678314209,0.665676832,499983,496028,999966
[RESULT] 64,128,9,0.515718937,0.503186703,499983,496028,999966
[RESULT] 79,128,9,0.514346123,0.503672600,499867,495893,999734
[RESULT] 65,128,0,0.316284418,0.305323362,499945,496055,999890
[RESULT] 65,128,1,0.474711895,0.464207172,499945,496055,999890
[RESULT] 65,128,2,0.472622156,0.461329460,499945,496055,999890
[RESULT] 65,128,3,0.463572025,0.455492496,499945,496055,999890
[RESULT] 76,128,0,0.323315620,0.312797070,499921,496005,999842
[RESULT] 76,128,1,0.471348047,0.460782766,499921,496005,999842
[RESULT] 76,128,2,0.482253790,0.467361689,499921,496005,999842
[RESULT] 76,128,3,0.482413292,0.472326279,499921,496005,999842
[RESULT] 76,128,4,0.476773500,0.466648579,499921,496005,999842
[RESULT] 76,128,5,0.462879896,0.452375174,499921,496005,999842
[RESULT] 65,128,4,0.480922222,0.469636917,499945,496055,999890
[RESULT] 65,128,5,0.450438976,0.442091942,499945,496055,999890
[RESULT] 65,128,6,0.513093948,0.500048637,499945,496055,999890
[RESULT] 65,128,7,0.507330894,0.496858597,499945,496055,999890
[RESULT] 65,128,8,0.676717997,0.665483952,499945,496055,999890
[RESULT] 65,128,9,0.516057253,0.503964424,499945,496055,999890
[RESULT] 76,128,6,0.513780832,0.499555111,499921,496005,999842
[RESULT] 76,128,7,0.506337881,0.495604753,499921,496005,999842
[RESULT] 76,128,8,0.676769733,0.666197062,499921,496005,999842
[RESULT] 76,128,9,0.514295578,0.503818989,499921,496005,999842
[RESULT] 68,128,0,0.318140745,0.305296183,500154,496163,1000308
[RESULT] 68,128,1,0.476661921,0.464084148,500154,496163,1000308
[RESULT] 68,128,2,0.478471518,0.461951256,500154,496163,1000308
[RESULT] 68,128,3,0.461680889,0.451597691,500154,496163,1000308
[RESULT] 68,128,4,0.474215984,0.463616371,500154,496163,1000308
[RESULT] 68,128,5,0.452788830,0.442063332,500154,496163,1000308
[RESULT] 68,128,6,0.515481949,0.499048233,500154,496163,1000308
[RESULT] 68,128,7,0.509256840,0.497052670,500154,496163,1000308
[RESULT] 68,128,8,0.675548792,0.663149834,500154,496163,1000308
[RESULT] 68,128,9,0.516128302,0.503764868,500154,496163,1000308
[RESULT] 77,128,0,0.322183609,0.311599255,500055,496124,1000110
[RESULT] 77,128,1,0.471929550,0.461245775,500055,496124,1000110
[RESULT] 77,128,2,0.479687452,0.464935541,500055,496124,1000110
[RESULT] 77,128,3,0.477370024,0.468065739,500055,496124,1000110
[RESULT] 63,128,0,0.319005013,0.305309296,499746,495681,999492
[RESULT] 63,128,1,0.477426529,0.464209318,499746,495681,999492
[RESULT] 63,128,2,0.479855776,0.461826563,499746,495681,999492
[RESULT] 77,128,4,0.477769613,0.467466116,500055,496124,1000110
[RESULT] 77,128,5,0.462947130,0.452328444,500055,496124,1000110
[RESULT] 77,128,6,0.513401270,0.499016047,500055,496124,1000110
[RESULT] 77,128,7,0.507388353,0.496857166,500055,496124,1000110
[RESULT] 77,128,8,0.676787853,0.666188478,500055,496124,1000110
[RESULT] 77,128,9,0.514552832,0.503908396,500055,496124,1000110
[RESULT] 63,128,3,0.477545023,0.465846300,499746,495681,999492
[RESULT] 63,128,4,0.480592489,0.467548609,499746,495681,999492
[RESULT] 63,128,5,0.489518881,0.478667974,499746,495681,999492
[RESULT] 63,128,6,0.516794205,0.500036478,499746,495681,999492
[RESULT] 63,128,7,0.510001183,0.497045994,499746,495681,999492
[RESULT] 63,128,8,0.678384781,0.665408850,499746,495681,999492
[RESULT] 63,128,9,0.516177416,0.502110004,499746,495681,999492
[RESULT] 87,128,0,0.324732065,0.311379910,499779,495867,999558
[RESULT] 87,128,1,0.475009918,0.461447477,499779,495867,999558
[RESULT] 87,128,2,0.485182047,0.468642235,499779,495867,999558
[RESULT] 87,128,3,0.478559732,0.466463327,499779,495867,999558
[RESULT] 87,128,4,0.481293917,0.467941761,499779,495867,999558
[RESULT] 87,128,5,0.465640545,0.452385664,499779,495867,999558
[RESULT] 87,128,6,0.503985167,0.487723351,499779,495867,999558
[RESULT] 87,128,7,0.507076740,0.494146109,499779,495867,999558
[RESULT] 87,128,8,0.679392338,0.666162729,499779,495867,999558
[RESULT] 87,128,9,0.517122507,0.503793240,499779,495867,999558
[RESULT] 58,128,0,0.317882538,0.304929733,500063,496057,1000126
[RESULT] 58,128,1,0.478357077,0.465711117,500063,496057,1000126
[RESULT] 58,128,2,0.478604794,0.461931467,500063,496057,1000126
[RESULT] 58,128,3,0.479216099,0.468859434,500063,496057,1000126
[RESULT] 58,128,4,0.481969357,0.469363451,500063,496057,1000126
[RESULT] 82,128,0,0.325557232,0.312412262,499874,496069,999748
[RESULT] 82,128,1,0.475000381,0.461518288,499874,496069,999748
[RESULT] 82,128,2,0.483692169,0.466815472,499874,496069,999748
[RESULT] 82,128,3,0.478766203,0.466674566,499874,496069,999748
[RESULT] 82,128,4,0.481287956,0.467962027,499874,496069,999748
[RESULT] 82,128,5,0.465609789,0.452403069,499874,496069,999748
[RESULT] 82,128,6,0.505021811,0.488920927,499874,496069,999748
[RESULT] 82,128,7,0.507284641,0.494428396,499874,496069,999748
[RESULT] 82,128,8,0.679358721,0.666143179,499874,496069,999748
[RESULT] 82,128,9,0.517219782,0.503920794,499874,496069,999748
[RESULT] 58,128,5,0.489197493,0.478706121,500063,496057,1000126
[RESULT] 58,128,6,0.516236782,0.499653578,500063,496057,1000126
[RESULT] 58,128,7,0.509513378,0.497124672,500063,496057,1000126
[RESULT] 58,128,8,0.678042173,0.665338516,500063,496057,1000126
[RESULT] 58,128,9,0.516326427,0.503801823,500063,496057,1000126
[RESULT] 88,128,0,0.324117661,0.310858727,500026,496074,1000052
[RESULT] 88,128,1,0.475307226,0.461804867,500026,496074,1000052
[RESULT] 88,128,2,0.484944820,0.468174696,500026,496074,1000052
[RESULT] 88,128,3,0.484193563,0.471949100,500026,496074,1000052
[RESULT] 88,128,4,0.481086969,0.467655659,500026,496074,1000052
[RESULT] 88,128,5,0.465584278,0.452294350,500026,496074,1000052
[RESULT] 88,128,6,0.500773907,0.484474182,500026,496074,1000052
[RESULT] 88,128,7,0.507245064,0.494324684,500026,496074,1000052
[RESULT] 88,128,8,0.679413319,0.666118145,500026,496074,1000052
[RESULT] 88,128,9,0.517263412,0.503909826,500026,496074,1000052
[RESULT] 61,128,0,0.318564653,0.304977179,500134,496131,1000268
[RESULT] 61,128,1,0.478356361,0.465683222,500134,496131,1000268
[RESULT] 61,128,2,0.479799509,0.462018013,500134,496131,1000268
[RESULT] 61,128,3,0.477420330,0.465839148,500134,496131,1000268
[RESULT] 61,128,4,0.481789351,0.469185352,500134,496131,1000268
[RESULT] 61,128,5,0.489277601,0.478678942,500134,496131,1000268
[RESULT] 95,128,0,0.325002909,0.311411381,499760,495839,999520
[RESULT] 95,128,1,0.475535154,0.461847544,499760,495839,999520
[RESULT] 95,128,2,0.482211113,0.464998245,499760,495839,999520
[RESULT] 95,128,3,0.477713823,0.465631247,499760,495839,999520
[RESULT] 95,128,4,0.481839418,0.468256474,499760,495839,999520
[RESULT] 95,128,5,0.465638638,0.452100754,499760,495839,999520
[RESULT] 95,128,6,0.500801563,0.484188795,499760,495839,999520
[RESULT] 95,128,7,0.500245333,0.489264011,499760,495839,999520
[RESULT] 95,128,8,0.679444551,0.665890455,499760,495839,999520
[RESULT] 95,128,9,0.517243147,0.503640890,499760,495839,999520
[RESULT] 54,128,0,0.319191933,0.305000782,499939,495978,999878
[RESULT] 54,128,1,0.479179859,0.466344595,499939,495978,999878
[RESULT] 54,128,2,0.502046585,0.488924742,499939,495978,999878
[RESULT] 54,128,3,0.500445366,0.491142035,499939,495978,999878
[RESULT] 54,128,4,0.482382774,0.469569921,499939,495978,999878
[RESULT] 54,128,5,0.710739374,0.696337700,499939,495978,999878
[RESULT] 54,128,6,0.512702227,0.500058889,499939,495978,999878
[RESULT] 54,128,7,0.517973900,0.508703947,499939,495978,999878
[RESULT] 54,128,8,0.676788807,0.663142443,499939,495978,999878
[RESULT] 54,128,9,0.517102480,0.503205299,499939,495978,999878
[RESULT] 90,128,0,0.325120449,0.311715364,499997,496004,999994
[RESULT] 90,128,1,0.477231264,0.464608908,499997,496004,999994
[RESULT] 90,128,2,0.482429504,0.465440750,499997,496004,999994
[RESULT] 90,128,3,0.484162807,0.471887827,499997,496004,999994
[RESULT] 90,128,4,0.481132269,0.467662334,499997,496004,999994
[RESULT] 90,128,5,0.465277433,0.451977015,499997,496004,999994
[RESULT] 90,128,6,0.500770807,0.484388590,499997,496004,999994
[RESULT] 90,128,7,0.507284164,0.494302273,499997,496004,999994
[RESULT] 90,128,8,0.679426670,0.666090727,499997,496004,999994
[RESULT] 90,128,9,0.517312050,0.503905058,499997,496004,999994
[RESULT] 61,128,6,0.516633987,0.500111580,500134,496131,1000268
[RESULT] 61,128,7,0.508873701,0.496237993,500134,496131,1000268
[RESULT] 61,128,8,0.677234173,0.664158344,500134,496131,1000268
[RESULT] 61,128,9,0.517087936,0.503335953,500134,496131,1000268
[RESULT] 93,128,0,0.324575663,0.311196089,500158,496218,1000316
[RESULT] 93,128,1,0.475395679,0.461861134,500158,496218,1000316
[RESULT] 93,128,2,0.482702971,0.465660572,500158,496218,1000316
[RESULT] 93,128,3,0.480275631,0.467801571,500158,496218,1000316
[RESULT] 93,128,4,0.482770681,0.469929218,500158,496218,1000316
[RESULT] 93,128,5,0.465696335,0.452370167,500158,496218,1000316
[RESULT] 93,128,6,0.500743151,0.484342813,500158,496218,1000316
[RESULT] 93,128,7,0.507235527,0.494225025,500158,496218,1000316
[RESULT] 93,128,8,0.678837061,0.665520191,500158,496218,1000316
[RESULT] 93,128,9,0.517272949,0.503845930,500158,496218,1000316
[RESULT] 60,128,0,0.318763256,0.304989576,500226,496253,1000452
[RESULT] 60,128,1,0.478406191,0.465692997,500226,496253,1000452
[RESULT] 60,128,2,0.479881287,0.462026596,500226,496253,1000452
[RESULT] 60,128,3,0.479827881,0.468841314,500226,496253,1000452
[RESULT] 60,128,4,0.481201649,0.468591690,500226,496253,1000452
[RESULT] 60,128,5,0.489123583,0.478651047,500226,496253,1000452
[RESULT] 80,128,0,0.325160980,0.311663389,500178,496282,1000356
[RESULT] 80,128,1,0.474707842,0.460864067,500178,496282,1000356
[RESULT] 80,128,2,0.481310368,0.464330196,500178,496282,1000356
[RESULT] 80,128,3,0.484671831,0.472351074,500178,496282,1000356
[RESULT] 80,128,4,0.480357170,0.466607809,500178,496282,1000356
[RESULT] 80,128,5,0.465763569,0.452393532,500178,496282,1000356
[RESULT] 80,128,6,0.507111311,0.491430283,500178,496282,1000356
[RESULT] 80,128,7,0.507525682,0.494455099,500178,496282,1000356
[RESULT] 80,128,8,0.679577827,0.666119099,500178,496282,1000356
[RESULT] 80,128,9,0.517443180,0.503931522,500178,496282,1000356
[RESULT] 60,128,6,0.516500235,0.500042439,500226,496253,1000452
[RESULT] 60,128,7,0.509623528,0.497202396,500226,496253,1000452
[RESULT] 60,128,8,0.676336050,0.663181067,500226,496253,1000452
[RESULT] 60,128,9,0.517327309,0.504002094,500226,496253,1000452
[RESULT] 89,128,0,0.325573683,0.312187195,499898,495932,999796
[RESULT] 89,128,1,0.475449085,0.461780310,499898,495932,999796
[RESULT] 89,128,2,0.481566429,0.464501143,499898,495932,999796
[RESULT] 89,128,3,0.485940695,0.474050522,499898,495932,999796
[RESULT] 89,128,4,0.481181145,0.467625380,499898,495932,999796
[RESULT] 89,128,5,0.465597630,0.452177525,499898,495932,999796
[RESULT] 89,128,6,0.500908375,0.484442472,499898,495932,999796
[RESULT] 89,128,7,0.507400990,0.494278669,499898,495932,999796
[RESULT] 89,128,8,0.679618597,0.666191101,499898,495932,999796
[RESULT] 89,128,9,0.517482281,0.503956318,499898,495932,999796
[RESULT] 70,128,0,0.324836731,0.305266619,500114,496205,1000228
[RESULT] 70,128,1,0.485641956,0.460697889,500114,496205,1000228
[RESULT] 70,128,2,0.494345188,0.461987495,500114,496205,1000228
[RESULT] 70,128,3,0.466812372,0.458077669,500114,496205,1000228
[RESULT] 70,128,4,0.478484869,0.467136860,500114,496205,1000228
[RESULT] 70,128,5,0.451187134,0.442038059,500114,496205,1000228
[RESULT] 70,128,6,0.515546083,0.499964952,500114,496205,1000228
[RESULT] 70,128,7,0.508123398,0.497157097,500114,496205,1000228
[RESULT] 70,128,8,0.677176952,0.665424109,500114,496205,1000228
[RESULT] 70,128,9,0.518467903,0.503031254,500114,496205,1000228
[RESULT] 91,128,0,0.324759245,0.311326027,500042,496081,1000084
[RESULT] 91,128,1,0.475298882,0.461758137,500042,496081,1000084
[RESULT] 91,128,2,0.481431961,0.464471102,500042,496081,1000084
[RESULT] 91,128,3,0.480377436,0.467855930,500042,496081,1000084
[RESULT] 91,128,4,0.481150389,0.467705250,500042,496081,1000084
[RESULT] 91,128,5,0.465466499,0.452106714,500042,496081,1000084
[RESULT] 91,128,6,0.500757456,0.484374046,500042,496081,1000084
[RESULT] 91,128,7,0.505666733,0.492829561,500042,496081,1000084
[RESULT] 91,128,8,0.679392338,0.666024923,500042,496081,1000084
[RESULT] 91,128,9,0.517355919,0.503928661,500042,496081,1000084
[RESULT] 94,128,0,0.325053453,0.311573744,499903,495930,999806
[RESULT] 94,128,1,0.475367785,0.461815834,499903,495930,999806
[RESULT] 94,128,2,0.482162237,0.465080976,499903,495930,999806
[RESULT] 94,128,3,0.480963230,0.468379974,499903,495930,999806
[RESULT] 94,128,4,0.481217623,0.467714310,499903,495930,999806
[RESULT] 94,128,5,0.465216398,0.451864243,499903,495930,999806
[RESULT] 94,128,6,0.500927925,0.484463692,499903,495930,999806
[RESULT] 94,128,7,0.506644726,0.493606329,499903,495930,999806
[RESULT] 94,128,8,0.679317474,0.665894985,499903,495930,999806
[RESULT] 94,128,9,0.517414570,0.503923416,499903,495930,999806
[RESULT] 83,128,0,0.325281620,0.311569452,499977,496107,999954
[RESULT] 83,128,1,0.475495338,0.461510897,499977,496107,999954
[RESULT] 83,128,2,0.489284992,0.473992586,499977,496107,999954
[RESULT] 83,128,3,0.486152172,0.474035025,499977,496107,999954
[RESULT] 83,128,4,0.481402159,0.467642307,499977,496107,999954
[RESULT] 83,128,5,0.466029644,0.452407360,499977,496107,999954
[RESULT] 83,128,6,0.505412102,0.488968849,499977,496107,999954
[RESULT] 83,128,7,0.507688284,0.494414568,499977,496107,999954
[RESULT] 83,128,8,0.679799318,0.666165352,499977,496107,999954
[RESULT] 83,128,9,0.517549038,0.503840923,499977,496107,999954
[RESULT] 86,128,0,0.325423956,0.311815739,500138,496391,1000276
[RESULT] 86,128,1,0.475346804,0.461478949,500138,496391,1000276
[RESULT] 86,128,2,0.481687784,0.464654684,500138,496391,1000276
[RESULT] 86,128,3,0.482460260,0.469768047,500138,496391,1000276
[RESULT] 86,128,4,0.481355667,0.467618465,500138,496391,1000276
[RESULT] 86,128,5,0.465878725,0.452312231,500138,496391,1000276
[RESULT] 86,128,6,0.504385710,0.487812996,500138,496391,1000276
[RESULT] 86,128,7,0.507575750,0.494322538,500138,496391,1000276
[RESULT] 86,128,8,0.679698467,0.666121006,500138,496391,1000276
[RESULT] 86,128,9,0.517574787,0.503911018,500138,496391,1000276
[RESULT] 96,128,0,0.351705790,0.334427118,500046,496245,1000092
[RESULT] 96,128,1,0.481231689,0.458139181,500046,496245,1000092
[RESULT] 96,128,2,0.504418373,0.476515293,500046,496245,1000092
[RESULT] 96,128,3,0.522747278,0.478966951,500046,496245,1000092
[RESULT] 96,128,4,0.499783754,0.476889849,500046,496245,1000092
[RESULT] 96,128,5,0.716082811,0.696331024,500046,496245,1000092
[RESULT] 96,128,6,0.502119541,0.486534119,500046,496245,1000092
[RESULT] 96,128,7,0.513795853,0.504629612,500046,496245,1000092
[RESULT] 96,128,8,0.685368061,0.665832996,500046,496245,1000092
[RESULT] 96,128,9,0.518256664,0.503929615,500046,496245,1000092
[RESULT] 113,128,0,0.344758511,0.319041252,500100,496076,1000200
[RESULT] 113,128,1,0.483457088,0.469866037,500100,496076,1000200
[RESULT] 113,128,2,0.489402056,0.477461576,500100,496076,1000200
[RESULT] 113,128,3,0.509134531,0.489124060,500100,496076,1000200
[RESULT] 113,128,4,0.480890036,0.472059727,500100,496076,1000200
[RESULT] 113,128,5,0.721026182,0.696049452,500100,496076,1000200
[RESULT] 113,128,6,0.698707342,0.690382242,500100,496076,1000200
[RESULT] 113,128,7,0.715240955,0.691091299,500100,496076,1000200
[RESULT] 113,128,8,0.658185005,0.651216030,500100,496076,1000200
[RESULT] 113,128,9,0.688513041,0.681034088,500100,496076,1000200
[RESULT] 121,128,0,0.324155331,0.314230680,500048,496072,1000096
[RESULT] 121,128,1,0.492265463,0.481982708,500048,496072,1000096
[RESULT] 121,128,2,0.506142139,0.489390612,500048,496072,1000096
[RESULT] 121,128,3,0.505010128,0.492408276,500048,496072,1000096
[RESULT] 121,128,4,0.485815287,0.476674080,500048,496072,1000096
[RESULT] 121,128,5,0.713695765,0.696315050,500048,496072,1000096
[RESULT] 121,128,6,0.696304083,0.684792995,500048,496072,1000096
[RESULT] 121,128,7,0.710922480,0.699282646,500048,496072,1000096
[RESULT] 121,128,8,0.678988934,0.667355776,500048,496072,1000096
[RESULT] 121,128,9,0.689383984,0.681174278,500048,496072,1000096
[RESULT] 98,128,0,0.325706244,0.312310457,499930,496002,999860
[RESULT] 98,128,1,0.472529650,0.458146334,499930,496002,999860
[RESULT] 98,128,2,0.494938374,0.476289511,499930,496002,999860
[RESULT] 98,128,3,0.505046606,0.479113579,499930,496002,999860
[RESULT] 98,128,4,0.493189812,0.470324516,499930,496002,999860
[RESULT] 98,128,5,0.715836525,0.696297646,499930,496002,999860
[RESULT] 98,128,6,0.499686480,0.490484715,499930,496002,999860
[RESULT] 98,128,7,0.719635010,0.699332476,499930,496002,999860
[RESULT] 98,128,8,0.684855700,0.665723324,499930,496002,999860
[RESULT] 98,128,9,0.694787979,0.681143522,499930,496002,999860
[RESULT] 122,128,0,0.324437380,0.314826488,499937,496047,999874
[RESULT] 122,128,1,0.491746426,0.481917858,499937,496047,999874
[RESULT] 122,128,2,0.506631374,0.489739895,499937,496047,999874
[RESULT] 122,128,3,0.505545139,0.492472649,499937,496047,999874
[RESULT] 122,128,4,0.486958027,0.476729393,499937,496047,999874
[RESULT] 122,128,5,0.714120150,0.696395397,499937,496047,999874
[RESULT] 122,128,6,0.696413040,0.684779167,499937,496047,999874
[RESULT] 122,128,7,0.710920334,0.699294090,499937,496047,999874
[RESULT] 100,128,0,0.337832451,0.316220284,500005,496116,1000010
[RESULT] 100,128,1,0.495524645,0.461217642,500005,496116,1000010
[RESULT] 100,128,2,0.501130104,0.473748922,500005,496116,1000010
[RESULT] 100,128,3,0.527826071,0.478769302,500005,496116,1000010
[RESULT] 100,128,4,0.499839544,0.476874828,500005,496116,1000010
[RESULT] 100,128,5,0.716190100,0.696274281,500005,496116,1000010
[RESULT] 100,128,6,0.699440956,0.669980526,500005,496116,1000010
[RESULT] 100,128,7,0.719742298,0.699308395,500005,496116,1000010
[RESULT] 100,128,8,0.677427769,0.660122633,500005,496116,1000010
[RESULT] 100,128,9,0.699314833,0.681144238,500005,496116,1000010
[RESULT] 122,128,8,0.679064512,0.667338610,499937,496047,999874
[RESULT] 122,128,9,0.689926386,0.681090117,499937,496047,999874
[RESULT] 101,128,0,0.317836761,0.307352304,500115,496234,1000230
[RESULT] 101,128,1,0.492325306,0.464718580,500115,496234,1000230
[RESULT] 101,128,2,0.488940239,0.470835924,500115,496234,1000230
[RESULT] 101,128,3,0.493868113,0.478896856,500115,496234,1000230
[RESULT] 101,128,4,0.499644041,0.476687670,500115,496234,1000230
[RESULT] 101,128,5,0.733306408,0.704953909,500115,496234,1000230
[RESULT] 101,128,6,0.664722919,0.651865005,500115,496234,1000230
[RESULT] 101,128,7,0.725557804,0.699302197,500115,496234,1000230
[RESULT] 101,128,8,0.667181492,0.650306940,500115,496234,1000230
[RESULT] 101,128,9,0.699754953,0.687956572,500115,496234,1000230
[RESULT] 124,128,0,0.324290037,0.314567327,499886,495928,999772
[RESULT] 124,128,1,0.492263079,0.481949568,499886,495928,999772
[RESULT] 124,128,2,0.506773233,0.489736557,499886,495928,999772
[RESULT] 124,128,3,0.504152775,0.491437674,499886,495928,999772
[RESULT] 124,128,4,0.486685753,0.476668119,499886,495928,999772
[RESULT] 124,128,5,0.713578463,0.696184397,499886,495928,999772
[RESULT] 124,128,6,0.695852995,0.684717417,499886,495928,999772
[RESULT] 102,128,0,0.332805157,0.308473349,500214,496164,1000428
[RESULT] 102,128,1,0.482565880,0.472009897,500214,496164,1000428
[RESULT] 102,128,2,0.491879940,0.473921776,500214,496164,1000428
[RESULT] 102,128,3,0.493711233,0.479999304,500214,496164,1000428
[RESULT] 102,128,4,0.499703169,0.476810455,500214,496164,1000428
[RESULT] 102,128,5,0.715832710,0.696232080,500214,496164,1000428
[RESULT] 102,128,6,0.676757336,0.664764643,500214,496164,1000428
[RESULT] 102,128,7,0.720876932,0.701608896,500214,496164,1000428
[RESULT] 102,128,8,0.676986933,0.660094023,500214,496164,1000428
[RESULT] 102,128,9,0.682901859,0.669178486,500214,496164,1000428
[RESULT] 124,128,7,0.710724592,0.699152708,499886,495928,999772
[RESULT] 124,128,8,0.678516388,0.667267323,499886,495928,999772
[RESULT] 124,128,9,0.690841675,0.681093216,499886,495928,999772
[RESULT] 104,128,0,0.349546909,0.326690912,499881,495973,999762
[RESULT] 104,128,1,0.506912470,0.481947660,499881,495973,999762
[RESULT] 104,128,2,0.502898455,0.476082802,499881,495973,999762
[RESULT] 104,128,3,0.524597168,0.478719711,499881,495973,999762
[RESULT] 104,128,4,0.486485481,0.476699114,499881,495973,999762
[RESULT] 104,128,5,0.711987257,0.702963591,499881,495973,999762
[RESULT] 104,128,6,0.697638512,0.675304174,499881,495973,999762
[RESULT] 104,128,7,0.712717295,0.699259281,499881,495973,999762
[RESULT] 104,128,8,0.667968750,0.660101891,499881,495973,999762
[RESULT] 104,128,9,0.689447403,0.681123495,499881,495973,999762
[RESULT] 125,128,0,0.322313786,0.312535048,500019,496203,1000038
[RESULT] 125,128,1,0.492518187,0.481880426,500019,496203,1000038
[RESULT] 125,128,2,0.506143093,0.489110708,500019,496203,1000038
[RESULT] 125,128,3,0.505727768,0.492527008,500019,496203,1000038
[RESULT] 125,128,4,0.486977100,0.476621866,500019,496203,1000038
[RESULT] 125,128,5,0.714359999,0.696087599,500019,496203,1000038
[RESULT] 125,128,6,0.695908070,0.684648991,500019,496203,1000038
[RESULT] 125,128,7,0.710747719,0.699108839,500019,496203,1000038
[RESULT] 125,128,8,0.683832407,0.667280912,500019,496203,1000038
[RESULT] 125,128,9,0.690866470,0.681031704,500019,496203,1000038
[RESULT] 105,128,0,0.341325521,0.307606220,499794,495698,999588
[RESULT] 105,128,1,0.505935192,0.472962618,499794,495698,999588
[RESULT] 105,128,2,0.503906250,0.474682093,499794,495698,999588
[RESULT] 105,128,3,0.506971121,0.478653669,499794,495698,999588
[RESULT] 105,128,4,0.509527922,0.476726294,499794,495698,999588
[RESULT] 105,128,5,0.716218233,0.696166515,499794,495698,999588
[RESULT] 105,128,6,0.687068939,0.675294638,499794,495698,999588
[RESULT] 105,128,7,0.722699404,0.699281693,499794,495698,999588
[RESULT] 105,128,8,0.669752836,0.651268721,499794,495698,999588
[RESULT] 105,128,9,0.697087288,0.681121111,499794,495698,999588
[RESULT] 123,128,0,0.324366331,0.314587593,499987,496064,999974
[RESULT] 123,128,1,0.492423534,0.481969118,499987,496064,999974
[RESULT] 123,128,2,0.506400585,0.489255428,499987,496064,999974
[RESULT] 123,128,3,0.505211592,0.492186069,499987,496064,999974
[RESULT] 123,128,4,0.486809015,0.476686478,499987,496064,999974
[RESULT] 123,128,5,0.713596582,0.696157932,499987,496064,999974
[RESULT] 106,128,0,0.342200279,0.309380293,499894,495944,999788
[RESULT] 106,128,1,0.504639626,0.481941938,499894,495944,999788
[RESULT] 106,128,2,0.527040243,0.481786489,499894,495944,999788
[RESULT] 106,128,3,0.517795086,0.476329565,499894,495944,999788
[RESULT] 106,128,4,0.506383657,0.469242096,499894,495944,999788
[RESULT] 106,128,5,0.711327791,0.695641994,499894,495944,999788
[RESULT] 106,128,6,0.684189796,0.675276995,499894,495944,999788
[RESULT] 106,128,7,0.718872547,0.699236155,499894,495944,999788
[RESULT] 106,128,8,0.672011852,0.660085917,499894,495944,999788
[RESULT] 106,128,9,0.693235159,0.681101799,499894,495944,999788
[RESULT] 123,128,6,0.696055412,0.684742689,499987,496064,999974
[RESULT] 123,128,7,0.710863113,0.699214458,499987,496064,999974
[RESULT] 123,128,8,0.678701639,0.667328835,499987,496064,999974
[RESULT] 123,128,9,0.690926790,0.681098223,499987,496064,999974
[RESULT] 108,128,0,0.337960720,0.315958261,500142,496326,1000284
[RESULT] 108,128,1,0.504447460,0.481910706,500142,496326,1000284
[RESULT] 108,128,2,0.525822878,0.474676847,500142,496326,1000284
[RESULT] 108,128,3,0.501363277,0.459139109,500142,496326,1000284
[RESULT] 108,128,4,0.505862951,0.476919651,500142,496326,1000284
[RESULT] 108,128,5,0.722231388,0.694886208,500142,496326,1000284
[RESULT] 108,128,6,0.675887346,0.664675713,500142,496326,1000284
[RESULT] 108,128,7,0.728157520,0.699262857,500142,496326,1000284
[RESULT] 108,128,8,0.688569069,0.660058975,500142,496326,1000284
[RESULT] 108,128,9,0.696599483,0.678224802,500142,496326,1000284
[RESULT] 126,128,0,0.323696375,0.314237833,500030,496161,1000060
[RESULT] 126,128,1,0.503467560,0.481954336,500030,496161,1000060
[RESULT] 126,128,2,0.529037237,0.489514112,500030,496161,1000060
[RESULT] 126,128,3,0.504935503,0.492374897,500030,496161,1000060
[RESULT] 126,128,4,0.485927582,0.476732969,500030,496161,1000060
[RESULT] 126,128,5,0.713506222,0.696116447,500030,496161,1000060
[RESULT] 126,128,6,0.696208715,0.684746265,500030,496161,1000060
[RESULT] 126,128,7,0.710792780,0.699193239,500030,496161,1000060
[RESULT] 126,128,8,0.678892374,0.667299032,500030,496161,1000060
[RESULT] 126,128,9,0.694738150,0.681107521,500030,496161,1000060
[RESULT] 109,128,0,0.325572729,0.311988592,499986,496066,999972
[RESULT] 109,128,1,0.496737003,0.481866598,499986,496066,999972
[RESULT] 109,128,2,0.493937254,0.475791931,499986,496066,999972
[RESULT] 109,128,3,0.498244762,0.469720602,499986,496066,999972
[RESULT] 109,128,4,0.516810417,0.487820387,499986,496066,999972
[RESULT] 109,128,5,0.703181982,0.683160782,499986,496066,999972
[RESULT] 109,128,6,0.677226305,0.664670944,499986,496066,999972
[RESULT] 109,128,7,0.719811201,0.699171066,499986,496066,999972
[RESULT] 109,128,8,0.669098377,0.651252747,499986,496066,999972
[RESULT] 109,128,9,0.693641901,0.678156376,499986,496066,999972
[RESULT] 120,128,0,0.324143648,0.314179659,500006,496105,1000012
[RESULT] 120,128,1,0.503123045,0.482014656,500006,496105,1000012
[RESULT] 120,128,2,0.527807713,0.489538193,500006,496105,1000012
[RESULT] 120,128,3,0.505162954,0.492245197,500006,496105,1000012
[RESULT] 120,128,4,0.486736536,0.476720810,500006,496105,1000012
[RESULT] 120,128,5,0.713825226,0.696307659,500006,496105,1000012
[RESULT] 120,128,6,0.696256876,0.684815884,500006,496105,1000012
[RESULT] 110,128,0,0.330591202,0.308275700,499895,496062,999790
[RESULT] 110,128,1,0.505708218,0.481861353,499895,496062,999790
[RESULT] 110,128,2,0.522290230,0.476913452,499895,496062,999790
[RESULT] 110,128,3,0.488380671,0.469735622,499895,496062,999790
[RESULT] 110,128,4,0.500083208,0.476861715,499895,496062,999790
[RESULT] 110,128,5,0.717539787,0.694922447,499895,496062,999790
[RESULT] 110,128,6,0.675570726,0.664631128,499895,496062,999790
[RESULT] 110,128,7,0.720230341,0.699166536,499895,496062,999790
[RESULT] 110,128,8,0.689512730,0.660894156,499895,496062,999790
[RESULT] 110,128,9,0.695729017,0.677082777,499895,496062,999790
[RESULT] 120,128,7,0.710725546,0.699265003,500006,496105,1000012
[RESULT] 120,128,8,0.678898811,0.667380571,500006,496105,1000012
[RESULT] 120,128,9,0.695791483,0.681231022,500006,496105,1000012
[RESULT] 111,128,0,0.322247028,0.312181950,499899,495942,999798
[RESULT] 111,128,1,0.486767054,0.472905397,499899,495942,999798
[RESULT] 111,128,2,0.486903191,0.476079941,499899,495942,999798
[RESULT] 111,128,3,0.488427162,0.469771624,499899,495942,999798
[RESULT] 111,128,4,0.492185593,0.476795435,499899,495942,999798
[RESULT] 111,128,5,0.707392454,0.694834232,499899,495942,999798
[RESULT] 111,128,6,0.692450762,0.674145222,499899,495942,999798
[RESULT] 111,128,7,0.720441818,0.711950541,499899,495942,999798
[RESULT] 111,128,8,0.681336403,0.658210516,499899,495942,999798
[RESULT] 111,128,9,0.685945988,0.677050114,499899,495942,999798
[RESULT] 127,128,0,0.322006226,0.312051296,499940,496021,999880
[RESULT] 127,128,1,0.492479086,0.481977940,499940,496021,999880
[RESULT] 127,128,2,0.525944948,0.488266945,499940,496021,999880
[RESULT] 127,128,3,0.506248951,0.492351055,499940,496021,999880
[RESULT] 127,128,4,0.487686872,0.476734877,499940,496021,999880
[RESULT] 127,128,5,0.714794397,0.696167469,499940,496021,999880
[RESULT] 112,128,0,0.360718012,0.327195168,500358,496409,1000716
[RESULT] 112,128,1,0.507250547,0.481857061,500358,496409,1000716
[RESULT] 112,128,2,0.503884554,0.477562428,500358,496409,1000716
[RESULT] 112,128,3,0.562112808,0.499413013,500358,496409,1000716
[RESULT] 112,128,4,0.489780426,0.472335339,500358,496409,1000716
[RESULT] 112,128,5,0.711536884,0.696065187,500358,496409,1000716
[RESULT] 112,128,6,0.708199978,0.684733868,500358,496409,1000716
[RESULT] 112,128,7,0.727151394,0.699114084,500358,496409,1000716
[RESULT] 112,128,8,0.684539318,0.660027266,500358,496409,1000716
[RESULT] 112,128,9,0.698787212,0.681093693,500358,496409,1000716
[RESULT] 127,128,6,0.697130203,0.684684038,499940,496021,999880
[RESULT] 127,128,7,0.711551905,0.699143648,499940,496021,999880
[RESULT] 127,128,8,0.679959297,0.667292356,499940,496021,999880
[RESULT] 127,128,9,0.696145535,0.681145430,499940,496021,999880
[RESULT] 114,128,0,0.325697660,0.312411308,500294,496501,1000588
[RESULT] 114,128,1,0.496695757,0.481817245,500294,496501,1000588
[RESULT] 114,128,2,0.496134758,0.478720188,500294,496501,1000588
[RESULT] 114,128,3,0.506286144,0.489052534,500294,496501,1000588
[RESULT] 114,128,4,0.494580746,0.471753359,500294,496501,1000588
[RESULT] 114,128,5,0.715388775,0.696024418,500294,496501,1000588
[RESULT] 114,128,6,0.706000328,0.693566799,500294,496501,1000588
[RESULT] 114,128,7,0.718871355,0.698138475,500294,496501,1000588
[RESULT] 114,128,8,0.702234268,0.660008192,500294,496501,1000588
[RESULT] 114,128,9,0.696007729,0.681019783,500294,496501,1000588
[RESULT] 115,128,0,0.341855288,0.312248707,500334,496490,1000668
[RESULT] 115,128,1,0.502987146,0.481798410,500334,496490,1000668
[RESULT] 115,128,2,0.498541355,0.478557825,500334,496490,1000668
[RESULT] 115,128,3,0.528196335,0.489044905,500334,496490,1000668
[RESULT] 115,128,4,0.486982822,0.471579313,500334,496490,1000668
[RESULT] 115,128,5,0.708186626,0.696005344,500334,496490,1000668
[RESULT] 115,128,6,0.702503443,0.684683800,500334,496490,1000668
[RESULT] 115,128,7,0.711054325,0.698126793,500334,496490,1000668
[RESULT] 115,128,8,0.667566061,0.658184767,500334,496490,1000668
[RESULT] 115,128,9,0.694618464,0.681020737,500334,496490,1000668
[RESULT] 116,128,0,0.329180002,0.315770626,499976,496134,999952
[RESULT] 116,128,1,0.496717215,0.481804609,499976,496134,999952
[RESULT] 116,128,2,0.496126890,0.478739977,499976,496134,999952
[RESULT] 116,128,3,0.522110462,0.493301392,499976,496134,999952
[RESULT] 116,128,4,0.504144192,0.479195595,499976,496134,999952
[RESULT] 116,128,5,0.715557337,0.696009636,499976,496134,999952
[RESULT] 116,128,6,0.688105822,0.674143791,499976,496134,999952
[RESULT] 116,128,7,0.719573498,0.699079275,499976,496134,999952
[RESULT] 116,128,8,0.686258316,0.667214155,499976,496134,999952
[RESULT] 116,128,9,0.694731236,0.681008339,499976,496134,999952
[RESULT] 117,128,0,0.333657742,0.312077284,499807,495814,999614
[RESULT] 117,128,1,0.504313946,0.481788874,499807,495814,999614
[RESULT] 117,128,2,0.514420271,0.478768826,499807,495814,999614
[RESULT] 117,128,3,0.506362200,0.489031792,499807,495814,999614
[RESULT] 117,128,4,0.495255947,0.472236156,499807,495814,999614
[RESULT] 117,128,5,0.718163490,0.696003914,499807,495814,999614
[RESULT] 117,128,6,0.688348770,0.674078703,499807,495814,999614
[RESULT] 117,128,7,0.719814062,0.699068546,499807,495814,999614
[RESULT] 117,128,8,0.677562952,0.658433676,499807,495814,999614
[RESULT] 117,128,9,0.698648691,0.680978298,499807,495814,999614
[RESULT] 103,128,0,0.320848227,0.310738802,500017,496128,1000034
[RESULT] 103,128,1,0.473882437,0.459985495,500017,496128,1000034
[RESULT] 103,128,2,0.485510349,0.473584175,500017,496128,1000034
[RESULT] 103,128,3,0.492634296,0.478491783,500017,496128,1000034
[RESULT] 103,128,4,0.480902910,0.465354681,500017,496128,1000034
[RESULT] 103,128,5,0.708978176,0.696210146,500017,496128,1000034
[RESULT] 103,128,6,0.705629349,0.674973249,500017,496128,1000034
[RESULT] 103,128,7,0.712498903,0.699262857,500017,496128,1000034
[RESULT] 103,128,8,0.668156624,0.658290625,500017,496128,1000034
[RESULT] 103,128,9,0.692061186,0.669157743,500017,496128,1000034
[RESULT] 107,128,0,0.346621752,0.312463284,500134,496121,1000268
[RESULT] 107,128,1,0.495815277,0.470952034,500134,496121,1000268
[RESULT] 107,128,2,0.505088568,0.476161957,500134,496121,1000268
[RESULT] 107,128,3,0.511037827,0.476371288,500134,496121,1000268
[RESULT] 107,128,4,0.496505499,0.469140530,500134,496121,1000268
[RESULT] 107,128,5,0.727768660,0.695609808,500134,496121,1000268
[RESULT] 107,128,6,0.696209431,0.675297499,500134,496121,1000268
[RESULT] 107,128,7,0.724962234,0.699205160,500134,496121,1000268
[RESULT] 107,128,8,0.685345650,0.658250570,500134,496121,1000268
[RESULT] 107,128,9,0.701136827,0.681148291,500134,496121,1000268
[RESULT] 118,128,0,0.325905561,0.308395386,499906,495902,999812
[RESULT] 118,128,1,0.504946709,0.481781721,499906,495902,999812
[RESULT] 118,128,2,0.502231836,0.478629827,499906,495902,999812
[RESULT] 118,128,3,0.535963774,0.489097118,499906,495902,999812
[RESULT] 118,128,4,0.489635944,0.472230434,499906,495902,999812
[RESULT] 118,128,5,0.711341381,0.695988655,499906,495902,999812
[RESULT] 118,128,6,0.691004753,0.674069166,499906,495902,999812
[RESULT] 118,128,7,0.714988708,0.699059486,499906,495902,999812
[RESULT] 118,128,8,0.682179689,0.667208195,499906,495902,999812
[RESULT] 118,128,9,0.692299366,0.669048548,499906,495902,999812
[RESULT] 119,128,0,0.339144230,0.307810307,500028,496140,1000056
[RESULT] 119,128,1,0.500168800,0.478774548,500028,496140,1000056
[RESULT] 119,128,2,0.500295162,0.478601933,500028,496140,1000056
[RESULT] 119,128,3,0.538765669,0.489120007,500028,496140,1000056
[RESULT] 119,128,4,0.484959602,0.464831829,500028,496140,1000056
[RESULT] 119,128,5,0.712219715,0.695973396,500028,496140,1000056
[RESULT] 119,128,6,0.695384502,0.674043179,500028,496140,1000056
[RESULT] 119,128,7,0.716066360,0.699036121,500028,496140,1000056
[RESULT] 119,128,8,0.690069914,0.665377378,500028,496140,1000056
[RESULT] 119,128,9,0.690850973,0.669088840,500028,496140,1000056
[RESULT] 99,128,0,0.355497360,0.312503338,499893,496086,999786
[RESULT] 99,128,1,0.475832701,0.453612566,499893,496086,999786
[RESULT] 99,128,2,0.496664762,0.476140022,499893,496086,999786
[RESULT] 99,128,3,0.526294708,0.479966164,499893,496086,999786
[RESULT] 99,128,4,0.485723257,0.470412016,499893,496086,999786
[RESULT] 99,128,5,0.708734751,0.696266413,499893,496086,999786
[RESULT] 99,128,6,0.688051462,0.675353765,499893,496086,999786
[RESULT] 99,128,7,0.712350368,0.699315786,499893,496086,999786
[RESULT] 99,128,8,0.673967838,0.663526773,499893,496086,999786
[RESULT] 99,128,9,0.715465069,0.681208134,499893,496086,999786
[RESULT] 49,128,0,0.315958977,0.304777861,500181,496246,1000362
[RESULT] 49,128,1,0.479164839,0.468191862,500181,496246,1000362
[RESULT] 49,128,2,0.501601934,0.489443302,500181,496246,1000362
[RESULT] 49,128,3,0.501404762,0.492080450,500181,496246,1000362
[RESULT] 49,128,4,0.480646849,0.469159365,500181,496246,1000362
[RESULT] 49,128,5,0.708655119,0.696520090,500181,496246,1000362
[RESULT] 49,128,6,0.511180639,0.499981642,500181,496246,1000362
[RESULT] 49,128,7,0.518276691,0.509135008,500181,496246,1000362
[RESULT] 49,128,8,0.676821947,0.665476084,500181,496246,1000362
[RESULT] 49,128,9,0.731442213,0.723042727,500181,496246,1000362
[RESULT] 52,128,0,0.313468218,0.304620028,499829,495930,999658
[RESULT] 52,128,1,0.481455564,0.473521471,499829,495930,999658
[RESULT] 52,128,2,0.499482870,0.487837315,499829,495930,999658
[RESULT] 52,128,3,0.499272346,0.491178751,499829,495930,999658
[RESULT] 52,128,4,0.477941036,0.469662189,499829,495930,999658
[RESULT] 52,128,5,0.709484577,0.696358681,499829,495930,999658
[RESULT] 52,128,6,0.508528709,0.500150681,499829,495930,999658
[RESULT] 52,128,7,0.517014980,0.508781910,499829,495930,999658
[RESULT] 52,128,8,0.672050953,0.664055824,499829,495930,999658
[RESULT] 52,128,9,0.731761456,0.723009586,499829,495930,999658
[RESULT] 48,128,0,0.313482523,0.304550886,499937,496022,999874
[RESULT] 48,128,1,0.476105452,0.468689680,499937,496022,999874
[RESULT] 48,128,2,0.502313614,0.489845753,499937,496022,999874
[RESULT] 48,128,3,0.500311136,0.492077589,499937,496022,999874
[RESULT] 48,128,4,0.477027178,0.468942881,499937,496022,999874
[RESULT] 48,128,5,0.709739923,0.696473837,499937,496022,999874
[RESULT] 48,128,6,0.508527517,0.500071764,499937,496022,999874
[RESULT] 48,128,7,0.516325474,0.508211136,499937,496022,999874
[RESULT] 48,128,8,0.673258066,0.664911270,499937,496022,999874
[RESULT] 48,128,9,0.731870174,0.723068476,499937,496022,999874
[RESULT] 50,128,0,0.316512585,0.304955006,499732,495780,999464
[RESULT] 50,128,1,0.480435848,0.469328880,499732,495780,999464
[RESULT] 50,128,2,0.501984358,0.489166260,499732,495780,999464
[RESULT] 50,128,3,0.502381325,0.492398024,499732,495780,999464
[RESULT] 50,128,4,0.481470346,0.469695807,499732,495780,999464
[RESULT] 50,128,5,0.709048748,0.696451902,499732,495780,999464
[RESULT] 50,128,6,0.511613607,0.499996185,499732,495780,999464
[RESULT] 50,128,7,0.520415068,0.510594368,499732,495780,999464
[RESULT] 50,128,8,0.675217152,0.663503647,499732,495780,999464
[RESULT] 50,128,9,0.731992483,0.723081589,499732,495780,999464
[RESULT] 3,128,0,0.319008112,0.304672480,499898,496032,999796
[RESULT] 3,128,1,0.501950502,0.481580734,499898,496032,999796
[RESULT] 3,128,2,0.532182455,0.488883495,499898,496032,999796
[RESULT] 3,128,3,0.496792555,0.488105774,499898,496032,999796
[RESULT] 3,128,4,0.478965998,0.468863487,499898,496032,999796
[RESULT] 3,128,5,0.520540953,0.511837244,499898,496032,999796
[RESULT] 3,128,6,0.719916821,0.688836813,499898,496032,999796
[RESULT] 3,128,7,0.715995073,0.696186066,499898,496032,999796
[RESULT] 3,128,8,0.681366205,0.672597885,499898,496032,999796
[RESULT] 3,128,9,0.731426001,0.723239899,499898,496032,999796
[RESULT] 51,128,0,0.328647137,0.304692030,500031,496113,1000062
[RESULT] 51,128,1,0.491363287,0.471524000,500031,496113,1000062
[RESULT] 51,128,2,0.516144753,0.489410162,500031,496113,1000062
[RESULT] 51,128,3,0.500957727,0.492019892,500031,496113,1000062
[RESULT] 51,128,4,0.482213497,0.469679117,500031,496113,1000062
[RESULT] 51,128,5,0.710354567,0.696330547,500031,496113,1000062
[RESULT] 51,128,6,0.512283564,0.500064373,500031,496113,1000062
[RESULT] 51,128,7,0.517615795,0.508592367,500031,496113,1000062
[RESULT] 51,128,8,0.677860737,0.664767265,500031,496113,1000062
[RESULT] 51,128,9,0.736678362,0.723019361,500031,496113,1000062
[RESULT] 44,128,0,0.308012724,0.296505928,500170,496293,1000340
[RESULT] 44,128,1,0.482669115,0.471195459,500170,496293,1000340
[RESULT] 44,128,2,0.506494999,0.489830732,500170,496293,1000340
[RESULT] 44,128,3,0.503883123,0.491512060,500170,496293,1000340
[RESULT] 44,128,4,0.475059032,0.463276625,500170,496293,1000340
[RESULT] 44,128,5,0.714037657,0.696649313,500170,496293,1000340
[RESULT] 44,128,6,0.502810240,0.495135069,500170,496293,1000340
[RESULT] 44,128,7,0.525138617,0.517522573,500170,496293,1000340
[RESULT] 44,128,8,0.663499355,0.655863047,500170,496293,1000340
[RESULT] 44,128,9,0.733663082,0.723079205,500170,496293,1000340
[RESULT] 10,128,0,0.318394899,0.307672262,499829,495995,999658
[RESULT] 10,128,1,0.507669449,0.477875948,499829,495995,999658
[RESULT] 10,128,2,0.535361052,0.489623785,499829,495995,999658
[RESULT] 10,128,3,0.499668121,0.492039680,499829,495995,999658
[RESULT] 10,128,4,0.498229742,0.469847441,499829,495995,999658
[RESULT] 10,128,5,0.714038134,0.695259094,499829,495995,999658
[RESULT] 10,128,6,0.696828127,0.688748360,499829,495995,999658
[RESULT] 10,128,7,0.707854271,0.696115494,499829,495995,999658
[RESULT] 10,128,8,0.678079605,0.670365095,499829,495995,999658
[RESULT] 10,128,9,0.738860369,0.730737448,499829,495995,999658
[RESULT] 40,128,0,0.308137655,0.296548605,500142,496236,1000284
[RESULT] 40,128,1,0.484258652,0.472402334,500142,496236,1000284
[RESULT] 40,128,2,0.506434202,0.489695549,500142,496236,1000284
[RESULT] 40,128,3,0.505035162,0.492449999,500142,496236,1000284
[RESULT] 40,128,4,0.474947214,0.463089466,500142,496236,1000284
[RESULT] 40,128,5,0.714176893,0.696738958,500142,496236,1000284
[RESULT] 40,128,6,0.691607237,0.680797577,500142,496236,1000284
[RESULT] 40,128,7,0.707327366,0.695339441,500142,496236,1000284
[RESULT] 40,128,8,0.674118996,0.663165569,500142,496236,1000284
[RESULT] 40,128,9,0.733948469,0.723276377,500142,496236,1000284
[RESULT] 39,128,0,0.308267832,0.296544313,500001,496061,1000002
[RESULT] 39,128,1,0.482592106,0.470961571,500001,496061,1000002
[RESULT] 39,128,2,0.506528616,0.489694357,500001,496061,1000002
[RESULT] 39,128,3,0.504640341,0.491984129,500001,496061,1000002
[RESULT] 39,128,4,0.474864006,0.462931156,500001,496061,1000002
[RESULT] 39,128,5,0.714274645,0.696723461,500001,496061,1000002
[RESULT] 39,128,6,0.691734314,0.680774689,500001,496061,1000002
[RESULT] 39,128,7,0.707495213,0.695367098,500001,496061,1000002
[RESULT] 39,128,8,0.674263716,0.663182497,500001,496061,1000002
[RESULT] 39,128,9,0.734070301,0.723226547,500001,496061,1000002
[RESULT] 42,128,0,0.307666063,0.296531439,499740,495856,999480
[RESULT] 42,128,1,0.483939886,0.472309589,499740,495856,999480
[RESULT] 42,128,2,0.506431103,0.489428759,499740,495856,999480
[RESULT] 42,128,3,0.505410194,0.492517471,499740,495856,999480
[RESULT] 42,128,4,0.474599123,0.462782383,499740,495856,999480
[RESULT] 42,128,5,0.714120388,0.696625710,499740,495856,999480
[RESULT] 42,128,6,0.505190134,0.495443821,499740,495856,999480
[RESULT] 42,128,7,0.707042694,0.695302010,499740,495856,999480
[RESULT] 42,128,8,0.673098326,0.663086653,499740,495856,999480
[RESULT] 42,128,9,0.734251022,0.723067760,499740,495856,999480
[RESULT] 37,128,0,0.308408737,0.296578884,500242,496411,1000484
[RESULT] 37,128,1,0.484582424,0.472434044,500242,496411,1000484
[RESULT] 37,128,2,0.506532431,0.489557743,500242,496411,1000484
[RESULT] 37,128,3,0.505288124,0.492495537,500242,496411,1000484
[RESULT] 37,128,4,0.475903034,0.463718414,500242,496411,1000484
[RESULT] 37,128,5,0.714498281,0.696788311,500242,496411,1000484
[RESULT] 37,128,6,0.691987276,0.680835247,500242,496411,1000484
[RESULT] 37,128,7,0.707740307,0.695443869,500242,496411,1000484
[RESULT] 37,128,8,0.674396992,0.663159609,500242,496411,1000484
[RESULT] 37,128,9,0.734312057,0.723270655,500242,496411,1000484
[RESULT] 47,128,0,0.310863733,0.299815655,499936,496156,999872
[RESULT] 47,128,1,0.480743885,0.469653368,499936,496156,999872
[RESULT] 47,128,2,0.504139423,0.487939358,499936,496156,999872
[RESULT] 47,128,3,0.505216122,0.492377758,499936,496156,999872
[RESULT] 47,128,4,0.474525928,0.462635040,499936,496156,999872
[RESULT] 47,128,5,0.714078665,0.696473360,499936,496156,999872
[RESULT] 47,128,6,0.503745317,0.494891167,499936,496156,999872
[RESULT] 47,128,7,0.518355846,0.510566473,499936,496156,999872
[RESULT] 47,128,8,0.664688349,0.655785799,499936,496156,999872
[RESULT] 47,128,9,0.734334707,0.723157406,499936,496156,999872
[RESULT] 33,128,0,0.308185816,0.296634436,500142,496330,1000284
[RESULT] 33,128,1,0.484622240,0.472899914,500142,496330,1000284
[RESULT] 33,128,2,0.506394386,0.489833593,500142,496330,1000284
[RESULT] 33,128,3,0.505309820,0.492404222,500142,496330,1000284
[RESULT] 33,128,4,0.476028442,0.464076996,500142,496330,1000284
[RESULT] 33,128,5,0.714344978,0.696815968,500142,496330,1000284
[RESULT] 33,128,6,0.692327976,0.681021214,500142,496330,1000284
[RESULT] 33,128,7,0.707685947,0.696004629,500142,496330,1000284
[RESULT] 33,128,8,0.681570530,0.670231104,500142,496330,1000284
[RESULT] 33,128,9,0.734454155,0.723299026,500142,496330,1000284
[RESULT] 34,128,0,0.307667255,0.296619654,500135,496259,1000270
[RESULT] 34,128,1,0.483228922,0.471767664,500135,496259,1000270
[RESULT] 34,128,2,0.506575108,0.489663601,500135,496259,1000270
[RESULT] 34,128,3,0.505003929,0.492210865,500135,496259,1000270
[RESULT] 34,128,4,0.475239515,0.463452101,500135,496259,1000270
[RESULT] 34,128,5,0.714272022,0.696812868,500135,496259,1000270
[RESULT] 34,128,6,0.691322088,0.680899143,500135,496259,1000270
[RESULT] 34,128,7,0.707157135,0.695512056,500135,496259,1000270
[RESULT] 34,128,8,0.681518316,0.670269489,500135,496259,1000270
[RESULT] 34,128,9,0.734467030,0.723329782,500135,496259,1000270
[RESULT] 41,128,0,0.319621086,0.296543837,500268,496347,1000536
[RESULT] 41,128,1,0.496303797,0.472573280,500268,496347,1000536
[RESULT] 41,128,2,0.526810884,0.489796400,500268,496347,1000536
[RESULT] 41,128,3,0.505309820,0.492479563,500268,496347,1000536
[RESULT] 41,128,4,0.489747524,0.462723255,500268,496347,1000536
[RESULT] 41,128,5,0.717471600,0.696677208,500268,496347,1000536
[RESULT] 41,128,6,0.692107916,0.680731773,500268,496347,1000536
[RESULT] 41,128,7,0.706979752,0.695318222,500268,496347,1000536
[RESULT] 41,128,8,0.679831743,0.663167000,500268,496347,1000536
[RESULT] 41,128,9,0.734446287,0.723225355,500268,496347,1000536
[RESULT] 38,128,0,0.308241367,0.296563148,500248,496281,1000496
[RESULT] 38,128,1,0.483857870,0.472058296,500248,496281,1000496
[RESULT] 38,128,2,0.506208897,0.489546776,500248,496281,1000496
[RESULT] 38,128,3,0.504994154,0.492019892,500248,496281,1000496
[RESULT] 38,128,4,0.475626707,0.463513613,500248,496281,1000496
[RESULT] 38,128,5,0.714478731,0.696775198,500248,496281,1000496
[RESULT] 38,128,6,0.692290545,0.680818796,500248,496281,1000496
[RESULT] 38,128,7,0.707222700,0.695451260,500248,496281,1000496
[RESULT] 38,128,8,0.673560858,0.663181782,500248,496281,1000496
[RESULT] 38,128,9,0.734544992,0.723280668,500248,496281,1000496
[RESULT] 45,128,0,0.307908535,0.296491385,500249,496460,1000498
[RESULT] 45,128,1,0.480628014,0.469604731,500249,496460,1000498
[RESULT] 45,128,2,0.506341219,0.489144087,500249,496460,1000498
[RESULT] 45,128,3,0.505552053,0.492415428,500249,496460,1000498
[RESULT] 45,128,4,0.475150824,0.463063717,500249,496460,1000498
[RESULT] 45,128,5,0.714327574,0.696518660,500249,496460,1000498
[RESULT] 45,128,6,0.505391598,0.495445490,500249,496460,1000498
[RESULT] 45,128,7,0.519395828,0.510573626,500249,496460,1000498
[RESULT] 45,128,8,0.664299250,0.655841351,500249,496460,1000498
[RESULT] 45,128,9,0.734630585,0.723133087,500249,496460,1000498
[RESULT] 36,128,0,0.307830334,0.296593428,500031,496086,1000062
[RESULT] 36,128,1,0.483818293,0.472070932,500031,496086,1000062
[RESULT] 36,128,2,0.506680250,0.489567280,500031,496086,1000062
[RESULT] 36,128,3,0.505475283,0.492496967,500031,496086,1000062
[RESULT] 36,128,4,0.475039959,0.463107586,500031,496086,1000062
[RESULT] 36,128,5,0.714283705,0.696698189,500031,496086,1000062
[RESULT] 36,128,6,0.691532612,0.680889845,500031,496086,1000062
[RESULT] 36,128,7,0.707308769,0.695440769,500031,496086,1000062
[RESULT] 36,128,8,0.681652308,0.670260191,500031,496086,1000062
[RESULT] 36,128,9,0.734700203,0.723330259,500031,496086,1000062
[RESULT] 43,128,0,0.321348190,0.296511650,499881,496060,999762
[RESULT] 43,128,1,0.497589827,0.472291470,499881,496060,999762
[RESULT] 43,128,2,0.526964903,0.488882303,499881,496060,999762
[RESULT] 43,128,3,0.504287958,0.491239548,499881,496060,999762
[RESULT] 43,128,4,0.474884510,0.462690830,499881,496060,999762
[RESULT] 43,128,5,0.714484930,0.696586847,499881,496060,999762
[RESULT] 43,128,6,0.504046679,0.494985342,499881,496060,999762
[RESULT] 43,128,7,0.525776148,0.517609596,499881,496060,999762
[RESULT] 43,128,8,0.665017843,0.655873299,499881,496060,999762
[RESULT] 43,128,9,0.734578848,0.723064661,499881,496060,999762
[RESULT] 46,128,0,0.308057785,0.296478271,500151,496435,1000302
[RESULT] 46,128,1,0.481824636,0.470378637,500151,496435,1000302
[RESULT] 46,128,2,0.525736332,0.489827394,500151,496435,1000302
[RESULT] 46,128,3,0.505395651,0.492520094,500151,496435,1000302
[RESULT] 46,128,4,0.474480391,0.462657690,500151,496435,1000302
[RESULT] 46,128,5,0.715120316,0.696490049,500151,496435,1000302
[RESULT] 46,128,6,0.503863573,0.493930101,500151,496435,1000302
[RESULT] 46,128,7,0.517057896,0.508217335,500151,496435,1000302
[RESULT] 46,128,8,0.670905113,0.655965328,500151,496435,1000302
[RESULT] 46,128,9,0.734820366,0.723140240,500151,496435,1000302
[RESULT] 32,128,0,0.308096886,0.296651125,500042,496063,1000084
[RESULT] 32,128,1,0.484923363,0.473311901,500042,496063,1000084
[RESULT] 32,128,2,0.506232500,0.489707947,500042,496063,1000084
[RESULT] 32,128,3,0.505292177,0.492546797,500042,496063,1000084
[RESULT] 32,128,4,0.475216866,0.463380575,500042,496063,1000084
[RESULT] 32,128,5,0.714392900,0.696870804,500042,496063,1000084
[RESULT] 32,128,6,0.699332237,0.688884497,500042,496063,1000084
[RESULT] 32,128,7,0.707650185,0.696051836,500042,496063,1000084
[RESULT] 32,128,8,0.681638479,0.670266867,500042,496063,1000084
[RESULT] 32,128,9,0.740709782,0.730712175,500042,496063,1000084
[RESULT] 31,128,0,0.308020115,0.296659470,499871,495979,999742
[RESULT] 31,128,1,0.486011028,0.474056721,499871,495979,999742
[RESULT] 31,128,2,0.507155895,0.489842892,499871,495979,999742
[RESULT] 31,128,3,0.505642414,0.492502928,499871,495979,999742
[RESULT] 31,128,4,0.476582527,0.464578867,499871,495979,999742
[RESULT] 31,128,5,0.715191364,0.696925640,499871,495979,999742
[RESULT] 31,128,6,0.699454069,0.688845396,499871,495979,999742
[RESULT] 31,128,7,0.707830191,0.696016073,499871,495979,999742
[RESULT] 31,128,8,0.686201811,0.670291185,499871,495979,999742
[RESULT] 31,128,9,0.741045713,0.730734110,499871,495979,999742
[RESULT] 26,128,0,0.297724962,0.288921118,500146,496158,1000292
[RESULT] 26,128,1,0.485217810,0.473402023,500146,496158,1000292
[RESULT] 26,128,2,0.506975651,0.489873409,500146,496158,1000292
[RESULT] 26,128,3,0.505508423,0.492491007,500146,496158,1000292
[RESULT] 26,128,4,0.476559162,0.464655638,500146,496158,1000292
[RESULT] 26,128,5,0.715287209,0.696873665,500146,496158,1000292
[RESULT] 26,128,6,0.699633360,0.688892603,500146,496158,1000292
[RESULT] 26,128,7,0.708098888,0.696115732,500146,496158,1000292
[RESULT] 26,128,8,0.686368704,0.670337439,500146,496158,1000292
[RESULT] 26,128,9,0.741287231,0.730844259,500146,496158,1000292
[RESULT] 27,128,0,0.296995163,0.289032698,499987,496119,999974
[RESULT] 27,128,1,0.485868454,0.473952532,499987,496119,999974
[RESULT] 27,128,2,0.506652832,0.489920855,499987,496119,999974
[RESULT] 27,128,3,0.505064011,0.492515087,499987,496119,999974
[RESULT] 27,128,4,0.476516247,0.464648724,499987,496119,999974
[RESULT] 27,128,5,0.714408875,0.697000742,499987,496119,999974
[RESULT] 27,128,6,0.700047255,0.688807726,499987,496119,999974
[RESULT] 27,128,7,0.708151817,0.696123362,499987,496119,999974
[RESULT] 27,128,8,0.681774855,0.670344353,499987,496119,999974
[RESULT] 27,128,9,0.741519213,0.730770588,499987,496119,999974
[RESULT] 30,128,0,0.308346033,0.296662331,500074,496156,1000148
[RESULT] 30,128,1,0.485935450,0.473871946,500074,496156,1000148
[RESULT] 30,128,2,0.506710529,0.489847660,500074,496156,1000148
[RESULT] 30,128,3,0.504608154,0.491929054,500074,496156,1000148
[RESULT] 30,128,4,0.476575136,0.464600325,500074,496156,1000148
[RESULT] 30,128,5,0.714401960,0.696904421,500074,496156,1000148
[RESULT] 30,128,6,0.700198174,0.688814878,500074,496156,1000148
[RESULT] 30,128,7,0.708189726,0.696036100,500074,496156,1000148
[RESULT] 30,128,8,0.681892157,0.670329571,500074,496156,1000148
[RESULT] 30,128,9,0.741622925,0.730772018,500074,496156,1000148
[RESULT] 29,128,0,0.308663607,0.296672583,499921,496003,999842
[RESULT] 29,128,1,0.485851049,0.473514080,499921,496003,999842
[RESULT] 29,128,2,0.506843328,0.489675045,499921,496003,999842
[RESULT] 29,128,3,0.505447388,0.492555141,499921,496003,999842
[RESULT] 29,128,4,0.476868391,0.464618206,499921,496003,999842
[RESULT] 29,128,5,0.714619875,0.696771145,499921,496003,999842
[RESULT] 29,128,6,0.700459242,0.688863516,499921,496003,999842
[RESULT] 29,128,7,0.708455324,0.696060658,499921,496003,999842
[RESULT] 29,128,8,0.682159185,0.670363903,499921,496003,999842
[RESULT] 29,128,9,0.741878510,0.730756998,499921,496003,999842
[RESULT] 0,128,0,0.326358318,0.311758995,500109,496292,1000218
[RESULT] 0,128,1,0.502208471,0.490978241,500109,496292,1000218
[RESULT] 0,128,2,0.504030943,0.488898993,500109,496292,1000218
[RESULT] 0,128,3,0.508185387,0.491288185,500109,496292,1000218
[RESULT] 0,128,4,0.499604225,0.476527452,500109,496292,1000218
[RESULT] 0,128,5,0.716389656,0.695863485,500109,496292,1000218
[RESULT] 0,128,6,0.702299595,0.688847065,500109,496292,1000218
[RESULT] 0,128,7,0.719285727,0.698895931,500109,496292,1000218
[RESULT] 0,128,8,0.686144829,0.667040825,500109,496292,1000218
[RESULT] 0,128,9,0.744843721,0.730827332,500109,496292,1000218

Benchmark Summary
Processes: 128
Iterations: 10
Matrix NNZ: 64000878
Total execution time: 7.182 seconds
[RESULT] 28,128,0,0.325025797,0.296679974,500038,496152,1000076
[RESULT] 28,128,1,0.501982450,0.473912716,500038,496152,1000076
[RESULT] 28,128,2,0.526957750,0.489740133,500038,496152,1000076
[RESULT] 28,128,3,0.505028486,0.492455006,500038,496152,1000076
[RESULT] 28,128,4,0.491162300,0.464631081,500038,496152,1000076
[RESULT] 28,128,5,0.717003345,0.696868658,500038,496152,1000076
[RESULT] 28,128,6,0.700064898,0.688818455,500038,496152,1000076
[RESULT] 28,128,7,0.708089352,0.696057558,500038,496152,1000076
[RESULT] 28,128,8,0.681803226,0.670345068,500038,496152,1000076
[RESULT] 28,128,9,0.746002913,0.730760336,500038,496152,1000076
[RESULT] 4,128,0,0.341672182,0.311712265,499887,496016,999774
[RESULT] 4,128,1,0.505306482,0.481590509,499887,496016,999774
[RESULT] 4,128,2,0.511853695,0.488086462,499887,496016,999774
[RESULT] 4,128,3,0.553461313,0.472743750,499887,496016,999774
[RESULT] 4,128,4,0.490841150,0.475340128,499887,496016,999774
[RESULT] 4,128,5,0.532453299,0.510559559,499887,496016,999774
[RESULT] 4,128,6,0.686769247,0.678261042,499887,496016,999774
[RESULT] 4,128,7,0.709931850,0.696198940,499887,496016,999774
[RESULT] 4,128,8,0.678804398,0.670415878,499887,496016,999774
[RESULT] 4,128,9,0.740386248,0.732231379,499887,496016,999774
[RESULT] 24,128,0,0.294130087,0.285415649,499933,496015,999866
[RESULT] 24,128,1,0.485812187,0.474036217,499933,496015,999866
[RESULT] 24,128,2,0.506479025,0.489760399,499933,496015,999866
[RESULT] 24,128,3,0.505440474,0.492486238,499933,496015,999866
[RESULT] 24,128,4,0.477952003,0.466287613,499933,496015,999866
[RESULT] 24,128,5,0.726125479,0.696959257,499933,496015,999866
[RESULT] 24,128,6,0.711315632,0.688894749,499933,496015,999866
[RESULT] 24,128,7,0.720413923,0.696164608,499933,496015,999866
[RESULT] 24,128,8,0.693048954,0.670444727,499933,496015,999866
[RESULT] 24,128,9,0.748150349,0.730882883,499933,496015,999866
[RESULT] 6,128,0,0.314465046,0.303682089,499961,496031,999922
[RESULT] 6,128,1,0.490015030,0.475466967,499961,496031,999922
[RESULT] 6,128,2,0.504645824,0.488056898,499961,496031,999922
[RESULT] 6,128,3,0.486523390,0.472613096,499961,496031,999922
[RESULT] 6,128,4,0.489722013,0.474761963,499961,496031,999922
[RESULT] 6,128,5,0.519136429,0.510531664,499961,496031,999922
[RESULT] 6,128,6,0.694566727,0.678208113,499961,496031,999922
[RESULT] 6,128,7,0.709910154,0.696130514,499961,496031,999922
[RESULT] 6,128,8,0.686857700,0.677970648,499961,496031,999922
[RESULT] 6,128,9,0.739979506,0.727907419,499961,496031,999922
[RESULT] 35,128,0,0.308170319,0.296598196,500089,496254,1000178
[RESULT] 35,128,1,0.483918667,0.472239733,500089,496254,1000178
[RESULT] 35,128,2,0.506254911,0.489680052,500089,496254,1000178
[RESULT] 35,128,3,0.505018950,0.492175102,500089,496254,1000178
[RESULT] 35,128,4,0.475999117,0.464055538,500089,496254,1000178
[RESULT] 35,128,5,0.715209723,0.696796656,500089,496254,1000178
[RESULT] 35,128,6,0.692456245,0.680933714,500089,496254,1000178
[RESULT] 8,128,0,0.332510233,0.311664104,500107,496192,1000214
[RESULT] 8,128,1,0.497840643,0.475293398,500107,496192,1000214
[RESULT] 8,128,2,0.527092695,0.488839865,500107,496192,1000214
[RESULT] 8,128,3,0.506021738,0.491946220,500107,496192,1000214
[RESULT] 8,128,4,0.491922617,0.476506233,500107,496192,1000214
[RESULT] 8,128,5,0.525611877,0.511811733,500107,496192,1000214
[RESULT] 8,128,6,0.702306032,0.688768148,500107,496192,1000214
[RESULT] 8,128,7,0.710013390,0.696118355,500107,496192,1000214
[RESULT] 8,128,8,0.686227560,0.670411348,500107,496192,1000214
[RESULT] 8,128,9,0.743291616,0.730768919,500107,496192,1000214
[RESULT] 35,128,7,0.707208633,0.695430756,500089,496254,1000178
[RESULT] 35,128,8,0.685945988,0.670241833,500089,496254,1000178
[RESULT] 35,128,9,0.748456717,0.723407507,500089,496254,1000178
[RESULT] 11,128,0,0.315141916,0.301317215,500017,496111,1000034
[RESULT] 11,128,1,0.489602327,0.475256681,500017,496111,1000034
[RESULT] 11,128,2,0.504208803,0.489758730,500017,496111,1000034
[RESULT] 11,128,3,0.508335829,0.491443396,500017,496111,1000034
[RESULT] 11,128,4,0.492851019,0.469665051,500017,496111,1000034
[RESULT] 11,128,5,0.715940714,0.695317268,500017,496111,1000034
[RESULT] 11,128,6,0.701614141,0.688735008,500017,496111,1000034
[RESULT] 11,128,7,0.715034485,0.696076155,500017,496111,1000034
[RESULT] 11,128,8,0.686072588,0.668554544,500017,496111,1000034
[RESULT] 11,128,9,0.740994692,0.730720043,500017,496111,1000034
[RESULT] 25,128,0,0.294420719,0.285419941,500163,496285,1000326
[RESULT] 25,128,1,0.485735416,0.473989010,500163,496285,1000326
[RESULT] 25,128,2,0.506676435,0.489682913,500163,496285,1000326
[RESULT] 25,128,3,0.516632557,0.491801500,500163,496285,1000326
[RESULT] 25,128,4,0.493531704,0.466005087,500163,496285,1000326
[RESULT] 25,128,5,0.728466034,0.696884394,500163,496285,1000326
[RESULT] 25,128,6,0.709661245,0.688899994,500163,496285,1000326
[RESULT] 25,128,7,0.721456766,0.696141005,500163,496285,1000326
[RESULT] 25,128,8,0.693413973,0.670442820,500163,496285,1000326
[RESULT] 25,128,9,0.753918648,0.730833292,500163,496285,1000326
[RESULT] 12,128,0,0.315195084,0.305263042,500307,496447,1000614
[RESULT] 12,128,1,0.489774227,0.475248098,500307,496447,1000614
[RESULT] 12,128,2,0.503262997,0.486556768,500307,496447,1000614
[RESULT] 12,128,3,0.504377842,0.490225315,500307,496447,1000614
[RESULT] 12,128,4,0.491456747,0.476095676,500307,496447,1000614
[RESULT] 12,128,5,0.712383747,0.695307970,500307,496447,1000614
[RESULT] 12,128,6,0.691535473,0.678161383,500307,496447,1000614
[RESULT] 12,128,7,0.725420952,0.699052811,500307,496447,1000614
[RESULT] 12,128,8,0.681418180,0.670353413,500307,496447,1000614
[RESULT] 12,128,9,0.742729664,0.730725527,500307,496447,1000614
[RESULT] 13,128,0,0.321818352,0.300933361,499794,495926,999588
[RESULT] 13,128,1,0.497225523,0.474806309,499794,495926,999588
[RESULT] 13,128,2,0.521761656,0.483479261,499794,495926,999588
[RESULT] 13,128,3,0.504979134,0.490715981,499794,495926,999588
[RESULT] 13,128,4,0.491463423,0.475988388,499794,495926,999588
[RESULT] 13,128,5,0.712410212,0.695250511,499794,495926,999588
[RESULT] 13,128,6,0.691644430,0.678142309,499794,495926,999588
[RESULT] 13,128,7,0.709856033,0.696046591,499794,495926,999588
[RESULT] 13,128,8,0.676463842,0.660540581,499794,495926,999588
[RESULT] 13,128,9,0.742800713,0.730708361,499794,495926,999588
[RESULT] 14,128,0,0.306755066,0.296804428,500214,496475,1000428
[RESULT] 14,128,1,0.488409996,0.474334955,500214,496475,1000428
[RESULT] 14,128,2,0.508078098,0.486299276,500214,496475,1000428
[RESULT] 14,128,3,0.505187273,0.491090059,500214,496475,1000428
[RESULT] 14,128,4,0.491182804,0.475860834,500214,496475,1000428
[RESULT] 14,128,5,0.712219715,0.695242167,500214,496475,1000428
[RESULT] 14,128,6,0.691492558,0.678132534,500214,496475,1000428
[RESULT] 14,128,7,0.709751606,0.696048260,500214,496475,1000428
[RESULT] 14,128,8,0.681688786,0.670324326,500214,496475,1000428
[RESULT] 14,128,9,0.731185198,0.718739986,500214,496475,1000428
[RESULT] 15,128,0,0.315711975,0.294751167,499809,495919,999618
[RESULT] 15,128,1,0.488477468,0.472287655,499809,495919,999618
[RESULT] 15,128,2,0.524399042,0.487379074,499809,495919,999618
[RESULT] 15,128,3,0.539474249,0.492301702,499809,495919,999618
[RESULT] 15,128,4,0.488779068,0.463839531,499809,495919,999618
[RESULT] 15,128,5,0.720392227,0.695222139,499809,495919,999618
[RESULT] 15,128,6,0.703095675,0.678149700,499809,495919,999618
[RESULT] 15,128,7,0.720231771,0.696042776,499809,495919,999618
[RESULT] 15,128,8,0.692450762,0.671953917,499809,495919,999618
[RESULT] 15,128,9,0.731603146,0.718740702,499809,495919,999618
[RESULT] 16,128,0,0.286287546,0.278668642,499904,495882,999808
[RESULT] 16,128,1,0.489820004,0.475544214,499904,495882,999808
[RESULT] 16,128,2,0.504193783,0.489728689,499904,495882,999808
[RESULT] 16,128,3,0.508492231,0.492166758,499904,495882,999808
[RESULT] 16,128,4,0.499288559,0.476349354,499904,495882,999808
[RESULT] 16,128,5,0.716105938,0.695266485,499904,495882,999808
[RESULT] 16,128,6,0.701667547,0.688699484,499904,495882,999808
[RESULT] 16,128,7,0.715245247,0.696036339,499904,495882,999808
[RESULT] 16,128,8,0.687936068,0.670306444,499904,495882,999808
[RESULT] 16,128,9,0.744505167,0.730696440,499904,495882,999808
[RESULT] 17,128,0,0.283718824,0.274338961,500225,496276,1000450
[RESULT] 17,128,1,0.481449604,0.466328621,500225,496276,1000450
[RESULT] 17,128,2,0.504831791,0.487862587,500225,496276,1000450
[RESULT] 17,128,3,0.504877090,0.490206242,500225,496276,1000450
[RESULT] 17,128,4,0.492163181,0.476496458,500225,496276,1000450
[RESULT] 17,128,5,0.712697506,0.695227146,500225,496276,1000450
[RESULT] 17,128,6,0.702537775,0.688672066,500225,496276,1000450
[RESULT] 17,128,7,0.710208178,0.696017265,500225,496276,1000450
[RESULT] 17,128,8,0.673096180,0.661458254,500225,496276,1000450
[RESULT] 17,128,9,0.743207693,0.730679989,500225,496276,1000450
[RESULT] 18,128,0,0.286488533,0.271600008,500038,495977,1000076
[RESULT] 18,128,1,0.498410463,0.475167513,500038,495977,1000076
[RESULT] 18,128,2,0.511231899,0.489673615,500038,495977,1000076
[RESULT] 18,128,3,0.519961357,0.492239475,500038,495977,1000076
[RESULT] 18,128,4,0.483383656,0.465911627,500038,495977,1000076
[RESULT] 18,128,5,0.711013794,0.695198536,500038,495977,1000076
[RESULT] 18,128,6,0.705336809,0.688703299,500038,495977,1000076
[RESULT] 18,128,7,0.711189508,0.696000338,500038,495977,1000076
[RESULT] 18,128,8,0.685722828,0.670274496,500038,495977,1000076
[RESULT] 18,128,9,0.742753267,0.730662823,500038,495977,1000076
[RESULT] 19,128,0,0.285346746,0.268659830,500070,496197,1000140
[RESULT] 19,128,1,0.497701645,0.475471258,500070,496197,1000140
[RESULT] 19,128,2,0.530711651,0.489413500,500070,496197,1000140
[RESULT] 19,128,3,0.503335476,0.488877058,500070,496197,1000140
[RESULT] 19,128,4,0.481901407,0.466438770,500070,496197,1000140
[RESULT] 19,128,5,0.708612204,0.691186905,500070,496197,1000140
[RESULT] 19,128,6,0.702288866,0.688652039,500070,496197,1000140
[RESULT] 19,128,7,0.709907293,0.695985317,500070,496197,1000140
[RESULT] 19,128,8,0.684601545,0.668488264,500070,496197,1000140
[RESULT] 19,128,9,0.742870331,0.730648279,500070,496197,1000140
[RESULT] 20,128,0,0.287902594,0.278634310,499847,495945,999694
[RESULT] 20,128,1,0.490069866,0.475475550,499847,495945,999694
[RESULT] 20,128,2,0.504191875,0.487529039,499847,495945,999694
[RESULT] 20,128,3,0.484071732,0.470146179,499847,495945,999694
[RESULT] 20,128,4,0.491251945,0.475895166,499847,495945,999694
[RESULT] 20,128,5,0.710962534,0.693964243,499847,495945,999694
[RESULT] 20,128,6,0.691504002,0.678087473,499847,495945,999694
[RESULT] 20,128,7,0.709621668,0.695990801,499847,495945,999694
[RESULT] 20,128,8,0.681303024,0.670262098,499847,495945,999694
[RESULT] 20,128,9,0.739679098,0.727771997,499847,495945,999694
[RESULT] 22,128,0,0.287552595,0.270622969,499895,496020,999790
[RESULT] 22,128,1,0.497888565,0.474473476,499895,496020,999790
[RESULT] 22,128,2,0.515784979,0.486333609,499895,496020,999790
[RESULT] 22,128,3,0.519659281,0.473274469,499895,496020,999790
[RESULT] 22,128,4,0.511008263,0.476915836,499895,496020,999790
[RESULT] 22,128,5,0.718185663,0.693917036,499895,496020,999790
[RESULT] 22,128,6,0.707674265,0.678069830,499895,496020,999790
[RESULT] 22,128,7,0.710721254,0.679053783,499895,496020,999790
[RESULT] 22,128,8,0.686662197,0.665411949,499895,496020,999790
[RESULT] 22,128,9,0.745218515,0.727743864,499895,496020,999790
[RESULT] 23,128,0,0.278202772,0.270607233,499931,496078,999862
[RESULT] 23,128,1,0.473489285,0.465770960,499931,496078,999862
[RESULT] 23,128,2,0.561344862,0.488699913,499931,496078,999862
[RESULT] 23,128,3,0.475854158,0.457342863,499931,496078,999862
[RESULT] 23,128,4,0.513045073,0.475068569,499931,496078,999862
[RESULT] 23,128,5,0.726668596,0.695337772,499931,496078,999862
[RESULT] 23,128,6,0.698038578,0.678072453,499931,496078,999862
[RESULT] 23,128,7,0.695819616,0.675987244,499931,496078,999862
[RESULT] 23,128,8,0.683746099,0.665387869,499931,496078,999862
[RESULT] 23,128,9,0.743394375,0.727738380,499931,496078,999862
[RESULT] 1,128,0,0.320844412,0.307402134,499877,496104,999754
[RESULT] 1,128,1,0.487864494,0.472640514,499877,496104,999754
[RESULT] 1,128,2,0.504378557,0.489464998,499877,496104,999754
[RESULT] 1,128,3,0.507987499,0.490886688,499877,496104,999754
[RESULT] 1,128,4,0.499392271,0.476498604,499877,496104,999754
[RESULT] 1,128,5,0.520235538,0.511867523,499877,496104,999754
[RESULT] 1,128,6,0.703367710,0.688859224,499877,496104,999754
[RESULT] 1,128,7,0.719741583,0.698894978,499877,496104,999754
[RESULT] 1,128,8,0.677186489,0.658192873,499877,496104,999754
[RESULT] 1,128,9,0.751392603,0.730829954,499877,496104,999754
[RESULT] 2,128,0,0.343876123,0.304669619,499748,495818,999496
[RESULT] 2,128,1,0.523340940,0.489978313,499748,495818,999496
[RESULT] 2,128,2,0.511885881,0.489717484,499748,495818,999496
[RESULT] 2,128,3,0.531734467,0.489831686,499748,495818,999496
[RESULT] 2,128,4,0.491395473,0.468499422,499748,495818,999496
[RESULT] 2,128,5,0.520121813,0.511852503,499748,495818,999496
[RESULT] 2,128,6,0.705395937,0.688875198,499748,495818,999496
[RESULT] 2,128,7,0.736110687,0.706995487,499748,495818,999496
[RESULT] 2,128,8,0.686594963,0.667010784,499748,495818,999496
[RESULT] 2,128,9,0.753532171,0.730885506,499748,495818,999496
[RESULT] 5,128,0,0.332696676,0.307364225,500177,496214,1000354
[RESULT] 5,128,1,0.506694555,0.481586456,500177,496214,1000354
[RESULT] 5,128,2,0.520809889,0.488266468,500177,496214,1000354
[RESULT] 5,128,3,0.497150421,0.472962618,500177,496214,1000354
[RESULT] 5,128,4,0.503421068,0.475901127,500177,496214,1000354
[RESULT] 5,128,5,0.529010057,0.510560989,500177,496214,1000354
[RESULT] 5,128,6,0.700223923,0.678240776,500177,496214,1000354
[RESULT] 5,128,7,0.730238438,0.696146727,500177,496214,1000354
[RESULT] 5,128,8,0.687484503,0.661671877,500177,496214,1000354
[RESULT] 5,128,9,0.749010324,0.727922201,500177,496214,1000354
[RESULT] 7,128,0,0.329046488,0.303673029,500058,496221,1000116
[RESULT] 7,128,1,0.493561983,0.466542482,500058,496221,1000116
[RESULT] 7,128,2,0.520837069,0.488045692,500058,496221,1000116
[RESULT] 7,128,3,0.496420145,0.472594500,500058,496221,1000116
[RESULT] 7,128,4,0.502465248,0.475087404,500058,496221,1000116
[RESULT] 7,128,5,0.528449059,0.510579348,500058,496221,1000116
[RESULT] 7,128,6,0.699850559,0.678196430,500058,496221,1000116
[RESULT] 7,128,7,0.722469330,0.696122885,500058,496221,1000116
[RESULT] 7,128,8,0.691021919,0.665614128,500058,496221,1000116
[RESULT] 7,128,9,0.748629332,0.727887154,500058,496221,1000116
[RESULT] 21,128,0,0.313220263,0.278647184,500015,496107,1000030
[RESULT] 21,128,1,0.503935575,0.475149155,500015,496107,1000030
[RESULT] 21,128,2,0.525523901,0.487561941,500015,496107,1000030
[RESULT] 21,128,3,0.499167681,0.471243620,500015,496107,1000030
[RESULT] 21,128,4,0.506870747,0.476261854,500015,496107,1000030
[RESULT] 21,128,5,0.722485304,0.693933249,500015,496107,1000030
[RESULT] 21,128,6,0.721891165,0.678091288,500015,496107,1000030
[RESULT] 21,128,7,0.720020533,0.690076113,500015,496107,1000030
[RESULT] 21,128,8,0.689076424,0.661464214,500015,496107,1000030
[RESULT] 21,128,9,0.751600742,0.727766514,500015,496107,1000030
[RESULT] 9,128,0,0.334249735,0.307342768,500244,496409,1000488
[RESULT] 9,128,1,0.502230406,0.465679407,500244,496409,1000488
[RESULT] 9,128,2,0.549324989,0.489822865,500244,496409,1000488
[RESULT] 9,128,3,0.515155077,0.487658024,500244,496409,1000488
[RESULT] 9,128,4,0.506467581,0.476234436,500244,496409,1000488
[RESULT] 9,128,5,0.723196983,0.695236683,500244,496409,1000488
[RESULT] 9,128,6,0.713918924,0.688776970,500244,496409,1000488
[RESULT] 9,128,7,0.725591898,0.696103573,500244,496409,1000488
[RESULT] 9,128,8,0.688770533,0.661572933,500244,496409,1000488
[RESULT] 9,128,9,0.771633148,0.737992525,500244,496409,1000488
