Synthetic Matrix (Weak Scaling): Rows/proc=10000 | Total rows=80000 | NNZ/row=~50 | Procs=8
Matrix distributed and converted to CSR
Ghost columns identified: 437339 total ghost values needed
Local vector initialized (size=10000 per process)
[RESULT] 2,8,0,0.007675171,0.004226685,499748,437445,999496
[RESULT] 2,8,1,0.006808758,0.003185034,499748,437445,999496
[RESULT] 2,8,2,0.005920172,0.002444983,499748,437445,999496
[RESULT] 2,8,3,0.006052256,0.002699852,499748,437445,999496
[RESULT] 2,8,4,0.005724430,0.002195120,499748,437445,999496
[RESULT] 2,8,5,0.006493807,0.003112078,499748,437445,999496
[RESULT] 2,8,6,0.006213427,0.002767086,499748,437445,999496
[RESULT] 2,8,7,0.005907297,0.002358198,499748,437445,999496
[RESULT] 2,8,8,0.005980492,0.002635717,499748,437445,999496
[RESULT] 2,8,9,0.005929947,0.002429008,499748,437445,999496
[RESULT] 0,8,0,0.009492874,0.005284071,500109,437339,1000218
[RESULT] 0,8,1,0.006885529,0.003179789,500109,437339,1000218
[RESULT] 0,8,2,0.006658792,0.003064394,500109,437339,1000218
[RESULT] 0,8,3,0.006530523,0.003024817,500109,437339,1000218
[RESULT] 0,8,4,0.006619453,0.003003836,500109,437339,1000218
[RESULT] 0,8,5,0.006704092,0.003106356,500109,437339,1000218
[RESULT] 0,8,6,0.006476641,0.002935886,500109,437339,1000218
[RESULT] 0,8,7,0.006442785,0.003007412,500109,437339,1000218
[RESULT] 0,8,8,0.006328106,0.002951145,500109,437339,1000218
[RESULT] 0,8,9,0.006185293,0.002847433,500109,437339,1000218

Benchmark Summary
Processes: 8
Iterations: 10
Matrix NNZ: 3999715
Total execution time: 0.117 seconds
[RESULT] 3,8,0,0.007792473,0.004400015,499898,437328,999796
[RESULT] 3,8,1,0.006400108,0.002823114,499898,437328,999796
[RESULT] 3,8,2,0.006196499,0.002712250,499898,437328,999796
[RESULT] 3,8,3,0.005923748,0.002575874,499898,437328,999796
[RESULT] 3,8,4,0.006485701,0.002947569,499898,437328,999796
[RESULT] 3,8,5,0.006227732,0.002895832,499898,437328,999796
[RESULT] 3,8,6,0.005983114,0.002576590,499898,437328,999796
[RESULT] 3,8,7,0.006120443,0.002585411,499898,437328,999796
[RESULT] 3,8,8,0.006087065,0.002747774,499898,437328,999796
[RESULT] 3,8,9,0.006235361,0.002754927,499898,437328,999796
[RESULT] 7,8,0,0.008839607,0.005291462,500058,437467,1000116
[RESULT] 7,8,1,0.006476641,0.002857208,500058,437467,1000116
[RESULT] 7,8,2,0.006254673,0.002743721,500058,437467,1000116
[RESULT] 7,8,3,0.006385088,0.003006458,500058,437467,1000116
[RESULT] 7,8,4,0.006504774,0.002942801,500058,437467,1000116
[RESULT] 7,8,5,0.006043196,0.002667427,500058,437467,1000116
[RESULT] 7,8,6,0.006057501,0.002586842,500058,437467,1000116
[RESULT] 7,8,7,0.006215096,0.002652407,500058,437467,1000116
[RESULT] 7,8,8,0.006314039,0.002921581,500058,437467,1000116
[RESULT] 7,8,9,0.006371498,0.002826691,500058,437467,1000116
[RESULT] 4,8,0,0.008462906,0.004586935,499887,437529,999774
[RESULT] 4,8,1,0.006698132,0.002926588,499887,437529,999774
[RESULT] 4,8,2,0.006487608,0.002664804,499887,437529,999774
[RESULT] 4,8,3,0.006551504,0.002777815,499887,437529,999774
[RESULT] 4,8,4,0.006555080,0.002804995,499887,437529,999774
[RESULT] 4,8,5,0.006685972,0.002924681,499887,437529,999774
[RESULT] 4,8,6,0.006613731,0.002835274,499887,437529,999774
[RESULT] 6,8,0,0.008869171,0.005014896,499961,437495,999922
[RESULT] 6,8,1,0.006675959,0.002889872,499961,437495,999922
[RESULT] 6,8,2,0.006822109,0.003059149,499961,437495,999922
[RESULT] 4,8,7,0.006475687,0.002729177,499887,437529,999774
[RESULT] 4,8,8,0.006366491,0.002623081,499887,437529,999774
[RESULT] 4,8,9,0.006476879,0.002687454,499887,437529,999774
[RESULT] 6,8,3,0.006468773,0.002732992,499961,437495,999922
[RESULT] 6,8,4,0.006603241,0.002862215,499961,437495,999922
[RESULT] 6,8,5,0.006655931,0.002887249,499961,437495,999922
[RESULT] 6,8,6,0.006644487,0.002919912,499961,437495,999922
[RESULT] 6,8,7,0.006439447,0.002724171,499961,437495,999922
[RESULT] 6,8,8,0.006669044,0.002921104,499961,437495,999922
[RESULT] 6,8,9,0.006502867,0.002757788,499961,437495,999922
[RESULT] 5,8,0,0.008959055,0.005076408,500177,437814,1000354
[RESULT] 5,8,1,0.006593466,0.002785683,500177,437814,1000354
[RESULT] 5,8,2,0.006576538,0.002787352,500177,437814,1000354
[RESULT] 5,8,3,0.006512165,0.002746344,500177,437814,1000354
[RESULT] 5,8,4,0.006625414,0.002876997,500177,437814,1000354
[RESULT] 5,8,5,0.006632328,0.002840519,500177,437814,1000354
[RESULT] 5,8,6,0.006560087,0.002760887,500177,437814,1000354
[RESULT] 5,8,7,0.006454468,0.002718449,500177,437814,1000354
[RESULT] 5,8,8,0.006470442,0.002706766,500177,437814,1000354
[RESULT] 5,8,9,0.006548405,0.002776861,500177,437814,1000354
[RESULT] 1,8,0,0.008454084,0.004484177,499877,437248,999754
[RESULT] 1,8,1,0.006836414,0.003000498,499877,437248,999754
[RESULT] 1,8,2,0.006579161,0.002741098,499877,437248,999754
[RESULT] 1,8,3,0.006589413,0.002779722,499877,437248,999754
[RESULT] 1,8,4,0.006813049,0.002997875,499877,437248,999754
[RESULT] 1,8,5,0.006781101,0.002920628,499877,437248,999754
[RESULT] 1,8,6,0.006388664,0.002583504,499877,437248,999754
[RESULT] 1,8,7,0.006807089,0.003000736,499877,437248,999754
[RESULT] 1,8,8,0.006706715,0.002927065,499877,437248,999754
[RESULT] 1,8,9,0.006607533,0.002762318,499877,437248,999754
