Synthetic Matrix (Weak Scaling): Rows/proc=10000 | Total rows=40000 | NNZ/row=~50 | Procs=4
Matrix distributed and converted to CSR
Ghost columns identified: 375097 total ghost values needed
Local vector initialized (size=10000 per process)
[RESULT] 3,4,0,0.005524158,0.004667759,499898,374377,999796
[RESULT] 3,4,1,0.004121542,0.003355742,499898,374377,999796
[RESULT] 3,4,2,0.003829718,0.003072500,499898,374377,999796
[RESULT] 3,4,3,0.003978252,0.003216028,499898,374377,999796
[RESULT] 3,4,4,0.004148245,0.003386021,499898,374377,999796
[RESULT] 3,4,5,0.004448891,0.003671408,499898,374377,999796
[RESULT] 3,4,6,0.003966331,0.003199577,499898,374377,999796
[RESULT] 3,4,7,0.003907442,0.003148556,499898,374377,999796
[RESULT] 3,4,8,0.003788948,0.003032923,499898,374377,999796
[RESULT] 3,4,9,0.003847837,0.003090620,499898,374377,999796
[RESULT] 2,4,0,0.005884647,0.004970789,499748,374720,999496
[RESULT] 2,4,1,0.004289865,0.003477335,499748,374720,999496
[RESULT] 2,4,2,0.004196167,0.003388405,499748,374720,999496
[RESULT] 2,4,3,0.004220486,0.003399611,499748,374720,999496
[RESULT] 2,4,4,0.004246950,0.003427505,499748,374720,999496
[RESULT] 2,4,5,0.004414558,0.003608942,499748,374720,999496
[RESULT] 2,4,6,0.004101038,0.003296852,499748,374720,999496
[RESULT] 2,4,7,0.004210472,0.003417730,499748,374720,999496
[RESULT] 2,4,8,0.003960371,0.003164053,499748,374720,999496
[RESULT] 2,4,9,0.004008532,0.003203392,499748,374720,999496
[RESULT] 0,4,0,0.005112171,0.004219055,500109,375097,1000218
[RESULT] 0,4,1,0.004120588,0.003212214,500109,375097,1000218
[RESULT] 0,4,2,0.004064322,0.003179550,500109,375097,1000218
[RESULT] 0,4,3,0.004041910,0.003122807,500109,375097,1000218
[RESULT] 0,4,4,0.004115820,0.003205538,500109,375097,1000218
[RESULT] 0,4,5,0.004422665,0.003531694,500109,375097,1000218
[RESULT] 0,4,6,0.003997326,0.003120661,500109,375097,1000218
[RESULT] 0,4,7,0.003921747,0.003036976,500109,375097,1000218
[RESULT] 0,4,8,0.003915548,0.003021717,500109,375097,1000218
[RESULT] 0,4,9,0.004048109,0.003165245,500109,375097,1000218

Benchmark Summary
Processes: 4
Iterations: 10
Matrix NNZ: 1999632
Total execution time: 0.110 seconds
[RESULT] 1,4,0,0.007091284,0.005439520,499877,374927,999754
[RESULT] 1,4,1,0.005413532,0.003982544,499877,374927,999754
[RESULT] 1,4,2,0.005440712,0.004036427,499877,374927,999754
[RESULT] 1,4,3,0.005367279,0.003954172,499877,374927,999754
[RESULT] 1,4,4,0.005175591,0.003763676,499877,374927,999754
[RESULT] 1,4,5,0.005052805,0.003676414,499877,374927,999754
[RESULT] 1,4,6,0.004923582,0.003543377,499877,374927,999754
[RESULT] 1,4,7,0.005223513,0.003841162,499877,374927,999754
[RESULT] 1,4,8,0.005272865,0.003883362,499877,374927,999754
[RESULT] 1,4,9,0.005230904,0.003825426,499877,374927,999754
