Synthetic Matrix (Weak Scaling): Rows/proc=10000 | Total rows=40000 | NNZ/row=~50 | Procs=4
Matrix distributed and converted to CSR
Ghost columns identified: 375097 total ghost values needed
Local vector initialized (size=10000 per process)
[RESULT] 1,4,0,0.009230375,0.005614996,499877,374927,999754
[RESULT] 1,4,1,0.007467508,0.003880024,499877,374927,999754
[RESULT] 1,4,2,0.006769180,0.003185034,499877,374927,999754
[RESULT] 1,4,3,0.006859541,0.003273964,499877,374927,999754
[RESULT] 1,4,4,0.006957531,0.003376007,499877,374927,999754
[RESULT] 1,4,5,0.006984949,0.003401279,499877,374927,999754
[RESULT] 1,4,6,0.006702423,0.003114700,499877,374927,999754
[RESULT] 1,4,7,0.006844521,0.003265619,499877,374927,999754
[RESULT] 1,4,8,0.006725073,0.003153801,499877,374927,999754
[RESULT] 1,4,9,0.006698847,0.003121138,499877,374927,999754
[RESULT] 3,4,0,0.008759260,0.004721880,499898,374377,999796
[RESULT] 3,4,1,0.007394075,0.003376007,499898,374377,999796
[RESULT] 3,4,2,0.007323265,0.003303528,499898,374377,999796
[RESULT] 3,4,3,0.007198572,0.003177404,499898,374377,999796
[RESULT] 3,4,4,0.007292271,0.003261805,499898,374377,999796
[RESULT] 3,4,5,0.007317781,0.003260136,499898,374377,999796
[RESULT] 3,4,6,0.007590055,0.003595352,499898,374377,999796
[RESULT] 3,4,7,0.007621288,0.003683329,499898,374377,999796
[RESULT] 3,4,8,0.007164955,0.003174067,499898,374377,999796
[RESULT] 3,4,9,0.007227659,0.003216028,499898,374377,999796
[RESULT] 2,4,0,0.008582830,0.004420519,499748,374720,999496
[RESULT] 2,4,1,0.007548332,0.003393888,499748,374720,999496
[RESULT] 2,4,2,0.007388592,0.003276587,499748,374720,999496
[RESULT] 2,4,3,0.007310152,0.003260612,499748,374720,999496
[RESULT] 2,4,4,0.007552147,0.003387451,499748,374720,999496
[RESULT] 2,4,5,0.007170200,0.003122091,499748,374720,999496
[RESULT] 2,4,6,0.007853746,0.003730536,499748,374720,999496
[RESULT] 2,4,7,0.007668972,0.003454685,499748,374720,999496
[RESULT] 2,4,8,0.007335901,0.003196478,499748,374720,999496
[RESULT] 2,4,9,0.007277012,0.003181458,499748,374720,999496
[RESULT] 0,4,0,0.009949684,0.006032467,500109,375097,1000218
[RESULT] 0,4,1,0.008406162,0.004506350,500109,375097,1000218
[RESULT] 0,4,2,0.008095980,0.004202843,500109,375097,1000218
[RESULT] 0,4,3,0.008054972,0.004163504,500109,375097,1000218
[RESULT] 0,4,4,0.007922888,0.004038334,500109,375097,1000218
[RESULT] 0,4,5,0.008033752,0.004145145,500109,375097,1000218
[RESULT] 0,4,6,0.007775784,0.003881931,500109,375097,1000218
[RESULT] 0,4,7,0.007720947,0.003829002,500109,375097,1000218
[RESULT] 0,4,8,0.007771492,0.003888130,500109,375097,1000218
[RESULT] 0,4,9,0.007671356,0.003780603,500109,375097,1000218

Benchmark Summary
Processes: 4
Iterations: 10
Matrix NNZ: 1999632
Total execution time: 0.136 seconds
