Synthetic Matrix (Weak Scaling): Rows/proc=10000 | Total rows=20000 | NNZ/row=~50 | Procs=2
Matrix distributed and converted to CSR
Ghost columns identified: 249636 total ghost values needed
Local vector initialized (size=10000 per process)
[RESULT] 0,2,0,0.007885218,0.002205372,500109,249636,1000218
[RESULT] 0,2,1,0.008074999,0.002377033,500109,249636,1000218
[RESULT] 0,2,2,0.007943630,0.002263069,500109,249636,1000218
[RESULT] 0,2,3,0.008015394,0.002344131,500109,249636,1000218
[RESULT] 0,2,4,0.007950544,0.002265930,500109,249636,1000218
[RESULT] 0,2,5,0.007909775,0.002236843,500109,249636,1000218
[RESULT] 0,2,6,0.007849216,0.002180576,500109,249636,1000218
[RESULT] 0,2,7,0.007916451,0.002225399,500109,249636,1000218
[RESULT] 0,2,8,0.007736683,0.002060652,500109,249636,1000218
[RESULT] 0,2,9,0.007843256,0.002143383,500109,249636,1000218

Benchmark Summary
Processes: 2
Iterations: 10
Matrix NNZ: 999986
Total execution time: 0.127 seconds
[RESULT] 1,2,0,0.008292437,0.002606869,499877,250129,999754
[RESULT] 1,2,1,0.008443594,0.002775431,499877,250129,999754
[RESULT] 1,2,2,0.008177280,0.002518177,499877,250129,999754
[RESULT] 1,2,3,0.008272886,0.002583027,499877,250129,999754
[RESULT] 1,2,4,0.008087873,0.002423763,499877,250129,999754
[RESULT] 1,2,5,0.008057117,0.002401829,499877,250129,999754
[RESULT] 1,2,6,0.007918835,0.002257347,499877,250129,999754
[RESULT] 1,2,7,0.007940769,0.002281666,499877,250129,999754
[RESULT] 1,2,8,0.007909298,0.002247095,499877,250129,999754
[RESULT] 1,2,9,0.007990837,0.002328634,499877,250129,999754
