Synthetic Matrix (Weak Scaling): Rows/proc=10000 | Total rows=80000 | NNZ/row=~50 | Procs=8
Matrix distributed and converted to CSR
Ghost columns identified: 437339 total ghost values needed
Local vector initialized (size=10000 per process)
[RESULT] 5,8,0,0.038661957,0.037358284,500177,437814,1000354
[RESULT] 5,8,1,0.039539814,0.038265467,500177,437814,1000354
[RESULT] 5,8,2,0.045815468,0.044538260,500177,437814,1000354
[RESULT] 5,8,3,0.062686682,0.061339617,500177,437814,1000354
[RESULT] 5,8,4,0.060907364,0.059638262,500177,437814,1000354
[RESULT] 5,8,5,0.064809084,0.063536406,500177,437814,1000354
[RESULT] 5,8,6,0.070099831,0.068388700,500177,437814,1000354
[RESULT] 5,8,7,0.056071758,0.054745674,500177,437814,1000354
[RESULT] 5,8,8,0.013963699,0.012644053,500177,437814,1000354
[RESULT] 5,8,9,0.035512447,0.034165621,500177,437814,1000354
[RESULT] 3,8,0,0.038503885,0.034373760,499898,437328,999796
[RESULT] 3,8,1,0.042379141,0.038115025,499898,437328,999796
[RESULT] 3,8,2,0.048572779,0.044051647,499898,437328,999796
[RESULT] 3,8,3,0.065603018,0.061322689,499898,437328,999796
[RESULT] 3,8,4,0.064120770,0.059557676,499898,437328,999796
[RESULT] 3,8,5,0.067983627,0.063457489,499898,437328,999796
[RESULT] 3,8,6,0.080499411,0.067442656,499898,437328,999796
[RESULT] 3,8,7,0.059588671,0.055156708,499898,437328,999796
[RESULT] 3,8,8,0.017765999,0.013339281,499898,437328,999796
[RESULT] 3,8,9,0.038511992,0.034130335,499898,437328,999796
[RESULT] 2,8,0,0.032459736,0.028107166,499748,437445,999496
[RESULT] 2,8,1,0.050663233,0.046319485,499748,437445,999496
[RESULT] 2,8,2,0.040270090,0.035919189,499748,437445,999496
[RESULT] 2,8,3,0.017601728,0.013341665,499748,437445,999496
[RESULT] 2,8,4,0.014387131,0.010122061,499748,437445,999496
[RESULT] 2,8,5,0.018462181,0.014144182,499748,437445,999496
[RESULT] 2,8,6,0.025707722,0.015053988,499748,437445,999496
[RESULT] 2,8,7,0.061076403,0.056763411,499748,437445,999496
[RESULT] 2,8,8,0.017035246,0.012792349,499748,437445,999496
[RESULT] 2,8,9,0.030192852,0.025924683,499748,437445,999496
[RESULT] 4,8,0,0.137780428,0.136401415,499887,437529,999774
[RESULT] 4,8,1,0.071429729,0.070107222,499887,437529,999774
[RESULT] 4,8,2,0.137418985,0.136006832,499887,437529,999774
[RESULT] 4,8,3,0.067543268,0.066206217,499887,437529,999774
[RESULT] 4,8,4,0.137708426,0.136344671,499887,437529,999774
[RESULT] 4,8,5,0.137700081,0.136322737,499887,437529,999774
[RESULT] 4,8,6,0.070041180,0.068713188,499887,437529,999774
[RESULT] 4,8,7,0.137394905,0.136018753,499887,437529,999774
[RESULT] 4,8,8,0.069166899,0.067865133,499887,437529,999774
[RESULT] 4,8,9,0.070771217,0.069454432,499887,437529,999774
[RESULT] 0,8,0,0.101550817,0.100207329,500109,437339,1000218
[RESULT] 0,8,1,0.114904404,0.113533020,500109,437339,1000218
[RESULT] 0,8,2,0.114966631,0.112014294,500109,437339,1000218
[RESULT] 0,8,3,0.105353355,0.104014397,500109,437339,1000218
[RESULT] 0,8,4,0.105265141,0.103921890,500109,437339,1000218
[RESULT] 0,8,5,0.105729103,0.104032040,500109,437339,1000218
[RESULT] 0,8,6,0.146807909,0.132563829,500109,437339,1000218
[RESULT] 0,8,7,0.190110922,0.188781500,500109,437339,1000218
[RESULT] 0,8,8,0.095995426,0.094632387,500109,437339,1000218
[RESULT] 0,8,9,0.101641178,0.100342035,500109,437339,1000218

Benchmark Summary
Processes: 8
Iterations: 10
Matrix NNZ: 3999715
Total execution time: 2.551 seconds
[RESULT] 7,8,0,0.089846849,0.088077307,500058,437467,1000116
[RESULT] 7,8,1,0.105428696,0.090976715,500058,437467,1000116
[RESULT] 7,8,2,0.165480614,0.163749218,500058,437467,1000116
[RESULT] 7,8,3,0.113237143,0.111484289,500058,437467,1000116
[RESULT] 7,8,4,0.182271004,0.180536509,500058,437467,1000116
[RESULT] 7,8,5,0.185657978,0.183418274,500058,437467,1000116
[RESULT] 7,8,6,0.079755545,0.078039408,500058,437467,1000116
[RESULT] 7,8,7,0.110264778,0.108489275,500058,437467,1000116
[RESULT] 7,8,8,0.079813957,0.078035355,500058,437467,1000116
[RESULT] 7,8,9,0.091215611,0.089448929,500058,437467,1000116
[RESULT] 1,8,0,0.105900288,0.104176760,499877,437248,999754
[RESULT] 1,8,1,0.105679035,0.103979826,499877,437248,999754
[RESULT] 1,8,2,0.110636950,0.108911276,499877,437248,999754
[RESULT] 1,8,3,0.109615564,0.107871771,499877,437248,999754
[RESULT] 1,8,4,0.098799706,0.097086668,499877,437248,999754
[RESULT] 1,8,5,0.106391668,0.103983879,499877,437248,999754
[RESULT] 1,8,6,0.133428574,0.131649494,499877,437248,999754
[RESULT] 1,8,7,0.105682850,0.103945971,499877,437248,999754
[RESULT] 1,8,8,0.103469372,0.101762056,499877,437248,999754
[RESULT] 1,8,9,0.109879017,0.108149529,499877,437248,999754
[RESULT] 6,8,0,0.178731203,0.177305937,499961,437495,999922
[RESULT] 6,8,1,0.088384867,0.087020397,499961,437495,999922
[RESULT] 6,8,2,0.096479177,0.095171452,499961,437495,999922
[RESULT] 6,8,3,0.106995106,0.105616808,499961,437495,999922
[RESULT] 6,8,4,0.113501072,0.112189770,499961,437495,999922
[RESULT] 6,8,5,0.109959841,0.108391047,499961,437495,999922
[RESULT] 6,8,6,0.080106735,0.078804016,499961,437495,999922
[RESULT] 6,8,7,0.111904621,0.110605240,499961,437495,999922
[RESULT] 6,8,8,0.079314709,0.078011274,499961,437495,999922
[RESULT] 6,8,9,0.106149912,0.104802132,499961,437495,999922
