Synthetic Matrix (Weak Scaling): Rows/proc=10000 | Total rows=320000 | NNZ/row=~50 | Procs=32
Matrix distributed and converted to CSR
Ghost columns identified: 484522 total ghost values needed
Local vector initialized (size=10000 per process)
[RESULT] 9,32,0,0.161852360,0.128110647,500244,484581,1000488
[RESULT] 9,32,1,0.161896944,0.128080606,500244,484581,1000488
[RESULT] 9,32,2,0.162266731,0.128391743,500244,484581,1000488
[RESULT] 9,32,3,0.192952633,0.131128788,500244,484581,1000488
[RESULT] 9,32,4,0.161765814,0.128206015,500244,484581,1000488
[RESULT] 9,32,5,0.162141085,0.128195047,500244,484581,1000488
[RESULT] 9,32,6,0.162415504,0.128614664,500244,484581,1000488
[RESULT] 9,32,7,0.193995714,0.160224438,500244,484581,1000488
[RESULT] 9,32,8,0.194439411,0.160598278,500244,484581,1000488
[RESULT] 9,32,9,0.163816452,0.130065680,500244,484581,1000488
[RESULT] 14,32,0,0.126201391,0.092056990,500214,484715,1000428
[RESULT] 14,32,1,0.130395412,0.096131086,500214,484715,1000428
[RESULT] 14,32,2,0.130600452,0.096313715,500214,484715,1000428
[RESULT] 14,32,3,0.160452604,0.097949266,500214,484715,1000428
[RESULT] 14,32,4,0.130617619,0.096244097,500214,484715,1000428
[RESULT] 14,32,5,0.162643194,0.128307581,500214,484715,1000428
[RESULT] 14,32,6,0.162478685,0.128263474,500214,484715,1000428
[RESULT] 14,32,7,0.162559986,0.128285170,500214,484715,1000428
[RESULT] 14,32,8,0.163855553,0.129522324,500214,484715,1000428
[RESULT] 14,32,9,0.131865263,0.097586870,500214,484715,1000428
[RESULT] 24,32,0,0.129804134,0.095135212,499933,484137,999866
[RESULT] 24,32,1,0.134644985,0.100079060,499933,484137,999866
[RESULT] 24,32,2,0.158788204,0.124081373,499933,484137,999866
[RESULT] 24,32,3,0.161617041,0.127094030,499933,484137,999866
[RESULT] 24,32,4,0.130790472,0.096124887,499933,484137,999866
[RESULT] 24,32,5,0.162665844,0.128076315,499933,484137,999866
[RESULT] 24,32,6,0.193931341,0.131060123,499933,484137,999866
[RESULT] 24,32,7,0.167670965,0.133090973,499933,484137,999866
[RESULT] 24,32,8,0.198119164,0.160409212,499933,484137,999866
[RESULT] 24,32,9,0.162777901,0.128110647,499933,484137,999866
[RESULT] 21,32,0,0.162104130,0.128317595,500015,484361,1000030
[RESULT] 21,32,1,0.162136793,0.128298759,500015,484361,1000030
[RESULT] 21,32,2,0.162672281,0.128847361,500015,484361,1000030
[RESULT] 21,32,3,0.162329674,0.128793240,500015,484361,1000030
[RESULT] 21,32,4,0.162688255,0.128798246,500015,484361,1000030
[RESULT] 21,32,5,0.162618637,0.128786802,500015,484361,1000030
[RESULT] 21,32,6,0.162670135,0.128847122,500015,484361,1000030
[RESULT] 21,32,7,0.193718433,0.160085917,500015,484361,1000030
[RESULT] 21,32,8,0.194451809,0.160610437,500015,484361,1000030
[RESULT] 21,32,9,0.161625624,0.128092527,500015,484361,1000030
[RESULT] 26,32,0,0.130383968,0.096105814,500146,484514,1000292
[RESULT] 26,32,1,0.130362272,0.096149683,500146,484514,1000292
[RESULT] 26,32,2,0.130545616,0.096324682,500146,484514,1000292
[RESULT] 26,32,3,0.130500555,0.096240997,500146,484514,1000292
[RESULT] 26,32,4,0.130703449,0.096244335,500146,484514,1000292
[RESULT] 26,32,5,0.162493944,0.128247261,500146,484514,1000292
[RESULT] 26,32,6,0.163396597,0.129084826,500146,484514,1000292
[RESULT] 26,32,7,0.162432671,0.128253222,500146,484514,1000292
[RESULT] 26,32,8,0.163875818,0.129527330,500146,484514,1000292
[RESULT] 26,32,9,0.130595207,0.096265316,500146,484514,1000292
[RESULT] 13,32,0,0.161814928,0.128094435,499794,484204,999588
[RESULT] 13,32,1,0.161845207,0.128076553,499794,484204,999588
[RESULT] 13,32,2,0.161738873,0.128087759,499794,484204,999588
[RESULT] 13,32,3,0.161487341,0.128082037,499794,484204,999588
[RESULT] 13,32,4,0.161870480,0.128063440,499794,484204,999588
[RESULT] 13,32,5,0.161791086,0.128084183,499794,484204,999588
[RESULT] 13,32,6,0.161932230,0.128206253,499794,484204,999588
[RESULT] 13,32,7,0.163769722,0.130045176,499794,484204,999588
[RESULT] 13,32,8,0.194148302,0.160386086,499794,484204,999588
[RESULT] 13,32,9,0.161570787,0.128063440,499794,484204,999588
[RESULT] 12,32,0,0.129828453,0.095135450,500307,484629,1000614
[RESULT] 12,32,1,0.131002426,0.096094608,500307,484629,1000614
[RESULT] 12,32,2,0.131180048,0.096323729,500307,484629,1000614
[RESULT] 12,32,3,0.130579948,0.095745802,500307,484629,1000614
[RESULT] 12,32,4,0.131047964,0.096242905,500307,484629,1000614
[RESULT] 12,32,5,0.163177729,0.128254890,500307,484629,1000614
[RESULT] 12,32,6,0.163754463,0.129042625,500307,484629,1000614
[RESULT] 12,32,7,0.163998127,0.129317284,500307,484629,1000614
[RESULT] 12,32,8,0.166844845,0.128990889,500307,484629,1000614
[RESULT] 12,32,9,0.131058455,0.096273661,500307,484629,1000614
[RESULT] 6,32,0,0.130284548,0.096043825,499961,484367,999922
[RESULT] 6,32,1,0.129141331,0.096063852,499961,484367,999922
[RESULT] 6,32,2,0.130279303,0.096073866,499961,484367,999922
[RESULT] 6,32,3,0.130362272,0.096058369,499961,484367,999922
[RESULT] 6,32,4,0.130462646,0.096066236,499961,484367,999922
[RESULT] 6,32,5,0.162270308,0.128074408,499961,484367,999922
[RESULT] 6,32,6,0.163396597,0.129103661,499961,484367,999922
[RESULT] 6,32,7,0.131630421,0.097372770,499961,484367,999922
[RESULT] 6,32,8,0.192219734,0.129903555,499961,484367,999922
[RESULT] 6,32,9,0.130310535,0.096067667,499961,484367,999922
[RESULT] 8,32,0,0.161823273,0.127085209,500107,484529,1000214
[RESULT] 8,32,1,0.162761450,0.128087282,500107,484529,1000214
[RESULT] 8,32,2,0.162980318,0.128092289,500107,484529,1000214
[RESULT] 8,32,3,0.165951729,0.131079435,500107,484529,1000214
[RESULT] 8,32,4,0.162851334,0.128088236,500107,484529,1000214
[RESULT] 8,32,5,0.194718838,0.160082817,500107,484529,1000214
[RESULT] 8,32,6,0.194979191,0.160197020,500107,484529,1000214
[RESULT] 8,32,7,0.163717031,0.129084587,500107,484529,1000214
[RESULT] 8,32,8,0.197975874,0.160151720,500107,484529,1000214
[RESULT] 8,32,9,0.162880659,0.128080606,500107,484529,1000214
[RESULT] 1,32,0,0.193793297,0.160080194,499877,484348,999754
[RESULT] 1,32,1,0.193844795,0.160082102,499877,484348,999754
[RESULT] 1,32,2,0.163846493,0.130172014,499877,484348,999754
[RESULT] 1,32,3,0.193841219,0.160067558,499877,484348,999754
[RESULT] 1,32,4,0.193913460,0.160069227,499877,484348,999754
[RESULT] 1,32,5,0.193762302,0.160057545,499877,484348,999754
[RESULT] 1,32,6,0.194252014,0.160336494,499877,484348,999754
[RESULT] 1,32,7,0.191914082,0.158402205,499877,484348,999754
[RESULT] 1,32,8,0.225465059,0.191656828,499877,484348,999754
[RESULT] 1,32,9,0.193168402,0.159401655,499877,484348,999754
[RESULT] 30,32,0,0.130506516,0.096275806,500074,484471,1000148
[RESULT] 30,32,1,0.129174948,0.096165895,500074,484471,1000148
[RESULT] 30,32,2,0.098898888,0.064679623,500074,484471,1000148
[RESULT] 30,32,3,0.130686045,0.096320391,500074,484471,1000148
[RESULT] 30,32,4,0.130688190,0.096251249,500074,484471,1000148
[RESULT] 30,32,5,0.162444830,0.128267765,500074,484471,1000148
[RESULT] 30,32,6,0.162604094,0.128385067,500074,484471,1000148
[RESULT] 30,32,7,0.130553961,0.096293449,500074,484471,1000148
[RESULT] 30,32,8,0.162317753,0.128071070,500074,484471,1000148
[RESULT] 30,32,9,0.130537510,0.096219301,500074,484471,1000148
[RESULT] 4,32,0,0.161354542,0.098779917,499887,484380,999774
[RESULT] 4,32,1,0.161659241,0.098607302,499887,484380,999774
[RESULT] 4,32,2,0.131131172,0.096231937,499887,484380,999774
[RESULT] 4,32,3,0.149872303,0.115167379,499887,484380,999774
[RESULT] 4,32,4,0.162836075,0.128173113,499887,484380,999774
[RESULT] 4,32,5,0.194720507,0.160221100,499887,484380,999774
[RESULT] 4,32,6,0.194673300,0.160158396,499887,484380,999774
[RESULT] 4,32,7,0.194543123,0.131419182,499887,484380,999774
[RESULT] 4,32,8,0.197784424,0.160097837,499887,484380,999774
[RESULT] 4,32,9,0.163043022,0.128278971,499887,484380,999774
[RESULT] 25,32,0,0.257388830,0.195898771,500163,484658,1000326
[RESULT] 25,32,1,0.161796331,0.128161669,500163,484658,1000326
[RESULT] 25,32,2,0.129918337,0.096390724,500163,484658,1000326
[RESULT] 25,32,3,0.161906481,0.128083944,500163,484658,1000326
[RESULT] 25,32,4,0.161834240,0.128084898,500163,484658,1000326
[RESULT] 25,32,5,0.131190538,0.097511292,500163,484658,1000326
[RESULT] 25,32,6,0.162083626,0.128214598,500163,484658,1000326
[RESULT] 25,32,7,0.161736965,0.128073454,500163,484658,1000326
[RESULT] 25,32,8,0.193426847,0.131588459,500163,484658,1000326
[RESULT] 25,32,9,0.161885262,0.128080368,500163,484658,1000326
[RESULT] 2,32,0,0.162216663,0.128079891,499748,484108,999496
[RESULT] 2,32,1,0.161024570,0.128091812,499748,484108,999496
[RESULT] 2,32,2,0.130563498,0.096257448,499748,484108,999496
[RESULT] 2,32,3,0.162603617,0.128238440,499748,484108,999496
[RESULT] 2,32,4,0.162510872,0.128238440,499748,484108,999496
[RESULT] 2,32,5,0.163521290,0.129181385,499748,484108,999496
[RESULT] 2,32,6,0.194394112,0.160215616,499748,484108,999496
[RESULT] 2,32,7,0.162509441,0.128222942,499748,484108,999496
[RESULT] 2,32,8,0.193338156,0.130748272,499748,484108,999496
[RESULT] 2,32,9,0.162674189,0.128270864,499748,484108,999496
[RESULT] 28,32,0,0.129797220,0.095180273,500038,484376,1000076
[RESULT] 28,32,1,0.130653858,0.096166611,500038,484376,1000076
[RESULT] 28,32,2,0.130823612,0.096137762,500038,484376,1000076
[RESULT] 28,32,3,0.134031534,0.099283695,500038,484376,1000076
[RESULT] 28,32,4,0.130814791,0.096232176,500038,484376,1000076
[RESULT] 28,32,5,0.130780220,0.096182823,500038,484376,1000076
[RESULT] 28,32,6,0.162964106,0.128362656,500038,484376,1000076
[RESULT] 28,32,7,0.131847858,0.097177029,500038,484376,1000076
[RESULT] 28,32,8,0.161907911,0.128194332,500038,484376,1000076
[RESULT] 28,32,9,0.162853241,0.128222466,500038,484376,1000076
[RESULT] 29,32,0,0.160598040,0.098716736,499921,484302,999842
[RESULT] 29,32,1,0.131386518,0.097641468,499921,484302,999842
[RESULT] 29,32,2,0.129996538,0.096230507,499921,484302,999842
[RESULT] 29,32,3,0.162089825,0.128209591,499921,484302,999842
[RESULT] 29,32,4,0.162168503,0.128359318,499921,484302,999842
[RESULT] 29,32,5,0.129844904,0.096383333,499921,484302,999842
[RESULT] 29,32,6,0.162126541,0.128218174,499921,484302,999842
[RESULT] 29,32,7,0.162038088,0.128215551,499921,484302,999842
[RESULT] 29,32,8,0.161777735,0.128286600,499921,484302,999842
[RESULT] 29,32,9,0.162142754,0.128209352,499921,484302,999842
[RESULT] 10,32,0,0.160084486,0.097759485,499829,484498,999658
[RESULT] 10,32,1,0.131111145,0.096708298,499829,484498,999658
[RESULT] 10,32,2,0.130628347,0.096260786,499829,484498,999658
[RESULT] 10,32,3,0.162678957,0.128299713,499829,484498,999658
[RESULT] 10,32,4,0.162476063,0.128254175,499829,484498,999658
[RESULT] 10,32,5,0.162639618,0.128235817,499829,484498,999658
[RESULT] 10,32,6,0.194440842,0.160256386,499829,484498,999658
[RESULT] 10,32,7,0.162702084,0.128296137,499829,484498,999658
[RESULT] 10,32,8,0.162504435,0.128312349,499829,484498,999658
[RESULT] 10,32,9,0.162759542,0.128282309,499829,484498,999658
[RESULT] 0,32,0,0.161738873,0.127023935,500109,484522,1000218
[RESULT] 0,32,1,0.162652016,0.128047705,500109,484522,1000218
[RESULT] 0,32,2,0.162833691,0.128046513,500109,484522,1000218
[RESULT] 0,32,3,0.194012880,0.159058332,500109,484522,1000218
[RESULT] 0,32,4,0.194777250,0.160014391,500109,484522,1000218
[RESULT] 0,32,5,0.192896128,0.158170462,500109,484522,1000218
[RESULT] 0,32,6,0.226733685,0.192079544,500109,484522,1000218
[RESULT] 0,32,7,0.195827246,0.161062479,500109,484522,1000218
[RESULT] 0,32,8,0.193990946,0.160119772,500109,484522,1000218
[RESULT] 0,32,9,0.194826126,0.160063744,500109,484522,1000218

Benchmark Summary
Processes: 32
Iterations: 10
Matrix NNZ: 16000094
Total execution time: 6.225 seconds
[RESULT] 17,32,0,0.193531036,0.160006523,500225,484438,1000450
[RESULT] 17,32,1,0.161570549,0.128084660,500225,484438,1000450
[RESULT] 17,32,2,0.161870956,0.128106356,500225,484438,1000450
[RESULT] 17,32,3,0.193940639,0.160224199,500225,484438,1000450
[RESULT] 17,32,4,0.192571402,0.130820751,500225,484438,1000450
[RESULT] 17,32,5,0.161917925,0.128260612,500225,484438,1000450
[RESULT] 17,32,6,0.193761110,0.160091639,500225,484438,1000450
[RESULT] 17,32,7,0.193859816,0.160183668,500225,484438,1000450
[RESULT] 17,32,8,0.194231272,0.160612822,500225,484438,1000450
[RESULT] 17,32,9,0.193988085,0.160226822,500225,484438,1000450
[RESULT] 22,32,0,0.130411625,0.096116304,499895,484280,999790
[RESULT] 22,32,1,0.130275249,0.096112967,499895,484280,999790
[RESULT] 22,32,2,0.098691225,0.064362764,499895,484280,999790
[RESULT] 22,32,3,0.130479097,0.096271753,499895,484280,999790
[RESULT] 22,32,4,0.128335238,0.065996885,499895,484280,999790
[RESULT] 22,32,5,0.130572796,0.096244812,499895,484280,999790
[RESULT] 22,32,6,0.162470818,0.128304005,499895,484280,999790
[RESULT] 22,32,7,0.130588055,0.096283913,499895,484280,999790
[RESULT] 22,32,8,0.130415440,0.096306324,499895,484280,999790
[RESULT] 22,32,9,0.130613804,0.096261024,499895,484280,999790
[RESULT] 16,32,0,0.161942482,0.127117634,499904,484198,999808
[RESULT] 16,32,1,0.158703089,0.124080181,499904,484198,999808
[RESULT] 16,32,2,0.167006969,0.132181168,499904,484198,999808
[RESULT] 16,32,3,0.193604231,0.159027576,499904,484198,999808
[RESULT] 16,32,4,0.162814379,0.128089190,499904,484198,999808
[RESULT] 16,32,5,0.194729328,0.160089970,499904,484198,999808
[RESULT] 16,32,6,0.195344925,0.160674810,499904,484198,999808
[RESULT] 16,32,7,0.191752911,0.157084942,499904,484198,999808
[RESULT] 16,32,8,0.194087744,0.160414696,499904,484198,999808
[RESULT] 16,32,9,0.194788933,0.160091162,499904,484198,999808
[RESULT] 5,32,0,0.161672115,0.128067970,500177,484571,1000354
[RESULT] 5,32,1,0.161850452,0.128072977,500177,484571,1000354
[RESULT] 5,32,2,0.161874771,0.128078222,500177,484571,1000354
[RESULT] 5,32,3,0.193719864,0.160084486,500177,484571,1000354
[RESULT] 5,32,4,0.161399126,0.128081083,500177,484571,1000354
[RESULT] 5,32,5,0.161952972,0.128074169,500177,484571,1000354
[RESULT] 5,32,6,0.163525581,0.129689217,500177,484571,1000354
[RESULT] 5,32,7,0.193806171,0.160081148,500177,484571,1000354
[RESULT] 5,32,8,0.194349051,0.160620928,500177,484571,1000354
[RESULT] 5,32,9,0.193745136,0.160087824,500177,484571,1000354
[RESULT] 18,32,0,0.134375572,0.100065470,500038,484163,1000076
[RESULT] 18,32,1,0.130449533,0.096138477,500038,484163,1000076
[RESULT] 18,32,2,0.130617380,0.096251965,500038,484163,1000076
[RESULT] 18,32,3,0.162494421,0.128250599,500038,484163,1000076
[RESULT] 18,32,4,0.130617619,0.096282959,500038,484163,1000076
[RESULT] 18,32,5,0.162721634,0.128286362,500038,484163,1000076
[RESULT] 18,32,6,0.163174868,0.128790855,500038,484163,1000076
[RESULT] 18,32,7,0.162682533,0.128293991,500038,484163,1000076
[RESULT] 18,32,8,0.162580490,0.128291607,500038,484163,1000076
[RESULT] 18,32,9,0.162553549,0.128235340,500038,484163,1000076
[RESULT] 20,32,0,0.161674500,0.127090693,499847,484274,999694
[RESULT] 20,32,1,0.162623405,0.128107548,499847,484274,999694
[RESULT] 20,32,2,0.160721302,0.097607136,499847,484274,999694
[RESULT] 20,32,3,0.165791273,0.131078720,499847,484274,999694
[RESULT] 20,32,4,0.162750959,0.128094196,499847,484274,999694
[RESULT] 20,32,5,0.192420959,0.129530907,499847,484274,999694
[RESULT] 20,32,6,0.194909096,0.160143614,499847,484274,999694
[RESULT] 20,32,7,0.163522720,0.129076481,499847,484274,999694
[RESULT] 20,32,8,0.178187132,0.131816864,499847,484274,999694
[RESULT] 20,32,9,0.193577766,0.130452633,499847,484274,999694
[RESULT] 31,32,0,0.101300478,0.096282244,499871,484170,999742
[RESULT] 31,32,1,0.093065500,0.088245630,499871,484170,999742
[RESULT] 31,32,2,0.093099117,0.088248968,499871,484170,999742
[RESULT] 31,32,3,0.093180180,0.088263988,499871,484170,999742
[RESULT] 31,32,4,0.093119860,0.088247299,499871,484170,999742
[RESULT] 31,32,5,0.093187094,0.088257074,499871,484170,999742
[RESULT] 31,32,6,0.181496859,0.176026583,499871,484170,999742
[RESULT] 31,32,7,0.092102528,0.087201118,499871,484170,999742
[RESULT] 31,32,8,0.181456327,0.176007748,499871,484170,999742
[RESULT] 31,32,9,0.093176842,0.088256598,499871,484170,999742
[RESULT] 15,32,0,0.178462982,0.173033953,499809,484245,999618
[RESULT] 15,32,1,0.181385040,0.176044941,499809,484245,999618
[RESULT] 15,32,2,0.181443930,0.176054955,499809,484245,999618
[RESULT] 15,32,3,0.181452751,0.176046848,499809,484245,999618
[RESULT] 15,32,4,0.181458235,0.176043510,499809,484245,999618
[RESULT] 15,32,5,0.181449890,0.176043510,499809,484245,999618
[RESULT] 15,32,6,0.093156576,0.088233948,499809,484245,999618
[RESULT] 15,32,7,0.180474520,0.175051212,499809,484245,999618
[RESULT] 15,32,8,0.093153477,0.088231564,499809,484245,999618
[RESULT] 15,32,9,0.174533606,0.169054270,499809,484245,999618
[RESULT] 27,32,0,0.189567089,0.184012890,499987,484445,999974
[RESULT] 27,32,1,0.192579746,0.187024117,499987,484445,999974
[RESULT] 27,32,2,0.189613104,0.184024572,499987,484445,999974
[RESULT] 27,32,3,0.181608438,0.176024675,499987,484445,999974
[RESULT] 27,32,4,0.181581974,0.176000595,499987,484445,999974
[RESULT] 27,32,5,0.192579269,0.187018394,499987,484445,999974
[RESULT] 27,32,6,0.181599140,0.176061630,499987,484445,999974
[RESULT] 27,32,7,0.191615343,0.186033964,499987,484445,999974
[RESULT] 27,32,8,0.170592308,0.165052891,499987,484445,999974
[RESULT] 27,32,9,0.141701698,0.136136770,499987,484445,999974
[RESULT] 3,32,0,0.277544022,0.272047520,499898,484190,999796
[RESULT] 3,32,1,0.269503593,0.264039993,499898,484190,999796
[RESULT] 3,32,2,0.269561052,0.264042139,499898,484190,999796
[RESULT] 3,32,3,0.269500494,0.264043331,499898,484190,999796
[RESULT] 3,32,4,0.269507170,0.264041185,499898,484190,999796
[RESULT] 3,32,5,0.269519567,0.264046192,499898,484190,999796
[RESULT] 3,32,6,0.269458532,0.264081001,499898,484190,999796
[RESULT] 3,32,7,0.268489838,0.263020515,499898,484190,999796
[RESULT] 3,32,8,0.269468069,0.264059067,499898,484190,999796
[RESULT] 3,32,9,0.273554325,0.268022537,499898,484190,999796
[RESULT] 23,32,0,0.200612783,0.195055962,499931,484399,999862
[RESULT] 23,32,1,0.181529522,0.176026344,499931,484399,999862
[RESULT] 23,32,2,0.181548595,0.176015139,499931,484399,999862
[RESULT] 23,32,3,0.181629658,0.176045656,499931,484399,999862
[RESULT] 23,32,4,0.181604862,0.176044703,499931,484399,999862
[RESULT] 23,32,5,0.181569815,0.176029682,499931,484399,999862
[RESULT] 23,32,6,0.181576490,0.176068306,499931,484399,999862
[RESULT] 23,32,7,0.180592775,0.175040483,499931,484399,999862
[RESULT] 23,32,8,0.181565285,0.176069260,499931,484399,999862
[RESULT] 23,32,9,0.185609579,0.180041790,499931,484399,999862
[RESULT] 7,32,0,0.277500391,0.272005320,500058,484465,1000116
[RESULT] 7,32,1,0.269386292,0.264029741,500058,484465,1000116
[RESULT] 7,32,2,0.266505718,0.261011124,500058,484465,1000116
[RESULT] 7,32,3,0.269491196,0.264009714,500058,484465,1000116
[RESULT] 7,32,4,0.258497238,0.252998114,500058,484465,1000116
[RESULT] 7,32,5,0.269555569,0.264051676,500058,484465,1000116
[RESULT] 7,32,6,0.269552708,0.264083385,500058,484465,1000116
[RESULT] 7,32,7,0.268543720,0.263041973,500058,484465,1000116
[RESULT] 7,32,8,0.269555092,0.264070988,500058,484465,1000116
[RESULT] 7,32,9,0.273541927,0.268043041,500058,484465,1000116
[RESULT] 11,32,0,0.277507782,0.272019148,500017,484400,1000034
[RESULT] 11,32,1,0.258466959,0.253046989,500017,484400,1000034
[RESULT] 11,32,2,0.266518831,0.261044979,500017,484400,1000034
[RESULT] 11,32,3,0.269526720,0.264052868,500017,484400,1000034
[RESULT] 11,32,4,0.280511618,0.275018215,500017,484400,1000034
[RESULT] 11,32,5,0.258497477,0.253042221,500017,484400,1000034
[RESULT] 11,32,6,0.269484043,0.264013767,500017,484400,1000034
[RESULT] 11,32,7,0.268513680,0.263041258,500017,484400,1000034
[RESULT] 11,32,8,0.192476749,0.187058210,500017,484400,1000034
[RESULT] 11,32,9,0.262515068,0.257026196,500017,484400,1000034
[RESULT] 19,32,0,0.277521133,0.272018909,500070,484541,1000140
[RESULT] 19,32,1,0.269560575,0.264014006,500070,484541,1000140
[RESULT] 19,32,2,0.266575098,0.261027575,500070,484541,1000140
[RESULT] 19,32,3,0.269527674,0.264019728,500070,484541,1000140
[RESULT] 19,32,4,0.280585527,0.275022507,500070,484541,1000140
[RESULT] 19,32,5,0.269554138,0.264018059,500070,484541,1000140
[RESULT] 19,32,6,0.269565582,0.264040709,500070,484541,1000140
[RESULT] 19,32,7,0.268560886,0.263017178,500070,484541,1000140
[RESULT] 19,32,8,0.269593239,0.264041424,500070,484541,1000140
[RESULT] 19,32,9,0.262567282,0.257010460,500070,484541,1000140
