Synthetic Matrix (Weak Scaling): Rows/proc=10000 | Total rows=320000 | NNZ/row=~50 | Procs=32
Matrix distributed and converted to CSR
Ghost columns identified: 484522 total ghost values needed
Local vector initialized (size=10000 per process)
[RESULT] 20,32,0,0.027747869,0.022743464,499847,484274,999694
[RESULT] 20,32,1,0.026613951,0.021739006,499847,484274,999694
[RESULT] 20,32,2,0.025646925,0.021368980,499847,484274,999694
[RESULT] 20,32,3,0.026483059,0.021460533,499847,484274,999694
[RESULT] 20,32,4,0.026491404,0.021649599,499847,484274,999694
[RESULT] 20,32,5,0.025956154,0.021613836,499847,484274,999694
[RESULT] 20,32,6,0.026194811,0.021304846,499847,484274,999694
[RESULT] 20,32,7,0.026156664,0.021273136,499847,484274,999694
[RESULT] 20,32,8,0.025914669,0.021565199,499847,484274,999694
[RESULT] 20,32,9,0.026009560,0.021745682,499847,484274,999694
[RESULT] 24,32,0,0.028267860,0.022800207,499933,484137,999866
[RESULT] 24,32,1,0.026957035,0.021449327,499933,484137,999866
[RESULT] 24,32,2,0.026405334,0.021322966,499933,484137,999866
[RESULT] 24,32,3,0.026950121,0.021433592,499933,484137,999866
[RESULT] 24,32,4,0.026382923,0.021017790,499933,484137,999866
[RESULT] 24,32,5,0.026180983,0.021020174,499933,484137,999866
[RESULT] 24,32,6,0.026495695,0.021002531,499933,484137,999866
[RESULT] 24,32,7,0.026360273,0.020930529,499933,484137,999866
[RESULT] 24,32,8,0.026289463,0.021121979,499933,484137,999866
[RESULT] 24,32,9,0.026381731,0.021234274,499933,484137,999866
[RESULT] 5,32,0,0.028042555,0.022480249,500177,484571,1000354
[RESULT] 5,32,1,0.027245760,0.021821976,500177,484571,1000354
[RESULT] 5,32,2,0.026640654,0.021278143,500177,484571,1000354
[RESULT] 5,32,3,0.026371717,0.021149158,500177,484571,1000354
[RESULT] 5,32,4,0.026979923,0.021474838,500177,484571,1000354
[RESULT] 5,32,5,0.026306391,0.021038294,500177,484571,1000354
[RESULT] 5,32,6,0.026259184,0.020909071,500177,484571,1000354
[RESULT] 5,32,7,0.026187420,0.020946741,500177,484571,1000354
[RESULT] 5,32,8,0.026607037,0.021160126,500177,484571,1000354
[RESULT] 5,32,9,0.026403666,0.021100998,500177,484571,1000354
[RESULT] 28,32,0,0.028832197,0.023403883,500038,484376,1000076
[RESULT] 28,32,1,0.026883125,0.021491766,500038,484376,1000076
[RESULT] 28,32,2,0.026737213,0.021707296,500038,484376,1000076
[RESULT] 28,32,3,0.027114630,0.021696329,500038,484376,1000076
[RESULT] 28,32,4,0.027102470,0.021764040,500038,484376,1000076
[RESULT] 28,32,5,0.026565552,0.021409988,500038,484376,1000076
[RESULT] 28,32,6,0.027030230,0.021544456,500038,484376,1000076
[RESULT] 28,32,7,0.026755810,0.021410465,500038,484376,1000076
[RESULT] 28,32,8,0.026576042,0.021489382,500038,484376,1000076
[RESULT] 28,32,9,0.026573896,0.021493912,500038,484376,1000076
[RESULT] 12,32,0,0.029568195,0.023962975,500307,484629,1000614
[RESULT] 12,32,1,0.027373552,0.021878242,500307,484629,1000614
[RESULT] 12,32,2,0.027141809,0.021966457,500307,484629,1000614
[RESULT] 12,32,3,0.027456045,0.021920681,500307,484629,1000614
[RESULT] 12,32,4,0.027321815,0.021867990,500307,484629,1000614
[RESULT] 12,32,5,0.026904821,0.021596193,500307,484629,1000614
[RESULT] 12,32,6,0.027194500,0.021587133,500307,484629,1000614
[RESULT] 12,32,7,0.026981831,0.021501541,500307,484629,1000614
[RESULT] 12,32,8,0.027010918,0.021766424,500307,484629,1000614
[RESULT] 12,32,9,0.026695013,0.021505833,500307,484629,1000614
[RESULT] 16,32,0,0.028834343,0.023251534,499904,484198,999808
[RESULT] 16,32,1,0.027017355,0.021589279,499904,484198,999808
[RESULT] 16,32,2,0.027179480,0.021601915,499904,484198,999808
[RESULT] 16,32,3,0.027338028,0.021528244,499904,484198,999808
[RESULT] 16,32,4,0.027001619,0.021366358,499904,484198,999808
[RESULT] 16,32,5,0.026985407,0.021348476,499904,484198,999808
[RESULT] 16,32,6,0.027144670,0.021316528,499904,484198,999808
[RESULT] 16,32,7,0.027166367,0.021453857,499904,484198,999808
[RESULT] 1,32,0,0.028640509,0.022918940,499877,484348,999754
[RESULT] 1,32,1,0.027897835,0.022313356,499877,484348,999754
[RESULT] 1,32,2,0.027395964,0.021794319,499877,484348,999754
[RESULT] 1,32,3,0.026880026,0.021473169,499877,484348,999754
[RESULT] 1,32,4,0.027090549,0.021532059,499877,484348,999754
[RESULT] 1,32,5,0.026755571,0.021325827,499877,484348,999754
[RESULT] 1,32,6,0.026962280,0.021395445,499877,484348,999754
[RESULT] 1,32,7,0.027076483,0.021538019,499877,484348,999754
[RESULT] 16,32,8,0.026770353,0.021400213,499904,484198,999808
[RESULT] 16,32,9,0.026914358,0.021365643,499904,484198,999808
[RESULT] 1,32,8,0.027089119,0.021511078,499877,484348,999754
[RESULT] 1,32,9,0.027015686,0.021530151,499877,484348,999754
[RESULT] 13,32,0,0.028470516,0.022645235,499794,484204,999588
[RESULT] 13,32,1,0.027676821,0.022008419,499794,484204,999588
[RESULT] 13,32,2,0.027618647,0.021865845,499794,484204,999588
[RESULT] 13,32,3,0.027411461,0.021765232,499794,484204,999588
[RESULT] 13,32,4,0.027302504,0.021580219,499794,484204,999588
[RESULT] 13,32,5,0.027193546,0.021544933,499794,484204,999588
[RESULT] 13,32,6,0.027265549,0.021527290,499794,484204,999588
[RESULT] 13,32,7,0.027189970,0.021556854,499794,484204,999588
[RESULT] 13,32,8,0.027276754,0.021542072,499794,484204,999588
[RESULT] 13,32,9,0.027205229,0.021593809,499794,484204,999588
[RESULT] 17,32,0,0.028407097,0.022602558,500225,484438,1000450
[RESULT] 17,32,1,0.027484655,0.021897554,500225,484438,1000450
[RESULT] 17,32,2,0.027059555,0.021461964,500225,484438,1000450
[RESULT] 17,32,3,0.027209520,0.021623373,500225,484438,1000450
[RESULT] 17,32,4,0.027206182,0.021533728,500225,484438,1000450
[RESULT] 17,32,5,0.027301311,0.021656275,500225,484438,1000450
[RESULT] 17,32,6,0.027305126,0.021628857,500225,484438,1000450
[RESULT] 17,32,7,0.027024269,0.021479368,500225,484438,1000450
[RESULT] 17,32,8,0.027316570,0.021594524,500225,484438,1000450
[RESULT] 17,32,9,0.027263403,0.021654844,500225,484438,1000450
[RESULT] 29,32,0,0.029571056,0.023710251,499921,484302,999842
[RESULT] 29,32,1,0.027499199,0.021957874,499921,484302,999842
[RESULT] 29,32,2,0.027442455,0.021775961,499921,484302,999842
[RESULT] 29,32,3,0.027531624,0.021893978,499921,484302,999842
[RESULT] 29,32,4,0.027621984,0.021918535,499921,484302,999842
[RESULT] 29,32,5,0.027350664,0.021730661,499921,484302,999842
[RESULT] 29,32,6,0.027520180,0.021768808,499921,484302,999842
[RESULT] 29,32,7,0.027153015,0.021579027,499921,484302,999842
[RESULT] 29,32,8,0.027278900,0.021576643,499921,484302,999842
[RESULT] 29,32,9,0.027266979,0.021671772,499921,484302,999842
[RESULT] 4,32,0,0.029324532,0.023600817,499887,484380,999774
[RESULT] 4,32,1,0.027442694,0.021866083,499887,484380,999774
[RESULT] 4,32,2,0.027572155,0.021828413,499887,484380,999774
[RESULT] 8,32,0,0.029649973,0.023926973,500107,484529,1000214
[RESULT] 8,32,1,0.027296782,0.021811724,500107,484529,1000214
[RESULT] 8,32,2,0.027471304,0.021799326,500107,484529,1000214
[RESULT] 8,32,3,0.027728558,0.021836042,500107,484529,1000214
[RESULT] 8,32,4,0.027295351,0.021601677,500107,484529,1000214
[RESULT] 8,32,5,0.026935816,0.021284342,500107,484529,1000214
[RESULT] 8,32,6,0.027386189,0.021479130,500107,484529,1000214
[RESULT] 8,32,7,0.027458191,0.021700144,500107,484529,1000214
[RESULT] 8,32,8,0.026839256,0.021409750,500107,484529,1000214
[RESULT] 4,32,3,0.027812719,0.021842480,499887,484380,999774
[RESULT] 4,32,4,0.027640343,0.021794796,499887,484380,999774
[RESULT] 4,32,5,0.027498007,0.021694422,499887,484380,999774
[RESULT] 4,32,6,0.027631044,0.021607161,499887,484380,999774
[RESULT] 4,32,7,0.027460098,0.021594286,499887,484380,999774
[RESULT] 4,32,8,0.027022839,0.021500826,499887,484380,999774
[RESULT] 4,32,9,0.027329922,0.021600962,499887,484380,999774
[RESULT] 8,32,9,0.027327299,0.021676064,500107,484529,1000214
[RESULT] 0,32,0,0.029649496,0.023864746,500109,484522,1000218
[RESULT] 0,32,1,0.028016567,0.022453308,500109,484522,1000218
[RESULT] 0,32,2,0.028295517,0.022487164,500109,484522,1000218
[RESULT] 0,32,3,0.028219461,0.022214413,500109,484522,1000218
[RESULT] 0,32,4,0.027836561,0.021981239,500109,484522,1000218
[RESULT] 0,32,5,0.027307034,0.021562099,500109,484522,1000218
[RESULT] 0,32,6,0.027744293,0.021723270,500109,484522,1000218
[RESULT] 0,32,7,0.027667046,0.021817684,500109,484522,1000218
[RESULT] 26,32,0,0.029712915,0.022915125,500146,484514,1000292
[RESULT] 26,32,1,0.028599977,0.021382093,500146,484514,1000292
[RESULT] 26,32,2,0.028885841,0.021930933,500146,484514,1000292
[RESULT] 26,32,3,0.028079987,0.021551847,500146,484514,1000292
[RESULT] 26,32,4,0.028252125,0.021634579,500146,484514,1000292
[RESULT] 26,32,5,0.028214455,0.021587610,500146,484514,1000292
[RESULT] 26,32,6,0.027918577,0.021334648,500146,484514,1000292
[RESULT] 26,32,7,0.027643204,0.021233320,500146,484514,1000292
[RESULT] 26,32,8,0.027584314,0.021266937,500146,484514,1000292
[RESULT] 26,32,9,0.027599096,0.021430016,500146,484514,1000292
[RESULT] 0,32,8,0.027511120,0.021926880,500109,484522,1000218
[RESULT] 0,32,9,0.027592659,0.021847963,500109,484522,1000218

Benchmark Summary
Processes: 32
Iterations: 10
Matrix NNZ: 16000094
Total execution time: 0.404 seconds
[RESULT] 6,32,0,0.031071901,0.024001598,499961,484367,999922
[RESULT] 6,32,1,0.029575109,0.022172213,499961,484367,999922
[RESULT] 10,32,0,0.030499697,0.023448229,499829,484498,999658
[RESULT] 10,32,1,0.029377222,0.021931648,499829,484498,999658
[RESULT] 10,32,2,0.028771877,0.021776438,499829,484498,999658
[RESULT] 10,32,3,0.028594255,0.021851063,499829,484498,999658
[RESULT] 10,32,4,0.028217554,0.021537542,499829,484498,999658
[RESULT] 10,32,5,0.028173685,0.021462202,499829,484498,999658
[RESULT] 30,32,0,0.030885935,0.023844004,500074,484471,1000148
[RESULT] 30,32,1,0.029522181,0.022110462,500074,484471,1000148
[RESULT] 30,32,2,0.029366732,0.022366285,500074,484471,1000148
[RESULT] 30,32,3,0.029189348,0.022425890,500074,484471,1000148
[RESULT] 30,32,4,0.028929949,0.022205114,500074,484471,1000148
[RESULT] 30,32,5,0.028391838,0.021693945,500074,484471,1000148
[RESULT] 30,32,6,0.028317213,0.021633863,500074,484471,1000148
[RESULT] 6,32,2,0.029371500,0.022333622,499961,484367,999922
[RESULT] 6,32,3,0.029036999,0.022278309,499961,484367,999922
[RESULT] 6,32,4,0.028983355,0.022286892,499961,484367,999922
[RESULT] 6,32,5,0.028895378,0.022156000,499961,484367,999922
[RESULT] 6,32,6,0.029016733,0.022292137,499961,484367,999922
[RESULT] 6,32,7,0.028767109,0.022247076,499961,484367,999922
[RESULT] 6,32,8,0.027954340,0.021539927,499961,484367,999922
[RESULT] 6,32,9,0.027865648,0.021617889,499961,484367,999922
[RESULT] 10,32,6,0.028201342,0.021477938,499829,484498,999658
[RESULT] 10,32,7,0.027960777,0.021438837,499829,484498,999658
[RESULT] 10,32,8,0.027899504,0.021452427,499829,484498,999658
[RESULT] 10,32,9,0.027859926,0.021564245,499829,484498,999658
[RESULT] 30,32,7,0.028043509,0.021552086,500074,484471,1000148
[RESULT] 30,32,8,0.027771235,0.021406889,500074,484471,1000148
[RESULT] 30,32,9,0.027849913,0.021605968,500074,484471,1000148
[RESULT] 18,32,0,0.030880928,0.023718596,500038,484163,1000076
[RESULT] 18,32,1,0.029411316,0.021927834,500038,484163,1000076
[RESULT] 18,32,2,0.029234171,0.022118568,500038,484163,1000076
[RESULT] 18,32,3,0.029130697,0.022252560,500038,484163,1000076
[RESULT] 18,32,4,0.028459072,0.021734953,500038,484163,1000076
[RESULT] 18,32,5,0.028383493,0.021591425,500038,484163,1000076
[RESULT] 18,32,6,0.028460026,0.021660328,500038,484163,1000076
[RESULT] 18,32,7,0.028158903,0.021532536,500038,484163,1000076
[RESULT] 18,32,8,0.028033257,0.021493435,500038,484163,1000076
[RESULT] 18,32,9,0.028002977,0.021637678,500038,484163,1000076
[RESULT] 22,32,0,0.030822992,0.023817539,499895,484280,999790
[RESULT] 22,32,1,0.029541492,0.022158146,499895,484280,999790
[RESULT] 22,32,2,0.029055119,0.022072077,499895,484280,999790
[RESULT] 22,32,3,0.028786659,0.022125721,499895,484280,999790
[RESULT] 22,32,4,0.028655052,0.021986008,499895,484280,999790
[RESULT] 22,32,5,0.028715611,0.022036552,499895,484280,999790
[RESULT] 22,32,6,0.028321743,0.021669149,499895,484280,999790
[RESULT] 22,32,7,0.028039455,0.021569490,499895,484280,999790
[RESULT] 22,32,8,0.027990580,0.021609545,499895,484280,999790
[RESULT] 22,32,9,0.028578043,0.022290707,499895,484280,999790
[RESULT] 14,32,0,0.031110525,0.024021864,500214,484715,1000428
[RESULT] 14,32,1,0.029979229,0.022558689,500214,484715,1000428
[RESULT] 14,32,2,0.029633999,0.022580385,500214,484715,1000428
[RESULT] 14,32,3,0.029340029,0.022531271,500214,484715,1000428
[RESULT] 14,32,4,0.028959513,0.022200346,500214,484715,1000428
[RESULT] 14,32,5,0.028667688,0.021903992,500214,484715,1000428
[RESULT] 14,32,6,0.028909922,0.022135735,500214,484715,1000428
[RESULT] 14,32,7,0.028702259,0.022142649,500214,484715,1000428
[RESULT] 14,32,8,0.028600216,0.022093296,500214,484715,1000428
[RESULT] 14,32,9,0.028626204,0.022172451,500214,484715,1000428
[RESULT] 2,32,0,0.031116009,0.024027586,499748,484108,999496
[RESULT] 2,32,1,0.030008316,0.022539139,499748,484108,999496
[RESULT] 2,32,2,0.029699087,0.022583008,499748,484108,999496
[RESULT] 2,32,3,0.029360056,0.022502899,499748,484108,999496
[RESULT] 2,32,4,0.028805017,0.021996975,499748,484108,999496
[RESULT] 2,32,5,0.028984308,0.022165537,499748,484108,999496
[RESULT] 2,32,6,0.028821945,0.021987677,499748,484108,999496
[RESULT] 2,32,7,0.028573751,0.021925688,499748,484108,999496
[RESULT] 2,32,8,0.028517723,0.021946430,499748,484108,999496
[RESULT] 2,32,9,0.028652668,0.022163153,499748,484108,999496
[RESULT] 25,32,0,0.030872822,0.023570061,500163,484658,1000326
[RESULT] 25,32,1,0.029132843,0.022076845,500163,484658,1000326
[RESULT] 25,32,2,0.029005051,0.021883726,500163,484658,1000326
[RESULT] 25,32,3,0.029039145,0.021939993,500163,484658,1000326
[RESULT] 25,32,4,0.029195309,0.022056341,500163,484658,1000326
[RESULT] 25,32,5,0.028827667,0.021752119,500163,484658,1000326
[RESULT] 25,32,6,0.028872252,0.021701813,500163,484658,1000326
[RESULT] 25,32,7,0.028698206,0.021625996,500163,484658,1000326
[RESULT] 25,32,8,0.028708458,0.021595716,500163,484658,1000326
[RESULT] 25,32,9,0.028715849,0.021671295,500163,484658,1000326
[RESULT] 21,32,0,0.030502081,0.022569895,500015,484361,1000030
[RESULT] 21,32,1,0.029522657,0.021844387,500015,484361,1000030
[RESULT] 21,32,2,0.030047894,0.021579027,500015,484361,1000030
[RESULT] 21,32,3,0.027985811,0.021379471,500015,484361,1000030
[RESULT] 21,32,4,0.029654503,0.021371603,500015,484361,1000030
[RESULT] 21,32,5,0.029233217,0.021484613,500015,484361,1000030
[RESULT] 21,32,6,0.029961109,0.021651745,500015,484361,1000030
[RESULT] 21,32,7,0.027837753,0.021356344,500015,484361,1000030
[RESULT] 21,32,8,0.029780626,0.021483660,500015,484361,1000030
[RESULT] 21,32,9,0.028776169,0.021580219,500015,484361,1000030
[RESULT] 7,32,0,0.031206608,0.024004698,500058,484465,1000116
[RESULT] 7,32,1,0.029833317,0.022709131,500058,484465,1000116
[RESULT] 7,32,2,0.029565811,0.022489309,500058,484465,1000116
[RESULT] 7,32,3,0.029636621,0.022491693,500058,484465,1000116
[RESULT] 7,32,4,0.029449224,0.022322416,500058,484465,1000116
[RESULT] 7,32,5,0.029409885,0.022272587,500058,484465,1000116
[RESULT] 7,32,6,0.029521942,0.022345304,500058,484465,1000116
[RESULT] 7,32,7,0.029370070,0.022193432,500058,484465,1000116
[RESULT] 7,32,8,0.029484510,0.022355318,500058,484465,1000116
[RESULT] 7,32,9,0.028889418,0.022142410,500058,484465,1000116
[RESULT] 11,32,0,0.030696869,0.023700237,500017,484400,1000034
[RESULT] 11,32,1,0.029474258,0.022469282,500017,484400,1000034
[RESULT] 11,32,2,0.029462576,0.022532463,500017,484400,1000034
[RESULT] 11,32,3,0.029410839,0.022441864,500017,484400,1000034
[RESULT] 11,32,4,0.029246330,0.022256613,500017,484400,1000034
[RESULT] 11,32,5,0.029266834,0.022305489,500017,484400,1000034
[RESULT] 11,32,6,0.029373646,0.022401333,500017,484400,1000034
[RESULT] 11,32,7,0.029320002,0.022249699,500017,484400,1000034
[RESULT] 11,32,8,0.029456139,0.022492886,500017,484400,1000034
[RESULT] 11,32,9,0.028903484,0.022303104,500017,484400,1000034
[RESULT] 31,32,0,0.031271935,0.024005175,499871,484170,999742
[RESULT] 31,32,1,0.029864550,0.022627115,499871,484170,999742
[RESULT] 31,32,2,0.029749632,0.022580624,499871,484170,999742
[RESULT] 31,32,3,0.029676437,0.022499084,499871,484170,999742
[RESULT] 31,32,4,0.029561281,0.022324085,499871,484170,999742
[RESULT] 31,32,5,0.029542446,0.022339821,499871,484170,999742
[RESULT] 31,32,6,0.029671907,0.022416830,499871,484170,999742
[RESULT] 31,32,7,0.029584885,0.022294760,499871,484170,999742
[RESULT] 31,32,8,0.029624462,0.022380829,499871,484170,999742
[RESULT] 31,32,9,0.028877497,0.022242308,499871,484170,999742
[RESULT] 19,32,0,0.031085730,0.024011374,500070,484541,1000140
[RESULT] 19,32,1,0.029735088,0.022660017,500070,484541,1000140
[RESULT] 19,32,2,0.029555798,0.022591829,500070,484541,1000140
[RESULT] 19,32,3,0.029619217,0.022572756,500070,484541,1000140
[RESULT] 19,32,4,0.029378414,0.022344589,500070,484541,1000140
[RESULT] 19,32,5,0.029320717,0.022281170,500070,484541,1000140
[RESULT] 19,32,6,0.029450417,0.022409439,500070,484541,1000140
[RESULT] 19,32,7,0.029358149,0.022273302,500070,484541,1000140
[RESULT] 19,32,8,0.029421329,0.022398472,500070,484541,1000140
[RESULT] 19,32,9,0.028998613,0.022306919,500070,484541,1000140
[RESULT] 15,32,0,0.031249285,0.023858547,499809,484245,999618
[RESULT] 15,32,1,0.029894352,0.022569418,499809,484245,999618
[RESULT] 15,32,2,0.029799461,0.022538900,499809,484245,999618
[RESULT] 15,32,3,0.029667139,0.022372007,499809,484245,999618
[RESULT] 15,32,4,0.029626846,0.022297621,499809,484245,999618
[RESULT] 15,32,5,0.029606342,0.022302628,499809,484245,999618
[RESULT] 15,32,6,0.029829264,0.022473335,499809,484245,999618
[RESULT] 15,32,7,0.029805899,0.022396326,499809,484245,999618
[RESULT] 15,32,8,0.029543638,0.022202730,499809,484245,999618
[RESULT] 23,32,0,0.031117678,0.023926020,499931,484399,999862
[RESULT] 23,32,1,0.029514313,0.022353411,499931,484399,999862
[RESULT] 23,32,2,0.029360056,0.022300720,499931,484399,999862
[RESULT] 15,32,9,0.029097080,0.022139549,499809,484245,999618
[RESULT] 23,32,3,0.029493332,0.022289753,499931,484399,999862
[RESULT] 23,32,4,0.029459238,0.022303104,499931,484399,999862
[RESULT] 23,32,5,0.029425859,0.022239685,499931,484399,999862
[RESULT] 23,32,6,0.029515505,0.022332907,499931,484399,999862
[RESULT] 23,32,7,0.029568195,0.022382021,499931,484399,999862
[RESULT] 23,32,8,0.029474497,0.022341013,499931,484399,999862
[RESULT] 23,32,9,0.029098511,0.022300243,499931,484399,999862
[RESULT] 27,32,0,0.031065226,0.024023056,499987,484445,999974
[RESULT] 27,32,1,0.029739380,0.022657394,499987,484445,999974
[RESULT] 27,32,2,0.029596806,0.022598743,499987,484445,999974
[RESULT] 27,32,3,0.029612064,0.022535086,499987,484445,999974
[RESULT] 27,32,4,0.029351950,0.022353888,499987,484445,999974
[RESULT] 27,32,5,0.029418945,0.022353172,499987,484445,999974
[RESULT] 27,32,6,0.029490471,0.022429228,499987,484445,999974
[RESULT] 27,32,7,0.029415369,0.022301674,499987,484445,999974
[RESULT] 27,32,8,0.029416084,0.022393227,499987,484445,999974
[RESULT] 27,32,9,0.029088974,0.022301912,499987,484445,999974
[RESULT] 3,32,0,0.031359434,0.024091005,499898,484190,999796
[RESULT] 3,32,1,0.029820919,0.022622585,499898,484190,999796
[RESULT] 3,32,2,0.029746771,0.022583723,499898,484190,999796
[RESULT] 3,32,3,0.029789209,0.022541046,499898,484190,999796
[RESULT] 3,32,4,0.029660940,0.022443295,499898,484190,999796
[RESULT] 3,32,5,0.029523134,0.022358179,499898,484190,999796
[RESULT] 3,32,6,0.029627800,0.022425413,499898,484190,999796
[RESULT] 3,32,7,0.029602766,0.022298813,499898,484190,999796
[RESULT] 3,32,8,0.029614925,0.022416592,499898,484190,999796
[RESULT] 3,32,9,0.029222727,0.022327662,499898,484190,999796
[RESULT] 9,32,0,0.032347918,0.022569418,500244,484581,1000488
[RESULT] 9,32,1,0.032424212,0.021817207,500244,484581,1000488
[RESULT] 9,32,2,0.032367706,0.021554708,500244,484581,1000488
[RESULT] 9,32,3,0.032277584,0.021682501,500244,484581,1000488
[RESULT] 9,32,4,0.032240868,0.021592140,500244,484581,1000488
[RESULT] 9,32,5,0.032253027,0.021701097,500244,484581,1000488
[RESULT] 9,32,6,0.032250643,0.021494865,500244,484581,1000488
[RESULT] 9,32,7,0.032159567,0.021577120,500244,484581,1000488
[RESULT] 9,32,8,0.032121420,0.021398306,500244,484581,1000488
[RESULT] 9,32,9,0.032434225,0.021757841,500244,484581,1000488
