Synthetic Matrix (Weak Scaling): Rows/proc=10000 | Total rows=160000 | NNZ/row=~50 | Procs=16
Matrix distributed and converted to CSR
Ghost columns identified: 468852 total ghost values needed
Local vector initialized (size=10000 per process)
[RESULT] 12,16,0,0.192089558,0.128632307,500307,469078,1000614
[RESULT] 12,16,1,0.192081451,0.128554106,500307,469078,1000614
[RESULT] 12,16,2,0.255999088,0.128601313,500307,469078,1000614
[RESULT] 12,16,3,0.131707191,0.128614664,500307,469078,1000614
[RESULT] 12,16,4,0.131628036,0.128595352,500307,469078,1000614
[RESULT] 12,16,5,0.131794691,0.128609419,500307,469078,1000614
[RESULT] 12,16,6,0.131768942,0.128598690,500307,469078,1000614
[RESULT] 12,16,7,0.131764650,0.128602982,500307,469078,1000614
[RESULT] 12,16,8,0.131840467,0.128680468,500307,469078,1000614
[RESULT] 12,16,9,0.131826639,0.128675938,500307,469078,1000614
[RESULT] 8,16,0,0.258998156,0.192544937,500107,468851,1000214
[RESULT] 8,16,1,0.256081820,0.192480087,500107,468851,1000214
[RESULT] 8,16,2,0.256025791,0.192487001,500107,468851,1000214
[RESULT] 8,16,3,0.256041765,0.192488909,500107,468851,1000214
[RESULT] 8,16,4,0.256068707,0.192471266,500107,468851,1000214
[RESULT] 8,16,5,0.256086111,0.192498922,500107,468851,1000214
[RESULT] 8,16,6,0.256022692,0.192496061,500107,468851,1000214
[RESULT] 8,16,7,0.319999218,0.192506552,500107,468851,1000214
[RESULT] 8,16,8,0.319993973,0.192570210,500107,468851,1000214
[RESULT] 8,16,9,0.195815563,0.192552090,500107,468851,1000214
[RESULT] 0,16,0,0.320059538,0.256431580,500109,468852,1000218
[RESULT] 0,16,1,0.316040277,0.256381273,500109,468852,1000218
[RESULT] 0,16,2,0.320000410,0.256418705,500109,468852,1000218
[RESULT] 0,16,3,0.316039562,0.252437592,500109,468852,1000218
[RESULT] 0,16,4,0.320036650,0.256403685,500109,468852,1000218
[RESULT] 0,16,5,0.320084572,0.256433010,500109,468852,1000218
[RESULT] 0,16,6,0.320051908,0.256433249,500109,468852,1000218
[RESULT] 0,16,7,0.320014000,0.256428957,500109,468852,1000218
[RESULT] 0,16,8,0.321055889,0.257503510,500109,468852,1000218
[RESULT] 0,16,9,0.259854794,0.256567478,500109,468852,1000218

Benchmark Summary
Processes: 16
Iterations: 10
Matrix NNZ: 8000036
Total execution time: 5.834 seconds
[RESULT] 13,16,0,0.131399393,0.128364563,499794,468657,999588
[RESULT] 13,16,1,0.131225348,0.128343821,499794,468657,999588
[RESULT] 13,16,2,0.131203890,0.128349066,499794,468657,999588
[RESULT] 13,16,3,0.131199837,0.128351688,499794,468657,999588
[RESULT] 13,16,4,0.131063700,0.128339767,499794,468657,999588
[RESULT] 13,16,5,0.131232977,0.128353596,499794,468657,999588
[RESULT] 13,16,6,0.131201029,0.128355265,499794,468657,999588
[RESULT] 13,16,7,0.131235123,0.128348827,499794,468657,999588
[RESULT] 13,16,8,0.131276608,0.128396034,499794,468657,999588
[RESULT] 13,16,9,0.131260872,0.128393173,499794,468657,999588
[RESULT] 2,16,0,0.260040283,0.192266941,499748,468444,999496
[RESULT] 2,16,1,0.256032228,0.192180634,499748,468444,999496
[RESULT] 2,16,2,0.256052017,0.192185640,499748,468444,999496
[RESULT] 2,16,3,0.256021023,0.192174673,499748,468444,999496
[RESULT] 2,16,4,0.195908785,0.192178488,499748,468444,999496
[RESULT] 2,16,5,0.195066214,0.192195415,499748,468444,999496
[RESULT] 2,16,6,0.195047140,0.192192078,499748,468444,999496
[RESULT] 2,16,7,0.256039858,0.188198090,499748,468444,999496
[RESULT] 2,16,8,0.195724726,0.192327023,499748,468444,999496
[RESULT] 2,16,9,0.195741892,0.192321062,499748,468444,999496
[RESULT] 11,16,0,0.131200552,0.128077269,500017,468859,1000034
[RESULT] 11,16,1,0.130952835,0.128072977,500017,468859,1000034
[RESULT] 11,16,2,0.130929947,0.128080368,500017,468859,1000034
[RESULT] 11,16,3,0.130919695,0.128074646,500017,468859,1000034
[RESULT] 11,16,4,0.130804539,0.128067970,500017,468859,1000034
[RESULT] 11,16,5,0.130916119,0.128073215,500017,468859,1000034
[RESULT] 11,16,6,0.130931139,0.128073215,500017,468859,1000034
[RESULT] 11,16,7,0.130952120,0.128084183,500017,468859,1000034
[RESULT] 11,16,8,0.131014585,0.128146648,500017,468859,1000034
[RESULT] 11,16,9,0.131035566,0.128146410,500017,468859,1000034
[RESULT] 5,16,0,0.195225000,0.192071199,500177,468950,1000354
[RESULT] 5,16,1,0.195094109,0.192072630,500177,468950,1000354
[RESULT] 5,16,2,0.195172787,0.192070484,500177,468950,1000354
[RESULT] 5,16,3,0.195058823,0.192069292,500177,468950,1000354
[RESULT] 5,16,4,0.195137501,0.192074060,500177,468950,1000354
[RESULT] 5,16,5,0.195018291,0.192075253,500177,468950,1000354
[RESULT] 5,16,6,0.195166111,0.192074537,500177,468950,1000354
[RESULT] 5,16,7,0.195055962,0.192072868,500177,468950,1000354
[RESULT] 5,16,8,0.131082058,0.128081083,500177,468950,1000354
[RESULT] 5,16,9,0.130955935,0.128075361,500177,468950,1000354
[RESULT] 6,16,0,0.192038774,0.128381729,499961,468796,999922
[RESULT] 6,16,1,0.196034193,0.128371000,499961,468796,999922
[RESULT] 6,16,2,0.192036867,0.128371716,499961,468796,999922
[RESULT] 6,16,3,0.196023464,0.132351160,499961,468796,999922
[RESULT] 6,16,4,0.192064285,0.128331900,499961,468796,999922
[RESULT] 6,16,5,0.192018270,0.128340721,499961,468796,999922
[RESULT] 6,16,6,0.192083359,0.128350735,499961,468796,999922
[RESULT] 6,16,7,0.192070246,0.128339291,499961,468796,999922
[RESULT] 6,16,8,0.192034006,0.128393173,499961,468796,999922
[RESULT] 6,16,9,0.187988281,0.128476381,499961,468796,999922
[RESULT] 1,16,0,0.256099701,0.192431450,499877,468467,999754
[RESULT] 1,16,1,0.256088972,0.192396164,499877,468467,999754
[RESULT] 1,16,2,0.256059647,0.192396879,499877,468467,999754
[RESULT] 1,16,3,0.256056309,0.192403078,499877,468467,999754
[RESULT] 1,16,4,0.256014824,0.192386389,499877,468467,999754
[RESULT] 1,16,5,0.256085873,0.192430735,499877,468467,999754
[RESULT] 1,16,6,0.256053686,0.192413330,499877,468467,999754
[RESULT] 1,16,7,0.256056309,0.192415953,499877,468467,999754
[RESULT] 1,16,8,0.256085396,0.192519903,499877,468467,999754
[RESULT] 1,16,9,0.256097555,0.192497730,499877,468467,999754
[RESULT] 3,16,0,0.192000866,0.128301382,499898,468547,999796
[RESULT] 3,16,1,0.192053556,0.128278732,499898,468547,999796
[RESULT] 3,16,2,0.192031384,0.128277540,499898,468547,999796
[RESULT] 3,16,3,0.192002296,0.128280640,499898,468547,999796
[RESULT] 3,16,4,0.192062140,0.128258228,499898,468547,999796
[RESULT] 3,16,5,0.192074537,0.128275633,499898,468547,999796
[RESULT] 3,16,6,0.192096233,0.128279448,499898,468547,999796
[RESULT] 3,16,7,0.192081928,0.128279924,499898,468547,999796
[RESULT] 3,16,8,0.192074060,0.128326654,499898,468547,999796
[RESULT] 3,16,9,0.192046165,0.128320932,499898,468547,999796
[RESULT] 7,16,0,0.188059807,0.128255367,500058,468786,1000116
[RESULT] 7,16,1,0.192060709,0.128224611,500058,468786,1000116
[RESULT] 7,16,2,0.192026138,0.128227472,500058,468786,1000116
[RESULT] 7,16,3,0.192028284,0.128238201,500058,468786,1000116
[RESULT] 7,16,4,0.192050934,0.128215551,500058,468786,1000116
[RESULT] 7,16,5,0.192042589,0.128256083,500058,468786,1000116
[RESULT] 7,16,6,0.192057848,0.128239393,500058,468786,1000116
[RESULT] 7,16,7,0.192044020,0.132235765,500058,468786,1000116
[RESULT] 7,16,8,0.192053795,0.128301859,500058,468786,1000116
[RESULT] 7,16,9,0.188082933,0.128339529,500058,468786,1000116
[RESULT] 14,16,0,0.192042351,0.128145933,500214,469148,1000428
[RESULT] 14,16,1,0.191995859,0.128138542,500214,469148,1000428
[RESULT] 14,16,2,0.192026854,0.128141642,500214,469148,1000428
[RESULT] 14,16,3,0.192041397,0.128120422,500214,469148,1000428
[RESULT] 14,16,4,0.192033529,0.128124475,500214,469148,1000428
[RESULT] 14,16,5,0.192053556,0.128130674,500214,469148,1000428
[RESULT] 14,16,6,0.192047596,0.128130198,500214,469148,1000428
[RESULT] 14,16,7,0.192059278,0.128134727,500214,469148,1000428
[RESULT] 14,16,8,0.192052841,0.128177881,500214,469148,1000428
[RESULT] 14,16,9,0.192032814,0.128180742,500214,469148,1000428
[RESULT] 4,16,0,0.256061792,0.192221403,499887,468827,999774
[RESULT] 4,16,1,0.256030798,0.192206383,499887,468827,999774
[RESULT] 4,16,2,0.256009102,0.192218781,499887,468827,999774
[RESULT] 4,16,3,0.256030083,0.192214489,499887,468827,999774
[RESULT] 4,16,4,0.256015062,0.192209959,499887,468827,999774
[RESULT] 4,16,5,0.256060123,0.192215681,499887,468827,999774
[RESULT] 4,16,6,0.256020546,0.192210436,499887,468827,999774
[RESULT] 4,16,7,0.256064653,0.192218542,499887,468827,999774
[RESULT] 4,16,8,0.256019592,0.192079782,499887,468827,999774
[RESULT] 4,16,9,0.256019831,0.192061663,499887,468827,999774
[RESULT] 10,16,0,0.195344448,0.192077875,499829,468882,999658
[RESULT] 10,16,1,0.195085049,0.192080259,499829,468882,999658
[RESULT] 10,16,2,0.195207596,0.192085981,499829,468882,999658
[RESULT] 10,16,3,0.195068836,0.192077160,499829,468882,999658
[RESULT] 10,16,4,0.195146084,0.192080736,499829,468882,999658
[RESULT] 10,16,5,0.195064783,0.192075491,499829,468882,999658
[RESULT] 10,16,6,0.195277929,0.192083597,499829,468882,999658
[RESULT] 10,16,7,0.195086718,0.192082167,499829,468882,999658
[RESULT] 10,16,8,0.195468426,0.192076206,499829,468882,999658
[RESULT] 10,16,9,0.256014585,0.192075014,499829,468882,999658
[RESULT] 15,16,0,0.128048658,0.065814257,499809,468597,999618
[RESULT] 15,16,1,0.128071547,0.065794945,499809,468597,999618
[RESULT] 15,16,2,0.191987991,0.065789461,499809,468597,999618
[RESULT] 15,16,3,0.191984892,0.065795898,499809,468597,999618
[RESULT] 15,16,4,0.191997051,0.065688372,499809,468597,999618
[RESULT] 15,16,5,0.191992044,0.065764189,499809,468597,999618
[RESULT] 15,16,6,0.191989422,0.065785170,499809,468597,999618
[RESULT] 15,16,7,0.192606211,0.065805674,499809,468597,999618
[RESULT] 15,16,8,0.191996336,0.065780401,499809,468597,999618
[RESULT] 15,16,9,0.191988468,0.065819979,499809,468597,999618
[RESULT] 9,16,0,0.131728411,0.128473282,500244,468967,1000488
[RESULT] 9,16,1,0.131562471,0.128463984,500244,468967,1000488
[RESULT] 9,16,2,0.131552935,0.128455162,500244,468967,1000488
[RESULT] 9,16,3,0.131513357,0.128460646,500244,468967,1000488
[RESULT] 9,16,4,0.131475687,0.128432035,500244,468967,1000488
[RESULT] 9,16,5,0.131632805,0.128459454,500244,468967,1000488
[RESULT] 9,16,6,0.131613255,0.128460407,500244,468967,1000488
[RESULT] 9,16,7,0.192011595,0.128468752,500244,468967,1000488
[RESULT] 9,16,8,0.192025423,0.128543377,500244,468967,1000488
[RESULT] 9,16,9,0.255998373,0.128544331,500244,468967,1000488
